[nan-guard] command=python /scratch/jy03364/MeZO_/large_models/run.py --model_name opt-1.3b --task_name MNLI --output_dir /scratch/jy03364/MeZO_/experiments/h_sweep_14h/results/quzo16/opt-1.3b/mnli/h_1e-4/seed_42 --overwrite_output_dir --tag hsweep14h-quzo16-mnli-h1e-4-seed42 --dataset_mode full --num_k 16 --data_seed 42 --train_set_seed 42 --num_dev 0 --trainer zo --load_float16 --zo_quantization_bits 16 --train_as_classification --learning_rate 1e-6 --zo_eps 1e-4 --num_train_epochs 1 --per_device_train_batch_size 16 --gradient_accumulation_steps 1 --lr_scheduler_type constant --evaluation_strategy steps --save_strategy no --eval_steps 5000 --logging_steps 10 --zo_probe_every 200 --zo_probe_num_seeds 16 --zo_probe_log_csv
[nan-guard] cwd=/scratch/jy03364/MeZO_/experiments/h_sweep_14h max_consecutive_nan=100
OurArguments(
_n_gpu=1,
adafactor=False,
adam_beta1=0.9,
adam_beta2=0.999,
adam_epsilon=1e-08,
auto_find_batch_size=False,
bf16=False,
bf16_full_eval=False,
data_seed=42,
dataloader_drop_last=False,
dataloader_num_workers=0,
dataloader_pin_memory=True,
dataset_mode=full,
ddp_backend=None,
ddp_broadcast_buffers=None,
ddp_bucket_cap_mb=None,
ddp_find_unused_parameters=None,
ddp_timeout=1800,
debug=[],
deepspeed=None,
disable_tqdm=False,
dispatch_batches=None,
do_eval=True,
do_predict=False,
do_train=False,
eos_token=<EOS_TOKEN>,
eval_accumulation_steps=None,
eval_delay=0,
eval_steps=5000,
evaluation_strategy=steps,
fp16=False,
fp16_backend=auto,
fp16_full_eval=False,
fp16_opt_level=O1,
fsdp=[],
fsdp_config={'min_num_params': 0, 'xla': False, 'xla_fsdp_grad_ckpt': False},
fsdp_min_num_params=0,
fsdp_transformer_layer_cls_to_wrap=None,
full_determinism=False,
full_dev_ratio=0.1,
gradient_accumulation_steps=1,
gradient_checkpointing=False,
gradient_checkpointing_kwargs=None,
greater_is_better=None,
group_by_length=False,
half_precision_backend=auto,
head_tuning=False,
hub_always_push=False,
hub_model_id=None,
hub_private_repo=False,
hub_strategy=every_save,
hub_token=<HUB_TOKEN>,
icl_sfc=False,
ignore_data_skip=False,
include_inputs_for_metrics=False,
include_tokens_per_second=False,
jit_mode_eval=False,
label_names=None,
label_smoothing_factor=0.0,
learning_rate=1e-06,
length_column_name=length,
linear_probing=False,
load_best_model_at_end=False,
load_bfloat16=False,
load_float16=True,
load_int8=False,
local_rank=0,
log_level=passive,
log_level_replica=warning,
log_on_each_node=True,
logging_dir=/scratch/jy03364/MeZO_/experiments/h_sweep_14h/results/quzo16/opt-1.3b/mnli/h_1e-4/seed_42/runs/Apr17_23-46-51_ra5-4,
logging_first_step=False,
logging_nan_inf_filter=True,
logging_steps=10,
logging_strategy=steps,
lora=False,
lora_alpha=16,
lora_r=8,
lp_early_stopping=False,
lr_scheduler_type=constant,
max_grad_norm=1.0,
max_length=2048,
max_new_tokens=50,
max_steps=-1,
measure_perf_tail=True,
measure_perf_tail_window_steps=10,
metric_for_best_model=None,
model_name=opt-1.3b,
mp_parameters=,
neftune_noise_alpha=None,
no_auto_device=False,
no_cuda=False,
no_eval=False,
no_reparam=True,
non_diff=False,
num_beams=1,
num_dev=0,
num_eval=None,
num_k=16,
num_prefix=5,
num_train=0,
num_train_epochs=1.0,
num_train_sets=None,
only_train_option=True,
optim=adamw_torch,
optim_args=None,
output_dir=/scratch/jy03364/MeZO_/experiments/h_sweep_14h/results/quzo16/opt-1.3b/mnli/h_1e-4/seed_42,
overwrite_output_dir=True,
past_index=-1,
per_device_eval_batch_size=8,
per_device_train_batch_size=16,
prediction_loss_only=False,
prefix_init_by_real_act=True,
prefix_tuning=False,
push_to_hub=False,
push_to_hub_model_id=None,
push_to_hub_organization=None,
push_to_hub_token=<PUSH_TO_HUB_TOKEN>,
ray_scope=last,
remove_unused_columns=True,
report_to=[],
result_file=None,
resume_from_checkpoint=None,
run_name=/scratch/jy03364/MeZO_/experiments/h_sweep_14h/results/quzo16/opt-1.3b/mnli/h_1e-4/seed_42,
sampling=False,
save_model=False,
save_on_each_node=False,
save_on_interrupt=False,
save_safetensors=True,
save_steps=500,
save_strategy=no,
save_total_limit=None,
seed=42,
sfc=False,
skip_memory_metrics=True,
sparse_log_active_fraction=True,
sparse_mask_strategy=percentile_per_layer,
sparse_ratio=1.0,
sparse_scope=trainable_only,
split_batches=False,
tag=hsweep14h-quzo16-mnli-h1e-4-seed42,
task_name=MNLI,
temperature=1.0,
tf32=None,
top_k=None,
top_p=0.95,
torch_compile=False,
torch_compile_backend=None,
torch_compile_mode=None,
torchdynamo=None,
tpu_metrics_debug=False,
tpu_num_cores=None,
train_as_classification=True,
train_set_seed=42,
trainer=zo,
untie_emb=False,
use_cpu=False,
use_ipex=False,
use_legacy_prediction_loop=False,
use_mps_device=False,
use_torchao_float8=False,
verbose=False,
warmup_ratio=0.0,
warmup_steps=0,
weight_decay=0.0,
zo_eps=0.0001,
zo_probe_every=200,
zo_probe_log_csv=True,
zo_probe_num_seeds=16,
zo_quantization=None,
zo_quantization_bits=16,
)
{'loss': 1.1214, 'learning_rate': 1e-06, 'epoch': 0.02}
{'eval_loss': 1.099609375, 'eval_runtime': 36.8262, 'eval_samples_per_second': 266.522, 'eval_steps_per_second': 33.319, 'epoch': 0.02}
{'loss': 1.1035, 'learning_rate': 1e-06, 'epoch': 0.04}
{'eval_loss': 1.1181640625, 'eval_runtime': 36.4861, 'eval_samples_per_second': 269.007, 'eval_steps_per_second': 33.629, 'epoch': 0.04}
{'loss': 1.1197, 'learning_rate': 1e-06, 'epoch': 0.06}
{'eval_loss': 1.12109375, 'eval_runtime': 36.3479, 'eval_samples_per_second': 270.03, 'eval_steps_per_second': 33.757, 'epoch': 0.06}
{'loss': 1.1279, 'learning_rate': 1e-06, 'epoch': 0.08}
{'eval_loss': 1.1435546875, 'eval_runtime': 36.2905, 'eval_samples_per_second': 270.457, 'eval_steps_per_second': 33.811, 'epoch': 0.08}
{'loss': 1.1272, 'learning_rate': 1e-06, 'epoch': 0.1}
{'eval_loss': 1.1279296875, 'eval_runtime': 36.3596, 'eval_samples_per_second': 269.943, 'eval_steps_per_second': 33.746, 'epoch': 0.1}
{'loss': 1.1195, 'learning_rate': 1e-06, 'epoch': 0.12}
{'eval_loss': 1.130859375, 'eval_runtime': 36.3939, 'eval_samples_per_second': 269.688, 'eval_steps_per_second': 33.714, 'epoch': 0.12}
{'loss': 1.11, 'learning_rate': 1e-06, 'epoch': 0.14}
{'eval_loss': 1.10546875, 'eval_runtime': 36.3663, 'eval_samples_per_second': 269.893, 'eval_steps_per_second': 33.74, 'epoch': 0.14}
{'loss': 1.106, 'learning_rate': 1e-06, 'epoch': 0.16}
{'eval_loss': 1.10546875, 'eval_runtime': 36.4506, 'eval_samples_per_second': 269.269, 'eval_steps_per_second': 33.662, 'epoch': 0.16}
{'loss': 1.1062, 'learning_rate': 1e-06, 'epoch': 0.18}
{'eval_loss': 1.111328125, 'eval_runtime': 36.3785, 'eval_samples_per_second': 269.802, 'eval_steps_per_second': 33.729, 'epoch': 0.18}
{'loss': 1.1051, 'learning_rate': 1e-06, 'epoch': 0.2}
{'eval_loss': 1.12890625, 'eval_runtime': 36.1825, 'eval_samples_per_second': 271.264, 'eval_steps_per_second': 33.911, 'epoch': 0.2}
{'loss': 1.1074, 'learning_rate': 1e-06, 'epoch': 0.22}
{'eval_loss': 1.1015625, 'eval_runtime': 36.2579, 'eval_samples_per_second': 270.699, 'eval_steps_per_second': 33.841, 'epoch': 0.22}
{'loss': 1.1065, 'learning_rate': 1e-06, 'epoch': 0.24}
{'eval_loss': 1.1123046875, 'eval_runtime': 36.1588, 'eval_samples_per_second': 271.442, 'eval_steps_per_second': 33.934, 'epoch': 0.24}
{'loss': 1.1065, 'learning_rate': 1e-06, 'epoch': 0.26}
{'eval_loss': 1.1025390625, 'eval_runtime': 36.1948, 'eval_samples_per_second': 271.172, 'eval_steps_per_second': 33.9, 'epoch': 0.26}
{'loss': 1.1034, 'learning_rate': 1e-06, 'epoch': 0.29}
{'eval_loss': 1.109375, 'eval_runtime': 35.9629, 'eval_samples_per_second': 272.92, 'eval_steps_per_second': 34.119, 'epoch': 0.29}
{'loss': 1.1062, 'learning_rate': 1e-06, 'epoch': 0.31}
{'eval_loss': 1.1015625, 'eval_runtime': 35.9882, 'eval_samples_per_second': 272.728, 'eval_steps_per_second': 34.094, 'epoch': 0.31}
{'loss': 1.1045, 'learning_rate': 1e-06, 'epoch': 0.33}
{'eval_loss': 1.1064453125, 'eval_runtime': 35.884, 'eval_samples_per_second': 273.521, 'eval_steps_per_second': 34.194, 'epoch': 0.33}
{'loss': 1.1005, 'learning_rate': 1e-06, 'epoch': 0.35}
{'eval_loss': 1.103515625, 'eval_runtime': 36.0081, 'eval_samples_per_second': 272.578, 'eval_steps_per_second': 34.076, 'epoch': 0.35}
{'loss': 1.1075, 'learning_rate': 1e-06, 'epoch': 0.37}
{'eval_loss': 1.1015625, 'eval_runtime': 35.9309, 'eval_samples_per_second': 273.163, 'eval_steps_per_second': 34.149, 'epoch': 0.37}
{'loss': 1.1054, 'learning_rate': 1e-06, 'epoch': 0.39}
{'eval_loss': 1.1044921875, 'eval_runtime': 36.0203, 'eval_samples_per_second': 272.485, 'eval_steps_per_second': 34.064, 'epoch': 0.39}
{'loss': 1.1046, 'learning_rate': 1e-06, 'epoch': 0.41}
{'eval_loss': 1.1025390625, 'eval_runtime': 35.884, 'eval_samples_per_second': 273.52, 'eval_steps_per_second': 34.194, 'epoch': 0.41}
{'loss': 1.1063, 'learning_rate': 1e-06, 'epoch': 0.43}
{'eval_loss': 1.1015625, 'eval_runtime': 36.0056, 'eval_samples_per_second': 272.596, 'eval_steps_per_second': 34.078, 'epoch': 0.43}
{'loss': 1.1058, 'learning_rate': 1e-06, 'epoch': 0.45}
{'eval_loss': 1.1025390625, 'eval_runtime': 36.0195, 'eval_samples_per_second': 272.492, 'eval_steps_per_second': 34.065, 'epoch': 0.45}
{'loss': 1.1059, 'learning_rate': 1e-06, 'epoch': 0.47}
{'eval_loss': 1.1015625, 'eval_runtime': 36.0357, 'eval_samples_per_second': 272.369, 'eval_steps_per_second': 34.05, 'epoch': 0.47}
{'loss': 1.105, 'learning_rate': 1e-06, 'epoch': 0.49}
{'eval_loss': 1.1025390625, 'eval_runtime': 35.9907, 'eval_samples_per_second': 272.709, 'eval_steps_per_second': 34.092, 'epoch': 0.49}
{'loss': 1.1046, 'learning_rate': 1e-06, 'epoch': 0.51}
{'eval_loss': 1.10546875, 'eval_runtime': 36.0925, 'eval_samples_per_second': 271.94, 'eval_steps_per_second': 33.996, 'epoch': 0.51}
{'loss': 1.1021, 'learning_rate': 1e-06, 'epoch': 0.53}
{'eval_loss': 1.107421875, 'eval_runtime': 35.9713, 'eval_samples_per_second': 272.856, 'eval_steps_per_second': 34.11, 'epoch': 0.53}
{'loss': 1.1089, 'learning_rate': 1e-06, 'epoch': 0.55}
{'eval_loss': 1.1044921875, 'eval_runtime': 36.033, 'eval_samples_per_second': 272.389, 'eval_steps_per_second': 34.052, 'epoch': 0.55}
{'loss': 1.1054, 'learning_rate': 1e-06, 'epoch': 0.57}
{'eval_loss': 1.1044921875, 'eval_runtime': 36.0262, 'eval_samples_per_second': 272.441, 'eval_steps_per_second': 34.059, 'epoch': 0.57}
{'loss': 1.1043, 'learning_rate': 1e-06, 'epoch': 0.59}
{'eval_loss': 1.1064453125, 'eval_runtime': 35.9318, 'eval_samples_per_second': 273.156, 'eval_steps_per_second': 34.148, 'epoch': 0.59}
{'loss': 1.108, 'learning_rate': 1e-06, 'epoch': 0.61}
{'eval_loss': 1.1025390625, 'eval_runtime': 35.9111, 'eval_samples_per_second': 273.314, 'eval_steps_per_second': 34.168, 'epoch': 0.61}
{'loss': 1.1073, 'learning_rate': 1e-06, 'epoch': 0.63}
{'eval_loss': 1.1025390625, 'eval_runtime': 36.0226, 'eval_samples_per_second': 272.468, 'eval_steps_per_second': 34.062, 'epoch': 0.63}
{'loss': 1.1038, 'learning_rate': 1e-06, 'epoch': 0.65}
{'eval_loss': 1.109375, 'eval_runtime': 35.9821, 'eval_samples_per_second': 272.775, 'eval_steps_per_second': 34.1, 'epoch': 0.65}
{'loss': 1.1057, 'learning_rate': 1e-06, 'epoch': 0.67}
{'eval_loss': 1.1025390625, 'eval_runtime': 35.9335, 'eval_samples_per_second': 273.143, 'eval_steps_per_second': 34.146, 'epoch': 0.67}
{'loss': 1.1029, 'learning_rate': 1e-06, 'epoch': 0.69}
{'eval_loss': 1.10546875, 'eval_runtime': 35.8975, 'eval_samples_per_second': 273.417, 'eval_steps_per_second': 34.181, 'epoch': 0.69}
{'loss': 1.1044, 'learning_rate': 1e-06, 'epoch': 0.71}
{'eval_loss': 1.103515625, 'eval_runtime': 35.9008, 'eval_samples_per_second': 273.392, 'eval_steps_per_second': 34.177, 'epoch': 0.71}
{'loss': 1.1039, 'learning_rate': 1e-06, 'epoch': 0.73}
{'eval_loss': 1.1015625, 'eval_runtime': 35.9475, 'eval_samples_per_second': 273.037, 'eval_steps_per_second': 34.133, 'epoch': 0.73}
{'loss': 1.1025, 'learning_rate': 1e-06, 'epoch': 0.75}
{'eval_loss': 1.099609375, 'eval_runtime': 35.985, 'eval_samples_per_second': 272.753, 'eval_steps_per_second': 34.098, 'epoch': 0.75}
{'loss': 1.1024, 'learning_rate': 1e-06, 'epoch': 0.77}
{'eval_loss': 1.10546875, 'eval_runtime': 35.9184, 'eval_samples_per_second': 273.258, 'eval_steps_per_second': 34.161, 'epoch': 0.77}
{'loss': 1.104, 'learning_rate': 1e-06, 'epoch': 0.79}
{'eval_loss': 1.103515625, 'eval_runtime': 36.0748, 'eval_samples_per_second': 272.074, 'eval_steps_per_second': 34.013, 'epoch': 0.79}
{'loss': 1.1024, 'learning_rate': 1e-06, 'epoch': 0.81}
{'eval_loss': 1.1015625, 'eval_runtime': 36.0277, 'eval_samples_per_second': 272.429, 'eval_steps_per_second': 34.057, 'epoch': 0.81}
{'loss': 1.1047, 'learning_rate': 1e-06, 'epoch': 0.84}
{'eval_loss': 1.1015625, 'eval_runtime': 35.91, 'eval_samples_per_second': 273.322, 'eval_steps_per_second': 34.169, 'epoch': 0.84}
{'loss': 1.1038, 'learning_rate': 1e-06, 'epoch': 0.86}
{'eval_loss': 1.1005859375, 'eval_runtime': 35.9386, 'eval_samples_per_second': 273.105, 'eval_steps_per_second': 34.142, 'epoch': 0.86}
{'loss': 1.105, 'learning_rate': 1e-06, 'epoch': 0.88}
{'eval_loss': 1.1025390625, 'eval_runtime': 36.0241, 'eval_samples_per_second': 272.456, 'eval_steps_per_second': 34.061, 'epoch': 0.88}
{'loss': 1.1039, 'learning_rate': 1e-06, 'epoch': 0.9}
{'eval_loss': 1.103515625, 'eval_runtime': 35.9327, 'eval_samples_per_second': 273.15, 'eval_steps_per_second': 34.147, 'epoch': 0.9}
{'loss': 1.1031, 'learning_rate': 1e-06, 'epoch': 0.92}
{'eval_loss': 1.111328125, 'eval_runtime': 36.0038, 'eval_samples_per_second': 272.61, 'eval_steps_per_second': 34.08, 'epoch': 0.92}
{'loss': 1.1086, 'learning_rate': 1e-06, 'epoch': 0.94}
{'eval_loss': 1.1064453125, 'eval_runtime': 36.0577, 'eval_samples_per_second': 272.203, 'eval_steps_per_second': 34.029, 'epoch': 0.94}
{'loss': 1.1062, 'learning_rate': 1e-06, 'epoch': 0.96}
{'eval_loss': 1.10546875, 'eval_runtime': 36.016, 'eval_samples_per_second': 272.518, 'eval_steps_per_second': 34.068, 'epoch': 0.96}
{'loss': 1.1062, 'learning_rate': 1e-06, 'epoch': 0.98}
{'eval_loss': 1.1064453125, 'eval_runtime': 35.9708, 'eval_samples_per_second': 272.86, 'eval_steps_per_second': 34.111, 'epoch': 0.98}
{'loss': 1.104, 'learning_rate': 1e-06, 'epoch': 1.0}
{'eval_loss': 1.1025390625, 'eval_runtime': 35.9664, 'eval_samples_per_second': 272.893, 'eval_steps_per_second': 34.115, 'epoch': 1.0}
{'train_runtime': 17444.478, 'train_samples_per_second': 22.512, 'train_steps_per_second': 1.407, 'train_loss': 1.1069425659975451, 'tail_perf_window_steps': 10, 'tail_perf_measured_steps': 10, 'tail_perf_wallclock_per_step': 0.146256160736084, 'tail_perf_samples_per_second': 109.39710108261113, 'tail_perf_max_gpu_memory_gb': 6.602973937988281, 'epoch': 1.0}
[nan-guard] child exited with code 0.
