initial eval {'eval_acc': 0.5630733944954128, 'eval_loss': 1.016056354867867, 'eval_examples': 872}
sst-2_fp16_h0.003_seed16 step=1 loss+=0.750302 loss-=1.00049 dh=-41.6979 sec=1.423
sst-2_fp16_h0.003_seed16 step=25 loss+=1.09045 loss-=1.25447 dh=-27.3371 sec=1.505
sst-2_fp16_h0.003_seed16 step=50 loss+=0.687275 loss-=0.592905 dh=15.7283 sec=1.378
sst-2_fp16_h0.003_seed16 step=75 loss+=0.961603 loss-=1.60674 dh=-107.523 sec=1.507
sst-2_fp16_h0.003_seed16 step=100 loss+=1.01738 loss-=0.843822 dh=28.9263 sec=1.477
sst-2_fp16_h0.003_seed16 step=125 loss+=0.936948 loss-=1.10063 dh=-27.2798 sec=1.467
sst-2_fp16_h0.003_seed16 step=150 loss+=0.702965 loss-=0.539425 dh=27.2566 sec=1.508
sst-2_fp16_h0.003_seed16 step=175 loss+=0.944741 loss-=0.759914 dh=30.8044 sec=1.477
sst-2_fp16_h0.003_seed16 step=200 loss+=0.675306 loss-=0.969974 dh=-49.1113 sec=1.465
sst-2_fp16_h0.003_seed16 step=225 loss+=0.71226 loss-=0.821349 dh=-18.1814 sec=1.379
sst-2_fp16_h0.003_seed16 step=250 loss+=0.670123 loss-=0.696806 dh=-4.44706 sec=1.466
sst-2_fp16_h0.003_seed16 step=275 loss+=0.910989 loss-=0.783621 dh=21.2279 sec=1.465
sst-2_fp16_h0.003_seed16 step=300 loss+=0.936755 loss-=0.692163 dh=40.7653 sec=1.378
sst-2_fp16_h0.003_seed16 step=325 loss+=0.963886 loss-=0.663829 dh=50.0095 sec=1.466
sst-2_fp16_h0.003_seed16 step=350 loss+=0.738091 loss-=0.72647 dh=1.93679 sec=1.506
sst-2_fp16_h0.003_seed16 step=375 loss+=0.801625 loss-=0.865351 dh=-10.6211 sec=1.467
sst-2_fp16_h0.003_seed16 step=400 loss+=0.686548 loss-=0.789794 dh=-17.2077 sec=1.507
sst-2_fp16_h0.003_seed16 step=425 loss+=0.964975 loss-=0.768525 dh=32.7418 sec=1.507
sst-2_fp16_h0.003_seed16 step=450 loss+=0.577621 loss-=0.524736 dh=8.81417 sec=1.379
sst-2_fp16_h0.003_seed16 step=475 loss+=0.606153 loss-=0.621087 dh=-2.48897 sec=1.506
sst-2_fp16_h0.003_seed16 step=500 loss+=0.777054 loss-=0.780901 dh=-0.641179 sec=1.465
eval step=500 {'eval_acc': 0.5951834862385321, 'eval_loss': 0.8209979813417778, 'eval_examples': 872}
sst-2_fp16_h0.003_seed16 step=525 loss+=0.744345 loss-=0.602788 dh=23.5929 sec=1.366
sst-2_fp16_h0.003_seed16 step=550 loss+=0.96259 loss-=0.796554 dh=27.6726 sec=1.507
sst-2_fp16_h0.003_seed16 step=575 loss+=0.594191 loss-=0.684911 dh=-15.1201 sec=1.507
sst-2_fp16_h0.003_seed16 step=600 loss+=1.19735 loss-=0.672088 dh=87.5433 sec=1.465
sst-2_fp16_h0.003_seed16 step=625 loss+=0.736656 loss-=0.87546 dh=-23.134 sec=1.379
sst-2_fp16_h0.003_seed16 step=650 loss+=1.06458 loss-=0.720942 dh=57.2739 sec=1.378
sst-2_fp16_h0.003_seed16 step=675 loss+=0.51021 loss-=0.583094 dh=-12.1473 sec=1.379
sst-2_fp16_h0.003_seed16 step=700 loss+=0.361823 loss-=0.458884 dh=-16.1769 sec=1.366
sst-2_fp16_h0.003_seed16 step=725 loss+=0.629525 loss-=0.702489 dh=-12.1605 sec=1.506
sst-2_fp16_h0.003_seed16 step=750 loss+=0.731388 loss-=1.08825 dh=-59.4777 sec=1.507
sst-2_fp16_h0.003_seed16 step=775 loss+=0.414404 loss-=0.513801 dh=-16.5662 sec=1.508
sst-2_fp16_h0.003_seed16 step=800 loss+=0.466903 loss-=0.458905 dh=1.33304 sec=1.507
sst-2_fp16_h0.003_seed16 step=825 loss+=0.778855 loss-=0.698296 dh=13.4265 sec=1.507
sst-2_fp16_h0.003_seed16 step=850 loss+=0.668161 loss-=0.438429 dh=38.2887 sec=1.378
sst-2_fp16_h0.003_seed16 step=875 loss+=0.701338 loss-=0.960213 dh=-43.1459 sec=1.467
sst-2_fp16_h0.003_seed16 step=900 loss+=0.386088 loss-=0.494173 dh=-18.0142 sec=1.508
sst-2_fp16_h0.003_seed16 step=925 loss+=0.657289 loss-=0.593643 dh=10.6077 sec=1.506
sst-2_fp16_h0.003_seed16 step=950 loss+=0.641359 loss-=0.550877 dh=15.0803 sec=1.466
sst-2_fp16_h0.003_seed16 step=975 loss+=0.661218 loss-=0.694224 dh=-5.50102 sec=1.507
sst-2_fp16_h0.003_seed16 step=1000 loss+=0.637198 loss-=0.635902 dh=0.215936 sec=1.379
eval step=1000 {'eval_acc': 0.625, 'eval_loss': 0.7106514804923924, 'eval_examples': 872}
sst-2_fp16_h0.003_seed16 step=1025 loss+=0.666226 loss-=0.774964 dh=-18.1228 sec=1.507
sst-2_fp16_h0.003_seed16 step=1050 loss+=0.915013 loss-=0.69901 dh=36.0006 sec=1.507
sst-2_fp16_h0.003_seed16 step=1075 loss+=0.829866 loss-=0.713371 dh=19.4159 sec=1.378
sst-2_fp16_h0.003_seed16 step=1100 loss+=0.724576 loss-=1.01064 dh=-47.6774 sec=1.507
sst-2_fp16_h0.003_seed16 step=1125 loss+=0.609558 loss-=0.676208 dh=-11.1084 sec=1.507
sst-2_fp16_h0.003_seed16 step=1150 loss+=0.482543 loss-=0.505554 dh=-3.83519 sec=1.477
sst-2_fp16_h0.003_seed16 step=1175 loss+=0.441182 loss-=0.485448 dh=-7.37765 sec=1.506
sst-2_fp16_h0.003_seed16 step=1200 loss+=0.487941 loss-=0.517547 dh=-4.93427 sec=1.507
sst-2_fp16_h0.003_seed16 step=1225 loss+=0.454441 loss-=0.430982 dh=3.90981 sec=1.507
sst-2_fp16_h0.003_seed16 step=1250 loss+=0.690739 loss-=0.509891 dh=30.1413 sec=1.466
sst-2_fp16_h0.003_seed16 step=1275 loss+=0.496126 loss-=0.525856 dh=-4.95502 sec=1.508
sst-2_fp16_h0.003_seed16 step=1300 loss+=0.621236 loss-=0.627761 dh=-1.08756 sec=1.379
sst-2_fp16_h0.003_seed16 step=1325 loss+=0.464812 loss-=0.550784 dh=-14.3287 sec=1.366
sst-2_fp16_h0.003_seed16 step=1350 loss+=0.916844 loss-=0.699521 dh=36.2205 sec=1.380
sst-2_fp16_h0.003_seed16 step=1375 loss+=0.628613 loss-=0.50905 dh=19.9272 sec=1.507
sst-2_fp16_h0.003_seed16 step=1400 loss+=0.640998 loss-=0.718878 dh=-12.9801 sec=1.493
sst-2_fp16_h0.003_seed16 step=1425 loss+=0.727508 loss-=0.695749 dh=5.2931 sec=1.467
sst-2_fp16_h0.003_seed16 step=1450 loss+=0.514967 loss-=0.720331 dh=-34.2273 sec=1.507
sst-2_fp16_h0.003_seed16 step=1475 loss+=0.783676 loss-=0.690239 dh=15.5729 sec=1.480
sst-2_fp16_h0.003_seed16 step=1500 loss+=0.682212 loss-=0.446417 dh=39.2991 sec=1.467
eval step=1500 {'eval_acc': 0.6490825688073395, 'eval_loss': 0.6404701624890157, 'eval_examples': 872}
sst-2_fp16_h0.003_seed16 step=1525 loss+=0.675388 loss-=0.508402 dh=27.8311 sec=1.366
sst-2_fp16_h0.003_seed16 step=1550 loss+=0.79493 loss-=0.627846 dh=27.8473 sec=1.379
sst-2_fp16_h0.003_seed16 step=1575 loss+=0.648402 loss-=0.518638 dh=21.6273 sec=1.378
sst-2_fp16_h0.003_seed16 step=1600 loss+=0.688874 loss-=0.578245 dh=18.4381 sec=1.379
sst-2_fp16_h0.003_seed16 step=1625 loss+=0.882874 loss-=0.735963 dh=24.4851 sec=1.507
sst-2_fp16_h0.003_seed16 step=1650 loss+=0.5614 loss-=0.66654 dh=-17.5233 sec=1.507
sst-2_fp16_h0.003_seed16 step=1675 loss+=0.500561 loss-=0.56108 dh=-10.0864 sec=1.508
sst-2_fp16_h0.003_seed16 step=1700 loss+=0.836748 loss-=0.537799 dh=49.8247 sec=1.379
sst-2_fp16_h0.003_seed16 step=1725 loss+=0.60535 loss-=0.302482 dh=50.4779 sec=1.378
sst-2_fp16_h0.003_seed16 step=1750 loss+=0.728138 loss-=0.752181 dh=-4.00721 sec=1.379
sst-2_fp16_h0.003_seed16 step=1775 loss+=0.698093 loss-=0.761453 dh=-10.5601 sec=1.506
sst-2_fp16_h0.003_seed16 step=1800 loss+=0.53251 loss-=0.474531 dh=9.66316 sec=1.466
sst-2_fp16_h0.003_seed16 step=1825 loss+=0.572786 loss-=0.498377 dh=12.4016 sec=1.468
sst-2_fp16_h0.003_seed16 step=1850 loss+=0.585103 loss-=0.696197 dh=-18.5157 sec=1.507
sst-2_fp16_h0.003_seed16 step=1875 loss+=0.672645 loss-=0.46828 dh=34.0608 sec=1.379
sst-2_fp16_h0.003_seed16 step=1900 loss+=0.521873 loss-=0.595911 dh=-12.3397 sec=1.379
sst-2_fp16_h0.003_seed16 step=1925 loss+=0.527607 loss-=0.465658 dh=10.3248 sec=1.467
sst-2_fp16_h0.003_seed16 step=1950 loss+=0.886713 loss-=0.583131 dh=50.5971 sec=1.467
sst-2_fp16_h0.003_seed16 step=1975 loss+=0.518391 loss-=0.590509 dh=-12.0197 sec=1.465
sst-2_fp16_h0.003_seed16 step=2000 loss+=0.898663 loss-=0.663026 dh=39.2729 sec=1.506
eval step=2000 {'eval_acc': 0.6605504587155964, 'eval_loss': 0.6189853599051509, 'eval_examples': 872}
sst-2_fp16_h0.003_seed16 step=2025 loss+=0.785323 loss-=0.83543 dh=-8.35116 sec=1.506
sst-2_fp16_h0.003_seed16 step=2050 loss+=0.830265 loss-=0.622327 dh=34.6563 sec=1.465
sst-2_fp16_h0.003_seed16 step=2075 loss+=0.48198 loss-=0.500566 dh=-3.09774 sec=1.508
sst-2_fp16_h0.003_seed16 step=2100 loss+=0.639486 loss-=0.58323 dh=9.37593 sec=1.465
sst-2_fp16_h0.003_seed16 step=2125 loss+=0.669467 loss-=0.673126 dh=-0.609823 sec=1.495
sst-2_fp16_h0.003_seed16 step=2150 loss+=0.606474 loss-=0.694879 dh=-14.7342 sec=1.507
sst-2_fp16_h0.003_seed16 step=2175 loss+=0.676302 loss-=0.525589 dh=25.1189 sec=1.379
sst-2_fp16_h0.003_seed16 step=2200 loss+=0.694973 loss-=0.57532 dh=19.942 sec=1.380
sst-2_fp16_h0.003_seed16 step=2225 loss+=0.599425 loss-=0.709673 dh=-18.3747 sec=1.479
sst-2_fp16_h0.003_seed16 step=2250 loss+=0.636394 loss-=0.645595 dh=-1.53359 sec=1.479
sst-2_fp16_h0.003_seed16 step=2275 loss+=0.493829 loss-=0.667161 dh=-28.8886 sec=1.367
sst-2_fp16_h0.003_seed16 step=2300 loss+=0.546142 loss-=0.612941 dh=-11.1331 sec=1.507
sst-2_fp16_h0.003_seed16 step=2325 loss+=0.597309 loss-=0.540084 dh=9.53754 sec=1.507
sst-2_fp16_h0.003_seed16 step=2350 loss+=0.70826 loss-=0.496143 dh=35.3528 sec=1.464
sst-2_fp16_h0.003_seed16 step=2375 loss+=0.395354 loss-=0.483042 dh=-14.6145 sec=1.379
sst-2_fp16_h0.003_seed16 step=2400 loss+=0.500853 loss-=0.533642 dh=-5.46489 sec=1.379
sst-2_fp16_h0.003_seed16 step=2425 loss+=0.888716 loss-=0.763188 dh=20.9212 sec=1.467
sst-2_fp16_h0.003_seed16 step=2450 loss+=0.574914 loss-=0.530397 dh=7.41952 sec=1.378
sst-2_fp16_h0.003_seed16 step=2475 loss+=0.395499 loss-=0.549056 dh=-25.5928 sec=1.366
sst-2_fp16_h0.003_seed16 step=2500 loss+=0.495631 loss-=0.584967 dh=-14.8893 sec=1.467
eval step=2500 {'eval_acc': 0.6892201834862385, 'eval_loss': 0.5725219645366552, 'eval_examples': 872}
sst-2_fp16_h0.003_seed16 step=2525 loss+=0.508046 loss-=0.428544 dh=13.2504 sec=1.464
sst-2_fp16_h0.003_seed16 step=2550 loss+=0.572431 loss-=1.25317 dh=-113.456 sec=1.508
sst-2_fp16_h0.003_seed16 step=2575 loss+=0.486756 loss-=0.51332 dh=-4.42733 sec=1.379
sst-2_fp16_h0.003_seed16 step=2600 loss+=0.598972 loss-=0.717853 dh=-19.8135 sec=1.378
sst-2_fp16_h0.003_seed16 step=2625 loss+=0.592436 loss-=0.645456 dh=-8.8366 sec=1.463
sst-2_fp16_h0.003_seed16 step=2650 loss+=0.907948 loss-=0.498855 dh=68.1821 sec=1.464
sst-2_fp16_h0.003_seed16 step=2675 loss+=0.544411 loss-=0.578845 dh=-5.73886 sec=1.379
sst-2_fp16_h0.003_seed16 step=2700 loss+=0.444309 loss-=0.682898 dh=-39.7647 sec=1.479
sst-2_fp16_h0.003_seed16 step=2725 loss+=0.654278 loss-=0.691933 dh=-6.27594 sec=1.479
sst-2_fp16_h0.003_seed16 step=2750 loss+=0.737555 loss-=0.672999 dh=10.7593 sec=1.507
sst-2_fp16_h0.003_seed16 step=2775 loss+=0.779207 loss-=0.486644 dh=48.7604 sec=1.379
sst-2_fp16_h0.003_seed16 step=2800 loss+=0.598831 loss-=0.713167 dh=-19.0559 sec=1.507
sst-2_fp16_h0.003_seed16 step=2825 loss+=0.505019 loss-=0.474709 dh=5.05162 sec=1.465
sst-2_fp16_h0.003_seed16 step=2850 loss+=0.597561 loss-=0.679715 dh=-13.6923 sec=1.367
sst-2_fp16_h0.003_seed16 step=2875 loss+=0.666266 loss-=0.577578 dh=14.7813 sec=1.465
sst-2_fp16_h0.003_seed16 step=2900 loss+=0.399121 loss-=0.601904 dh=-33.7972 sec=1.366
sst-2_fp16_h0.003_seed16 step=2925 loss+=0.596877 loss-=0.488544 dh=18.0556 sec=1.467
sst-2_fp16_h0.003_seed16 step=2950 loss+=0.575553 loss-=0.503717 dh=11.9727 sec=1.507
sst-2_fp16_h0.003_seed16 step=2975 loss+=0.543209 loss-=0.613124 dh=-11.6526 sec=1.379
sst-2_fp16_h0.003_seed16 step=3000 loss+=0.556239 loss-=0.609799 dh=-8.92664 sec=1.379
eval step=3000 {'eval_acc': 0.7052752293577982, 'eval_loss': 0.5489390273663908, 'eval_examples': 872}
sst-2_fp16_h0.003_seed16 step=3025 loss+=0.665365 loss-=0.554437 dh=18.488 sec=1.505
sst-2_fp16_h0.003_seed16 step=3050 loss+=0.584497 loss-=0.670307 dh=-14.3017 sec=1.466
sst-2_fp16_h0.003_seed16 step=3075 loss+=0.539954 loss-=0.736987 dh=-32.8389 sec=1.379
sst-2_fp16_h0.003_seed16 step=3100 loss+=0.642772 loss-=0.372538 dh=45.039 sec=1.508
sst-2_fp16_h0.003_seed16 step=3125 loss+=0.625065 loss-=0.585722 dh=6.55715 sec=1.506
sst-2_fp16_h0.003_seed16 step=3150 loss+=0.645404 loss-=0.488382 dh=26.1702 sec=1.466
sst-2_fp16_h0.003_seed16 step=3175 loss+=0.601466 loss-=0.592684 dh=1.46368 sec=1.379
sst-2_fp16_h0.003_seed16 step=3200 loss+=0.74588 loss-=0.569196 dh=29.4474 sec=1.508
sst-2_fp16_h0.003_seed16 step=3225 loss+=0.679434 loss-=0.43741 dh=40.3373 sec=1.507
sst-2_fp16_h0.003_seed16 step=3250 loss+=0.538509 loss-=0.590095 dh=-8.59754 sec=1.367
sst-2_fp16_h0.003_seed16 step=3275 loss+=0.701999 loss-=0.701723 dh=0.0458503 sec=1.380
sst-2_fp16_h0.003_seed16 step=3300 loss+=0.53618 loss-=0.501622 dh=5.7597 sec=1.507
sst-2_fp16_h0.003_seed16 step=3325 loss+=0.529306 loss-=0.548016 dh=-3.11832 sec=1.481
sst-2_fp16_h0.003_seed16 step=3350 loss+=0.595551 loss-=0.364384 dh=38.5279 sec=1.507
sst-2_fp16_h0.003_seed16 step=3375 loss+=0.525304 loss-=0.504113 dh=3.53188 sec=1.507
sst-2_fp16_h0.003_seed16 step=3400 loss+=0.690286 loss-=0.497038 dh=32.2079 sec=1.506
sst-2_fp16_h0.003_seed16 step=3425 loss+=0.520445 loss-=0.643637 dh=-20.532 sec=1.379
sst-2_fp16_h0.003_seed16 step=3450 loss+=0.514099 loss-=0.447551 dh=11.0913 sec=1.379
sst-2_fp16_h0.003_seed16 step=3475 loss+=0.728478 loss-=0.616992 dh=18.5809 sec=1.508
sst-2_fp16_h0.003_seed16 step=3500 loss+=0.47062 loss-=1.06288 dh=-98.7096 sec=1.507
eval step=3500 {'eval_acc': 0.7098623853211009, 'eval_loss': 0.5392633113612788, 'eval_examples': 872}
sst-2_fp16_h0.003_seed16 step=3525 loss+=0.594929 loss-=0.61408 dh=-3.19177 sec=1.378
sst-2_fp16_h0.003_seed16 step=3550 loss+=0.585484 loss-=0.532924 dh=8.76006 sec=1.379
sst-2_fp16_h0.003_seed16 step=3575 loss+=0.665759 loss-=0.603476 dh=10.3806 sec=1.467
sst-2_fp16_h0.003_seed16 step=3600 loss+=0.595665 loss-=0.538031 dh=9.60568 sec=1.379
sst-2_fp16_h0.003_seed16 step=3625 loss+=0.637828 loss-=0.508371 dh=21.5761 sec=1.379
sst-2_fp16_h0.003_seed16 step=3650 loss+=0.368399 loss-=0.558976 dh=-31.7628 sec=1.507
sst-2_fp16_h0.003_seed16 step=3675 loss+=0.362156 loss-=0.402464 dh=-6.71805 sec=1.379
sst-2_fp16_h0.003_seed16 step=3700 loss+=0.693784 loss-=0.657813 dh=5.99515 sec=1.481
sst-2_fp16_h0.003_seed16 step=3725 loss+=0.810559 loss-=0.559512 dh=41.8412 sec=1.506
sst-2_fp16_h0.003_seed16 step=3750 loss+=0.809581 loss-=0.73664 dh=12.1567 sec=1.466
sst-2_fp16_h0.003_seed16 step=3775 loss+=0.375079 loss-=0.707687 dh=-55.4348 sec=1.379
sst-2_fp16_h0.003_seed16 step=3800 loss+=0.641564 loss-=0.528849 dh=18.786 sec=1.507
sst-2_fp16_h0.003_seed16 step=3825 loss+=0.507201 loss-=0.427217 dh=13.3305 sec=1.508
sst-2_fp16_h0.003_seed16 step=3850 loss+=0.618441 loss-=0.580577 dh=6.31062 sec=1.467
sst-2_fp16_h0.003_seed16 step=3875 loss+=0.699537 loss-=0.557327 dh=23.7017 sec=1.508
sst-2_fp16_h0.003_seed16 step=3900 loss+=0.667618 loss-=0.720753 dh=-8.8558 sec=1.465
sst-2_fp16_h0.003_seed16 step=3925 loss+=0.57519 loss-=0.587623 dh=-2.07219 sec=1.506
sst-2_fp16_h0.003_seed16 step=3950 loss+=0.51254 loss-=0.609609 dh=-16.1781 sec=1.466
sst-2_fp16_h0.003_seed16 step=3975 loss+=0.526952 loss-=0.560637 dh=-5.61412 sec=1.506
sst-2_fp16_h0.003_seed16 step=4000 loss+=0.672375 loss-=0.678206 dh=-0.971889 sec=1.506
eval step=4000 {'eval_acc': 0.7144495412844036, 'eval_loss': 0.5369625158539606, 'eval_examples': 872}
sst-2_fp16_h0.003_seed16 step=4025 loss+=0.704669 loss-=0.61141 dh=15.5431 sec=1.506
sst-2_fp16_h0.003_seed16 step=4050 loss+=0.600699 loss-=0.746997 dh=-24.3831 sec=1.379
sst-2_fp16_h0.003_seed16 step=4075 loss+=0.56208 loss-=0.477522 dh=14.093 sec=1.477
sst-2_fp16_h0.003_seed16 step=4100 loss+=0.394867 loss-=0.568165 dh=-28.8829 sec=1.507
sst-2_fp16_h0.003_seed16 step=4125 loss+=0.543786 loss-=0.525228 dh=3.09293 sec=1.379
sst-2_fp16_h0.003_seed16 step=4150 loss+=0.664103 loss-=0.460979 dh=33.854 sec=1.507
sst-2_fp16_h0.003_seed16 step=4175 loss+=0.651591 loss-=0.626834 dh=4.1263 sec=1.379
sst-2_fp16_h0.003_seed16 step=4200 loss+=0.413703 loss-=0.438007 dh=-4.05057 sec=1.378
sst-2_fp16_h0.003_seed16 step=4225 loss+=0.445966 loss-=0.454005 dh=-1.33983 sec=1.507
sst-2_fp16_h0.003_seed16 step=4250 loss+=0.871214 loss-=0.860897 dh=1.71949 sec=1.379
sst-2_fp16_h0.003_seed16 step=4275 loss+=0.639999 loss-=0.55889 dh=13.5182 sec=1.379
sst-2_fp16_h0.003_seed16 step=4300 loss+=0.549046 loss-=0.670713 dh=-20.2779 sec=1.380
sst-2_fp16_h0.003_seed16 step=4325 loss+=0.307697 loss-=0.932119 dh=-104.07 sec=1.506
sst-2_fp16_h0.003_seed16 step=4350 loss+=0.763534 loss-=0.60747 dh=26.0107 sec=1.378
sst-2_fp16_h0.003_seed16 step=4375 loss+=0.503753 loss-=0.463485 dh=6.71132 sec=1.466
sst-2_fp16_h0.003_seed16 step=4400 loss+=0.641861 loss-=0.609366 dh=5.41583 sec=1.508
sst-2_fp16_h0.003_seed16 step=4425 loss+=0.662177 loss-=0.656282 dh=0.982506 sec=1.466
sst-2_fp16_h0.003_seed16 step=4450 loss+=0.580352 loss-=0.545889 dh=5.74372 sec=1.508
sst-2_fp16_h0.003_seed16 step=4475 loss+=0.451532 loss-=0.686173 dh=-39.1069 sec=1.379
sst-2_fp16_h0.003_seed16 step=4500 loss+=0.61433 loss-=0.56804 dh=7.71491 sec=1.379
eval step=4500 {'eval_acc': 0.7247706422018348, 'eval_loss': 0.5212887807069945, 'eval_examples': 872}
sst-2_fp16_h0.003_seed16 step=4525 loss+=0.545964 loss-=0.695154 dh=-24.865 sec=1.465
sst-2_fp16_h0.003_seed16 step=4550 loss+=0.884591 loss-=0.460771 dh=70.6367 sec=1.506
sst-2_fp16_h0.003_seed16 step=4575 loss+=0.647479 loss-=0.802918 dh=-25.9064 sec=1.468
sst-2_fp16_h0.003_seed16 step=4600 loss+=0.72491 loss-=0.511181 dh=35.6215 sec=1.506
sst-2_fp16_h0.003_seed16 step=4625 loss+=0.552361 loss-=1.04767 dh=-82.5518 sec=1.507
sst-2_fp16_h0.003_seed16 step=4650 loss+=0.323261 loss-=0.5333 dh=-35.0064 sec=1.465
sst-2_fp16_h0.003_seed16 step=4675 loss+=0.509856 loss-=0.387751 dh=20.3508 sec=1.507
sst-2_fp16_h0.003_seed16 step=4700 loss+=0.447 loss-=0.504866 dh=-9.64436 sec=1.508
sst-2_fp16_h0.003_seed16 step=4725 loss+=0.450301 loss-=0.629827 dh=-29.9208 sec=1.507
sst-2_fp16_h0.003_seed16 step=4750 loss+=0.51656 loss-=0.423575 dh=15.4975 sec=1.469
sst-2_fp16_h0.003_seed16 step=4775 loss+=0.667957 loss-=0.474581 dh=32.2293 sec=1.465
sst-2_fp16_h0.003_seed16 step=4800 loss+=0.597067 loss-=0.639443 dh=-7.06272 sec=1.480
sst-2_fp16_h0.003_seed16 step=4825 loss+=0.515769 loss-=0.555018 dh=-6.54154 sec=1.380
sst-2_fp16_h0.003_seed16 step=4850 loss+=0.634559 loss-=0.457542 dh=29.5028 sec=1.507
sst-2_fp16_h0.003_seed16 step=4875 loss+=0.64309 loss-=0.525754 dh=19.556 sec=1.507
sst-2_fp16_h0.003_seed16 step=4900 loss+=0.434301 loss-=0.440008 dh=-0.951223 sec=1.378
sst-2_fp16_h0.003_seed16 step=4925 loss+=0.418682 loss-=0.505897 dh=-14.5359 sec=1.378
sst-2_fp16_h0.003_seed16 step=4950 loss+=0.505328 loss-=0.533102 dh=-4.62907 sec=1.507
sst-2_fp16_h0.003_seed16 step=4975 loss+=0.487968 loss-=0.5906 dh=-17.1053 sec=1.465
sst-2_fp16_h0.003_seed16 step=5000 loss+=0.644936 loss-=0.487353 dh=26.2638 sec=1.465
eval step=5000 {'eval_acc': 0.7362385321100917, 'eval_loss': 0.5079482588981099, 'eval_examples': 872}
sst-2_fp16_h0.003_seed16 step=5025 loss+=0.697675 loss-=0.712961 dh=-2.54751 sec=1.466
sst-2_fp16_h0.003_seed16 step=5050 loss+=0.473627 loss-=0.478136 dh=-0.751542 sec=1.507
sst-2_fp16_h0.003_seed16 step=5075 loss+=0.541883 loss-=0.408535 dh=22.2247 sec=1.366
sst-2_fp16_h0.003_seed16 step=5100 loss+=0.56037 loss-=0.668441 dh=-18.0118 sec=1.379
sst-2_fp16_h0.003_seed16 step=5125 loss+=0.53676 loss-=0.534561 dh=0.366507 sec=1.379
sst-2_fp16_h0.003_seed16 step=5150 loss+=0.603869 loss-=0.521874 dh=13.6659 sec=1.507
sst-2_fp16_h0.003_seed16 step=5175 loss+=0.474808 loss-=0.588861 dh=-19.0087 sec=1.468
sst-2_fp16_h0.003_seed16 step=5200 loss+=0.776239 loss-=0.701615 dh=12.4374 sec=1.466
sst-2_fp16_h0.003_seed16 step=5225 loss+=0.581043 loss-=0.46182 dh=19.8705 sec=1.478
sst-2_fp16_h0.003_seed16 step=5250 loss+=0.417112 loss-=0.570349 dh=-25.5394 sec=1.465
sst-2_fp16_h0.003_seed16 step=5275 loss+=0.585243 loss-=0.651861 dh=-11.1032 sec=1.507
sst-2_fp16_h0.003_seed16 step=5300 loss+=0.555335 loss-=0.488204 dh=11.1886 sec=1.379
sst-2_fp16_h0.003_seed16 step=5325 loss+=0.364282 loss-=0.446058 dh=-13.6293 sec=1.466
sst-2_fp16_h0.003_seed16 step=5350 loss+=0.538807 loss-=0.630477 dh=-15.2783 sec=1.507
sst-2_fp16_h0.003_seed16 step=5375 loss+=0.550363 loss-=0.563791 dh=-2.23803 sec=1.508
sst-2_fp16_h0.003_seed16 step=5400 loss+=0.52076 loss-=0.713644 dh=-32.1473 sec=1.508
sst-2_fp16_h0.003_seed16 step=5425 loss+=0.669033 loss-=0.38948 dh=46.5922 sec=1.466
sst-2_fp16_h0.003_seed16 step=5450 loss+=0.588846 loss-=0.53955 dh=8.2161 sec=1.508
sst-2_fp16_h0.003_seed16 step=5475 loss+=0.491256 loss-=0.577019 dh=-14.2939 sec=1.367
sst-2_fp16_h0.003_seed16 step=5500 loss+=0.583628 loss-=0.632535 dh=-8.15122 sec=1.506
eval step=5500 {'eval_acc': 0.7408256880733946, 'eval_loss': 0.49520000828207905, 'eval_examples': 872}
sst-2_fp16_h0.003_seed16 step=5525 loss+=0.532215 loss-=0.484805 dh=7.90169 sec=1.379
sst-2_fp16_h0.003_seed16 step=5550 loss+=0.394837 loss-=0.508237 dh=-18.9 sec=1.366
sst-2_fp16_h0.003_seed16 step=5575 loss+=0.658669 loss-=0.642299 dh=2.72838 sec=1.506
sst-2_fp16_h0.003_seed16 step=5600 loss+=0.383671 loss-=0.428986 dh=-7.55253 sec=1.494
sst-2_fp16_h0.003_seed16 step=5625 loss+=0.727221 loss-=0.605879 dh=20.2237 sec=1.506
sst-2_fp16_h0.003_seed16 step=5650 loss+=0.478937 loss-=0.570562 dh=-15.2708 sec=1.379
sst-2_fp16_h0.003_seed16 step=5675 loss+=0.530547 loss-=0.64832 dh=-19.6289 sec=1.468
sst-2_fp16_h0.003_seed16 step=5700 loss+=0.408893 loss-=0.472672 dh=-10.6299 sec=1.466
sst-2_fp16_h0.003_seed16 step=5725 loss+=0.425276 loss-=0.585811 dh=-26.7557 sec=1.508
sst-2_fp16_h0.003_seed16 step=5750 loss+=0.439317 loss-=0.490497 dh=-8.53002 sec=1.507
sst-2_fp16_h0.003_seed16 step=5775 loss+=0.568681 loss-=0.465686 dh=17.1659 sec=1.466
sst-2_fp16_h0.003_seed16 step=5800 loss+=0.73642 loss-=0.570164 dh=27.7093 sec=1.378
sst-2_fp16_h0.003_seed16 step=5825 loss+=0.852238 loss-=0.92047 dh=-11.372 sec=1.466
sst-2_fp16_h0.003_seed16 step=5850 loss+=0.303478 loss-=0.419934 dh=-19.4094 sec=1.478
sst-2_fp16_h0.003_seed16 step=5875 loss+=0.620136 loss-=0.621926 dh=-0.29821 sec=1.506
sst-2_fp16_h0.003_seed16 step=5900 loss+=0.530272 loss-=0.592617 dh=-10.3909 sec=1.507
sst-2_fp16_h0.003_seed16 step=5925 loss+=0.460715 loss-=0.647309 dh=-31.099 sec=1.379
sst-2_fp16_h0.003_seed16 step=5950 loss+=0.471539 loss-=0.499011 dh=-4.57881 sec=1.466
sst-2_fp16_h0.003_seed16 step=5975 loss+=0.472524 loss-=0.427516 dh=7.50123 sec=1.380
sst-2_fp16_h0.003_seed16 step=6000 loss+=0.758436 loss-=0.58737 dh=28.511 sec=1.479
eval step=6000 {'eval_acc': 0.7545871559633027, 'eval_loss': 0.4821918753462784, 'eval_examples': 872}
sst-2_fp16_h0.003_seed16 step=6025 loss+=0.585603 loss-=0.457601 dh=21.3336 sec=1.378
sst-2_fp16_h0.003_seed16 step=6050 loss+=0.449462 loss-=0.427967 dh=3.58263 sec=1.378
sst-2_fp16_h0.003_seed16 step=6075 loss+=0.764865 loss-=0.685838 dh=13.1711 sec=1.379
sst-2_fp16_h0.003_seed16 step=6100 loss+=0.501172 loss-=0.525586 dh=-4.06895 sec=1.466
sst-2_fp16_h0.003_seed16 step=6125 loss+=0.421545 loss-=0.608935 dh=-31.2317 sec=1.508
sst-2_fp16_h0.003_seed16 step=6150 loss+=0.499313 loss-=0.812303 dh=-52.165 sec=1.507
sst-2_fp16_h0.003_seed16 step=6175 loss+=0.519282 loss-=0.561674 dh=-7.06528 sec=1.507
sst-2_fp16_h0.003_seed16 step=6200 loss+=0.938961 loss-=0.593578 dh=57.5639 sec=1.367
sst-2_fp16_h0.003_seed16 step=6225 loss+=0.508944 loss-=0.550911 dh=-6.99443 sec=1.380
sst-2_fp16_h0.003_seed16 step=6250 loss+=0.571061 loss-=0.551053 dh=3.33483 sec=1.508
sst-2_fp16_h0.003_seed16 step=6275 loss+=0.463858 loss-=0.480704 dh=-2.80776 sec=1.661
sst-2_fp16_h0.003_seed16 step=6300 loss+=0.555786 loss-=0.878021 dh=-53.7058 sec=1.467
sst-2_fp16_h0.003_seed16 step=6325 loss+=0.469428 loss-=0.447412 dh=3.66928 sec=1.507
sst-2_fp16_h0.003_seed16 step=6350 loss+=0.66983 loss-=0.451927 dh=36.3172 sec=1.466
sst-2_fp16_h0.003_seed16 step=6375 loss+=0.572456 loss-=0.48304 dh=14.9026 sec=1.507
sst-2_fp16_h0.003_seed16 step=6400 loss+=0.479956 loss-=0.507212 dh=-4.54254 sec=1.466
sst-2_fp16_h0.003_seed16 step=6425 loss+=0.64197 loss-=0.336804 dh=50.861 sec=1.509
sst-2_fp16_h0.003_seed16 step=6450 loss+=0.675848 loss-=0.49626 dh=29.9312 sec=1.379
sst-2_fp16_h0.003_seed16 step=6475 loss+=0.44236 loss-=0.423646 dh=3.11903 sec=1.507
sst-2_fp16_h0.003_seed16 step=6500 loss+=0.526028 loss-=0.670885 dh=-24.1427 sec=1.379
eval step=6500 {'eval_acc': 0.7603211009174312, 'eval_loss': 0.47733199675866494, 'eval_examples': 872}
sst-2_fp16_h0.003_seed16 step=6525 loss+=0.425625 loss-=0.49469 dh=-11.5109 sec=1.365
sst-2_fp16_h0.003_seed16 step=6550 loss+=0.545766 loss-=0.600274 dh=-9.08477 sec=1.379
sst-2_fp16_h0.003_seed16 step=6575 loss+=0.583205 loss-=0.643303 dh=-10.0165 sec=1.477
sst-2_fp16_h0.003_seed16 step=6600 loss+=0.687484 loss-=0.632989 dh=9.08241 sec=1.466
sst-2_fp16_h0.003_seed16 step=6625 loss+=0.590368 loss-=0.542432 dh=7.98931 sec=1.495
sst-2_fp16_h0.003_seed16 step=6650 loss+=0.56163 loss-=0.494943 dh=11.1145 sec=1.507
sst-2_fp16_h0.003_seed16 step=6675 loss+=0.527358 loss-=0.585521 dh=-9.69387 sec=1.466
sst-2_fp16_h0.003_seed16 step=6700 loss+=0.487966 loss-=0.523352 dh=-5.89762 sec=1.367
sst-2_fp16_h0.003_seed16 step=6725 loss+=0.300666 loss-=0.513463 dh=-35.466 sec=1.508
sst-2_fp16_h0.003_seed16 step=6750 loss+=0.569656 loss-=0.465615 dh=17.3402 sec=1.379
sst-2_fp16_h0.003_seed16 step=6775 loss+=0.547281 loss-=0.493703 dh=8.92966 sec=1.507
sst-2_fp16_h0.003_seed16 step=6800 loss+=0.40776 loss-=0.585201 dh=-29.5734 sec=1.479
sst-2_fp16_h0.003_seed16 step=6825 loss+=0.506847 loss-=0.593896 dh=-14.5081 sec=1.380
sst-2_fp16_h0.003_seed16 step=6850 loss+=0.495518 loss-=0.70471 dh=-34.8654 sec=1.466
sst-2_fp16_h0.003_seed16 step=6875 loss+=0.429273 loss-=0.535285 dh=-17.6687 sec=1.379
sst-2_fp16_h0.003_seed16 step=6900 loss+=0.849723 loss-=0.455641 dh=65.6803 sec=1.468
sst-2_fp16_h0.003_seed16 step=6925 loss+=0.495759 loss-=0.390716 dh=17.5071 sec=1.466
sst-2_fp16_h0.003_seed16 step=6950 loss+=0.617684 loss-=0.534851 dh=13.8055 sec=1.465
sst-2_fp16_h0.003_seed16 step=6975 loss+=0.42427 loss-=0.3943 dh=4.99499 sec=1.507
sst-2_fp16_h0.003_seed16 step=7000 loss+=0.802912 loss-=0.508567 dh=49.0574 sec=1.464
eval step=7000 {'eval_acc': 0.7649082568807339, 'eval_loss': 0.472499524629803, 'eval_examples': 872}
sst-2_fp16_h0.003_seed16 step=7025 loss+=0.612196 loss-=0.582078 dh=5.01974 sec=1.366
sst-2_fp16_h0.003_seed16 step=7050 loss+=0.524529 loss-=0.487661 dh=6.14467 sec=1.379
sst-2_fp16_h0.003_seed16 step=7075 loss+=0.677236 loss-=0.741615 dh=-10.7298 sec=1.506
sst-2_fp16_h0.003_seed16 step=7100 loss+=0.687695 loss-=0.516505 dh=28.5316 sec=1.466
sst-2_fp16_h0.003_seed16 step=7125 loss+=0.445452 loss-=0.563103 dh=-19.6085 sec=1.379
sst-2_fp16_h0.003_seed16 step=7150 loss+=0.408667 loss-=0.482415 dh=-12.2914 sec=1.379
sst-2_fp16_h0.003_seed16 step=7175 loss+=0.397646 loss-=0.437684 dh=-6.67291 sec=1.507
sst-2_fp16_h0.003_seed16 step=7200 loss+=0.36989 loss-=0.477432 dh=-17.9236 sec=1.367
sst-2_fp16_h0.003_seed16 step=7225 loss+=0.261881 loss-=0.75817 dh=-82.7148 sec=1.466
sst-2_fp16_h0.003_seed16 step=7250 loss+=0.458362 loss-=0.539059 dh=-13.4494 sec=1.465
sst-2_fp16_h0.003_seed16 step=7275 loss+=0.483256 loss-=0.595348 dh=-18.682 sec=1.466
sst-2_fp16_h0.003_seed16 step=7300 loss+=0.63323 loss-=0.466544 dh=27.7811 sec=1.508
sst-2_fp16_h0.003_seed16 step=7325 loss+=0.605574 loss-=0.479035 dh=21.0899 sec=1.507
sst-2_fp16_h0.003_seed16 step=7350 loss+=0.410426 loss-=0.476684 dh=-11.0429 sec=1.464
sst-2_fp16_h0.003_seed16 step=7375 loss+=0.630076 loss-=0.585222 dh=7.47566 sec=1.506
sst-2_fp16_h0.003_seed16 step=7400 loss+=0.402916 loss-=0.525355 dh=-20.4066 sec=1.378
sst-2_fp16_h0.003_seed16 step=7425 loss+=0.543899 loss-=0.516584 dh=4.5525 sec=1.466
sst-2_fp16_h0.003_seed16 step=7450 loss+=0.690067 loss-=0.449565 dh=40.0836 sec=1.367
sst-2_fp16_h0.003_seed16 step=7475 loss+=0.758915 loss-=0.695672 dh=10.5407 sec=1.493
sst-2_fp16_h0.003_seed16 step=7500 loss+=0.314715 loss-=0.651059 dh=-56.0575 sec=1.467
eval step=7500 {'eval_acc': 0.7672018348623854, 'eval_loss': 0.46370003588813774, 'eval_examples': 872}
sst-2_fp16_h0.003_seed16 step=7525 loss+=0.697423 loss-=0.443288 dh=42.3559 sec=1.507
sst-2_fp16_h0.003_seed16 step=7550 loss+=0.561858 loss-=0.589806 dh=-4.65805 sec=1.463
sst-2_fp16_h0.003_seed16 step=7575 loss+=0.420757 loss-=0.233631 dh=31.1877 sec=1.379
sst-2_fp16_h0.003_seed16 step=7600 loss+=0.475498 loss-=0.550906 dh=-12.5679 sec=1.378
sst-2_fp16_h0.003_seed16 step=7625 loss+=0.460111 loss-=0.488088 dh=-4.66283 sec=1.312
sst-2_fp16_h0.003_seed16 step=7650 loss+=0.465709 loss-=0.814232 dh=-58.0872 sec=1.379
sst-2_fp16_h0.003_seed16 step=7675 loss+=0.468359 loss-=0.532556 dh=-10.6995 sec=1.508
sst-2_fp16_h0.003_seed16 step=7700 loss+=0.714422 loss-=0.717334 dh=-0.485475 sec=1.465
sst-2_fp16_h0.003_seed16 step=7725 loss+=0.701097 loss-=0.502844 dh=33.0422 sec=1.379
sst-2_fp16_h0.003_seed16 step=7750 loss+=0.400387 loss-=0.563889 dh=-27.2502 sec=1.467
sst-2_fp16_h0.003_seed16 step=7775 loss+=0.450175 loss-=0.481866 dh=-5.28182 sec=1.379
sst-2_fp16_h0.003_seed16 step=7800 loss+=0.675394 loss-=0.565363 dh=18.3384 sec=1.466
sst-2_fp16_h0.003_seed16 step=7825 loss+=0.634922 loss-=0.70177 dh=-11.1412 sec=1.465
sst-2_fp16_h0.003_seed16 step=7850 loss+=0.377697 loss-=0.421148 dh=-7.24171 sec=1.493
sst-2_fp16_h0.003_seed16 step=7875 loss+=0.416571 loss-=0.554153 dh=-22.9303 sec=1.508
sst-2_fp16_h0.003_seed16 step=7900 loss+=0.442723 loss-=0.524132 dh=-13.5682 sec=1.479
sst-2_fp16_h0.003_seed16 step=7925 loss+=0.510785 loss-=0.593807 dh=-13.837 sec=1.379
sst-2_fp16_h0.003_seed16 step=7950 loss+=0.653409 loss-=0.568788 dh=14.1035 sec=1.507
sst-2_fp16_h0.003_seed16 step=7975 loss+=0.422104 loss-=0.343892 dh=13.0353 sec=1.508
sst-2_fp16_h0.003_seed16 step=8000 loss+=0.497868 loss-=0.472911 dh=4.15956 sec=1.378
eval step=8000 {'eval_acc': 0.7694954128440367, 'eval_loss': 0.46171373561977347, 'eval_examples': 872}
sst-2_fp16_h0.003_seed16 step=8025 loss+=0.450829 loss-=0.374921 dh=12.6514 sec=1.466
sst-2_fp16_h0.003_seed16 step=8050 loss+=0.774977 loss-=0.612395 dh=27.097 sec=1.507
sst-2_fp16_h0.003_seed16 step=8075 loss+=0.380886 loss-=0.359933 dh=3.49229 sec=1.379
sst-2_fp16_h0.003_seed16 step=8100 loss+=0.515796 loss-=0.659835 dh=-24.0066 sec=1.504
sst-2_fp16_h0.003_seed16 step=8125 loss+=0.618762 loss-=0.507408 dh=18.559 sec=1.466
sst-2_fp16_h0.003_seed16 step=8150 loss+=0.303017 loss-=0.456391 dh=-25.5625 sec=1.379
sst-2_fp16_h0.003_seed16 step=8175 loss+=0.52074 loss-=0.499461 dh=3.54649 sec=1.466
sst-2_fp16_h0.003_seed16 step=8200 loss+=0.655412 loss-=0.80772 dh=-25.3846 sec=1.366
sst-2_fp16_h0.003_seed16 step=8225 loss+=0.40505 loss-=0.312064 dh=15.4976 sec=1.366
sst-2_fp16_h0.003_seed16 step=8250 loss+=0.508973 loss-=0.459145 dh=8.3047 sec=1.378
sst-2_fp16_h0.003_seed16 step=8275 loss+=0.573674 loss-=0.49667 dh=12.8339 sec=1.507
sst-2_fp16_h0.003_seed16 step=8300 loss+=0.68457 loss-=0.921709 dh=-39.5232 sec=1.378
sst-2_fp16_h0.003_seed16 step=8325 loss+=0.613054 loss-=0.696105 dh=-13.8418 sec=1.464
sst-2_fp16_h0.003_seed16 step=8350 loss+=0.42656 loss-=0.222205 dh=34.0592 sec=1.476
sst-2_fp16_h0.003_seed16 step=8375 loss+=0.420799 loss-=0.308767 dh=18.672 sec=1.466
sst-2_fp16_h0.003_seed16 step=8400 loss+=0.462119 loss-=0.60342 dh=-23.5502 sec=1.378
sst-2_fp16_h0.003_seed16 step=8425 loss+=0.379976 loss-=0.500659 dh=-20.1138 sec=1.378
sst-2_fp16_h0.003_seed16 step=8450 loss+=0.433599 loss-=0.364303 dh=11.5494 sec=1.467
sst-2_fp16_h0.003_seed16 step=8475 loss+=0.339222 loss-=0.488255 dh=-24.8387 sec=1.506
sst-2_fp16_h0.003_seed16 step=8500 loss+=0.433059 loss-=0.62631 dh=-32.2084 sec=1.466
eval step=8500 {'eval_acc': 0.7752293577981652, 'eval_loss': 0.4570573648670688, 'eval_examples': 872}
sst-2_fp16_h0.003_seed16 step=8525 loss+=0.31767 loss-=0.584294 dh=-44.4374 sec=1.507
sst-2_fp16_h0.003_seed16 step=8550 loss+=0.459412 loss-=0.656102 dh=-32.7816 sec=1.477
sst-2_fp16_h0.003_seed16 step=8575 loss+=0.32694 loss-=0.478289 dh=-25.2248 sec=1.465
sst-2_fp16_h0.003_seed16 step=8600 loss+=0.566717 loss-=0.513403 dh=8.8857 sec=1.496
sst-2_fp16_h0.003_seed16 step=8625 loss+=0.504164 loss-=0.35866 dh=24.2507 sec=1.508
sst-2_fp16_h0.003_seed16 step=8650 loss+=0.514869 loss-=0.805748 dh=-48.4798 sec=1.366
sst-2_fp16_h0.003_seed16 step=8675 loss+=0.325537 loss-=0.37171 dh=-7.69564 sec=1.508
sst-2_fp16_h0.003_seed16 step=8700 loss+=0.518478 loss-=0.53356 dh=-2.51372 sec=1.507
sst-2_fp16_h0.003_seed16 step=8725 loss+=0.411779 loss-=0.54856 dh=-22.7969 sec=1.378
sst-2_fp16_h0.003_seed16 step=8750 loss+=0.383002 loss-=0.389543 dh=-1.09017 sec=1.468
sst-2_fp16_h0.003_seed16 step=8775 loss+=0.372512 loss-=0.399954 dh=-4.57355 sec=1.379
sst-2_fp16_h0.003_seed16 step=8800 loss+=0.42185 loss-=0.47614 dh=-9.04832 sec=1.478
sst-2_fp16_h0.003_seed16 step=8825 loss+=0.607416 loss-=0.47515 dh=22.0444 sec=1.507
sst-2_fp16_h0.003_seed16 step=8850 loss+=0.422867 loss-=0.525466 dh=-17.0997 sec=1.506
sst-2_fp16_h0.003_seed16 step=8875 loss+=0.228914 loss-=0.543213 dh=-52.3833 sec=1.479
sst-2_fp16_h0.003_seed16 step=8900 loss+=0.443775 loss-=0.519154 dh=-12.5631 sec=1.466
sst-2_fp16_h0.003_seed16 step=8925 loss+=0.416711 loss-=0.320446 dh=16.0441 sec=1.465
sst-2_fp16_h0.003_seed16 step=8950 loss+=0.519267 loss-=0.679984 dh=-26.7862 sec=1.465
sst-2_fp16_h0.003_seed16 step=8975 loss+=0.450998 loss-=0.629795 dh=-29.7996 sec=1.466
sst-2_fp16_h0.003_seed16 step=9000 loss+=0.507409 loss-=0.548971 dh=-6.92712 sec=1.479
eval step=9000 {'eval_acc': 0.7844036697247706, 'eval_loss': 0.4432091148679119, 'eval_examples': 872}
sst-2_fp16_h0.003_seed16 step=9025 loss+=0.66495 loss-=0.621997 dh=7.15883 sec=1.505
sst-2_fp16_h0.003_seed16 step=9050 loss+=0.478421 loss-=0.493537 dh=-2.51925 sec=1.476
sst-2_fp16_h0.003_seed16 step=9075 loss+=0.334456 loss-=0.73847 dh=-67.3357 sec=1.366
sst-2_fp16_h0.003_seed16 step=9100 loss+=0.477645 loss-=0.508493 dh=-5.14128 sec=1.507
sst-2_fp16_h0.003_seed16 step=9125 loss+=0.643477 loss-=0.4282 dh=35.8796 sec=1.493
sst-2_fp16_h0.003_seed16 step=9150 loss+=0.545911 loss-=0.482818 dh=10.5155 sec=1.467
sst-2_fp16_h0.003_seed16 step=9175 loss+=0.457128 loss-=0.484444 dh=-4.55275 sec=1.507
sst-2_fp16_h0.003_seed16 step=9200 loss+=0.521635 loss-=0.65452 dh=-22.1475 sec=1.477
sst-2_fp16_h0.003_seed16 step=9225 loss+=0.392596 loss-=0.491186 dh=-16.4316 sec=1.379
sst-2_fp16_h0.003_seed16 step=9250 loss+=0.485532 loss-=0.405361 dh=13.3617 sec=1.465
sst-2_fp16_h0.003_seed16 step=9275 loss+=0.4573 loss-=0.489255 dh=-5.3258 sec=1.507
sst-2_fp16_h0.003_seed16 step=9300 loss+=0.341489 loss-=0.438295 dh=-16.1343 sec=1.506
sst-2_fp16_h0.003_seed16 step=9325 loss+=0.431403 loss-=0.525517 dh=-15.6856 sec=1.508
sst-2_fp16_h0.003_seed16 step=9350 loss+=0.509545 loss-=0.532632 dh=-3.84776 sec=1.508
sst-2_fp16_h0.003_seed16 step=9375 loss+=0.412829 loss-=0.336866 dh=12.6604 sec=1.378
sst-2_fp16_h0.003_seed16 step=9400 loss+=0.365664 loss-=0.668616 dh=-50.492 sec=1.378
sst-2_fp16_h0.003_seed16 step=9425 loss+=0.604264 loss-=0.581875 dh=3.73135 sec=1.507
sst-2_fp16_h0.003_seed16 step=9450 loss+=0.435026 loss-=0.42129 dh=2.28931 sec=1.479
sst-2_fp16_h0.003_seed16 step=9475 loss+=0.541791 loss-=0.446625 dh=15.861 sec=1.506
sst-2_fp16_h0.003_seed16 step=9500 loss+=0.480967 loss-=0.454586 dh=4.39676 sec=1.507
eval step=9500 {'eval_acc': 0.7901376146788991, 'eval_loss': 0.4337060764312334, 'eval_examples': 872}
sst-2_fp16_h0.003_seed16 step=9525 loss+=0.404426 loss-=0.392068 dh=2.05974 sec=1.366
sst-2_fp16_h0.003_seed16 step=9550 loss+=0.433416 loss-=0.506196 dh=-12.1299 sec=1.465
sst-2_fp16_h0.003_seed16 step=9575 loss+=0.438138 loss-=0.349631 dh=14.7512 sec=1.494
sst-2_fp16_h0.003_seed16 step=9600 loss+=0.421686 loss-=0.564443 dh=-23.7929 sec=1.507
sst-2_fp16_h0.003_seed16 step=9625 loss+=0.546622 loss-=0.518053 dh=4.76152 sec=1.507
sst-2_fp16_h0.003_seed16 step=9650 loss+=0.319386 loss-=0.230206 dh=14.8634 sec=1.507
sst-2_fp16_h0.003_seed16 step=9675 loss+=0.47331 loss-=0.382586 dh=15.1205 sec=1.476
sst-2_fp16_h0.003_seed16 step=9700 loss+=0.478602 loss-=0.528176 dh=-8.26219 sec=1.493
sst-2_fp16_h0.003_seed16 step=9725 loss+=0.504693 loss-=0.521748 dh=-2.84257 sec=1.506
sst-2_fp16_h0.003_seed16 step=9750 loss+=1.12153 loss-=0.479492 dh=107.006 sec=1.378
sst-2_fp16_h0.003_seed16 step=9775 loss+=0.509638 loss-=0.435499 dh=12.3565 sec=1.507
sst-2_fp16_h0.003_seed16 step=9800 loss+=0.545836 loss-=0.522517 dh=3.88647 sec=1.507
sst-2_fp16_h0.003_seed16 step=9825 loss+=0.545179 loss-=0.445341 dh=16.6396 sec=1.494
sst-2_fp16_h0.003_seed16 step=9850 loss+=0.456611 loss-=0.423804 dh=5.46789 sec=1.379
sst-2_fp16_h0.003_seed16 step=9875 loss+=0.394972 loss-=0.339647 dh=9.22076 sec=1.774
sst-2_fp16_h0.003_seed16 step=9900 loss+=0.341667 loss-=0.480513 dh=-23.141 sec=1.378
sst-2_fp16_h0.003_seed16 step=9925 loss+=0.46929 loss-=0.856734 dh=-64.574 sec=1.506
sst-2_fp16_h0.003_seed16 step=9950 loss+=0.47787 loss-=0.552291 dh=-12.4034 sec=1.466
sst-2_fp16_h0.003_seed16 step=9975 loss+=0.373123 loss-=0.263629 dh=18.249 sec=1.379
sst-2_fp16_h0.003_seed16 step=10000 loss+=0.320956 loss-=0.22478 dh=16.0292 sec=1.478
eval step=10000 {'eval_acc': 0.8073394495412844, 'eval_loss': 0.4136423563665856, 'eval_examples': 872}
sst-2_fp16_h0.003_seed16 step=10025 loss+=0.570782 loss-=0.450243 dh=20.0898 sec=1.379
sst-2_fp16_h0.003_seed16 step=10050 loss+=0.303144 loss-=0.733651 dh=-71.7512 sec=1.477
sst-2_fp16_h0.003_seed16 step=10075 loss+=0.193712 loss-=0.406818 dh=-35.5177 sec=1.379
sst-2_fp16_h0.003_seed16 step=10100 loss+=0.544989 loss-=0.517144 dh=4.64086 sec=1.506
sst-2_fp16_h0.003_seed16 step=10125 loss+=0.673344 loss-=0.471501 dh=33.6405 sec=1.465
sst-2_fp16_h0.003_seed16 step=10150 loss+=0.45172 loss-=0.534549 dh=-13.8049 sec=1.507
sst-2_fp16_h0.003_seed16 step=10175 loss+=0.350896 loss-=0.553017 dh=-33.6869 sec=1.506
sst-2_fp16_h0.003_seed16 step=10200 loss+=0.728625 loss-=0.384386 dh=57.3731 sec=1.507
sst-2_fp16_h0.003_seed16 step=10225 loss+=0.543813 loss-=0.499792 dh=7.33669 sec=1.477
sst-2_fp16_h0.003_seed16 step=10250 loss+=0.468549 loss-=0.421541 dh=7.83458 sec=1.467
sst-2_fp16_h0.003_seed16 step=10275 loss+=0.318723 loss-=0.379661 dh=-10.1564 sec=1.465
sst-2_fp16_h0.003_seed16 step=10300 loss+=0.554901 loss-=0.661112 dh=-17.7017 sec=1.506
sst-2_fp16_h0.003_seed16 step=10325 loss+=0.45085 loss-=0.771689 dh=-53.4733 sec=1.378
sst-2_fp16_h0.003_seed16 step=10350 loss+=0.286402 loss-=0.518659 dh=-38.7094 sec=1.506
sst-2_fp16_h0.003_seed16 step=10375 loss+=0.447549 loss-=0.41118 dh=6.06147 sec=1.507
sst-2_fp16_h0.003_seed16 step=10400 loss+=0.395928 loss-=0.32295 dh=12.1631 sec=1.465
sst-2_fp16_h0.003_seed16 step=10425 loss+=0.660659 loss-=0.671466 dh=-1.80119 sec=1.506
sst-2_fp16_h0.003_seed16 step=10450 loss+=0.857896 loss-=0.62943 dh=38.0775 sec=1.378
sst-2_fp16_h0.003_seed16 step=10475 loss+=0.583181 loss-=0.625669 dh=-7.08141 sec=1.378
sst-2_fp16_h0.003_seed16 step=10500 loss+=0.337596 loss-=0.529547 dh=-31.9918 sec=1.466
eval step=10500 {'eval_acc': 0.8130733944954128, 'eval_loss': 0.40461634642790595, 'eval_examples': 872}
sst-2_fp16_h0.003_seed16 step=10525 loss+=0.468169 loss-=0.445849 dh=3.71995 sec=1.466
sst-2_fp16_h0.003_seed16 step=10550 loss+=0.535599 loss-=0.537831 dh=-0.372073 sec=1.506
sst-2_fp16_h0.003_seed16 step=10575 loss+=0.349744 loss-=0.591742 dh=-40.333 sec=1.378
sst-2_fp16_h0.003_seed16 step=10600 loss+=0.557805 loss-=0.855111 dh=-49.551 sec=1.464
sst-2_fp16_h0.003_seed16 step=10625 loss+=0.51142 loss-=0.368254 dh=23.8611 sec=1.365
sst-2_fp16_h0.003_seed16 step=10650 loss+=0.529607 loss-=0.406086 dh=20.5868 sec=1.379
sst-2_fp16_h0.003_seed16 step=10675 loss+=0.599279 loss-=1.14204 dh=-90.4597 sec=1.509
sst-2_fp16_h0.003_seed16 step=10700 loss+=0.637169 loss-=0.493147 dh=24.0037 sec=1.380
sst-2_fp16_h0.003_seed16 step=10725 loss+=0.287163 loss-=0.451679 dh=-27.4192 sec=1.498
sst-2_fp16_h0.003_seed16 step=10750 loss+=0.566271 loss-=0.535267 dh=5.16741 sec=1.711
sst-2_fp16_h0.003_seed16 step=10775 loss+=0.228187 loss-=0.303119 dh=-12.4886 sec=1.510
sst-2_fp16_h0.003_seed16 step=10800 loss+=0.239854 loss-=0.555333 dh=-52.5798 sec=1.494
sst-2_fp16_h0.003_seed16 step=10825 loss+=0.570959 loss-=0.493134 dh=12.971 sec=1.509
sst-2_fp16_h0.003_seed16 step=10850 loss+=0.585968 loss-=0.625282 dh=-6.55226 sec=1.380
sst-2_fp16_h0.003_seed16 step=10875 loss+=0.672581 loss-=0.378597 dh=48.9974 sec=1.379
sst-2_fp16_h0.003_seed16 step=10900 loss+=0.375313 loss-=0.498228 dh=-20.4858 sec=1.507
sst-2_fp16_h0.003_seed16 step=10925 loss+=0.857287 loss-=0.490015 dh=61.212 sec=1.508
sst-2_fp16_h0.003_seed16 step=10950 loss+=0.363065 loss-=0.471823 dh=-18.1263 sec=1.506
sst-2_fp16_h0.003_seed16 step=10975 loss+=0.353205 loss-=0.605805 dh=-42.1 sec=1.379
sst-2_fp16_h0.003_seed16 step=11000 loss+=0.455712 loss-=0.948723 dh=-82.1685 sec=1.507
eval step=11000 {'eval_acc': 0.8153669724770642, 'eval_loss': 0.39977355130922493, 'eval_examples': 872}
sst-2_fp16_h0.003_seed16 step=11025 loss+=0.828111 loss-=0.493718 dh=55.7322 sec=1.508
sst-2_fp16_h0.003_seed16 step=11050 loss+=0.609739 loss-=0.318884 dh=48.4758 sec=1.379
sst-2_fp16_h0.003_seed16 step=11075 loss+=0.408985 loss-=0.606399 dh=-32.9024 sec=1.506
sst-2_fp16_h0.003_seed16 step=11100 loss+=1.33194 loss-=0.35836 dh=162.264 sec=1.508
sst-2_fp16_h0.003_seed16 step=11125 loss+=0.606611 loss-=0.392456 dh=35.6926 sec=1.380
sst-2_fp16_h0.003_seed16 step=11150 loss+=0.597974 loss-=0.191611 dh=67.7272 sec=1.366
sst-2_fp16_h0.003_seed16 step=11175 loss+=0.370759 loss-=0.197436 dh=28.8871 sec=1.468
sst-2_fp16_h0.003_seed16 step=11200 loss+=0.497725 loss-=0.564637 dh=-11.1519 sec=1.468
sst-2_fp16_h0.003_seed16 step=11225 loss+=0.896392 loss-=0.500786 dh=65.9344 sec=1.508
sst-2_fp16_h0.003_seed16 step=11250 loss+=0.312928 loss-=0.39387 dh=-13.4904 sec=1.508
sst-2_fp16_h0.003_seed16 step=11275 loss+=0.429557 loss-=0.360965 dh=11.432 sec=1.467
sst-2_fp16_h0.003_seed16 step=11300 loss+=0.468513 loss-=0.462614 dh=0.983173 sec=1.507
sst-2_fp16_h0.003_seed16 step=11325 loss+=0.35173 loss-=0.24503 dh=17.7834 sec=1.507
sst-2_fp16_h0.003_seed16 step=11350 loss+=0.437927 loss-=0.376669 dh=10.2097 sec=1.467
sst-2_fp16_h0.003_seed16 step=11375 loss+=0.701867 loss-=0.388499 dh=52.2279 sec=1.466
sst-2_fp16_h0.003_seed16 step=11400 loss+=0.285146 loss-=0.419815 dh=-22.4449 sec=1.466
sst-2_fp16_h0.003_seed16 step=11425 loss+=0.653089 loss-=0.410501 dh=40.4314 sec=1.379
sst-2_fp16_h0.003_seed16 step=11450 loss+=0.305716 loss-=0.612507 dh=-51.1318 sec=1.379
sst-2_fp16_h0.003_seed16 step=11475 loss+=0.486942 loss-=0.245096 dh=40.3076 sec=1.506
sst-2_fp16_h0.003_seed16 step=11500 loss+=0.550154 loss-=0.536333 dh=2.30344 sec=1.367
eval step=11500 {'eval_acc': 0.8165137614678899, 'eval_loss': 0.39056943156521495, 'eval_examples': 872}
sst-2_fp16_h0.003_seed16 step=11525 loss+=0.458291 loss-=0.22257 dh=39.2868 sec=1.478
sst-2_fp16_h0.003_seed16 step=11550 loss+=0.634724 loss-=0.427307 dh=34.5695 sec=1.507
sst-2_fp16_h0.003_seed16 step=11575 loss+=0.3208 loss-=0.233272 dh=14.5879 sec=1.467
sst-2_fp16_h0.003_seed16 step=11600 loss+=0.385535 loss-=0.421219 dh=-5.94742 sec=1.506
sst-2_fp16_h0.003_seed16 step=11625 loss+=0.434996 loss-=0.552315 dh=-19.5532 sec=1.507
sst-2_fp16_h0.003_seed16 step=11650 loss+=0.438452 loss-=0.478773 dh=-6.72009 sec=1.507
sst-2_fp16_h0.003_seed16 step=11675 loss+=0.377389 loss-=0.783313 dh=-67.654 sec=1.465
sst-2_fp16_h0.003_seed16 step=11700 loss+=0.587006 loss-=0.26748 dh=53.2542 sec=1.508
sst-2_fp16_h0.003_seed16 step=11725 loss+=0.340019 loss-=0.289103 dh=8.48602 sec=1.508
sst-2_fp16_h0.003_seed16 step=11750 loss+=0.644637 loss-=0.367584 dh=46.1756 sec=1.506
sst-2_fp16_h0.003_seed16 step=11775 loss+=0.38003 loss-=0.40658 dh=-4.42499 sec=1.507
sst-2_fp16_h0.003_seed16 step=11800 loss+=0.632912 loss-=0.810357 dh=-29.5741 sec=1.379
sst-2_fp16_h0.003_seed16 step=11825 loss+=0.22671 loss-=0.454535 dh=-37.9707 sec=1.466
sst-2_fp16_h0.003_seed16 step=11850 loss+=0.752723 loss-=0.673471 dh=13.2086 sec=1.466
sst-2_fp16_h0.003_seed16 step=11875 loss+=0.384375 loss-=0.325898 dh=9.74616 sec=1.378
sst-2_fp16_h0.003_seed16 step=11900 loss+=0.317977 loss-=0.389586 dh=-11.9349 sec=1.467
sst-2_fp16_h0.003_seed16 step=11925 loss+=0.599526 loss-=0.48885 dh=18.446 sec=1.378
sst-2_fp16_h0.003_seed16 step=11950 loss+=0.562204 loss-=0.429693 dh=22.0852 sec=1.379
sst-2_fp16_h0.003_seed16 step=11975 loss+=0.439966 loss-=0.269828 dh=28.3565 sec=1.509
sst-2_fp16_h0.003_seed16 step=12000 loss+=0.404044 loss-=0.363646 dh=6.73295 sec=1.466
eval step=12000 {'eval_acc': 0.8256880733944955, 'eval_loss': 0.38091478028031356, 'eval_examples': 872}
sst-2_fp16_h0.003_seed16 step=12025 loss+=0.350414 loss-=0.428447 dh=-13.0055 sec=1.506
sst-2_fp16_h0.003_seed16 step=12050 loss+=0.524565 loss-=0.316136 dh=34.738 sec=1.508
sst-2_fp16_h0.003_seed16 step=12075 loss+=0.239123 loss-=0.295692 dh=-9.42822 sec=1.366
sst-2_fp16_h0.003_seed16 step=12100 loss+=0.778179 loss-=0.595709 dh=30.4116 sec=1.479
sst-2_fp16_h0.003_seed16 step=12125 loss+=0.704142 loss-=0.469793 dh=39.0582 sec=1.378
sst-2_fp16_h0.003_seed16 step=12150 loss+=0.476326 loss-=0.391957 dh=14.0615 sec=1.466
sst-2_fp16_h0.003_seed16 step=12175 loss+=0.564488 loss-=0.479461 dh=14.1713 sec=1.466
sst-2_fp16_h0.003_seed16 step=12200 loss+=0.656317 loss-=0.503786 dh=25.4219 sec=1.378
sst-2_fp16_h0.003_seed16 step=12225 loss+=0.853577 loss-=0.224245 dh=104.889 sec=1.379
sst-2_fp16_h0.003_seed16 step=12250 loss+=0.509123 loss-=0.685934 dh=-29.4684 sec=1.378
sst-2_fp16_h0.003_seed16 step=12275 loss+=0.608248 loss-=0.483174 dh=20.8456 sec=1.507
sst-2_fp16_h0.003_seed16 step=12300 loss+=0.801576 loss-=0.530505 dh=45.1785 sec=1.466
sst-2_fp16_h0.003_seed16 step=12325 loss+=0.313189 loss-=0.493549 dh=-30.06 sec=1.506
sst-2_fp16_h0.003_seed16 step=12350 loss+=0.272141 loss-=0.553723 dh=-46.9303 sec=1.378
sst-2_fp16_h0.003_seed16 step=12375 loss+=0.282877 loss-=0.20889 dh=12.3312 sec=1.379
sst-2_fp16_h0.003_seed16 step=12400 loss+=0.345339 loss-=0.408715 dh=-10.5628 sec=1.506
sst-2_fp16_h0.003_seed16 step=12425 loss+=0.527011 loss-=0.299763 dh=37.8747 sec=1.378
sst-2_fp16_h0.003_seed16 step=12450 loss+=0.42207 loss-=0.237606 dh=30.7441 sec=1.366
sst-2_fp16_h0.003_seed16 step=12475 loss+=0.298325 loss-=0.714786 dh=-69.4101 sec=1.479
sst-2_fp16_h0.003_seed16 step=12500 loss+=0.257395 loss-=0.494863 dh=-39.578 sec=1.506
eval step=12500 {'eval_acc': 0.8291284403669725, 'eval_loss': 0.3719905868253816, 'eval_examples': 872}
sst-2_fp16_h0.003_seed16 step=12525 loss+=0.658551 loss-=0.614104 dh=7.40783 sec=1.506
sst-2_fp16_h0.003_seed16 step=12550 loss+=0.57473 loss-=0.186409 dh=64.7202 sec=1.507
sst-2_fp16_h0.003_seed16 step=12575 loss+=0.480179 loss-=0.532075 dh=-8.64942 sec=1.478
sst-2_fp16_h0.003_seed16 step=12600 loss+=0.401867 loss-=0.382251 dh=3.26928 sec=1.506
sst-2_fp16_h0.003_seed16 step=12625 loss+=0.438978 loss-=0.267491 dh=28.5812 sec=1.505
sst-2_fp16_h0.003_seed16 step=12650 loss+=0.334047 loss-=0.42616 dh=-15.3521 sec=1.493
sst-2_fp16_h0.003_seed16 step=12675 loss+=0.355508 loss-=0.413151 dh=-9.6073 sec=1.378
sst-2_fp16_h0.003_seed16 step=12700 loss+=0.438467 loss-=0.437121 dh=0.224418 sec=1.479
sst-2_fp16_h0.003_seed16 step=12725 loss+=0.346768 loss-=0.285474 dh=10.2156 sec=1.506
sst-2_fp16_h0.003_seed16 step=12750 loss+=0.259227 loss-=0.24611 dh=2.18611 sec=1.378
sst-2_fp16_h0.003_seed16 step=12775 loss+=0.574952 loss-=0.694894 dh=-19.9903 sec=1.477
sst-2_fp16_h0.003_seed16 step=12800 loss+=0.440641 loss-=0.846584 dh=-67.6572 sec=1.476
sst-2_fp16_h0.003_seed16 step=12825 loss+=0.335693 loss-=0.298882 dh=6.13511 sec=1.505
sst-2_fp16_h0.003_seed16 step=12850 loss+=0.911695 loss-=0.430991 dh=80.1173 sec=1.464
sst-2_fp16_h0.003_seed16 step=12875 loss+=0.338942 loss-=0.378135 dh=-6.53216 sec=1.506
sst-2_fp16_h0.003_seed16 step=12900 loss+=0.618868 loss-=0.821787 dh=-33.8197 sec=1.378
sst-2_fp16_h0.003_seed16 step=12925 loss+=0.296553 loss-=0.3711 dh=-12.4246 sec=1.507
sst-2_fp16_h0.003_seed16 step=12950 loss+=0.430093 loss-=0.562233 dh=-22.0232 sec=1.507
sst-2_fp16_h0.003_seed16 step=12975 loss+=0.738764 loss-=0.582151 dh=26.1022 sec=1.506
sst-2_fp16_h0.003_seed16 step=13000 loss+=0.525297 loss-=0.522228 dh=0.511485 sec=1.507
eval step=13000 {'eval_acc': 0.8279816513761468, 'eval_loss': 0.37967742042863795, 'eval_examples': 872}
sst-2_fp16_h0.003_seed16 step=13025 loss+=0.475564 loss-=0.445774 dh=4.96498 sec=1.466
sst-2_fp16_h0.003_seed16 step=13050 loss+=0.262912 loss-=0.307949 dh=-7.5061 sec=1.492
sst-2_fp16_h0.003_seed16 step=13075 loss+=0.468513 loss-=0.430443 dh=6.345 sec=1.377
sst-2_fp16_h0.003_seed16 step=13100 loss+=0.489478 loss-=0.357044 dh=22.0724 sec=1.378
sst-2_fp16_h0.003_seed16 step=13125 loss+=0.441519 loss-=0.451059 dh=-1.58995 sec=1.378
sst-2_fp16_h0.003_seed16 step=13150 loss+=0.383252 loss-=0.62195 dh=-39.783 sec=1.506
sst-2_fp16_h0.003_seed16 step=13175 loss+=0.480939 loss-=0.47441 dh=1.08813 sec=1.506
sst-2_fp16_h0.003_seed16 step=13200 loss+=0.494962 loss-=0.53309 dh=-6.35457 sec=1.507
sst-2_fp16_h0.003_seed16 step=13225 loss+=0.229282 loss-=0.349282 dh=-19.9999 sec=1.507
sst-2_fp16_h0.003_seed16 step=13250 loss+=0.803274 loss-=0.317963 dh=80.8851 sec=1.506
sst-2_fp16_h0.003_seed16 step=13275 loss+=0.292022 loss-=0.506173 dh=-35.6919 sec=1.378
sst-2_fp16_h0.003_seed16 step=13300 loss+=0.527379 loss-=0.449494 dh=12.9808 sec=1.464
sst-2_fp16_h0.003_seed16 step=13325 loss+=0.41943 loss-=0.325684 dh=15.6243 sec=1.464
sst-2_fp16_h0.003_seed16 step=13350 loss+=0.404515 loss-=0.280914 dh=20.6003 sec=1.378
sst-2_fp16_h0.003_seed16 step=13375 loss+=0.306057 loss-=0.293889 dh=2.02797 sec=1.379
sst-2_fp16_h0.003_seed16 step=13400 loss+=0.237918 loss-=0.273705 dh=-5.96451 sec=1.508
sst-2_fp16_h0.003_seed16 step=13425 loss+=0.372984 loss-=0.542599 dh=-28.2693 sec=1.464
sst-2_fp16_h0.003_seed16 step=13450 loss+=0.322221 loss-=0.32888 dh=-1.10987 sec=1.365
sst-2_fp16_h0.003_seed16 step=13475 loss+=0.320236 loss-=0.351545 dh=-5.21827 sec=1.377
sst-2_fp16_h0.003_seed16 step=13500 loss+=0.335276 loss-=0.483369 dh=-24.6822 sec=1.504
eval step=13500 {'eval_acc': 0.8302752293577982, 'eval_loss': 0.37255083190794147, 'eval_examples': 872}
sst-2_fp16_h0.003_seed16 step=13525 loss+=0.212905 loss-=0.423467 dh=-35.0937 sec=1.379
sst-2_fp16_h0.003_seed16 step=13550 loss+=0.461109 loss-=0.787386 dh=-54.3795 sec=1.466
sst-2_fp16_h0.003_seed16 step=13575 loss+=0.498995 loss-=0.691563 dh=-32.0948 sec=1.506
sst-2_fp16_h0.003_seed16 step=13600 loss+=0.623643 loss-=0.518065 dh=17.5964 sec=1.506
sst-2_fp16_h0.003_seed16 step=13625 loss+=0.317705 loss-=0.407884 dh=-15.0298 sec=1.468
sst-2_fp16_h0.003_seed16 step=13650 loss+=0.34367 loss-=0.29236 dh=8.55164 sec=1.506
sst-2_fp16_h0.003_seed16 step=13675 loss+=0.596627 loss-=0.602654 dh=-1.00446 sec=1.379
sst-2_fp16_h0.003_seed16 step=13700 loss+=0.724263 loss-=0.613085 dh=18.5296 sec=1.505
sst-2_fp16_h0.003_seed16 step=13725 loss+=0.409527 loss-=0.429154 dh=-3.27121 sec=1.379
sst-2_fp16_h0.003_seed16 step=13750 loss+=0.265704 loss-=0.402449 dh=-22.7908 sec=1.477
sst-2_fp16_h0.003_seed16 step=13775 loss+=0.250314 loss-=0.845972 dh=-99.2763 sec=1.507
sst-2_fp16_h0.003_seed16 step=13800 loss+=0.420399 loss-=0.418223 dh=0.362762 sec=1.477
sst-2_fp16_h0.003_seed16 step=13825 loss+=0.135515 loss-=0.262825 dh=-21.2183 sec=1.466
sst-2_fp16_h0.003_seed16 step=13850 loss+=0.53586 loss-=0.651496 dh=-19.2727 sec=1.379
sst-2_fp16_h0.003_seed16 step=13875 loss+=0.66063 loss-=0.709157 dh=-8.08775 sec=1.507
sst-2_fp16_h0.003_seed16 step=13900 loss+=0.369144 loss-=0.336047 dh=5.51612 sec=1.507
sst-2_fp16_h0.003_seed16 step=13925 loss+=0.140344 loss-=0.144488 dh=-0.690631 sec=1.507
sst-2_fp16_h0.003_seed16 step=13950 loss+=0.566328 loss-=1.02084 dh=-75.7526 sec=1.478
sst-2_fp16_h0.003_seed16 step=13975 loss+=0.199738 loss-=0.447012 dh=-41.2124 sec=1.507
sst-2_fp16_h0.003_seed16 step=14000 loss+=0.591336 loss-=0.633347 dh=-7.00192 sec=1.507
eval step=14000 {'eval_acc': 0.8302752293577982, 'eval_loss': 0.3674700117270556, 'eval_examples': 872}
sst-2_fp16_h0.003_seed16 step=14025 loss+=0.544587 loss-=0.610281 dh=-10.949 sec=1.507
sst-2_fp16_h0.003_seed16 step=14050 loss+=0.422671 loss-=0.489445 dh=-11.129 sec=1.366
sst-2_fp16_h0.003_seed16 step=14075 loss+=0.485396 loss-=0.251576 dh=38.9701 sec=1.507
sst-2_fp16_h0.003_seed16 step=14100 loss+=0.353972 loss-=0.320071 dh=5.65012 sec=1.508
sst-2_fp16_h0.003_seed16 step=14125 loss+=0.308701 loss-=0.428351 dh=-19.9417 sec=1.465
sst-2_fp16_h0.003_seed16 step=14150 loss+=0.423939 loss-=0.507356 dh=-13.9029 sec=1.467
sst-2_fp16_h0.003_seed16 step=14175 loss+=0.45953 loss-=0.324168 dh=22.5604 sec=1.507
sst-2_fp16_h0.003_seed16 step=14200 loss+=0.202985 loss-=0.301678 dh=-16.4489 sec=1.507
sst-2_fp16_h0.003_seed16 step=14225 loss+=0.45772 loss-=0.347771 dh=18.3249 sec=1.378
sst-2_fp16_h0.003_seed16 step=14250 loss+=0.267981 loss-=0.378289 dh=-18.3847 sec=1.505
sst-2_fp16_h0.003_seed16 step=14275 loss+=0.355426 loss-=0.505658 dh=-25.0387 sec=1.507
sst-2_fp16_h0.003_seed16 step=14300 loss+=0.331155 loss-=0.215208 dh=19.3245 sec=1.508
sst-2_fp16_h0.003_seed16 step=14325 loss+=0.328756 loss-=0.333226 dh=-0.745057 sec=1.465
sst-2_fp16_h0.003_seed16 step=14350 loss+=0.520645 loss-=0.840055 dh=-53.235 sec=1.478
sst-2_fp16_h0.003_seed16 step=14375 loss+=0.372667 loss-=0.20457 dh=28.0161 sec=1.508
sst-2_fp16_h0.003_seed16 step=14400 loss+=0.469802 loss-=0.790271 dh=-53.4115 sec=1.378
sst-2_fp16_h0.003_seed16 step=14425 loss+=0.304147 loss-=0.606824 dh=-50.4461 sec=1.467
sst-2_fp16_h0.003_seed16 step=14450 loss+=0.470686 loss-=0.551283 dh=-13.4327 sec=1.379
sst-2_fp16_h0.003_seed16 step=14475 loss+=0.150056 loss-=0.36687 dh=-36.1358 sec=1.379
sst-2_fp16_h0.003_seed16 step=14500 loss+=0.282317 loss-=0.504086 dh=-36.9615 sec=1.508
eval step=14500 {'eval_acc': 0.8302752293577982, 'eval_loss': 0.3639135150347811, 'eval_examples': 872}
sst-2_fp16_h0.003_seed16 step=14525 loss+=0.462206 loss-=0.437963 dh=4.04059 sec=1.477
sst-2_fp16_h0.003_seed16 step=14550 loss+=0.598878 loss-=0.414382 dh=30.7493 sec=1.477
sst-2_fp16_h0.003_seed16 step=14575 loss+=0.934933 loss-=0.577554 dh=59.5631 sec=1.378
sst-2_fp16_h0.003_seed16 step=14600 loss+=0.44783 loss-=0.459586 dh=-1.95943 sec=1.380
sst-2_fp16_h0.003_seed16 step=14625 loss+=0.211137 loss-=0.430878 dh=-36.6235 sec=1.507
sst-2_fp16_h0.003_seed16 step=14650 loss+=0.474515 loss-=0.371551 dh=17.1606 sec=1.507
sst-2_fp16_h0.003_seed16 step=14675 loss+=0.518531 loss-=0.314759 dh=33.9619 sec=1.506
sst-2_fp16_h0.003_seed16 step=14700 loss+=0.269739 loss-=0.257884 dh=1.97573 sec=1.507
sst-2_fp16_h0.003_seed16 step=14725 loss+=0.291923 loss-=0.318153 dh=-4.37162 sec=1.507
sst-2_fp16_h0.003_seed16 step=14750 loss+=0.247264 loss-=0.256128 dh=-1.47743 sec=1.506
sst-2_fp16_h0.003_seed16 step=14775 loss+=0.434847 loss-=0.76948 dh=-55.7722 sec=1.507
sst-2_fp16_h0.003_seed16 step=14800 loss+=0.450048 loss-=0.454326 dh=-0.71294 sec=1.366
sst-2_fp16_h0.003_seed16 step=14825 loss+=0.592042 loss-=0.458449 dh=22.2656 sec=1.466
sst-2_fp16_h0.003_seed16 step=14850 loss+=0.392709 loss-=0.306425 dh=14.3806 sec=1.506
sst-2_fp16_h0.003_seed16 step=14875 loss+=0.215716 loss-=0.233789 dh=-3.01221 sec=1.506
sst-2_fp16_h0.003_seed16 step=14900 loss+=0.433388 loss-=0.350281 dh=13.8512 sec=1.377
sst-2_fp16_h0.003_seed16 step=14925 loss+=0.430591 loss-=0.391654 dh=6.48956 sec=1.379
sst-2_fp16_h0.003_seed16 step=14950 loss+=0.176189 loss-=0.206002 dh=-4.96879 sec=1.506
sst-2_fp16_h0.003_seed16 step=14975 loss+=0.296996 loss-=0.271742 dh=4.20901 sec=1.506
sst-2_fp16_h0.003_seed16 step=15000 loss+=0.212806 loss-=0.265674 dh=-8.8112 sec=1.464
eval step=15000 {'eval_acc': 0.8348623853211009, 'eval_loss': 0.3572041784715412, 'eval_examples': 872}
sst-2_fp16_h0.003_seed16 step=15025 loss+=0.532272 loss-=0.398098 dh=22.3622 sec=1.494
sst-2_fp16_h0.003_seed16 step=15050 loss+=0.890293 loss-=0.256172 dh=105.687 sec=1.378
sst-2_fp16_h0.003_seed16 step=15075 loss+=0.562603 loss-=0.384049 dh=29.759 sec=1.466
sst-2_fp16_h0.003_seed16 step=15100 loss+=0.930725 loss-=0.628708 dh=50.336 sec=1.378
sst-2_fp16_h0.003_seed16 step=15125 loss+=0.461689 loss-=0.311808 dh=24.9801 sec=1.378
sst-2_fp16_h0.003_seed16 step=15150 loss+=0.376629 loss-=0.290086 dh=14.4237 sec=1.505
sst-2_fp16_h0.003_seed16 step=15175 loss+=0.431838 loss-=0.364796 dh=11.1736 sec=1.379
sst-2_fp16_h0.003_seed16 step=15200 loss+=0.499776 loss-=1.04019 dh=-90.0685 sec=1.367
sst-2_fp16_h0.003_seed16 step=15225 loss+=0.30329 loss-=0.385364 dh=-13.6789 sec=1.519
sst-2_fp16_h0.003_seed16 step=15250 loss+=0.329009 loss-=0.314669 dh=2.38987 sec=1.378
sst-2_fp16_h0.003_seed16 step=15275 loss+=0.430421 loss-=0.482728 dh=-8.71784 sec=1.508
sst-2_fp16_h0.003_seed16 step=15300 loss+=0.324872 loss-=0.561276 dh=-39.4008 sec=1.378
sst-2_fp16_h0.003_seed16 step=15325 loss+=0.289867 loss-=0.386518 dh=-16.1086 sec=1.467
sst-2_fp16_h0.003_seed16 step=15350 loss+=0.235187 loss-=0.42131 dh=-31.0204 sec=1.379
sst-2_fp16_h0.003_seed16 step=15375 loss+=0.396843 loss-=0.411512 dh=-2.44481 sec=1.366
sst-2_fp16_h0.003_seed16 step=15400 loss+=0.504886 loss-=0.353329 dh=25.2595 sec=1.466
sst-2_fp16_h0.003_seed16 step=15425 loss+=0.437108 loss-=0.294626 dh=23.7469 sec=1.507
sst-2_fp16_h0.003_seed16 step=15450 loss+=0.378425 loss-=0.507046 dh=-21.4367 sec=1.507
sst-2_fp16_h0.003_seed16 step=15475 loss+=0.406507 loss-=0.405256 dh=0.208568 sec=1.366
sst-2_fp16_h0.003_seed16 step=15500 loss+=0.300327 loss-=0.659477 dh=-59.8583 sec=1.378
eval step=15500 {'eval_acc': 0.8371559633027523, 'eval_loss': 0.35497119871807636, 'eval_examples': 872}
sst-2_fp16_h0.003_seed16 step=15525 loss+=0.639848 loss-=0.485653 dh=25.6993 sec=1.505
sst-2_fp16_h0.003_seed16 step=15550 loss+=0.510018 loss-=0.585117 dh=-12.5164 sec=1.464
sst-2_fp16_h0.003_seed16 step=15575 loss+=0.249826 loss-=0.337865 dh=-14.6732 sec=1.366
sst-2_fp16_h0.003_seed16 step=15600 loss+=0.465611 loss-=0.667248 dh=-33.6062 sec=1.506
sst-2_fp16_h0.003_seed16 step=15625 loss+=0.380437 loss-=0.394553 dh=-2.35271 sec=1.506
sst-2_fp16_h0.003_seed16 step=15650 loss+=0.369527 loss-=0.606192 dh=-39.4442 sec=1.378
sst-2_fp16_h0.003_seed16 step=15675 loss+=0.569692 loss-=0.381816 dh=31.3126 sec=1.506
sst-2_fp16_h0.003_seed16 step=15700 loss+=0.356881 loss-=0.216361 dh=23.4201 sec=1.379
sst-2_fp16_h0.003_seed16 step=15725 loss+=0.195061 loss-=0.283621 dh=-14.7601 sec=1.378
sst-2_fp16_h0.003_seed16 step=15750 loss+=0.279055 loss-=0.176962 dh=17.0155 sec=1.507
sst-2_fp16_h0.003_seed16 step=15775 loss+=0.332588 loss-=0.339438 dh=-1.14169 sec=1.467
sst-2_fp16_h0.003_seed16 step=15800 loss+=0.331258 loss-=0.468177 dh=-22.8198 sec=1.506
sst-2_fp16_h0.003_seed16 step=15825 loss+=0.504187 loss-=0.73006 dh=-37.6455 sec=1.366
sst-2_fp16_h0.003_seed16 step=15850 loss+=0.256966 loss-=0.379206 dh=-20.3734 sec=1.367
sst-2_fp16_h0.003_seed16 step=15875 loss+=0.097708 loss-=0.399439 dh=-50.2885 sec=1.467
sst-2_fp16_h0.003_seed16 step=15900 loss+=0.283229 loss-=0.25247 dh=5.12662 sec=1.478
sst-2_fp16_h0.003_seed16 step=15925 loss+=0.314628 loss-=0.384084 dh=-11.576 sec=1.465
sst-2_fp16_h0.003_seed16 step=15950 loss+=0.291003 loss-=0.349481 dh=-9.74632 sec=1.507
sst-2_fp16_h0.003_seed16 step=15975 loss+=0.41826 loss-=0.488782 dh=-11.7538 sec=1.506
sst-2_fp16_h0.003_seed16 step=16000 loss+=0.363041 loss-=0.176911 dh=31.0216 sec=1.507
eval step=16000 {'eval_acc': 0.8440366972477065, 'eval_loss': 0.3400801984553755, 'eval_examples': 872}
sst-2_fp16_h0.003_seed16 step=16025 loss+=0.455753 loss-=0.55853 dh=-17.1295 sec=1.506
sst-2_fp16_h0.003_seed16 step=16050 loss+=0.688719 loss-=0.695133 dh=-1.06901 sec=1.507
sst-2_fp16_h0.003_seed16 step=16075 loss+=0.685326 loss-=1.04455 dh=-59.8702 sec=1.379
sst-2_fp16_h0.003_seed16 step=16100 loss+=0.678087 loss-=0.511206 dh=27.8134 sec=1.480
sst-2_fp16_h0.003_seed16 step=16125 loss+=0.327933 loss-=0.425773 dh=-16.3066 sec=1.506
sst-2_fp16_h0.003_seed16 step=16150 loss+=0.219399 loss-=0.119145 dh=16.709 sec=1.378
sst-2_fp16_h0.003_seed16 step=16175 loss+=0.683661 loss-=0.586937 dh=16.1207 sec=1.508
sst-2_fp16_h0.003_seed16 step=16200 loss+=0.485583 loss-=0.523427 dh=-6.30731 sec=1.476
sst-2_fp16_h0.003_seed16 step=16225 loss+=0.36804 loss-=0.442327 dh=-12.3812 sec=1.479
sst-2_fp16_h0.003_seed16 step=16250 loss+=0.561227 loss-=0.422107 dh=23.1866 sec=1.378
sst-2_fp16_h0.003_seed16 step=16275 loss+=0.409505 loss-=0.262323 dh=24.5303 sec=1.467
sst-2_fp16_h0.003_seed16 step=16300 loss+=0.235774 loss-=0.133446 dh=17.0546 sec=1.466
sst-2_fp16_h0.003_seed16 step=16325 loss+=0.432953 loss-=0.264249 dh=28.1173 sec=1.478
sst-2_fp16_h0.003_seed16 step=16350 loss+=0.349452 loss-=0.339681 dh=1.62855 sec=1.466
sst-2_fp16_h0.003_seed16 step=16375 loss+=0.620183 loss-=0.235879 dh=64.0508 sec=1.506
sst-2_fp16_h0.003_seed16 step=16400 loss+=0.525509 loss-=0.527651 dh=-0.356981 sec=1.378
sst-2_fp16_h0.003_seed16 step=16425 loss+=0.670603 loss-=0.209835 dh=76.7948 sec=1.507
sst-2_fp16_h0.003_seed16 step=16450 loss+=0.650762 loss-=0.690282 dh=-6.5867 sec=1.465
sst-2_fp16_h0.003_seed16 step=16475 loss+=0.346162 loss-=0.413652 dh=-11.2484 sec=1.378
sst-2_fp16_h0.003_seed16 step=16500 loss+=0.412512 loss-=0.218694 dh=32.303 sec=1.466
eval step=16500 {'eval_acc': 0.8555045871559633, 'eval_loss': 0.3291157190591832, 'eval_examples': 872}
sst-2_fp16_h0.003_seed16 step=16525 loss+=0.381563 loss-=0.437042 dh=-9.24654 sec=1.505
sst-2_fp16_h0.003_seed16 step=16550 loss+=0.597041 loss-=0.292034 dh=50.8345 sec=1.474
sst-2_fp16_h0.003_seed16 step=16575 loss+=0.501236 loss-=0.3705 dh=21.7893 sec=1.477
sst-2_fp16_h0.003_seed16 step=16600 loss+=0.864798 loss-=0.608598 dh=42.6999 sec=1.465
sst-2_fp16_h0.003_seed16 step=16625 loss+=0.430074 loss-=0.419602 dh=1.74541 sec=1.507
sst-2_fp16_h0.003_seed16 step=16650 loss+=0.387437 loss-=0.314805 dh=12.1053 sec=1.378
sst-2_fp16_h0.003_seed16 step=16675 loss+=0.291388 loss-=0.517678 dh=-37.7151 sec=1.507
sst-2_fp16_h0.003_seed16 step=16700 loss+=0.535091 loss-=0.850043 dh=-52.492 sec=1.507
sst-2_fp16_h0.003_seed16 step=16725 loss+=0.346286 loss-=0.378526 dh=-5.37336 sec=1.379
sst-2_fp16_h0.003_seed16 step=16750 loss+=0.51529 loss-=0.273122 dh=40.3613 sec=1.507
sst-2_fp16_h0.003_seed16 step=16775 loss+=0.288407 loss-=0.405783 dh=-19.5627 sec=1.466
sst-2_fp16_h0.003_seed16 step=16800 loss+=0.834931 loss-=0.763469 dh=11.9103 sec=1.366
sst-2_fp16_h0.003_seed16 step=16825 loss+=0.595502 loss-=0.960356 dh=-60.8091 sec=1.507
sst-2_fp16_h0.003_seed16 step=16850 loss+=0.279783 loss-=0.378122 dh=-16.3899 sec=1.379
sst-2_fp16_h0.003_seed16 step=16875 loss+=0.378071 loss-=0.224309 dh=25.6269 sec=1.467
sst-2_fp16_h0.003_seed16 step=16900 loss+=0.391459 loss-=0.422604 dh=-5.19082 sec=1.507
sst-2_fp16_h0.003_seed16 step=16925 loss+=0.414818 loss-=0.65039 dh=-39.2619 sec=1.508
sst-2_fp16_h0.003_seed16 step=16950 loss+=0.402849 loss-=0.257559 dh=24.2151 sec=1.379
sst-2_fp16_h0.003_seed16 step=16975 loss+=0.932663 loss-=0.482335 dh=75.0548 sec=1.465
sst-2_fp16_h0.003_seed16 step=17000 loss+=0.511067 loss-=0.637409 dh=-21.0571 sec=1.507
eval step=17000 {'eval_acc': 0.8543577981651376, 'eval_loss': 0.3280041446688226, 'eval_examples': 872}
sst-2_fp16_h0.003_seed16 step=17025 loss+=0.524965 loss-=0.366831 dh=26.3556 sec=1.466
sst-2_fp16_h0.003_seed16 step=17050 loss+=0.901955 loss-=0.283047 dh=103.151 sec=1.377
sst-2_fp16_h0.003_seed16 step=17075 loss+=0.408756 loss-=0.626595 dh=-36.3065 sec=1.507
sst-2_fp16_h0.003_seed16 step=17100 loss+=0.196753 loss-=0.190917 dh=0.972642 sec=1.467
sst-2_fp16_h0.003_seed16 step=17125 loss+=0.366312 loss-=0.46389 dh=-16.2629 sec=1.378
sst-2_fp16_h0.003_seed16 step=17150 loss+=0.333081 loss-=0.271356 dh=10.2875 sec=1.466
sst-2_fp16_h0.003_seed16 step=17175 loss+=0.442547 loss-=0.255843 dh=31.1174 sec=1.507
sst-2_fp16_h0.003_seed16 step=17200 loss+=0.313972 loss-=0.633202 dh=-53.2049 sec=1.379
sst-2_fp16_h0.003_seed16 step=17225 loss+=0.922741 loss-=0.449477 dh=78.8773 sec=1.466
sst-2_fp16_h0.003_seed16 step=17250 loss+=0.200363 loss-=0.260879 dh=-10.086 sec=1.379
sst-2_fp16_h0.003_seed16 step=17275 loss+=0.323043 loss-=0.594361 dh=-45.2196 sec=1.378
sst-2_fp16_h0.003_seed16 step=17300 loss+=0.248725 loss-=0.295339 dh=-7.76901 sec=1.379
sst-2_fp16_h0.003_seed16 step=17325 loss+=0.186845 loss-=0.427737 dh=-40.1488 sec=1.467
sst-2_fp16_h0.003_seed16 step=17350 loss+=0.372772 loss-=0.524326 dh=-25.259 sec=1.378
sst-2_fp16_h0.003_seed16 step=17375 loss+=0.345988 loss-=0.614002 dh=-44.669 sec=1.507
sst-2_fp16_h0.003_seed16 step=17400 loss+=0.217721 loss-=0.320811 dh=-17.1815 sec=1.507
sst-2_fp16_h0.003_seed16 step=17425 loss+=0.236944 loss-=0.505205 dh=-44.7102 sec=1.508
sst-2_fp16_h0.003_seed16 step=17450 loss+=0.49495 loss-=0.314376 dh=30.0957 sec=1.507
sst-2_fp16_h0.003_seed16 step=17475 loss+=0.512711 loss-=0.4068 dh=17.6518 sec=1.465
sst-2_fp16_h0.003_seed16 step=17500 loss+=0.347834 loss-=0.255982 dh=15.3087 sec=1.465
eval step=17500 {'eval_acc': 0.8577981651376146, 'eval_loss': 0.3194578346345625, 'eval_examples': 872}
sst-2_fp16_h0.003_seed16 step=17525 loss+=0.182283 loss-=0.385298 dh=-33.8359 sec=1.479
sst-2_fp16_h0.003_seed16 step=17550 loss+=0.36016 loss-=0.424233 dh=-10.6787 sec=1.465
sst-2_fp16_h0.003_seed16 step=17575 loss+=0.760721 loss-=0.482199 dh=46.4204 sec=1.506
sst-2_fp16_h0.003_seed16 step=17600 loss+=0.375551 loss-=0.286351 dh=14.8668 sec=1.509
sst-2_fp16_h0.003_seed16 step=17625 loss+=0.211739 loss-=0.301445 dh=-14.951 sec=1.379
sst-2_fp16_h0.003_seed16 step=17650 loss+=0.487092 loss-=0.405816 dh=13.546 sec=1.505
sst-2_fp16_h0.003_seed16 step=17675 loss+=0.427982 loss-=0.613524 dh=-30.9235 sec=1.378
sst-2_fp16_h0.003_seed16 step=17700 loss+=0.275381 loss-=0.31927 dh=-7.31485 sec=1.478
sst-2_fp16_h0.003_seed16 step=17725 loss+=0.448226 loss-=0.239241 dh=34.8308 sec=1.463
sst-2_fp16_h0.003_seed16 step=17750 loss+=0.267303 loss-=0.840002 dh=-95.4498 sec=1.465
sst-2_fp16_h0.003_seed16 step=17775 loss+=0.446924 loss-=0.657929 dh=-35.1676 sec=1.506
sst-2_fp16_h0.003_seed16 step=17800 loss+=0.359721 loss-=0.314469 dh=7.54203 sec=1.506
sst-2_fp16_h0.003_seed16 step=17825 loss+=0.382052 loss-=0.451981 dh=-11.6549 sec=1.505
sst-2_fp16_h0.003_seed16 step=17850 loss+=0.388831 loss-=0.487571 dh=-16.4566 sec=1.378
sst-2_fp16_h0.003_seed16 step=17875 loss+=0.328035 loss-=0.393793 dh=-10.9598 sec=1.506
sst-2_fp16_h0.003_seed16 step=17900 loss+=0.304339 loss-=0.556832 dh=-42.0821 sec=1.463
sst-2_fp16_h0.003_seed16 step=17925 loss+=0.215411 loss-=0.247528 dh=-5.35274 sec=1.366
sst-2_fp16_h0.003_seed16 step=17950 loss+=0.310288 loss-=0.679616 dh=-61.5546 sec=1.378
sst-2_fp16_h0.003_seed16 step=17975 loss+=0.555313 loss-=0.537291 dh=3.00357 sec=1.507
sst-2_fp16_h0.003_seed16 step=18000 loss+=0.211452 loss-=0.537211 dh=-54.2932 sec=1.477
eval step=18000 {'eval_acc': 0.8669724770642202, 'eval_loss': 0.31226891598668494, 'eval_examples': 872}
sst-2_fp16_h0.003_seed16 step=18025 loss+=0.882883 loss-=0.649963 dh=38.82 sec=1.507
sst-2_fp16_h0.003_seed16 step=18050 loss+=0.498987 loss-=0.328394 dh=28.4321 sec=1.378
sst-2_fp16_h0.003_seed16 step=18075 loss+=0.324489 loss-=0.244021 dh=13.4113 sec=1.507
sst-2_fp16_h0.003_seed16 step=18100 loss+=0.614798 loss-=0.587648 dh=4.525 sec=1.378
sst-2_fp16_h0.003_seed16 step=18125 loss+=0.294276 loss-=0.523128 dh=-38.1421 sec=1.506
sst-2_fp16_h0.003_seed16 step=18150 loss+=0.42057 loss-=0.178827 dh=40.2905 sec=1.366
sst-2_fp16_h0.003_seed16 step=18175 loss+=0.364411 loss-=0.195228 dh=28.1971 sec=1.465
sst-2_fp16_h0.003_seed16 step=18200 loss+=0.520395 loss-=0.272354 dh=41.3402 sec=1.467
sst-2_fp16_h0.003_seed16 step=18225 loss+=0.393786 loss-=0.529845 dh=-22.6766 sec=1.378
sst-2_fp16_h0.003_seed16 step=18250 loss+=0.555075 loss-=0.484829 dh=11.7076 sec=1.508
sst-2_fp16_h0.003_seed16 step=18275 loss+=0.221844 loss-=0.406052 dh=-30.7014 sec=1.479
sst-2_fp16_h0.003_seed16 step=18300 loss+=0.607255 loss-=0.497985 dh=18.2117 sec=1.507
sst-2_fp16_h0.003_seed16 step=18325 loss+=0.455102 loss-=0.438019 dh=2.84713 sec=1.469
sst-2_fp16_h0.003_seed16 step=18350 loss+=0.354505 loss-=0.344496 dh=1.66808 sec=1.379
sst-2_fp16_h0.003_seed16 step=18375 loss+=0.390212 loss-=0.308716 dh=13.5826 sec=1.366
sst-2_fp16_h0.003_seed16 step=18400 loss+=0.281014 loss-=0.242539 dh=6.41244 sec=1.477
sst-2_fp16_h0.003_seed16 step=18425 loss+=0.580842 loss-=0.533299 dh=7.92389 sec=1.465
sst-2_fp16_h0.003_seed16 step=18450 loss+=0.141783 loss-=0.364205 dh=-37.0704 sec=1.467
sst-2_fp16_h0.003_seed16 step=18475 loss+=0.76069 loss-=0.420268 dh=56.7369 sec=1.507
sst-2_fp16_h0.003_seed16 step=18500 loss+=0.286694 loss-=0.309149 dh=-3.74245 sec=1.507
eval step=18500 {'eval_acc': 0.8738532110091743, 'eval_loss': 0.30263384139707844, 'eval_examples': 872}
sst-2_fp16_h0.003_seed16 step=18525 loss+=1.10896 loss-=0.377215 dh=121.958 sec=1.378
sst-2_fp16_h0.003_seed16 step=18550 loss+=0.290725 loss-=0.504247 dh=-35.587 sec=1.507
sst-2_fp16_h0.003_seed16 step=18575 loss+=0.573322 loss-=0.550227 dh=3.8492 sec=1.466
sst-2_fp16_h0.003_seed16 step=18600 loss+=0.358751 loss-=0.468292 dh=-18.2568 sec=1.477
sst-2_fp16_h0.003_seed16 step=18625 loss+=0.360274 loss-=0.460767 dh=-16.7487 sec=1.508
sst-2_fp16_h0.003_seed16 step=18650 loss+=0.265992 loss-=0.217277 dh=8.11906 sec=1.506
sst-2_fp16_h0.003_seed16 step=18675 loss+=0.430121 loss-=0.722374 dh=-48.7088 sec=1.507
sst-2_fp16_h0.003_seed16 step=18700 loss+=0.735095 loss-=0.383305 dh=58.6316 sec=1.379
sst-2_fp16_h0.003_seed16 step=18725 loss+=0.417143 loss-=0.674004 dh=-42.8101 sec=1.477
sst-2_fp16_h0.003_seed16 step=18750 loss+=0.557659 loss-=0.166085 dh=65.2623 sec=1.468
sst-2_fp16_h0.003_seed16 step=18775 loss+=0.431197 loss-=0.323485 dh=17.9521 sec=1.465
sst-2_fp16_h0.003_seed16 step=18800 loss+=0.350634 loss-=0.435384 dh=-14.125 sec=1.466
sst-2_fp16_h0.003_seed16 step=18825 loss+=0.25647 loss-=0.268248 dh=-1.96287 sec=1.507
sst-2_fp16_h0.003_seed16 step=18850 loss+=0.347843 loss-=0.127938 dh=36.6507 sec=1.378
sst-2_fp16_h0.003_seed16 step=18875 loss+=0.316454 loss-=0.277263 dh=6.5318 sec=1.478
sst-2_fp16_h0.003_seed16 step=18900 loss+=0.235934 loss-=0.41372 dh=-29.631 sec=1.466
sst-2_fp16_h0.003_seed16 step=18925 loss+=0.303761 loss-=0.207544 dh=16.0363 sec=1.507
sst-2_fp16_h0.003_seed16 step=18950 loss+=0.331005 loss-=0.526899 dh=-32.649 sec=1.378
sst-2_fp16_h0.003_seed16 step=18975 loss+=0.271766 loss-=0.204337 dh=11.2382 sec=1.508
sst-2_fp16_h0.003_seed16 step=19000 loss+=0.582382 loss-=0.76718 dh=-30.7997 sec=1.366
eval step=19000 {'eval_acc': 0.8807339449541285, 'eval_loss': 0.29640383867027853, 'eval_examples': 872}
sst-2_fp16_h0.003_seed16 step=19025 loss+=0.425019 loss-=0.4525 dh=-4.58016 sec=1.507
sst-2_fp16_h0.003_seed16 step=19050 loss+=0.192209 loss-=0.239291 dh=-7.84703 sec=1.378
sst-2_fp16_h0.003_seed16 step=19075 loss+=0.503488 loss-=0.368641 dh=22.4745 sec=1.506
sst-2_fp16_h0.003_seed16 step=19100 loss+=0.319415 loss-=0.240086 dh=13.2214 sec=1.379
sst-2_fp16_h0.003_seed16 step=19125 loss+=0.208696 loss-=0.430768 dh=-37.012 sec=1.493
sst-2_fp16_h0.003_seed16 step=19150 loss+=0.178989 loss-=0.273608 dh=-15.7699 sec=1.507
sst-2_fp16_h0.003_seed16 step=19175 loss+=0.369416 loss-=0.469176 dh=-16.6267 sec=1.366
sst-2_fp16_h0.003_seed16 step=19200 loss+=0.267377 loss-=0.333278 dh=-10.9835 sec=1.466
sst-2_fp16_h0.003_seed16 step=19225 loss+=0.266968 loss-=0.16352 dh=17.2412 sec=1.508
sst-2_fp16_h0.003_seed16 step=19250 loss+=0.185132 loss-=0.510036 dh=-54.1507 sec=1.378
sst-2_fp16_h0.003_seed16 step=19275 loss+=0.261692 loss-=0.625211 dh=-60.5864 sec=1.379
sst-2_fp16_h0.003_seed16 step=19300 loss+=0.390594 loss-=0.16579 dh=37.4674 sec=1.607
sst-2_fp16_h0.003_seed16 step=19325 loss+=0.290887 loss-=0.286962 dh=0.654072 sec=1.466
sst-2_fp16_h0.003_seed16 step=19350 loss+=0.629305 loss-=1.02629 dh=-66.1638 sec=1.465
sst-2_fp16_h0.003_seed16 step=19375 loss+=0.565428 loss-=0.497575 dh=11.3089 sec=1.506
sst-2_fp16_h0.003_seed16 step=19400 loss+=0.388037 loss-=0.283936 dh=17.3503 sec=1.378
sst-2_fp16_h0.003_seed16 step=19425 loss+=0.246954 loss-=0.446729 dh=-33.2959 sec=1.507
sst-2_fp16_h0.003_seed16 step=19450 loss+=0.231852 loss-=0.146528 dh=14.2207 sec=1.378
sst-2_fp16_h0.003_seed16 step=19475 loss+=0.331622 loss-=0.431948 dh=-16.7209 sec=1.507
sst-2_fp16_h0.003_seed16 step=19500 loss+=0.297972 loss-=0.181772 dh=19.3667 sec=1.379
eval step=19500 {'eval_acc': 0.8841743119266054, 'eval_loss': 0.28995958348114576, 'eval_examples': 872}
sst-2_fp16_h0.003_seed16 step=19525 loss+=0.463447 loss-=0.261638 dh=33.6348 sec=1.506
sst-2_fp16_h0.003_seed16 step=19550 loss+=0.144793 loss-=0.342626 dh=-32.9722 sec=1.505
sst-2_fp16_h0.003_seed16 step=19575 loss+=0.320719 loss-=0.398439 dh=-12.9533 sec=1.377
sst-2_fp16_h0.003_seed16 step=19600 loss+=0.535447 loss-=0.537298 dh=-0.308429 sec=1.466
sst-2_fp16_h0.003_seed16 step=19625 loss+=0.291982 loss-=0.266433 dh=4.25821 sec=1.478
sst-2_fp16_h0.003_seed16 step=19650 loss+=0.415996 loss-=0.33597 dh=13.3377 sec=1.465
sst-2_fp16_h0.003_seed16 step=19675 loss+=0.216324 loss-=0.330357 dh=-19.0055 sec=1.466
sst-2_fp16_h0.003_seed16 step=19700 loss+=0.356448 loss-=0.296283 dh=10.0275 sec=1.507
sst-2_fp16_h0.003_seed16 step=19725 loss+=0.403408 loss-=0.352699 dh=8.4516 sec=1.478
sst-2_fp16_h0.003_seed16 step=19750 loss+=0.70905 loss-=0.239876 dh=78.1956 sec=1.506
sst-2_fp16_h0.003_seed16 step=19775 loss+=0.550883 loss-=0.37819 dh=28.7821 sec=1.378
sst-2_fp16_h0.003_seed16 step=19800 loss+=0.548041 loss-=0.299848 dh=41.3655 sec=1.379
sst-2_fp16_h0.003_seed16 step=19825 loss+=0.598049 loss-=0.503866 dh=15.6971 sec=1.507
sst-2_fp16_h0.003_seed16 step=19850 loss+=0.097101 loss-=0.205576 dh=-18.0792 sec=1.505
sst-2_fp16_h0.003_seed16 step=19875 loss+=0.31517 loss-=0.192329 dh=20.4735 sec=1.379
sst-2_fp16_h0.003_seed16 step=19900 loss+=0.493591 loss-=0.698736 dh=-34.1907 sec=1.464
sst-2_fp16_h0.003_seed16 step=19925 loss+=0.114673 loss-=0.127398 dh=-2.12088 sec=1.505
sst-2_fp16_h0.003_seed16 step=19950 loss+=0.251228 loss-=0.362744 dh=-18.5861 sec=1.507
sst-2_fp16_h0.003_seed16 step=19975 loss+=0.405423 loss-=0.520097 dh=-19.1123 sec=1.465
sst-2_fp16_h0.003_seed16 step=20000 loss+=0.624221 loss-=0.518768 dh=17.5755 sec=1.506
eval step=20000 {'eval_acc': 0.8864678899082569, 'eval_loss': 0.2854666574580441, 'eval_examples': 872}
{"model": "facebook/opt-2.7b", "mode": "dense", "task_path": "mezo_option", "dataset_mode": "full", "group_size": 128, "master_dtype": "fp16", "direction_distribution": "torch.randn float32 Gaussian; unnormalized", "q": 1, "lr": 3e-07, "lr_source": "slurm/opt13b_int4_roberta_matched_h100.sbatch", "steps": 20000, "eval_every": 500, "checkpoint_every": 500, "batch_size": 16, "microbatch": 2, "train_seed": 16, "data_seed": 16, "direction_seed": 16, "id": "sst-2_fp16_h0.003_seed16", "kind": "train", "task": "sst-2", "precision": "fp16", "quantizer": "none", "h": 0.003, "h_policy": "predeclared_grid", "max_seq_len": 128, "status": "complete", "run_type": "full", "steps_completed": 20000, "initial_eval_acc": 0.5630733944954128, "best_eval_acc": 0.8864678899082569, "best_eval_step": 20000, "final_eval_acc": 0.8864678899082569, "final_eval_step": 20000, "runtime_sec": 30142.215786218643, "median_step_sec": 1.4667309522628784, "peak_gpu_memory_gib": 11.325278759002686, "train_examples": 67349, "source_path": "/scratch/jy03364/MeZO_/experiments/large_model_extension/opt27b_radius_plateau_20260921/runs/sst-2_fp16_h0.003_seed16/train.jsonl"}
