initial eval {'eval_acc': 0.5630733944954128, 'eval_loss': 1.016056354867867, 'eval_examples': 872}
sst-2_fp16_h1e-05_seed16 step=1 loss+=1.01175 loss-=1.01406 dh=-115.614 sec=1.473
sst-2_fp16_h1e-05_seed16 step=25 loss+=1.27064 loss-=1.26974 dh=45.1355 sec=1.499
sst-2_fp16_h1e-05_seed16 step=50 loss+=0.584996 loss-=0.582009 dh=149.374 sec=1.376
sst-2_fp16_h1e-05_seed16 step=75 loss+=1.22191 loss-=1.22261 dh=-34.8965 sec=1.502
sst-2_fp16_h1e-05_seed16 step=100 loss+=0.85935 loss-=0.857434 dh=95.7738 sec=1.474
sst-2_fp16_h1e-05_seed16 step=125 loss+=1.19711 loss-=1.19996 dh=-142.687 sec=1.461
sst-2_fp16_h1e-05_seed16 step=150 loss+=0.871279 loss-=0.869851 dh=71.3957 sec=1.503
sst-2_fp16_h1e-05_seed16 step=175 loss+=0.696977 loss-=0.695907 dh=53.4978 sec=1.472
sst-2_fp16_h1e-05_seed16 step=200 loss+=0.792686 loss-=0.794782 dh=-104.784 sec=1.460
sst-2_fp16_h1e-05_seed16 step=225 loss+=0.822822 loss-=0.82438 dh=-77.8663 sec=1.375
sst-2_fp16_h1e-05_seed16 step=250 loss+=0.982378 loss-=0.982743 dh=-18.2507 sec=1.459
sst-2_fp16_h1e-05_seed16 step=275 loss+=1.02182 loss-=1.02075 dh=53.2884 sec=1.461
sst-2_fp16_h1e-05_seed16 step=300 loss+=0.677715 loss-=0.679316 dh=-80.058 sec=1.376
sst-2_fp16_h1e-05_seed16 step=325 loss+=0.792908 loss-=0.792607 dh=15.0353 sec=1.461
sst-2_fp16_h1e-05_seed16 step=350 loss+=0.744579 loss-=0.744615 dh=-1.80248 sec=1.502
sst-2_fp16_h1e-05_seed16 step=375 loss+=0.650925 loss-=0.650777 dh=7.39668 sec=1.460
sst-2_fp16_h1e-05_seed16 step=400 loss+=0.853837 loss-=0.855083 dh=-62.3071 sec=1.502
sst-2_fp16_h1e-05_seed16 step=425 loss+=0.93815 loss-=0.936718 dh=71.6156 sec=1.504
sst-2_fp16_h1e-05_seed16 step=450 loss+=0.55712 loss-=0.55819 dh=-53.5115 sec=1.376
sst-2_fp16_h1e-05_seed16 step=475 loss+=0.600041 loss-=0.60053 dh=-24.4732 sec=1.502
sst-2_fp16_h1e-05_seed16 step=500 loss+=1.13204 loss-=1.12972 dh=115.933 sec=1.461
eval step=500 {'eval_acc': 0.6330275229357798, 'eval_loss': 0.6937490888367143, 'eval_examples': 872}
sst-2_fp16_h1e-05_seed16 step=525 loss+=0.524909 loss-=0.523963 dh=47.3093 sec=1.364
sst-2_fp16_h1e-05_seed16 step=550 loss+=0.528502 loss-=0.528176 dh=16.2915 sec=1.502
sst-2_fp16_h1e-05_seed16 step=575 loss+=0.537044 loss-=0.538506 dh=-73.1212 sec=1.502
sst-2_fp16_h1e-05_seed16 step=600 loss+=0.911734 loss-=0.910393 dh=67.0608 sec=1.462
sst-2_fp16_h1e-05_seed16 step=625 loss+=0.633338 loss-=0.635025 dh=-84.3257 sec=1.376
sst-2_fp16_h1e-05_seed16 step=650 loss+=0.77034 loss-=0.76902 dh=66.0149 sec=1.376
sst-2_fp16_h1e-05_seed16 step=675 loss+=0.649698 loss-=0.651296 dh=-79.9102 sec=1.376
sst-2_fp16_h1e-05_seed16 step=700 loss+=0.374819 loss-=0.374601 dh=10.8539 sec=1.364
sst-2_fp16_h1e-05_seed16 step=725 loss+=0.401353 loss-=0.401955 dh=-30.0919 sec=1.501
sst-2_fp16_h1e-05_seed16 step=750 loss+=0.540816 loss-=0.54171 dh=-44.7364 sec=1.501
sst-2_fp16_h1e-05_seed16 step=775 loss+=0.390603 loss-=0.389862 dh=37.0289 sec=1.501
sst-2_fp16_h1e-05_seed16 step=800 loss+=0.604742 loss-=0.603128 dh=80.6848 sec=1.502
sst-2_fp16_h1e-05_seed16 step=825 loss+=0.487979 loss-=0.487964 dh=0.757119 sec=1.503
sst-2_fp16_h1e-05_seed16 step=850 loss+=0.444983 loss-=0.444344 dh=31.9449 sec=1.377
sst-2_fp16_h1e-05_seed16 step=875 loss+=0.702518 loss-=0.702536 dh=-0.885036 sec=1.461
sst-2_fp16_h1e-05_seed16 step=900 loss+=0.344502 loss-=0.343993 dh=25.4169 sec=1.501
sst-2_fp16_h1e-05_seed16 step=925 loss+=0.271314 loss-=0.271427 dh=-5.65893 sec=1.502
sst-2_fp16_h1e-05_seed16 step=950 loss+=0.343809 loss-=0.342205 dh=80.223 sec=1.461
sst-2_fp16_h1e-05_seed16 step=975 loss+=0.61884 loss-=0.620302 dh=-73.0977 sec=1.500
sst-2_fp16_h1e-05_seed16 step=1000 loss+=0.429404 loss-=0.428169 dh=61.7913 sec=1.376
eval step=1000 {'eval_acc': 0.731651376146789, 'eval_loss': 0.49757906677919106, 'eval_examples': 872}
sst-2_fp16_h1e-05_seed16 step=1025 loss+=0.608267 loss-=0.610133 dh=-93.2945 sec=1.502
sst-2_fp16_h1e-05_seed16 step=1050 loss+=0.539291 loss-=0.537416 dh=93.741 sec=1.502
sst-2_fp16_h1e-05_seed16 step=1075 loss+=0.538085 loss-=0.539482 dh=-69.8403 sec=1.376
sst-2_fp16_h1e-05_seed16 step=1100 loss+=0.611241 loss-=0.611396 dh=-7.75699 sec=1.501
sst-2_fp16_h1e-05_seed16 step=1125 loss+=0.701177 loss-=0.70022 dh=47.831 sec=1.501
sst-2_fp16_h1e-05_seed16 step=1150 loss+=0.381475 loss-=0.380972 dh=25.1703 sec=1.473
sst-2_fp16_h1e-05_seed16 step=1175 loss+=0.268377 loss-=0.268622 dh=-12.2584 sec=1.502
sst-2_fp16_h1e-05_seed16 step=1200 loss+=0.428379 loss-=0.427412 dh=48.3581 sec=1.501
sst-2_fp16_h1e-05_seed16 step=1225 loss+=0.407114 loss-=0.407428 dh=-15.6671 sec=1.502
sst-2_fp16_h1e-05_seed16 step=1250 loss+=0.4206 loss-=0.420311 dh=14.4839 sec=1.460
sst-2_fp16_h1e-05_seed16 step=1275 loss+=0.543037 loss-=0.541838 dh=59.9859 sec=1.503
sst-2_fp16_h1e-05_seed16 step=1300 loss+=0.499872 loss-=0.498538 dh=66.683 sec=1.376
sst-2_fp16_h1e-05_seed16 step=1325 loss+=0.36898 loss-=0.36872 dh=13.0028 sec=1.363
sst-2_fp16_h1e-05_seed16 step=1350 loss+=0.311636 loss-=0.309432 dh=110.189 sec=1.377
sst-2_fp16_h1e-05_seed16 step=1375 loss+=0.389668 loss-=0.388776 dh=44.5986 sec=1.503
sst-2_fp16_h1e-05_seed16 step=1400 loss+=0.432275 loss-=0.4326 dh=-16.2408 sec=1.489
sst-2_fp16_h1e-05_seed16 step=1425 loss+=0.472551 loss-=0.471644 dh=45.3281 sec=1.462
sst-2_fp16_h1e-05_seed16 step=1450 loss+=0.529883 loss-=0.531013 dh=-56.5032 sec=1.502
sst-2_fp16_h1e-05_seed16 step=1475 loss+=0.35388 loss-=0.353758 dh=6.07502 sec=1.475
sst-2_fp16_h1e-05_seed16 step=1500 loss+=0.296512 loss-=0.295507 dh=50.255 sec=1.462
eval step=1500 {'eval_acc': 0.8004587155963303, 'eval_loss': 0.40275857962001493, 'eval_examples': 872}
sst-2_fp16_h1e-05_seed16 step=1525 loss+=0.47819 loss-=0.475847 dh=117.168 sec=1.363
sst-2_fp16_h1e-05_seed16 step=1550 loss+=0.731475 loss-=0.729738 dh=86.8632 sec=1.376
sst-2_fp16_h1e-05_seed16 step=1575 loss+=0.487012 loss-=0.486891 dh=6.03157 sec=1.376
sst-2_fp16_h1e-05_seed16 step=1600 loss+=0.536057 loss-=0.536401 dh=-17.1648 sec=1.376
sst-2_fp16_h1e-05_seed16 step=1625 loss+=0.549552 loss-=0.54919 dh=18.1381 sec=1.502
sst-2_fp16_h1e-05_seed16 step=1650 loss+=0.402812 loss-=0.398926 dh=194.3 sec=1.503
sst-2_fp16_h1e-05_seed16 step=1675 loss+=0.357658 loss-=0.358213 dh=-27.7773 sec=1.503
sst-2_fp16_h1e-05_seed16 step=1700 loss+=0.733151 loss-=0.732596 dh=27.7147 sec=1.376
sst-2_fp16_h1e-05_seed16 step=1725 loss+=0.39867 loss-=0.397421 dh=62.4619 sec=1.375
sst-2_fp16_h1e-05_seed16 step=1750 loss+=0.428389 loss-=0.427822 dh=28.3383 sec=1.375
sst-2_fp16_h1e-05_seed16 step=1775 loss+=0.567289 loss-=0.57093 dh=-182.034 sec=1.502
sst-2_fp16_h1e-05_seed16 step=1800 loss+=0.210351 loss-=0.209922 dh=21.4507 sec=1.459
sst-2_fp16_h1e-05_seed16 step=1825 loss+=0.441292 loss-=0.441721 dh=-21.4837 sec=1.460
sst-2_fp16_h1e-05_seed16 step=1850 loss+=0.326292 loss-=0.326438 dh=-7.2768 sec=1.504
sst-2_fp16_h1e-05_seed16 step=1875 loss+=0.335948 loss-=0.33601 dh=-3.07774 sec=1.376
sst-2_fp16_h1e-05_seed16 step=1900 loss+=0.375688 loss-=0.377146 dh=-72.8597 sec=1.376
sst-2_fp16_h1e-05_seed16 step=1925 loss+=0.425171 loss-=0.425264 dh=-4.63671 sec=1.459
sst-2_fp16_h1e-05_seed16 step=1950 loss+=0.665529 loss-=0.665053 dh=23.8139 sec=1.460
sst-2_fp16_h1e-05_seed16 step=1975 loss+=0.449081 loss-=0.449634 dh=-27.6426 sec=1.461
sst-2_fp16_h1e-05_seed16 step=2000 loss+=0.876029 loss-=0.87444 dh=79.4278 sec=1.502
eval step=2000 {'eval_acc': 0.8451834862385321, 'eval_loss': 0.35086602421579965, 'eval_examples': 872}
sst-2_fp16_h1e-05_seed16 step=2025 loss+=0.594229 loss-=0.593767 dh=23.0836 sec=1.501
sst-2_fp16_h1e-05_seed16 step=2050 loss+=0.346568 loss-=0.346474 dh=4.71482 sec=1.459
sst-2_fp16_h1e-05_seed16 step=2075 loss+=0.291419 loss-=0.291609 dh=-9.5001 sec=1.502
sst-2_fp16_h1e-05_seed16 step=2100 loss+=0.439986 loss-=0.44171 dh=-86.1828 sec=1.460
sst-2_fp16_h1e-05_seed16 step=2125 loss+=0.649006 loss-=0.650386 dh=-68.9937 sec=1.489
sst-2_fp16_h1e-05_seed16 step=2150 loss+=0.508796 loss-=0.50926 dh=-23.1685 sec=1.502
sst-2_fp16_h1e-05_seed16 step=2175 loss+=0.358496 loss-=0.358547 dh=-2.54074 sec=1.376
sst-2_fp16_h1e-05_seed16 step=2200 loss+=0.322895 loss-=0.323144 dh=-12.4784 sec=1.376
sst-2_fp16_h1e-05_seed16 step=2225 loss+=0.438209 loss-=0.437161 dh=52.4428 sec=1.473
sst-2_fp16_h1e-05_seed16 step=2250 loss+=0.486211 loss-=0.486366 dh=-7.72788 sec=1.472
sst-2_fp16_h1e-05_seed16 step=2275 loss+=0.371949 loss-=0.371736 dh=10.6352 sec=1.364
sst-2_fp16_h1e-05_seed16 step=2300 loss+=0.432896 loss-=0.430586 dh=115.498 sec=1.503
sst-2_fp16_h1e-05_seed16 step=2325 loss+=0.257717 loss-=0.259415 dh=-84.9004 sec=1.503
sst-2_fp16_h1e-05_seed16 step=2350 loss+=0.270659 loss-=0.270793 dh=-6.71702 sec=1.462
sst-2_fp16_h1e-05_seed16 step=2375 loss+=0.412142 loss-=0.412249 dh=-5.38118 sec=1.376
sst-2_fp16_h1e-05_seed16 step=2400 loss+=0.477345 loss-=0.476308 dh=51.828 sec=1.376
sst-2_fp16_h1e-05_seed16 step=2425 loss+=0.486962 loss-=0.485663 dh=64.9652 sec=1.460
sst-2_fp16_h1e-05_seed16 step=2450 loss+=0.438178 loss-=0.438581 dh=-20.118 sec=1.376
sst-2_fp16_h1e-05_seed16 step=2475 loss+=0.311724 loss-=0.311733 dh=-0.456069 sec=1.364
sst-2_fp16_h1e-05_seed16 step=2500 loss+=0.481819 loss-=0.482056 dh=-11.832 sec=1.460
eval step=2500 {'eval_acc': 0.8704128440366973, 'eval_loss': 0.3172143215715133, 'eval_examples': 872}
sst-2_fp16_h1e-05_seed16 step=2525 loss+=0.393847 loss-=0.394081 dh=-11.7013 sec=1.457
sst-2_fp16_h1e-05_seed16 step=2550 loss+=0.775538 loss-=0.775132 dh=20.2869 sec=1.502
sst-2_fp16_h1e-05_seed16 step=2575 loss+=0.336824 loss-=0.338129 dh=-65.2883 sec=1.376
sst-2_fp16_h1e-05_seed16 step=2600 loss+=0.483344 loss-=0.482514 dh=41.5308 sec=1.376
sst-2_fp16_h1e-05_seed16 step=2625 loss+=0.339791 loss-=0.339221 dh=28.4625 sec=1.462
sst-2_fp16_h1e-05_seed16 step=2650 loss+=0.345216 loss-=0.343705 dh=75.521 sec=1.461
sst-2_fp16_h1e-05_seed16 step=2675 loss+=0.304953 loss-=0.306011 dh=-52.8782 sec=1.375
sst-2_fp16_h1e-05_seed16 step=2700 loss+=0.316399 loss-=0.31625 dh=7.44727 sec=1.474
sst-2_fp16_h1e-05_seed16 step=2725 loss+=0.540297 loss-=0.538576 dh=86.0503 sec=1.473
sst-2_fp16_h1e-05_seed16 step=2750 loss+=0.408604 loss-=0.406984 dh=80.9969 sec=1.503
sst-2_fp16_h1e-05_seed16 step=2775 loss+=0.369836 loss-=0.36827 dh=78.2629 sec=1.376
sst-2_fp16_h1e-05_seed16 step=2800 loss+=0.381588 loss-=0.382596 dh=-50.4194 sec=1.504
sst-2_fp16_h1e-05_seed16 step=2825 loss+=0.295048 loss-=0.294996 dh=2.60975 sec=1.460
sst-2_fp16_h1e-05_seed16 step=2850 loss+=0.326767 loss-=0.327473 dh=-35.2705 sec=1.364
sst-2_fp16_h1e-05_seed16 step=2875 loss+=0.384852 loss-=0.385766 dh=-45.7264 sec=1.461
sst-2_fp16_h1e-05_seed16 step=2900 loss+=0.257308 loss-=0.258085 dh=-38.8408 sec=1.363
sst-2_fp16_h1e-05_seed16 step=2925 loss+=0.47926 loss-=0.479375 dh=-5.73802 sec=1.462
sst-2_fp16_h1e-05_seed16 step=2950 loss+=0.288268 loss-=0.288792 dh=-26.1692 sec=1.503
sst-2_fp16_h1e-05_seed16 step=2975 loss+=0.173861 loss-=0.174002 dh=-7.08834 sec=1.376
sst-2_fp16_h1e-05_seed16 step=3000 loss+=0.391226 loss-=0.390539 dh=34.3624 sec=1.377
eval step=3000 {'eval_acc': 0.8864678899082569, 'eval_loss': 0.28307482679032747, 'eval_examples': 872}
sst-2_fp16_h1e-05_seed16 step=3025 loss+=0.464952 loss-=0.465378 dh=-21.2871 sec=1.501
sst-2_fp16_h1e-05_seed16 step=3050 loss+=0.237476 loss-=0.238249 dh=-38.6522 sec=1.461
sst-2_fp16_h1e-05_seed16 step=3075 loss+=0.316493 loss-=0.315504 dh=49.4331 sec=1.376
sst-2_fp16_h1e-05_seed16 step=3100 loss+=0.246086 loss-=0.244896 dh=59.4997 sec=1.504
sst-2_fp16_h1e-05_seed16 step=3125 loss+=0.28227 loss-=0.282095 dh=8.78107 sec=1.501
sst-2_fp16_h1e-05_seed16 step=3150 loss+=0.146763 loss-=0.146637 dh=6.28219 sec=1.461
sst-2_fp16_h1e-05_seed16 step=3175 loss+=0.248255 loss-=0.248184 dh=3.55262 sec=1.375
sst-2_fp16_h1e-05_seed16 step=3200 loss+=0.471977 loss-=0.472642 dh=-33.2664 sec=1.504
sst-2_fp16_h1e-05_seed16 step=3225 loss+=0.174365 loss-=0.174009 dh=17.7973 sec=1.504
sst-2_fp16_h1e-05_seed16 step=3250 loss+=0.415415 loss-=0.413709 dh=85.2695 sec=1.364
sst-2_fp16_h1e-05_seed16 step=3275 loss+=0.696655 loss-=0.696917 dh=-13.1228 sec=1.376
sst-2_fp16_h1e-05_seed16 step=3300 loss+=0.234237 loss-=0.234754 dh=-25.8744 sec=1.504
sst-2_fp16_h1e-05_seed16 step=3325 loss+=0.162822 loss-=0.16182 dh=50.1007 sec=1.473
sst-2_fp16_h1e-05_seed16 step=3350 loss+=0.295524 loss-=0.294108 dh=70.7833 sec=1.503
sst-2_fp16_h1e-05_seed16 step=3375 loss+=0.299287 loss-=0.298627 dh=32.9959 sec=1.503
sst-2_fp16_h1e-05_seed16 step=3400 loss+=0.188963 loss-=0.18914 dh=-8.84943 sec=1.502
sst-2_fp16_h1e-05_seed16 step=3425 loss+=0.312106 loss-=0.31414 dh=-101.721 sec=1.376
sst-2_fp16_h1e-05_seed16 step=3450 loss+=0.23166 loss-=0.232087 dh=-21.3497 sec=1.376
sst-2_fp16_h1e-05_seed16 step=3475 loss+=0.364086 loss-=0.362169 dh=95.8734 sec=1.503
sst-2_fp16_h1e-05_seed16 step=3500 loss+=0.173729 loss-=0.174169 dh=-21.9907 sec=1.503
eval step=3500 {'eval_acc': 0.8979357798165137, 'eval_loss': 0.26391748882992483, 'eval_examples': 872}
sst-2_fp16_h1e-05_seed16 step=3525 loss+=0.235819 loss-=0.236514 dh=-34.7505 sec=1.376
sst-2_fp16_h1e-05_seed16 step=3550 loss+=0.258429 loss-=0.256829 dh=80.0306 sec=1.377
sst-2_fp16_h1e-05_seed16 step=3575 loss+=0.274376 loss-=0.274947 dh=-28.55 sec=1.458
sst-2_fp16_h1e-05_seed16 step=3600 loss+=0.297473 loss-=0.297609 dh=-6.82301 sec=1.376
sst-2_fp16_h1e-05_seed16 step=3625 loss+=0.200099 loss-=0.200091 dh=0.405055 sec=1.376
sst-2_fp16_h1e-05_seed16 step=3650 loss+=0.157449 loss-=0.157874 dh=-21.2572 sec=1.501
sst-2_fp16_h1e-05_seed16 step=3675 loss+=0.148801 loss-=0.148834 dh=-1.65696 sec=1.377
sst-2_fp16_h1e-05_seed16 step=3700 loss+=0.526049 loss-=0.526745 dh=-34.769 sec=1.472
sst-2_fp16_h1e-05_seed16 step=3725 loss+=0.454747 loss-=0.453853 dh=44.6889 sec=1.501
sst-2_fp16_h1e-05_seed16 step=3750 loss+=0.438502 loss-=0.436639 dh=93.1515 sec=1.462
sst-2_fp16_h1e-05_seed16 step=3775 loss+=0.175508 loss-=0.175949 dh=-22.005 sec=1.377
sst-2_fp16_h1e-05_seed16 step=3800 loss+=0.290337 loss-=0.290849 dh=-25.6003 sec=1.502
sst-2_fp16_h1e-05_seed16 step=3825 loss+=0.331991 loss-=0.331796 dh=9.75956 sec=1.502
sst-2_fp16_h1e-05_seed16 step=3850 loss+=0.337847 loss-=0.338492 dh=-32.2271 sec=1.461
sst-2_fp16_h1e-05_seed16 step=3875 loss+=0.399584 loss-=0.399452 dh=6.57327 sec=1.502
sst-2_fp16_h1e-05_seed16 step=3900 loss+=0.296573 loss-=0.299274 dh=-135.038 sec=1.459
sst-2_fp16_h1e-05_seed16 step=3925 loss+=0.236386 loss-=0.236301 dh=4.24827 sec=1.503
sst-2_fp16_h1e-05_seed16 step=3950 loss+=0.292604 loss-=0.292468 dh=6.78624 sec=1.462
sst-2_fp16_h1e-05_seed16 step=3975 loss+=0.516609 loss-=0.515203 dh=70.3398 sec=1.501
sst-2_fp16_h1e-05_seed16 step=4000 loss+=0.401968 loss-=0.401887 dh=4.04385 sec=1.502
eval step=4000 {'eval_acc': 0.893348623853211, 'eval_loss': 0.25506386915307255, 'eval_examples': 872}
sst-2_fp16_h1e-05_seed16 step=4025 loss+=0.413093 loss-=0.414792 dh=-84.9836 sec=1.500
sst-2_fp16_h1e-05_seed16 step=4050 loss+=0.36526 loss-=0.366516 dh=-62.7911 sec=1.376
sst-2_fp16_h1e-05_seed16 step=4075 loss+=0.266258 loss-=0.265603 dh=32.7706 sec=1.472
sst-2_fp16_h1e-05_seed16 step=4100 loss+=0.15392 loss-=0.15472 dh=-40.017 sec=1.502
sst-2_fp16_h1e-05_seed16 step=4125 loss+=0.222943 loss-=0.222155 dh=39.4386 sec=1.376
sst-2_fp16_h1e-05_seed16 step=4150 loss+=0.212952 loss-=0.212846 dh=5.32428 sec=1.501
sst-2_fp16_h1e-05_seed16 step=4175 loss+=0.673327 loss-=0.677947 dh=-230.993 sec=1.377
sst-2_fp16_h1e-05_seed16 step=4200 loss+=0.309675 loss-=0.310003 dh=-16.3995 sec=1.375
sst-2_fp16_h1e-05_seed16 step=4225 loss+=0.225696 loss-=0.224888 dh=40.3657 sec=1.502
sst-2_fp16_h1e-05_seed16 step=4250 loss+=0.392611 loss-=0.393268 dh=-32.8597 sec=1.377
sst-2_fp16_h1e-05_seed16 step=4275 loss+=0.44314 loss-=0.443929 dh=-39.4608 sec=1.377
sst-2_fp16_h1e-05_seed16 step=4300 loss+=0.295318 loss-=0.296403 dh=-54.2455 sec=1.376
sst-2_fp16_h1e-05_seed16 step=4325 loss+=0.265796 loss-=0.267254 dh=-72.8916 sec=1.504
sst-2_fp16_h1e-05_seed16 step=4350 loss+=0.35622 loss-=0.356926 dh=-35.3397 sec=1.376
sst-2_fp16_h1e-05_seed16 step=4375 loss+=0.230258 loss-=0.228769 dh=74.4632 sec=1.459
sst-2_fp16_h1e-05_seed16 step=4400 loss+=0.51243 loss-=0.512589 dh=-7.93333 sec=1.502
sst-2_fp16_h1e-05_seed16 step=4425 loss+=0.560449 loss-=0.558072 dh=118.86 sec=1.461
sst-2_fp16_h1e-05_seed16 step=4450 loss+=0.214914 loss-=0.214773 dh=7.05044 sec=1.503
sst-2_fp16_h1e-05_seed16 step=4475 loss+=0.250973 loss-=0.252074 dh=-55.0541 sec=1.376
sst-2_fp16_h1e-05_seed16 step=4500 loss+=0.499967 loss-=0.500728 dh=-38.0457 sec=1.375
eval step=4500 {'eval_acc': 0.8979357798165137, 'eval_loss': 0.24201505261883483, 'eval_examples': 872}
sst-2_fp16_h1e-05_seed16 step=4525 loss+=0.299497 loss-=0.299249 dh=12.39 sec=1.458
sst-2_fp16_h1e-05_seed16 step=4550 loss+=0.308541 loss-=0.307572 dh=48.4167 sec=1.502
sst-2_fp16_h1e-05_seed16 step=4575 loss+=0.524916 loss-=0.524993 dh=-3.83249 sec=1.461
sst-2_fp16_h1e-05_seed16 step=4600 loss+=0.419493 loss-=0.418208 dh=64.2711 sec=1.500
sst-2_fp16_h1e-05_seed16 step=4625 loss+=0.350649 loss-=0.351137 dh=-24.3979 sec=1.501
sst-2_fp16_h1e-05_seed16 step=4650 loss+=0.217059 loss-=0.217849 dh=-39.5168 sec=1.462
sst-2_fp16_h1e-05_seed16 step=4675 loss+=0.159265 loss-=0.159723 dh=-22.9069 sec=1.503
sst-2_fp16_h1e-05_seed16 step=4700 loss+=0.228369 loss-=0.22659 dh=88.9851 sec=1.502
sst-2_fp16_h1e-05_seed16 step=4725 loss+=0.176618 loss-=0.177214 dh=-29.8058 sec=1.499
sst-2_fp16_h1e-05_seed16 step=4750 loss+=0.213189 loss-=0.213311 dh=-6.08552 sec=1.461
sst-2_fp16_h1e-05_seed16 step=4775 loss+=0.28136 loss-=0.281787 dh=-21.3445 sec=1.461
sst-2_fp16_h1e-05_seed16 step=4800 loss+=0.366728 loss-=0.366289 dh=21.9374 sec=1.471
sst-2_fp16_h1e-05_seed16 step=4825 loss+=0.403159 loss-=0.403759 dh=-30.0161 sec=1.375
sst-2_fp16_h1e-05_seed16 step=4850 loss+=0.285143 loss-=0.285894 dh=-37.5161 sec=1.503
sst-2_fp16_h1e-05_seed16 step=4875 loss+=0.26934 loss-=0.269759 dh=-20.9488 sec=1.502
sst-2_fp16_h1e-05_seed16 step=4900 loss+=0.335194 loss-=0.336143 dh=-47.4639 sec=1.376
sst-2_fp16_h1e-05_seed16 step=4925 loss+=0.241771 loss-=0.241797 dh=-1.27077 sec=1.375
sst-2_fp16_h1e-05_seed16 step=4950 loss+=0.305998 loss-=0.306231 dh=-11.6617 sec=1.503
sst-2_fp16_h1e-05_seed16 step=4975 loss+=0.240859 loss-=0.241187 dh=-16.4104 sec=1.463
sst-2_fp16_h1e-05_seed16 step=5000 loss+=0.230167 loss-=0.229576 dh=29.5276 sec=1.462
eval step=5000 {'eval_acc': 0.9002293577981652, 'eval_loss': 0.23296087775208535, 'eval_examples': 872}
sst-2_fp16_h1e-05_seed16 step=5025 loss+=0.166177 loss-=0.165823 dh=17.7483 sec=1.461
sst-2_fp16_h1e-05_seed16 step=5050 loss+=0.169003 loss-=0.168398 dh=30.2164 sec=1.502
sst-2_fp16_h1e-05_seed16 step=5075 loss+=0.152978 loss-=0.153233 dh=-12.7906 sec=1.364
sst-2_fp16_h1e-05_seed16 step=5100 loss+=0.557771 loss-=0.559967 dh=-109.795 sec=1.376
sst-2_fp16_h1e-05_seed16 step=5125 loss+=0.275356 loss-=0.273439 dh=95.8163 sec=1.375
sst-2_fp16_h1e-05_seed16 step=5150 loss+=0.401211 loss-=0.400926 dh=14.2643 sec=1.501
sst-2_fp16_h1e-05_seed16 step=5175 loss+=0.146516 loss-=0.14568 dh=41.8095 sec=1.459
sst-2_fp16_h1e-05_seed16 step=5200 loss+=0.454332 loss-=0.452171 dh=108.046 sec=1.460
sst-2_fp16_h1e-05_seed16 step=5225 loss+=0.293026 loss-=0.291947 dh=53.9543 sec=1.472
sst-2_fp16_h1e-05_seed16 step=5250 loss+=0.268494 loss-=0.269771 dh=-63.8294 sec=1.458
sst-2_fp16_h1e-05_seed16 step=5275 loss+=0.221989 loss-=0.222708 dh=-35.9641 sec=1.502
sst-2_fp16_h1e-05_seed16 step=5300 loss+=0.192725 loss-=0.193828 dh=-55.1532 sec=1.376
sst-2_fp16_h1e-05_seed16 step=5325 loss+=0.167911 loss-=0.167504 dh=20.3951 sec=1.459
sst-2_fp16_h1e-05_seed16 step=5350 loss+=0.254017 loss-=0.254221 dh=-10.1776 sec=1.502
sst-2_fp16_h1e-05_seed16 step=5375 loss+=0.127718 loss-=0.1274 dh=15.8617 sec=1.501
sst-2_fp16_h1e-05_seed16 step=5400 loss+=0.2966 loss-=0.298489 dh=-94.4281 sec=1.500
sst-2_fp16_h1e-05_seed16 step=5425 loss+=0.289274 loss-=0.287395 dh=93.934 sec=1.458
sst-2_fp16_h1e-05_seed16 step=5450 loss+=0.35726 loss-=0.355844 dh=70.799 sec=1.502
sst-2_fp16_h1e-05_seed16 step=5475 loss+=0.223731 loss-=0.22275 dh=49.081 sec=1.363
sst-2_fp16_h1e-05_seed16 step=5500 loss+=0.311426 loss-=0.310613 dh=40.6425 sec=1.501
eval step=5500 {'eval_acc': 0.8990825688073395, 'eval_loss': 0.2269756032331257, 'eval_examples': 872}
sst-2_fp16_h1e-05_seed16 step=5525 loss+=0.260722 loss-=0.260655 dh=3.35905 sec=1.373
sst-2_fp16_h1e-05_seed16 step=5550 loss+=0.340054 loss-=0.339808 dh=12.2675 sec=1.362
sst-2_fp16_h1e-05_seed16 step=5575 loss+=0.31703 loss-=0.316518 dh=25.5603 sec=1.501
sst-2_fp16_h1e-05_seed16 step=5600 loss+=0.227103 loss-=0.227307 dh=-10.1754 sec=1.487
sst-2_fp16_h1e-05_seed16 step=5625 loss+=0.221607 loss-=0.219617 dh=99.4546 sec=1.502
sst-2_fp16_h1e-05_seed16 step=5650 loss+=0.307537 loss-=0.309501 dh=-98.2059 sec=1.374
sst-2_fp16_h1e-05_seed16 step=5675 loss+=0.147721 loss-=0.147325 dh=19.796 sec=1.461
sst-2_fp16_h1e-05_seed16 step=5700 loss+=0.185607 loss-=0.184256 dh=67.5721 sec=1.459
sst-2_fp16_h1e-05_seed16 step=5725 loss+=0.170766 loss-=0.171255 dh=-24.4679 sec=1.502
sst-2_fp16_h1e-05_seed16 step=5750 loss+=0.204256 loss-=0.203868 dh=19.4389 sec=1.501
sst-2_fp16_h1e-05_seed16 step=5775 loss+=0.275409 loss-=0.27603 dh=-31.0304 sec=1.461
sst-2_fp16_h1e-05_seed16 step=5800 loss+=0.339441 loss-=0.339527 dh=-4.31135 sec=1.374
sst-2_fp16_h1e-05_seed16 step=5825 loss+=0.395201 loss-=0.393971 dh=61.4863 sec=1.460
sst-2_fp16_h1e-05_seed16 step=5850 loss+=0.221943 loss-=0.222316 dh=-18.6347 sec=1.472
sst-2_fp16_h1e-05_seed16 step=5875 loss+=0.188948 loss-=0.188522 dh=21.2762 sec=1.500
sst-2_fp16_h1e-05_seed16 step=5900 loss+=0.34444 loss-=0.344911 dh=-23.5754 sec=1.500
sst-2_fp16_h1e-05_seed16 step=5925 loss+=0.137972 loss-=0.138215 dh=-12.1462 sec=1.375
sst-2_fp16_h1e-05_seed16 step=5950 loss+=0.152949 loss-=0.153066 dh=-5.86086 sec=1.460
sst-2_fp16_h1e-05_seed16 step=5975 loss+=0.22176 loss-=0.222876 dh=-55.8119 sec=1.375
sst-2_fp16_h1e-05_seed16 step=6000 loss+=0.479054 loss-=0.478677 dh=18.8235 sec=1.472
eval step=6000 {'eval_acc': 0.9013761467889908, 'eval_loss': 0.2224965306893931, 'eval_examples': 872}
sst-2_fp16_h1e-05_seed16 step=6025 loss+=0.154033 loss-=0.153432 dh=30.0354 sec=1.375
sst-2_fp16_h1e-05_seed16 step=6050 loss+=0.203332 loss-=0.203316 dh=0.799843 sec=1.375
sst-2_fp16_h1e-05_seed16 step=6075 loss+=0.430675 loss-=0.431484 dh=-40.4592 sec=1.375
sst-2_fp16_h1e-05_seed16 step=6100 loss+=0.172869 loss-=0.172632 dh=11.8618 sec=1.459
sst-2_fp16_h1e-05_seed16 step=6125 loss+=0.194796 loss-=0.194266 dh=26.486 sec=1.502
sst-2_fp16_h1e-05_seed16 step=6150 loss+=0.278977 loss-=0.28041 dh=-71.6415 sec=1.500
sst-2_fp16_h1e-05_seed16 step=6175 loss+=0.141579 loss-=0.141663 dh=-4.20059 sec=1.501
sst-2_fp16_h1e-05_seed16 step=6200 loss+=0.265505 loss-=0.265144 dh=18.0111 sec=1.363
sst-2_fp16_h1e-05_seed16 step=6225 loss+=0.228634 loss-=0.229211 dh=-28.8454 sec=1.375
sst-2_fp16_h1e-05_seed16 step=6250 loss+=0.399903 loss-=0.399635 dh=13.3925 sec=1.503
sst-2_fp16_h1e-05_seed16 step=6275 loss+=0.285825 loss-=0.284794 dh=51.5491 sec=1.485
sst-2_fp16_h1e-05_seed16 step=6300 loss+=0.421466 loss-=0.42233 dh=-43.2048 sec=1.459
sst-2_fp16_h1e-05_seed16 step=6325 loss+=0.393618 loss-=0.39382 dh=-10.0792 sec=1.501
sst-2_fp16_h1e-05_seed16 step=6350 loss+=0.40734 loss-=0.406117 dh=61.1249 sec=1.461
sst-2_fp16_h1e-05_seed16 step=6375 loss+=0.235316 loss-=0.235315 dh=0.0937842 sec=1.500
sst-2_fp16_h1e-05_seed16 step=6400 loss+=0.222403 loss-=0.222075 dh=16.4194 sec=1.460
sst-2_fp16_h1e-05_seed16 step=6425 loss+=0.195818 loss-=0.196132 dh=-15.6982 sec=1.501
sst-2_fp16_h1e-05_seed16 step=6450 loss+=0.360937 loss-=0.359634 dh=65.1235 sec=1.376
sst-2_fp16_h1e-05_seed16 step=6475 loss+=0.167362 loss-=0.166223 dh=56.9497 sec=1.503
sst-2_fp16_h1e-05_seed16 step=6500 loss+=0.435935 loss-=0.433495 dh=122.04 sec=1.374
eval step=6500 {'eval_acc': 0.9059633027522935, 'eval_loss': 0.21818256071755884, 'eval_examples': 872}
sst-2_fp16_h1e-05_seed16 step=6525 loss+=0.300683 loss-=0.301404 dh=-36.0209 sec=1.362
sst-2_fp16_h1e-05_seed16 step=6550 loss+=0.316193 loss-=0.315754 dh=21.9267 sec=1.374
sst-2_fp16_h1e-05_seed16 step=6575 loss+=0.322937 loss-=0.32362 dh=-34.1364 sec=1.475
sst-2_fp16_h1e-05_seed16 step=6600 loss+=0.174818 loss-=0.17466 dh=7.89571 sec=1.459
sst-2_fp16_h1e-05_seed16 step=6625 loss+=0.221194 loss-=0.220162 dh=51.5857 sec=1.488
sst-2_fp16_h1e-05_seed16 step=6650 loss+=0.21559 loss-=0.216052 dh=-23.1063 sec=1.503
sst-2_fp16_h1e-05_seed16 step=6675 loss+=0.379492 loss-=0.379418 dh=3.71136 sec=1.461
sst-2_fp16_h1e-05_seed16 step=6700 loss+=0.273979 loss-=0.275807 dh=-91.3702 sec=1.363
sst-2_fp16_h1e-05_seed16 step=6725 loss+=0.193172 loss-=0.193067 dh=5.24044 sec=1.501
sst-2_fp16_h1e-05_seed16 step=6750 loss+=0.312396 loss-=0.312202 dh=9.71458 sec=1.375
sst-2_fp16_h1e-05_seed16 step=6775 loss+=0.274966 loss-=0.274423 dh=27.142 sec=1.500
sst-2_fp16_h1e-05_seed16 step=6800 loss+=0.172361 loss-=0.173333 dh=-48.5828 sec=1.470
sst-2_fp16_h1e-05_seed16 step=6825 loss+=0.477406 loss-=0.480163 dh=-137.824 sec=1.375
sst-2_fp16_h1e-05_seed16 step=6850 loss+=0.499953 loss-=0.499689 dh=13.215 sec=1.462
sst-2_fp16_h1e-05_seed16 step=6875 loss+=0.108617 loss-=0.108979 dh=-18.0759 sec=1.375
sst-2_fp16_h1e-05_seed16 step=6900 loss+=0.246035 loss-=0.246003 dh=1.5961 sec=1.461
sst-2_fp16_h1e-05_seed16 step=6925 loss+=0.1698 loss-=0.168752 dh=52.4101 sec=1.462
sst-2_fp16_h1e-05_seed16 step=6950 loss+=0.233832 loss-=0.233612 dh=10.9936 sec=1.460
sst-2_fp16_h1e-05_seed16 step=6975 loss+=0.149077 loss-=0.149881 dh=-40.1761 sec=1.499
sst-2_fp16_h1e-05_seed16 step=7000 loss+=0.18909 loss-=0.189993 dh=-45.1675 sec=1.458
eval step=7000 {'eval_acc': 0.9094036697247706, 'eval_loss': 0.21667361649344974, 'eval_examples': 872}
sst-2_fp16_h1e-05_seed16 step=7025 loss+=0.357073 loss-=0.353684 dh=169.486 sec=1.362
sst-2_fp16_h1e-05_seed16 step=7050 loss+=0.291011 loss-=0.290118 dh=44.6633 sec=1.375
sst-2_fp16_h1e-05_seed16 step=7075 loss+=0.550712 loss-=0.54497 dh=287.071 sec=1.500
sst-2_fp16_h1e-05_seed16 step=7100 loss+=0.280258 loss-=0.27971 dh=27.4151 sec=1.461
sst-2_fp16_h1e-05_seed16 step=7125 loss+=0.186118 loss-=0.186844 dh=-36.3138 sec=1.375
sst-2_fp16_h1e-05_seed16 step=7150 loss+=0.253688 loss-=0.25282 dh=43.4138 sec=1.374
sst-2_fp16_h1e-05_seed16 step=7175 loss+=0.399107 loss-=0.398673 dh=21.714 sec=1.502
sst-2_fp16_h1e-05_seed16 step=7200 loss+=0.400394 loss-=0.402252 dh=-92.9295 sec=1.363
sst-2_fp16_h1e-05_seed16 step=7225 loss+=0.0659345 loss-=0.0657882 dh=7.31241 sec=1.461
sst-2_fp16_h1e-05_seed16 step=7250 loss+=0.193589 loss-=0.192583 dh=50.2944 sec=1.459
sst-2_fp16_h1e-05_seed16 step=7275 loss+=0.133443 loss-=0.132792 dh=32.529 sec=1.460
sst-2_fp16_h1e-05_seed16 step=7300 loss+=0.542879 loss-=0.542294 dh=29.2432 sec=1.501
sst-2_fp16_h1e-05_seed16 step=7325 loss+=0.386252 loss-=0.38588 dh=18.5846 sec=1.502
sst-2_fp16_h1e-05_seed16 step=7350 loss+=0.244144 loss-=0.243802 dh=17.0706 sec=1.460
sst-2_fp16_h1e-05_seed16 step=7375 loss+=0.50259 loss-=0.501019 dh=78.5412 sec=1.501
sst-2_fp16_h1e-05_seed16 step=7400 loss+=0.218621 loss-=0.219589 dh=-48.4043 sec=1.374
sst-2_fp16_h1e-05_seed16 step=7425 loss+=0.319458 loss-=0.320878 dh=-70.9688 sec=1.459
sst-2_fp16_h1e-05_seed16 step=7450 loss+=0.426662 loss-=0.426135 dh=26.3645 sec=1.363
sst-2_fp16_h1e-05_seed16 step=7475 loss+=0.355494 loss-=0.355912 dh=-20.9205 sec=1.488
sst-2_fp16_h1e-05_seed16 step=7500 loss+=0.226696 loss-=0.226885 dh=-9.48798 sec=1.460
eval step=7500 {'eval_acc': 0.9071100917431193, 'eval_loss': 0.21697645420646466, 'eval_examples': 872}
sst-2_fp16_h1e-05_seed16 step=7525 loss+=0.215745 loss-=0.215246 dh=24.923 sec=1.501
sst-2_fp16_h1e-05_seed16 step=7550 loss+=0.109878 loss-=0.10989 dh=-0.615092 sec=1.459
sst-2_fp16_h1e-05_seed16 step=7575 loss+=0.234247 loss-=0.234559 dh=-15.5702 sec=1.373
sst-2_fp16_h1e-05_seed16 step=7600 loss+=0.370032 loss-=0.370355 dh=-16.1838 sec=1.375
sst-2_fp16_h1e-05_seed16 step=7625 loss+=0.599102 loss-=0.599174 dh=-3.58534 sec=1.310
sst-2_fp16_h1e-05_seed16 step=7650 loss+=0.272426 loss-=0.273047 dh=-31.0496 sec=1.374
sst-2_fp16_h1e-05_seed16 step=7675 loss+=0.240081 loss-=0.239147 dh=46.6983 sec=1.501
sst-2_fp16_h1e-05_seed16 step=7700 loss+=0.443006 loss-=0.442488 dh=25.8887 sec=1.460
sst-2_fp16_h1e-05_seed16 step=7725 loss+=0.380614 loss-=0.379481 dh=56.6328 sec=1.374
sst-2_fp16_h1e-05_seed16 step=7750 loss+=0.285323 loss-=0.28496 dh=18.1571 sec=1.459
sst-2_fp16_h1e-05_seed16 step=7775 loss+=0.0933589 loss-=0.0934813 dh=-6.12033 sec=1.376
sst-2_fp16_h1e-05_seed16 step=7800 loss+=0.237078 loss-=0.236604 dh=23.712 sec=1.459
sst-2_fp16_h1e-05_seed16 step=7825 loss+=0.306269 loss-=0.304788 dh=74.0346 sec=1.460
sst-2_fp16_h1e-05_seed16 step=7850 loss+=0.149383 loss-=0.148998 dh=19.2684 sec=1.487
sst-2_fp16_h1e-05_seed16 step=7875 loss+=0.124291 loss-=0.124729 dh=-21.8816 sec=1.501
sst-2_fp16_h1e-05_seed16 step=7900 loss+=0.331615 loss-=0.331016 dh=29.9585 sec=1.474
sst-2_fp16_h1e-05_seed16 step=7925 loss+=0.332645 loss-=0.33241 dh=11.7474 sec=1.375
sst-2_fp16_h1e-05_seed16 step=7950 loss+=0.44707 loss-=0.446101 dh=48.4266 sec=1.500
sst-2_fp16_h1e-05_seed16 step=7975 loss+=0.20098 loss-=0.199153 dh=91.3409 sec=1.501
sst-2_fp16_h1e-05_seed16 step=8000 loss+=0.29783 loss-=0.297838 dh=-0.388402 sec=1.374
eval step=8000 {'eval_acc': 0.9151376146788991, 'eval_loss': 0.21586066894361391, 'eval_examples': 872}
sst-2_fp16_h1e-05_seed16 step=8025 loss+=0.0813546 loss-=0.0814607 dh=-5.3084 sec=1.457
sst-2_fp16_h1e-05_seed16 step=8050 loss+=0.219319 loss-=0.217865 dh=72.7248 sec=1.500
sst-2_fp16_h1e-05_seed16 step=8075 loss+=0.121682 loss-=0.121814 dh=-6.60841 sec=1.373
sst-2_fp16_h1e-05_seed16 step=8100 loss+=0.315409 loss-=0.314454 dh=47.7355 sec=1.499
sst-2_fp16_h1e-05_seed16 step=8125 loss+=0.363309 loss-=0.363394 dh=-4.24972 sec=1.461
sst-2_fp16_h1e-05_seed16 step=8150 loss+=0.100936 loss-=0.100648 dh=14.3725 sec=1.376
sst-2_fp16_h1e-05_seed16 step=8175 loss+=0.176939 loss-=0.178454 dh=-75.7247 sec=1.459
sst-2_fp16_h1e-05_seed16 step=8200 loss+=0.322328 loss-=0.322379 dh=-2.56165 sec=1.362
sst-2_fp16_h1e-05_seed16 step=8225 loss+=0.258537 loss-=0.258312 dh=11.2562 sec=1.362
sst-2_fp16_h1e-05_seed16 step=8250 loss+=0.274252 loss-=0.274942 dh=-34.4925 sec=1.375
sst-2_fp16_h1e-05_seed16 step=8275 loss+=0.107073 loss-=0.107142 dh=-3.42056 sec=1.501
sst-2_fp16_h1e-05_seed16 step=8300 loss+=0.610384 loss-=0.610726 dh=-17.1021 sec=1.375
sst-2_fp16_h1e-05_seed16 step=8325 loss+=0.452376 loss-=0.451733 dh=32.1413 sec=1.459
sst-2_fp16_h1e-05_seed16 step=8350 loss+=0.109537 loss-=0.108948 dh=29.4663 sec=1.472
sst-2_fp16_h1e-05_seed16 step=8375 loss+=0.087503 loss-=0.0870327 dh=23.5118 sec=1.460
sst-2_fp16_h1e-05_seed16 step=8400 loss+=0.107857 loss-=0.107604 dh=12.6463 sec=1.374
sst-2_fp16_h1e-05_seed16 step=8425 loss+=0.133305 loss-=0.134085 dh=-38.9849 sec=1.374
sst-2_fp16_h1e-05_seed16 step=8450 loss+=0.221511 loss-=0.220747 dh=38.1855 sec=1.459
sst-2_fp16_h1e-05_seed16 step=8475 loss+=0.166586 loss-=0.166445 dh=7.03577 sec=1.501
sst-2_fp16_h1e-05_seed16 step=8500 loss+=0.291037 loss-=0.292155 dh=-55.9045 sec=1.458
eval step=8500 {'eval_acc': 0.9185779816513762, 'eval_loss': 0.21018805989991327, 'eval_examples': 872}
sst-2_fp16_h1e-05_seed16 step=8525 loss+=0.148057 loss-=0.147467 dh=29.5005 sec=1.500
sst-2_fp16_h1e-05_seed16 step=8550 loss+=0.161677 loss-=0.163256 dh=-78.9456 sec=1.472
sst-2_fp16_h1e-05_seed16 step=8575 loss+=0.219247 loss-=0.218414 dh=41.6494 sec=1.458
sst-2_fp16_h1e-05_seed16 step=8600 loss+=0.110391 loss-=0.110386 dh=0.277185 sec=1.485
sst-2_fp16_h1e-05_seed16 step=8625 loss+=0.232777 loss-=0.232684 dh=4.65442 sec=1.502
sst-2_fp16_h1e-05_seed16 step=8650 loss+=0.469639 loss-=0.469636 dh=0.153948 sec=1.362
sst-2_fp16_h1e-05_seed16 step=8675 loss+=0.17862 loss-=0.180226 dh=-80.2861 sec=1.502
sst-2_fp16_h1e-05_seed16 step=8700 loss+=0.233319 loss-=0.232002 dh=65.8324 sec=1.501
sst-2_fp16_h1e-05_seed16 step=8725 loss+=0.298351 loss-=0.298116 dh=11.7342 sec=1.374
sst-2_fp16_h1e-05_seed16 step=8750 loss+=0.38332 loss-=0.385721 dh=-120.042 sec=1.461
sst-2_fp16_h1e-05_seed16 step=8775 loss+=0.28547 loss-=0.285228 dh=12.1042 sec=1.374
sst-2_fp16_h1e-05_seed16 step=8800 loss+=0.10611 loss-=0.106397 dh=-14.3595 sec=1.472
sst-2_fp16_h1e-05_seed16 step=8825 loss+=0.40698 loss-=0.406459 dh=26.0381 sec=1.500
sst-2_fp16_h1e-05_seed16 step=8850 loss+=0.122691 loss-=0.122062 dh=31.4187 sec=1.499
sst-2_fp16_h1e-05_seed16 step=8875 loss+=0.13176 loss-=0.131828 dh=-3.40892 sec=1.473
sst-2_fp16_h1e-05_seed16 step=8900 loss+=0.189319 loss-=0.189231 dh=4.36704 sec=1.461
sst-2_fp16_h1e-05_seed16 step=8925 loss+=0.372604 loss-=0.37326 dh=-32.8217 sec=1.458
sst-2_fp16_h1e-05_seed16 step=8950 loss+=0.387701 loss-=0.388951 dh=-62.503 sec=1.458
sst-2_fp16_h1e-05_seed16 step=8975 loss+=0.126763 loss-=0.126596 dh=8.34744 sec=1.458
sst-2_fp16_h1e-05_seed16 step=9000 loss+=0.116561 loss-=0.116266 dh=14.717 sec=1.474
eval step=9000 {'eval_acc': 0.9208715596330275, 'eval_loss': 0.20973100539600187, 'eval_examples': 872}
sst-2_fp16_h1e-05_seed16 step=9025 loss+=0.200726 loss-=0.199696 dh=51.4555 sec=1.499
sst-2_fp16_h1e-05_seed16 step=9050 loss+=0.172815 loss-=0.172317 dh=24.9054 sec=1.474
sst-2_fp16_h1e-05_seed16 step=9075 loss+=0.237342 loss-=0.239197 dh=-92.7628 sec=1.362
sst-2_fp16_h1e-05_seed16 step=9100 loss+=0.266854 loss-=0.266839 dh=0.747549 sec=1.501
sst-2_fp16_h1e-05_seed16 step=9125 loss+=0.292605 loss-=0.295112 dh=-125.379 sec=1.487
sst-2_fp16_h1e-05_seed16 step=9150 loss+=0.237658 loss-=0.238928 dh=-63.5053 sec=1.460
sst-2_fp16_h1e-05_seed16 step=9175 loss+=0.24146 loss-=0.243418 dh=-97.8813 sec=1.501
sst-2_fp16_h1e-05_seed16 step=9200 loss+=0.281457 loss-=0.279694 dh=88.1759 sec=1.472
sst-2_fp16_h1e-05_seed16 step=9225 loss+=0.282343 loss-=0.283229 dh=-44.3155 sec=1.374
sst-2_fp16_h1e-05_seed16 step=9250 loss+=0.238707 loss-=0.239527 dh=-41.0217 sec=1.460
sst-2_fp16_h1e-05_seed16 step=9275 loss+=0.246655 loss-=0.247213 dh=-27.8838 sec=1.500
sst-2_fp16_h1e-05_seed16 step=9300 loss+=0.1736 loss-=0.173644 dh=-2.22605 sec=1.500
sst-2_fp16_h1e-05_seed16 step=9325 loss+=0.197577 loss-=0.199042 dh=-73.2679 sec=1.501
sst-2_fp16_h1e-05_seed16 step=9350 loss+=0.631949 loss-=0.632303 dh=-17.7076 sec=1.501
sst-2_fp16_h1e-05_seed16 step=9375 loss+=0.154778 loss-=0.154441 dh=16.8261 sec=1.374
sst-2_fp16_h1e-05_seed16 step=9400 loss+=0.331695 loss-=0.329253 dh=122.123 sec=1.375
sst-2_fp16_h1e-05_seed16 step=9425 loss+=0.34568 loss-=0.346104 dh=-21.2398 sec=1.501
sst-2_fp16_h1e-05_seed16 step=9450 loss+=0.0522865 loss-=0.0521736 dh=5.64821 sec=1.472
sst-2_fp16_h1e-05_seed16 step=9475 loss+=0.427614 loss-=0.427033 dh=29.0344 sec=1.501
sst-2_fp16_h1e-05_seed16 step=9500 loss+=0.189054 loss-=0.186631 dh=121.123 sec=1.500
eval step=9500 {'eval_acc': 0.9220183486238532, 'eval_loss': 0.20793609047648198, 'eval_examples': 872}
sst-2_fp16_h1e-05_seed16 step=9525 loss+=0.333878 loss-=0.332276 dh=80.0977 sec=1.363
sst-2_fp16_h1e-05_seed16 step=9550 loss+=0.108576 loss-=0.108819 dh=-12.1602 sec=1.459
sst-2_fp16_h1e-05_seed16 step=9575 loss+=0.0577195 loss-=0.0577201 dh=-0.034261 sec=1.489
sst-2_fp16_h1e-05_seed16 step=9600 loss+=0.200952 loss-=0.20082 dh=6.61141 sec=1.500
sst-2_fp16_h1e-05_seed16 step=9625 loss+=0.205734 loss-=0.204962 dh=38.609 sec=1.501
sst-2_fp16_h1e-05_seed16 step=9650 loss+=0.0586992 loss-=0.0588313 dh=-6.60601 sec=1.502
sst-2_fp16_h1e-05_seed16 step=9675 loss+=0.190763 loss-=0.191698 dh=-46.7389 sec=1.472
sst-2_fp16_h1e-05_seed16 step=9700 loss+=0.227114 loss-=0.225311 dh=90.1463 sec=1.486
sst-2_fp16_h1e-05_seed16 step=9725 loss+=0.27555 loss-=0.274944 dh=30.2977 sec=1.502
sst-2_fp16_h1e-05_seed16 step=9750 loss+=0.303252 loss-=0.303048 dh=10.2309 sec=1.375
sst-2_fp16_h1e-05_seed16 step=9775 loss+=0.238806 loss-=0.239984 dh=-58.91 sec=1.501
sst-2_fp16_h1e-05_seed16 step=9800 loss+=0.420477 loss-=0.420411 dh=3.27444 sec=1.502
sst-2_fp16_h1e-05_seed16 step=9825 loss+=0.171567 loss-=0.170712 dh=42.7163 sec=1.488
sst-2_fp16_h1e-05_seed16 step=9850 loss+=0.43316 loss-=0.433317 dh=-7.84015 sec=1.376
sst-2_fp16_h1e-05_seed16 step=9875 loss+=0.211587 loss-=0.212157 dh=-28.4897 sec=1.764
sst-2_fp16_h1e-05_seed16 step=9900 loss+=0.124288 loss-=0.125081 dh=-39.6185 sec=1.374
sst-2_fp16_h1e-05_seed16 step=9925 loss+=0.341729 loss-=0.343428 dh=-84.9382 sec=1.499
sst-2_fp16_h1e-05_seed16 step=9950 loss+=0.129746 loss-=0.129792 dh=-2.30479 sec=1.459
sst-2_fp16_h1e-05_seed16 step=9975 loss+=0.0576747 loss-=0.0577399 dh=-3.25765 sec=1.375
sst-2_fp16_h1e-05_seed16 step=10000 loss+=0.0978527 loss-=0.097218 dh=31.7361 sec=1.472
eval step=10000 {'eval_acc': 0.9139908256880734, 'eval_loss': 0.21184624544635347, 'eval_examples': 872}
sst-2_fp16_h1e-05_seed16 step=10025 loss+=0.27361 loss-=0.271097 dh=125.651 sec=1.374
sst-2_fp16_h1e-05_seed16 step=10050 loss+=0.371278 loss-=0.371243 dh=1.77321 sec=1.470
sst-2_fp16_h1e-05_seed16 step=10075 loss+=0.138586 loss-=0.139177 dh=-29.5329 sec=1.374
sst-2_fp16_h1e-05_seed16 step=10100 loss+=0.433325 loss-=0.431018 dh=115.324 sec=1.501
sst-2_fp16_h1e-05_seed16 step=10125 loss+=0.185186 loss-=0.184747 dh=21.9363 sec=1.460
sst-2_fp16_h1e-05_seed16 step=10150 loss+=0.273063 loss-=0.273678 dh=-30.7729 sec=1.500
sst-2_fp16_h1e-05_seed16 step=10175 loss+=0.267646 loss-=0.266797 dh=42.4599 sec=1.501
sst-2_fp16_h1e-05_seed16 step=10200 loss+=0.120847 loss-=0.121371 dh=-26.2263 sec=1.502
sst-2_fp16_h1e-05_seed16 step=10225 loss+=0.383187 loss-=0.381777 dh=70.5117 sec=1.471
sst-2_fp16_h1e-05_seed16 step=10250 loss+=0.153228 loss-=0.15441 dh=-59.1254 sec=1.460
sst-2_fp16_h1e-05_seed16 step=10275 loss+=0.361062 loss-=0.358124 dh=146.906 sec=1.459
sst-2_fp16_h1e-05_seed16 step=10300 loss+=0.615668 loss-=0.621821 dh=-307.676 sec=1.501
sst-2_fp16_h1e-05_seed16 step=10325 loss+=0.322508 loss-=0.321507 dh=50.0318 sec=1.374
sst-2_fp16_h1e-05_seed16 step=10350 loss+=0.332004 loss-=0.332795 dh=-39.5467 sec=1.500
sst-2_fp16_h1e-05_seed16 step=10375 loss+=0.165438 loss-=0.16433 dh=55.3977 sec=1.501
sst-2_fp16_h1e-05_seed16 step=10400 loss+=0.119966 loss-=0.118881 dh=54.2771 sec=1.458
sst-2_fp16_h1e-05_seed16 step=10425 loss+=0.477033 loss-=0.473199 dh=191.734 sec=1.501
sst-2_fp16_h1e-05_seed16 step=10450 loss+=0.497318 loss-=0.497205 dh=5.62908 sec=1.375
sst-2_fp16_h1e-05_seed16 step=10475 loss+=0.34388 loss-=0.342035 dh=92.2352 sec=1.374
sst-2_fp16_h1e-05_seed16 step=10500 loss+=0.462672 loss-=0.463206 dh=-26.6811 sec=1.460
eval step=10500 {'eval_acc': 0.9139908256880734, 'eval_loss': 0.2195975664050378, 'eval_examples': 872}
sst-2_fp16_h1e-05_seed16 step=10525 loss+=0.148546 loss-=0.149152 dh=-30.3015 sec=1.460
sst-2_fp16_h1e-05_seed16 step=10550 loss+=0.40827 loss-=0.406389 dh=94.0436 sec=1.499
sst-2_fp16_h1e-05_seed16 step=10575 loss+=0.307906 loss-=0.310562 dh=-132.761 sec=1.375
sst-2_fp16_h1e-05_seed16 step=10600 loss+=0.330933 loss-=0.331453 dh=-26.0217 sec=1.460
sst-2_fp16_h1e-05_seed16 step=10625 loss+=0.258714 loss-=0.25845 dh=13.2158 sec=1.363
sst-2_fp16_h1e-05_seed16 step=10650 loss+=0.241115 loss-=0.240316 dh=39.9711 sec=1.376
sst-2_fp16_h1e-05_seed16 step=10675 loss+=0.384102 loss-=0.383264 dh=41.8843 sec=1.501
sst-2_fp16_h1e-05_seed16 step=10700 loss+=0.301558 loss-=0.303211 dh=-82.6496 sec=1.374
sst-2_fp16_h1e-05_seed16 step=10725 loss+=0.23852 loss-=0.238523 dh=-0.124692 sec=1.488
sst-2_fp16_h1e-05_seed16 step=10750 loss+=0.115822 loss-=0.116657 dh=-41.7682 sec=1.501
sst-2_fp16_h1e-05_seed16 step=10775 loss+=0.163658 loss-=0.16267 dh=49.4337 sec=1.501
sst-2_fp16_h1e-05_seed16 step=10800 loss+=0.160891 loss-=0.164136 dh=-162.264 sec=1.486
sst-2_fp16_h1e-05_seed16 step=10825 loss+=0.0912748 loss-=0.0906988 dh=28.8005 sec=1.500
sst-2_fp16_h1e-05_seed16 step=10850 loss+=0.280541 loss-=0.28027 dh=13.5748 sec=1.375
sst-2_fp16_h1e-05_seed16 step=10875 loss+=0.402546 loss-=0.402957 dh=-20.5465 sec=1.374
sst-2_fp16_h1e-05_seed16 step=10900 loss+=0.303992 loss-=0.30395 dh=2.09471 sec=1.499
sst-2_fp16_h1e-05_seed16 step=10925 loss+=0.293321 loss-=0.291998 dh=66.1377 sec=1.501
sst-2_fp16_h1e-05_seed16 step=10950 loss+=0.337235 loss-=0.337875 dh=-31.9627 sec=1.501
sst-2_fp16_h1e-05_seed16 step=10975 loss+=0.316758 loss-=0.317158 dh=-20.0129 sec=1.374
sst-2_fp16_h1e-05_seed16 step=11000 loss+=0.381204 loss-=0.385047 dh=-192.172 sec=1.501
eval step=11000 {'eval_acc': 0.911697247706422, 'eval_loss': 0.2191438895159982, 'eval_examples': 872}
sst-2_fp16_h1e-05_seed16 step=11025 loss+=0.350797 loss-=0.351161 dh=-18.192 sec=1.500
sst-2_fp16_h1e-05_seed16 step=11050 loss+=0.1872 loss-=0.188249 dh=-52.4797 sec=1.375
sst-2_fp16_h1e-05_seed16 step=11075 loss+=0.269185 loss-=0.268675 dh=25.485 sec=1.501
sst-2_fp16_h1e-05_seed16 step=11100 loss+=0.228557 loss-=0.22797 dh=29.3193 sec=1.500
sst-2_fp16_h1e-05_seed16 step=11125 loss+=0.236216 loss-=0.237239 dh=-51.1541 sec=1.375
sst-2_fp16_h1e-05_seed16 step=11150 loss+=0.116433 loss-=0.114875 dh=77.868 sec=1.363
sst-2_fp16_h1e-05_seed16 step=11175 loss+=0.302832 loss-=0.304897 dh=-103.234 sec=1.459
sst-2_fp16_h1e-05_seed16 step=11200 loss+=0.182649 loss-=0.183244 dh=-29.7788 sec=1.459
sst-2_fp16_h1e-05_seed16 step=11225 loss+=0.218447 loss-=0.218861 dh=-20.665 sec=1.502
sst-2_fp16_h1e-05_seed16 step=11250 loss+=0.0878942 loss-=0.0874052 dh=24.449 sec=1.500
sst-2_fp16_h1e-05_seed16 step=11275 loss+=0.244842 loss-=0.245032 dh=-9.51183 sec=1.458
sst-2_fp16_h1e-05_seed16 step=11300 loss+=0.407654 loss-=0.405584 dh=103.468 sec=1.500
sst-2_fp16_h1e-05_seed16 step=11325 loss+=0.209336 loss-=0.209142 dh=9.68223 sec=1.501
sst-2_fp16_h1e-05_seed16 step=11350 loss+=0.104147 loss-=0.104096 dh=2.56604 sec=1.460
sst-2_fp16_h1e-05_seed16 step=11375 loss+=0.187889 loss-=0.187354 dh=26.7227 sec=1.460
sst-2_fp16_h1e-05_seed16 step=11400 loss+=0.311405 loss-=0.311198 dh=10.3325 sec=1.459
sst-2_fp16_h1e-05_seed16 step=11425 loss+=0.283317 loss-=0.282724 dh=29.6055 sec=1.374
sst-2_fp16_h1e-05_seed16 step=11450 loss+=0.173373 loss-=0.173191 dh=9.1226 sec=1.375
sst-2_fp16_h1e-05_seed16 step=11475 loss+=0.212205 loss-=0.211079 dh=56.3021 sec=1.500
sst-2_fp16_h1e-05_seed16 step=11500 loss+=0.298008 loss-=0.296202 dh=90.2768 sec=1.362
eval step=11500 {'eval_acc': 0.9174311926605505, 'eval_loss': 0.2184924366867913, 'eval_examples': 872}
sst-2_fp16_h1e-05_seed16 step=11525 loss+=0.192683 loss-=0.191919 dh=38.2123 sec=1.471
sst-2_fp16_h1e-05_seed16 step=11550 loss+=0.288679 loss-=0.290113 dh=-71.7067 sec=1.501
sst-2_fp16_h1e-05_seed16 step=11575 loss+=0.0590565 loss-=0.0586913 dh=18.2557 sec=1.461
sst-2_fp16_h1e-05_seed16 step=11600 loss+=0.223389 loss-=0.223815 dh=-21.2831 sec=1.502
sst-2_fp16_h1e-05_seed16 step=11625 loss+=0.217391 loss-=0.218009 dh=-30.9122 sec=1.500
sst-2_fp16_h1e-05_seed16 step=11650 loss+=0.108595 loss-=0.108727 dh=-6.5871 sec=1.500
sst-2_fp16_h1e-05_seed16 step=11675 loss+=0.343999 loss-=0.342591 dh=70.4024 sec=1.460
sst-2_fp16_h1e-05_seed16 step=11700 loss+=0.1464 loss-=0.146155 dh=12.2821 sec=1.501
sst-2_fp16_h1e-05_seed16 step=11725 loss+=0.272744 loss-=0.272255 dh=24.462 sec=1.502
sst-2_fp16_h1e-05_seed16 step=11750 loss+=0.139459 loss-=0.138761 dh=34.9022 sec=1.501
sst-2_fp16_h1e-05_seed16 step=11775 loss+=0.102374 loss-=0.102459 dh=-4.2568 sec=1.501
sst-2_fp16_h1e-05_seed16 step=11800 loss+=0.300912 loss-=0.304275 dh=-168.141 sec=1.376
sst-2_fp16_h1e-05_seed16 step=11825 loss+=0.289378 loss-=0.289265 dh=5.64649 sec=1.459
sst-2_fp16_h1e-05_seed16 step=11850 loss+=0.558318 loss-=0.560326 dh=-100.402 sec=1.461
sst-2_fp16_h1e-05_seed16 step=11875 loss+=0.231767 loss-=0.232285 dh=-25.8878 sec=1.374
sst-2_fp16_h1e-05_seed16 step=11900 loss+=0.133324 loss-=0.132694 dh=31.4831 sec=1.460
sst-2_fp16_h1e-05_seed16 step=11925 loss+=0.297625 loss-=0.295267 dh=117.914 sec=1.375
sst-2_fp16_h1e-05_seed16 step=11950 loss+=0.568121 loss-=0.567209 dh=45.629 sec=1.375
sst-2_fp16_h1e-05_seed16 step=11975 loss+=0.184942 loss-=0.185373 dh=-21.5725 sec=1.502
sst-2_fp16_h1e-05_seed16 step=12000 loss+=0.139525 loss-=0.138358 dh=58.3699 sec=1.460
eval step=12000 {'eval_acc': 0.911697247706422, 'eval_loss': 0.21990113035047323, 'eval_examples': 872}
sst-2_fp16_h1e-05_seed16 step=12025 loss+=0.190551 loss-=0.192145 dh=-79.6908 sec=1.499
sst-2_fp16_h1e-05_seed16 step=12050 loss+=0.225108 loss-=0.226487 dh=-68.9796 sec=1.501
sst-2_fp16_h1e-05_seed16 step=12075 loss+=0.113342 loss-=0.112777 dh=28.2567 sec=1.364
sst-2_fp16_h1e-05_seed16 step=12100 loss+=0.411321 loss-=0.412338 dh=-50.8368 sec=1.472
sst-2_fp16_h1e-05_seed16 step=12125 loss+=0.471593 loss-=0.469007 dh=129.284 sec=1.374
sst-2_fp16_h1e-05_seed16 step=12150 loss+=0.186537 loss-=0.18646 dh=3.85793 sec=1.461
sst-2_fp16_h1e-05_seed16 step=12175 loss+=0.341214 loss-=0.342242 dh=-51.3963 sec=1.460
sst-2_fp16_h1e-05_seed16 step=12200 loss+=0.382548 loss-=0.382887 dh=-16.9725 sec=1.376
sst-2_fp16_h1e-05_seed16 step=12225 loss+=0.146024 loss-=0.145414 dh=30.5094 sec=1.375
sst-2_fp16_h1e-05_seed16 step=12250 loss+=0.408177 loss-=0.410129 dh=-97.613 sec=1.375
sst-2_fp16_h1e-05_seed16 step=12275 loss+=0.244189 loss-=0.244642 dh=-22.6655 sec=1.501
sst-2_fp16_h1e-05_seed16 step=12300 loss+=0.377548 loss-=0.376874 dh=33.7466 sec=1.460
sst-2_fp16_h1e-05_seed16 step=12325 loss+=0.0786731 loss-=0.0784667 dh=10.3206 sec=1.503
sst-2_fp16_h1e-05_seed16 step=12350 loss+=0.181988 loss-=0.181936 dh=2.59427 sec=1.375
sst-2_fp16_h1e-05_seed16 step=12375 loss+=0.181283 loss-=0.181589 dh=-15.3036 sec=1.376
sst-2_fp16_h1e-05_seed16 step=12400 loss+=0.202129 loss-=0.202848 dh=-35.973 sec=1.502
sst-2_fp16_h1e-05_seed16 step=12425 loss+=0.122105 loss-=0.12137 dh=36.736 sec=1.375
sst-2_fp16_h1e-05_seed16 step=12450 loss+=0.200666 loss-=0.200067 dh=29.9613 sec=1.363
sst-2_fp16_h1e-05_seed16 step=12475 loss+=0.131381 loss-=0.13203 dh=-32.4691 sec=1.474
sst-2_fp16_h1e-05_seed16 step=12500 loss+=0.0885558 loss-=0.0887168 dh=-8.051 sec=1.501
eval step=12500 {'eval_acc': 0.9185779816513762, 'eval_loss': 0.21630058748462802, 'eval_examples': 872}
sst-2_fp16_h1e-05_seed16 step=12525 loss+=0.332874 loss-=0.332014 dh=42.9906 sec=1.499
sst-2_fp16_h1e-05_seed16 step=12550 loss+=0.135694 loss-=0.135107 dh=29.31 sec=1.501
sst-2_fp16_h1e-05_seed16 step=12575 loss+=0.10404 loss-=0.104862 dh=-41.0928 sec=1.473
sst-2_fp16_h1e-05_seed16 step=12600 loss+=0.184497 loss-=0.184695 dh=-9.90278 sec=1.501
sst-2_fp16_h1e-05_seed16 step=12625 loss+=0.160175 loss-=0.159743 dh=21.6371 sec=1.499
sst-2_fp16_h1e-05_seed16 step=12650 loss+=0.10945 loss-=0.108976 dh=23.6953 sec=1.488
sst-2_fp16_h1e-05_seed16 step=12675 loss+=0.116102 loss-=0.116243 dh=-7.06133 sec=1.375
sst-2_fp16_h1e-05_seed16 step=12700 loss+=0.275142 loss-=0.275189 dh=-2.31399 sec=1.471
sst-2_fp16_h1e-05_seed16 step=12725 loss+=0.0815108 loss-=0.0804687 dh=52.1028 sec=1.500
sst-2_fp16_h1e-05_seed16 step=12750 loss+=0.0598417 loss-=0.0602639 dh=-21.1104 sec=1.376
sst-2_fp16_h1e-05_seed16 step=12775 loss+=0.256733 loss-=0.254253 dh=123.988 sec=1.473
sst-2_fp16_h1e-05_seed16 step=12800 loss+=0.198879 loss-=0.19852 dh=17.9404 sec=1.473
sst-2_fp16_h1e-05_seed16 step=12825 loss+=0.14548 loss-=0.145305 dh=8.77911 sec=1.501
sst-2_fp16_h1e-05_seed16 step=12850 loss+=0.420773 loss-=0.4186 dh=108.636 sec=1.459
sst-2_fp16_h1e-05_seed16 step=12875 loss+=0.268573 loss-=0.2674 dh=58.6321 sec=1.501
sst-2_fp16_h1e-05_seed16 step=12900 loss+=0.359708 loss-=0.360439 dh=-36.5678 sec=1.375
sst-2_fp16_h1e-05_seed16 step=12925 loss+=0.0737265 loss-=0.0729958 dh=36.5356 sec=1.501
sst-2_fp16_h1e-05_seed16 step=12950 loss+=0.169299 loss-=0.168401 dh=44.9095 sec=1.500
sst-2_fp16_h1e-05_seed16 step=12975 loss+=0.277879 loss-=0.278116 dh=-11.8616 sec=1.500
sst-2_fp16_h1e-05_seed16 step=13000 loss+=0.539843 loss-=0.541082 dh=-61.9216 sec=1.501
eval step=13000 {'eval_acc': 0.9162844036697247, 'eval_loss': 0.21927920718882404, 'eval_examples': 872}
sst-2_fp16_h1e-05_seed16 step=13025 loss+=0.373677 loss-=0.372083 dh=79.6634 sec=1.460
sst-2_fp16_h1e-05_seed16 step=13050 loss+=0.122079 loss-=0.122545 dh=-23.2948 sec=1.485
sst-2_fp16_h1e-05_seed16 step=13075 loss+=0.223408 loss-=0.221855 dh=77.6615 sec=1.376
sst-2_fp16_h1e-05_seed16 step=13100 loss+=0.279461 loss-=0.280993 dh=-76.6272 sec=1.376
sst-2_fp16_h1e-05_seed16 step=13125 loss+=0.485439 loss-=0.485095 dh=17.1772 sec=1.375
sst-2_fp16_h1e-05_seed16 step=13150 loss+=0.463177 loss-=0.46123 dh=97.354 sec=1.501
sst-2_fp16_h1e-05_seed16 step=13175 loss+=0.228226 loss-=0.229348 dh=-56.1037 sec=1.500
sst-2_fp16_h1e-05_seed16 step=13200 loss+=0.241874 loss-=0.241812 dh=3.1187 sec=1.500
sst-2_fp16_h1e-05_seed16 step=13225 loss+=0.380629 loss-=0.380481 dh=7.41341 sec=1.501
sst-2_fp16_h1e-05_seed16 step=13250 loss+=0.198875 loss-=0.19928 dh=-20.2401 sec=1.502
sst-2_fp16_h1e-05_seed16 step=13275 loss+=0.106323 loss-=0.106741 dh=-20.9113 sec=1.375
sst-2_fp16_h1e-05_seed16 step=13300 loss+=0.399021 loss-=0.399895 dh=-43.6911 sec=1.461
sst-2_fp16_h1e-05_seed16 step=13325 loss+=0.11077 loss-=0.11103 dh=-13.0285 sec=1.457
sst-2_fp16_h1e-05_seed16 step=13350 loss+=0.289936 loss-=0.290793 dh=-42.8715 sec=1.374
sst-2_fp16_h1e-05_seed16 step=13375 loss+=0.0912381 loss-=0.0905013 dh=36.8434 sec=1.375
sst-2_fp16_h1e-05_seed16 step=13400 loss+=0.0399775 loss-=0.0397577 dh=10.9888 sec=1.501
sst-2_fp16_h1e-05_seed16 step=13425 loss+=0.247166 loss-=0.246462 dh=35.2026 sec=1.458
sst-2_fp16_h1e-05_seed16 step=13450 loss+=0.221871 loss-=0.220479 dh=69.6127 sec=1.363
sst-2_fp16_h1e-05_seed16 step=13475 loss+=0.242103 loss-=0.242563 dh=-23.0113 sec=1.376
sst-2_fp16_h1e-05_seed16 step=13500 loss+=0.0808935 loss-=0.0809342 dh=-2.03494 sec=1.502
eval step=13500 {'eval_acc': 0.9139908256880734, 'eval_loss': 0.22699027286613907, 'eval_examples': 872}
sst-2_fp16_h1e-05_seed16 step=13525 loss+=0.060106 loss-=0.0600577 dh=2.4157 sec=1.376
sst-2_fp16_h1e-05_seed16 step=13550 loss+=0.246278 loss-=0.247211 dh=-46.6634 sec=1.458
sst-2_fp16_h1e-05_seed16 step=13575 loss+=0.436233 loss-=0.435268 dh=48.2541 sec=1.500
sst-2_fp16_h1e-05_seed16 step=13600 loss+=0.430753 loss-=0.43226 dh=-75.3478 sec=1.501
sst-2_fp16_h1e-05_seed16 step=13625 loss+=0.125979 loss-=0.125667 dh=15.5795 sec=1.461
sst-2_fp16_h1e-05_seed16 step=13650 loss+=0.229208 loss-=0.229607 dh=-19.9656 sec=1.502
sst-2_fp16_h1e-05_seed16 step=13675 loss+=0.657296 loss-=0.658633 dh=-66.8369 sec=1.376
sst-2_fp16_h1e-05_seed16 step=13700 loss+=0.607552 loss-=0.608269 dh=-35.8194 sec=1.501
sst-2_fp16_h1e-05_seed16 step=13725 loss+=0.180468 loss-=0.182043 dh=-78.7821 sec=1.376
sst-2_fp16_h1e-05_seed16 step=13750 loss+=0.15424 loss-=0.154932 dh=-34.6045 sec=1.471
sst-2_fp16_h1e-05_seed16 step=13775 loss+=0.299166 loss-=0.301571 dh=-120.242 sec=1.501
sst-2_fp16_h1e-05_seed16 step=13800 loss+=0.258964 loss-=0.25735 dh=80.7301 sec=1.475
sst-2_fp16_h1e-05_seed16 step=13825 loss+=0.0611214 loss-=0.0617849 dh=-33.1751 sec=1.459
sst-2_fp16_h1e-05_seed16 step=13850 loss+=0.610424 loss-=0.613337 dh=-145.657 sec=1.376
sst-2_fp16_h1e-05_seed16 step=13875 loss+=0.216643 loss-=0.215923 dh=35.9816 sec=1.502
sst-2_fp16_h1e-05_seed16 step=13900 loss+=0.0968956 loss-=0.096488 dh=20.3819 sec=1.502
sst-2_fp16_h1e-05_seed16 step=13925 loss+=0.0783075 loss-=0.0785153 dh=-10.3874 sec=1.503
sst-2_fp16_h1e-05_seed16 step=13950 loss+=0.294826 loss-=0.293694 dh=56.5829 sec=1.471
sst-2_fp16_h1e-05_seed16 step=13975 loss+=0.281782 loss-=0.282423 dh=-32.0507 sec=1.502
sst-2_fp16_h1e-05_seed16 step=14000 loss+=0.105786 loss-=0.104767 dh=50.946 sec=1.502
eval step=14000 {'eval_acc': 0.9185779816513762, 'eval_loss': 0.2291115588458349, 'eval_examples': 872}
sst-2_fp16_h1e-05_seed16 step=14025 loss+=0.145258 loss-=0.146191 dh=-46.6778 sec=1.501
sst-2_fp16_h1e-05_seed16 step=14050 loss+=0.118993 loss-=0.118057 dh=46.8374 sec=1.363
sst-2_fp16_h1e-05_seed16 step=14075 loss+=0.147372 loss-=0.147677 dh=-15.2524 sec=1.501
sst-2_fp16_h1e-05_seed16 step=14100 loss+=0.0860222 loss-=0.0854168 dh=30.2716 sec=1.502
sst-2_fp16_h1e-05_seed16 step=14125 loss+=0.166392 loss-=0.166691 dh=-14.974 sec=1.460
sst-2_fp16_h1e-05_seed16 step=14150 loss+=0.330324 loss-=0.332161 dh=-91.8903 sec=1.459
sst-2_fp16_h1e-05_seed16 step=14175 loss+=0.13274 loss-=0.13204 dh=34.9945 sec=1.500
sst-2_fp16_h1e-05_seed16 step=14200 loss+=0.275587 loss-=0.275609 dh=-1.05593 sec=1.501
sst-2_fp16_h1e-05_seed16 step=14225 loss+=0.14256 loss-=0.142756 dh=-9.75977 sec=1.375
sst-2_fp16_h1e-05_seed16 step=14250 loss+=0.168167 loss-=0.168843 dh=-33.8097 sec=1.501
sst-2_fp16_h1e-05_seed16 step=14275 loss+=0.180798 loss-=0.179521 dh=63.8501 sec=1.500
sst-2_fp16_h1e-05_seed16 step=14300 loss+=0.248842 loss-=0.24851 dh=16.6278 sec=1.502
sst-2_fp16_h1e-05_seed16 step=14325 loss+=0.147364 loss-=0.147906 dh=-27.09 sec=1.463
sst-2_fp16_h1e-05_seed16 step=14350 loss+=0.126444 loss-=0.127729 dh=-64.2735 sec=1.472
sst-2_fp16_h1e-05_seed16 step=14375 loss+=0.103299 loss-=0.103417 dh=-5.90493 sec=1.501
sst-2_fp16_h1e-05_seed16 step=14400 loss+=0.313565 loss-=0.314264 dh=-34.9475 sec=1.376
sst-2_fp16_h1e-05_seed16 step=14425 loss+=0.223537 loss-=0.223954 dh=-20.8892 sec=1.461
sst-2_fp16_h1e-05_seed16 step=14450 loss+=0.465692 loss-=0.464331 dh=68.0851 sec=1.375
sst-2_fp16_h1e-05_seed16 step=14475 loss+=0.0613417 loss-=0.0615943 dh=-12.6311 sec=1.375
sst-2_fp16_h1e-05_seed16 step=14500 loss+=0.140719 loss-=0.140657 dh=3.07442 sec=1.502
eval step=14500 {'eval_acc': 0.9162844036697247, 'eval_loss': 0.22815887167849022, 'eval_examples': 872}
sst-2_fp16_h1e-05_seed16 step=14525 loss+=0.171704 loss-=0.168636 dh=153.365 sec=1.474
sst-2_fp16_h1e-05_seed16 step=14550 loss+=0.297658 loss-=0.296602 dh=52.8 sec=1.470
sst-2_fp16_h1e-05_seed16 step=14575 loss+=0.256897 loss-=0.258988 dh=-104.545 sec=1.375
sst-2_fp16_h1e-05_seed16 step=14600 loss+=0.0891926 loss-=0.0880181 dh=58.7235 sec=1.376
sst-2_fp16_h1e-05_seed16 step=14625 loss+=0.175254 loss-=0.173828 dh=71.3443 sec=1.503
sst-2_fp16_h1e-05_seed16 step=14650 loss+=0.260726 loss-=0.261144 dh=-20.9163 sec=1.502
sst-2_fp16_h1e-05_seed16 step=14675 loss+=0.248187 loss-=0.247377 dh=40.5001 sec=1.502
sst-2_fp16_h1e-05_seed16 step=14700 loss+=0.0811267 loss-=0.0811286 dh=-0.0974745 sec=1.502
sst-2_fp16_h1e-05_seed16 step=14725 loss+=0.131515 loss-=0.132319 dh=-40.2009 sec=1.503
sst-2_fp16_h1e-05_seed16 step=14750 loss+=0.184206 loss-=0.183639 dh=28.351 sec=1.502
sst-2_fp16_h1e-05_seed16 step=14775 loss+=0.594753 loss-=0.594366 dh=19.3397 sec=1.502
sst-2_fp16_h1e-05_seed16 step=14800 loss+=0.291409 loss-=0.290481 dh=46.3776 sec=1.363
sst-2_fp16_h1e-05_seed16 step=14825 loss+=0.267112 loss-=0.265315 dh=89.8195 sec=1.461
sst-2_fp16_h1e-05_seed16 step=14850 loss+=0.155664 loss-=0.154867 dh=39.8538 sec=1.500
sst-2_fp16_h1e-05_seed16 step=14875 loss+=0.377188 loss-=0.375423 dh=88.2356 sec=1.500
sst-2_fp16_h1e-05_seed16 step=14900 loss+=0.315856 loss-=0.315611 dh=12.2676 sec=1.375
sst-2_fp16_h1e-05_seed16 step=14925 loss+=0.333647 loss-=0.333723 dh=-3.7694 sec=1.375
sst-2_fp16_h1e-05_seed16 step=14950 loss+=0.0323671 loss-=0.0324418 dh=-3.73568 sec=1.500
sst-2_fp16_h1e-05_seed16 step=14975 loss+=0.152031 loss-=0.150297 dh=86.7192 sec=1.501
sst-2_fp16_h1e-05_seed16 step=15000 loss+=0.0797752 loss-=0.0803407 dh=-28.2754 sec=1.459
eval step=15000 {'eval_acc': 0.9128440366972477, 'eval_loss': 0.2445793153895407, 'eval_examples': 872}
sst-2_fp16_h1e-05_seed16 step=15025 loss+=0.516563 loss-=0.51538 dh=59.1256 sec=1.486
sst-2_fp16_h1e-05_seed16 step=15050 loss+=0.0408943 loss-=0.040719 dh=8.76293 sec=1.375
sst-2_fp16_h1e-05_seed16 step=15075 loss+=0.248538 loss-=0.248017 dh=26.0516 sec=1.459
sst-2_fp16_h1e-05_seed16 step=15100 loss+=0.188898 loss-=0.189835 dh=-46.8884 sec=1.375
sst-2_fp16_h1e-05_seed16 step=15125 loss+=0.346538 loss-=0.344359 dh=108.966 sec=1.375
sst-2_fp16_h1e-05_seed16 step=15150 loss+=0.194191 loss-=0.192141 dh=102.487 sec=1.500
sst-2_fp16_h1e-05_seed16 step=15175 loss+=0.181719 loss-=0.18132 dh=19.979 sec=1.376
sst-2_fp16_h1e-05_seed16 step=15200 loss+=0.338693 loss-=0.336677 dh=100.813 sec=1.363
sst-2_fp16_h1e-05_seed16 step=15225 loss+=0.139307 loss-=0.138746 dh=28.0487 sec=1.458
sst-2_fp16_h1e-05_seed16 step=15250 loss+=0.107815 loss-=0.106422 dh=69.6628 sec=1.375
sst-2_fp16_h1e-05_seed16 step=15275 loss+=0.0747567 loss-=0.0749631 dh=-10.3223 sec=1.500
sst-2_fp16_h1e-05_seed16 step=15300 loss+=0.308646 loss-=0.31013 dh=-74.2225 sec=1.375
sst-2_fp16_h1e-05_seed16 step=15325 loss+=0.190149 loss-=0.1921 dh=-97.5437 sec=1.459
sst-2_fp16_h1e-05_seed16 step=15350 loss+=0.130817 loss-=0.130911 dh=-4.69305 sec=1.375
sst-2_fp16_h1e-05_seed16 step=15375 loss+=0.288658 loss-=0.291296 dh=-131.927 sec=1.362
sst-2_fp16_h1e-05_seed16 step=15400 loss+=0.255541 loss-=0.254732 dh=40.4095 sec=1.460
sst-2_fp16_h1e-05_seed16 step=15425 loss+=0.348105 loss-=0.348163 dh=-2.90078 sec=1.501
sst-2_fp16_h1e-05_seed16 step=15450 loss+=0.0909541 loss-=0.0921874 dh=-61.6673 sec=1.501
sst-2_fp16_h1e-05_seed16 step=15475 loss+=0.118887 loss-=0.118031 dh=42.8372 sec=1.362
sst-2_fp16_h1e-05_seed16 step=15500 loss+=0.283421 loss-=0.282535 dh=44.292 sec=1.375
eval step=15500 {'eval_acc': 0.9048165137614679, 'eval_loss': 0.2501620530963068, 'eval_examples': 872}
sst-2_fp16_h1e-05_seed16 step=15525 loss+=0.280026 loss-=0.276713 dh=165.667 sec=1.501
sst-2_fp16_h1e-05_seed16 step=15550 loss+=0.263961 loss-=0.262956 dh=50.2599 sec=1.460
sst-2_fp16_h1e-05_seed16 step=15575 loss+=0.149176 loss-=0.148283 dh=44.6707 sec=1.362
sst-2_fp16_h1e-05_seed16 step=15600 loss+=0.157495 loss-=0.157522 dh=-1.38811 sec=1.501
sst-2_fp16_h1e-05_seed16 step=15625 loss+=0.312537 loss-=0.314248 dh=-85.5344 sec=1.502
sst-2_fp16_h1e-05_seed16 step=15650 loss+=0.739944 loss-=0.739097 dh=42.3307 sec=1.376
sst-2_fp16_h1e-05_seed16 step=15675 loss+=0.473976 loss-=0.476649 dh=-133.675 sec=1.500
sst-2_fp16_h1e-05_seed16 step=15700 loss+=0.305957 loss-=0.309375 dh=-170.918 sec=1.375
sst-2_fp16_h1e-05_seed16 step=15725 loss+=0.0542674 loss-=0.0540697 dh=9.88178 sec=1.375
sst-2_fp16_h1e-05_seed16 step=15750 loss+=0.0767599 loss-=0.077914 dh=-57.7021 sec=1.500
sst-2_fp16_h1e-05_seed16 step=15775 loss+=0.222196 loss-=0.221735 dh=23.071 sec=1.458
sst-2_fp16_h1e-05_seed16 step=15800 loss+=0.147688 loss-=0.146016 dh=83.6068 sec=1.500
sst-2_fp16_h1e-05_seed16 step=15825 loss+=0.211459 loss-=0.210707 dh=37.574 sec=1.362
sst-2_fp16_h1e-05_seed16 step=15850 loss+=0.0755628 loss-=0.0760504 dh=-24.3781 sec=1.364
sst-2_fp16_h1e-05_seed16 step=15875 loss+=0.0707372 loss-=0.0714524 dh=-35.7568 sec=1.458
sst-2_fp16_h1e-05_seed16 step=15900 loss+=0.0919045 loss-=0.0931953 dh=-64.5369 sec=1.472
sst-2_fp16_h1e-05_seed16 step=15925 loss+=0.119501 loss-=0.119056 dh=22.2512 sec=1.460
sst-2_fp16_h1e-05_seed16 step=15950 loss+=0.0333479 loss-=0.0331811 dh=8.34082 sec=1.502
sst-2_fp16_h1e-05_seed16 step=15975 loss+=0.0851817 loss-=0.0846873 dh=24.7197 sec=1.501
sst-2_fp16_h1e-05_seed16 step=16000 loss+=0.159345 loss-=0.158601 dh=37.1976 sec=1.501
eval step=16000 {'eval_acc': 0.8990825688073395, 'eval_loss': 0.2536502394856193, 'eval_examples': 872}
sst-2_fp16_h1e-05_seed16 step=16025 loss+=0.368693 loss-=0.362739 dh=297.679 sec=1.501
sst-2_fp16_h1e-05_seed16 step=16050 loss+=0.636008 loss-=0.637905 dh=-94.8573 sec=1.501
sst-2_fp16_h1e-05_seed16 step=16075 loss+=0.290795 loss-=0.291662 dh=-43.3521 sec=1.375
sst-2_fp16_h1e-05_seed16 step=16100 loss+=0.233944 loss-=0.235568 dh=-81.1992 sec=1.472
sst-2_fp16_h1e-05_seed16 step=16125 loss+=0.282748 loss-=0.281527 dh=61.0627 sec=1.502
sst-2_fp16_h1e-05_seed16 step=16150 loss+=0.0721543 loss-=0.0717692 dh=19.257 sec=1.375
sst-2_fp16_h1e-05_seed16 step=16175 loss+=0.719619 loss-=0.71918 dh=21.9096 sec=1.501
sst-2_fp16_h1e-05_seed16 step=16200 loss+=0.299949 loss-=0.299068 dh=44.0819 sec=1.472
sst-2_fp16_h1e-05_seed16 step=16225 loss+=0.305366 loss-=0.308102 dh=-136.785 sec=1.473
sst-2_fp16_h1e-05_seed16 step=16250 loss+=0.108025 loss-=0.108303 dh=-13.9026 sec=1.374
sst-2_fp16_h1e-05_seed16 step=16275 loss+=0.365139 loss-=0.36208 dh=152.963 sec=1.460
sst-2_fp16_h1e-05_seed16 step=16300 loss+=0.0468725 loss-=0.0467841 dh=4.41688 sec=1.460
sst-2_fp16_h1e-05_seed16 step=16325 loss+=0.354486 loss-=0.352648 dh=91.8928 sec=1.472
sst-2_fp16_h1e-05_seed16 step=16350 loss+=0.0840956 loss-=0.0841417 dh=-2.30514 sec=1.460
sst-2_fp16_h1e-05_seed16 step=16375 loss+=0.213977 loss-=0.213409 dh=28.3661 sec=1.503
sst-2_fp16_h1e-05_seed16 step=16400 loss+=0.312025 loss-=0.313832 dh=-90.3381 sec=1.375
sst-2_fp16_h1e-05_seed16 step=16425 loss+=0.0817504 loss-=0.0817358 dh=0.733812 sec=1.502
sst-2_fp16_h1e-05_seed16 step=16450 loss+=0.381873 loss-=0.379042 dh=141.539 sec=1.461
sst-2_fp16_h1e-05_seed16 step=16475 loss+=0.148868 loss-=0.148826 dh=2.09557 sec=1.375
sst-2_fp16_h1e-05_seed16 step=16500 loss+=0.0888682 loss-=0.0887881 dh=4.00858 sec=1.461
eval step=16500 {'eval_acc': 0.8990825688073395, 'eval_loss': 0.24998382929127252, 'eval_examples': 872}
sst-2_fp16_h1e-05_seed16 step=16525 loss+=0.066184 loss-=0.0661116 dh=3.61665 sec=1.502
sst-2_fp16_h1e-05_seed16 step=16550 loss+=0.440723 loss-=0.436665 dh=202.923 sec=1.461
sst-2_fp16_h1e-05_seed16 step=16575 loss+=0.0886749 loss-=0.0869472 dh=86.3893 sec=1.476
sst-2_fp16_h1e-05_seed16 step=16600 loss+=0.644506 loss-=0.643678 dh=41.3961 sec=1.460
sst-2_fp16_h1e-05_seed16 step=16625 loss+=0.431538 loss-=0.431993 dh=-22.7749 sec=1.502
sst-2_fp16_h1e-05_seed16 step=16650 loss+=0.355279 loss-=0.355588 dh=-15.4285 sec=1.376
sst-2_fp16_h1e-05_seed16 step=16675 loss+=0.207482 loss-=0.206863 dh=30.9621 sec=1.500
sst-2_fp16_h1e-05_seed16 step=16700 loss+=0.401126 loss-=0.402729 dh=-80.1353 sec=1.502
sst-2_fp16_h1e-05_seed16 step=16725 loss+=0.299167 loss-=0.299637 dh=-23.4593 sec=1.375
sst-2_fp16_h1e-05_seed16 step=16750 loss+=0.119031 loss-=0.119221 dh=-9.50705 sec=1.502
sst-2_fp16_h1e-05_seed16 step=16775 loss+=0.297489 loss-=0.296892 dh=29.8571 sec=1.461
sst-2_fp16_h1e-05_seed16 step=16800 loss+=0.480665 loss-=0.480083 dh=29.0862 sec=1.363
sst-2_fp16_h1e-05_seed16 step=16825 loss+=0.444168 loss-=0.447687 dh=-175.929 sec=1.500
sst-2_fp16_h1e-05_seed16 step=16850 loss+=0.225125 loss-=0.227176 dh=-102.527 sec=1.375
sst-2_fp16_h1e-05_seed16 step=16875 loss+=0.250283 loss-=0.247093 dh=159.522 sec=1.460
sst-2_fp16_h1e-05_seed16 step=16900 loss+=0.330417 loss-=0.328616 dh=90.0395 sec=1.500
sst-2_fp16_h1e-05_seed16 step=16925 loss+=0.325012 loss-=0.327595 dh=-129.159 sec=1.502
sst-2_fp16_h1e-05_seed16 step=16950 loss+=0.56529 loss-=0.565154 dh=6.80082 sec=1.376
sst-2_fp16_h1e-05_seed16 step=16975 loss+=0.720802 loss-=0.723913 dh=-155.551 sec=1.463
sst-2_fp16_h1e-05_seed16 step=17000 loss+=0.214795 loss-=0.214785 dh=0.509922 sec=1.503
eval step=17000 {'eval_acc': 0.9013761467889908, 'eval_loss': 0.2546997132979188, 'eval_examples': 872}
sst-2_fp16_h1e-05_seed16 step=17025 loss+=0.105533 loss-=0.105629 dh=-4.80133 sec=1.964
sst-2_fp16_h1e-05_seed16 step=17050 loss+=0.130145 loss-=0.129466 dh=33.9544 sec=1.377
sst-2_fp16_h1e-05_seed16 step=17075 loss+=0.362669 loss-=0.364914 dh=-112.261 sec=1.502
sst-2_fp16_h1e-05_seed16 step=17100 loss+=0.332161 loss-=0.333699 dh=-76.9112 sec=1.460
sst-2_fp16_h1e-05_seed16 step=17125 loss+=0.237716 loss-=0.239203 dh=-74.3815 sec=1.375
sst-2_fp16_h1e-05_seed16 step=17150 loss+=0.249123 loss-=0.250232 dh=-55.425 sec=1.460
sst-2_fp16_h1e-05_seed16 step=17175 loss+=0.0729256 loss-=0.0726025 dh=16.1547 sec=1.502
sst-2_fp16_h1e-05_seed16 step=17200 loss+=0.105789 loss-=0.105688 dh=5.06525 sec=1.376
sst-2_fp16_h1e-05_seed16 step=17225 loss+=0.212924 loss-=0.213412 dh=-24.4192 sec=1.463
sst-2_fp16_h1e-05_seed16 step=17250 loss+=0.213618 loss-=0.215203 dh=-79.2388 sec=1.374
sst-2_fp16_h1e-05_seed16 step=17275 loss+=0.225235 loss-=0.226155 dh=-45.9624 sec=1.375
sst-2_fp16_h1e-05_seed16 step=17300 loss+=0.363188 loss-=0.366188 dh=-150.009 sec=1.375
sst-2_fp16_h1e-05_seed16 step=17325 loss+=0.0563154 loss-=0.0562462 dh=3.45798 sec=1.462
sst-2_fp16_h1e-05_seed16 step=17350 loss+=0.193231 loss-=0.192147 dh=54.2063 sec=1.375
sst-2_fp16_h1e-05_seed16 step=17375 loss+=0.434167 loss-=0.433622 dh=27.271 sec=1.500
sst-2_fp16_h1e-05_seed16 step=17400 loss+=0.0697982 loss-=0.0700327 dh=-11.727 sec=1.500
sst-2_fp16_h1e-05_seed16 step=17425 loss+=0.316235 loss-=0.316939 dh=-35.2369 sec=1.501
sst-2_fp16_h1e-05_seed16 step=17450 loss+=0.179558 loss-=0.17739 dh=108.405 sec=1.501
sst-2_fp16_h1e-05_seed16 step=17475 loss+=0.228857 loss-=0.224948 dh=195.443 sec=1.462
sst-2_fp16_h1e-05_seed16 step=17500 loss+=0.165914 loss-=0.165247 dh=33.341 sec=1.460
eval step=17500 {'eval_acc': 0.8784403669724771, 'eval_loss': 0.2783893346540852, 'eval_examples': 872}
sst-2_fp16_h1e-05_seed16 step=17525 loss+=0.280351 loss-=0.280637 dh=-14.2841 sec=1.471
sst-2_fp16_h1e-05_seed16 step=17550 loss+=0.114768 loss-=0.115276 dh=-25.3904 sec=1.460
sst-2_fp16_h1e-05_seed16 step=17575 loss+=0.360721 loss-=0.360937 dh=-10.7725 sec=1.501
sst-2_fp16_h1e-05_seed16 step=17600 loss+=0.152884 loss-=0.153427 dh=-27.1324 sec=1.501
sst-2_fp16_h1e-05_seed16 step=17625 loss+=0.20994 loss-=0.210223 dh=-14.1868 sec=1.376
sst-2_fp16_h1e-05_seed16 step=17650 loss+=0.258939 loss-=0.255142 dh=189.876 sec=1.500
sst-2_fp16_h1e-05_seed16 step=17675 loss+=0.364139 loss-=0.3637 dh=21.9832 sec=1.375
sst-2_fp16_h1e-05_seed16 step=17700 loss+=0.194956 loss-=0.194127 dh=41.457 sec=1.471
sst-2_fp16_h1e-05_seed16 step=17725 loss+=0.210579 loss-=0.209515 dh=53.2027 sec=1.460
sst-2_fp16_h1e-05_seed16 step=17750 loss+=0.386824 loss-=0.389085 dh=-113.075 sec=1.460
sst-2_fp16_h1e-05_seed16 step=17775 loss+=0.363951 loss-=0.366066 dh=-105.75 sec=1.502
sst-2_fp16_h1e-05_seed16 step=17800 loss+=0.281558 loss-=0.279845 dh=85.6761 sec=1.501
sst-2_fp16_h1e-05_seed16 step=17825 loss+=0.333321 loss-=0.331969 dh=67.5961 sec=1.501
sst-2_fp16_h1e-05_seed16 step=17850 loss+=0.283404 loss-=0.282935 dh=23.4609 sec=1.375
sst-2_fp16_h1e-05_seed16 step=17875 loss+=0.0996486 loss-=0.0988506 dh=39.9011 sec=1.502
sst-2_fp16_h1e-05_seed16 step=17900 loss+=0.254945 loss-=0.254595 dh=17.5009 sec=1.460
sst-2_fp16_h1e-05_seed16 step=17925 loss+=0.171054 loss-=0.171317 dh=-13.1873 sec=1.362
sst-2_fp16_h1e-05_seed16 step=17950 loss+=0.341661 loss-=0.342455 dh=-39.7024 sec=1.376
sst-2_fp16_h1e-05_seed16 step=17975 loss+=0.697523 loss-=0.698397 dh=-43.6774 sec=1.501
sst-2_fp16_h1e-05_seed16 step=18000 loss+=0.0750099 loss-=0.0768009 dh=-89.5509 sec=1.471
eval step=18000 {'eval_acc': 0.8761467889908257, 'eval_loss': 0.30049999168787767, 'eval_examples': 872}
sst-2_fp16_h1e-05_seed16 step=18025 loss+=0.411941 loss-=0.409059 dh=144.141 sec=1.501
sst-2_fp16_h1e-05_seed16 step=18050 loss+=0.213508 loss-=0.215494 dh=-99.3052 sec=1.375
sst-2_fp16_h1e-05_seed16 step=18075 loss+=0.152813 loss-=0.153653 dh=-42.0047 sec=1.500
sst-2_fp16_h1e-05_seed16 step=18100 loss+=0.412098 loss-=0.411144 dh=47.6807 sec=1.375
sst-2_fp16_h1e-05_seed16 step=18125 loss+=0.253776 loss-=0.255381 dh=-80.2452 sec=1.500
sst-2_fp16_h1e-05_seed16 step=18150 loss+=0.0963723 loss-=0.0976402 dh=-63.3935 sec=1.362
sst-2_fp16_h1e-05_seed16 step=18175 loss+=0.169144 loss-=0.168077 dh=53.3615 sec=1.459
sst-2_fp16_h1e-05_seed16 step=18200 loss+=0.212062 loss-=0.21144 dh=31.0833 sec=1.460
sst-2_fp16_h1e-05_seed16 step=18225 loss+=0.286605 loss-=0.28663 dh=-1.25694 sec=1.375
sst-2_fp16_h1e-05_seed16 step=18250 loss+=0.423487 loss-=0.423876 dh=-19.4682 sec=1.502
sst-2_fp16_h1e-05_seed16 step=18275 loss+=0.254603 loss-=0.256494 dh=-94.5456 sec=1.474
sst-2_fp16_h1e-05_seed16 step=18300 loss+=0.278272 loss-=0.276809 dh=73.1532 sec=1.502
sst-2_fp16_h1e-05_seed16 step=18325 loss+=0.350239 loss-=0.350935 dh=-34.7887 sec=1.462
sst-2_fp16_h1e-05_seed16 step=18350 loss+=0.360546 loss-=0.363817 dh=-163.557 sec=1.375
sst-2_fp16_h1e-05_seed16 step=18375 loss+=0.222831 loss-=0.226692 dh=-193.033 sec=1.362
sst-2_fp16_h1e-05_seed16 step=18400 loss+=0.0859282 loss-=0.0871699 dh=-62.0869 sec=1.473
sst-2_fp16_h1e-05_seed16 step=18425 loss+=0.324459 loss-=0.326237 dh=-88.9009 sec=1.460
sst-2_fp16_h1e-05_seed16 step=18450 loss+=0.28316 loss-=0.286265 dh=-155.263 sec=1.460
sst-2_fp16_h1e-05_seed16 step=18475 loss+=0.480349 loss-=0.481211 dh=-43.1088 sec=1.501
sst-2_fp16_h1e-05_seed16 step=18500 loss+=0.285317 loss-=0.286599 dh=-64.1321 sec=1.500
eval step=18500 {'eval_acc': 0.8795871559633027, 'eval_loss': 0.2894502109880004, 'eval_examples': 872}
sst-2_fp16_h1e-05_seed16 step=18525 loss+=0.417212 loss-=0.416243 dh=48.4683 sec=1.375
sst-2_fp16_h1e-05_seed16 step=18550 loss+=0.398762 loss-=0.399537 dh=-38.7518 sec=1.499
sst-2_fp16_h1e-05_seed16 step=18575 loss+=0.633464 loss-=0.629593 dh=193.563 sec=1.460
sst-2_fp16_h1e-05_seed16 step=18600 loss+=0.249877 loss-=0.249922 dh=-2.23966 sec=1.471
sst-2_fp16_h1e-05_seed16 step=18625 loss+=0.270927 loss-=0.270435 dh=24.6089 sec=1.502
sst-2_fp16_h1e-05_seed16 step=18650 loss+=0.0870269 loss-=0.0886201 dh=-79.6604 sec=1.500
sst-2_fp16_h1e-05_seed16 step=18675 loss+=0.979603 loss-=0.978969 dh=31.6699 sec=1.502
sst-2_fp16_h1e-05_seed16 step=18700 loss+=0.635768 loss-=0.628189 dh=378.96 sec=1.376
sst-2_fp16_h1e-05_seed16 step=18725 loss+=0.377011 loss-=0.383025 dh=-300.734 sec=1.473
sst-2_fp16_h1e-05_seed16 step=18750 loss+=0.232825 loss-=0.236455 dh=-181.542 sec=1.459
sst-2_fp16_h1e-05_seed16 step=18775 loss+=0.390447 loss-=0.390077 dh=18.485 sec=1.459
sst-2_fp16_h1e-05_seed16 step=18800 loss+=0.21601 loss-=0.213703 dh=115.366 sec=1.460
sst-2_fp16_h1e-05_seed16 step=18825 loss+=0.319279 loss-=0.318808 dh=23.5549 sec=1.500
sst-2_fp16_h1e-05_seed16 step=18850 loss+=0.171602 loss-=0.172569 dh=-48.3581 sec=1.374
sst-2_fp16_h1e-05_seed16 step=18875 loss+=0.116262 loss-=0.116646 dh=-19.1925 sec=1.472
sst-2_fp16_h1e-05_seed16 step=18900 loss+=0.291909 loss-=0.293726 dh=-90.8719 sec=1.457
sst-2_fp16_h1e-05_seed16 step=18925 loss+=0.176321 loss-=0.171993 dh=216.413 sec=1.501
sst-2_fp16_h1e-05_seed16 step=18950 loss+=0.280124 loss-=0.281676 dh=-77.6217 sec=1.376
sst-2_fp16_h1e-05_seed16 step=18975 loss+=0.330409 loss-=0.328109 dh=115.024 sec=1.501
sst-2_fp16_h1e-05_seed16 step=19000 loss+=0.105983 loss-=0.106116 dh=-6.69383 sec=1.363
eval step=19000 {'eval_acc': 0.8795871559633027, 'eval_loss': 0.29603729202890544, 'eval_examples': 872}
sst-2_fp16_h1e-05_seed16 step=19025 loss+=0.434636 loss-=0.434863 dh=-11.347 sec=1.499
sst-2_fp16_h1e-05_seed16 step=19050 loss+=0.0846841 loss-=0.0834824 dh=60.0869 sec=1.374
sst-2_fp16_h1e-05_seed16 step=19075 loss+=0.142025 loss-=0.14001 dh=100.772 sec=1.500
sst-2_fp16_h1e-05_seed16 step=19100 loss+=0.323066 loss-=0.322093 dh=48.6631 sec=1.375
sst-2_fp16_h1e-05_seed16 step=19125 loss+=0.164472 loss-=0.16542 dh=-47.3885 sec=1.485
sst-2_fp16_h1e-05_seed16 step=19150 loss+=0.173353 loss-=0.173075 dh=13.8771 sec=1.501
sst-2_fp16_h1e-05_seed16 step=19175 loss+=0.23793 loss-=0.237552 dh=18.8946 sec=1.363
sst-2_fp16_h1e-05_seed16 step=19200 loss+=0.31357 loss-=0.31434 dh=-38.4836 sec=1.460
sst-2_fp16_h1e-05_seed16 step=19225 loss+=0.156397 loss-=0.155554 dh=42.165 sec=1.500
sst-2_fp16_h1e-05_seed16 step=19250 loss+=0.183864 loss-=0.184934 dh=-53.4871 sec=1.375
sst-2_fp16_h1e-05_seed16 step=19275 loss+=0.257513 loss-=0.258094 dh=-29.0707 sec=1.374
sst-2_fp16_h1e-05_seed16 step=19300 loss+=0.364787 loss-=0.363863 dh=46.1775 sec=1.458
sst-2_fp16_h1e-05_seed16 step=19325 loss+=0.154917 loss-=0.156236 dh=-65.9491 sec=1.460
sst-2_fp16_h1e-05_seed16 step=19350 loss+=0.575533 loss-=0.577973 dh=-122 sec=1.460
sst-2_fp16_h1e-05_seed16 step=19375 loss+=0.361812 loss-=0.360438 dh=68.6988 sec=1.499
sst-2_fp16_h1e-05_seed16 step=19400 loss+=0.254634 loss-=0.253734 dh=44.9704 sec=1.375
sst-2_fp16_h1e-05_seed16 step=19425 loss+=0.333288 loss-=0.334788 dh=-75.0071 sec=1.501
sst-2_fp16_h1e-05_seed16 step=19450 loss+=0.291703 loss-=0.290884 dh=40.9348 sec=1.375
sst-2_fp16_h1e-05_seed16 step=19475 loss+=0.325287 loss-=0.325313 dh=-1.26723 sec=1.501
sst-2_fp16_h1e-05_seed16 step=19500 loss+=0.20352 loss-=0.204964 dh=-72.1886 sec=1.375
eval step=19500 {'eval_acc': 0.8704128440366973, 'eval_loss': 0.3050337326285694, 'eval_examples': 872}
sst-2_fp16_h1e-05_seed16 step=19525 loss+=0.246863 loss-=0.245173 dh=84.5151 sec=1.500
sst-2_fp16_h1e-05_seed16 step=19550 loss+=0.104173 loss-=0.104867 dh=-34.7011 sec=1.499
sst-2_fp16_h1e-05_seed16 step=19575 loss+=0.0969511 loss-=0.0962782 dh=33.6455 sec=1.374
sst-2_fp16_h1e-05_seed16 step=19600 loss+=0.179632 loss-=0.182006 dh=-118.67 sec=1.458
sst-2_fp16_h1e-05_seed16 step=19625 loss+=0.191267 loss-=0.19189 dh=-31.1647 sec=1.474
sst-2_fp16_h1e-05_seed16 step=19650 loss+=0.248965 loss-=0.24785 dh=55.7825 sec=1.461
sst-2_fp16_h1e-05_seed16 step=19675 loss+=0.245847 loss-=0.244763 dh=54.2289 sec=1.458
sst-2_fp16_h1e-05_seed16 step=19700 loss+=0.209122 loss-=0.209559 dh=-21.8546 sec=1.500
sst-2_fp16_h1e-05_seed16 step=19725 loss+=0.197242 loss-=0.196846 dh=19.7846 sec=1.471
sst-2_fp16_h1e-05_seed16 step=19750 loss+=0.452884 loss-=0.453486 dh=-30.0949 sec=1.502
sst-2_fp16_h1e-05_seed16 step=19775 loss+=0.585991 loss-=0.583042 dh=147.419 sec=1.374
sst-2_fp16_h1e-05_seed16 step=19800 loss+=0.369933 loss-=0.36994 dh=-0.365917 sec=1.374
sst-2_fp16_h1e-05_seed16 step=19825 loss+=0.398279 loss-=0.398738 dh=-22.9486 sec=1.499
sst-2_fp16_h1e-05_seed16 step=19850 loss+=0.224061 loss-=0.225251 dh=-59.5024 sec=1.500
sst-2_fp16_h1e-05_seed16 step=19875 loss+=0.198734 loss-=0.20028 dh=-77.2735 sec=1.374
sst-2_fp16_h1e-05_seed16 step=19900 loss+=0.355667 loss-=0.357621 dh=-97.6554 sec=1.459
sst-2_fp16_h1e-05_seed16 step=19925 loss+=0.0988021 loss-=0.0991282 dh=-16.3065 sec=1.501
sst-2_fp16_h1e-05_seed16 step=19950 loss+=0.433375 loss-=0.4353 dh=-96.2541 sec=1.499
sst-2_fp16_h1e-05_seed16 step=19975 loss+=0.158948 loss-=0.159165 dh=-10.8688 sec=1.458
sst-2_fp16_h1e-05_seed16 step=20000 loss+=0.527325 loss-=0.527829 dh=-25.1813 sec=1.501
eval step=20000 {'eval_acc': 0.8704128440366973, 'eval_loss': 0.3095802003133256, 'eval_examples': 872}
{"model": "facebook/opt-2.7b", "mode": "dense", "task_path": "mezo_option", "dataset_mode": "full", "group_size": 128, "master_dtype": "fp16", "direction_distribution": "torch.randn float32 Gaussian; unnormalized", "q": 1, "lr": 3e-07, "lr_source": "slurm/opt13b_int4_roberta_matched_h100.sbatch", "steps": 20000, "eval_every": 500, "checkpoint_every": 500, "batch_size": 16, "microbatch": 2, "train_seed": 16, "data_seed": 16, "direction_seed": 16, "id": "sst-2_fp16_h1e-05_seed16", "kind": "train", "task": "sst-2", "precision": "fp16", "quantizer": "none", "h": 1e-05, "h_policy": "predeclared_grid", "max_seq_len": 128, "status": "complete", "run_type": "full", "steps_completed": 20000, "initial_eval_acc": 0.5630733944954128, "best_eval_acc": 0.9220183486238532, "best_eval_step": 9500, "final_eval_acc": 0.8704128440366973, "final_eval_step": 20000, "runtime_sec": 30045.361448287964, "median_step_sec": 1.4610012769699097, "peak_gpu_memory_gib": 11.325278759002686, "train_examples": 67349, "source_path": "/scratch/jy03364/MeZO_/experiments/large_model_extension/opt27b_radius_plateau_20260921/runs/sst-2_fp16_h1e-05_seed16/train.jsonl"}
