./mezo.sh: line 33: jq: command not found
WARNING:__main__:Process rank: -1, device: cuda:0, n_gpu: 1, distributed training: False, 16-bits training: False
INFO:__main__:Training/evaluation parameters DynamicTrainingArguments(
_n_gpu=1,
accelerator_config={'split_batches': False, 'dispatch_batches': None, 'even_batches': True, 'use_seedable_sampler': True, 'non_blocking': False, 'gradient_accumulation_kwargs': None, 'use_configured_state': False},
adafactor=False,
adam_beta1=0.9,
adam_beta2=0.999,
adam_epsilon=1e-08,
adaptive_h_ema_beta=0.1,
adaptive_h_estimate_num_batches=4,
adaptive_h_estimate_num_directions=3,
adaptive_h_estimate_reduce=mean,
adaptive_h_max=0.5,
adaptive_h_min=1e-05,
adaptive_h_probe_buffer_size=64,
adjust_for_init=False,
array_id=-1,
auto_find_batch_size=False,
average_tokens_across_devices=False,
batch_eval_metrics=False,
bf16=False,
bf16_full_eval=False,
binary_classification=False,
change_grad_estimate=False,
data_seed=16,
dataloader_drop_last=False,
dataloader_num_workers=0,
dataloader_persistent_workers=False,
dataloader_pin_memory=True,
dataloader_prefetch_factor=None,
dataloader_shuffle=False,
ddp_backend=None,
ddp_broadcast_buffers=None,
ddp_bucket_cap_mb=None,
ddp_find_unused_parameters=None,
ddp_timeout=1800,
debug=[],
deepspeed=None,
dh_h_growth=2.0,
dh_max_trials=10,
dh_test_h=0.01,
disable_tqdm=False,
do_eval=True,
do_predict=True,
do_train=True,
efficient_zero_order=False,
efficient_zero_order_fp16=False,
enable_additive_h_estimation=False,
enable_two_point_h_estimation=False,
eval_accumulation_steps=None,
eval_delay=0,
eval_do_concat_batches=True,
eval_on_start=False,
eval_steps=5000.0,
eval_strategy=IntervalStrategy.NO,
eval_use_gather_object=False,
evaluate_during_training=True,
exclude_embeddings=False,
exclude_first_layers=-1,
exclude_head=False,
f0_scaling=1.0,
fix_layers=0,
fp16=False,
fp16_backend=auto,
fp16_full_eval=False,
fp16_opt_level=O1,
from_linearhead=False,
fsdp=[],
fsdp_config={'min_num_params': 0, 'xla': False, 'xla_fsdp_v2': False, 'xla_fsdp_grad_ckpt': False},
fsdp_min_num_params=0,
fsdp_transformer_layer_cls_to_wrap=None,
full_determinism=False,
gradient_accumulation_steps=1,
gradient_checkpointing=False,
gradient_checkpointing_kwargs=None,
greater_is_better=None,
group_by_length=False,
h_estimation_active_source=fixed,
h_trunc_alpha=1.0,
half_precision_backend=auto,
head_tuning=False,
hf_inference_model=False,
hizoo_hessian_smooth_type=constant0,
hub_always_push=False,
hub_model_id=None,
hub_private_repo=None,
hub_revision=None,
hub_strategy=HubStrategy.EVERY_SAVE,
hub_token=<HUB_TOKEN>,
ignore_data_skip=False,
include_for_metrics=[],
include_inputs_for_metrics=False,
include_num_input_tokens_seen=False,
include_tokens_per_second=False,
initial_h=0.001,
jit_mode_eval=False,
kernel_formula=sgd,
kernel_gamma=1.0,
kernel_regularization=0.0,
kernel_solver=logistic,
label_names=None,
label_smoothing_factor=0.0,
layer_wise_optim=False,
learning_rate=1e-06,
length_column_name=length,
liger_kernel_config=None,
load_best_model_at_end=False,
load_kernels=None,
local_rank=-1,
log_file=log-USE_H0-USE_C0,
log_level=passive,
log_level_replica=warning,
log_on_each_node=True,
logging_dir=/scratch/jy03364/MeZO_/experiments/speed_bench_h100/zo_method_matrix_smoke4/roberta-large/MNLI/fp16/lozo/run/seed16/runs/Apr18_19-15-38_ra7-1,
logging_first_step=False,
logging_nan_inf_filter=True,
logging_steps=10,
logging_strategy=IntervalStrategy.STEPS,
lozo_beta1=0.9,
lozo_rank=2,
lozo_step_interval=50,
lp_early_stopping=False,
lr_scheduler_kwargs={},
lr_scheduler_type=SchedulerType.CONSTANT,
max_grad_norm=1.0,
max_steps=5,
max_zo_forward_steps=0,
mc_tol=0.1,
measure_perf_tail=True,
measure_perf_tail_window_steps=3,
metric_for_best_model=None,
model_id=-1,
mp_parameters=,
neftune_noise_alpha=None,
no_cuda=False,
no_predict=False,
no_reparam=False,
no_train=False,
norm_running_update=False,
nu3_retry=3,
num_hvp_vecs=128,
num_prefix=10,
num_train_epochs=3.0,
only_biases=False,
optim=OptimizerNames.ADAMW_TORCH,
optim_args=None,
optim_target_modules=None,
optimize_acc=False,
optimizer=sgd,
optimizer_variant=,
output_dir=/scratch/jy03364/MeZO_/experiments/speed_bench_h100/zo_method_matrix_smoke4/roberta-large/MNLI/fp16/lozo/run/seed16,
overwrite_kernels=False,
overwrite_output_dir=True,
parallelism_config=None,
past_index=-1,
per_device_eval_batch_size=4,
per_device_train_batch_size=32,
prediction_loss_only=False,
prefix_init_by_real_act=False,
prefix_tuning=False,
prob_as_feature=False,
push_to_hub=False,
push_to_hub_model_id=None,
push_to_hub_organization=None,
push_to_hub_token=<PUSH_TO_HUB_TOKEN>,
random_model_init=False,
ray_scope=last,
recompute_norms=False,
remove_unused_columns=True,
report_to=[],
restore_callback_states_from_checkpoint=False,
resume_from_checkpoint=None,
run_name=None,
save_at_last=False,
save_logit=False,
save_logit_dir=None,
save_on_each_node=False,
save_only_model=False,
save_safetensors=True,
save_steps=500,
save_strategy=SaveStrategy.STEPS,
save_total_limit=None,
scale_lr_with_samples=False,
scale_norm_by_num_params=False,
seed=16,
skip_memory_metrics=True,
sparse_log_active_fraction=True,
sparse_mask_refresh_steps=100,
sparse_mask_strategy=percentile_per_layer,
sparse_ratio=1.0,
sparse_scope=trainable_only,
sweep=False,
sync_embedding_layers=False,
tf32=None,
tie_emb=False,
torch_compile=False,
torch_compile_backend=None,
torch_compile_mode=None,
torch_empty_cache_steps=None,
torchdynamo=None,
tpu_metrics_debug=False,
tpu_num_cores=None,
trainer=standard,
two_point_h_beta=0.5,
two_point_h_c2=1.0,
two_point_h_delta_sample_size=4096,
two_point_h_eps_num=1e-12,
two_point_h_fixed_probe_batch=True,
two_point_h_log_csv=True,
two_point_h_max=0.5,
two_point_h_min=1e-05,
two_point_h_num_directions_g=4,
two_point_h_num_directions_l=4,
two_point_h_q_l=0.5,
two_point_h_refresh_every=100,
two_point_h_window_delta=3,
two_point_h_window_g=5,
two_point_h_window_l=5,
untie_emb=False,
update_noise_every=1000,
use_adaptive_h=False,
use_c_scale=False,
use_cpu=False,
use_ipex=False,
use_legacy_prediction_loop=False,
use_liger_kernel=False,
use_mps_device=False,
use_torchao_float8=False,
use_zo_grad_est=False,
warmup_ratio=0.0,
warmup_steps=0,
weight_decay=0.0,
zero_order_clip_grad=False,
zero_order_eps=0.0001,
zero_order_optim=True,
zero_order_sample=1,
zero_order_sample_scheduler=None,
zero_order_use_trainer_optim=False,
zo_by_layer=False,
zo_method=lozo,
zo_probe_every=0,
zo_probe_log_csv=True,
zo_probe_num_seeds=16,
zo_quantization=None,
zo_quantization_bits=32,
zo_two_point_precision=fp16,
zo_use_true_directional_derivative=False,
zo_variant=None,
)
INFO:__main__:[zo-config] zo_two_point_precision=fp16 | zero_order_eps=0.0001 | zo_use_true_directional_derivative=False
INFO:__main__:[quzo-config] zo_quantization_bits=32 | quzo_enabled=False
INFO:__main__:[sparse-mezo-config] enabled=False | sparse_ratio=1.0 | sparse_mask_strategy=percentile_per_layer | sparse_scope=trainable_only | sparse_log_active_fraction=True | sparse_mask_refresh_steps=100
INFO:__main__:[sparse-mezo-config] ratio semantics: sparse_ratio targets the active fraction per trainable tensor; ratio=1.0 disables masking. Order: refresh thresholds+mask on the configured cadence -> sample sparse-aware direction -> apply QuZO snapping after the sparse perturb/update path when low-bit QuZO is active.
INFO:__main__:Task name: mnli, number of labels: 3, output mode: classification
INFO:__main__:[data] dataset_mode requested=full resolved=full
INFO:__main__:[data] task_dir=MNLI data_seed=16
INFO:__main__:[data] auto_download=0 original_data_root=/scratch/jy03364/MeZO_/medium_models/data/original
INFO:__main__:[data] auto_generate=0 target=/scratch/jy03364/MeZO_/medium_models/data/k-shot-1k-test/MNLI/full-16
INFO:__main__:[data] resolved_data_dir=/scratch/jy03364/MeZO_/medium_models/data/k-shot-1k-test/MNLI/full-16
WARNING:src.models:By default for RoBERTa models the input embeddings and the output embeddings are NOT tied!!!!
Some weights of RobertaModelForPromptFinetuning were not initialized from the model checkpoint at roberta-large and are newly initialized: ['classifier.bias', 'classifier.weight', 'lm_head.decoder.weight', 'roberta.pooler.dense.bias', 'roberta.pooler.dense.weight']
You should probably TRAIN this model on a down-stream task to be able to use it for predictions and inference.
INFO:src.dataset:Label contradiction to word ĠNo (440)
INFO:src.dataset:Label entailment to word ĠYes (3216)
INFO:src.dataset:Label neutral to word ĠMaybe (5359)
INFO:src.dataset:Total num_sample for mode train: 1
INFO:src.dataset:Creating/loading examples from dataset file at /scratch/jy03364/MeZO_/medium_models/data/k-shot-1k-test/MNLI/full-16
INFO:src.dataset:[FewShotDataset] Skip cache in TRAIN mode to avoid OOM on large datasets (e.g., MNLI).
INFO:src.dataset:Creating features from dataset file at /scratch/jy03364/MeZO_/medium_models/data/k-shot-1k-test/MNLI/full-16
INFO:src.dataset:Label contradiction to word ĠNo (440)
INFO:src.dataset:Label entailment to word ĠYes (3216)
INFO:src.dataset:Label neutral to word ĠMaybe (5359)
INFO:src.dataset:Total num_sample for mode dev: 1
INFO:src.dataset:Creating/loading examples from dataset file at /scratch/jy03364/MeZO_/medium_models/data/k-shot-1k-test/MNLI/full-16
/scratch/jy03364/MeZO_/medium_models/src/dataset.py:363: FutureWarning: You are using `torch.load` with `weights_only=False` (the current default value), which uses the default pickle module implicitly. It is possible to construct malicious pickle data which will execute arbitrary code during unpickling (See https://github.com/pytorch/pytorch/blob/main/SECURITY.md#untrusted-models for more details). In a future release, the default value for `weights_only` will be flipped to `True`. This limits the functions that could be executed during unpickling. Arbitrary objects will no longer be allowed to be loaded via this mode unless they are explicitly allowlisted by the user via `torch.serialization.add_safe_globals`. We recommend you start setting `weights_only=True` for any use case where you don't have full control of the loaded file. Please open an issue on GitHub for any issues related to this experimental feature.
  self.support_examples, self.query_examples = torch.load(cached_features_file)
INFO:src.dataset:Loading features from cached file /scratch/jy03364/MeZO_/medium_models/data/k-shot-1k-test/MNLI/full-16/cached_dev_RobertaTokenizerFast-roberta_256_mnli [took 0.622 s]
INFO:src.dataset:*** Example ***
INFO:src.dataset:guid: dev_matched-263856
INFO:src.dataset:features: OurInputFeatures(input_ids=[0, 487, 4132, 298, 1180, 18, 82, 32, 481, 7, 989, 5, 2946, 6, 53, 683, 51, 517, 5140, 6, 51, 189, 28, 3179, 5537, 7, 671, 116, 50264, 6, 71, 1375, 8, 1618, 5, 2946, 6, 234, 4132, 298, 1180, 18, 82, 189, 45, 28, 576, 5537, 7, 671, 4, 2], attention_mask=[1, 1, 1, 1, 1, 1, 1, 1, 1, 1, 1, 1, 1, 1, 1, 1, 1, 1, 1, 1, 1, 1, 1, 1, 1, 1, 1, 1, 1, 1, 1, 1, 1, 1, 1, 1, 1, 1, 1, 1, 1, 1, 1, 1, 1, 1, 1, 1, 1, 1, 1, 1], token_type_ids=None, label=1, mask_pos=[28], label_word_list=None, sfc_input_ids=None, sfc_attention_mask=None, sfc_mask_pos=None)
INFO:src.dataset:text: <s>Niihau's people are free to leave the island, but once they move elsewhere, they may be refused permission to return?<mask>, after moving and leaving the island, Niihau's people may not be given permission to return.</s>
WARNING:src.dataset:Input exceeds max_length limit: <s>uh-huh oh i feel that is certainly if you're going to carry one you need to be uh very comfortable with the piece and have enough uh knowledge and insight for your own self on whether or not you're going to use it in that situation and not pull it unless you intend to because i i feel like that's you know i mean i'm i'm i'm all for uh people having having firearms or having whatever form of protection they prefer because you know even though the odds is you know the criminal ends up getting the gun and shooting the people to begin with you know the people that had it in the beginning but if the if if you're talking about uh two people if you're talking about a criminal an assailant that is coming at you with a gun and you don't have a gun at all well the chances are a hundred percent they're going to get you if you if you both of you have a firearm you've at least got that fifty percent chance that you may get them first and so i believe in that but i i've not ever felt comfortable in it i guess it's  i'm glad i  i'm glad i um i'm that i'm married to someone?<mask>, i think you need to know a lot about guns if you're goign to carry one.</s>
WARNING:src.dataset:Input exceeds max_length limit: <s>we went uh and did a a thing through IBS which is a like a financial consultant  type thing here in Dallas and uh one of the things that we talked about with the counselor there was you know they work up this whole big you know proposal profile for you that every all the things that you need to work on and you need to do and then one of the things that we talked about with her was you know the need to save for our son's education we have a two year old you know and and you know we can't start saving for college when he's sixteen you know we have to do that now and and uh they have a way that they can figure you know what you know and he's two now in sixteen years when he's ready to go to college this is how much it'll cost you know and it's just really scary the thought of how much it's going to it's what it costs now is ridiculous what it's going to cost sixteen years from now is just really scary and they sat down and figured up that we needed to save like fifteen between fifteen and seventeen hundred dollars a year at a oh you know six percent interest rate to be able to have you know?<mask>, we worked with a financial consultant through IBS in Dallas.</s>
WARNING:src.dataset:Input exceeds max_length limit: <s>yes i'm i'm i have some great concerns about uh my my parents and my relatives reaching that age um around here where i live in Maryland in the Washington area there's there's and uh i used to live down in Dallas there was just so many stories about uh rest homes where the people are being abused where the people are being kept in filthy conditions in fact here in Baltimore they've actually shut a couple of them down and taken all the people out of them because they were so uh bug infested and rat infested and it i you know really concerns me that um first of all that anyone could let someone live like that but if you have to you know how do you make sure i mean i'm sure when you make your appointment and go by everybody puts on a happy face um you know how are you sure that the home is really as good as it is because once you put someone into there you know they may not like the fact that they've been put in there and they might complain about the place all the time even though it's the best place in the whole world they could be just because they want to make you feel guilty for putting them in there and you kno?<mask>, i am worried about how landlords could let people live in such poor conditions.</s>
INFO:src.dataset:Label contradiction to word ĠNo (440)
INFO:src.dataset:Label entailment to word ĠYes (3216)
INFO:src.dataset:Label neutral to word ĠMaybe (5359)
INFO:src.dataset:Total num_sample for mode test: 1
INFO:src.dataset:Creating/loading examples from dataset file at /scratch/jy03364/MeZO_/medium_models/data/k-shot-1k-test/MNLI/full-16
INFO:src.dataset:Loading features from cached file /scratch/jy03364/MeZO_/medium_models/data/k-shot-1k-test/MNLI/full-16/cached_test_RobertaTokenizerFast-roberta_256_mnli [took 0.641 s]
INFO:src.dataset:*** Example ***
INFO:src.dataset:guid: test_matched-0
INFO:src.dataset:features: OurInputFeatures(input_ids=[0, 133, 92, 659, 32, 2579, 1177, 13098, 116, 50264, 6, 961, 269, 3829, 5, 8946, 1795, 1437, 2], attention_mask=[1, 1, 1, 1, 1, 1, 1, 1, 1, 1, 1, 1, 1, 1, 1, 1, 1, 1, 1], token_type_ids=None, label=2, mask_pos=[9], label_word_list=None, sfc_input_ids=None, sfc_attention_mask=None, sfc_mask_pos=None)
INFO:src.dataset:text: <s>The new rights are nice enoug?<mask>, everyone really likes the newest benefits </s>
huggingface/tokenizers: The current process just got forked, after parallelism has already been used. Disabling parallelism to avoid deadlocks...
To disable this warning, you can either:
	- Avoid using `tokenizers` before the fork if possible
	- Explicitly set the environment variable TOKENIZERS_PARALLELISM=(true | false)
INFO:src.trainer:[dataloader][debug] self class=Trainer, get_train_dataloader=<bound method Trainer.get_train_dataloader of <src.trainer.Trainer object at 0x14a9b1b6b560>>
INFO:src.trainer:[dataloader][override] Trainer.get_train_dataloader active. shuffle_raw=False type=bool -> shuffle=False; data_seed=16 seed=16 local_rank=-1
INFO:src.trainer:[dataloader][override] selected sampler=SequentialSampler
INFO:src.trainer:[dataloader] sampler=SequentialSampler, batch_sampler=BatchSampler
INFO:src.trainer:[dataloader] training uses SequentialSampler (no shuffle).
INFO:src.trainer:[dataloader] args.dataloader_shuffle=False
INFO:src.trainer:[dataloader] args.data_seed=16 args.seed=16
INFO:src.trainer:***** Running training *****
INFO:src.trainer:  Num examples = 353432
INFO:src.trainer:  Num Epochs = 1
INFO:src.trainer:  Instantaneous batch size per device = 32
INFO:src.trainer:  Total train batch size (w. parallel, distributed & accumulation) = 32
INFO:src.trainer:  Gradient Accumulation steps = 1
INFO:src.trainer:  Total optimization steps = 5
INFO:src.trainer:[zo-config] zo_two_point_precision=fp16 | zero_order_eps=0.0001 | zo_use_true_directional_derivative=False
INFO:src.trainer:[h_estimation][init] h0=1.000e-03 active_source=fixed additive=False two_point=False
You're using a RobertaTokenizerFast tokenizer. Please note that with a fast tokenizer, using the `__call__` method is faster than using a method to encode the text followed by a call to the `pad` method to get a padded encoding.
/scratch/jy03364/MeZO_/medium_models/src/trainer.py:2281: FutureWarning: `torch.cuda.amp.autocast(args...)` is deprecated. Please use `torch.amp.autocast('cuda', args...)` instead.
  return autocast(dtype=torch.float16)
INFO:src.trainer:[zo-direct] method=lozo {'loss': 1.22198486328125, 'learning_rate': 1e-06, 'global_step': 0, 'zo_forward_step': 2, 'max_steps': 5, 'max_zo_forward_steps': 0, 'time': 0, 'eps': 0.0001}
INFO:src.trainer:[perf-tail] measurement enabled: start_step=3 window_steps=3 total_train_batch_size=32
INFO:src.trainer:

Training completed. Do not forget to share your model on huggingface.co/models =)


INFO:src.trainer:[perf-tail] measured_steps=4 wallclock_per_step=0.115719 samples_per_second=276.531325 max_gpu_memory_gb=5.5031
INFO:__main__:evaluate_during_training=True but no in-memory best checkpoint was recorded; keeping the current model weights.
INFO:__main__:*** Validate ***
/home/jy03364/.conda/envs/ciao/lib/python3.12/site-packages/transformers/trainer_pt_utils.py:476: FutureWarning: DistributedTensorGatherer is deprecated and will be removed in v5 of Transformers.
  warnings.warn(

  0%|          | 0/9818 [00:00<?, ?it/s]
  0%|          | 11/9818 [00:00<01:35, 103.04it/s]
  0%|          | 22/9818 [00:00<01:38, 99.55it/s] 
  0%|          | 32/9818 [00:00<01:43, 94.62it/s]
  0%|          | 42/9818 [00:00<01:45, 93.03it/s]
  1%|          | 52/9818 [00:00<01:45, 92.50it/s]
  1%|          | 63/9818 [00:00<01:42, 94.88it/s]
  1%|          | 74/9818 [00:00<01:40, 96.81it/s]
  1%|          | 84/9818 [00:00<01:40, 97.25it/s]
  1%|          | 94/9818 [00:00<01:43, 94.29it/s]
  1%|          | 104/9818 [00:01<01:43, 94.00it/s]
  1%|          | 114/9818 [00:01<01:44, 92.69it/s]
  1%|▏         | 124/9818 [00:01<01:44, 92.52it/s]
  1%|▏         | 134/9818 [00:01<01:42, 94.40it/s]
  1%|▏         | 144/9818 [00:01<01:41, 95.28it/s]
  2%|▏         | 154/9818 [00:01<01:43, 93.22it/s]
  2%|▏         | 164/9818 [00:01<01:46, 90.99it/s]
  2%|▏         | 175/9818 [00:01<01:42, 93.83it/s]
  2%|▏         | 185/9818 [00:01<01:42, 94.14it/s]
  2%|▏         | 195/9818 [00:02<01:41, 94.60it/s]
  2%|▏         | 205/9818 [00:02<01:41, 94.28it/s]
  2%|▏         | 215/9818 [00:02<01:41, 94.56it/s]
  2%|▏         | 225/9818 [00:02<01:41, 94.49it/s]
  2%|▏         | 235/9818 [00:02<01:43, 92.71it/s]
  2%|▏         | 245/9818 [00:02<01:41, 94.05it/s]
  3%|▎         | 255/9818 [00:02<01:40, 95.41it/s]
  3%|▎         | 265/9818 [00:02<01:40, 95.39it/s]
  3%|▎         | 275/9818 [00:02<01:39, 95.60it/s]
  3%|▎         | 285/9818 [00:03<01:38, 96.83it/s]
  3%|▎         | 295/9818 [00:03<01:39, 95.87it/s]
  3%|▎         | 305/9818 [00:03<01:40, 94.89it/s]
  3%|▎         | 315/9818 [00:03<01:41, 93.58it/s]
  3%|▎         | 325/9818 [00:03<01:42, 92.91it/s]
  3%|▎         | 335/9818 [00:03<01:42, 92.64it/s]
  4%|▎         | 345/9818 [00:03<01:40, 94.08it/s]
  4%|▎         | 355/9818 [00:03<01:41, 93.09it/s]
  4%|▎         | 365/9818 [00:03<01:39, 95.00it/s]
  4%|▍         | 375/9818 [00:03<01:41, 93.39it/s]
  4%|▍         | 385/9818 [00:04<01:42, 92.17it/s]
  4%|▍         | 396/9818 [00:04<01:39, 94.44it/s]
  4%|▍         | 406/9818 [00:04<01:38, 95.60it/s]
  4%|▍         | 416/9818 [00:04<01:38, 95.73it/s]
  4%|▍         | 426/9818 [00:04<01:39, 94.03it/s]
  4%|▍         | 436/9818 [00:04<01:41, 92.81it/s]
  5%|▍         | 446/9818 [00:04<01:41, 92.16it/s]
  5%|▍         | 456/9818 [00:04<01:40, 92.90it/s]
  5%|▍         | 466/9818 [00:04<01:40, 93.11it/s]
  5%|▍         | 476/9818 [00:05<01:39, 93.75it/s]
  5%|▍         | 486/9818 [00:05<01:39, 93.69it/s]
  5%|▌         | 496/9818 [00:05<01:38, 94.50it/s]
  5%|▌         | 506/9818 [00:05<01:41, 91.85it/s]
  5%|▌         | 516/9818 [00:05<01:39, 93.79it/s]
  5%|▌         | 526/9818 [00:05<01:39, 93.66it/s]
  5%|▌         | 536/9818 [00:05<01:38, 94.63it/s]
  6%|▌         | 546/9818 [00:05<01:36, 95.63it/s]
  6%|▌         | 557/9818 [00:05<01:34, 97.66it/s]
  6%|▌         | 567/9818 [00:06<01:35, 96.36it/s]
  6%|▌         | 577/9818 [00:06<01:37, 95.00it/s]
  6%|▌         | 587/9818 [00:06<01:38, 93.85it/s]
  6%|▌         | 597/9818 [00:06<01:37, 94.95it/s]
  6%|▌         | 607/9818 [00:06<01:35, 95.98it/s]
  6%|▋         | 617/9818 [00:06<01:37, 94.82it/s]
  6%|▋         | 628/9818 [00:06<01:34, 96.75it/s]
  7%|▋         | 639/9818 [00:06<01:33, 98.14it/s]
  7%|▋         | 649/9818 [00:06<01:33, 97.77it/s]
  7%|▋         | 659/9818 [00:06<01:33, 98.05it/s]
  7%|▋         | 669/9818 [00:07<01:32, 98.56it/s]
  7%|▋         | 679/9818 [00:07<01:32, 98.31it/s]
  7%|▋         | 689/9818 [00:07<01:34, 97.05it/s]
  7%|▋         | 699/9818 [00:07<01:34, 96.48it/s]
  7%|▋         | 710/9818 [00:07<01:33, 97.69it/s]
  7%|▋         | 720/9818 [00:07<01:34, 96.58it/s]
  7%|▋         | 730/9818 [00:07<01:38, 92.64it/s]
  8%|▊         | 740/9818 [00:07<01:38, 92.13it/s]
  8%|▊         | 750/9818 [00:07<01:40, 90.27it/s]
  8%|▊         | 760/9818 [00:08<01:39, 91.48it/s]
  8%|▊         | 770/9818 [00:08<01:38, 91.95it/s]
  8%|▊         | 780/9818 [00:08<01:37, 92.48it/s]
  8%|▊         | 790/9818 [00:08<01:37, 93.01it/s]
  8%|▊         | 800/9818 [00:08<01:35, 94.89it/s]
  8%|▊         | 810/9818 [00:08<01:33, 95.88it/s]
  8%|▊         | 821/9818 [00:08<01:31, 98.22it/s]
  8%|▊         | 831/9818 [00:08<01:31, 98.48it/s]
  9%|▊         | 841/9818 [00:08<01:32, 96.82it/s]
  9%|▊         | 852/9818 [00:08<01:32, 97.41it/s]
  9%|▉         | 863/9818 [00:09<01:31, 98.03it/s]
  9%|▉         | 873/9818 [00:09<01:31, 98.24it/s]
  9%|▉         | 883/9818 [00:09<01:34, 94.32it/s]
  9%|▉         | 893/9818 [00:09<01:34, 94.65it/s]
  9%|▉         | 903/9818 [00:09<01:35, 93.16it/s]
  9%|▉         | 913/9818 [00:09<01:35, 93.27it/s]
  9%|▉         | 923/9818 [00:09<01:35, 93.41it/s]
 10%|▉         | 933/9818 [00:09<01:35, 93.44it/s]
 10%|▉         | 943/9818 [00:09<01:33, 94.96it/s]
 10%|▉         | 953/9818 [00:10<01:34, 94.31it/s]
 10%|▉         | 963/9818 [00:10<01:34, 93.74it/s]
 10%|▉         | 973/9818 [00:10<01:32, 95.19it/s]
 10%|█         | 983/9818 [00:10<01:32, 95.65it/s]
 10%|█         | 993/9818 [00:10<01:32, 95.12it/s]
 10%|█         | 1003/9818 [00:10<01:36, 91.26it/s]
 10%|█         | 1013/9818 [00:10<01:35, 92.05it/s]
 10%|█         | 1023/9818 [00:10<01:35, 92.45it/s]
 11%|█         | 1033/9818 [00:10<01:36, 90.79it/s]
 11%|█         | 1043/9818 [00:11<01:35, 91.84it/s]
 11%|█         | 1053/9818 [00:11<01:34, 93.23it/s]
 11%|█         | 1064/9818 [00:11<01:31, 95.64it/s]
 11%|█         | 1074/9818 [00:11<01:31, 95.76it/s]
 11%|█         | 1084/9818 [00:11<01:31, 95.26it/s]
 11%|█         | 1094/9818 [00:11<01:31, 95.85it/s]
 11%|█         | 1104/9818 [00:11<01:30, 96.32it/s]
 11%|█▏        | 1114/9818 [00:11<01:31, 94.79it/s]
 11%|█▏        | 1124/9818 [00:11<01:31, 94.79it/s]
 12%|█▏        | 1134/9818 [00:11<01:32, 94.16it/s]
 12%|█▏        | 1144/9818 [00:12<01:31, 95.01it/s]
 12%|█▏        | 1154/9818 [00:12<01:31, 95.02it/s]
 12%|█▏        | 1164/9818 [00:12<01:30, 95.35it/s]
 12%|█▏        | 1174/9818 [00:12<01:30, 95.74it/s]
 12%|█▏        | 1184/9818 [00:12<01:31, 94.14it/s]
 12%|█▏        | 1194/9818 [00:12<01:31, 94.43it/s]
 12%|█▏        | 1204/9818 [00:12<01:31, 93.98it/s]
 12%|█▏        | 1214/9818 [00:12<01:31, 94.11it/s]
 12%|█▏        | 1224/9818 [00:12<01:30, 94.85it/s]
 13%|█▎        | 1234/9818 [00:13<01:30, 95.18it/s]
 13%|█▎        | 1244/9818 [00:13<01:31, 93.90it/s]
 13%|█▎        | 1254/9818 [00:13<01:30, 94.35it/s]
 13%|█▎        | 1264/9818 [00:13<01:33, 91.01it/s]
 13%|█▎        | 1274/9818 [00:13<01:36, 88.25it/s]
 13%|█▎        | 1284/9818 [00:13<01:34, 89.97it/s]
 13%|█▎        | 1294/9818 [00:13<01:32, 91.92it/s]
 13%|█▎        | 1305/9818 [00:13<01:30, 94.58it/s]
 13%|█▎        | 1315/9818 [00:13<01:30, 94.38it/s]
 13%|█▎        | 1325/9818 [00:14<01:30, 93.98it/s]
 14%|█▎        | 1335/9818 [00:14<01:31, 93.19it/s]
 14%|█▎        | 1345/9818 [00:14<01:30, 93.98it/s]
 14%|█▍        | 1355/9818 [00:14<01:31, 92.90it/s]
 14%|█▍        | 1365/9818 [00:14<01:33, 90.84it/s]
 14%|█▍        | 1375/9818 [00:14<01:31, 91.78it/s]
 14%|█▍        | 1385/9818 [00:14<01:29, 93.98it/s]
 14%|█▍        | 1395/9818 [00:14<01:28, 95.42it/s]
 14%|█▍        | 1405/9818 [00:14<01:28, 95.50it/s]
 14%|█▍        | 1415/9818 [00:14<01:28, 94.60it/s]
 15%|█▍        | 1425/9818 [00:15<01:29, 93.96it/s]
 15%|█▍        | 1435/9818 [00:15<01:30, 93.02it/s]
 15%|█▍        | 1445/9818 [00:15<01:32, 90.89it/s]
 15%|█▍        | 1455/9818 [00:15<01:30, 92.19it/s]
 15%|█▍        | 1465/9818 [00:15<01:29, 93.06it/s]
 15%|█▌        | 1475/9818 [00:15<01:29, 93.16it/s]
 15%|█▌        | 1485/9818 [00:15<01:28, 94.22it/s]
 15%|█▌        | 1495/9818 [00:15<01:29, 93.05it/s]
 15%|█▌        | 1505/9818 [00:15<01:28, 94.26it/s]
 15%|█▌        | 1515/9818 [00:16<01:29, 92.47it/s]
 16%|█▌        | 1525/9818 [00:16<01:27, 94.29it/s]
 16%|█▌        | 1535/9818 [00:16<01:26, 95.22it/s]
 16%|█▌        | 1545/9818 [00:16<01:27, 95.07it/s]
 16%|█▌        | 1555/9818 [00:16<01:27, 94.11it/s]
 16%|█▌        | 1565/9818 [00:16<01:27, 94.35it/s]
 16%|█▌        | 1575/9818 [00:16<01:27, 94.38it/s]
 16%|█▌        | 1585/9818 [00:16<01:26, 94.86it/s]
 16%|█▌        | 1595/9818 [00:16<01:25, 95.99it/s]
 16%|█▋        | 1605/9818 [00:17<01:25, 95.72it/s]
 16%|█▋        | 1615/9818 [00:17<01:27, 94.05it/s]
 17%|█▋        | 1625/9818 [00:17<01:28, 92.80it/s]
 17%|█▋        | 1635/9818 [00:17<01:29, 91.52it/s]
 17%|█▋        | 1645/9818 [00:17<01:28, 92.51it/s]
 17%|█▋        | 1655/9818 [00:17<01:26, 94.27it/s]
 17%|█▋        | 1665/9818 [00:17<01:26, 94.08it/s]
 17%|█▋        | 1675/9818 [00:17<01:26, 93.98it/s]
 17%|█▋        | 1685/9818 [00:17<01:27, 92.67it/s]
 17%|█▋        | 1695/9818 [00:17<01:27, 93.02it/s]
 17%|█▋        | 1705/9818 [00:18<01:29, 90.92it/s]
 17%|█▋        | 1715/9818 [00:18<01:26, 93.43it/s]
 18%|█▊        | 1725/9818 [00:18<01:25, 95.19it/s]
 18%|█▊        | 1735/9818 [00:18<01:27, 92.59it/s]
 18%|█▊        | 1745/9818 [00:18<01:29, 90.30it/s]
 18%|█▊        | 1755/9818 [00:18<01:27, 91.82it/s]
 18%|█▊        | 1765/9818 [00:18<01:27, 92.41it/s]
 18%|█▊        | 1775/9818 [00:18<01:25, 93.92it/s]
 18%|█▊        | 1785/9818 [00:18<01:27, 91.70it/s]
 18%|█▊        | 1795/9818 [00:19<01:27, 91.35it/s]
 18%|█▊        | 1805/9818 [00:19<01:26, 92.18it/s]
 18%|█▊        | 1815/9818 [00:19<01:25, 94.14it/s]
 19%|█▊        | 1825/9818 [00:19<01:24, 94.08it/s]
 19%|█▊        | 1835/9818 [00:19<01:25, 93.04it/s]
 19%|█▉        | 1845/9818 [00:19<01:27, 90.62it/s]
 19%|█▉        | 1855/9818 [00:19<01:25, 93.09it/s]
 19%|█▉        | 1865/9818 [00:19<01:25, 92.73it/s]
 19%|█▉        | 1875/9818 [00:19<01:25, 92.64it/s]
 19%|█▉        | 1885/9818 [00:20<01:25, 92.99it/s]
 19%|█▉        | 1895/9818 [00:20<01:25, 93.14it/s]
 19%|█▉        | 1905/9818 [00:20<01:26, 90.98it/s]
 20%|█▉        | 1915/9818 [00:20<01:25, 92.42it/s]
 20%|█▉        | 1925/9818 [00:20<01:24, 93.37it/s]
 20%|█▉        | 1935/9818 [00:20<01:22, 95.20it/s]
 20%|█▉        | 1945/9818 [00:20<01:22, 95.65it/s]
 20%|█▉        | 1955/9818 [00:20<01:22, 95.54it/s]
 20%|██        | 1965/9818 [00:20<01:21, 95.97it/s]
 20%|██        | 1976/9818 [00:20<01:21, 96.44it/s]
 20%|██        | 1986/9818 [00:21<01:24, 92.64it/s]
 20%|██        | 1996/9818 [00:21<01:24, 92.36it/s]
 20%|██        | 2006/9818 [00:21<01:24, 92.82it/s]
 21%|██        | 2016/9818 [00:21<01:24, 92.45it/s]
 21%|██        | 2026/9818 [00:21<01:24, 92.69it/s]
 21%|██        | 2036/9818 [00:21<01:23, 92.73it/s]
 21%|██        | 2046/9818 [00:21<01:22, 94.12it/s]
 21%|██        | 2056/9818 [00:21<01:21, 94.92it/s]
 21%|██        | 2066/9818 [00:21<01:21, 95.48it/s]
 21%|██        | 2076/9818 [00:22<01:22, 94.25it/s]
 21%|██        | 2086/9818 [00:22<01:21, 95.38it/s]
 21%|██▏       | 2096/9818 [00:22<01:20, 96.31it/s]
 21%|██▏       | 2106/9818 [00:22<01:21, 94.79it/s]
 22%|██▏       | 2116/9818 [00:22<01:22, 93.59it/s]
 22%|██▏       | 2126/9818 [00:22<01:23, 91.89it/s]
 22%|██▏       | 2136/9818 [00:22<01:23, 91.56it/s]
 22%|██▏       | 2146/9818 [00:22<01:22, 93.14it/s]
 22%|██▏       | 2156/9818 [00:22<01:21, 94.22it/s]
 22%|██▏       | 2166/9818 [00:23<01:20, 95.63it/s]
 22%|██▏       | 2176/9818 [00:23<01:19, 95.96it/s]
 22%|██▏       | 2186/9818 [00:23<01:20, 95.14it/s]
 22%|██▏       | 2196/9818 [00:23<01:19, 95.83it/s]
 22%|██▏       | 2206/9818 [00:23<01:19, 96.05it/s]
 23%|██▎       | 2216/9818 [00:23<01:19, 95.52it/s]
 23%|██▎       | 2226/9818 [00:23<01:20, 93.98it/s]
 23%|██▎       | 2237/9818 [00:23<01:18, 96.01it/s]
 23%|██▎       | 2247/9818 [00:23<01:20, 94.52it/s]
 23%|██▎       | 2258/9818 [00:23<01:18, 96.64it/s]
 23%|██▎       | 2268/9818 [00:24<01:19, 94.53it/s]
 23%|██▎       | 2278/9818 [00:24<01:20, 94.20it/s]
 23%|██▎       | 2288/9818 [00:24<01:19, 94.46it/s]
 23%|██▎       | 2298/9818 [00:24<01:19, 94.70it/s]
 24%|██▎       | 2308/9818 [00:24<01:20, 93.62it/s]
 24%|██▎       | 2318/9818 [00:24<01:20, 93.51it/s]
 24%|██▎       | 2328/9818 [00:24<01:19, 94.12it/s]
 24%|██▍       | 2338/9818 [00:24<01:20, 92.49it/s]
 24%|██▍       | 2348/9818 [00:24<01:21, 91.61it/s]
 24%|██▍       | 2359/9818 [00:25<01:18, 94.48it/s]
 24%|██▍       | 2369/9818 [00:25<01:17, 95.80it/s]
 24%|██▍       | 2379/9818 [00:25<01:18, 95.15it/s]
 24%|██▍       | 2389/9818 [00:25<01:17, 96.13it/s]
 24%|██▍       | 2399/9818 [00:25<01:19, 93.47it/s]
 25%|██▍       | 2409/9818 [00:25<01:18, 93.96it/s]
 25%|██▍       | 2419/9818 [00:25<01:20, 91.98it/s]
 25%|██▍       | 2429/9818 [00:25<01:19, 92.95it/s]
 25%|██▍       | 2439/9818 [00:25<01:18, 93.80it/s]
 25%|██▍       | 2449/9818 [00:26<01:19, 93.15it/s]
 25%|██▌       | 2459/9818 [00:26<01:18, 94.31it/s]
 25%|██▌       | 2469/9818 [00:26<01:18, 93.73it/s]
 25%|██▌       | 2479/9818 [00:26<01:18, 93.10it/s]
 25%|██▌       | 2489/9818 [00:26<01:17, 94.25it/s]
 25%|██▌       | 2499/9818 [00:26<01:18, 93.76it/s]
 26%|██▌       | 2509/9818 [00:26<01:17, 94.12it/s]
 26%|██▌       | 2519/9818 [00:26<01:17, 93.94it/s]
 26%|██▌       | 2529/9818 [00:26<01:18, 93.00it/s]
 26%|██▌       | 2539/9818 [00:26<01:17, 94.02it/s]
 26%|██▌       | 2549/9818 [00:27<01:17, 93.65it/s]
 26%|██▌       | 2559/9818 [00:27<01:18, 92.02it/s]
 26%|██▌       | 2569/9818 [00:27<01:17, 93.38it/s]
 26%|██▋       | 2580/9818 [00:27<01:15, 95.45it/s]
 26%|██▋       | 2591/9818 [00:27<01:15, 95.98it/s]
 26%|██▋       | 2601/9818 [00:27<01:17, 93.04it/s]
 27%|██▋       | 2611/9818 [00:27<01:16, 94.23it/s]
 27%|██▋       | 2621/9818 [00:27<01:18, 91.22it/s]
 27%|██▋       | 2631/9818 [00:27<01:18, 91.89it/s]
 27%|██▋       | 2641/9818 [00:28<01:17, 92.64it/s]
 27%|██▋       | 2652/9818 [00:28<01:15, 95.00it/s]
 27%|██▋       | 2662/9818 [00:28<01:15, 95.18it/s]
 27%|██▋       | 2672/9818 [00:28<01:16, 93.61it/s]
 27%|██▋       | 2682/9818 [00:28<01:17, 92.40it/s]
 27%|██▋       | 2692/9818 [00:28<01:17, 92.33it/s]
 28%|██▊       | 2702/9818 [00:28<01:17, 92.35it/s]
 28%|██▊       | 2712/9818 [00:28<01:16, 92.31it/s]
 28%|██▊       | 2722/9818 [00:28<01:16, 92.28it/s]
 28%|██▊       | 2733/9818 [00:29<01:15, 94.31it/s]
 28%|██▊       | 2743/9818 [00:29<01:14, 94.81it/s]
 28%|██▊       | 2753/9818 [00:29<01:16, 92.46it/s]
 28%|██▊       | 2763/9818 [00:29<01:15, 93.83it/s]
 28%|██▊       | 2773/9818 [00:29<01:15, 93.49it/s]
 28%|██▊       | 2783/9818 [00:29<01:16, 91.97it/s]
 28%|██▊       | 2793/9818 [00:29<01:15, 92.95it/s]
 29%|██▊       | 2803/9818 [00:29<01:15, 93.25it/s]
 29%|██▊       | 2813/9818 [00:29<01:13, 94.74it/s]
 29%|██▉       | 2823/9818 [00:30<01:13, 95.56it/s]
 29%|██▉       | 2833/9818 [00:30<01:12, 95.80it/s]
 29%|██▉       | 2843/9818 [00:30<01:13, 94.58it/s]
 29%|██▉       | 2853/9818 [00:30<01:13, 94.85it/s]
 29%|██▉       | 2863/9818 [00:30<01:13, 94.42it/s]
 29%|██▉       | 2874/9818 [00:30<01:12, 96.21it/s]
 29%|██▉       | 2884/9818 [00:30<01:11, 96.93it/s]
 29%|██▉       | 2894/9818 [00:30<01:12, 95.93it/s]
 30%|██▉       | 2904/9818 [00:30<01:13, 94.46it/s]
 30%|██▉       | 2914/9818 [00:30<01:12, 95.57it/s]
 30%|██▉       | 2924/9818 [00:31<01:12, 94.84it/s]
 30%|██▉       | 2934/9818 [00:31<01:12, 94.54it/s]
 30%|██▉       | 2944/9818 [00:31<01:12, 94.73it/s]
 30%|███       | 2954/9818 [00:31<01:12, 95.07it/s]
 30%|███       | 2964/9818 [00:31<01:13, 93.87it/s]
 30%|███       | 2974/9818 [00:31<01:14, 92.25it/s]
 30%|███       | 2984/9818 [00:31<01:13, 93.45it/s]
 30%|███       | 2994/9818 [00:31<01:13, 93.19it/s]
 31%|███       | 3004/9818 [00:31<01:13, 92.77it/s]
 31%|███       | 3014/9818 [00:32<01:12, 94.48it/s]
 31%|███       | 3025/9818 [00:32<01:10, 96.69it/s]
 31%|███       | 3035/9818 [00:32<01:11, 95.05it/s]
 31%|███       | 3045/9818 [00:32<01:11, 94.97it/s]
 31%|███       | 3055/9818 [00:32<01:12, 93.72it/s]
 31%|███       | 3065/9818 [00:32<01:12, 93.10it/s]
 31%|███▏      | 3075/9818 [00:32<01:12, 93.49it/s]
 31%|███▏      | 3085/9818 [00:32<01:12, 92.65it/s]
 32%|███▏      | 3095/9818 [00:32<01:12, 92.76it/s]
 32%|███▏      | 3105/9818 [00:33<01:12, 92.96it/s]
 32%|███▏      | 3115/9818 [00:33<01:11, 94.07it/s]
 32%|███▏      | 3125/9818 [00:33<01:11, 93.83it/s]
 32%|███▏      | 3135/9818 [00:33<01:11, 94.03it/s]
 32%|███▏      | 3145/9818 [00:33<01:12, 92.56it/s]
 32%|███▏      | 3155/9818 [00:33<01:10, 93.85it/s]
 32%|███▏      | 3165/9818 [00:33<01:12, 92.39it/s]
 32%|███▏      | 3175/9818 [00:33<01:13, 90.36it/s]
 32%|███▏      | 3185/9818 [00:33<01:12, 91.67it/s]
 33%|███▎      | 3195/9818 [00:33<01:11, 92.77it/s]
 33%|███▎      | 3205/9818 [00:34<01:11, 91.93it/s]
 33%|███▎      | 3215/9818 [00:34<01:10, 93.19it/s]
 33%|███▎      | 3225/9818 [00:34<01:13, 90.26it/s]
 33%|███▎      | 3235/9818 [00:34<01:11, 92.22it/s]
 33%|███▎      | 3246/9818 [00:34<01:09, 94.69it/s]
 33%|███▎      | 3256/9818 [00:34<01:09, 94.38it/s]
 33%|███▎      | 3266/9818 [00:34<01:08, 95.14it/s]
 33%|███▎      | 3276/9818 [00:34<01:09, 93.74it/s]
 33%|███▎      | 3286/9818 [00:34<01:08, 94.97it/s]
 34%|███▎      | 3296/9818 [00:35<01:08, 95.40it/s]
 34%|███▎      | 3307/9818 [00:35<01:07, 97.14it/s]
 34%|███▍      | 3317/9818 [00:35<01:07, 96.62it/s]
 34%|███▍      | 3327/9818 [00:35<01:07, 96.41it/s]
 34%|███▍      | 3337/9818 [00:35<01:06, 96.94it/s]
 34%|███▍      | 3347/9818 [00:35<01:08, 94.67it/s]
 34%|███▍      | 3357/9818 [00:35<01:08, 93.73it/s]
 34%|███▍      | 3367/9818 [00:35<01:07, 95.47it/s]
 34%|███▍      | 3377/9818 [00:35<01:07, 95.96it/s]
 34%|███▍      | 3387/9818 [00:36<01:08, 94.13it/s]
 35%|███▍      | 3397/9818 [00:36<01:08, 93.06it/s]
 35%|███▍      | 3408/9818 [00:36<01:07, 94.90it/s]
 35%|███▍      | 3418/9818 [00:36<01:06, 95.98it/s]
 35%|███▍      | 3428/9818 [00:36<01:06, 96.80it/s]
 35%|███▌      | 3438/9818 [00:36<01:07, 94.58it/s]
 35%|███▌      | 3448/9818 [00:36<01:08, 92.98it/s]
 35%|███▌      | 3458/9818 [00:36<01:08, 92.23it/s]
 35%|███▌      | 3468/9818 [00:36<01:09, 91.37it/s]
 35%|███▌      | 3478/9818 [00:37<01:12, 87.79it/s]
 36%|███▌      | 3487/9818 [00:37<01:11, 88.21it/s]
 36%|███▌      | 3497/9818 [00:37<01:10, 90.18it/s]
 36%|███▌      | 3507/9818 [00:37<01:09, 91.45it/s]
 36%|███▌      | 3517/9818 [00:37<01:08, 91.42it/s]
 36%|███▌      | 3527/9818 [00:37<01:07, 93.44it/s]
 36%|███▌      | 3537/9818 [00:37<01:06, 93.91it/s]
 36%|███▌      | 3547/9818 [00:37<01:07, 92.53it/s]
 36%|███▌      | 3557/9818 [00:37<01:06, 93.95it/s]
 36%|███▋      | 3567/9818 [00:37<01:07, 93.14it/s]
 36%|███▋      | 3577/9818 [00:38<01:06, 94.13it/s]
 37%|███▋      | 3587/9818 [00:38<01:07, 92.67it/s]
 37%|███▋      | 3597/9818 [00:38<01:09, 89.89it/s]
 37%|███▋      | 3607/9818 [00:38<01:08, 90.44it/s]
 37%|███▋      | 3617/9818 [00:38<01:06, 92.66it/s]
 37%|███▋      | 3627/9818 [00:38<01:07, 91.45it/s]
 37%|███▋      | 3637/9818 [00:38<01:07, 92.19it/s]
 37%|███▋      | 3647/9818 [00:38<01:07, 90.82it/s]
 37%|███▋      | 3657/9818 [00:38<01:06, 92.59it/s]
 37%|███▋      | 3667/9818 [00:39<01:05, 94.54it/s]
 37%|███▋      | 3677/9818 [00:39<01:05, 93.05it/s]
 38%|███▊      | 3687/9818 [00:39<01:06, 92.55it/s]
 38%|███▊      | 3697/9818 [00:39<01:07, 90.81it/s]
 38%|███▊      | 3707/9818 [00:39<01:07, 90.97it/s]
 38%|███▊      | 3717/9818 [00:39<01:05, 92.44it/s]
 38%|███▊      | 3727/9818 [00:39<01:06, 91.85it/s]
 38%|███▊      | 3737/9818 [00:39<01:04, 94.04it/s]
 38%|███▊      | 3747/9818 [00:39<01:04, 93.78it/s]
 38%|███▊      | 3757/9818 [00:40<01:03, 94.91it/s]
 38%|███▊      | 3767/9818 [00:40<01:03, 96.02it/s]
 38%|███▊      | 3777/9818 [00:40<01:02, 95.93it/s]
 39%|███▊      | 3787/9818 [00:40<01:03, 94.72it/s]
 39%|███▊      | 3797/9818 [00:40<01:03, 94.74it/s]
 39%|███▉      | 3807/9818 [00:40<01:04, 93.07it/s]
 39%|███▉      | 3817/9818 [00:40<01:03, 94.23it/s]
 39%|███▉      | 3827/9818 [00:40<01:04, 92.83it/s]
 39%|███▉      | 3837/9818 [00:40<01:03, 94.13it/s]
 39%|███▉      | 3847/9818 [00:40<01:03, 93.32it/s]
 39%|███▉      | 3857/9818 [00:41<01:03, 94.27it/s]
 39%|███▉      | 3867/9818 [00:41<01:03, 93.89it/s]
 39%|███▉      | 3877/9818 [00:41<01:02, 94.37it/s]
 40%|███▉      | 3887/9818 [00:41<01:02, 94.93it/s]
 40%|███▉      | 3897/9818 [00:41<01:02, 94.69it/s]
 40%|███▉      | 3907/9818 [00:41<01:03, 93.37it/s]
 40%|███▉      | 3917/9818 [00:41<01:02, 94.58it/s]
 40%|███▉      | 3927/9818 [00:41<01:02, 94.27it/s]
 40%|████      | 3937/9818 [00:41<01:01, 95.81it/s]
 40%|████      | 3947/9818 [00:42<01:01, 96.14it/s]
 40%|████      | 3957/9818 [00:42<01:01, 94.58it/s]
 40%|████      | 3967/9818 [00:42<01:05, 89.82it/s]
 41%|████      | 3977/9818 [00:42<01:04, 90.75it/s]
 41%|████      | 3988/9818 [00:42<01:02, 93.82it/s]
 41%|████      | 3998/9818 [00:42<01:01, 94.69it/s]
 41%|████      | 4008/9818 [00:42<01:00, 95.25it/s]
 41%|████      | 4018/9818 [00:42<01:01, 94.29it/s]
 41%|████      | 4028/9818 [00:42<01:02, 92.42it/s]
 41%|████      | 4038/9818 [00:42<01:01, 94.48it/s]
 41%|████      | 4048/9818 [00:43<01:00, 95.08it/s]
 41%|████▏     | 4058/9818 [00:43<01:01, 93.93it/s]
 41%|████▏     | 4068/9818 [00:43<01:01, 94.26it/s]
 42%|████▏     | 4078/9818 [00:43<01:01, 93.54it/s]
 42%|████▏     | 4088/9818 [00:43<01:01, 93.74it/s]
 42%|████▏     | 4098/9818 [00:43<01:01, 93.43it/s]
 42%|████▏     | 4108/9818 [00:43<01:01, 93.41it/s]
 42%|████▏     | 4118/9818 [00:43<01:00, 93.92it/s]
 42%|████▏     | 4129/9818 [00:43<00:59, 95.38it/s]
 42%|████▏     | 4139/9818 [00:44<00:59, 94.89it/s]
 42%|████▏     | 4149/9818 [00:44<01:01, 92.62it/s]
 42%|████▏     | 4159/9818 [00:44<01:01, 91.32it/s]
 42%|████▏     | 4169/9818 [00:44<01:00, 93.34it/s]
 43%|████▎     | 4179/9818 [00:44<00:59, 94.57it/s]
 43%|████▎     | 4189/9818 [00:44<01:00, 92.77it/s]
 43%|████▎     | 4199/9818 [00:44<01:02, 90.57it/s]
 43%|████▎     | 4209/9818 [00:44<01:01, 90.54it/s]
 43%|████▎     | 4219/9818 [00:44<01:02, 89.44it/s]
 43%|████▎     | 4229/9818 [00:45<01:00, 91.81it/s]
 43%|████▎     | 4239/9818 [00:45<01:01, 91.09it/s]
 43%|████▎     | 4249/9818 [00:45<01:00, 92.49it/s]
 43%|████▎     | 4259/9818 [00:45<01:00, 92.43it/s]
 43%|████▎     | 4269/9818 [00:45<00:59, 93.84it/s]
 44%|████▎     | 4279/9818 [00:45<00:58, 94.64it/s]
 44%|████▎     | 4289/9818 [00:45<00:58, 93.89it/s]
 44%|████▍     | 4299/9818 [00:45<00:57, 95.38it/s]
 44%|████▍     | 4309/9818 [00:45<00:57, 95.37it/s]
 44%|████▍     | 4319/9818 [00:46<00:57, 95.00it/s]
 44%|████▍     | 4329/9818 [00:46<00:58, 93.25it/s]
 44%|████▍     | 4339/9818 [00:46<00:58, 93.20it/s]
 44%|████▍     | 4349/9818 [00:46<00:58, 92.94it/s]
 44%|████▍     | 4359/9818 [00:46<00:57, 94.67it/s]
 44%|████▍     | 4369/9818 [00:46<00:57, 94.90it/s]
 45%|████▍     | 4379/9818 [00:46<00:58, 93.53it/s]
 45%|████▍     | 4389/9818 [00:46<00:59, 91.91it/s]
 45%|████▍     | 4400/9818 [00:46<00:57, 94.41it/s]
 45%|████▍     | 4410/9818 [00:46<00:57, 94.22it/s]
 45%|████▌     | 4420/9818 [00:47<00:57, 93.13it/s]
 45%|████▌     | 4430/9818 [00:47<00:58, 92.23it/s]
 45%|████▌     | 4440/9818 [00:47<00:57, 93.57it/s]
 45%|████▌     | 4450/9818 [00:47<00:56, 94.60it/s]
 45%|████▌     | 4460/9818 [00:47<00:58, 91.47it/s]
 46%|████▌     | 4470/9818 [00:47<01:00, 87.81it/s]
 46%|████▌     | 4479/9818 [00:47<01:12, 73.15it/s]
 46%|████▌     | 4487/9818 [00:47<01:13, 73.01it/s]
 46%|████▌     | 4497/9818 [00:48<01:07, 78.84it/s]
 46%|████▌     | 4508/9818 [00:48<01:02, 84.98it/s]
 46%|████▌     | 4518/9818 [00:48<00:59, 88.64it/s]
 46%|████▌     | 4528/9818 [00:48<00:59, 88.91it/s]
 46%|████▌     | 4538/9818 [00:48<00:57, 91.27it/s]
 46%|████▋     | 4548/9818 [00:48<01:03, 82.51it/s]
 46%|████▋     | 4558/9818 [00:48<01:01, 86.07it/s]
 47%|████▋     | 4568/9818 [00:48<00:58, 89.31it/s]
 47%|████▋     | 4578/9818 [00:48<00:58, 89.10it/s]
 47%|████▋     | 4588/9818 [00:49<00:58, 89.27it/s]
 47%|████▋     | 4598/9818 [00:49<00:57, 91.36it/s]
 47%|████▋     | 4608/9818 [00:49<00:56, 92.11it/s]
 47%|████▋     | 4619/9818 [00:49<00:54, 95.17it/s]
 47%|████▋     | 4629/9818 [00:49<00:53, 96.34it/s]
 47%|████▋     | 4639/9818 [00:49<00:56, 91.62it/s]
 47%|████▋     | 4649/9818 [00:49<00:56, 91.11it/s]
 47%|████▋     | 4659/9818 [00:49<00:58, 88.39it/s]
 48%|████▊     | 4668/9818 [00:49<01:00, 85.19it/s]
 48%|████▊     | 4678/9818 [00:50<00:58, 87.64it/s]
 48%|████▊     | 4688/9818 [00:50<00:57, 89.23it/s]
 48%|████▊     | 4697/9818 [00:50<00:57, 89.23it/s]
 48%|████▊     | 4706/9818 [00:50<00:58, 86.90it/s]
 48%|████▊     | 4715/9818 [00:50<00:59, 85.13it/s]
 48%|████▊     | 4724/9818 [00:50<01:00, 83.93it/s]
 48%|████▊     | 4734/9818 [00:50<00:58, 87.24it/s]
 48%|████▊     | 4744/9818 [00:50<00:57, 88.93it/s]
 48%|████▊     | 4754/9818 [00:50<00:56, 89.66it/s]
 49%|████▊     | 4763/9818 [00:51<00:56, 89.42it/s]
 49%|████▊     | 4773/9818 [00:51<00:55, 90.62it/s]
 49%|████▊     | 4783/9818 [00:51<00:55, 91.26it/s]
 49%|████▉     | 4793/9818 [00:51<00:54, 91.71it/s]
 49%|████▉     | 4803/9818 [00:51<00:55, 90.12it/s]
 49%|████▉     | 4813/9818 [00:51<00:56, 89.16it/s]
 49%|████▉     | 4823/9818 [00:51<00:54, 91.48it/s]
 49%|████▉     | 4833/9818 [00:51<00:53, 92.58it/s]
 49%|████▉     | 4844/9818 [00:51<00:52, 94.50it/s]
 49%|████▉     | 4855/9818 [00:51<00:51, 95.85it/s]
 50%|████▉     | 4865/9818 [00:52<00:51, 96.31it/s]
 50%|████▉     | 4875/9818 [00:52<00:54, 91.35it/s]
 50%|████▉     | 4885/9818 [00:52<00:53, 92.04it/s]
 50%|████▉     | 4895/9818 [00:52<00:53, 91.38it/s]
 50%|████▉     | 4905/9818 [00:52<00:54, 90.34it/s]
 50%|█████     | 4915/9818 [00:52<00:53, 91.57it/s]
 50%|█████     | 4925/9818 [00:52<00:52, 92.85it/s]
 50%|█████     | 4935/9818 [00:52<00:52, 92.13it/s]
 50%|█████     | 4945/9818 [00:52<00:53, 91.89it/s]
 50%|█████     | 4955/9818 [00:53<00:53, 91.27it/s]
 51%|█████     | 4966/9818 [00:53<00:51, 94.19it/s]
 51%|█████     | 4976/9818 [00:53<00:51, 94.32it/s]
 51%|█████     | 4986/9818 [00:53<00:51, 93.19it/s]
 51%|█████     | 4996/9818 [00:53<00:52, 92.31it/s]
 51%|█████     | 5006/9818 [00:53<00:52, 92.35it/s]
 51%|█████     | 5016/9818 [00:53<00:51, 92.83it/s]
 51%|█████     | 5026/9818 [00:53<00:50, 94.30it/s]
 51%|█████▏    | 5037/9818 [00:53<00:49, 96.16it/s]
 51%|█████▏    | 5047/9818 [00:54<00:52, 91.69it/s]
 52%|█████▏    | 5057/9818 [00:54<00:51, 93.09it/s]
 52%|█████▏    | 5067/9818 [00:54<00:51, 93.04it/s]
 52%|█████▏    | 5077/9818 [00:54<00:50, 93.09it/s]
 52%|█████▏    | 5087/9818 [00:54<00:50, 93.47it/s]
 52%|█████▏    | 5097/9818 [00:54<00:49, 95.02it/s]
 52%|█████▏    | 5107/9818 [00:54<00:50, 94.19it/s]
 52%|█████▏    | 5117/9818 [00:54<00:50, 93.72it/s]
 52%|█████▏    | 5127/9818 [00:54<00:50, 92.67it/s]
 52%|█████▏    | 5137/9818 [00:55<00:49, 94.32it/s]
 52%|█████▏    | 5147/9818 [00:55<00:49, 94.98it/s]
 53%|█████▎    | 5157/9818 [00:55<00:48, 95.40it/s]
 53%|█████▎    | 5167/9818 [00:55<00:49, 93.37it/s]
 53%|█████▎    | 5177/9818 [00:55<00:49, 93.91it/s]
 53%|█████▎    | 5187/9818 [00:55<00:49, 92.70it/s]
 53%|█████▎    | 5197/9818 [00:55<00:49, 93.62it/s]
 53%|█████▎    | 5207/9818 [00:55<00:48, 94.39it/s]
 53%|█████▎    | 5217/9818 [00:55<00:48, 94.31it/s]
 53%|█████▎    | 5227/9818 [00:55<00:48, 94.11it/s]
 53%|█████▎    | 5237/9818 [00:56<00:48, 94.08it/s]
 53%|█████▎    | 5247/9818 [00:56<00:48, 94.17it/s]
 54%|█████▎    | 5257/9818 [00:56<00:48, 94.89it/s]
 54%|█████▎    | 5268/9818 [00:56<00:46, 97.28it/s]
 54%|█████▍    | 5279/9818 [00:56<00:46, 98.14it/s]
 54%|█████▍    | 5289/9818 [00:56<00:46, 96.85it/s]
 54%|█████▍    | 5299/9818 [00:56<00:47, 95.59it/s]
 54%|█████▍    | 5309/9818 [00:56<00:48, 93.50it/s]
 54%|█████▍    | 5319/9818 [00:56<00:48, 92.76it/s]
 54%|█████▍    | 5330/9818 [00:57<00:47, 94.99it/s]
 54%|█████▍    | 5340/9818 [00:57<00:47, 95.04it/s]
 54%|█████▍    | 5350/9818 [00:57<00:47, 93.88it/s]
 55%|█████▍    | 5360/9818 [00:57<00:48, 92.74it/s]
 55%|█████▍    | 5370/9818 [00:57<00:47, 93.21it/s]
 55%|█████▍    | 5380/9818 [00:57<00:47, 94.26it/s]
 55%|█████▍    | 5390/9818 [00:57<00:48, 91.25it/s]
 55%|█████▌    | 5400/9818 [00:57<00:47, 93.66it/s]
 55%|█████▌    | 5410/9818 [00:57<00:46, 94.40it/s]
 55%|█████▌    | 5420/9818 [00:58<00:46, 94.49it/s]
 55%|█████▌    | 5430/9818 [00:58<00:47, 92.82it/s]
 55%|█████▌    | 5440/9818 [00:58<00:47, 92.82it/s]
 56%|█████▌    | 5450/9818 [00:58<00:46, 94.03it/s]
 56%|█████▌    | 5460/9818 [00:58<00:46, 93.03it/s]
 56%|█████▌    | 5470/9818 [00:58<00:46, 93.34it/s]
 56%|█████▌    | 5481/9818 [00:58<00:45, 95.92it/s]
 56%|█████▌    | 5492/9818 [00:58<00:44, 96.87it/s]
 56%|█████▌    | 5502/9818 [00:58<00:44, 96.26it/s]
 56%|█████▌    | 5512/9818 [00:58<00:45, 95.55it/s]
 56%|█████▌    | 5522/9818 [00:59<00:44, 96.48it/s]
 56%|█████▋    | 5532/9818 [00:59<00:45, 94.71it/s]
 56%|█████▋    | 5542/9818 [00:59<00:45, 94.12it/s]
 57%|█████▋    | 5552/9818 [00:59<00:46, 91.00it/s]
 57%|█████▋    | 5562/9818 [00:59<00:47, 89.91it/s]
 57%|█████▋    | 5572/9818 [00:59<00:47, 90.06it/s]
 57%|█████▋    | 5582/9818 [00:59<00:46, 91.81it/s]
 57%|█████▋    | 5592/9818 [00:59<00:45, 93.31it/s]
 57%|█████▋    | 5602/9818 [00:59<00:45, 93.19it/s]
 57%|█████▋    | 5612/9818 [01:00<00:44, 93.76it/s]
 57%|█████▋    | 5622/9818 [01:00<00:44, 94.29it/s]
 57%|█████▋    | 5632/9818 [01:00<00:44, 94.76it/s]
 57%|█████▋    | 5642/9818 [01:00<00:44, 93.90it/s]
 58%|█████▊    | 5652/9818 [01:00<00:44, 93.06it/s]
 58%|█████▊    | 5662/9818 [01:00<00:44, 93.32it/s]
 58%|█████▊    | 5672/9818 [01:00<00:43, 94.91it/s]
 58%|█████▊    | 5682/9818 [01:00<00:43, 96.06it/s]
 58%|█████▊    | 5692/9818 [01:00<00:44, 93.76it/s]
 58%|█████▊    | 5702/9818 [01:01<00:44, 92.21it/s]
 58%|█████▊    | 5712/9818 [01:01<00:46, 88.71it/s]
 58%|█████▊    | 5722/9818 [01:01<00:45, 90.58it/s]
 58%|█████▊    | 5732/9818 [01:01<00:44, 91.10it/s]
 58%|█████▊    | 5742/9818 [01:01<00:44, 92.18it/s]
 59%|█████▊    | 5752/9818 [01:01<00:43, 93.46it/s]
 59%|█████▊    | 5762/9818 [01:01<00:43, 92.37it/s]
 59%|█████▉    | 5772/9818 [01:01<00:42, 94.13it/s]
 59%|█████▉    | 5782/9818 [01:01<00:43, 92.87it/s]
 59%|█████▉    | 5792/9818 [01:02<00:43, 93.29it/s]
 59%|█████▉    | 5802/9818 [01:02<00:43, 92.82it/s]
 59%|█████▉    | 5812/9818 [01:02<00:43, 91.97it/s]
 59%|█████▉    | 5822/9818 [01:02<00:43, 92.55it/s]
 59%|█████▉    | 5832/9818 [01:02<00:42, 94.11it/s]
 60%|█████▉    | 5842/9818 [01:02<00:42, 93.34it/s]
 60%|█████▉    | 5852/9818 [01:02<00:42, 93.95it/s]
 60%|█████▉    | 5862/9818 [01:02<00:42, 94.18it/s]
 60%|█████▉    | 5872/9818 [01:02<00:41, 94.84it/s]
 60%|█████▉    | 5882/9818 [01:02<00:42, 93.56it/s]
 60%|██████    | 5892/9818 [01:03<00:41, 94.21it/s]
 60%|██████    | 5902/9818 [01:03<00:42, 93.17it/s]
 60%|██████    | 5912/9818 [01:03<00:41, 93.72it/s]
 60%|██████    | 5922/9818 [01:03<00:40, 95.16it/s]
 60%|██████    | 5932/9818 [01:03<00:42, 91.71it/s]
 61%|██████    | 5942/9818 [01:03<00:42, 91.81it/s]
 61%|██████    | 5952/9818 [01:03<00:41, 92.20it/s]
 61%|██████    | 5962/9818 [01:03<00:41, 92.64it/s]
 61%|██████    | 5972/9818 [01:03<00:40, 94.04it/s]
 61%|██████    | 5982/9818 [01:04<00:40, 95.68it/s]
 61%|██████    | 5992/9818 [01:04<00:40, 94.99it/s]
 61%|██████    | 6003/9818 [01:04<00:39, 96.00it/s]
 61%|██████    | 6013/9818 [01:04<00:39, 96.16it/s]
 61%|██████▏   | 6023/9818 [01:04<00:39, 95.55it/s]
 61%|██████▏   | 6033/9818 [01:04<00:39, 96.14it/s]
 62%|██████▏   | 6044/9818 [01:04<00:38, 97.72it/s]
 62%|██████▏   | 6054/9818 [01:04<00:39, 96.43it/s]
 62%|██████▏   | 6064/9818 [01:04<00:39, 94.48it/s]
 62%|██████▏   | 6074/9818 [01:05<00:39, 93.82it/s]
 62%|██████▏   | 6084/9818 [01:05<00:40, 92.34it/s]
 62%|██████▏   | 6094/9818 [01:05<00:40, 92.09it/s]
 62%|██████▏   | 6104/9818 [01:05<00:40, 91.39it/s]
 62%|██████▏   | 6114/9818 [01:05<00:40, 92.59it/s]
 62%|██████▏   | 6124/9818 [01:05<00:39, 93.98it/s]
 62%|██████▏   | 6134/9818 [01:05<00:38, 94.49it/s]
 63%|██████▎   | 6144/9818 [01:05<00:38, 95.68it/s]
 63%|██████▎   | 6155/9818 [01:05<00:37, 97.45it/s]
 63%|██████▎   | 6165/9818 [01:05<00:38, 94.43it/s]
 63%|██████▎   | 6175/9818 [01:06<00:38, 94.93it/s]
 63%|██████▎   | 6185/9818 [01:06<00:38, 94.51it/s]
 63%|██████▎   | 6195/9818 [01:06<00:39, 92.08it/s]
 63%|██████▎   | 6205/9818 [01:06<00:39, 92.06it/s]
 63%|██████▎   | 6215/9818 [01:06<00:38, 93.06it/s]
 63%|██████▎   | 6225/9818 [01:06<00:38, 94.17it/s]
 64%|██████▎   | 6235/9818 [01:06<00:38, 92.81it/s]
 64%|██████▎   | 6245/9818 [01:06<00:37, 94.18it/s]
 64%|██████▎   | 6255/9818 [01:06<00:37, 95.62it/s]
 64%|██████▍   | 6265/9818 [01:07<00:37, 95.10it/s]
 64%|██████▍   | 6275/9818 [01:07<00:37, 94.01it/s]
 64%|██████▍   | 6285/9818 [01:07<00:38, 92.22it/s]
 64%|██████▍   | 6295/9818 [01:07<00:38, 92.24it/s]
 64%|██████▍   | 6305/9818 [01:07<00:39, 89.87it/s]
 64%|██████▍   | 6315/9818 [01:07<00:38, 90.81it/s]
 64%|██████▍   | 6325/9818 [01:07<00:37, 91.93it/s]
 65%|██████▍   | 6336/9818 [01:07<00:36, 95.26it/s]
 65%|██████▍   | 6346/9818 [01:07<00:36, 94.31it/s]
 65%|██████▍   | 6356/9818 [01:08<00:36, 93.64it/s]
 65%|██████▍   | 6366/9818 [01:08<00:36, 94.13it/s]
 65%|██████▍   | 6376/9818 [01:08<00:36, 93.78it/s]
 65%|██████▌   | 6386/9818 [01:08<00:36, 94.22it/s]
 65%|██████▌   | 6396/9818 [01:08<00:36, 94.12it/s]
 65%|██████▌   | 6406/9818 [01:08<00:35, 95.46it/s]
 65%|██████▌   | 6416/9818 [01:08<00:35, 94.54it/s]
 65%|██████▌   | 6426/9818 [01:08<00:35, 95.15it/s]
 66%|██████▌   | 6436/9818 [01:08<00:36, 93.09it/s]
 66%|██████▌   | 6446/9818 [01:08<00:35, 94.07it/s]
 66%|██████▌   | 6457/9818 [01:09<00:34, 96.56it/s]
 66%|██████▌   | 6467/9818 [01:09<00:34, 97.46it/s]
 66%|██████▌   | 6477/9818 [01:09<00:35, 95.40it/s]
 66%|██████▌   | 6487/9818 [01:09<00:35, 93.75it/s]
 66%|██████▌   | 6497/9818 [01:09<00:35, 94.20it/s]
 66%|██████▋   | 6508/9818 [01:09<00:34, 96.63it/s]
 66%|██████▋   | 6518/9818 [01:09<00:33, 97.40it/s]
 66%|██████▋   | 6528/9818 [01:09<00:33, 96.77it/s]
 67%|██████▋   | 6538/9818 [01:09<00:34, 95.88it/s]
 67%|██████▋   | 6548/9818 [01:10<00:34, 95.02it/s]
 67%|██████▋   | 6558/9818 [01:10<00:35, 91.16it/s]
 67%|██████▋   | 6568/9818 [01:10<00:35, 91.16it/s]
 67%|██████▋   | 6578/9818 [01:10<00:35, 90.65it/s]
 67%|██████▋   | 6588/9818 [01:10<00:35, 91.53it/s]
 67%|██████▋   | 6598/9818 [01:10<00:35, 91.61it/s]
 67%|██████▋   | 6608/9818 [01:10<00:34, 92.19it/s]
 67%|██████▋   | 6618/9818 [01:10<00:34, 93.25it/s]
 68%|██████▊   | 6628/9818 [01:10<00:34, 92.60it/s]
 68%|██████▊   | 6638/9818 [01:11<00:33, 93.57it/s]
 68%|██████▊   | 6648/9818 [01:11<00:33, 94.90it/s]
 68%|██████▊   | 6658/9818 [01:11<00:33, 95.37it/s]
 68%|██████▊   | 6668/9818 [01:11<00:34, 91.85it/s]
 68%|██████▊   | 6678/9818 [01:11<00:34, 91.29it/s]
 68%|██████▊   | 6688/9818 [01:11<00:33, 93.00it/s]
 68%|██████▊   | 6698/9818 [01:11<00:33, 93.72it/s]
 68%|██████▊   | 6708/9818 [01:11<00:32, 94.74it/s]
 68%|██████▊   | 6718/9818 [01:11<00:33, 93.32it/s]
 69%|██████▊   | 6728/9818 [01:11<00:33, 93.30it/s]
 69%|██████▊   | 6738/9818 [01:12<00:32, 94.16it/s]
 69%|██████▊   | 6748/9818 [01:12<00:32, 95.72it/s]
 69%|██████▉   | 6758/9818 [01:12<00:32, 94.10it/s]
 69%|██████▉   | 6768/9818 [01:12<00:33, 91.32it/s]
 69%|██████▉   | 6778/9818 [01:12<00:32, 92.93it/s]
 69%|██████▉   | 6788/9818 [01:12<00:33, 90.48it/s]
 69%|██████▉   | 6798/9818 [01:12<00:33, 88.99it/s]
 69%|██████▉   | 6808/9818 [01:12<00:32, 91.62it/s]
 69%|██████▉   | 6819/9818 [01:12<00:31, 94.48it/s]
 70%|██████▉   | 6829/9818 [01:13<00:31, 95.68it/s]
 70%|██████▉   | 6839/9818 [01:13<00:31, 95.57it/s]
 70%|██████▉   | 6849/9818 [01:13<00:30, 95.90it/s]
 70%|██████▉   | 6859/9818 [01:13<00:31, 94.48it/s]
 70%|██████▉   | 6869/9818 [01:13<00:31, 94.95it/s]
 70%|███████   | 6879/9818 [01:13<00:32, 91.84it/s]
 70%|███████   | 6889/9818 [01:13<00:31, 92.60it/s]
 70%|███████   | 6899/9818 [01:13<00:31, 93.21it/s]
 70%|███████   | 6909/9818 [01:13<00:31, 93.23it/s]
 70%|███████   | 6919/9818 [01:14<00:31, 91.04it/s]
 71%|███████   | 6929/9818 [01:14<00:31, 91.23it/s]
 71%|███████   | 6939/9818 [01:14<00:31, 92.49it/s]
 71%|███████   | 6949/9818 [01:14<00:30, 92.59it/s]
 71%|███████   | 6959/9818 [01:14<00:30, 92.47it/s]
 71%|███████   | 6969/9818 [01:14<00:31, 91.58it/s]
 71%|███████   | 6979/9818 [01:14<00:30, 93.04it/s]
 71%|███████   | 6989/9818 [01:14<00:30, 94.02it/s]
 71%|███████▏  | 6999/9818 [01:14<00:29, 94.91it/s]
 71%|███████▏  | 7009/9818 [01:14<00:29, 95.33it/s]
 71%|███████▏  | 7019/9818 [01:15<00:29, 94.78it/s]
 72%|███████▏  | 7029/9818 [01:15<00:29, 93.52it/s]
 72%|███████▏  | 7039/9818 [01:15<00:29, 94.11it/s]
 72%|███████▏  | 7049/9818 [01:15<00:30, 91.25it/s]
 72%|███████▏  | 7059/9818 [01:15<00:29, 91.98it/s]
 72%|███████▏  | 7069/9818 [01:15<00:30, 90.00it/s]
 72%|███████▏  | 7079/9818 [01:15<00:30, 89.09it/s]
 72%|███████▏  | 7089/9818 [01:15<00:30, 89.90it/s]
 72%|███████▏  | 7099/9818 [01:15<00:30, 89.87it/s]
 72%|███████▏  | 7109/9818 [01:16<00:29, 91.87it/s]
 73%|███████▎  | 7119/9818 [01:16<00:29, 92.46it/s]
 73%|███████▎  | 7129/9818 [01:16<00:28, 93.62it/s]
 73%|███████▎  | 7139/9818 [01:16<00:28, 94.14it/s]
 73%|███████▎  | 7149/9818 [01:16<00:28, 93.23it/s]
 73%|███████▎  | 7159/9818 [01:16<00:28, 93.09it/s]
 73%|███████▎  | 7169/9818 [01:16<00:28, 93.92it/s]
 73%|███████▎  | 7179/9818 [01:16<00:28, 93.79it/s]
 73%|███████▎  | 7190/9818 [01:16<00:27, 96.25it/s]
 73%|███████▎  | 7200/9818 [01:17<00:26, 97.18it/s]
 73%|███████▎  | 7210/9818 [01:17<00:27, 96.59it/s]
 74%|███████▎  | 7220/9818 [01:17<00:26, 97.20it/s]
 74%|███████▎  | 7230/9818 [01:17<00:27, 95.53it/s]
 74%|███████▍  | 7241/9818 [01:17<00:26, 96.64it/s]
 74%|███████▍  | 7251/9818 [01:17<00:27, 94.03it/s]
 74%|███████▍  | 7261/9818 [01:17<00:27, 93.70it/s]
 74%|███████▍  | 7271/9818 [01:17<00:26, 94.56it/s]
 74%|███████▍  | 7281/9818 [01:17<00:27, 93.34it/s]
 74%|███████▍  | 7291/9818 [01:18<00:27, 92.59it/s]
 74%|███████▍  | 7301/9818 [01:18<00:27, 91.93it/s]
 74%|███████▍  | 7311/9818 [01:18<00:26, 93.66it/s]
 75%|███████▍  | 7321/9818 [01:18<00:27, 91.24it/s]
 75%|███████▍  | 7331/9818 [01:18<00:26, 93.46it/s]
 75%|███████▍  | 7341/9818 [01:18<00:26, 94.63it/s]
 75%|███████▍  | 7351/9818 [01:18<00:26, 94.86it/s]
 75%|███████▍  | 7361/9818 [01:18<00:26, 94.46it/s]
 75%|███████▌  | 7371/9818 [01:18<00:25, 95.25it/s]
 75%|███████▌  | 7381/9818 [01:18<00:26, 92.79it/s]
 75%|███████▌  | 7391/9818 [01:19<00:25, 93.39it/s]
 75%|███████▌  | 7401/9818 [01:19<00:25, 94.93it/s]
 75%|███████▌  | 7411/9818 [01:19<00:25, 94.84it/s]
 76%|███████▌  | 7421/9818 [01:19<00:25, 93.58it/s]
 76%|███████▌  | 7431/9818 [01:19<00:25, 92.85it/s]
 76%|███████▌  | 7441/9818 [01:19<00:25, 94.11it/s]
 76%|███████▌  | 7451/9818 [01:19<00:26, 90.29it/s]
 76%|███████▌  | 7461/9818 [01:19<00:26, 90.42it/s]
 76%|███████▌  | 7471/9818 [01:19<00:25, 90.56it/s]
 76%|███████▌  | 7481/9818 [01:20<00:25, 93.00it/s]
 76%|███████▋  | 7491/9818 [01:20<00:25, 92.70it/s]
 76%|███████▋  | 7502/9818 [01:20<00:24, 95.20it/s]
 77%|███████▋  | 7512/9818 [01:20<00:24, 95.18it/s]
 77%|███████▋  | 7522/9818 [01:20<00:24, 94.30it/s]
 77%|███████▋  | 7532/9818 [01:20<00:23, 95.26it/s]
 77%|███████▋  | 7542/9818 [01:20<00:24, 94.38it/s]
 77%|███████▋  | 7552/9818 [01:20<00:23, 94.44it/s]
 77%|███████▋  | 7562/9818 [01:20<00:23, 95.87it/s]
 77%|███████▋  | 7572/9818 [01:21<00:23, 96.03it/s]
 77%|███████▋  | 7582/9818 [01:21<00:23, 94.89it/s]
 77%|███████▋  | 7592/9818 [01:21<00:23, 95.71it/s]
 77%|███████▋  | 7602/9818 [01:21<00:23, 94.74it/s]
 78%|███████▊  | 7612/9818 [01:21<00:23, 94.44it/s]
 78%|███████▊  | 7622/9818 [01:21<00:23, 94.25it/s]
 78%|███████▊  | 7632/9818 [01:21<00:23, 94.15it/s]
 78%|███████▊  | 7642/9818 [01:21<00:23, 92.03it/s]
 78%|███████▊  | 7652/9818 [01:21<00:23, 91.95it/s]
 78%|███████▊  | 7662/9818 [01:21<00:23, 91.10it/s]
 78%|███████▊  | 7672/9818 [01:22<00:23, 90.26it/s]
 78%|███████▊  | 7682/9818 [01:22<00:23, 92.63it/s]
 78%|███████▊  | 7692/9818 [01:22<00:22, 94.31it/s]
 78%|███████▊  | 7702/9818 [01:22<00:22, 94.93it/s]
 79%|███████▊  | 7712/9818 [01:22<00:21, 96.39it/s]
 79%|███████▊  | 7722/9818 [01:22<00:21, 96.25it/s]
 79%|███████▉  | 7732/9818 [01:22<00:22, 94.41it/s]
 79%|███████▉  | 7742/9818 [01:22<00:21, 95.09it/s]
 79%|███████▉  | 7752/9818 [01:22<00:21, 94.29it/s]
 79%|███████▉  | 7763/9818 [01:23<00:21, 96.10it/s]
 79%|███████▉  | 7773/9818 [01:23<00:21, 95.15it/s]
 79%|███████▉  | 7783/9818 [01:23<00:21, 92.80it/s]
 79%|███████▉  | 7793/9818 [01:23<00:21, 94.14it/s]
 79%|███████▉  | 7803/9818 [01:23<00:21, 91.97it/s]
 80%|███████▉  | 7813/9818 [01:23<00:21, 91.73it/s]
 80%|███████▉  | 7823/9818 [01:23<00:21, 92.87it/s]
 80%|███████▉  | 7833/9818 [01:23<00:21, 91.38it/s]
 80%|███████▉  | 7843/9818 [01:23<00:21, 92.51it/s]
 80%|███████▉  | 7853/9818 [01:24<00:20, 93.78it/s]
 80%|████████  | 7863/9818 [01:24<00:20, 94.97it/s]
 80%|████████  | 7873/9818 [01:24<00:20, 94.76it/s]
 80%|████████  | 7883/9818 [01:24<00:20, 95.40it/s]
 80%|████████  | 7893/9818 [01:24<00:19, 96.37it/s]
 80%|████████  | 7903/9818 [01:24<00:20, 93.05it/s]
 81%|████████  | 7913/9818 [01:24<00:20, 92.28it/s]
 81%|████████  | 7923/9818 [01:24<00:20, 94.09it/s]
 81%|████████  | 7933/9818 [01:24<00:20, 93.56it/s]
 81%|████████  | 7943/9818 [01:24<00:20, 93.31it/s]
 81%|████████  | 7953/9818 [01:25<00:19, 94.76it/s]
 81%|████████  | 7963/9818 [01:25<00:19, 95.60it/s]
 81%|████████  | 7973/9818 [01:25<00:19, 94.27it/s]
 81%|████████▏ | 7983/9818 [01:25<00:19, 93.27it/s]
 81%|████████▏ | 7993/9818 [01:25<00:20, 89.48it/s]
 82%|████████▏ | 8004/9818 [01:25<00:19, 92.91it/s]
 82%|████████▏ | 8014/9818 [01:25<00:19, 92.68it/s]
 82%|████████▏ | 8024/9818 [01:25<00:19, 92.40it/s]
 82%|████████▏ | 8034/9818 [01:25<00:19, 89.43it/s]
 82%|████████▏ | 8044/9818 [01:26<00:19, 90.37it/s]
 82%|████████▏ | 8054/9818 [01:26<00:19, 92.36it/s]
 82%|████████▏ | 8064/9818 [01:26<00:19, 91.57it/s]
 82%|████████▏ | 8074/9818 [01:26<00:18, 93.20it/s]
 82%|████████▏ | 8084/9818 [01:26<00:18, 92.89it/s]
 82%|████████▏ | 8094/9818 [01:26<00:18, 91.67it/s]
 83%|████████▎ | 8104/9818 [01:26<00:18, 92.77it/s]
 83%|████████▎ | 8114/9818 [01:26<00:18, 94.39it/s]
 83%|████████▎ | 8124/9818 [01:26<00:18, 91.86it/s]
 83%|████████▎ | 8134/9818 [01:27<00:18, 92.44it/s]
 83%|████████▎ | 8144/9818 [01:27<00:18, 92.31it/s]
 83%|████████▎ | 8154/9818 [01:27<00:17, 92.84it/s]
 83%|████████▎ | 8164/9818 [01:27<00:17, 91.94it/s]
 83%|████████▎ | 8174/9818 [01:27<00:17, 92.45it/s]
 83%|████████▎ | 8184/9818 [01:27<00:17, 92.25it/s]
 83%|████████▎ | 8194/9818 [01:27<00:17, 92.35it/s]
 84%|████████▎ | 8204/9818 [01:27<00:17, 92.99it/s]
 84%|████████▎ | 8214/9818 [01:27<00:17, 91.99it/s]
 84%|████████▍ | 8224/9818 [01:28<00:17, 93.26it/s]
 84%|████████▍ | 8234/9818 [01:28<00:16, 94.75it/s]
 84%|████████▍ | 8244/9818 [01:28<00:16, 94.58it/s]
 84%|████████▍ | 8254/9818 [01:28<00:17, 91.13it/s]
 84%|████████▍ | 8264/9818 [01:28<00:17, 90.35it/s]
 84%|████████▍ | 8274/9818 [01:28<00:17, 90.64it/s]
 84%|████████▍ | 8284/9818 [01:28<00:16, 91.32it/s]
 84%|████████▍ | 8294/9818 [01:28<00:17, 88.92it/s]
 85%|████████▍ | 8304/9818 [01:28<00:16, 90.46it/s]
 85%|████████▍ | 8315/9818 [01:28<00:16, 93.50it/s]
 85%|████████▍ | 8325/9818 [01:29<00:16, 92.28it/s]
 85%|████████▍ | 8335/9818 [01:29<00:15, 94.22it/s]
 85%|████████▍ | 8345/9818 [01:29<00:15, 95.25it/s]
 85%|████████▌ | 8355/9818 [01:29<00:15, 93.83it/s]
 85%|████████▌ | 8365/9818 [01:29<00:15, 93.55it/s]
 85%|████████▌ | 8375/9818 [01:29<00:15, 94.52it/s]
 85%|████████▌ | 8385/9818 [01:29<00:15, 92.39it/s]
 86%|████████▌ | 8395/9818 [01:29<00:15, 92.94it/s]
 86%|████████▌ | 8405/9818 [01:29<00:15, 93.40it/s]
 86%|████████▌ | 8415/9818 [01:30<00:15, 93.04it/s]
 86%|████████▌ | 8425/9818 [01:30<00:14, 92.89it/s]
 86%|████████▌ | 8435/9818 [01:30<00:14, 93.02it/s]
 86%|████████▌ | 8445/9818 [01:30<00:14, 93.99it/s]
 86%|████████▌ | 8455/9818 [01:30<00:14, 95.44it/s]
 86%|████████▌ | 8465/9818 [01:30<00:14, 95.25it/s]
 86%|████████▋ | 8476/9818 [01:30<00:13, 96.93it/s]
 86%|████████▋ | 8486/9818 [01:30<00:14, 95.11it/s]
 87%|████████▋ | 8496/9818 [01:30<00:13, 94.93it/s]
 87%|████████▋ | 8506/9818 [01:31<00:13, 95.17it/s]
 87%|████████▋ | 8516/9818 [01:31<00:13, 94.82it/s]
 87%|████████▋ | 8526/9818 [01:31<00:13, 94.81it/s]
 87%|████████▋ | 8536/9818 [01:31<00:13, 94.52it/s]
 87%|████████▋ | 8546/9818 [01:31<00:13, 94.10it/s]
 87%|████████▋ | 8556/9818 [01:31<00:13, 93.94it/s]
 87%|████████▋ | 8566/9818 [01:31<00:13, 91.57it/s]
 87%|████████▋ | 8576/9818 [01:31<00:13, 92.77it/s]
 87%|████████▋ | 8586/9818 [01:31<00:13, 91.69it/s]
 88%|████████▊ | 8597/9818 [01:31<00:12, 94.40it/s]
 88%|████████▊ | 8607/9818 [01:32<00:12, 93.27it/s]
 88%|████████▊ | 8618/9818 [01:32<00:12, 95.50it/s]
 88%|████████▊ | 8628/9818 [01:32<00:12, 96.30it/s]
 88%|████████▊ | 8638/9818 [01:32<00:12, 94.56it/s]
 88%|████████▊ | 8648/9818 [01:32<00:12, 93.22it/s]
 88%|████████▊ | 8658/9818 [01:32<00:12, 91.84it/s]
 88%|████████▊ | 8668/9818 [01:32<00:12, 93.60it/s]
 88%|████████▊ | 8678/9818 [01:32<00:12, 93.41it/s]
 88%|████████▊ | 8688/9818 [01:32<00:12, 93.90it/s]
 89%|████████▊ | 8698/9818 [01:33<00:11, 94.04it/s]
 89%|████████▊ | 8708/9818 [01:33<00:11, 95.67it/s]
 89%|████████▉ | 8719/9818 [01:33<00:11, 97.11it/s]
 89%|████████▉ | 8729/9818 [01:33<00:11, 97.24it/s]
 89%|████████▉ | 8739/9818 [01:33<00:11, 95.53it/s]
 89%|████████▉ | 8749/9818 [01:33<00:11, 96.11it/s]
 89%|████████▉ | 8759/9818 [01:33<00:11, 95.33it/s]
 89%|████████▉ | 8769/9818 [01:33<00:11, 93.92it/s]
 89%|████████▉ | 8779/9818 [01:33<00:11, 94.38it/s]
 90%|████████▉ | 8789/9818 [01:34<00:10, 95.50it/s]
 90%|████████▉ | 8799/9818 [01:34<00:10, 94.20it/s]
 90%|████████▉ | 8809/9818 [01:34<00:11, 90.12it/s]
 90%|████████▉ | 8819/9818 [01:34<00:10, 91.55it/s]
 90%|████████▉ | 8829/9818 [01:34<00:10, 89.98it/s]
 90%|█████████ | 8839/9818 [01:34<00:10, 91.55it/s]
 90%|█████████ | 8849/9818 [01:34<00:10, 93.07it/s]
 90%|█████████ | 8859/9818 [01:34<00:10, 92.07it/s]
 90%|█████████ | 8869/9818 [01:34<00:10, 93.32it/s]
 90%|█████████ | 8879/9818 [01:35<00:09, 94.04it/s]
 91%|█████████ | 8889/9818 [01:35<00:10, 92.82it/s]
 91%|█████████ | 8899/9818 [01:35<00:09, 91.98it/s]
 91%|█████████ | 8909/9818 [01:35<00:10, 90.24it/s]
 91%|█████████ | 8919/9818 [01:35<00:09, 91.49it/s]
 91%|█████████ | 8929/9818 [01:35<00:09, 92.08it/s]
 91%|█████████ | 8939/9818 [01:35<00:09, 92.56it/s]
 91%|█████████ | 8949/9818 [01:35<00:09, 93.09it/s]
 91%|█████████▏| 8959/9818 [01:35<00:09, 93.17it/s]
 91%|█████████▏| 8969/9818 [01:35<00:09, 92.31it/s]
 91%|█████████▏| 8979/9818 [01:36<00:08, 93.48it/s]
 92%|█████████▏| 8989/9818 [01:36<00:09, 88.06it/s]
 92%|█████████▏| 8999/9818 [01:36<00:09, 90.84it/s]
 92%|█████████▏| 9009/9818 [01:36<00:09, 87.03it/s]
 92%|█████████▏| 9019/9818 [01:36<00:08, 89.58it/s]
 92%|█████████▏| 9029/9818 [01:36<00:08, 90.51it/s]
 92%|█████████▏| 9039/9818 [01:36<00:08, 93.13it/s]
 92%|█████████▏| 9049/9818 [01:36<00:08, 93.17it/s]
 92%|█████████▏| 9059/9818 [01:36<00:08, 93.06it/s]
 92%|█████████▏| 9069/9818 [01:37<00:07, 93.65it/s]
 92%|█████████▏| 9079/9818 [01:37<00:07, 93.99it/s]
 93%|█████████▎| 9089/9818 [01:37<00:07, 94.76it/s]
 93%|█████████▎| 9099/9818 [01:37<00:07, 93.65it/s]
 93%|█████████▎| 9109/9818 [01:37<00:07, 94.91it/s]
 93%|█████████▎| 9119/9818 [01:37<00:07, 96.28it/s]
 93%|█████████▎| 9129/9818 [01:37<00:07, 94.79it/s]
 93%|█████████▎| 9139/9818 [01:37<00:07, 92.48it/s]
 93%|█████████▎| 9149/9818 [01:37<00:07, 94.17it/s]
 93%|█████████▎| 9159/9818 [01:38<00:06, 94.25it/s]
 93%|█████████▎| 9169/9818 [01:38<00:06, 94.77it/s]
 93%|█████████▎| 9179/9818 [01:38<00:06, 95.32it/s]
 94%|█████████▎| 9189/9818 [01:38<00:06, 96.34it/s]
 94%|█████████▎| 9199/9818 [01:38<00:06, 96.06it/s]
 94%|█████████▍| 9210/9818 [01:38<00:06, 97.64it/s]
 94%|█████████▍| 9220/9818 [01:38<00:06, 97.04it/s]
 94%|█████████▍| 9230/9818 [01:38<00:06, 94.63it/s]
 94%|█████████▍| 9241/9818 [01:38<00:05, 96.72it/s]
 94%|█████████▍| 9251/9818 [01:38<00:05, 95.14it/s]
 94%|█████████▍| 9261/9818 [01:39<00:05, 94.63it/s]
 94%|█████████▍| 9271/9818 [01:39<00:05, 93.35it/s]
 95%|█████████▍| 9281/9818 [01:39<00:05, 92.44it/s]
 95%|█████████▍| 9291/9818 [01:39<00:05, 90.80it/s]
 95%|█████████▍| 9301/9818 [01:39<00:05, 92.28it/s]
 95%|█████████▍| 9311/9818 [01:39<00:05, 94.00it/s]
 95%|█████████▍| 9321/9818 [01:39<00:05, 94.57it/s]
 95%|█████████▌| 9331/9818 [01:39<00:05, 95.89it/s]
 95%|█████████▌| 9341/9818 [01:39<00:05, 94.46it/s]
 95%|█████████▌| 9351/9818 [01:40<00:04, 94.44it/s]
 95%|█████████▌| 9361/9818 [01:40<00:04, 94.45it/s]
 95%|█████████▌| 9371/9818 [01:40<00:04, 92.60it/s]
 96%|█████████▌| 9381/9818 [01:40<00:04, 90.63it/s]
 96%|█████████▌| 9392/9818 [01:40<00:04, 92.72it/s]
 96%|█████████▌| 9402/9818 [01:40<00:04, 94.25it/s]
 96%|█████████▌| 9412/9818 [01:40<00:04, 94.02it/s]
 96%|█████████▌| 9422/9818 [01:40<00:04, 92.94it/s]
 96%|█████████▌| 9432/9818 [01:40<00:04, 92.82it/s]
 96%|█████████▌| 9442/9818 [01:41<00:04, 93.72it/s]
 96%|█████████▋| 9452/9818 [01:41<00:03, 93.49it/s]
 96%|█████████▋| 9462/9818 [01:41<00:03, 92.22it/s]
 96%|█████████▋| 9472/9818 [01:41<00:03, 92.66it/s]
 97%|█████████▋| 9482/9818 [01:41<00:03, 93.57it/s]
 97%|█████████▋| 9492/9818 [01:41<00:03, 91.78it/s]
 97%|█████████▋| 9502/9818 [01:41<00:03, 92.20it/s]
 97%|█████████▋| 9512/9818 [01:41<00:03, 93.53it/s]
 97%|█████████▋| 9522/9818 [01:41<00:03, 94.71it/s]
 97%|█████████▋| 9532/9818 [01:41<00:03, 94.88it/s]
 97%|█████████▋| 9542/9818 [01:42<00:02, 94.88it/s]
 97%|█████████▋| 9552/9818 [01:42<00:02, 94.76it/s]
 97%|█████████▋| 9562/9818 [01:42<00:02, 94.18it/s]
 97%|█████████▋| 9572/9818 [01:42<00:02, 95.71it/s]
 98%|█████████▊| 9582/9818 [01:42<00:02, 93.91it/s]
 98%|█████████▊| 9592/9818 [01:42<00:02, 90.31it/s]
 98%|█████████▊| 9602/9818 [01:42<00:02, 90.45it/s]
 98%|█████████▊| 9612/9818 [01:42<00:02, 92.25it/s]
 98%|█████████▊| 9622/9818 [01:42<00:02, 90.69it/s]
 98%|█████████▊| 9633/9818 [01:43<00:01, 93.63it/s]
 98%|█████████▊| 9643/9818 [01:43<00:01, 92.63it/s]
 98%|█████████▊| 9653/9818 [01:43<00:01, 92.15it/s]
 98%|█████████▊| 9663/9818 [01:43<00:01, 92.59it/s]
 99%|█████████▊| 9673/9818 [01:43<00:01, 93.11it/s]
 99%|█████████▊| 9683/9818 [01:43<00:01, 93.83it/s]
 99%|█████████▊| 9693/9818 [01:43<00:01, 92.60it/s]
 99%|█████████▉| 9703/9818 [01:43<00:01, 93.24it/s]
 99%|█████████▉| 9713/9818 [01:43<00:01, 91.79it/s]
 99%|█████████▉| 9723/9818 [01:44<00:01, 92.87it/s]
 99%|█████████▉| 9733/9818 [01:44<00:00, 91.61it/s]
 99%|█████████▉| 9743/9818 [01:44<00:00, 92.04it/s]
 99%|█████████▉| 9753/9818 [01:44<00:00, 93.22it/s]
 99%|█████████▉| 9763/9818 [01:44<00:00, 90.59it/s]
100%|█████████▉| 9773/9818 [01:44<00:00, 90.94it/s]
100%|█████████▉| 9783/9818 [01:44<00:00, 91.52it/s]
100%|█████████▉| 9793/9818 [01:44<00:00, 92.19it/s]
100%|█████████▉| 9803/9818 [01:44<00:00, 92.33it/s]
100%|█████████▉| 9813/9818 [01:45<00:00, 93.39it/s]/home/jy03364/.conda/envs/ciao/lib/python3.12/site-packages/transformers/data/metrics/__init__.py:61: FutureWarning: This metric will be removed from the library soon, metrics should be handled with the 🤗 Evaluate library. You can have a look at this example script for pointers: https://github.com/huggingface/transformers/blob/main/examples/pytorch/text-classification/run_glue.py
  warnings.warn(DEPRECATION_WARNING, FutureWarning)
/home/jy03364/.conda/envs/ciao/lib/python3.12/site-packages/transformers/data/metrics/__init__.py:31: FutureWarning: This metric will be removed from the library soon, metrics should be handled with the 🤗 Evaluate library. You can have a look at this example script for pointers: https://github.com/huggingface/transformers/blob/main/examples/pytorch/text-classification/run_glue.py
  warnings.warn(DEPRECATION_WARNING, FutureWarning)
INFO:src.trainer:{'eval_loss': 1.1807868480682373, 'eval_mnli/acc': 0.3600203717850777}
INFO:__main__:***** Eval results mnli *****
INFO:__main__:  eval_loss = 1.1807868480682373
INFO:__main__:  eval_mnli/acc = 0.3600203717850777

9823it [01:45, 90.36it/s]                          
9833it [01:45, 90.54it/s]
9843it [01:45, 93.18it/s]
9853it [01:45, 93.71it/s]
9863it [01:45, 95.08it/s]
9873it [01:45, 94.01it/s]
9883it [01:45, 94.52it/s]
9894it [01:45, 96.33it/s]
9904it [01:45, 95.52it/s]
9914it [01:46, 93.59it/s]
9924it [01:46, 94.51it/s]
9934it [01:46, 92.96it/s]
9944it [01:46, 93.71it/s]
9954it [01:46, 95.24it/s]
9964it [01:46, 96.41it/s]
9974it [01:46, 95.30it/s]
9984it [01:46, 94.04it/s]
9994it [01:46, 94.39it/s]
10004it [01:47, 95.04it/s]
10014it [01:47, 96.36it/s]
10024it [01:47, 96.17it/s]
10034it [01:47, 96.43it/s]
10044it [01:47, 96.35it/s]
10054it [01:47, 96.12it/s]
10064it [01:47, 95.89it/s]
10075it [01:47, 97.56it/s]
10085it [01:47, 96.61it/s]
10095it [01:48, 95.76it/s]
10105it [01:48, 93.76it/s]
10115it [01:48, 94.25it/s]
10125it [01:48, 93.70it/s]
10135it [01:48, 94.32it/s]
10145it [01:48, 93.85it/s]
10155it [01:48, 92.92it/s]
10165it [01:48, 92.81it/s]
10175it [01:48, 94.67it/s]
10185it [01:48, 95.26it/s]
10195it [01:49, 93.01it/s]
10205it [01:49, 93.20it/s]
10215it [01:49, 94.50it/s]
10226it [01:49, 95.98it/s]
10236it [01:49, 93.52it/s]
10246it [01:49, 93.36it/s]
10256it [01:49, 91.81it/s]
10266it [01:49, 91.50it/s]
10276it [01:49, 93.83it/s]
10286it [01:50, 93.51it/s]
10296it [01:50, 94.51it/s]
10306it [01:50, 95.36it/s]
10316it [01:50, 93.79it/s]
10326it [01:50, 93.03it/s]
10336it [01:50, 93.19it/s]
10346it [01:50, 93.93it/s]
10356it [01:50, 95.36it/s]
10366it [01:50, 93.38it/s]
10376it [01:50, 95.21it/s]
10386it [01:51, 94.94it/s]
10397it [01:51, 96.28it/s]
10407it [01:51, 95.48it/s]
10417it [01:51, 94.60it/s]
10427it [01:51, 95.93it/s]
10437it [01:51, 96.16it/s]
10447it [01:51, 94.76it/s]
10457it [01:51, 94.47it/s]
10467it [01:51, 94.70it/s]
10477it [01:52, 92.99it/s]
10487it [01:52, 92.03it/s]
10497it [01:52, 93.05it/s]
10507it [01:52, 94.56it/s]
10517it [01:52, 93.19it/s]
10527it [01:52, 94.89it/s]
10537it [01:52, 94.06it/s]
10547it [01:52, 94.51it/s]
10558it [01:52, 96.50it/s]
10568it [01:53, 96.04it/s]
10578it [01:53, 93.90it/s]
10588it [01:53, 94.75it/s]
10598it [01:53, 94.71it/s]
10608it [01:53, 95.34it/s]
10618it [01:53, 94.64it/s]
10628it [01:53, 95.64it/s]
10638it [01:53, 94.63it/s]
10648it [01:53, 94.05it/s]
10658it [01:53, 93.93it/s]
10668it [01:54, 93.48it/s]
10678it [01:54, 93.02it/s]
10688it [01:54, 90.99it/s]
10698it [01:54, 92.75it/s]
10708it [01:54, 93.58it/s]
10718it [01:54, 93.18it/s]
10728it [01:54, 94.47it/s]
10738it [01:54, 95.36it/s]
10748it [01:54, 95.45it/s]
10758it [01:55, 95.36it/s]
10768it [01:55, 95.94it/s]
10778it [01:55, 94.79it/s]
10788it [01:55, 95.00it/s]
10798it [01:55, 93.97it/s]
10808it [01:55, 95.20it/s]
10818it [01:55, 95.78it/s]
10828it [01:55, 93.21it/s]
10838it [01:55, 93.74it/s]
10848it [01:56, 93.25it/s]
10858it [01:56, 94.93it/s]
10868it [01:56, 94.67it/s]
10878it [01:56, 94.86it/s]
10888it [01:56, 94.15it/s]
10898it [01:56, 93.07it/s]
10908it [01:56, 93.63it/s]
10918it [01:56, 95.09it/s]
10928it [01:56, 93.21it/s]
10938it [01:56, 93.91it/s]
10948it [01:57, 93.53it/s]
10958it [01:57, 95.09it/s]
10968it [01:57, 94.28it/s]
10978it [01:57, 89.69it/s]
10989it [01:57, 92.83it/s]
10999it [01:57, 92.11it/s]
11010it [01:57, 93.69it/s]
11020it [01:57, 94.01it/s]
11030it [01:57, 92.53it/s]
11040it [01:58, 93.50it/s]
11050it [01:58, 92.76it/s]
11060it [01:58, 93.64it/s]
11070it [01:58, 95.27it/s]
11080it [01:58, 94.89it/s]
11090it [01:58, 94.20it/s]
11100it [01:58, 92.78it/s]
11110it [01:58, 93.63it/s]
11121it [01:58, 95.37it/s]
11131it [01:59, 96.63it/s]
11141it [01:59, 96.24it/s]
11151it [01:59, 93.41it/s]
11161it [01:59, 95.21it/s]
11171it [01:59, 95.75it/s]
11181it [01:59, 95.29it/s]
11191it [01:59, 96.52it/s]
11201it [01:59, 95.86it/s]
11211it [01:59, 92.41it/s]
11221it [01:59, 92.31it/s]
11231it [02:00, 93.81it/s]
11241it [02:00, 93.79it/s]
11251it [02:00, 90.64it/s]
11261it [02:00, 92.35it/s]
11271it [02:00, 93.67it/s]
11281it [02:00, 94.59it/s]
11291it [02:00, 95.98it/s]
11301it [02:00, 96.22it/s]
11311it [02:00, 96.25it/s]
11321it [02:01, 94.53it/s]
11331it [02:01, 95.73it/s]
11341it [02:01, 93.12it/s]
11351it [02:01, 93.63it/s]
11361it [02:01, 94.10it/s]
11371it [02:01, 93.69it/s]
11381it [02:01, 92.89it/s]
11391it [02:01, 94.69it/s]
11401it [02:01, 94.97it/s]
11411it [02:01, 93.30it/s]
11421it [02:02, 94.74it/s]
11431it [02:02, 95.11it/s]
11441it [02:02, 94.53it/s]
11451it [02:02, 93.44it/s]
11461it [02:02, 92.88it/s]
11471it [02:02, 91.71it/s]
11481it [02:02, 93.20it/s]
11491it [02:02, 93.52it/s]
11501it [02:02, 92.82it/s]
11511it [02:03, 89.63it/s]
11521it [02:03, 90.73it/s]
11531it [02:03, 92.64it/s]
11541it [02:03, 91.04it/s]
11551it [02:03, 92.18it/s]
11561it [02:03, 91.00it/s]
11571it [02:03, 92.43it/s]
11581it [02:03, 91.66it/s]
11591it [02:03, 93.71it/s]
11601it [02:04, 91.12it/s]
11611it [02:04, 92.52it/s]
11621it [02:04, 93.04it/s]
11631it [02:04, 92.34it/s]
11641it [02:04, 92.88it/s]
11651it [02:04, 92.07it/s]
11661it [02:04, 92.09it/s]
11671it [02:04, 92.54it/s]
11681it [02:04, 92.81it/s]
11691it [02:05, 91.07it/s]
11701it [02:05, 87.96it/s]
11711it [02:05, 90.81it/s]
11721it [02:05, 92.42it/s]
11731it [02:05, 92.43it/s]
11741it [02:05, 93.75it/s]
11751it [02:05, 93.03it/s]
11761it [02:05, 93.45it/s]
11771it [02:05, 94.72it/s]
11781it [02:05, 94.34it/s]
11791it [02:06, 95.07it/s]
11801it [02:06, 95.34it/s]
11811it [02:06, 94.42it/s]
11821it [02:06, 92.36it/s]
11831it [02:06, 89.03it/s]
11841it [02:06, 89.32it/s]
11851it [02:06, 90.78it/s]
11861it [02:06, 89.64it/s]
11871it [02:06, 92.49it/s]
11881it [02:07, 89.01it/s]
11891it [02:07, 89.82it/s]
11901it [02:07, 91.05it/s]
11911it [02:07, 92.51it/s]
11921it [02:07, 93.76it/s]
11931it [02:07, 92.71it/s]
11941it [02:07, 92.96it/s]
11951it [02:07, 92.96it/s]
11961it [02:07, 93.75it/s]
11971it [02:08, 95.05it/s]
11981it [02:08, 95.17it/s]
11991it [02:08, 95.74it/s]
12001it [02:08, 96.04it/s]
12011it [02:08, 94.11it/s]
12021it [02:08, 94.87it/s]
12031it [02:08, 93.24it/s]
12041it [02:08, 93.39it/s]
12051it [02:08, 93.60it/s]
12061it [02:09, 91.38it/s]
12071it [02:09, 92.19it/s]
12081it [02:09, 94.14it/s]
12091it [02:09, 95.38it/s]
12101it [02:09, 96.03it/s]
12111it [02:09, 96.88it/s]
12121it [02:09, 96.55it/s]
12131it [02:09, 95.78it/s]
12141it [02:09, 94.84it/s]
12151it [02:09, 95.55it/s]
12162it [02:10, 96.71it/s]
12172it [02:10, 93.68it/s]
12182it [02:10, 93.80it/s]
12192it [02:10, 95.41it/s]
12202it [02:10, 95.09it/s]
12212it [02:10, 93.91it/s]
12222it [02:10, 94.84it/s]
12232it [02:10, 95.10it/s]
12242it [02:10, 94.24it/s]
12252it [02:11, 94.27it/s]
12262it [02:11, 95.21it/s]
12272it [02:11, 95.01it/s]INFO:src.trainer:{'eval_loss': 1.179229497909546, 'eval_mnli/acc': 0.3554763117677025}
INFO:__main__:***** Test results mnli *****
INFO:__main__:  eval_loss = 1.179229497909546
INFO:__main__:  eval_mnli/acc = 0.3554763117677025
INFO:__main__:****** Output Dir *******
INFO:__main__:/scratch/jy03364/MeZO_/experiments/speed_bench_h100/zo_method_matrix_smoke4/roberta-large/MNLI/fp16/lozo/run/seed16

12272it [02:11, 93.36it/s]

TASK: MNLI
K: 16
Seed: 16
Data seed: 16
Dataset mode: full
Full dev ratio: 0.1
BS: 32
LR: 1e-6
EPS: 1e-4
Step: 5; Eval step: 5000
Optimizer: sgd
Use trainer optimizer for ZO: False
Efficient zero order: False
Using adaptive h: False
Dataloader shuffle: False
Grid search tag: seed16-bs32-lr1e-6-eps1e-4-wd0-step5-evalstep5000
Tag: k16-roberta-large-mezo-zo-matrix-lozo-fp16-mnli
Result root: /scratch/jy03364/MeZO_/experiments/speed_bench_h100/zo_method_matrix_smoke4/roberta-large/MNLI/fp16/lozo
Job name: run
Output dir: /scratch/jy03364/MeZO_/experiments/speed_bench_h100/zo_method_matrix_smoke4/roberta-large/MNLI/fp16/lozo/run/seed16
Dataset mode: full
Data root: data/k-shot-1k-test
Full dev ratio: 0.1
GPU数量: 1
RobertaConfig {
  "architectures": [
    "RobertaForMaskedLM"
  ],
  "attention_probs_dropout_prob": 0.1,
  "bos_token_id": 0,
  "classifier_dropout": null,
  "dtype": "float32",
  "eos_token_id": 2,
  "finetuning_task": "mnli",
  "hidden_act": "gelu",
  "hidden_dropout_prob": 0.1,
  "hidden_size": 1024,
  "id2label": {
    "0": "LABEL_0",
    "1": "LABEL_1",
    "2": "LABEL_2"
  },
  "initializer_range": 0.02,
  "intermediate_size": 4096,
  "label2id": {
    "LABEL_0": 0,
    "LABEL_1": 1,
    "LABEL_2": 2
  },
  "layer_norm_eps": 1e-05,
  "max_position_embeddings": 514,
  "model_type": "roberta",
  "num_attention_heads": 16,
  "num_hidden_layers": 24,
  "pad_token_id": 1,
  "position_embedding_type": "absolute",
  "transformers_version": "4.56.0",
  "type_vocab_size": 1,
  "use_cache": true,
  "vocab_size": 50265
}


