Traceback (most recent call last):
  File "/scratch/jy03364/MeZO_/medium_models/run.py", line 2648, in <module>
    main()
  File "/scratch/jy03364/MeZO_/medium_models/run.py", line 1712, in main
    raise ValueError("--checkpoint_probe_num_directions must be > 0")
ValueError: --checkpoint_probe_num_directions must be > 0
[lane1] fp32_h1e-4_seed32_bs64_ckpt1k failed with exit_code=1; continuing to next run.
Traceback (most recent call last):
  File "/scratch/jy03364/MeZO_/medium_models/run.py", line 2648, in <module>
    main()
  File "/scratch/jy03364/MeZO_/medium_models/run.py", line 1712, in main
    raise ValueError("--checkpoint_probe_num_directions must be > 0")
ValueError: --checkpoint_probe_num_directions must be > 0
[lane1] fp32_h3e-3_seed64_bs64_ckpt1k failed with exit_code=1; continuing to next run.
Traceback (most recent call last):
  File "/scratch/jy03364/MeZO_/medium_models/run.py", line 2648, in <module>
    main()
  File "/scratch/jy03364/MeZO_/medium_models/run.py", line 1712, in main
    raise ValueError("--checkpoint_probe_num_directions must be > 0")
ValueError: --checkpoint_probe_num_directions must be > 0
[lane1] fp32_h1e-4_seed256_bs64_ckpt1k failed with exit_code=1; continuing to next run.
/scratch/jy03364/MeZO_/scripts/summarize_latest_main_hsweep.py:169: UserWarning: No artists with labels found to put in legend.  Note that artists whose label start with an underscore are ignored when legend() is called with no argument.
  ax.legend()
slurmstepd: error: *** JOB 46453537 ON ra7-2 CANCELLED AT 2026-06-27T17:02:10 ***
