job_id=46474448 lane=1 host=ra7-2 start=2026-06-28T20:36:50-04:00
Sun Jun 28 20:36:50 2026       
+-----------------------------------------------------------------------------------------+
| NVIDIA-SMI 590.48.01              Driver Version: 590.48.01      CUDA Version: 13.1     |
+-----------------------------------------+------------------------+----------------------+
| GPU  Name                 Persistence-M | Bus-Id          Disp.A | Volatile Uncorr. ECC |
| Fan  Temp   Perf          Pwr:Usage/Cap |           Memory-Usage | GPU-Util  Compute M. |
|                                         |                        |               MIG M. |
|=========================================+========================+======================|
|   0  NVIDIA H100 80GB HBM3          On  |   00000000:DB:00.0 Off |                    0 |
| N/A   48C    P0            115W /  700W |       0MiB /  81559MiB |      0%      Default |
|                                         |                        |             Disabled |
+-----------------------------------------+------------------------+----------------------+

+-----------------------------------------------------------------------------------------+
| Processes:                                                                              |
|  GPU   GI   CI              PID   Type   Process name                        GPU Memory |
|        ID   ID                                                               Usage      |
|=========================================================================================|
|  No running processes found                                                             |
+-----------------------------------------------------------------------------------------+
dc419b7f46519c8adf35ffdf64fba6c0013dba2c
[lane 1] running low-bit rerun manifest v10_lowbit_sparse_prefix_multiseed_rerun_20260628/manifests/lowbit_lane1.csv
RobertaConfig {
  "_attn_implementation_autoset": true,
  "architectures": [
    "RobertaForMaskedLM"
  ],
  "attention_probs_dropout_prob": 0.1,
  "bos_token_id": 0,
  "classifier_dropout": null,
  "eos_token_id": 2,
  "finetuning_task": "sst-2",
  "hidden_act": "gelu",
  "hidden_dropout_prob": 0.1,
  "hidden_size": 1024,
  "initializer_range": 0.02,
  "intermediate_size": 4096,
  "layer_norm_eps": 1e-05,
  "max_position_embeddings": 514,
  "model_type": "roberta",
  "num_attention_heads": 16,
  "num_hidden_layers": 24,
  "pad_token_id": 1,
  "position_embedding_type": "absolute",
  "torch_dtype": "float32",
  "transformers_version": "4.51.3",
  "type_vocab_size": 1,
  "use_cache": true,
  "vocab_size": 50265
}

[2026-06-28T20:36:59] starting int4_prefix_quantized_seedfixed_sst2_mezo_default_h1e-3_seed32_full_bs64_step20k
[2026-06-28T20:36:59] prefix mode prefix_params=48 active_params=245760 prefix_quantize=True
[2026-06-28T20:37:01] step=1/20000 loss=0.77832 d_h=0.488281 eval_acc=None active=0.006453450520833333
[2026-06-28T20:37:45] step=100/20000 loss=0.684326 d_h=0.244141 eval_acc=None active=0.006453450520833333
[2026-06-28T20:38:30] step=200/20000 loss=0.777344 d_h=0 eval_acc=None active=0.006205240885416667
[2026-06-28T20:39:14] step=300/20000 loss=0.748779 d_h=0.244141 eval_acc=None active=0.006209309895833333
[2026-06-28T20:39:59] step=400/20000 loss=0.720215 d_h=0 eval_acc=None active=0.00609130859375
[2026-06-28T20:40:44] step=500/20000 loss=0.782227 d_h=-1.46484 eval_acc=None active=0.005423990885416666
[2026-06-28T20:41:28] step=600/20000 loss=0.756104 d_h=0.244141 eval_acc=None active=0.005782063802083333
[2026-06-28T20:42:13] step=700/20000 loss=0.740967 d_h=0.244141 eval_acc=None active=0.0054443359375
[2026-06-28T20:42:57] step=800/20000 loss=0.716797 d_h=0 eval_acc=None active=0.005513509114583333
[2026-06-28T20:43:42] step=900/20000 loss=0.739258 d_h=0 eval_acc=None active=0.00540771484375
[2026-06-28T20:44:32] step=1000/20000 loss=0.737793 d_h=0 eval_acc=0.4378619153674833 active=0.005342610677083333
[2026-06-28T20:45:17] step=1100/20000 loss=0.734863 d_h=0.976562 eval_acc=None active=0.004951985677083334
[2026-06-28T20:46:02] step=1200/20000 loss=0.715088 d_h=-0.244141 eval_acc=None active=0.005224609375
[2026-06-28T20:46:46] step=1300/20000 loss=0.726807 d_h=-0.732422 eval_acc=None active=0.00511474609375
[2026-06-28T20:47:31] step=1400/20000 loss=0.713379 d_h=0 eval_acc=None active=0.005078125
[2026-06-28T20:48:16] step=1500/20000 loss=0.736328 d_h=0.976562 eval_acc=None active=0.004911295572916667
[2026-06-28T20:49:01] step=1600/20000 loss=0.719971 d_h=-0.244141 eval_acc=None active=0.005013020833333334
[2026-06-28T20:49:45] step=1700/20000 loss=0.716064 d_h=0.244141 eval_acc=None active=0.0047607421875
[2026-06-28T20:50:30] step=1800/20000 loss=0.726074 d_h=0 eval_acc=None active=0.0047566731770833336
[2026-06-28T20:51:15] step=1900/20000 loss=0.698242 d_h=0 eval_acc=None active=0.0047119140625
[2026-06-28T20:52:03] step=2000/20000 loss=0.698975 d_h=0.244141 eval_acc=0.4362286562731997 active=0.00457763671875
[2026-06-28T20:52:48] step=2100/20000 loss=0.704102 d_h=-0.488281 eval_acc=None active=0.00513916015625
[2026-06-28T20:53:32] step=2200/20000 loss=0.700439 d_h=-0.244141 eval_acc=None active=0.004707845052083334
[2026-06-28T20:54:17] step=2300/20000 loss=0.696289 d_h=0 eval_acc=None active=0.004671223958333333
[2026-06-28T20:55:02] step=2400/20000 loss=0.695312 d_h=0 eval_acc=None active=0.0045206705729166664
[2026-06-28T20:55:46] step=2500/20000 loss=0.702881 d_h=-0.244141 eval_acc=None active=0.0049479166666666664
[2026-06-28T20:56:31] step=2600/20000 loss=0.695068 d_h=-0.244141 eval_acc=None active=0.0049072265625
[2026-06-28T20:57:16] step=2700/20000 loss=0.688477 d_h=0 eval_acc=None active=0.00472412109375
[2026-06-28T20:58:00] step=2800/20000 loss=0.699951 d_h=0.244141 eval_acc=None active=0.004463704427083334
[2026-06-28T20:58:45] step=2900/20000 loss=0.697754 d_h=-0.488281 eval_acc=None active=0.004569498697916666
[2026-06-28T20:59:34] step=3000/20000 loss=0.707764 d_h=0.244141 eval_acc=0.4764662212323682 active=0.004801432291666667
[2026-06-28T21:00:19] step=3100/20000 loss=0.701904 d_h=0.244141 eval_acc=None active=0.004345703125
[2026-06-28T21:01:04] step=3200/20000 loss=0.69043 d_h=0 eval_acc=None active=0.004777018229166667
[2026-06-28T21:01:49] step=3300/20000 loss=0.689209 d_h=-0.244141 eval_acc=None active=0.004838053385416667
[2026-06-28T21:02:34] step=3400/20000 loss=0.713623 d_h=0.732422 eval_acc=None active=0.004654947916666667
[2026-06-28T21:03:18] step=3500/20000 loss=0.684814 d_h=-0.244141 eval_acc=None active=0.004508463541666666
[2026-06-28T21:04:03] step=3600/20000 loss=0.696533 d_h=0.732422 eval_acc=None active=0.004471842447916667
[2026-06-28T21:04:48] step=3700/20000 loss=0.695312 d_h=-0.488281 eval_acc=None active=0.00467529296875
[2026-06-28T21:05:33] step=3800/20000 loss=0.694092 d_h=-0.244141 eval_acc=None active=0.00438232421875
[2026-06-28T21:06:17] step=3900/20000 loss=0.691406 d_h=0 eval_acc=None active=0.00445556640625
[2026-06-28T21:07:07] step=4000/20000 loss=0.686279 d_h=0.244141 eval_acc=0.51818856718634 active=0.004524739583333334
[2026-06-28T21:07:52] step=4100/20000 loss=0.694824 d_h=0 eval_acc=None active=0.0048095703125
[2026-06-28T21:08:36] step=4200/20000 loss=0.695068 d_h=0.244141 eval_acc=None active=0.0043701171875
[2026-06-28T21:09:21] step=4300/20000 loss=0.681885 d_h=0.244141 eval_acc=None active=0.0042073567708333336
[2026-06-28T21:10:06] step=4400/20000 loss=0.695312 d_h=0 eval_acc=None active=0.004345703125
[2026-06-28T21:10:50] step=4500/20000 loss=0.692383 d_h=0 eval_acc=None active=0.00467529296875
[2026-06-28T21:11:35] step=4600/20000 loss=0.697266 d_h=0 eval_acc=None active=0.004960123697916667
[2026-06-28T21:12:20] step=4700/20000 loss=0.6875 d_h=0 eval_acc=None active=0.004427083333333333
[2026-06-28T21:13:04] step=4800/20000 loss=0.686523 d_h=0 eval_acc=None active=0.00430908203125
[2026-06-28T21:13:49] step=4900/20000 loss=0.691162 d_h=-0.244141 eval_acc=None active=0.00423583984375
[2026-06-28T21:14:38] step=5000/20000 loss=0.693359 d_h=0 eval_acc=0.5465478841870824 active=0.004052734375
[2026-06-28T21:15:24] step=5100/20000 loss=0.685791 d_h=-0.244141 eval_acc=None active=0.0047037760416666664
[2026-06-28T21:16:08] step=5200/20000 loss=0.690674 d_h=-0.244141 eval_acc=None active=0.00438232421875
[2026-06-28T21:16:53] step=5300/20000 loss=0.697998 d_h=0.244141 eval_acc=None active=0.004488118489583333
[2026-06-28T21:17:38] step=5400/20000 loss=0.697754 d_h=0 eval_acc=None active=0.0045166015625
[2026-06-28T21:18:22] step=5500/20000 loss=0.668701 d_h=-0.732422 eval_acc=None active=0.004305013020833333
[2026-06-28T21:19:07] step=5600/20000 loss=0.688232 d_h=-0.244141 eval_acc=None active=0.0045125325520833336
[2026-06-28T21:19:52] step=5700/20000 loss=0.67334 d_h=0 eval_acc=None active=0.0043212890625
[2026-06-28T21:20:37] step=5800/20000 loss=0.667725 d_h=-0.732422 eval_acc=None active=0.004349772135416667
[2026-06-28T21:21:21] step=5900/20000 loss=0.690918 d_h=0 eval_acc=None active=0.004349772135416667
[2026-06-28T21:22:10] step=6000/20000 loss=0.696289 d_h=0 eval_acc=0.5391239792130661 active=0.0043701171875
[2026-06-28T21:22:54] step=6100/20000 loss=0.687256 d_h=-0.244141 eval_acc=None active=0.0042236328125
[2026-06-28T21:23:39] step=6200/20000 loss=0.69458 d_h=0.244141 eval_acc=None active=0.0045817057291666664
[2026-06-28T21:24:24] step=6300/20000 loss=0.689697 d_h=0.244141 eval_acc=None active=0.004475911458333333
[2026-06-28T21:25:08] step=6400/20000 loss=0.70874 d_h=0.244141 eval_acc=None active=0.004463704427083334
[2026-06-28T21:25:53] step=6500/20000 loss=0.693848 d_h=0 eval_acc=None active=0.0042765299479166664
[2026-06-28T21:26:38] step=6600/20000 loss=0.680664 d_h=-0.488281 eval_acc=None active=0.004109700520833333
[2026-06-28T21:27:22] step=6700/20000 loss=0.686768 d_h=0.244141 eval_acc=None active=0.00428466796875
[2026-06-28T21:28:07] step=6800/20000 loss=0.666992 d_h=-0.488281 eval_acc=None active=0.004345703125
[2026-06-28T21:28:52] step=6900/20000 loss=0.694336 d_h=0 eval_acc=None active=0.00419921875
[2026-06-28T21:29:39] step=7000/20000 loss=0.679932 d_h=-0.244141 eval_acc=0.5410541945063103 active=0.0043701171875
[2026-06-28T21:30:23] step=7100/20000 loss=0.676025 d_h=-1.70898 eval_acc=None active=0.00413818359375
[2026-06-28T21:31:08] step=7200/20000 loss=0.705322 d_h=0.244141 eval_acc=None active=0.004317220052083333
[2026-06-28T21:31:53] step=7300/20000 loss=0.685059 d_h=0.488281 eval_acc=None active=0.00399169921875
[2026-06-28T21:32:38] step=7400/20000 loss=0.686279 d_h=0.244141 eval_acc=None active=0.004203287760416666
[2026-06-28T21:33:22] step=7500/20000 loss=0.699463 d_h=0.244141 eval_acc=None active=0.00389404296875
[2026-06-28T21:34:07] step=7600/20000 loss=0.687012 d_h=0 eval_acc=None active=0.0042724609375
[2026-06-28T21:34:52] step=7700/20000 loss=0.689941 d_h=0 eval_acc=None active=0.004130045572916667
[2026-06-28T21:35:36] step=7800/20000 loss=0.693848 d_h=0.488281 eval_acc=None active=0.0043986002604166664
[2026-06-28T21:36:21] step=7900/20000 loss=0.708984 d_h=-0.488281 eval_acc=None active=0.003951009114583333
[2026-06-28T21:37:08] step=8000/20000 loss=0.69873 d_h=0 eval_acc=0.5082405345211581 active=0.00399169921875
[2026-06-28T21:37:53] step=8100/20000 loss=0.694336 d_h=-0.488281 eval_acc=None active=0.004300944010416667
[2026-06-28T21:38:38] step=8200/20000 loss=0.715088 d_h=0.732422 eval_acc=None active=0.0038614908854166666
[2026-06-28T21:39:22] step=8300/20000 loss=0.692139 d_h=0.244141 eval_acc=None active=0.003987630208333333
[2026-06-28T21:40:07] step=8400/20000 loss=0.696777 d_h=0 eval_acc=None active=0.004256184895833333
[2026-06-28T21:40:52] step=8500/20000 loss=0.699219 d_h=0 eval_acc=None active=0.004150390625
[2026-06-28T21:41:36] step=8600/20000 loss=0.699951 d_h=0.244141 eval_acc=None active=0.00418701171875
[2026-06-28T21:42:21] step=8700/20000 loss=0.686768 d_h=-0.244141 eval_acc=None active=0.004353841145833333
[2026-06-28T21:43:06] step=8800/20000 loss=0.694092 d_h=0.244141 eval_acc=None active=0.0038859049479166665
[2026-06-28T21:43:50] step=8900/20000 loss=0.687988 d_h=0 eval_acc=None active=0.0043701171875
[2026-06-28T21:44:37] step=9000/20000 loss=0.691406 d_h=0 eval_acc=0.5373422420193021 active=0.0042073567708333336
[2026-06-28T21:45:22] step=9100/20000 loss=0.682373 d_h=-0.244141 eval_acc=None active=0.004414876302083333
[2026-06-28T21:46:07] step=9200/20000 loss=0.685791 d_h=-0.244141 eval_acc=None active=0.004313151041666667
[2026-06-28T21:46:51] step=9300/20000 loss=0.674561 d_h=-0.244141 eval_acc=None active=0.00439453125
[2026-06-28T21:47:36] step=9400/20000 loss=0.699951 d_h=-0.244141 eval_acc=None active=0.004239908854166667
[2026-06-28T21:48:21] step=9500/20000 loss=0.690674 d_h=0.244141 eval_acc=None active=0.003959147135416666
[2026-06-28T21:49:05] step=9600/20000 loss=0.684814 d_h=-0.244141 eval_acc=None active=0.0040283203125
[2026-06-28T21:49:50] step=9700/20000 loss=0.692383 d_h=-0.488281 eval_acc=None active=0.00423583984375
[2026-06-28T21:50:35] step=9800/20000 loss=0.680908 d_h=0.244141 eval_acc=None active=0.004121907552083333
[2026-06-28T21:51:19] step=9900/20000 loss=0.697754 d_h=0 eval_acc=None active=0.0040771484375
[2026-06-28T21:52:09] step=10000/20000 loss=0.706055 d_h=0.976562 eval_acc=0.5518930957683742 active=0.00389404296875
[2026-06-28T21:52:54] step=10100/20000 loss=0.684082 d_h=0 eval_acc=None active=0.004052734375
[2026-06-28T21:53:39] step=10200/20000 loss=0.689453 d_h=0 eval_acc=None active=0.00404052734375
[2026-06-28T21:54:23] step=10300/20000 loss=0.642334 d_h=0.732422 eval_acc=None active=0.0038899739583333334
[2026-06-28T21:55:08] step=10400/20000 loss=0.714355 d_h=0.488281 eval_acc=None active=0.004109700520833333
[2026-06-28T21:55:53] step=10500/20000 loss=0.68457 d_h=0 eval_acc=None active=0.00411376953125
[2026-06-28T21:56:37] step=10600/20000 loss=0.699463 d_h=0.244141 eval_acc=None active=0.003759765625
[2026-06-28T21:57:22] step=10700/20000 loss=0.676514 d_h=0.244141 eval_acc=None active=0.00404052734375
[2026-06-28T21:58:07] step=10800/20000 loss=0.689697 d_h=-0.244141 eval_acc=None active=0.00380859375
[2026-06-28T21:58:51] step=10900/20000 loss=0.675049 d_h=-0.244141 eval_acc=None active=0.004036458333333334
[2026-06-28T21:59:41] step=11000/20000 loss=0.673828 d_h=0 eval_acc=0.5541202672605791 active=0.004097493489583334
[2026-06-28T22:00:26] step=11100/20000 loss=0.668701 d_h=0.244141 eval_acc=None active=0.00389404296875
[2026-06-28T22:01:11] step=11200/20000 loss=0.690918 d_h=0 eval_acc=None active=0.003597005208333333
[2026-06-28T22:01:55] step=11300/20000 loss=0.692627 d_h=-0.244141 eval_acc=None active=0.0042073567708333336
[2026-06-28T22:02:40] step=11400/20000 loss=0.703613 d_h=0.488281 eval_acc=None active=0.00400390625
[2026-06-28T22:03:24] step=11500/20000 loss=0.685791 d_h=0.244141 eval_acc=None active=0.0037638346354166665
[2026-06-28T22:04:09] step=11600/20000 loss=0.687988 d_h=0 eval_acc=None active=0.004313151041666667
[2026-06-28T22:04:54] step=11700/20000 loss=0.666016 d_h=0 eval_acc=None active=0.003983561197916667
[2026-06-28T22:05:39] step=11800/20000 loss=0.696045 d_h=0.244141 eval_acc=None active=0.003975423177083334
[2026-06-28T22:06:23] step=11900/20000 loss=0.6875 d_h=0 eval_acc=None active=0.0037353515625
[2026-06-28T22:07:11] step=12000/20000 loss=0.695312 d_h=0 eval_acc=0.5566443949517447 active=0.0040771484375
[2026-06-28T22:07:56] step=12100/20000 loss=0.68457 d_h=0 eval_acc=None active=0.0036865234375
[2026-06-28T22:08:41] step=12200/20000 loss=0.68457 d_h=0 eval_acc=None active=0.00391845703125
[2026-06-28T22:09:25] step=12300/20000 loss=0.682861 d_h=0.244141 eval_acc=None active=0.004182942708333333
[2026-06-28T22:10:10] step=12400/20000 loss=0.677734 d_h=0 eval_acc=None active=0.0038126627604166668
[2026-06-28T22:10:55] step=12500/20000 loss=0.689209 d_h=-0.244141 eval_acc=None active=0.003999837239583333
[2026-06-28T22:11:39] step=12600/20000 loss=0.706787 d_h=-0.244141 eval_acc=None active=0.0036865234375
[2026-06-28T22:12:24] step=12700/20000 loss=0.709229 d_h=-0.244141 eval_acc=None active=0.0037760416666666667
[2026-06-28T22:13:09] step=12800/20000 loss=0.69043 d_h=0 eval_acc=None active=0.0041015625
[2026-06-28T22:13:53] step=12900/20000 loss=0.69751 d_h=-0.244141 eval_acc=None active=0.003914388020833334
[2026-06-28T22:14:40] step=13000/20000 loss=0.668945 d_h=0.488281 eval_acc=0.5544172234595397 active=0.00390625
[2026-06-28T22:15:25] step=13100/20000 loss=0.66333 d_h=0.244141 eval_acc=None active=0.0038614908854166666
[2026-06-28T22:16:09] step=13200/20000 loss=0.689941 d_h=0 eval_acc=None active=0.0038167317708333332
[2026-06-28T22:16:54] step=13300/20000 loss=0.677246 d_h=0 eval_acc=None active=0.0038614908854166666
[2026-06-28T22:17:39] step=13400/20000 loss=0.682129 d_h=0.488281 eval_acc=None active=0.00396728515625
[2026-06-28T22:18:23] step=13500/20000 loss=0.658936 d_h=0.732422 eval_acc=None active=0.003849283854166667
[2026-06-28T22:19:08] step=13600/20000 loss=0.685547 d_h=0 eval_acc=None active=0.0036702473958333333
[2026-06-28T22:19:53] step=13700/20000 loss=0.685791 d_h=0.244141 eval_acc=None active=0.0035481770833333333
[2026-06-28T22:20:37] step=13800/20000 loss=0.680176 d_h=0.488281 eval_acc=None active=0.0037109375
[2026-06-28T22:21:22] step=13900/20000 loss=0.69043 d_h=-0.488281 eval_acc=None active=0.0036946614583333332
[2026-06-28T22:22:10] step=14000/20000 loss=0.689697 d_h=-0.244141 eval_acc=0.5560504825538233 active=0.00382080078125
[2026-06-28T22:22:55] step=14100/20000 loss=0.687256 d_h=-0.244141 eval_acc=None active=0.0035196940104166665
[2026-06-28T22:23:40] step=14200/20000 loss=0.676025 d_h=0.244141 eval_acc=None active=0.0035237630208333334
[2026-06-28T22:24:24] step=14300/20000 loss=0.694824 d_h=0 eval_acc=None active=0.004109700520833333
[2026-06-28T22:25:09] step=14400/20000 loss=0.685547 d_h=0 eval_acc=None active=0.0035196940104166665
[2026-06-28T22:25:53] step=14500/20000 loss=0.657715 d_h=0 eval_acc=None active=0.0037353515625
[2026-06-28T22:26:38] step=14600/20000 loss=0.681396 d_h=-0.244141 eval_acc=None active=0.0037923177083333333
[2026-06-28T22:27:23] step=14700/20000 loss=0.677246 d_h=-0.488281 eval_acc=None active=0.0035685221354166668
[2026-06-28T22:28:07] step=14800/20000 loss=0.686035 d_h=0 eval_acc=None active=0.003841145833333333
[2026-06-28T22:28:52] step=14900/20000 loss=0.688965 d_h=0 eval_acc=None active=0.003934733072916667
[2026-06-28T22:29:38] step=15000/20000 loss=0.672363 d_h=0 eval_acc=0.5564959168522643 active=0.0035603841145833335
[2026-06-28T22:30:23] step=15100/20000 loss=0.727539 d_h=0 eval_acc=None active=0.00379638671875
[2026-06-28T22:31:08] step=15200/20000 loss=0.68457 d_h=0 eval_acc=None active=0.00355224609375
[2026-06-28T22:31:53] step=15300/20000 loss=0.699219 d_h=0 eval_acc=None active=0.0035603841145833335
[2026-06-28T22:32:37] step=15400/20000 loss=0.706055 d_h=-0.488281 eval_acc=None active=0.0035563151041666666
[2026-06-28T22:33:22] step=15500/20000 loss=0.689453 d_h=0 eval_acc=None active=0.00384521484375
[2026-06-28T22:34:07] step=15600/20000 loss=0.689453 d_h=0.488281 eval_acc=None active=0.0035725911458333332
[2026-06-28T22:34:51] step=15700/20000 loss=0.674072 d_h=-0.244141 eval_acc=None active=0.00384521484375
[2026-06-28T22:35:36] step=15800/20000 loss=0.6604 d_h=-0.244141 eval_acc=None active=0.0036417643229166665
[2026-06-28T22:36:21] step=15900/20000 loss=0.705078 d_h=0 eval_acc=None active=0.0036458333333333334
[2026-06-28T22:37:09] step=16000/20000 loss=0.645508 d_h=0 eval_acc=0.5569413511507053 active=0.0038045247395833335
[2026-06-28T22:37:54] step=16100/20000 loss=0.680664 d_h=0 eval_acc=None active=0.0035725911458333332
[2026-06-28T22:38:38] step=16200/20000 loss=0.671631 d_h=-0.244141 eval_acc=None active=0.003605143229166667
[2026-06-28T22:39:23] step=16300/20000 loss=0.707031 d_h=-0.488281 eval_acc=None active=0.003564453125
[2026-06-28T22:40:08] step=16400/20000 loss=0.691406 d_h=0 eval_acc=None active=0.00362548828125
[2026-06-28T22:40:52] step=16500/20000 loss=0.693359 d_h=0 eval_acc=None active=0.0035481770833333333
[2026-06-28T22:41:37] step=16600/20000 loss=0.701416 d_h=0.244141 eval_acc=None active=0.003605143229166667
[2026-06-28T22:42:22] step=16700/20000 loss=0.671631 d_h=-0.244141 eval_acc=None active=0.0038818359375
[2026-06-28T22:43:06] step=16800/20000 loss=0.666504 d_h=0 eval_acc=None active=0.0036458333333333334
[2026-06-28T22:43:51] step=16900/20000 loss=0.70459 d_h=0 eval_acc=None active=0.003605143229166667
[2026-06-28T22:44:39] step=17000/20000 loss=0.704346 d_h=-0.732422 eval_acc=0.5575352635486266 active=0.0036905924479166668
[2026-06-28T22:45:24] step=17100/20000 loss=0.661621 d_h=0 eval_acc=None active=0.0038167317708333332
[2026-06-28T22:46:09] step=17200/20000 loss=0.67749 d_h=0.244141 eval_acc=None active=0.0036783854166666666
[2026-06-28T22:46:53] step=17300/20000 loss=0.665771 d_h=0.244141 eval_acc=None active=0.0037679036458333334
[2026-06-28T22:47:38] step=17400/20000 loss=0.697266 d_h=-0.488281 eval_acc=None active=0.003352864583333333
[2026-06-28T22:48:23] step=17500/20000 loss=0.70752 d_h=0 eval_acc=None active=0.0035685221354166668
[2026-06-28T22:49:07] step=17600/20000 loss=0.689209 d_h=-0.244141 eval_acc=None active=0.0036376953125
[2026-06-28T22:49:52] step=17700/20000 loss=0.687256 d_h=-0.244141 eval_acc=None active=0.0036702473958333333
[2026-06-28T22:50:37] step=17800/20000 loss=0.714844 d_h=0 eval_acc=None active=0.0034098307291666667
[2026-06-28T22:51:21] step=17900/20000 loss=0.688232 d_h=-0.732422 eval_acc=None active=0.0037312825520833333
[2026-06-28T22:52:08] step=18000/20000 loss=0.675049 d_h=0.244141 eval_acc=0.5526354862657757 active=0.0037556966145833332
[2026-06-28T22:52:53] step=18100/20000 loss=0.674072 d_h=0.732422 eval_acc=None active=0.0036376953125
[2026-06-28T22:53:37] step=18200/20000 loss=0.679443 d_h=0.732422 eval_acc=None active=0.0037679036458333334
[2026-06-28T22:54:22] step=18300/20000 loss=0.732178 d_h=1.2207 eval_acc=None active=0.00350341796875
[2026-06-28T22:55:07] step=18400/20000 loss=0.708496 d_h=-0.976562 eval_acc=None active=0.0035603841145833335
[2026-06-28T22:55:51] step=18500/20000 loss=0.699951 d_h=-0.244141 eval_acc=None active=0.00355224609375
[2026-06-28T22:56:36] step=18600/20000 loss=0.694336 d_h=0.488281 eval_acc=None active=0.0037109375
[2026-06-28T22:57:20] step=18700/20000 loss=0.696289 d_h=0 eval_acc=None active=0.0034627278645833334
[2026-06-28T22:58:05] step=18800/20000 loss=0.664307 d_h=0.732422 eval_acc=None active=0.0037027994791666665
[2026-06-28T22:58:50] step=18900/20000 loss=0.663574 d_h=0 eval_acc=None active=0.00343017578125
[2026-06-28T22:59:37] step=19000/20000 loss=0.664795 d_h=-0.244141 eval_acc=0.5557535263548626 active=0.00352783203125
[2026-06-28T23:00:21] step=19100/20000 loss=0.689697 d_h=-0.244141 eval_acc=None active=0.0034708658854166667
[2026-06-28T23:01:06] step=19200/20000 loss=0.682373 d_h=-0.244141 eval_acc=None active=0.0037353515625
[2026-06-28T23:01:51] step=19300/20000 loss=0.663818 d_h=-0.244141 eval_acc=None active=0.0036865234375
[2026-06-28T23:02:35] step=19400/20000 loss=0.69458 d_h=-0.244141 eval_acc=None active=0.0034871419270833333
[2026-06-28T23:03:20] step=19500/20000 loss=0.68457 d_h=0.488281 eval_acc=None active=0.00340576171875
[2026-06-28T23:04:05] step=19600/20000 loss=0.722412 d_h=-0.244141 eval_acc=None active=0.003238932291666667
[2026-06-28T23:04:50] step=19700/20000 loss=0.671631 d_h=0.244141 eval_acc=None active=0.00335693359375
[2026-06-28T23:05:34] step=19800/20000 loss=0.712158 d_h=0.732422 eval_acc=None active=0.003605143229166667
[2026-06-28T23:06:19] step=19900/20000 loss=0.652588 d_h=0.244141 eval_acc=None active=0.0034464518229166668
[2026-06-28T23:07:05] step=20000/20000 loss=0.706299 d_h=-0.244141 eval_acc=0.5557535263548626 active=0.0034871419270833333
[2026-06-28T23:07:06] finished int4_prefix_quantized_seedfixed_sst2_mezo_default_h1e-3_seed32_full_bs64_step20k status=complete steps=20000
RobertaConfig {
  "_attn_implementation_autoset": true,
  "architectures": [
    "RobertaForMaskedLM"
  ],
  "attention_probs_dropout_prob": 0.1,
  "bos_token_id": 0,
  "classifier_dropout": null,
  "eos_token_id": 2,
  "finetuning_task": "sst-5",
  "hidden_act": "gelu",
  "hidden_dropout_prob": 0.1,
  "hidden_size": 1024,
  "id2label": {
    "0": "LABEL_0",
    "1": "LABEL_1",
    "2": "LABEL_2",
    "3": "LABEL_3",
    "4": "LABEL_4"
  },
  "initializer_range": 0.02,
  "intermediate_size": 4096,
  "label2id": {
    "LABEL_0": 0,
    "LABEL_1": 1,
    "LABEL_2": 2,
    "LABEL_3": 3,
    "LABEL_4": 4
  },
  "layer_norm_eps": 1e-05,
  "max_position_embeddings": 514,
  "model_type": "roberta",
  "num_attention_heads": 16,
  "num_hidden_layers": 24,
  "pad_token_id": 1,
  "position_embedding_type": "absolute",
  "torch_dtype": "float32",
  "transformers_version": "4.51.3",
  "type_vocab_size": 1,
  "use_cache": true,
  "vocab_size": 50265
}

[2026-06-28T23:07:07] starting int4_sparsep0p1_taskgrad_seedfixed_sst5_mezo_default_h1e-3_seed32_full_bs64_step20k
[2026-06-28T23:07:10] sparse mask strategy=task_grad_static p=0.1 source=static_task_gradient_square_before_zo_training hash=8f7cbd903ce4 selection=global_topk_grad_square_linear_weight active_all=0.0871902 active_quantized_linear=0.100033
[2026-06-28T23:07:15] step=1/20000 loss=1.75391 d_h=-8.78906 eval_acc=None active=0.011875804919469804
[2026-06-28T23:07:53] step=100/20000 loss=1.67676 d_h=-8.78906 eval_acc=None active=0.011875804919469804
[2026-06-28T23:08:32] step=200/20000 loss=1.60596 d_h=57.1289 eval_acc=None active=0.011869535997393658
[2026-06-28T23:09:11] step=300/20000 loss=1.59375 d_h=-8.78906 eval_acc=None active=0.011867601040736687
[2026-06-28T23:09:49] step=400/20000 loss=1.62744 d_h=7.32422 eval_acc=None active=0.011867648852165711
[2026-06-28T23:10:28] step=500/20000 loss=1.6333 d_h=-1.46484 eval_acc=None active=0.011870579411521183
[2026-06-28T23:11:07] step=600/20000 loss=1.60742 d_h=-6.83594 eval_acc=None active=0.011872126251871958
[2026-06-28T23:11:45] step=700/20000 loss=1.6665 d_h=-36.6211 eval_acc=None active=0.011869772242101777
[2026-06-28T23:12:24] step=800/20000 loss=1.71094 d_h=-97.6562 eval_acc=None active=0.011875008999798405
[2026-06-28T23:13:02] step=900/20000 loss=1.63086 d_h=-8.78906 eval_acc=None active=0.011876941144018374
[2026-06-28T23:13:52] step=1000/20000 loss=1.62939 d_h=-13.1836 eval_acc=0.3149882903981265 active=0.011869623182940702
[2026-06-28T23:14:31] step=1100/20000 loss=1.59082 d_h=-7.8125 eval_acc=None active=0.01186507265987242
[2026-06-28T23:15:10] step=1200/20000 loss=1.59082 d_h=11.7188 eval_acc=None active=0.011867918846117848
[2026-06-28T23:15:48] step=1300/20000 loss=1.61035 d_h=-15.625 eval_acc=None active=0.011865148595671457
[2026-06-28T23:16:27] step=1400/20000 loss=1.5415 d_h=-7.32422 eval_acc=None active=0.011870244731518015
[2026-06-28T23:17:06] step=1500/20000 loss=1.55859 d_h=-2.92969 eval_acc=None active=0.011870371291183077
[2026-06-28T23:17:44] step=1600/20000 loss=1.6333 d_h=13.1836 eval_acc=None active=0.01186852070763615
[2026-06-28T23:18:23] step=1700/20000 loss=1.59521 d_h=5.37109 eval_acc=None active=0.011867449169138612
[2026-06-28T23:19:02] step=1800/20000 loss=1.60254 d_h=-6.83594 eval_acc=None active=0.011864512984909138
[2026-06-28T23:19:40] step=1900/20000 loss=1.63916 d_h=-33.6914 eval_acc=None active=0.011856685972734211
[2026-06-28T23:20:25] step=2000/20000 loss=1.65088 d_h=4.39453 eval_acc=0.3044496487119438 active=0.011863790188599775
[2026-06-28T23:21:04] step=2100/20000 loss=1.5 d_h=14.6484 eval_acc=None active=0.011875138371900469
[2026-06-28T23:21:42] step=2200/20000 loss=1.64746 d_h=-28.3203 eval_acc=None active=0.011862099913961928
[2026-06-28T23:22:21] step=2300/20000 loss=1.53223 d_h=2.92969 eval_acc=None active=0.011858294686699017
[2026-06-28T23:23:00] step=2400/20000 loss=1.58545 d_h=-12.207 eval_acc=None active=0.011858187814092964
[2026-06-28T23:23:38] step=2500/20000 loss=1.5835 d_h=35.6445 eval_acc=None active=0.01186485328978631
[2026-06-28T23:24:17] step=2600/20000 loss=1.60205 d_h=-8.30078 eval_acc=None active=0.011853159176734442
[2026-06-28T23:24:56] step=2700/20000 loss=1.54248 d_h=0.488281 eval_acc=None active=0.011868056655530916
[2026-06-28T23:25:34] step=2800/20000 loss=1.60938 d_h=-21.4844 eval_acc=None active=0.011857546578456642
[2026-06-28T23:26:13] step=2900/20000 loss=1.57812 d_h=35.1562 eval_acc=None active=0.011863275512628517
[2026-06-28T23:26:57] step=3000/20000 loss=1.56396 d_h=1.46484 eval_acc=0.29156908665105385 active=0.01186415861784696
[2026-06-28T23:27:36] step=3100/20000 loss=1.54883 d_h=10.7422 eval_acc=None active=0.011869769429664775
[2026-06-28T23:28:14] step=3200/20000 loss=1.56641 d_h=-14.6484 eval_acc=None active=0.01186716792543847
[2026-06-28T23:28:53] step=3300/20000 loss=1.49805 d_h=28.3203 eval_acc=None active=0.011868171965447974
[2026-06-28T23:29:32] step=3400/20000 loss=1.5249 d_h=10.2539 eval_acc=None active=0.011861635861856694
[2026-06-28T23:30:10] step=3500/20000 loss=1.66162 d_h=23.9258 eval_acc=None active=0.011858508431911125
[2026-06-28T23:30:49] step=3600/20000 loss=1.58643 d_h=-38.5742 eval_acc=None active=0.011859706530073726
[2026-06-28T23:31:27] step=3700/20000 loss=1.5542 d_h=7.32422 eval_acc=None active=0.011862842397330299
[2026-06-28T23:32:06] step=3800/20000 loss=1.56299 d_h=-23.9258 eval_acc=None active=0.011865497337859632
[2026-06-28T23:32:44] step=3900/20000 loss=1.60303 d_h=12.207 eval_acc=None active=0.011867361983591567
[2026-06-28T23:33:25] step=4000/20000 loss=1.54248 d_h=-23.9258 eval_acc=0.2728337236533958 active=0.011863151765400455
[2026-06-28T23:34:04] step=4100/20000 loss=1.56348 d_h=-4.88281 eval_acc=None active=0.011872036253887913
[2026-06-28T23:34:43] step=4200/20000 loss=1.5957 d_h=14.6484 eval_acc=None active=0.011861680860848716
[2026-06-28T23:35:21] step=4300/20000 loss=1.65527 d_h=33.2031 eval_acc=None active=0.011864290802386027
[2026-06-28T23:36:00] step=4400/20000 loss=1.56543 d_h=48.8281 eval_acc=None active=0.01186923787907151
[2026-06-28T23:36:38] step=4500/20000 loss=1.56885 d_h=-11.2305 eval_acc=None active=0.011860333703525041
[2026-06-28T23:37:17] step=4600/20000 loss=1.61865 d_h=-27.832 eval_acc=None active=0.011869645682436713
[2026-06-28T23:37:56] step=4700/20000 loss=1.61426 d_h=23.4375 eval_acc=None active=0.011860783693445266
[2026-06-28T23:38:34] step=4800/20000 loss=1.56934 d_h=-40.0391 eval_acc=None active=0.01185971215494773
[2026-06-28T23:39:13] step=4900/20000 loss=1.5874 d_h=16.1133 eval_acc=None active=0.011863441446411601
[2026-06-28T23:39:54] step=5000/20000 loss=1.59912 d_h=-1.46484 eval_acc=0.27400468384074944 active=0.011859557470912652
[2026-06-28T23:40:33] step=5100/20000 loss=1.64404 d_h=14.1602 eval_acc=None active=0.011868357586290066
[2026-06-28T23:41:11] step=5200/20000 loss=1.57129 d_h=25.3906 eval_acc=None active=0.01187270842633125
[2026-06-28T23:41:50] step=5300/20000 loss=1.56836 d_h=-28.3203 eval_acc=None active=0.011867811973511793
[2026-06-28T23:42:28] step=5400/20000 loss=1.57568 d_h=-5.37109 eval_acc=None active=0.011868655704612216
[2026-06-28T23:43:07] step=5500/20000 loss=1.61328 d_h=-7.8125 eval_acc=None active=0.011858047192242894
[2026-06-28T23:43:46] step=5600/20000 loss=1.60742 d_h=7.8125 eval_acc=None active=0.011862555528756156
[2026-06-28T23:44:24] step=5700/20000 loss=1.60156 d_h=-8.78906 eval_acc=None active=0.011858575930399158
[2026-06-28T23:45:03] step=5800/20000 loss=1.521 d_h=11.2305 eval_acc=None active=0.011863514569773637
[2026-06-28T23:45:41] step=5900/20000 loss=1.56006 d_h=7.32422 eval_acc=None active=0.011869139443776459
[2026-06-28T23:46:22] step=6000/20000 loss=1.64062 d_h=-6.83594 eval_acc=0.2716627634660422 active=0.011871057525811421
[2026-06-28T23:47:01] step=6100/20000 loss=1.54639 d_h=5.37109 eval_acc=None active=0.011855614434236673
[2026-06-28T23:47:40] step=6200/20000 loss=1.62695 d_h=33.2031 eval_acc=None active=0.011871302207830545
[2026-06-28T23:48:18] step=6300/20000 loss=1.60352 d_h=-13.6719 eval_acc=None active=0.011862991456491374
[2026-06-28T23:48:57] step=6400/20000 loss=1.59229 d_h=3.41797 eval_acc=None active=0.011872697176583244
[2026-06-28T23:49:36] step=6500/20000 loss=1.62646 d_h=3.41797 eval_acc=None active=0.011865809518366788
[2026-06-28T23:50:14] step=6600/20000 loss=1.61182 d_h=-29.7852 eval_acc=None active=0.011863961747256862
[2026-06-28T23:50:53] step=6700/20000 loss=1.59717 d_h=2.44141 eval_acc=None active=0.011870486601100136
[2026-06-28T23:51:32] step=6800/20000 loss=1.5415 d_h=-2.44141 eval_acc=None active=0.011862412094469085
[2026-06-28T23:52:10] step=6900/20000 loss=1.53223 d_h=18.5547 eval_acc=None active=0.01187410620752095
[2026-06-28T23:52:55] step=7000/20000 loss=1.56445 d_h=44.9219 eval_acc=0.2939110070257611 active=0.011874319952733059
[2026-06-28T23:53:33] step=7100/20000 loss=1.50586 d_h=-3.90625 eval_acc=None active=0.011861644299167699
[2026-06-28T23:54:12] step=7200/20000 loss=1.58496 d_h=18.5547 eval_acc=None active=0.011868430709652104
[2026-06-28T23:54:51] step=7300/20000 loss=1.55615 d_h=-9.27734 eval_acc=None active=0.011866630749971201
[2026-06-28T23:55:29] step=7400/20000 loss=1.52295 d_h=-30.7617 eval_acc=None active=0.01185820187627797
[2026-06-28T23:56:08] step=7500/20000 loss=1.51123 d_h=12.207 eval_acc=None active=0.011858480307541112
[2026-06-28T23:56:47] step=7600/20000 loss=1.52344 d_h=-6.83594 eval_acc=None active=0.01186431892675604
[2026-06-28T23:57:25] step=7700/20000 loss=1.54053 d_h=-5.37109 eval_acc=None active=0.01186650981518014
[2026-06-28T23:58:04] step=7800/20000 loss=1.55029 d_h=-25.8789 eval_acc=None active=0.011861298369416524
[2026-06-28T23:58:43] step=7900/20000 loss=1.59424 d_h=24.9023 eval_acc=None active=0.011864521422220142
[2026-06-28T23:59:23] step=8000/20000 loss=1.55176 d_h=-2.92969 eval_acc=0.27049180327868855 active=0.011858840299477291
[2026-06-29T00:00:02] step=8100/20000 loss=1.55225 d_h=25.8789 eval_acc=None active=0.01186650981518014
[2026-06-29T00:00:41] step=8200/20000 loss=1.54492 d_h=-4.88281 eval_acc=None active=0.011862637089429197
[2026-06-29T00:01:20] step=8300/20000 loss=1.59424 d_h=-11.2305 eval_acc=None active=0.01186142774151859
[2026-06-29T00:01:58] step=8400/20000 loss=1.56641 d_h=35.1562 eval_acc=None active=0.01186106774958241
[2026-06-29T00:02:37] step=8500/20000 loss=1.50928 d_h=7.32422 eval_acc=None active=0.011858342498128041
[2026-06-29T00:03:15] step=8600/20000 loss=1.59326 d_h=-19.043 eval_acc=None active=0.011860803380504277
[2026-06-29T00:03:54] step=8700/20000 loss=1.62793 d_h=-24.4141 eval_acc=None active=0.011859883713604816
[2026-06-29T00:04:33] step=8800/20000 loss=1.51758 d_h=-17.5781 eval_acc=None active=0.011856930654753333
[2026-06-29T00:05:12] step=8900/20000 loss=1.62256 d_h=35.6445 eval_acc=None active=0.011867921658554848
[2026-06-29T00:05:52] step=9000/20000 loss=1.56396 d_h=-19.043 eval_acc=0.2810304449648712 active=0.011853693539764709
[2026-06-29T00:06:31] step=9100/20000 loss=1.5415 d_h=-4.39453 eval_acc=None active=0.011861140872944447
[2026-06-29T00:07:10] step=9200/20000 loss=1.56445 d_h=51.7578 eval_acc=None active=0.011860674008402211
[2026-06-29T00:07:48] step=9300/20000 loss=1.58887 d_h=21.4844 eval_acc=None active=0.011859650281333699
[2026-06-29T00:08:27] step=9400/20000 loss=1.55469 d_h=-15.625 eval_acc=None active=0.011860699320335224
[2026-06-29T00:09:06] step=9500/20000 loss=1.52832 d_h=0.976562 eval_acc=None active=0.011856868781139302
[2026-06-29T00:09:44] step=9600/20000 loss=1.53857 d_h=-11.2305 eval_acc=None active=0.011860924315295337
[2026-06-29T00:10:23] step=9700/20000 loss=1.57764 d_h=-2.44141 eval_acc=None active=0.01185704315223339
[2026-06-29T00:11:02] step=9800/20000 loss=1.52393 d_h=-9.27734 eval_acc=None active=0.011860640259158195
[2026-06-29T00:11:40] step=9900/20000 loss=1.57275 d_h=11.2305 eval_acc=None active=0.011862381157662069
[2026-06-29T00:12:25] step=10000/20000 loss=1.49023 d_h=-12.6953 eval_acc=0.2786885245901639 active=0.01185899498351237
[2026-06-29T00:13:04] step=10100/20000 loss=1.48828 d_h=22.4609 eval_acc=None active=0.011855302253729516
[2026-06-29T00:13:42] step=10200/20000 loss=1.49609 d_h=-3.90625 eval_acc=None active=0.011861596487738674
[2026-06-29T00:14:21] step=10300/20000 loss=1.55615 d_h=-31.7383 eval_acc=None active=0.011862994268928376
[2026-06-29T00:15:00] step=10400/20000 loss=1.51221 d_h=-10.2539 eval_acc=None active=0.011858258125018
[2026-06-29T00:15:38] step=10500/20000 loss=1.53271 d_h=7.32422 eval_acc=None active=0.011866819183250296
[2026-06-29T00:16:17] step=10600/20000 loss=1.54248 d_h=-14.1602 eval_acc=None active=0.011855718494405726
[2026-06-29T00:16:56] step=10700/20000 loss=1.47998 d_h=7.32422 eval_acc=None active=0.011853558542788642
[2026-06-29T00:17:34] step=10800/20000 loss=1.54346 d_h=38.5742 eval_acc=None active=0.011862884583885321
[2026-06-29T00:18:13] step=10900/20000 loss=1.53809 d_h=0 eval_acc=None active=0.01186061213478818
[2026-06-29T00:18:54] step=11000/20000 loss=1.53369 d_h=20.0195 eval_acc=0.2786885245901639 active=0.011853918534724821
[2026-06-29T00:19:33] step=11100/20000 loss=1.55713 d_h=-0.488281 eval_acc=None active=0.011857490329716615
[2026-06-29T00:20:12] step=11200/20000 loss=1.56055 d_h=9.76562 eval_acc=None active=0.011861267432609509
[2026-06-29T00:20:50] step=11300/20000 loss=1.54199 d_h=-17.5781 eval_acc=None active=0.0118514829642816
[2026-06-29T00:21:29] step=11400/20000 loss=1.56836 d_h=-12.6953 eval_acc=None active=0.011857037527359388
[2026-06-29T00:22:07] step=11500/20000 loss=1.53906 d_h=-3.90625 eval_acc=None active=0.01185813719022694
[2026-06-29T00:22:46] step=11600/20000 loss=1.57324 d_h=-6.83594 eval_acc=None active=0.011858941547209342
[2026-06-29T00:23:24] step=11700/20000 loss=1.63184 d_h=24.4141 eval_acc=None active=0.011859059669563401
[2026-06-29T00:24:03] step=11800/20000 loss=1.56152 d_h=-2.92969 eval_acc=None active=0.011860626196973189
[2026-06-29T00:24:42] step=11900/20000 loss=1.58154 d_h=-6.34766 eval_acc=None active=0.011847655237522679
[2026-06-29T00:25:29] step=12000/20000 loss=1.54102 d_h=-6.83594 eval_acc=0.32201405152224827 active=0.01185036923922904
[2026-06-29T00:26:08] step=12100/20000 loss=1.67383 d_h=40.0391 eval_acc=None active=0.011853806037244766
[2026-06-29T00:26:47] step=12200/20000 loss=1.54297 d_h=18.5547 eval_acc=None active=0.01186015370755695
[2026-06-29T00:27:25] step=12300/20000 loss=1.50439 d_h=-19.043 eval_acc=None active=0.011856913780131324
[2026-06-29T00:28:04] step=12400/20000 loss=1.55273 d_h=-12.6953 eval_acc=None active=0.011853991658086859
[2026-06-29T00:28:43] step=12500/20000 loss=1.5874 d_h=-7.32422 eval_acc=None active=0.011856798470214267
[2026-06-29T00:29:22] step=12600/20000 loss=1.55615 d_h=4.39453 eval_acc=None active=0.011858182189218962
[2026-06-29T00:30:00] step=12700/20000 loss=1.48779 d_h=-48.3398 eval_acc=None active=0.011853564167662645
[2026-06-29T00:30:39] step=12800/20000 loss=1.52686 d_h=-61.0352 eval_acc=None active=0.011854528833554128
[2026-06-29T00:31:18] step=12900/20000 loss=1.58643 d_h=-0.488281 eval_acc=None active=0.011852503878913113
[2026-06-29T00:32:01] step=13000/20000 loss=1.57764 d_h=7.32422 eval_acc=0.2962529274004684 active=0.01185812031560493
[2026-06-29T00:32:40] step=13100/20000 loss=1.52637 d_h=-2.92969 eval_acc=None active=0.011856815344836276
[2026-06-29T00:33:19] step=13200/20000 loss=1.55518 d_h=16.1133 eval_acc=None active=0.011855282566670507
[2026-06-29T00:33:58] step=13300/20000 loss=1.55859 d_h=13.6719 eval_acc=None active=0.011852672625133197
[2026-06-29T00:34:36] step=13400/20000 loss=1.49219 d_h=-9.76562 eval_acc=None active=0.011850206117882959
[2026-06-29T00:35:15] step=13500/20000 loss=1.56836 d_h=5.85938 eval_acc=None active=0.011855074446332402
[2026-06-29T00:35:54] step=13600/20000 loss=1.52295 d_h=-4.39453 eval_acc=None active=0.011849896749812804
[2026-06-29T00:36:32] step=13700/20000 loss=1.5498 d_h=-22.4609 eval_acc=None active=0.01184257316386113
[2026-06-29T00:37:11] step=13800/20000 loss=1.51367 d_h=8.78906 eval_acc=None active=0.011851252344447484
[2026-06-29T00:37:49] step=13900/20000 loss=1.49609 d_h=-12.6953 eval_acc=None active=0.011855274129359503
[2026-06-29T00:38:37] step=14000/20000 loss=1.54883 d_h=22.4609 eval_acc=0.35714285714285715 active=0.011848383658706045
[2026-06-29T00:39:15] step=14100/20000 loss=1.52588 d_h=-6.34766 eval_acc=None active=0.011845793404227745
[2026-06-29T00:39:54] step=14200/20000 loss=1.5166 d_h=27.3438 eval_acc=None active=0.011844044068412867
[2026-06-29T00:40:33] step=14300/20000 loss=1.55127 d_h=16.1133 eval_acc=None active=0.011843911883873801
[2026-06-29T00:41:11] step=14400/20000 loss=1.57764 d_h=-5.37109 eval_acc=None active=0.011842170985369927
[2026-06-29T00:41:50] step=14500/20000 loss=1.56885 d_h=-0.488281 eval_acc=None active=0.011852742936058232
[2026-06-29T00:42:29] step=14600/20000 loss=1.57666 d_h=-11.2305 eval_acc=None active=0.011854635706160181
[2026-06-29T00:43:07] step=14700/20000 loss=1.55713 d_h=3.41797 eval_acc=None active=0.011860195894111972
[2026-06-29T00:43:46] step=14800/20000 loss=1.60059 d_h=4.88281 eval_acc=None active=0.01184617870809694
[2026-06-29T00:44:25] step=14900/20000 loss=1.4375 d_h=17.5781 eval_acc=None active=0.011846564011966132
[2026-06-29T00:45:12] step=15000/20000 loss=1.59326 d_h=5.37109 eval_acc=0.4168618266978923 active=0.011855054759273393
[2026-06-29T00:45:51] step=15100/20000 loss=1.55225 d_h=-18.0664 eval_acc=None active=0.011846330579695015
[2026-06-29T00:46:29] step=15200/20000 loss=1.50684 d_h=10.7422 eval_acc=None active=0.011858134377789938
[2026-06-29T00:47:08] step=15300/20000 loss=1.61035 d_h=-10.7422 eval_acc=None active=0.01185443039825908
[2026-06-29T00:47:47] step=15400/20000 loss=1.62646 d_h=-23.9258 eval_acc=None active=0.011848296473159001
[2026-06-29T00:48:25] step=15500/20000 loss=1.52344 d_h=-19.5312 eval_acc=None active=0.011848749275516228
[2026-06-29T00:49:04] step=15600/20000 loss=1.53271 d_h=-16.1133 eval_acc=None active=0.011849964248300838
[2026-06-29T00:49:43] step=15700/20000 loss=1.65771 d_h=14.1602 eval_acc=None active=0.01185812031560493
[2026-06-29T00:50:21] step=15800/20000 loss=1.59863 d_h=-29.2969 eval_acc=None active=0.011850771417720243
[2026-06-29T00:51:00] step=15900/20000 loss=1.55225 d_h=-10.2539 eval_acc=None active=0.011853581042284653
[2026-06-29T00:51:48] step=16000/20000 loss=1.57324 d_h=3.90625 eval_acc=0.43676814988290397 active=0.01184419031513694
[2026-06-29T00:52:26] step=16100/20000 loss=1.56592 d_h=18.0664 eval_acc=None active=0.011857287834252512
[2026-06-29T00:53:05] step=16200/20000 loss=1.57471 d_h=16.1133 eval_acc=None active=0.011860145270245946
[2026-06-29T00:53:44] step=16300/20000 loss=1.52148 d_h=-11.7188 eval_acc=None active=0.01185098516293235
[2026-06-29T00:54:23] step=16400/20000 loss=1.50244 d_h=-9.27734 eval_acc=None active=0.011853671040268698
[2026-06-29T00:55:01] step=16500/20000 loss=1.52686 d_h=7.32422 eval_acc=None active=0.011851865455713793
[2026-06-29T00:55:40] step=16600/20000 loss=1.53564 d_h=50.293 eval_acc=None active=0.01185760282719667
[2026-06-29T00:56:19] step=16700/20000 loss=1.47607 d_h=29.7852 eval_acc=None active=0.011851013287302365
[2026-06-29T00:56:57] step=16800/20000 loss=1.55371 d_h=16.6016 eval_acc=None active=0.01185172202142672
[2026-06-29T00:57:36] step=16900/20000 loss=1.58008 d_h=15.625 eval_acc=None active=0.011857616889381677
[2026-06-29T00:58:17] step=17000/20000 loss=1.53906 d_h=1.95312 eval_acc=0.3583138173302108 active=0.011852284508827002
[2026-06-29T00:58:55] step=17100/20000 loss=1.52051 d_h=5.85938 eval_acc=None active=0.011855139132383435
[2026-06-29T00:59:34] step=17200/20000 loss=1.53662 d_h=14.1602 eval_acc=None active=0.011859864026545805
[2026-06-29T01:00:13] step=17300/20000 loss=1.56299 d_h=-16.1133 eval_acc=None active=0.011853060741439391
[2026-06-29T01:00:51] step=17400/20000 loss=1.59082 d_h=33.2031 eval_acc=None active=0.011857450955598595
[2026-06-29T01:01:30] step=17500/20000 loss=1.44434 d_h=-4.88281 eval_acc=None active=0.011849947373678829
[2026-06-29T01:02:08] step=17600/20000 loss=1.52393 d_h=14.1602 eval_acc=None active=0.011856373792227055
[2026-06-29T01:02:47] step=17700/20000 loss=1.53271 d_h=-25.8789 eval_acc=None active=0.01185698127861936
[2026-06-29T01:03:26] step=17800/20000 loss=1.54053 d_h=38.5742 eval_acc=None active=0.011850810791838263
[2026-06-29T01:04:04] step=17900/20000 loss=1.54443 d_h=2.44141 eval_acc=None active=0.011854765078262247
[2026-06-29T01:04:49] step=18000/20000 loss=1.49707 d_h=6.83594 eval_acc=0.4262295081967213 active=0.011851699521930709
[2026-06-29T01:05:28] step=18100/20000 loss=1.46729 d_h=-8.30078 eval_acc=None active=0.011849803939391758
[2026-06-29T01:06:06] step=18200/20000 loss=1.5249 d_h=-1.46484 eval_acc=None active=0.011850515485953115
[2026-06-29T01:06:45] step=18300/20000 loss=1.49023 d_h=-10.7422 eval_acc=None active=0.011854514771369121
[2026-06-29T01:07:24] step=18400/20000 loss=1.47412 d_h=-17.0898 eval_acc=None active=0.011863773313977767
[2026-06-29T01:08:02] step=18500/20000 loss=1.45605 d_h=1.95312 eval_acc=None active=0.011848667714843188
[2026-06-29T01:08:41] step=18600/20000 loss=1.45947 d_h=20.9961 eval_acc=None active=0.011852093263110906
[2026-06-29T01:09:20] step=18700/20000 loss=1.44727 d_h=8.78906 eval_acc=None active=0.011855864741129799
[2026-06-29T01:09:58] step=18800/20000 loss=1.57422 d_h=-12.6953 eval_acc=None active=0.011856272544495004
[2026-06-29T01:10:37] step=18900/20000 loss=1.53271 d_h=-30.7617 eval_acc=None active=0.011853811662118768
[2026-06-29T01:11:24] step=19000/20000 loss=1.54004 d_h=4.88281 eval_acc=0.4379391100702576 active=0.011858632179139187
[2026-06-29T01:12:02] step=19100/20000 loss=1.49121 d_h=22.4609 eval_acc=None active=0.01185030736561501
[2026-06-29T01:12:41] step=19200/20000 loss=1.54004 d_h=17.5781 eval_acc=None active=0.011859186229228465
[2026-06-29T01:13:19] step=19300/20000 loss=1.54004 d_h=10.7422 eval_acc=None active=0.01185628660668001
[2026-06-29T01:13:58] step=19400/20000 loss=1.49414 d_h=18.5547 eval_acc=None active=0.011855440063142585
[2026-06-29T01:14:37] step=19500/20000 loss=1.53076 d_h=0.488281 eval_acc=None active=0.011851924516890822
[2026-06-29T01:15:15] step=19600/20000 loss=1.42139 d_h=26.8555 eval_acc=None active=0.011860344953273047
[2026-06-29T01:15:54] step=19700/20000 loss=1.57178 d_h=-1.46484 eval_acc=None active=0.011851910454705815
[2026-06-29T01:16:33] step=19800/20000 loss=1.54248 d_h=-21.9727 eval_acc=None active=0.011847289620712496
[2026-06-29T01:17:11] step=19900/20000 loss=1.49219 d_h=-2.92969 eval_acc=None active=0.011853662602957693
[2026-06-29T01:17:58] step=20000/20000 loss=1.52295 d_h=5.37109 eval_acc=0.4496487119437939 active=0.011855223505493477
[2026-06-29T01:18:01] finished int4_sparsep0p1_taskgrad_seedfixed_sst5_mezo_default_h1e-3_seed32_full_bs64_step20k status=complete steps=20000
RobertaConfig {
  "_attn_implementation_autoset": true,
  "architectures": [
    "RobertaForMaskedLM"
  ],
  "attention_probs_dropout_prob": 0.1,
  "bos_token_id": 0,
  "classifier_dropout": null,
  "eos_token_id": 2,
  "finetuning_task": "sst-2",
  "hidden_act": "gelu",
  "hidden_dropout_prob": 0.1,
  "hidden_size": 1024,
  "initializer_range": 0.02,
  "intermediate_size": 4096,
  "layer_norm_eps": 1e-05,
  "max_position_embeddings": 514,
  "model_type": "roberta",
  "num_attention_heads": 16,
  "num_hidden_layers": 24,
  "pad_token_id": 1,
  "position_embedding_type": "absolute",
  "torch_dtype": "float32",
  "transformers_version": "4.51.3",
  "type_vocab_size": 1,
  "use_cache": true,
  "vocab_size": 50265
}

[2026-06-29T01:18:04] starting int4_prefix_quantized_seedfixed_sst2_mezo_default_h1e-3_seed64_full_bs64_step20k
[2026-06-29T01:18:04] prefix mode prefix_params=48 active_params=245760 prefix_quantize=True
[2026-06-29T01:18:08] step=1/20000 loss=0.683838 d_h=-0.244141 eval_acc=None active=0.0055582682291666664
[2026-06-29T01:18:52] step=100/20000 loss=0.658936 d_h=0.244141 eval_acc=None active=0.0055582682291666664
[2026-06-29T01:19:37] step=200/20000 loss=0.678711 d_h=0 eval_acc=None active=0.005440266927083334
[2026-06-29T01:20:21] step=300/20000 loss=0.670654 d_h=0.244141 eval_acc=None active=0.0056803385416666664
[2026-06-29T01:21:06] step=400/20000 loss=0.668213 d_h=0.244141 eval_acc=None active=0.005391438802083333
[2026-06-29T01:21:51] step=500/20000 loss=0.685547 d_h=0 eval_acc=None active=0.0050048828125
[2026-06-29T01:22:35] step=600/20000 loss=0.674316 d_h=0 eval_acc=None active=0.00555419921875
[2026-06-29T01:23:20] step=700/20000 loss=0.690674 d_h=-0.244141 eval_acc=None active=0.00548095703125
[2026-06-29T01:24:05] step=800/20000 loss=0.681641 d_h=0 eval_acc=None active=0.00535888671875
[2026-06-29T01:24:49] step=900/20000 loss=0.677002 d_h=0.244141 eval_acc=None active=0.005318196614583334
[2026-06-29T01:25:40] step=1000/20000 loss=0.678467 d_h=-0.244141 eval_acc=0.5756495916852264 active=0.00496826171875
[2026-06-29T01:26:25] step=1100/20000 loss=0.678711 d_h=0 eval_acc=None active=0.005318196614583334
[2026-06-29T01:27:09] step=1200/20000 loss=0.70166 d_h=0 eval_acc=None active=0.0050089518229166664
[2026-06-29T01:27:54] step=1300/20000 loss=0.671875 d_h=-0.976562 eval_acc=None active=0.00501708984375
[2026-06-29T01:28:39] step=1400/20000 loss=0.687988 d_h=0 eval_acc=None active=0.005204264322916667
[2026-06-29T01:29:24] step=1500/20000 loss=0.66748 d_h=0 eval_acc=None active=0.00528564453125
[2026-06-29T01:30:09] step=1600/20000 loss=0.665283 d_h=0.244141 eval_acc=None active=0.00506591796875
[2026-06-29T01:30:53] step=1700/20000 loss=0.667969 d_h=0 eval_acc=None active=0.004935709635416666
[2026-06-29T01:31:38] step=1800/20000 loss=0.679199 d_h=0 eval_acc=None active=0.00513916015625
[2026-06-29T01:32:23] step=1900/20000 loss=0.659668 d_h=0 eval_acc=None active=0.0051310221354166664
[2026-06-29T01:33:11] step=2000/20000 loss=0.669922 d_h=-0.488281 eval_acc=0.5711952487008166 active=0.0056396484375
[2026-06-29T01:33:56] step=2100/20000 loss=0.707031 d_h=0 eval_acc=None active=0.005106608072916667
[2026-06-29T01:34:41] step=2200/20000 loss=0.698242 d_h=0 eval_acc=None active=0.005078125
[2026-06-29T01:35:26] step=2300/20000 loss=0.66748 d_h=0 eval_acc=None active=0.005322265625
[2026-06-29T01:36:11] step=2400/20000 loss=0.653076 d_h=-0.244141 eval_acc=None active=0.004996744791666666
[2026-06-29T01:36:55] step=2500/20000 loss=0.660156 d_h=0.976562 eval_acc=None active=0.00538330078125
[2026-06-29T01:37:40] step=2600/20000 loss=0.672607 d_h=0.244141 eval_acc=None active=0.0047648111979166664
[2026-06-29T01:38:24] step=2700/20000 loss=0.679199 d_h=0 eval_acc=None active=0.004903157552083333
[2026-06-29T01:39:09] step=2800/20000 loss=0.690674 d_h=0.244141 eval_acc=None active=0.00467529296875
[2026-06-29T01:39:54] step=2900/20000 loss=0.672852 d_h=0 eval_acc=None active=0.0048095703125
[2026-06-29T01:40:42] step=3000/20000 loss=0.683105 d_h=0 eval_acc=0.5673348181143282 active=0.005037434895833333
[2026-06-29T01:41:27] step=3100/20000 loss=0.684814 d_h=0.244141 eval_acc=None active=0.004899088541666667
[2026-06-29T01:42:12] step=3200/20000 loss=0.684082 d_h=0 eval_acc=None active=0.005021158854166667
[2026-06-29T01:42:57] step=3300/20000 loss=0.665771 d_h=-0.244141 eval_acc=None active=0.004862467447916667
[2026-06-29T01:43:42] step=3400/20000 loss=0.660156 d_h=0 eval_acc=None active=0.00494384765625
[2026-06-29T01:44:26] step=3500/20000 loss=0.66626 d_h=-0.244141 eval_acc=None active=0.004813639322916666
[2026-06-29T01:45:11] step=3600/20000 loss=0.706299 d_h=-0.244141 eval_acc=None active=0.00504150390625
[2026-06-29T01:45:56] step=3700/20000 loss=0.672607 d_h=0.244141 eval_acc=None active=0.00496826171875
[2026-06-29T01:46:41] step=3800/20000 loss=0.674805 d_h=0 eval_acc=None active=0.004715983072916667
[2026-06-29T01:47:26] step=3900/20000 loss=0.680664 d_h=0 eval_acc=None active=0.004447428385416666
[2026-06-29T01:48:14] step=4000/20000 loss=0.66626 d_h=-0.244141 eval_acc=0.5701559020044543 active=0.00477294921875
[2026-06-29T01:48:59] step=4100/20000 loss=0.648926 d_h=0 eval_acc=None active=0.0046346028645833336
[2026-06-29T01:49:44] step=4200/20000 loss=0.669922 d_h=0 eval_acc=None active=0.004793294270833333
[2026-06-29T01:50:28] step=4300/20000 loss=0.690674 d_h=0.244141 eval_acc=None active=0.0044514973958333336
[2026-06-29T01:51:13] step=4400/20000 loss=0.672363 d_h=0 eval_acc=None active=0.004646809895833334
[2026-06-29T01:51:58] step=4500/20000 loss=0.658447 d_h=0.244141 eval_acc=None active=0.004630533854166666
[2026-06-29T01:52:43] step=4600/20000 loss=0.688721 d_h=0.732422 eval_acc=None active=0.004593912760416667
[2026-06-29T01:53:27] step=4700/20000 loss=0.645264 d_h=-0.244141 eval_acc=None active=0.004471842447916667
[2026-06-29T01:54:12] step=4800/20000 loss=0.681885 d_h=-0.244141 eval_acc=None active=0.0043904622395833336
[2026-06-29T01:54:57] step=4900/20000 loss=0.681152 d_h=0 eval_acc=None active=0.004435221354166667
[2026-06-29T01:55:45] step=5000/20000 loss=0.665283 d_h=-0.244141 eval_acc=0.5818856718634001 active=0.004386393229166666
[2026-06-29T01:56:30] step=5100/20000 loss=0.681396 d_h=-0.244141 eval_acc=None active=0.00447998046875
[2026-06-29T01:57:15] step=5200/20000 loss=0.677246 d_h=0.488281 eval_acc=None active=0.004638671875
[2026-06-29T01:58:00] step=5300/20000 loss=0.665527 d_h=0 eval_acc=None active=0.004325358072916666
[2026-06-29T01:58:44] step=5400/20000 loss=0.672363 d_h=0 eval_acc=None active=0.0044921875
[2026-06-29T01:59:29] step=5500/20000 loss=0.679688 d_h=0 eval_acc=None active=0.0045817057291666664
[2026-06-29T02:00:14] step=5600/20000 loss=0.702148 d_h=0 eval_acc=None active=0.0044514973958333336
[2026-06-29T02:00:59] step=5700/20000 loss=0.689941 d_h=0 eval_acc=None active=0.00445556640625
[2026-06-29T02:01:44] step=5800/20000 loss=0.672119 d_h=-0.244141 eval_acc=None active=0.004569498697916666
[2026-06-29T02:02:28] step=5900/20000 loss=0.695801 d_h=-0.488281 eval_acc=None active=0.0043904622395833336
[2026-06-29T02:03:15] step=6000/20000 loss=0.677246 d_h=0 eval_acc=0.5648106904231626 active=0.004671223958333333
[2026-06-29T02:04:00] step=6100/20000 loss=0.677979 d_h=-0.732422 eval_acc=None active=0.0043294270833333336
[2026-06-29T02:04:45] step=6200/20000 loss=0.667725 d_h=0.244141 eval_acc=None active=0.004829915364583334
[2026-06-29T02:05:30] step=6300/20000 loss=0.666504 d_h=0 eval_acc=None active=0.00447998046875
[2026-06-29T02:06:14] step=6400/20000 loss=0.676025 d_h=-0.244141 eval_acc=None active=0.0046630859375
[2026-06-29T02:06:59] step=6500/20000 loss=0.691895 d_h=0 eval_acc=None active=0.00447998046875
[2026-06-29T02:07:44] step=6600/20000 loss=0.658203 d_h=0 eval_acc=None active=0.00447998046875
[2026-06-29T02:08:29] step=6700/20000 loss=0.679688 d_h=0 eval_acc=None active=0.004305013020833333
[2026-06-29T02:09:13] step=6800/20000 loss=0.673584 d_h=0.244141 eval_acc=None active=0.00426025390625
[2026-06-29T02:09:58] step=6900/20000 loss=0.692871 d_h=0.488281 eval_acc=None active=0.004166666666666667
[2026-06-29T02:10:45] step=7000/20000 loss=0.691162 d_h=-0.244141 eval_acc=0.5621380846325167 active=0.00443115234375
[2026-06-29T02:11:30] step=7100/20000 loss=0.642578 d_h=0 eval_acc=None active=0.004683430989583333
[2026-06-29T02:12:15] step=7200/20000 loss=0.667236 d_h=0.244141 eval_acc=None active=0.004475911458333333
[2026-06-29T02:13:00] step=7300/20000 loss=0.657959 d_h=0.244141 eval_acc=None active=0.004475911458333333
[2026-06-29T02:13:44] step=7400/20000 loss=0.700928 d_h=0.244141 eval_acc=None active=0.00440673828125
[2026-06-29T02:14:29] step=7500/20000 loss=0.685547 d_h=0 eval_acc=None active=0.003841145833333333
[2026-06-29T02:15:14] step=7600/20000 loss=0.670166 d_h=-0.244141 eval_acc=None active=0.004170735677083333
[2026-06-29T02:15:58] step=7700/20000 loss=0.666992 d_h=0 eval_acc=None active=0.00469970703125
[2026-06-29T02:16:43] step=7800/20000 loss=0.660156 d_h=0 eval_acc=None active=0.0042154947916666664
[2026-06-29T02:17:28] step=7900/20000 loss=0.668213 d_h=0.244141 eval_acc=None active=0.00419921875
[2026-06-29T02:18:16] step=8000/20000 loss=0.666504 d_h=0 eval_acc=0.5676317743132888 active=0.004313151041666667
[2026-06-29T02:19:01] step=8100/20000 loss=0.664062 d_h=0 eval_acc=None active=0.0040323893229166664
[2026-06-29T02:19:46] step=8200/20000 loss=0.711182 d_h=-0.244141 eval_acc=None active=0.00433349609375
[2026-06-29T02:20:31] step=8300/20000 loss=0.676758 d_h=0 eval_acc=None active=0.00411376953125
[2026-06-29T02:21:15] step=8400/20000 loss=0.675781 d_h=0 eval_acc=None active=0.004158528645833334
[2026-06-29T02:22:00] step=8500/20000 loss=0.643311 d_h=-0.244141 eval_acc=None active=0.004439290364583333
[2026-06-29T02:22:45] step=8600/20000 loss=0.657959 d_h=0.244141 eval_acc=None active=0.004239908854166667
[2026-06-29T02:23:29] step=8700/20000 loss=0.697021 d_h=-0.244141 eval_acc=None active=0.0042683919270833336
[2026-06-29T02:24:14] step=8800/20000 loss=0.661865 d_h=0.244141 eval_acc=None active=0.0044189453125
[2026-06-29T02:24:59] step=8900/20000 loss=0.68457 d_h=-0.488281 eval_acc=None active=0.004203287760416666
[2026-06-29T02:25:47] step=9000/20000 loss=0.671387 d_h=0 eval_acc=0.5806978470675576 active=0.004069010416666667
[2026-06-29T02:26:32] step=9100/20000 loss=0.651123 d_h=-0.244141 eval_acc=None active=0.00400390625
[2026-06-29T02:27:16] step=9200/20000 loss=0.669189 d_h=0.244141 eval_acc=None active=0.0043212890625
[2026-06-29T02:28:01] step=9300/20000 loss=0.666504 d_h=0 eval_acc=None active=0.004300944010416667
[2026-06-29T02:28:45] step=9400/20000 loss=0.686768 d_h=-0.244141 eval_acc=None active=0.0041748046875
[2026-06-29T02:29:30] step=9500/20000 loss=0.658936 d_h=0.244141 eval_acc=None active=0.004166666666666667
[2026-06-29T02:30:14] step=9600/20000 loss=0.675049 d_h=0.244141 eval_acc=None active=0.004313151041666667
[2026-06-29T02:30:59] step=9700/20000 loss=0.635742 d_h=0.488281 eval_acc=None active=0.004170735677083333
[2026-06-29T02:31:43] step=9800/20000 loss=0.667725 d_h=-0.244141 eval_acc=None active=0.0039306640625
[2026-06-29T02:32:28] step=9900/20000 loss=0.646484 d_h=0 eval_acc=None active=0.004353841145833333
[2026-06-29T02:33:14] step=10000/20000 loss=0.691406 d_h=0 eval_acc=0.5680772086117297 active=0.004219563802083334
[2026-06-29T02:33:58] step=10100/20000 loss=0.673584 d_h=0.244141 eval_acc=None active=0.004109700520833333
[2026-06-29T02:34:43] step=10200/20000 loss=0.644775 d_h=0.244141 eval_acc=None active=0.0042073567708333336
[2026-06-29T02:35:27] step=10300/20000 loss=0.677002 d_h=0.244141 eval_acc=None active=0.0039632161458333336
[2026-06-29T02:36:11] step=10400/20000 loss=0.641357 d_h=-0.244141 eval_acc=None active=0.0039632161458333336
[2026-06-29T02:36:56] step=10500/20000 loss=0.675293 d_h=0 eval_acc=None active=0.00419921875
[2026-06-29T02:37:40] step=10600/20000 loss=0.665283 d_h=0.244141 eval_acc=None active=0.003938802083333333
[2026-06-29T02:38:24] step=10700/20000 loss=0.668457 d_h=0 eval_acc=None active=0.0042683919270833336
[2026-06-29T02:39:09] step=10800/20000 loss=0.655273 d_h=0 eval_acc=None active=0.00411376953125
[2026-06-29T02:39:53] step=10900/20000 loss=0.659912 d_h=0.244141 eval_acc=None active=0.0040852864583333336
[2026-06-29T02:40:39] step=11000/20000 loss=0.656494 d_h=0.244141 eval_acc=0.5596139569413512 active=0.0043212890625
[2026-06-29T02:41:24] step=11100/20000 loss=0.65918 d_h=0 eval_acc=None active=0.004052734375
[2026-06-29T02:42:08] step=11200/20000 loss=0.653809 d_h=0 eval_acc=None active=0.004150390625
[2026-06-29T02:42:53] step=11300/20000 loss=0.677979 d_h=-0.244141 eval_acc=None active=0.004012044270833333
[2026-06-29T02:43:37] step=11400/20000 loss=0.680664 d_h=0 eval_acc=None active=0.003987630208333333
[2026-06-29T02:44:21] step=11500/20000 loss=0.693359 d_h=0 eval_acc=None active=0.00389404296875
[2026-06-29T02:45:06] step=11600/20000 loss=0.6521 d_h=-0.244141 eval_acc=None active=0.00404052734375
[2026-06-29T02:45:50] step=11700/20000 loss=0.682861 d_h=0.732422 eval_acc=None active=0.0038614908854166666
[2026-06-29T02:46:34] step=11800/20000 loss=0.693115 d_h=-0.244141 eval_acc=None active=0.004044596354166667
[2026-06-29T02:47:18] step=11900/20000 loss=0.646484 d_h=0 eval_acc=None active=0.00394287109375
[2026-06-29T02:48:06] step=12000/20000 loss=0.667725 d_h=0.244141 eval_acc=0.5673348181143282 active=0.003841145833333333
[2026-06-29T02:48:51] step=12100/20000 loss=0.635498 d_h=0.244141 eval_acc=None active=0.003719075520833333
[2026-06-29T02:49:35] step=12200/20000 loss=0.624756 d_h=0.244141 eval_acc=None active=0.0038126627604166668
[2026-06-29T02:50:19] step=12300/20000 loss=0.672119 d_h=0.244141 eval_acc=None active=0.003662109375
[2026-06-29T02:51:03] step=12400/20000 loss=0.67334 d_h=0 eval_acc=None active=0.00406494140625
[2026-06-29T02:51:48] step=12500/20000 loss=0.681396 d_h=0.244141 eval_acc=None active=0.003914388020833334
[2026-06-29T02:52:32] step=12600/20000 loss=0.662842 d_h=0.244141 eval_acc=None active=0.004109700520833333
[2026-06-29T02:53:16] step=12700/20000 loss=0.674561 d_h=0.244141 eval_acc=None active=0.0040323893229166664
[2026-06-29T02:54:00] step=12800/20000 loss=0.630127 d_h=0.244141 eval_acc=None active=0.003987630208333333
[2026-06-29T02:54:45] step=12900/20000 loss=0.639404 d_h=0.244141 eval_acc=None active=0.0041748046875
[2026-06-29T02:55:31] step=13000/20000 loss=0.689209 d_h=0.732422 eval_acc=0.570452858203415 active=0.00399169921875
[2026-06-29T02:56:15] step=13100/20000 loss=0.6521 d_h=0.244141 eval_acc=None active=0.0037679036458333334
[2026-06-29T02:56:59] step=13200/20000 loss=0.661377 d_h=-0.244141 eval_acc=None active=0.0037312825520833333
[2026-06-29T02:57:44] step=13300/20000 loss=0.67041 d_h=0 eval_acc=None active=0.003926595052083333
[2026-06-29T02:58:28] step=13400/20000 loss=0.660645 d_h=0 eval_acc=None active=0.003666178385416667
[2026-06-29T02:59:12] step=13500/20000 loss=0.640625 d_h=0 eval_acc=None active=0.00384521484375
[2026-06-29T02:59:56] step=13600/20000 loss=0.66748 d_h=-0.488281 eval_acc=None active=0.00362548828125
[2026-06-29T03:00:41] step=13700/20000 loss=0.677979 d_h=-0.244141 eval_acc=None active=0.0036783854166666666
[2026-06-29T03:01:25] step=13800/20000 loss=0.650391 d_h=0 eval_acc=None active=0.003759765625
[2026-06-29T03:02:09] step=13900/20000 loss=0.713379 d_h=-0.488281 eval_acc=None active=0.00357666015625
[2026-06-29T03:02:56] step=14000/20000 loss=0.66333 d_h=0.244141 eval_acc=0.5665924276169265 active=0.0037638346354166665
[2026-06-29T03:03:40] step=14100/20000 loss=0.640381 d_h=0.244141 eval_acc=None active=0.0038167317708333332
[2026-06-29T03:04:24] step=14200/20000 loss=0.664551 d_h=-0.488281 eval_acc=None active=0.004134114583333333
[2026-06-29T03:05:09] step=14300/20000 loss=0.680176 d_h=-0.488281 eval_acc=None active=0.0037109375
[2026-06-29T03:05:53] step=14400/20000 loss=0.696289 d_h=0 eval_acc=None active=0.0034952799479166666
[2026-06-29T03:06:37] step=14500/20000 loss=0.666504 d_h=0 eval_acc=None active=0.0038167317708333332
[2026-06-29T03:07:21] step=14600/20000 loss=0.618896 d_h=1.2207 eval_acc=None active=0.0037556966145833332
[2026-06-29T03:08:06] step=14700/20000 loss=0.653076 d_h=-0.244141 eval_acc=None active=0.003666178385416667
[2026-06-29T03:08:50] step=14800/20000 loss=0.665039 d_h=-0.488281 eval_acc=None active=0.0034423828125
[2026-06-29T03:09:34] step=14900/20000 loss=0.653076 d_h=1.2207 eval_acc=None active=0.0036865234375
[2026-06-29T03:10:20] step=15000/20000 loss=0.697998 d_h=-1.2207 eval_acc=0.5735708982925019 active=0.0035196940104166665
[2026-06-29T03:11:05] step=15100/20000 loss=0.666016 d_h=0.488281 eval_acc=None active=0.0037923177083333333
[2026-06-29T03:11:49] step=15200/20000 loss=0.672852 d_h=0 eval_acc=None active=0.003857421875
[2026-06-29T03:12:33] step=15300/20000 loss=0.679688 d_h=0 eval_acc=None active=0.0037109375
[2026-06-29T03:13:17] step=15400/20000 loss=0.669189 d_h=-0.244141 eval_acc=None active=0.0036539713541666667
[2026-06-29T03:14:02] step=15500/20000 loss=0.664795 d_h=0.244141 eval_acc=None active=0.0038614908854166666
[2026-06-29T03:14:46] step=15600/20000 loss=0.666504 d_h=0.488281 eval_acc=None active=0.0036539713541666667
[2026-06-29T03:15:30] step=15700/20000 loss=0.679199 d_h=-0.488281 eval_acc=None active=0.0037353515625
[2026-06-29T03:16:15] step=15800/20000 loss=0.652832 d_h=-0.488281 eval_acc=None active=0.0035196940104166665
[2026-06-29T03:16:59] step=15900/20000 loss=0.655762 d_h=0 eval_acc=None active=0.00374755859375
[2026-06-29T03:17:47] step=16000/20000 loss=0.682861 d_h=-0.244141 eval_acc=0.5998515219005197 active=0.0036376953125
[2026-06-29T03:18:31] step=16100/20000 loss=0.676514 d_h=-0.244141 eval_acc=None active=0.0036295572916666668
[2026-06-29T03:19:15] step=16200/20000 loss=0.659668 d_h=0.488281 eval_acc=None active=0.003605143229166667
[2026-06-29T03:19:59] step=16300/20000 loss=0.678955 d_h=-0.244141 eval_acc=None active=0.0034261067708333333
[2026-06-29T03:20:44] step=16400/20000 loss=0.707764 d_h=0.244141 eval_acc=None active=0.0036173502604166666
[2026-06-29T03:21:28] step=16500/20000 loss=0.659912 d_h=-0.244141 eval_acc=None active=0.0036702473958333333
[2026-06-29T03:22:12] step=16600/20000 loss=0.690674 d_h=0.244141 eval_acc=None active=0.0036702473958333333
[2026-06-29T03:22:56] step=16700/20000 loss=0.670898 d_h=0 eval_acc=None active=0.0038614908854166666
[2026-06-29T03:23:41] step=16800/20000 loss=0.669189 d_h=-0.244141 eval_acc=None active=0.00355224609375
[2026-06-29T03:24:25] step=16900/20000 loss=0.698242 d_h=0.488281 eval_acc=None active=0.0035400390625
[2026-06-29T03:25:11] step=17000/20000 loss=0.652832 d_h=0.488281 eval_acc=0.5612472160356348 active=0.0032877604166666667
[2026-06-29T03:25:56] step=17100/20000 loss=0.65918 d_h=0 eval_acc=None active=0.003515625
[2026-06-29T03:26:40] step=17200/20000 loss=0.668213 d_h=-0.244141 eval_acc=None active=0.0034912109375
[2026-06-29T03:27:24] step=17300/20000 loss=0.664795 d_h=0.244141 eval_acc=None active=0.0035074869791666668
[2026-06-29T03:28:08] step=17400/20000 loss=0.71167 d_h=-1.70898 eval_acc=None active=0.0033935546875
[2026-06-29T03:28:53] step=17500/20000 loss=0.69458 d_h=0.244141 eval_acc=None active=0.0031941731770833335
[2026-06-29T03:29:37] step=17600/20000 loss=0.690918 d_h=0.488281 eval_acc=None active=0.0036336263020833332
[2026-06-29T03:30:21] step=17700/20000 loss=0.681641 d_h=-0.488281 eval_acc=None active=0.003413899739583333
[2026-06-29T03:31:06] step=17800/20000 loss=0.648926 d_h=0.488281 eval_acc=None active=0.0036173502604166666
[2026-06-29T03:31:50] step=17900/20000 loss=0.670166 d_h=0.244141 eval_acc=None active=0.0033772786458333335
[2026-06-29T03:32:36] step=18000/20000 loss=0.68457 d_h=-0.488281 eval_acc=0.561395694135115 active=0.0035074869791666668
[2026-06-29T03:33:21] step=18100/20000 loss=0.685059 d_h=0 eval_acc=None active=0.0034423828125
[2026-06-29T03:34:05] step=18200/20000 loss=0.658936 d_h=-0.244141 eval_acc=None active=0.003597005208333333
[2026-06-29T03:34:49] step=18300/20000 loss=0.630127 d_h=-0.732422 eval_acc=None active=0.0032674153645833332
[2026-06-29T03:35:33] step=18400/20000 loss=0.683838 d_h=0.244141 eval_acc=None active=0.0032877604166666667
[2026-06-29T03:36:18] step=18500/20000 loss=0.673584 d_h=0.732422 eval_acc=None active=0.003413899739583333
[2026-06-29T03:37:02] step=18600/20000 loss=0.666748 d_h=0.244141 eval_acc=None active=0.0033894856770833332
[2026-06-29T03:37:46] step=18700/20000 loss=0.6875 d_h=-1.46484 eval_acc=None active=0.0031412760416666668
[2026-06-29T03:38:30] step=18800/20000 loss=0.665039 d_h=-0.488281 eval_acc=None active=0.0035603841145833335
[2026-06-29T03:39:15] step=18900/20000 loss=0.670898 d_h=0 eval_acc=None active=0.0033365885416666665
[2026-06-29T03:40:01] step=19000/20000 loss=0.672852 d_h=0.488281 eval_acc=0.5642167780252413 active=0.003535970052083333
[2026-06-29T03:40:45] step=19100/20000 loss=0.685547 d_h=1.46484 eval_acc=None active=0.0033243815104166668
[2026-06-29T03:41:29] step=19200/20000 loss=0.666016 d_h=-0.976562 eval_acc=None active=0.0031534830729166665
[2026-06-29T03:42:14] step=19300/20000 loss=0.689697 d_h=-2.19727 eval_acc=None active=0.0031534830729166665
[2026-06-29T03:42:58] step=19400/20000 loss=0.668457 d_h=-0.976562 eval_acc=None active=0.0034383138020833335
[2026-06-29T03:43:42] step=19500/20000 loss=0.672363 d_h=0 eval_acc=None active=0.0030965169270833334
[2026-06-29T03:44:27] step=19600/20000 loss=0.67334 d_h=0 eval_acc=None active=0.003361002604166667
[2026-06-29T03:45:11] step=19700/20000 loss=0.678955 d_h=0.244141 eval_acc=None active=0.0034342447916666666
[2026-06-29T03:45:55] step=19800/20000 loss=0.685791 d_h=0.244141 eval_acc=None active=0.0033203125
[2026-06-29T03:46:40] step=19900/20000 loss=0.654785 d_h=0.488281 eval_acc=None active=0.0031331380208333335
[2026-06-29T03:47:26] step=20000/20000 loss=0.696777 d_h=-0.488281 eval_acc=0.5670378619153675 active=0.0032267252604166667
[2026-06-29T03:47:27] finished int4_prefix_quantized_seedfixed_sst2_mezo_default_h1e-3_seed64_full_bs64_step20k status=complete steps=20000
RobertaConfig {
  "_attn_implementation_autoset": true,
  "architectures": [
    "RobertaForMaskedLM"
  ],
  "attention_probs_dropout_prob": 0.1,
  "bos_token_id": 0,
  "classifier_dropout": null,
  "eos_token_id": 2,
  "finetuning_task": "sst-5",
  "hidden_act": "gelu",
  "hidden_dropout_prob": 0.1,
  "hidden_size": 1024,
  "id2label": {
    "0": "LABEL_0",
    "1": "LABEL_1",
    "2": "LABEL_2",
    "3": "LABEL_3",
    "4": "LABEL_4"
  },
  "initializer_range": 0.02,
  "intermediate_size": 4096,
  "label2id": {
    "LABEL_0": 0,
    "LABEL_1": 1,
    "LABEL_2": 2,
    "LABEL_3": 3,
    "LABEL_4": 4
  },
  "layer_norm_eps": 1e-05,
  "max_position_embeddings": 514,
  "model_type": "roberta",
  "num_attention_heads": 16,
  "num_hidden_layers": 24,
  "pad_token_id": 1,
  "position_embedding_type": "absolute",
  "torch_dtype": "float32",
  "transformers_version": "4.51.3",
  "type_vocab_size": 1,
  "use_cache": true,
  "vocab_size": 50265
}

[2026-06-29T03:47:28] starting int4_sparsep0p1_taskgrad_seedfixed_sst5_mezo_default_h1e-3_seed64_full_bs64_step20k
[2026-06-29T03:47:31] sparse mask strategy=task_grad_static p=0.1 source=static_task_gradient_square_before_zo_training hash=447be9e3765f selection=global_topk_grad_square_linear_weight active_all=0.0872295 active_quantized_linear=0.100078
[2026-06-29T03:47:34] step=1/20000 loss=1.70215 d_h=83.9844 eval_acc=None active=0.011877607691587709
[2026-06-29T03:48:12] step=100/20000 loss=1.63623 d_h=32.7148 eval_acc=None active=0.011877607691587709
[2026-06-29T03:48:50] step=200/20000 loss=1.61377 d_h=1.46484 eval_acc=None active=0.011864932038022349
[2026-06-29T03:49:29] step=300/20000 loss=1.56152 d_h=-4.88281 eval_acc=None active=0.011872117814560953
[2026-06-29T03:50:07] step=400/20000 loss=1.61914 d_h=11.7188 eval_acc=None active=0.011861213996306482
[2026-06-29T03:50:45] step=500/20000 loss=1.6167 d_h=-12.207 eval_acc=None active=0.011863745189607753
[2026-06-29T03:51:24] step=600/20000 loss=1.62598 d_h=-5.85938 eval_acc=None active=0.011870888779591337
[2026-06-29T03:52:02] step=700/20000 loss=1.61182 d_h=1.46484 eval_acc=None active=0.011868427897215102
[2026-06-29T03:52:40] step=800/20000 loss=1.59131 d_h=-23.9258 eval_acc=None active=0.011875031499294416
[2026-06-29T03:53:19] step=900/20000 loss=1.56885 d_h=-3.41797 eval_acc=None active=0.011868056655530916
[2026-06-29T03:54:06] step=1000/20000 loss=1.58447 d_h=16.1133 eval_acc=0.2728337236533958 active=0.01187065534732022
[2026-06-29T03:54:45] step=1100/20000 loss=1.65332 d_h=-79.1016 eval_acc=None active=0.011875186183329493
[2026-06-29T03:55:23] step=1200/20000 loss=1.55811 d_h=19.043 eval_acc=None active=0.011867755724771766
[2026-06-29T03:56:01] step=1300/20000 loss=1.56348 d_h=-2.92969 eval_acc=None active=0.011871954693214871
[2026-06-29T03:56:40] step=1400/20000 loss=1.59863 d_h=-35.1562 eval_acc=None active=0.011863613005068687
[2026-06-29T03:57:18] step=1500/20000 loss=1.604 d_h=-7.32422 eval_acc=None active=0.011861813045387783
[2026-06-29T03:57:56] step=1600/20000 loss=1.65625 d_h=26.3672 eval_acc=None active=0.011866445129129108
[2026-06-29T03:58:35] step=1700/20000 loss=1.62695 d_h=0.976562 eval_acc=None active=0.011867834473007804
[2026-06-29T03:59:13] step=1800/20000 loss=1.63965 d_h=1.95312 eval_acc=None active=0.011866664499215217
[2026-06-29T03:59:51] step=1900/20000 loss=1.55762 d_h=15.625 eval_acc=None active=0.01187302623171241
[2026-06-29T04:00:32] step=2000/20000 loss=1.64404 d_h=-20.9961 eval_acc=0.26697892271662765 active=0.011862676463547217
[2026-06-29T04:01:10] step=2100/20000 loss=1.56689 d_h=-5.37109 eval_acc=None active=0.011868560081754168
[2026-06-29T04:01:49] step=2200/20000 loss=1.59814 d_h=-56.1523 eval_acc=None active=0.011867153863253464
[2026-06-29T04:02:27] step=2300/20000 loss=1.6416 d_h=-9.76562 eval_acc=None active=0.011871912506659851
[2026-06-29T04:03:05] step=2400/20000 loss=1.59863 d_h=-1.95312 eval_acc=None active=0.011862414906906085
[2026-06-29T04:03:44] step=2500/20000 loss=1.61084 d_h=14.1602 eval_acc=None active=0.011862907083381332
[2026-06-29T04:04:22] step=2600/20000 loss=1.5957 d_h=-2.92969 eval_acc=None active=0.011867561666618667
[2026-06-29T04:05:00] step=2700/20000 loss=1.61084 d_h=-12.207 eval_acc=None active=0.011872699989020246
[2026-06-29T04:05:39] step=2800/20000 loss=1.58838 d_h=-7.32422 eval_acc=None active=0.011867899159058837
[2026-06-29T04:06:17] step=2900/20000 loss=1.54541 d_h=-15.1367 eval_acc=None active=0.011868495395703137
[2026-06-29T04:07:03] step=3000/20000 loss=1.60986 d_h=-0.488281 eval_acc=0.27400468384074944 active=0.011871164398417476
[2026-06-29T04:07:42] step=3100/20000 loss=1.60449 d_h=-23.4375 eval_acc=None active=0.01186577295668577
[2026-06-29T04:08:20] step=3200/20000 loss=1.48926 d_h=-17.5781 eval_acc=None active=0.01186886101251332
[2026-06-29T04:08:58] step=3300/20000 loss=1.56836 d_h=27.3438 eval_acc=None active=0.011868439146963108
[2026-06-29T04:09:37] step=3400/20000 loss=1.61475 d_h=19.043 eval_acc=None active=0.011867676976535726
[2026-06-29T04:10:15] step=3500/20000 loss=1.60693 d_h=69.8242 eval_acc=None active=0.01187189000716384
[2026-06-29T04:10:53] step=3600/20000 loss=1.59668 d_h=-9.76562 eval_acc=None active=0.011870942215894364
[2026-06-29T04:11:31] step=3700/20000 loss=1.54004 d_h=-5.85938 eval_acc=None active=0.01187306560583043
[2026-06-29T04:12:10] step=3800/20000 loss=1.57031 d_h=2.92969 eval_acc=None active=0.01186975817991677
[2026-06-29T04:12:48] step=3900/20000 loss=1.60596 d_h=8.30078 eval_acc=None active=0.011871161585980474
[2026-06-29T04:13:28] step=4000/20000 loss=1.58594 d_h=2.92969 eval_acc=0.2716627634660422 active=0.011869170380583475
[2026-06-29T04:14:07] step=4100/20000 loss=1.58545 d_h=-15.1367 eval_acc=None active=0.011866304507279038
[2026-06-29T04:14:45] step=4200/20000 loss=1.55664 d_h=9.76562 eval_acc=None active=0.011870666597068225
[2026-06-29T04:15:23] step=4300/20000 loss=1.4834 d_h=-37.1094 eval_acc=None active=0.011873794027013796
[2026-06-29T04:16:02] step=4400/20000 loss=1.57373 d_h=7.32422 eval_acc=None active=0.011873614031045705
[2026-06-29T04:16:40] step=4500/20000 loss=1.63477 d_h=-14.6484 eval_acc=None active=0.011875284618624542
[2026-06-29T04:17:18] step=4600/20000 loss=1.61475 d_h=16.1133 eval_acc=None active=0.01187328778835354
[2026-06-29T04:17:57] step=4700/20000 loss=1.6499 d_h=-18.0664 eval_acc=None active=0.011871198147661492
[2026-06-29T04:18:35] step=4800/20000 loss=1.54102 d_h=2.92969 eval_acc=None active=0.01186840539771909
[2026-06-29T04:19:13] step=4900/20000 loss=1.59473 d_h=8.78906 eval_acc=None active=0.011872775924819284
[2026-06-29T04:19:56] step=5000/20000 loss=1.5376 d_h=17.0898 eval_acc=0.27049180327868855 active=0.011872213437419002
[2026-06-29T04:20:35] step=5100/20000 loss=1.57422 d_h=9.76562 eval_acc=None active=0.011865525462229645
[2026-06-29T04:21:13] step=5200/20000 loss=1.65576 d_h=-17.0898 eval_acc=None active=0.011863672066245716
[2026-06-29T04:21:51] step=5300/20000 loss=1.56982 d_h=12.207 eval_acc=None active=0.011870455664293119
[2026-06-29T04:22:30] step=5400/20000 loss=1.56836 d_h=-5.85938 eval_acc=None active=0.011862181474634968
[2026-06-29T04:23:08] step=5500/20000 loss=1.59277 d_h=0.976562 eval_acc=None active=0.011870292542947037
[2026-06-29T04:23:46] step=5600/20000 loss=1.52881 d_h=21.9727 eval_acc=None active=0.011874390263658094
[2026-06-29T04:24:24] step=5700/20000 loss=1.54932 d_h=-6.34766 eval_acc=None active=0.011867522292500649
[2026-06-29T04:25:03] step=5800/20000 loss=1.60498 d_h=26.8555 eval_acc=None active=0.011868070717715923
[2026-06-29T04:25:41] step=5900/20000 loss=1.63135 d_h=-32.7148 eval_acc=None active=0.011870767844800276
[2026-06-29T04:26:27] step=6000/20000 loss=1.54785 d_h=27.3438 eval_acc=0.2775175644028103 active=0.011868869449824324
[2026-06-29T04:27:06] step=6100/20000 loss=1.54883 d_h=-5.85938 eval_acc=None active=0.011867699476031737
[2026-06-29T04:27:44] step=6200/20000 loss=1.5874 d_h=3.41797 eval_acc=None active=0.01186581233080379
[2026-06-29T04:28:23] step=6300/20000 loss=1.56396 d_h=-8.30078 eval_acc=None active=0.011872888422299341
[2026-06-29T04:29:01] step=6400/20000 loss=1.54248 d_h=0.488281 eval_acc=None active=0.011866993554344382
[2026-06-29T04:29:39] step=6500/20000 loss=1.63672 d_h=7.8125 eval_acc=None active=0.011868295712676035
[2026-06-29T04:30:18] step=6600/20000 loss=1.62646 d_h=3.41797 eval_acc=None active=0.011874803691897301
[2026-06-29T04:30:56] step=6700/20000 loss=1.57031 d_h=37.1094 eval_acc=None active=0.011866405755011088
[2026-06-29T04:31:34] step=6800/20000 loss=1.60693 d_h=20.9961 eval_acc=None active=0.01186716792543847
[2026-06-29T04:32:13] step=6900/20000 loss=1.58594 d_h=-35.1562 eval_acc=None active=0.01186810446695994
[2026-06-29T04:33:00] step=7000/20000 loss=1.54346 d_h=-20.0195 eval_acc=0.2962529274004684 active=0.011868630392679203
[2026-06-29T04:33:38] step=7100/20000 loss=1.58057 d_h=16.1133 eval_acc=None active=0.01186975817991677
[2026-06-29T04:34:17] step=7200/20000 loss=1.60742 d_h=-35.1562 eval_acc=None active=0.011874055583654926
[2026-06-29T04:34:55] step=7300/20000 loss=1.59229 d_h=6.34766 eval_acc=None active=0.011866484503247128
[2026-06-29T04:35:33] step=7400/20000 loss=1.55811 d_h=9.27734 eval_acc=None active=0.011866594188290181
[2026-06-29T04:36:12] step=7500/20000 loss=1.5166 d_h=-25.3906 eval_acc=None active=0.011875205870388504
[2026-06-29T04:36:50] step=7600/20000 loss=1.51221 d_h=-16.1133 eval_acc=None active=0.011860887753614319
[2026-06-29T04:37:28] step=7700/20000 loss=1.55029 d_h=41.5039 eval_acc=None active=0.011865339841387552
[2026-06-29T04:38:06] step=7800/20000 loss=1.5791 d_h=-2.92969 eval_acc=None active=0.01186041245176108
[2026-06-29T04:38:45] step=7900/20000 loss=1.54443 d_h=22.9492 eval_acc=None active=0.011860856816807304
[2026-06-29T04:39:25] step=8000/20000 loss=1.5166 d_h=19.5312 eval_acc=0.2775175644028103 active=0.0118500879955289
[2026-06-29T04:40:04] step=8100/20000 loss=1.56348 d_h=-14.6484 eval_acc=None active=0.011861228058491489
[2026-06-29T04:40:42] step=8200/20000 loss=1.52393 d_h=11.2305 eval_acc=None active=0.011862926770440343
[2026-06-29T04:41:20] step=8300/20000 loss=1.60791 d_h=-17.0898 eval_acc=None active=0.011858086566360913
[2026-06-29T04:41:59] step=8400/20000 loss=1.65576 d_h=-24.9023 eval_acc=None active=0.011860100271253924
[2026-06-29T04:42:37] step=8500/20000 loss=1.55078 d_h=6.83594 eval_acc=None active=0.011859506847046626
[2026-06-29T04:43:15] step=8600/20000 loss=1.59717 d_h=-10.2539 eval_acc=None active=0.011866127323747947
[2026-06-29T04:43:54] step=8700/20000 loss=1.52441 d_h=84.9609 eval_acc=None active=0.011859264977464505
[2026-06-29T04:44:32] step=8800/20000 loss=1.58594 d_h=-71.2891 eval_acc=None active=0.011863272700191515
[2026-06-29T04:45:10] step=8900/20000 loss=1.48975 d_h=16.1133 eval_acc=None active=0.01185299605538836
[2026-06-29T04:45:54] step=9000/20000 loss=1.55371 d_h=-1.95312 eval_acc=0.32669789227166274 active=0.01185708252635141
[2026-06-29T04:46:32] step=9100/20000 loss=1.53906 d_h=-31.25 eval_acc=None active=0.011857630951566686
[2026-06-29T04:47:10] step=9200/20000 loss=1.67285 d_h=21.4844 eval_acc=None active=0.011855679120287706
[2026-06-29T04:47:49] step=9300/20000 loss=1.56299 d_h=21.9727 eval_acc=None active=0.011858328435943035
[2026-06-29T04:48:27] step=9400/20000 loss=1.64502 d_h=13.1836 eval_acc=None active=0.011856958779123348
[2026-06-29T04:49:05] step=9500/20000 loss=1.63477 d_h=-14.6484 eval_acc=None active=0.011858016255435878
[2026-06-29T04:49:43] step=9600/20000 loss=1.61279 d_h=6.34766 eval_acc=None active=0.011859079356622412
[2026-06-29T04:50:22] step=9700/20000 loss=1.56104 d_h=-17.0898 eval_acc=None active=0.011858424058801083
[2026-06-29T04:51:00] step=9800/20000 loss=1.54834 d_h=-4.39453 eval_acc=None active=0.01186146992807361
[2026-06-29T04:51:38] step=9900/20000 loss=1.60449 d_h=-9.76562 eval_acc=None active=0.011852042639244881
[2026-06-29T04:52:25] step=10000/20000 loss=1.53711 d_h=3.90625 eval_acc=0.33021077283372363 active=0.011859464660491604
[2026-06-29T04:53:04] step=10100/20000 loss=1.55322 d_h=-1.46484 eval_acc=None active=0.011859557470912652
[2026-06-29T04:53:42] step=10200/20000 loss=1.50439 d_h=-21.9727 eval_acc=None active=0.011857197836268468
[2026-06-29T04:54:21] step=10300/20000 loss=1.56592 d_h=49.3164 eval_acc=None active=0.011864782978861274
[2026-06-29T04:54:59] step=10400/20000 loss=1.56543 d_h=-8.78906 eval_acc=None active=0.011859236853094491
[2026-06-29T04:55:37] step=10500/20000 loss=1.50977 d_h=22.4609 eval_acc=None active=0.011862713025228235
[2026-06-29T04:56:16] step=10600/20000 loss=1.52441 d_h=-36.1328 eval_acc=None active=0.0118572625223195
[2026-06-29T04:56:54] step=10700/20000 loss=1.56689 d_h=-5.37109 eval_acc=None active=0.01185409290581891
[2026-06-29T04:57:32] step=10800/20000 loss=1.56787 d_h=-20.0195 eval_acc=None active=0.011852411068492066
[2026-06-29T04:58:11] step=10900/20000 loss=1.57471 d_h=9.27734 eval_acc=None active=0.011858041567368891
[2026-06-29T04:58:58] step=11000/20000 loss=1.55811 d_h=-18.0664 eval_acc=0.36416861826697894 active=0.011855870366003801
[2026-06-29T04:59:37] step=11100/20000 loss=1.54199 d_h=17.5781 eval_acc=None active=0.011857352520303545
[2026-06-29T05:00:15] step=11200/20000 loss=1.49561 d_h=-13.1836 eval_acc=None active=0.011852607939082164
[2026-06-29T05:00:53] step=11300/20000 loss=1.60059 d_h=-0.976562 eval_acc=None active=0.01185991183797483
[2026-06-29T05:01:31] step=11400/20000 loss=1.5791 d_h=24.4141 eval_acc=None active=0.011859163729732454
[2026-06-29T05:02:10] step=11500/20000 loss=1.5752 d_h=-2.92969 eval_acc=None active=0.01184741618037756
[2026-06-29T05:02:48] step=11600/20000 loss=1.54395 d_h=2.92969 eval_acc=None active=0.011857647826188693
[2026-06-29T05:03:26] step=11700/20000 loss=1.62988 d_h=35.1562 eval_acc=None active=0.011856340042983037
[2026-06-29T05:04:05] step=11800/20000 loss=1.49365 d_h=-37.5977 eval_acc=None active=0.011852948243959336
[2026-06-29T05:04:43] step=11900/20000 loss=1.60693 d_h=-4.39453 eval_acc=None active=0.011860404014450076
[2026-06-29T05:05:30] step=12000/20000 loss=1.53174 d_h=-26.8555 eval_acc=0.3747072599531616 active=0.011859827464864787
[2026-06-29T05:06:08] step=12100/20000 loss=1.37549 d_h=53.2227 eval_acc=None active=0.011858165314596953
[2026-06-29T05:06:47] step=12200/20000 loss=1.52979 d_h=20.9961 eval_acc=None active=0.011854720079270225
[2026-06-29T05:07:25] step=12300/20000 loss=1.61182 d_h=28.8086 eval_acc=None active=0.011849941748804826
[2026-06-29T05:08:03] step=12400/20000 loss=1.56738 d_h=-2.92969 eval_acc=None active=0.011849477696699594
[2026-06-29T05:08:42] step=12500/20000 loss=1.55811 d_h=-37.5977 eval_acc=None active=0.011856967216434353
[2026-06-29T05:09:20] step=12600/20000 loss=1.54688 d_h=-27.3438 eval_acc=None active=0.011850301740741007
[2026-06-29T05:09:58] step=12700/20000 loss=1.5083 d_h=2.44141 eval_acc=None active=0.0118566662856752
[2026-06-29T05:10:37] step=12800/20000 loss=1.60938 d_h=0 eval_acc=None active=0.011858620929391182
[2026-06-29T05:11:15] step=12900/20000 loss=1.58301 d_h=-17.5781 eval_acc=None active=0.01185353323085563
[2026-06-29T05:11:59] step=13000/20000 loss=1.56201 d_h=4.39453 eval_acc=0.3442622950819672 active=0.011857884070896812
[2026-06-29T05:12:37] step=13100/20000 loss=1.54932 d_h=13.1836 eval_acc=None active=0.011859371850070558
[2026-06-29T05:13:15] step=13200/20000 loss=1.51562 d_h=27.3438 eval_acc=None active=0.01185748189240561
[2026-06-29T05:13:54] step=13300/20000 loss=1.55859 d_h=-24.4141 eval_acc=None active=0.011855912552558823
[2026-06-29T05:14:32] step=13400/20000 loss=1.59521 d_h=9.27734 eval_acc=None active=0.011852205760590963
[2026-06-29T05:15:10] step=13500/20000 loss=1.58154 d_h=10.2539 eval_acc=None active=0.011857495954590618
[2026-06-29T05:15:49] step=13600/20000 loss=1.49414 d_h=-24.4141 eval_acc=None active=0.011853246362281486
[2026-06-29T05:16:27] step=13700/20000 loss=1.5415 d_h=10.2539 eval_acc=None active=0.01185371603926072
[2026-06-29T05:17:05] step=13800/20000 loss=1.54834 d_h=1.46484 eval_acc=None active=0.0118510835982274
[2026-06-29T05:17:43] step=13900/20000 loss=1.51367 d_h=-4.88281 eval_acc=None active=0.011851828894032773
[2026-06-29T05:18:31] step=14000/20000 loss=1.55762 d_h=14.6484 eval_acc=0.39695550351288056 active=0.011854227902794978
[2026-06-29T05:19:09] step=14100/20000 loss=1.49756 d_h=-4.39453 eval_acc=None active=0.01185680409508827
[2026-06-29T05:19:48] step=14200/20000 loss=1.53564 d_h=-9.27734 eval_acc=None active=0.011852278883953
[2026-06-29T05:20:26] step=14300/20000 loss=1.54834 d_h=5.37109 eval_acc=None active=0.011853465732367594
[2026-06-29T05:21:04] step=14400/20000 loss=1.53613 d_h=25.3906 eval_acc=None active=0.011858185001655962
[2026-06-29T05:21:43] step=14500/20000 loss=1.51416 d_h=-4.39453 eval_acc=None active=0.011862735524724246
[2026-06-29T05:22:21] step=14600/20000 loss=1.53955 d_h=12.207 eval_acc=None active=0.011860029960328889
[2026-06-29T05:22:59] step=14700/20000 loss=1.53174 d_h=5.37109 eval_acc=None active=0.01185550756163062
[2026-06-29T05:23:38] step=14800/20000 loss=1.53955 d_h=-23.9258 eval_acc=None active=0.011852065138740892
[2026-06-29T05:24:16] step=14900/20000 loss=1.56885 d_h=0.488281 eval_acc=None active=0.011864861727097314
[2026-06-29T05:25:03] step=15000/20000 loss=1.5459 d_h=39.0625 eval_acc=0.4238875878220141 active=0.011857358145177547
[2026-06-29T05:25:42] step=15100/20000 loss=1.54736 d_h=-17.0898 eval_acc=None active=0.01185718377408346
[2026-06-29T05:26:20] step=15200/20000 loss=1.4873 d_h=-15.625 eval_acc=None active=0.011862068977154912
[2026-06-29T05:26:58] step=15300/20000 loss=1.45801 d_h=-9.76562 eval_acc=None active=0.011858573117962158
[2026-06-29T05:27:36] step=15400/20000 loss=1.56055 d_h=-45.8984 eval_acc=None active=0.011860381514954065
[2026-06-29T05:28:14] step=15500/20000 loss=1.49316 d_h=-7.8125 eval_acc=None active=0.011855136319946433
[2026-06-29T05:28:53] step=15600/20000 loss=1.52881 d_h=-0.488281 eval_acc=None active=0.011852543253031133
[2026-06-29T05:29:31] step=15700/20000 loss=1.50977 d_h=19.5312 eval_acc=None active=0.011861540238998646
[2026-06-29T05:30:09] step=15800/20000 loss=1.48535 d_h=15.625 eval_acc=None active=0.01185975434150275
[2026-06-29T05:30:47] step=15900/20000 loss=1.47803 d_h=6.34766 eval_acc=None active=0.011859062482000403
[2026-06-29T05:31:34] step=16000/20000 loss=1.53955 d_h=8.30078 eval_acc=0.42505854800936765 active=0.01186158523799067
[2026-06-29T05:32:12] step=16100/20000 loss=1.48682 d_h=13.1836 eval_acc=None active=0.011851142659404429
[2026-06-29T05:32:50] step=16200/20000 loss=1.49658 d_h=7.32422 eval_acc=None active=0.01185236044462604
[2026-06-29T05:33:29] step=16300/20000 loss=1.50098 d_h=10.7422 eval_acc=None active=0.011855296628855514
[2026-06-29T05:34:07] step=16400/20000 loss=1.51318 d_h=-14.1602 eval_acc=None active=0.011848510218371109
[2026-06-29T05:34:45] step=16500/20000 loss=1.50684 d_h=8.78906 eval_acc=None active=0.011846966190457334
[2026-06-29T05:35:24] step=16600/20000 loss=1.479 d_h=-12.207 eval_acc=None active=0.011845292790441494
[2026-06-29T05:36:02] step=16700/20000 loss=1.56055 d_h=5.85938 eval_acc=None active=0.01184414812858192
[2026-06-29T05:36:40] step=16800/20000 loss=1.42676 d_h=0 eval_acc=None active=0.011847174310795438
[2026-06-29T05:37:18] step=16900/20000 loss=1.56934 d_h=-26.3672 eval_acc=None active=0.011850341114859027
[2026-06-29T05:38:02] step=17000/20000 loss=1.49316 d_h=28.3203 eval_acc=0.41920374707259955 active=0.01184897145803934
[2026-06-29T05:38:40] step=17100/20000 loss=1.46436 d_h=-5.37109 eval_acc=None active=0.011843726263031708
[2026-06-29T05:39:19] step=17200/20000 loss=1.50684 d_h=12.6953 eval_acc=None active=0.011854703204648216
[2026-06-29T05:39:57] step=17300/20000 loss=1.47217 d_h=5.37109 eval_acc=None active=0.011849919249308815
[2026-06-29T05:40:35] step=17400/20000 loss=1.5498 d_h=10.7422 eval_acc=None active=0.01185070673166921
[2026-06-29T05:41:13] step=17500/20000 loss=1.5332 d_h=0 eval_acc=None active=0.011855344440284538
[2026-06-29T05:41:52] step=17600/20000 loss=1.4458 d_h=-3.41797 eval_acc=None active=0.011851016099739365
[2026-06-29T05:42:30] step=17700/20000 loss=1.50391 d_h=7.8125 eval_acc=None active=0.01184881114913026
[2026-06-29T05:43:08] step=17800/20000 loss=1.54248 d_h=-0.488281 eval_acc=None active=0.011852205760590963
[2026-06-29T05:43:46] step=17900/20000 loss=1.5 d_h=-7.8125 eval_acc=None active=0.011843343771599516
[2026-06-29T05:44:34] step=18000/20000 loss=1.49707 d_h=0 eval_acc=0.4426229508196721 active=0.011845475598846586
[2026-06-29T05:45:13] step=18100/20000 loss=1.52295 d_h=-10.2539 eval_acc=None active=0.011848167101056937
[2026-06-29T05:45:51] step=18200/20000 loss=1.48828 d_h=20.5078 eval_acc=None active=0.011850552047634133
[2026-06-29T05:46:29] step=18300/20000 loss=1.45605 d_h=22.4609 eval_acc=None active=0.011852692312192208
[2026-06-29T05:47:08] step=18400/20000 loss=1.56641 d_h=-33.2031 eval_acc=None active=0.011850161118890937
[2026-06-29T05:47:46] step=18500/20000 loss=1.52539 d_h=-13.6719 eval_acc=None active=0.011851418278230568
[2026-06-29T05:48:24] step=18600/20000 loss=1.48828 d_h=-21.4844 eval_acc=None active=0.011846271518517986
[2026-06-29T05:49:03] step=18700/20000 loss=1.48389 d_h=7.32422 eval_acc=None active=0.011852641688326181
[2026-06-29T05:49:41] step=18800/20000 loss=1.43359 d_h=5.85938 eval_acc=None active=0.011852894807656309
[2026-06-29T05:50:19] step=18900/20000 loss=1.51758 d_h=46.875 eval_acc=None active=0.011846614635832158
[2026-06-29T05:51:06] step=19000/20000 loss=1.3999 d_h=12.207 eval_acc=0.45784543325526933 active=0.011848344284588025
[2026-06-29T05:51:44] step=19100/20000 loss=1.46436 d_h=18.0664 eval_acc=None active=0.011852886370345305
[2026-06-29T05:52:22] step=19200/20000 loss=1.41309 d_h=-8.78906 eval_acc=None active=0.011850332677548023
[2026-06-29T05:53:01] step=19300/20000 loss=1.52881 d_h=-4.39453 eval_acc=None active=0.011846375578687037
[2026-06-29T05:53:39] step=19400/20000 loss=1.50146 d_h=-40.5273 eval_acc=None active=0.011855203818434468
[2026-06-29T05:54:17] step=19500/20000 loss=1.37549 d_h=-1.46484 eval_acc=None active=0.01184528154069349
[2026-06-29T05:54:56] step=19600/20000 loss=1.49463 d_h=12.207 eval_acc=None active=0.011843239711430463
[2026-06-29T05:55:34] step=19700/20000 loss=1.4502 d_h=0.976562 eval_acc=None active=0.01185172202142672
[2026-06-29T05:56:12] step=19800/20000 loss=1.46826 d_h=-13.1836 eval_acc=None active=0.011846985877516343
[2026-06-29T05:56:50] step=19900/20000 loss=1.43115 d_h=-29.7852 eval_acc=None active=0.011849930499056822
[2026-06-29T05:57:31] step=20000/20000 loss=1.47949 d_h=26.3672 eval_acc=0.446135831381733 active=0.011850012059729862
[2026-06-29T05:57:33] finished int4_sparsep0p1_taskgrad_seedfixed_sst5_mezo_default_h1e-3_seed64_full_bs64_step20k status=complete steps=20000
job_id=46474448 lane=1 end=2026-06-29T05:57:37-04:00
