job_id=46474441 lane=5 host=ra7-2 start=2026-06-28T21:32:02-04:00
Sun Jun 28 21:32:03 2026       
+-----------------------------------------------------------------------------------------+
| NVIDIA-SMI 590.48.01              Driver Version: 590.48.01      CUDA Version: 13.1     |
+-----------------------------------------+------------------------+----------------------+
| GPU  Name                 Persistence-M | Bus-Id          Disp.A | Volatile Uncorr. ECC |
| Fan  Temp   Perf          Pwr:Usage/Cap |           Memory-Usage | GPU-Util  Compute M. |
|                                         |                        |               MIG M. |
|=========================================+========================+======================|
|   0  NVIDIA H100 80GB HBM3          On  |   00000000:5F:00.0 Off |                    0 |
| N/A   44C    P0             75W /  700W |       0MiB /  81559MiB |      0%      Default |
|                                         |                        |             Disabled |
+-----------------------------------------+------------------------+----------------------+

+-----------------------------------------------------------------------------------------+
| Processes:                                                                              |
|  GPU   GI   CI              PID   Type   Process name                        GPU Memory |
|        ID   ID                                                               Usage      |
|=========================================================================================|
|  No running processes found                                                             |
+-----------------------------------------------------------------------------------------+
dc419b7f46519c8adf35ffdf64fba6c0013dba2c
[lane 5] running low-bit rerun manifest v10_lowbit_sparse_prefix_multiseed_rerun_20260628/manifests/lowbit_lane5.csv
RobertaConfig {
  "_attn_implementation_autoset": true,
  "architectures": [
    "RobertaForMaskedLM"
  ],
  "attention_probs_dropout_prob": 0.1,
  "bos_token_id": 0,
  "classifier_dropout": null,
  "eos_token_id": 2,
  "finetuning_task": "trec",
  "hidden_act": "gelu",
  "hidden_dropout_prob": 0.1,
  "hidden_size": 1024,
  "id2label": {
    "0": "LABEL_0",
    "1": "LABEL_1",
    "2": "LABEL_2",
    "3": "LABEL_3",
    "4": "LABEL_4",
    "5": "LABEL_5"
  },
  "initializer_range": 0.02,
  "intermediate_size": 4096,
  "label2id": {
    "LABEL_0": 0,
    "LABEL_1": 1,
    "LABEL_2": 2,
    "LABEL_3": 3,
    "LABEL_4": 4,
    "LABEL_5": 5
  },
  "layer_norm_eps": 1e-05,
  "max_position_embeddings": 514,
  "model_type": "roberta",
  "num_attention_heads": 16,
  "num_hidden_layers": 24,
  "pad_token_id": 1,
  "position_embedding_type": "absolute",
  "torch_dtype": "float32",
  "transformers_version": "4.51.3",
  "type_vocab_size": 1,
  "use_cache": true,
  "vocab_size": 50265
}

[2026-06-28T21:32:10] starting int4_prefix_quantized_seedfixed_trec_hstar_cleanGL_h0p0949896412435_seed32_full_bs64_step20k
[2026-06-28T21:32:10] prefix mode prefix_params=48 active_params=245760 prefix_quantize=True
[2026-06-28T21:32:14] step=1/20000 loss=1.8623 d_h=-0.113088 eval_acc=None active=0.383349609375
[2026-06-28T21:32:58] step=100/20000 loss=1.85938 d_h=-0.0308422 eval_acc=None active=0.383349609375
[2026-06-28T21:33:43] step=200/20000 loss=1.87305 d_h=-0.0925265 eval_acc=None active=0.382666015625
[2026-06-28T21:34:27] step=300/20000 loss=1.89551 d_h=0.0205615 eval_acc=None active=0.3823038736979167
[2026-06-28T21:35:12] step=400/20000 loss=1.89941 d_h=-0.215895 eval_acc=None active=0.382958984375
[2026-06-28T21:35:56] step=500/20000 loss=1.89551 d_h=0.113088 eval_acc=None active=0.3828531901041667
[2026-06-28T21:36:40] step=600/20000 loss=1.74609 d_h=0.0308422 eval_acc=None active=0.38367106119791666
[2026-06-28T21:37:25] step=700/20000 loss=1.86426 d_h=-0.102807 eval_acc=None active=0.38380533854166665
[2026-06-28T21:38:09] step=800/20000 loss=1.78613 d_h=0.0514036 eval_acc=None active=0.38443196614583336
[2026-06-28T21:38:54] step=900/20000 loss=1.90332 d_h=-0.185053 eval_acc=None active=0.38424479166666664
[2026-06-28T21:39:43] step=1000/20000 loss=1.91211 d_h=0.0616844 eval_acc=0.2673992673992674 active=0.38259684244791664
[2026-06-28T21:40:28] step=1100/20000 loss=1.76807 d_h=0.0462633 eval_acc=None active=0.3828531901041667
[2026-06-28T21:41:12] step=1200/20000 loss=1.91113 d_h=-0.0925265 eval_acc=None active=0.3838582356770833
[2026-06-28T21:41:57] step=1300/20000 loss=1.8335 d_h=0.0668247 eval_acc=None active=0.3830078125
[2026-06-28T21:42:41] step=1400/20000 loss=1.8042 d_h=0.00514036 eval_acc=None active=0.3833984375
[2026-06-28T21:43:26] step=1500/20000 loss=1.81982 d_h=-0.107948 eval_acc=None active=0.38336181640625
[2026-06-28T21:44:10] step=1600/20000 loss=1.8667 d_h=-0.0771054 eval_acc=None active=0.38286946614583334
[2026-06-28T21:44:55] step=1700/20000 loss=1.73242 d_h=0 eval_acc=None active=0.38211669921875
[2026-06-28T21:45:39] step=1800/20000 loss=1.84277 d_h=-0.133649 eval_acc=None active=0.38511555989583335
[2026-06-28T21:46:24] step=1900/20000 loss=1.87305 d_h=-0.0822458 eval_acc=None active=0.3826416015625
[2026-06-28T21:47:12] step=2000/20000 loss=1.81592 d_h=0.0462633 eval_acc=0.2838827838827839 active=0.3841959635416667
[2026-06-28T21:47:57] step=2100/20000 loss=1.86865 d_h=-0.118228 eval_acc=None active=0.38284098307291664
[2026-06-28T21:48:41] step=2200/20000 loss=1.8457 d_h=0.0205615 eval_acc=None active=0.38356119791666665
[2026-06-28T21:49:26] step=2300/20000 loss=1.79736 d_h=0.169632 eval_acc=None active=0.3831583658854167
[2026-06-28T21:50:10] step=2400/20000 loss=1.67383 d_h=-0.0514036 eval_acc=None active=0.3834757486979167
[2026-06-28T21:50:55] step=2500/20000 loss=1.75586 d_h=-0.0616844 eval_acc=None active=0.38319091796875
[2026-06-28T21:51:39] step=2600/20000 loss=1.82959 d_h=0.0462633 eval_acc=None active=0.38448893229166664
[2026-06-28T21:52:24] step=2700/20000 loss=1.88574 d_h=-0.0308422 eval_acc=None active=0.38335774739583334
[2026-06-28T21:53:08] step=2800/20000 loss=1.78418 d_h=0.0411229 eval_acc=None active=0.3840861002604167
[2026-06-28T21:53:53] step=2900/20000 loss=1.80176 d_h=0 eval_acc=None active=0.381787109375
[2026-06-28T21:54:40] step=3000/20000 loss=1.74268 d_h=0.0462633 eval_acc=0.28205128205128205 active=0.38445638020833334
[2026-06-28T21:55:25] step=3100/20000 loss=1.81299 d_h=0.0668247 eval_acc=None active=0.38387451171875
[2026-06-28T21:56:09] step=3200/20000 loss=1.70996 d_h=-0.0925265 eval_acc=None active=0.38322347005208335
[2026-06-28T21:56:54] step=3300/20000 loss=1.71094 d_h=-0.0616844 eval_acc=None active=0.38466796875
[2026-06-28T21:57:38] step=3400/20000 loss=1.88672 d_h=0.0719651 eval_acc=None active=0.3845947265625
[2026-06-28T21:58:23] step=3500/20000 loss=1.78223 d_h=0.164492 eval_acc=None active=0.3832478841145833
[2026-06-28T21:59:07] step=3600/20000 loss=1.81787 d_h=-0.0359825 eval_acc=None active=0.38229573567708336
[2026-06-28T21:59:51] step=3700/20000 loss=1.78955 d_h=0.13879 eval_acc=None active=0.383251953125
[2026-06-28T22:00:36] step=3800/20000 loss=1.67188 d_h=0.0616844 eval_acc=None active=0.3819173177083333
[2026-06-28T22:01:21] step=3900/20000 loss=1.73682 d_h=0.00514036 eval_acc=None active=0.38251139322916666
[2026-06-28T22:02:09] step=4000/20000 loss=1.76172 d_h=0.0205615 eval_acc=0.2875457875457875 active=0.384375
[2026-06-28T22:02:54] step=4100/20000 loss=1.74268 d_h=-0.0154211 eval_acc=None active=0.38330485026041666
[2026-06-28T22:03:39] step=4200/20000 loss=1.66748 d_h=0.056544 eval_acc=None active=0.3836466471354167
[2026-06-28T22:04:23] step=4300/20000 loss=1.69043 d_h=-0.0719651 eval_acc=None active=0.38411051432291665
[2026-06-28T22:05:08] step=4400/20000 loss=1.7251 d_h=0.0873862 eval_acc=None active=0.3824381510416667
[2026-06-28T22:05:52] step=4500/20000 loss=1.75635 d_h=0.0668247 eval_acc=None active=0.3831380208333333
[2026-06-28T22:06:36] step=4600/20000 loss=1.79395 d_h=-0.0514036 eval_acc=None active=0.38350016276041665
[2026-06-28T22:07:21] step=4700/20000 loss=1.75195 d_h=0.123369 eval_acc=None active=0.38351643880208336
[2026-06-28T22:08:05] step=4800/20000 loss=1.76221 d_h=0.056544 eval_acc=None active=0.3826700846354167
[2026-06-28T22:08:50] step=4900/20000 loss=1.7168 d_h=0 eval_acc=None active=0.384521484375
[2026-06-28T22:09:38] step=5000/20000 loss=1.74902 d_h=0.0102807 eval_acc=0.30952380952380953 active=0.38358968098958335
[2026-06-28T22:10:23] step=5100/20000 loss=1.6958 d_h=-0.0976669 eval_acc=None active=0.3835042317708333
[2026-06-28T22:11:08] step=5200/20000 loss=1.70117 d_h=0.0719651 eval_acc=None active=0.3841634114583333
[2026-06-28T22:11:52] step=5300/20000 loss=1.75098 d_h=0.0205615 eval_acc=None active=0.3828531901041667
[2026-06-28T22:12:37] step=5400/20000 loss=1.73486 d_h=-0.0257018 eval_acc=None active=0.3838623046875
[2026-06-28T22:13:21] step=5500/20000 loss=1.74512 d_h=-0.0205615 eval_acc=None active=0.3827596028645833
[2026-06-28T22:14:06] step=5600/20000 loss=1.67529 d_h=0.0359825 eval_acc=None active=0.38192138671875
[2026-06-28T22:14:50] step=5700/20000 loss=1.70508 d_h=-0.0822458 eval_acc=None active=0.38443196614583336
[2026-06-28T22:15:35] step=5800/20000 loss=1.73193 d_h=-0.0873862 eval_acc=None active=0.38422037760416666
[2026-06-28T22:16:19] step=5900/20000 loss=1.72412 d_h=-0.0668247 eval_acc=None active=0.38261311848958335
[2026-06-28T22:17:08] step=6000/20000 loss=1.64648 d_h=-0.123369 eval_acc=0.315018315018315 active=0.38301188151041665
[2026-06-28T22:17:53] step=6100/20000 loss=1.69092 d_h=0.0257018 eval_acc=None active=0.38336588541666666
[2026-06-28T22:18:37] step=6200/20000 loss=1.68945 d_h=0.0411229 eval_acc=None active=0.38128255208333334
[2026-06-28T22:19:22] step=6300/20000 loss=1.74414 d_h=0.0102807 eval_acc=None active=0.38278401692708336
[2026-06-28T22:20:06] step=6400/20000 loss=1.71094 d_h=0.0616844 eval_acc=None active=0.383447265625
[2026-06-28T22:20:51] step=6500/20000 loss=1.70996 d_h=0.0102807 eval_acc=None active=0.38209228515625
[2026-06-28T22:21:35] step=6600/20000 loss=1.71777 d_h=0 eval_acc=None active=0.38180338541666664
[2026-06-28T22:22:20] step=6700/20000 loss=1.74268 d_h=-0.00514036 eval_acc=None active=0.3826171875
[2026-06-28T22:23:04] step=6800/20000 loss=1.72852 d_h=0 eval_acc=None active=0.3827921549479167
[2026-06-28T22:23:49] step=6900/20000 loss=1.63916 d_h=0.0668247 eval_acc=None active=0.3821533203125
[2026-06-28T22:24:37] step=7000/20000 loss=1.68604 d_h=0.0257018 eval_acc=0.32783882783882784 active=0.38253987630208336
[2026-06-28T22:25:22] step=7100/20000 loss=1.61426 d_h=-0.0411229 eval_acc=None active=0.3830322265625
[2026-06-28T22:26:06] step=7200/20000 loss=1.66748 d_h=-0.0771054 eval_acc=None active=0.38232828776041666
[2026-06-28T22:26:50] step=7300/20000 loss=1.70215 d_h=0 eval_acc=None active=0.38194580078125
[2026-06-28T22:27:35] step=7400/20000 loss=1.69873 d_h=-0.0668247 eval_acc=None active=0.3814900716145833
[2026-06-28T22:28:19] step=7500/20000 loss=1.59766 d_h=-0.0411229 eval_acc=None active=0.38358154296875
[2026-06-28T22:29:04] step=7600/20000 loss=1.68994 d_h=0.056544 eval_acc=None active=0.3818115234375
[2026-06-28T22:29:48] step=7700/20000 loss=1.6333 d_h=-0.0257018 eval_acc=None active=0.3830037434895833
[2026-06-28T22:30:33] step=7800/20000 loss=1.67969 d_h=0.102807 eval_acc=None active=0.383349609375
[2026-06-28T22:31:17] step=7900/20000 loss=1.59473 d_h=-0.0514036 eval_acc=None active=0.3845743815104167
[2026-06-28T22:32:05] step=8000/20000 loss=1.70312 d_h=0.0205615 eval_acc=0.3626373626373626 active=0.3826212565104167
[2026-06-28T22:32:50] step=8100/20000 loss=1.70312 d_h=0.0616844 eval_acc=None active=0.38270263671875
[2026-06-28T22:33:34] step=8200/20000 loss=1.62256 d_h=-0.0359825 eval_acc=None active=0.38297119140625
[2026-06-28T22:34:19] step=8300/20000 loss=1.68799 d_h=0.0257018 eval_acc=None active=0.38155924479166664
[2026-06-28T22:35:03] step=8400/20000 loss=1.61768 d_h=-0.00514036 eval_acc=None active=0.3817138671875
[2026-06-28T22:35:48] step=8500/20000 loss=1.67139 d_h=0.0257018 eval_acc=None active=0.3823649088541667
[2026-06-28T22:36:32] step=8600/20000 loss=1.63477 d_h=-0.154211 eval_acc=None active=0.38326416015625
[2026-06-28T22:37:16] step=8700/20000 loss=1.64844 d_h=-0.0308422 eval_acc=None active=0.3828653971354167
[2026-06-28T22:38:01] step=8800/20000 loss=1.62402 d_h=0.0205615 eval_acc=None active=0.38271891276041664
[2026-06-28T22:38:45] step=8900/20000 loss=1.7002 d_h=0.0205615 eval_acc=None active=0.3815999348958333
[2026-06-28T22:39:32] step=9000/20000 loss=1.63721 d_h=0.107948 eval_acc=0.34065934065934067 active=0.38284505208333336
[2026-06-28T22:40:17] step=9100/20000 loss=1.67627 d_h=0.0154211 eval_acc=None active=0.3831705729166667
[2026-06-28T22:41:01] step=9200/20000 loss=1.62793 d_h=-0.0411229 eval_acc=None active=0.38356119791666665
[2026-06-28T22:41:45] step=9300/20000 loss=1.62305 d_h=-0.0616844 eval_acc=None active=0.38234049479166665
[2026-06-28T22:42:30] step=9400/20000 loss=1.62646 d_h=0.0668247 eval_acc=None active=0.38233642578125
[2026-06-28T22:43:14] step=9500/20000 loss=1.62891 d_h=-0.113088 eval_acc=None active=0.381787109375
[2026-06-28T22:43:58] step=9600/20000 loss=1.64307 d_h=-0.0462633 eval_acc=None active=0.38424479166666664
[2026-06-28T22:44:43] step=9700/20000 loss=1.60742 d_h=0.0205615 eval_acc=None active=0.3819661458333333
[2026-06-28T22:45:27] step=9800/20000 loss=1.64355 d_h=0.0514036 eval_acc=None active=0.3818603515625
[2026-06-28T22:46:11] step=9900/20000 loss=1.6377 d_h=0.113088 eval_acc=None active=0.38153076171875
[2026-06-28T22:46:59] step=10000/20000 loss=1.65527 d_h=-0.0308422 eval_acc=0.3534798534798535 active=0.38171793619791666
[2026-06-28T22:47:43] step=10100/20000 loss=1.66748 d_h=-0.0359825 eval_acc=None active=0.3825276692708333
[2026-06-28T22:48:27] step=10200/20000 loss=1.63037 d_h=-0.056544 eval_acc=None active=0.38063151041666665
[2026-06-28T22:49:12] step=10300/20000 loss=1.63379 d_h=-0.0822458 eval_acc=None active=0.3821044921875
[2026-06-28T22:49:56] step=10400/20000 loss=1.59033 d_h=-0.107948 eval_acc=None active=0.38272705078125
[2026-06-28T22:50:41] step=10500/20000 loss=1.70166 d_h=-0.107948 eval_acc=None active=0.3824544270833333
[2026-06-28T22:51:25] step=10600/20000 loss=1.5625 d_h=0.123369 eval_acc=None active=0.38243408203125
[2026-06-28T22:52:09] step=10700/20000 loss=1.60498 d_h=-0.0154211 eval_acc=None active=0.3819173177083333
[2026-06-28T22:52:54] step=10800/20000 loss=1.69092 d_h=0.056544 eval_acc=None active=0.38211669921875
[2026-06-28T22:53:38] step=10900/20000 loss=1.59277 d_h=-0.0411229 eval_acc=None active=0.37999267578125
[2026-06-28T22:54:26] step=11000/20000 loss=1.62842 d_h=0.00514036 eval_acc=0.36813186813186816 active=0.38150634765625
[2026-06-28T22:55:11] step=11100/20000 loss=1.65283 d_h=-0.0154211 eval_acc=None active=0.38230794270833335
[2026-06-28T22:55:55] step=11200/20000 loss=1.61084 d_h=0.107948 eval_acc=None active=0.38200276692708335
[2026-06-28T22:56:40] step=11300/20000 loss=1.63281 d_h=0.0719651 eval_acc=None active=0.3815104166666667
[2026-06-28T22:57:24] step=11400/20000 loss=1.62109 d_h=-0.0719651 eval_acc=None active=0.3797810872395833
[2026-06-28T22:58:09] step=11500/20000 loss=1.56445 d_h=-0.0205615 eval_acc=None active=0.38185221354166665
[2026-06-28T22:58:53] step=11600/20000 loss=1.54785 d_h=-0.0102807 eval_acc=None active=0.381787109375
[2026-06-28T22:59:38] step=11700/20000 loss=1.62939 d_h=-0.0257018 eval_acc=None active=0.3819986979166667
[2026-06-28T23:00:22] step=11800/20000 loss=1.63818 d_h=0.056544 eval_acc=None active=0.3819051106770833
[2026-06-28T23:01:07] step=11900/20000 loss=1.52441 d_h=0.0205615 eval_acc=None active=0.38064371744791664
[2026-06-28T23:01:54] step=12000/20000 loss=1.63574 d_h=0.0411229 eval_acc=0.3534798534798535 active=0.3824462890625
[2026-06-28T23:02:38] step=12100/20000 loss=1.56934 d_h=0 eval_acc=None active=0.3821329752604167
[2026-06-28T23:03:23] step=12200/20000 loss=1.65234 d_h=-0.0822458 eval_acc=None active=0.3823445638020833
[2026-06-28T23:04:07] step=12300/20000 loss=1.59375 d_h=0.0205615 eval_acc=None active=0.38208414713541666
[2026-06-28T23:04:52] step=12400/20000 loss=1.53662 d_h=-0.0257018 eval_acc=None active=0.38133138020833335
[2026-06-28T23:05:36] step=12500/20000 loss=1.63184 d_h=0.0102807 eval_acc=None active=0.38095296223958336
[2026-06-28T23:06:21] step=12600/20000 loss=1.56592 d_h=-0.107948 eval_acc=None active=0.38076578776041664
[2026-06-28T23:07:05] step=12700/20000 loss=1.58447 d_h=0.056544 eval_acc=None active=0.3816935221354167
[2026-06-28T23:07:50] step=12800/20000 loss=1.59131 d_h=0.00514036 eval_acc=None active=0.38168131510416664
[2026-06-28T23:08:34] step=12900/20000 loss=1.56396 d_h=0.00514036 eval_acc=None active=0.38110758463541666
[2026-06-28T23:09:21] step=13000/20000 loss=1.52246 d_h=0.133649 eval_acc=0.3608058608058608 active=0.38129069010416666
[2026-06-28T23:10:06] step=13100/20000 loss=1.58105 d_h=0.0514036 eval_acc=None active=0.38077392578125
[2026-06-28T23:10:50] step=13200/20000 loss=1.6167 d_h=0.0668247 eval_acc=None active=0.38192545572916664
[2026-06-28T23:11:34] step=13300/20000 loss=1.59912 d_h=0.0976669 eval_acc=None active=0.382470703125
[2026-06-28T23:12:19] step=13400/20000 loss=1.61963 d_h=0.0668247 eval_acc=None active=0.38109944661458334
[2026-06-28T23:13:03] step=13500/20000 loss=1.56689 d_h=0.0668247 eval_acc=None active=0.38165690104166666
[2026-06-28T23:13:48] step=13600/20000 loss=1.55664 d_h=0.0719651 eval_acc=None active=0.38134358723958334
[2026-06-28T23:14:32] step=13700/20000 loss=1.58789 d_h=0.0822458 eval_acc=None active=0.3796305338541667
[2026-06-28T23:15:17] step=13800/20000 loss=1.54785 d_h=0 eval_acc=None active=0.3810628255208333
[2026-06-28T23:16:01] step=13900/20000 loss=1.53418 d_h=0.0719651 eval_acc=None active=0.37979329427083336
[2026-06-28T23:16:50] step=14000/20000 loss=1.57666 d_h=0.0154211 eval_acc=0.38095238095238093 active=0.3803304036458333
[2026-06-28T23:17:34] step=14100/20000 loss=1.62793 d_h=-0.123369 eval_acc=None active=0.37916666666666665
[2026-06-28T23:18:19] step=14200/20000 loss=1.50781 d_h=-0.0411229 eval_acc=None active=0.3803629557291667
[2026-06-28T23:19:03] step=14300/20000 loss=1.57715 d_h=-0.0616844 eval_acc=None active=0.37994791666666666
[2026-06-28T23:19:48] step=14400/20000 loss=1.53613 d_h=-0.0205615 eval_acc=None active=0.38003743489583336
[2026-06-28T23:20:33] step=14500/20000 loss=1.5498 d_h=0.267299 eval_acc=None active=0.380419921875
[2026-06-28T23:21:17] step=14600/20000 loss=1.52734 d_h=0.0411229 eval_acc=None active=0.38111572265625
[2026-06-28T23:22:02] step=14700/20000 loss=1.47949 d_h=0.0411229 eval_acc=None active=0.38033447265625
[2026-06-28T23:22:46] step=14800/20000 loss=1.58496 d_h=-0.0822458 eval_acc=None active=0.38124186197916665
[2026-06-28T23:23:30] step=14900/20000 loss=1.65625 d_h=-0.0205615 eval_acc=None active=0.3803792317708333
[2026-06-28T23:24:19] step=15000/20000 loss=1.63818 d_h=0.0462633 eval_acc=0.4157509157509158 active=0.3811848958333333
[2026-06-28T23:25:04] step=15100/20000 loss=1.51758 d_h=0.0411229 eval_acc=None active=0.38142496744791665
[2026-06-28T23:25:48] step=15200/20000 loss=1.55127 d_h=0.13879 eval_acc=None active=0.379736328125
[2026-06-28T23:26:33] step=15300/20000 loss=1.59619 d_h=0.0771054 eval_acc=None active=0.37947184244791665
[2026-06-28T23:27:18] step=15400/20000 loss=1.42529 d_h=0.159351 eval_acc=None active=0.38065999348958335
[2026-06-28T23:28:02] step=15500/20000 loss=1.53906 d_h=0.0102807 eval_acc=None active=0.38158772786458334
[2026-06-28T23:28:47] step=15600/20000 loss=1.61914 d_h=0.0616844 eval_acc=None active=0.37987060546875
[2026-06-28T23:29:32] step=15700/20000 loss=1.49365 d_h=0.0257018 eval_acc=None active=0.38101399739583336
[2026-06-28T23:30:17] step=15800/20000 loss=1.45947 d_h=0.0462633 eval_acc=None active=0.3807169596354167
[2026-06-28T23:31:01] step=15900/20000 loss=1.58838 d_h=-0.128509 eval_acc=None active=0.37965087890625
[2026-06-28T23:31:50] step=16000/20000 loss=1.51416 d_h=0.128509 eval_acc=0.4175824175824176 active=0.38074137369791666
[2026-06-28T23:32:35] step=16100/20000 loss=1.49805 d_h=0.0411229 eval_acc=None active=0.37977294921875
[2026-06-28T23:33:19] step=16200/20000 loss=1.52148 d_h=-0.0719651 eval_acc=None active=0.38041585286458335
[2026-06-28T23:34:04] step=16300/20000 loss=1.58691 d_h=0 eval_acc=None active=0.3808064778645833
[2026-06-28T23:34:48] step=16400/20000 loss=1.41064 d_h=-0.128509 eval_acc=None active=0.38128255208333334
[2026-06-28T23:35:33] step=16500/20000 loss=1.48389 d_h=-0.210755 eval_acc=None active=0.3804728190104167
[2026-06-28T23:36:18] step=16600/20000 loss=1.60986 d_h=-0.0154211 eval_acc=None active=0.3787109375
[2026-06-28T23:37:02] step=16700/20000 loss=1.5542 d_h=0.128509 eval_acc=None active=0.37976481119791666
[2026-06-28T23:37:46] step=16800/20000 loss=1.43604 d_h=-0.0873862 eval_acc=None active=0.38136393229166665
[2026-06-28T23:38:31] step=16900/20000 loss=1.4873 d_h=-0.113088 eval_acc=None active=0.37943115234375
[2026-06-28T23:39:19] step=17000/20000 loss=1.4458 d_h=-0.293001 eval_acc=0.44871794871794873 active=0.37934977213541665
[2026-06-28T23:40:04] step=17100/20000 loss=1.46338 d_h=-0.13879 eval_acc=None active=0.37997639973958336
[2026-06-28T23:40:48] step=17200/20000 loss=1.39014 d_h=-0.149071 eval_acc=None active=0.37886149088541665
[2026-06-28T23:41:33] step=17300/20000 loss=1.41699 d_h=0.0514036 eval_acc=None active=0.37950032552083335
[2026-06-28T23:42:17] step=17400/20000 loss=1.39453 d_h=0.185053 eval_acc=None active=0.37987060546875
[2026-06-28T23:43:02] step=17500/20000 loss=1.38623 d_h=-0.190193 eval_acc=None active=0.37961018880208336
[2026-06-28T23:43:46] step=17600/20000 loss=1.38525 d_h=0.107948 eval_acc=None active=0.37911376953125
[2026-06-28T23:44:30] step=17700/20000 loss=1.40039 d_h=-0.0411229 eval_acc=None active=0.37994791666666666
[2026-06-28T23:45:15] step=17800/20000 loss=1.4624 d_h=0.056544 eval_acc=None active=0.37971598307291665
[2026-06-28T23:45:59] step=17900/20000 loss=1.42969 d_h=0.0719651 eval_acc=None active=0.3786092122395833
[2026-06-28T23:46:48] step=18000/20000 loss=1.44824 d_h=-0.133649 eval_acc=0.5256410256410257 active=0.3789876302083333
[2026-06-28T23:47:33] step=18100/20000 loss=1.41553 d_h=-0.293001 eval_acc=None active=0.3788655598958333
[2026-06-28T23:48:17] step=18200/20000 loss=1.38184 d_h=0 eval_acc=None active=0.37954508463541664
[2026-06-28T23:49:02] step=18300/20000 loss=1.32764 d_h=-0.0462633 eval_acc=None active=0.37859700520833334
[2026-06-28T23:49:46] step=18400/20000 loss=1.4248 d_h=0.0308422 eval_acc=None active=0.3783487955729167
[2026-06-28T23:50:31] step=18500/20000 loss=1.37354 d_h=0.0771054 eval_acc=None active=0.3786092122395833
[2026-06-28T23:51:15] step=18600/20000 loss=1.39551 d_h=0.102807 eval_acc=None active=0.37829996744791666
[2026-06-28T23:52:00] step=18700/20000 loss=1.41113 d_h=0.133649 eval_acc=None active=0.37770182291666665
[2026-06-28T23:52:44] step=18800/20000 loss=1.35107 d_h=0.179913 eval_acc=None active=0.37726236979166666
[2026-06-28T23:53:29] step=18900/20000 loss=1.29443 d_h=0.262159 eval_acc=None active=0.3783162434895833
[2026-06-28T23:54:17] step=19000/20000 loss=1.26562 d_h=0.195334 eval_acc=0.6245421245421245 active=0.37803548177083335
[2026-06-28T23:55:02] step=19100/20000 loss=1.21094 d_h=-0.0822458 eval_acc=None active=0.37743733723958334
[2026-06-28T23:55:47] step=19200/20000 loss=1.32959 d_h=0.0771054 eval_acc=None active=0.3786417643229167
[2026-06-28T23:56:31] step=19300/20000 loss=1.26855 d_h=-0.133649 eval_acc=None active=0.37732340494791666
[2026-06-28T23:57:16] step=19400/20000 loss=1.35889 d_h=0.0771054 eval_acc=None active=0.3785400390625
[2026-06-28T23:58:00] step=19500/20000 loss=1.26367 d_h=0.370106 eval_acc=None active=0.3787027994791667
[2026-06-28T23:58:45] step=19600/20000 loss=1.24902 d_h=-0.226176 eval_acc=None active=0.37694091796875
[2026-06-28T23:59:30] step=19700/20000 loss=1.35205 d_h=0.0359825 eval_acc=None active=0.37750651041666666
[2026-06-29T00:00:14] step=19800/20000 loss=1.32227 d_h=0.400948 eval_acc=None active=0.37666422526041665
[2026-06-29T00:00:59] step=19900/20000 loss=1.22803 d_h=-0.251878 eval_acc=None active=0.3778564453125
[2026-06-29T00:01:47] step=20000/20000 loss=1.28906 d_h=-0.257018 eval_acc=0.6703296703296703 active=0.37829182942708334
[2026-06-29T00:01:48] finished int4_prefix_quantized_seedfixed_trec_hstar_cleanGL_h0p0949896412435_seed32_full_bs64_step20k status=complete steps=20000
RobertaConfig {
  "_attn_implementation_autoset": true,
  "architectures": [
    "RobertaForMaskedLM"
  ],
  "attention_probs_dropout_prob": 0.1,
  "bos_token_id": 0,
  "classifier_dropout": null,
  "eos_token_id": 2,
  "finetuning_task": "rte",
  "hidden_act": "gelu",
  "hidden_dropout_prob": 0.1,
  "hidden_size": 1024,
  "initializer_range": 0.02,
  "intermediate_size": 4096,
  "layer_norm_eps": 1e-05,
  "max_position_embeddings": 514,
  "model_type": "roberta",
  "num_attention_heads": 16,
  "num_hidden_layers": 24,
  "pad_token_id": 1,
  "position_embedding_type": "absolute",
  "torch_dtype": "float32",
  "transformers_version": "4.51.3",
  "type_vocab_size": 1,
  "use_cache": true,
  "vocab_size": 50265
}

[2026-06-29T00:01:49] starting int4_sparsep0p1_taskgrad_seedfixed_rte_hstar_lowbitL_h0p000359154678187_seed32_full_bs64_step20k
[2026-06-29T00:01:52] sparse mask strategy=task_grad_static p=0.1 source=static_task_gradient_square_before_zo_training hash=b7216984485c selection=global_topk_grad_square_linear_weight active_all=0.0872203 active_quantized_linear=0.100068
[2026-06-29T00:01:55] step=1/20000 loss=0.713623 d_h=-65.9372 eval_acc=None active=0.003902253492491943
[2026-06-29T00:02:39] step=100/20000 loss=0.679932 d_h=-4.75835 eval_acc=None active=0.003902253492491943
[2026-06-29T00:03:24] step=200/20000 loss=0.688721 d_h=-8.83694 eval_acc=None active=0.003901719124844842
[2026-06-29T00:04:08] step=300/20000 loss=0.688232 d_h=-23.7918 eval_acc=None active=0.0038980235506959424
[2026-06-29T00:04:52] step=400/20000 loss=0.720947 d_h=11.556 eval_acc=None active=0.0038939145447358645
[2026-06-29T00:05:37] step=500/20000 loss=0.696289 d_h=6.79765 eval_acc=None active=0.0039019975585135947
[2026-06-29T00:06:21] step=600/20000 loss=0.699219 d_h=8.15717 eval_acc=None active=0.0039063371863003165
[2026-06-29T00:07:06] step=700/20000 loss=0.682373 d_h=-6.11788 eval_acc=None active=0.003907715292337578
[2026-06-29T00:07:50] step=800/20000 loss=0.705566 d_h=-10.8762 eval_acc=None active=0.0039052318890092073
[2026-06-29T00:08:35] step=900/20000 loss=0.548096 d_h=-50.9823 eval_acc=None active=0.0039028919212071643
[2026-06-29T00:09:30] step=1000/20000 loss=0.696533 d_h=-3.39882 eval_acc=0.5783132530120482 active=0.0039044725244580633
[2026-06-29T00:10:15] step=1100/20000 loss=0.673584 d_h=-31.9489 eval_acc=None active=0.00390909902329744
[2026-06-29T00:10:59] step=1200/20000 loss=0.697021 d_h=8.83694 eval_acc=None active=0.0038904017805714993
[2026-06-29T00:11:44] step=1300/20000 loss=0.678711 d_h=-5.43812 eval_acc=None active=0.0039000232106806212
[2026-06-29T00:12:28] step=1400/20000 loss=0.695312 d_h=12.2358 eval_acc=None active=0.0038982879220581927
[2026-06-29T00:13:13] step=1500/20000 loss=0.70166 d_h=-16.3143 eval_acc=None active=0.003900476016950007
[2026-06-29T00:13:57] step=1600/20000 loss=0.66626 d_h=-2.03929 eval_acc=None active=0.0039018850600615737
[2026-06-29T00:14:42] step=1700/20000 loss=0.678711 d_h=-5.43812 eval_acc=None active=0.0038956582707421945
[2026-06-29T00:15:26] step=1800/20000 loss=0.860596 d_h=-94.4873 eval_acc=None active=0.0038984088578941155
[2026-06-29T00:16:11] step=1900/20000 loss=0.700684 d_h=-65.2574 eval_acc=None active=0.0038986422921820597
[2026-06-29T00:17:01] step=2000/20000 loss=0.69043 d_h=5.43812 eval_acc=0.5542168674698795 active=0.0038922776922589546
[2026-06-29T00:17:46] step=2100/20000 loss=0.667236 d_h=19.7132 eval_acc=None active=0.003895354524921737
[2026-06-29T00:18:30] step=2200/20000 loss=0.667236 d_h=38.7466 eval_acc=None active=0.003897002627243849
[2026-06-29T00:19:15] step=2300/20000 loss=0.656738 d_h=1.35953 eval_acc=None active=0.003895458585989857
[2026-06-29T00:19:59] step=2400/20000 loss=0.68042 d_h=10.1965 eval_acc=None active=0.003900113209442238
[2026-06-29T00:20:43] step=2500/20000 loss=0.68042 d_h=-71.3753 eval_acc=None active=0.003895017029565673
[2026-06-29T00:21:28] step=2600/20000 loss=0.69873 d_h=9.5167 eval_acc=None active=0.003894336413930944
[2026-06-29T00:22:12] step=2700/20000 loss=0.80542 d_h=218.204 eval_acc=None active=0.0038989797875381236
[2026-06-29T00:22:57] step=2800/20000 loss=0.700928 d_h=-38.7466 eval_acc=None active=0.003898130424225363
[2026-06-29T00:23:42] step=2900/20000 loss=0.696533 d_h=-4.75835 eval_acc=None active=0.0038994016567332032
[2026-06-29T00:24:36] step=3000/20000 loss=0.669434 d_h=1.35953 eval_acc=0.5983935742971888 active=0.0038991035358353467
[2026-06-29T00:25:20] step=3100/20000 loss=0.678955 d_h=-15.6346 eval_acc=None active=0.003900686951547547
[2026-06-29T00:26:05] step=3200/20000 loss=0.684082 d_h=5.43812 eval_acc=None active=0.003902664111841821
[2026-06-29T00:26:49] step=3300/20000 loss=0.702637 d_h=-44.8645 eval_acc=None active=0.0038949354681879576
[2026-06-29T00:27:34] step=3400/20000 loss=0.662598 d_h=4.07859 eval_acc=None active=0.0038928429969803616
[2026-06-29T00:28:18] step=3500/20000 loss=0.694092 d_h=38.7466 eval_acc=None active=0.003901617876238023
[2026-06-29T00:29:03] step=3600/20000 loss=0.53833 d_h=-93.1277 eval_acc=None active=0.0038952870258505243
[2026-06-29T00:29:47] step=3700/20000 loss=0.6875 d_h=9.5167 eval_acc=None active=0.0038969941898599476
[2026-06-29T00:30:31] step=3800/20000 loss=0.676758 d_h=-10.8762 eval_acc=None active=0.003895534522444971
[2026-06-29T00:31:16] step=3900/20000 loss=0.689697 d_h=-0.679765 eval_acc=None active=0.003895992953636958
[2026-06-29T00:32:02] step=4000/20000 loss=0.68042 d_h=-19.7132 eval_acc=0.5742971887550201 active=0.003896383885757732
[2026-06-29T00:32:47] step=4100/20000 loss=0.680908 d_h=-6.11788 eval_acc=None active=0.003893014557119694
[2026-06-29T00:33:31] step=4200/20000 loss=0.69165 d_h=36.0275 eval_acc=None active=0.003894159228869011
[2026-06-29T00:34:16] step=4300/20000 loss=0.680908 d_h=11.556 eval_acc=None active=0.003896442947445043
[2026-06-29T00:35:00] step=4400/20000 loss=0.683838 d_h=-15.6346 eval_acc=None active=0.003898121986841461
[2026-06-29T00:35:45] step=4500/20000 loss=0.72583 d_h=-257.631 eval_acc=None active=0.003898867289086102
[2026-06-29T00:36:29] step=4600/20000 loss=0.667725 d_h=0.679765 eval_acc=None active=0.003897002627243849
[2026-06-29T00:37:14] step=4700/20000 loss=0.703613 d_h=-4.07859 eval_acc=None active=0.0038998825876155946
[2026-06-29T00:37:58] step=4800/20000 loss=0.70459 d_h=20.3929 eval_acc=None active=0.0038936979852157235
[2026-06-29T00:38:43] step=4900/20000 loss=0.692139 d_h=-19.7132 eval_acc=None active=0.0038987941650922885
[2026-06-29T00:39:30] step=5000/20000 loss=0.68335 d_h=4.75835 eval_acc=0.5662650602409639 active=0.003893934231964968
[2026-06-29T00:40:14] step=5100/20000 loss=0.697021 d_h=12.9155 eval_acc=None active=0.003894212665633721
[2026-06-29T00:40:59] step=5200/20000 loss=0.662598 d_h=19.0334 eval_acc=None active=0.003894572660680189
[2026-06-29T00:41:43] step=5300/20000 loss=0.681885 d_h=-4.75835 eval_acc=None active=0.0038931129932652125
[2026-06-29T00:42:27] step=5400/20000 loss=0.602539 d_h=451.364 eval_acc=None active=0.0038910627089771247
[2026-06-29T00:43:12] step=5500/20000 loss=0.703369 d_h=2.03929 eval_acc=None active=0.003897539807352251
[2026-06-29T00:43:57] step=5600/20000 loss=0.678955 d_h=-0.679765 eval_acc=None active=0.0039015250650151056
[2026-06-29T00:44:41] step=5700/20000 loss=0.689941 d_h=-20.3929 eval_acc=None active=0.0038918586355251752
[2026-06-29T00:45:26] step=5800/20000 loss=0.67749 d_h=-2.03929 eval_acc=None active=0.0038932592412528402
[2026-06-29T00:46:10] step=5900/20000 loss=0.691406 d_h=6.79765 eval_acc=None active=0.0039014800656342967
[2026-06-29T00:46:57] step=6000/20000 loss=0.687744 d_h=2.03929 eval_acc=0.5220883534136547 active=0.0038971095007732694
[2026-06-29T00:47:42] step=6100/20000 loss=0.69165 d_h=-0.679765 eval_acc=None active=0.003902821609674651
[2026-06-29T00:48:26] step=6200/20000 loss=0.673584 d_h=14.2751 eval_acc=None active=0.0039014716282503954
[2026-06-29T00:49:10] step=6300/20000 loss=0.577393 d_h=-11.556 eval_acc=None active=0.003896676381732987
[2026-06-29T00:49:55] step=6400/20000 loss=0.684082 d_h=-16.3143 eval_acc=None active=0.003894446099921665
[2026-06-29T00:50:39] step=6500/20000 loss=0.677979 d_h=-0.679765 eval_acc=None active=0.0038954979604480643
[2026-06-29T00:51:24] step=6600/20000 loss=0.661133 d_h=-16.3143 eval_acc=None active=0.0038910261469802176
[2026-06-29T00:52:08] step=6700/20000 loss=0.678955 d_h=2.03929 eval_acc=None active=0.0038946345348288007
[2026-06-29T00:52:53] step=6800/20000 loss=0.693604 d_h=-41.4656 eval_acc=None active=0.0038868412045650253
[2026-06-29T00:53:37] step=6900/20000 loss=0.671143 d_h=38.7466 eval_acc=None active=0.0038915267650917124
[2026-06-29T00:54:23] step=7000/20000 loss=0.69165 d_h=10.1965 eval_acc=0.5783132530120482 active=0.003887305260679613
[2026-06-29T00:55:08] step=7100/20000 loss=0.69751 d_h=-25.1513 eval_acc=None active=0.0038906295899368425
[2026-06-29T00:55:52] step=7200/20000 loss=0.554688 d_h=118.279 eval_acc=None active=0.0038964035729868356
[2026-06-29T00:56:37] step=7300/20000 loss=0.684082 d_h=2.71906 eval_acc=None active=0.0038962601374605086
[2026-06-29T00:57:21] step=7400/20000 loss=0.693115 d_h=-4.75835 eval_acc=None active=0.0038940551678008912
[2026-06-29T00:58:06] step=7500/20000 loss=0.664795 d_h=-11.556 eval_acc=None active=0.003892047070432311
[2026-06-29T00:58:50] step=7600/20000 loss=0.66626 d_h=-6.11788 eval_acc=None active=0.0038895524172587385
[2026-06-29T00:59:35] step=7700/20000 loss=0.67627 d_h=-17.6739 eval_acc=None active=0.003895056404023881
[2026-06-29T01:00:19] step=7800/20000 loss=0.676758 d_h=8.15717 eval_acc=None active=0.0038901908459739593
[2026-06-29T01:01:03] step=7900/20000 loss=0.695312 d_h=-16.3143 eval_acc=None active=0.0038888549268562066
[2026-06-29T01:01:54] step=8000/20000 loss=0.646729 d_h=-18.3536 eval_acc=0.5903614457831325 active=0.0038914592660204994
[2026-06-29T01:02:38] step=8100/20000 loss=0.563965 d_h=-88.3694 eval_acc=None active=0.0038906661519337495
[2026-06-29T01:03:23] step=8200/20000 loss=0.660889 d_h=-16.9941 eval_acc=None active=0.0038898646004630975
[2026-06-29T01:04:07] step=8300/20000 loss=0.65918 d_h=-19.0334 eval_acc=None active=0.003889850538156595
[2026-06-29T01:04:52] step=8400/20000 loss=0.667725 d_h=26.5108 eval_acc=None active=0.003893827358435548
[2026-06-29T01:05:36] step=8500/20000 loss=0.674561 d_h=16.9941 eval_acc=None active=0.003893641735989713
[2026-06-29T01:06:21] step=8600/20000 loss=0.705078 d_h=-31.2692 eval_acc=None active=0.0038897014777076666
[2026-06-29T01:07:05] step=8700/20000 loss=0.643066 d_h=6.79765 eval_acc=None active=0.003891487390633505
[2026-06-29T01:07:50] step=8800/20000 loss=0.646973 d_h=-16.3143 eval_acc=None active=0.003886574020741475
[2026-06-29T01:08:34] step=8900/20000 loss=0.684082 d_h=-63.8979 eval_acc=None active=0.0038872349491470997
[2026-06-29T01:09:24] step=9000/20000 loss=0.68042 d_h=137.992 eval_acc=0.6305220883534136 active=0.0038810503467472286
[2026-06-29T01:10:08] step=9100/20000 loss=0.675781 d_h=27.1906 eval_acc=None active=0.0038892149219026746
[2026-06-29T01:10:53] step=9200/20000 loss=0.664062 d_h=12.2358 eval_acc=None active=0.003883075318883612
[2026-06-29T01:11:37] step=9300/20000 loss=0.689697 d_h=-4.75835 eval_acc=None active=0.003887696192800387
[2026-06-29T01:12:22] step=9400/20000 loss=0.670166 d_h=-0.679765 eval_acc=None active=0.0038843718635431577
[2026-06-29T01:13:06] step=9500/20000 loss=0.674316 d_h=23.112 eval_acc=None active=0.003884560298450293
[2026-06-29T01:13:51] step=9600/20000 loss=0.671387 d_h=-12.2358 eval_acc=None active=0.0038823468914067744
[2026-06-29T01:14:35] step=9700/20000 loss=0.671387 d_h=16.3143 eval_acc=None active=0.003889619916329951
[2026-06-29T01:15:20] step=9800/20000 loss=0.700439 d_h=-53.7014 eval_acc=None active=0.003885609346515392
[2026-06-29T01:16:04] step=9900/20000 loss=0.543701 d_h=65.9372 eval_acc=None active=0.0038865205839767646
[2026-06-29T01:16:56] step=10000/20000 loss=0.669434 d_h=-14.9548 eval_acc=0.6184738955823293 active=0.0038845462361437907
[2026-06-29T01:17:41] step=10100/20000 loss=0.701172 d_h=38.0668 eval_acc=None active=0.0038944545373055667
[2026-06-29T01:18:25] step=10200/20000 loss=0.687744 d_h=-14.2751 eval_acc=None active=0.0038900783475219382
[2026-06-29T01:19:10] step=10300/20000 loss=0.663086 d_h=-19.0334 eval_acc=None active=0.0038895889792556456
[2026-06-29T01:19:54] step=10400/20000 loss=0.66748 d_h=-6.79765 eval_acc=None active=0.0038902555325838716
[2026-06-29T01:20:39] step=10500/20000 loss=0.660645 d_h=1.35953 eval_acc=None active=0.0038927783103704493
[2026-06-29T01:21:23] step=10600/20000 loss=0.700928 d_h=-12.9155 eval_acc=None active=0.0038906295899368425
[2026-06-29T01:22:07] step=10700/20000 loss=0.681396 d_h=2.03929 eval_acc=None active=0.0038914620784818
[2026-06-29T01:22:52] step=10800/20000 loss=0.593262 d_h=47.5835 eval_acc=None active=0.0038901430341318505
[2026-06-29T01:23:36] step=10900/20000 loss=0.704102 d_h=-2.71906 eval_acc=None active=0.003892311441794561
[2026-06-29T01:24:23] step=11000/20000 loss=0.677734 d_h=35.3478 eval_acc=0.5542168674698795 active=0.0038873586974443233
[2026-06-29T01:25:08] step=11100/20000 loss=0.6875 d_h=10.8762 eval_acc=None active=0.003889650853404257
[2026-06-29T01:25:52] step=11200/20000 loss=0.674561 d_h=11.556 eval_acc=None active=0.003890528341330023
[2026-06-29T01:26:37] step=11300/20000 loss=0.688721 d_h=40.1061 eval_acc=None active=0.003888233372908789
[2026-06-29T01:27:21] step=11400/20000 loss=0.691895 d_h=-1.35953 eval_acc=None active=0.003885488410679469
[2026-06-29T01:28:06] step=11500/20000 loss=0.667725 d_h=4.75835 eval_acc=None active=0.0038863152743018256
[2026-06-29T01:28:50] step=11600/20000 loss=0.684082 d_h=5.43812 eval_acc=None active=0.003885789344038626
[2026-06-29T01:29:35] step=11700/20000 loss=0.735352 d_h=-20.3929 eval_acc=None active=0.003888694616562076
[2026-06-29T01:30:19] step=11800/20000 loss=0.710693 d_h=-23.7918 eval_acc=None active=0.0038864671472120544
[2026-06-29T01:31:03] step=11900/20000 loss=0.662598 d_h=-23.112 eval_acc=None active=0.003885814656190331
[2026-06-29T01:31:50] step=12000/20000 loss=0.689453 d_h=43.5049 eval_acc=0.6024096385542169 active=0.0038882924345960998
[2026-06-29T01:32:34] step=12100/20000 loss=0.701904 d_h=-14.2751 eval_acc=None active=0.0038897464770884754
[2026-06-29T01:33:19] step=12200/20000 loss=0.663818 d_h=-31.9489 eval_acc=None active=0.003887670880648682
[2026-06-29T01:34:03] step=12300/20000 loss=0.667725 d_h=6.11788 eval_acc=None active=0.003886306836917924
[2026-06-29T01:34:48] step=12400/20000 loss=0.680908 d_h=-18.3536 eval_acc=None active=0.0038860396530943733
[2026-06-29T01:35:32] step=12500/20000 loss=0.664551 d_h=-21.7525 eval_acc=None active=0.0038781647614528824
[2026-06-29T01:36:17] step=12600/20000 loss=0.63916 d_h=-142.751 eval_acc=None active=0.003886365898605235
[2026-06-29T01:37:01] step=12700/20000 loss=0.669189 d_h=-6.11788 eval_acc=None active=0.003890871461608688
[2026-06-29T01:37:46] step=12800/20000 loss=0.693848 d_h=8.15717 eval_acc=None active=0.0038820065835894098
[2026-06-29T01:38:30] step=12900/20000 loss=0.683838 d_h=10.1965 eval_acc=None active=0.0038788819390845183
[2026-06-29T01:39:17] step=13000/20000 loss=0.691406 d_h=2.71906 eval_acc=0.5461847389558233 active=0.003877025714626167
[2026-06-29T01:40:02] step=13100/20000 loss=0.689941 d_h=0 eval_acc=None active=0.0038809012862983006
[2026-06-29T01:40:46] step=13200/20000 loss=0.682617 d_h=0 eval_acc=None active=0.0038859187172584505
[2026-06-29T01:41:31] step=13300/20000 loss=0.650391 d_h=-6.79765 eval_acc=None active=0.003884945605648466
[2026-06-29T01:42:15] step=13400/20000 loss=0.684326 d_h=6.11788 eval_acc=None active=0.0038836574983728226
[2026-06-29T01:42:59] step=13500/20000 loss=0.803711 d_h=50.3026 eval_acc=None active=0.0038816465885429417
[2026-06-29T01:43:44] step=13600/20000 loss=0.668213 d_h=-26.5108 eval_acc=None active=0.0038814609660971066
[2026-06-29T01:44:28] step=13700/20000 loss=0.691895 d_h=4.07859 eval_acc=None active=0.00388264219984333
[2026-06-29T01:45:12] step=13800/20000 loss=0.687012 d_h=8.15717 eval_acc=None active=0.0038819840838990056
[2026-06-29T01:45:57] step=13900/20000 loss=0.691406 d_h=2.71906 eval_acc=None active=0.003884554673527692
[2026-06-29T01:46:43] step=14000/20000 loss=0.666748 d_h=-42.8252 eval_acc=0.5381526104417671 active=0.0038811065959732396
[2026-06-29T01:47:28] step=14100/20000 loss=0.701904 d_h=11.556 eval_acc=None active=0.003883966869115881
[2026-06-29T01:48:12] step=14200/20000 loss=0.682373 d_h=-12.9155 eval_acc=None active=0.0038837868715926468
[2026-06-29T01:48:57] step=14300/20000 loss=0.663818 d_h=7.47741 eval_acc=None active=0.003877543207505465
[2026-06-29T01:49:41] step=14400/20000 loss=0.763916 d_h=-124.397 eval_acc=None active=0.003881340030261184
[2026-06-29T01:50:26] step=14500/20000 loss=0.666748 d_h=-10.1965 eval_acc=None active=0.003881120658279742
[2026-06-29T01:51:10] step=14600/20000 loss=0.670166 d_h=-37.3871 eval_acc=None active=0.0038800828600598454
[2026-06-29T01:51:54] step=14700/20000 loss=0.674561 d_h=-26.5108 eval_acc=None active=0.0038832187544099394
[2026-06-29T01:52:39] step=14800/20000 loss=0.685791 d_h=15.6346 eval_acc=None active=0.0038804962918710236
[2026-06-29T01:53:23] step=14900/20000 loss=0.679443 d_h=10.1965 eval_acc=None active=0.003877396959517837
[2026-06-29T01:54:10] step=15000/20000 loss=0.697754 d_h=-24.4715 eval_acc=0.570281124497992 active=0.003883505625462594
[2026-06-29T01:54:54] step=15100/20000 loss=0.691406 d_h=25.8311 eval_acc=None active=0.0038821809561900428
[2026-06-29T01:55:39] step=15200/20000 loss=0.658203 d_h=6.79765 eval_acc=None active=0.003883095006112716
[2026-06-29T01:56:23] step=15300/20000 loss=0.463623 d_h=2.71906 eval_acc=None active=0.0038775685196571694
[2026-06-29T01:57:08] step=15400/20000 loss=0.69458 d_h=-6.11788 eval_acc=None active=0.0038767979052608237
[2026-06-29T01:57:52] step=15500/20000 loss=0.682373 d_h=-34.668 eval_acc=None active=0.003883477500849588
[2026-06-29T01:58:37] step=15600/20000 loss=0.664551 d_h=-6.79765 eval_acc=None active=0.0038796159914839573
[2026-06-29T01:59:21] step=15700/20000 loss=0.672119 d_h=31.9489 eval_acc=None active=0.003879461306112428
[2026-06-29T02:00:06] step=15800/20000 loss=0.68042 d_h=21.0727 eval_acc=None active=0.003885676845586605
[2026-06-29T02:00:50] step=15900/20000 loss=0.717529 d_h=-22.4322 eval_acc=None active=0.003887389634518629
[2026-06-29T02:01:37] step=16000/20000 loss=0.654053 d_h=23.7918 eval_acc=0.5622489959839357 active=0.0038794641185737285
[2026-06-29T02:02:22] step=16100/20000 loss=0.677979 d_h=4.75835 eval_acc=None active=0.003882023458357213
[2026-06-29T02:03:06] step=16200/20000 loss=0.674316 d_h=53.0216 eval_acc=None active=0.0038824593898587954
[2026-06-29T02:03:51] step=16300/20000 loss=0.682129 d_h=1.35953 eval_acc=None active=0.0038826646995337344
[2026-06-29T02:04:35] step=16400/20000 loss=0.687988 d_h=8.15717 eval_acc=None active=0.003881348467645085
[2026-06-29T02:05:20] step=16500/20000 loss=0.667969 d_h=21.7525 eval_acc=None active=0.003882023458357213
[2026-06-29T02:06:04] step=16600/20000 loss=0.670654 d_h=-8.83694 eval_acc=None active=0.003882012208512011
[2026-06-29T02:06:49] step=16700/20000 loss=0.666016 d_h=9.5167 eval_acc=None active=0.0038799562993013215
[2026-06-29T02:07:33] step=16800/20000 loss=0.64502 d_h=5.43812 eval_acc=None active=0.003875177927551717
[2026-06-29T02:08:18] step=16900/20000 loss=0.655518 d_h=-14.2751 eval_acc=None active=0.0038763394740688366
[2026-06-29T02:09:04] step=17000/20000 loss=0.673584 d_h=-4.75835 eval_acc=0.5903614457831325 active=0.003874893868960363
[2026-06-29T02:09:48] step=17100/20000 loss=0.609375 d_h=-73.4146 eval_acc=None active=0.0038821218945027315
[2026-06-29T02:10:33] step=17200/20000 loss=0.655029 d_h=16.9941 eval_acc=None active=0.0038803697311125
[2026-06-29T02:11:17] step=17300/20000 loss=0.702393 d_h=-57.78 eval_acc=None active=0.003883111880880519
[2026-06-29T02:12:02] step=17400/20000 loss=0.658691 d_h=2.71906 eval_acc=None active=0.00387936568242821
[2026-06-29T02:12:46] step=17500/20000 loss=0.689209 d_h=-65.9372 eval_acc=None active=0.0038759963537901717
[2026-06-29T02:13:31] step=17600/20000 loss=0.673096 d_h=11.556 eval_acc=None active=0.003886053715400876
[2026-06-29T02:14:15] step=17700/20000 loss=0.691162 d_h=40.1061 eval_acc=None active=0.003875208864626023
[2026-06-29T02:15:00] step=17800/20000 loss=0.689697 d_h=-21.0727 eval_acc=None active=0.0038742835648581477
[2026-06-29T02:15:44] step=17900/20000 loss=0.682617 d_h=-32.6287 eval_acc=None active=0.0038725876506939265
[2026-06-29T02:16:31] step=18000/20000 loss=0.688965 d_h=-114.2 eval_acc=0.5261044176706827 active=0.0038703967433408116
[2026-06-29T02:17:15] step=18100/20000 loss=0.710938 d_h=39.4263 eval_acc=None active=0.003876044165632281
[2026-06-29T02:18:00] step=18200/20000 loss=0.711426 d_h=8.15717 eval_acc=None active=0.0038747729331244404
[2026-06-29T02:18:44] step=18300/20000 loss=0.671387 d_h=-24.4715 eval_acc=None active=0.003873780134285352
[2026-06-29T02:19:29] step=18400/20000 loss=0.687256 d_h=-8.83694 eval_acc=None active=0.0038827181362984446
[2026-06-29T02:20:13] step=18500/20000 loss=0.668457 d_h=12.2358 eval_acc=None active=0.003873144518031432
[2026-06-29T02:20:57] step=18600/20000 loss=0.662354 d_h=-8.83694 eval_acc=None active=0.0038796103665613563
[2026-06-29T02:21:42] step=18700/20000 loss=0.705322 d_h=22.4322 eval_acc=None active=0.0038759457294867622
[2026-06-29T02:22:26] step=18800/20000 loss=0.677734 d_h=31.2692 eval_acc=None active=0.0038817253374593564
[2026-06-29T02:23:11] step=18900/20000 loss=0.724121 d_h=-403.78 eval_acc=None active=0.0038770454018552704
[2026-06-29T02:23:58] step=19000/20000 loss=0.687012 d_h=17.6739 eval_acc=0.5622489959839357 active=0.0038750935537127007
[2026-06-29T02:24:42] step=19100/20000 loss=0.686035 d_h=-10.8762 eval_acc=None active=0.003880400668186806
[2026-06-29T02:25:27] step=19200/20000 loss=0.678467 d_h=11.556 eval_acc=None active=0.0038812697187286705
[2026-06-29T02:26:11] step=19300/20000 loss=0.675537 d_h=8.83694 eval_acc=None active=0.003875729169966621
[2026-06-29T02:26:55] step=19400/20000 loss=0.661621 d_h=-28.5501 eval_acc=None active=0.0038791941222888772
[2026-06-29T02:27:40] step=19500/20000 loss=0.684326 d_h=7.47741 eval_acc=None active=0.00387630291207193
[2026-06-29T02:28:24] step=19600/20000 loss=0.66748 d_h=-6.79765 eval_acc=None active=0.003875315738155443
[2026-06-29T02:29:08] step=19700/20000 loss=0.693848 d_h=-5.43812 eval_acc=None active=0.003871963284285208
[2026-06-29T02:29:53] step=19800/20000 loss=0.678223 d_h=-73.4146 eval_acc=None active=0.003867409909439646
[2026-06-29T02:30:38] step=19900/20000 loss=0.662109 d_h=-8.15717 eval_acc=None active=0.0038737070102915386
[2026-06-29T02:31:24] step=20000/20000 loss=0.671875 d_h=23.112 eval_acc=0.5582329317269076 active=0.003876682594347502
[2026-06-29T02:31:26] finished int4_sparsep0p1_taskgrad_seedfixed_rte_hstar_lowbitL_h0p000359154678187_seed32_full_bs64_step20k status=complete steps=20000
RobertaConfig {
  "_attn_implementation_autoset": true,
  "architectures": [
    "RobertaForMaskedLM"
  ],
  "attention_probs_dropout_prob": 0.1,
  "bos_token_id": 0,
  "classifier_dropout": null,
  "eos_token_id": 2,
  "finetuning_task": "trec",
  "hidden_act": "gelu",
  "hidden_dropout_prob": 0.1,
  "hidden_size": 1024,
  "id2label": {
    "0": "LABEL_0",
    "1": "LABEL_1",
    "2": "LABEL_2",
    "3": "LABEL_3",
    "4": "LABEL_4",
    "5": "LABEL_5"
  },
  "initializer_range": 0.02,
  "intermediate_size": 4096,
  "label2id": {
    "LABEL_0": 0,
    "LABEL_1": 1,
    "LABEL_2": 2,
    "LABEL_3": 3,
    "LABEL_4": 4,
    "LABEL_5": 5
  },
  "layer_norm_eps": 1e-05,
  "max_position_embeddings": 514,
  "model_type": "roberta",
  "num_attention_heads": 16,
  "num_hidden_layers": 24,
  "pad_token_id": 1,
  "position_embedding_type": "absolute",
  "torch_dtype": "float32",
  "transformers_version": "4.51.3",
  "type_vocab_size": 1,
  "use_cache": true,
  "vocab_size": 50265
}

[2026-06-29T02:31:27] starting int4_prefix_quantized_seedfixed_trec_hstar_cleanGL_h0p0949896412435_seed64_full_bs64_step20k
[2026-06-29T02:31:27] prefix mode prefix_params=48 active_params=245760 prefix_quantize=True
[2026-06-29T02:31:29] step=1/20000 loss=1.98096 d_h=0.159351 eval_acc=None active=0.3778157552083333
[2026-06-29T02:32:13] step=100/20000 loss=1.79932 d_h=-0.0873862 eval_acc=None active=0.3778157552083333
[2026-06-29T02:32:58] step=200/20000 loss=1.8291 d_h=-0.0205615 eval_acc=None active=0.37776285807291665
[2026-06-29T02:33:42] step=300/20000 loss=1.79736 d_h=-0.0771054 eval_acc=None active=0.37742919921875
[2026-06-29T02:34:27] step=400/20000 loss=1.75342 d_h=0.0873862 eval_acc=None active=0.37826334635416664
[2026-06-29T02:35:12] step=500/20000 loss=1.81006 d_h=0.159351 eval_acc=None active=0.37695719401041666
[2026-06-29T02:35:56] step=600/20000 loss=1.71289 d_h=-0.0822458 eval_acc=None active=0.37593180338541665
[2026-06-29T02:36:41] step=700/20000 loss=1.77393 d_h=-0.056544 eval_acc=None active=0.37767333984375
[2026-06-29T02:37:25] step=800/20000 loss=1.84521 d_h=-0.00514036 eval_acc=None active=0.3765462239583333
[2026-06-29T02:38:10] step=900/20000 loss=1.79883 d_h=-0.133649 eval_acc=None active=0.377978515625
[2026-06-29T02:38:59] step=1000/20000 loss=1.78174 d_h=-0.056544 eval_acc=0.2087912087912088 active=0.37748616536458335
[2026-06-29T02:39:44] step=1100/20000 loss=1.55078 d_h=0.0514036 eval_acc=None active=0.37875569661458336
[2026-06-29T02:40:28] step=1200/20000 loss=1.65186 d_h=-0.0668247 eval_acc=None active=0.37721354166666665
[2026-06-29T02:41:13] step=1300/20000 loss=1.74512 d_h=0.113088 eval_acc=None active=0.3779988606770833
[2026-06-29T02:41:58] step=1400/20000 loss=1.68896 d_h=0.0976669 eval_acc=None active=0.37610270182291666
[2026-06-29T02:42:42] step=1500/20000 loss=1.7998 d_h=-0.0308422 eval_acc=None active=0.37610270182291666
[2026-06-29T02:43:27] step=1600/20000 loss=1.73193 d_h=-0.0257018 eval_acc=None active=0.37817789713541666
[2026-06-29T02:44:11] step=1700/20000 loss=1.646 d_h=0.0154211 eval_acc=None active=0.37766927083333335
[2026-06-29T02:44:56] step=1800/20000 loss=1.83008 d_h=-0.0925265 eval_acc=None active=0.37808837890625
[2026-06-29T02:45:40] step=1900/20000 loss=1.71436 d_h=0.0359825 eval_acc=None active=0.37735595703125
[2026-06-29T02:46:29] step=2000/20000 loss=1.58643 d_h=-0.0154211 eval_acc=0.21245421245421245 active=0.3774820963541667
[2026-06-29T02:47:13] step=2100/20000 loss=1.69287 d_h=-0.159351 eval_acc=None active=0.37613118489583336
[2026-06-29T02:47:58] step=2200/20000 loss=1.68604 d_h=-0.159351 eval_acc=None active=0.3753580729166667
[2026-06-29T02:48:42] step=2300/20000 loss=1.76465 d_h=-0.0514036 eval_acc=None active=0.37680257161458336
[2026-06-29T02:49:27] step=2400/20000 loss=1.70947 d_h=0.0257018 eval_acc=None active=0.3768229166666667
[2026-06-29T02:50:12] step=2500/20000 loss=1.64941 d_h=0.0102807 eval_acc=None active=0.37751871744791665
[2026-06-29T02:50:56] step=2600/20000 loss=1.78906 d_h=0.0514036 eval_acc=None active=0.37738444010416666
[2026-06-29T02:51:41] step=2700/20000 loss=1.71631 d_h=-0.0154211 eval_acc=None active=0.37691650390625
[2026-06-29T02:52:25] step=2800/20000 loss=1.63965 d_h=0.0925265 eval_acc=None active=0.37638753255208335
[2026-06-29T02:53:10] step=2900/20000 loss=1.65283 d_h=0.0771054 eval_acc=None active=0.37783203125
[2026-06-29T02:53:59] step=3000/20000 loss=1.68555 d_h=-0.0616844 eval_acc=0.2490842490842491 active=0.37688802083333334
[2026-06-29T02:54:44] step=3100/20000 loss=1.73584 d_h=0.056544 eval_acc=None active=0.37591552734375
[2026-06-29T02:55:28] step=3200/20000 loss=1.65479 d_h=0.00514036 eval_acc=None active=0.3769612630208333
[2026-06-29T02:56:13] step=3300/20000 loss=1.67822 d_h=-0.0873862 eval_acc=None active=0.37755126953125
[2026-06-29T02:56:58] step=3400/20000 loss=1.58398 d_h=-0.0411229 eval_acc=None active=0.37569986979166664
[2026-06-29T02:57:42] step=3500/20000 loss=1.61914 d_h=0.0411229 eval_acc=None active=0.3759847005208333
[2026-06-29T02:58:27] step=3600/20000 loss=1.5791 d_h=-0.0822458 eval_acc=None active=0.37655029296875
[2026-06-29T02:59:12] step=3700/20000 loss=1.57178 d_h=-0.056544 eval_acc=None active=0.37747802734375
[2026-06-29T02:59:56] step=3800/20000 loss=1.62354 d_h=-0.0976669 eval_acc=None active=0.37722574869791664
[2026-06-29T03:00:41] step=3900/20000 loss=1.63867 d_h=-0.0616844 eval_acc=None active=0.3764241536458333
[2026-06-29T03:01:30] step=4000/20000 loss=1.71094 d_h=0 eval_acc=0.3076923076923077 active=0.37813720703125
[2026-06-29T03:02:14] step=4100/20000 loss=1.646 d_h=-0.056544 eval_acc=None active=0.37676595052083334
[2026-06-29T03:02:59] step=4200/20000 loss=1.6416 d_h=-0.0205615 eval_acc=None active=0.3767903645833333
[2026-06-29T03:03:44] step=4300/20000 loss=1.51025 d_h=-0.0257018 eval_acc=None active=0.37690836588541665
[2026-06-29T03:04:28] step=4400/20000 loss=1.75635 d_h=-0.0359825 eval_acc=None active=0.37668050130208336
[2026-06-29T03:05:13] step=4500/20000 loss=1.66357 d_h=-0.0668247 eval_acc=None active=0.37740478515625
[2026-06-29T03:05:58] step=4600/20000 loss=1.58447 d_h=0.0359825 eval_acc=None active=0.3779093424479167
[2026-06-29T03:06:42] step=4700/20000 loss=1.61719 d_h=0.0925265 eval_acc=None active=0.37607014973958336
[2026-06-29T03:07:27] step=4800/20000 loss=1.69824 d_h=-0.0822458 eval_acc=None active=0.3769775390625
[2026-06-29T03:08:11] step=4900/20000 loss=1.65479 d_h=0.0976669 eval_acc=None active=0.37583821614583335
[2026-06-29T03:09:00] step=5000/20000 loss=1.69043 d_h=0 eval_acc=0.33516483516483514 active=0.3756022135416667
[2026-06-29T03:09:45] step=5100/20000 loss=1.6001 d_h=0.0154211 eval_acc=None active=0.377001953125
[2026-06-29T03:10:29] step=5200/20000 loss=1.57129 d_h=0.0411229 eval_acc=None active=0.37614339192708335
[2026-06-29T03:11:14] step=5300/20000 loss=1.73877 d_h=0.118228 eval_acc=None active=0.37539876302083336
[2026-06-29T03:11:58] step=5400/20000 loss=1.57812 d_h=0 eval_acc=None active=0.37637532552083336
[2026-06-29T03:12:42] step=5500/20000 loss=1.6123 d_h=-0.0822458 eval_acc=None active=0.37682698567708334
[2026-06-29T03:13:26] step=5600/20000 loss=1.62061 d_h=-0.0359825 eval_acc=None active=0.37696533203125
[2026-06-29T03:14:11] step=5700/20000 loss=1.57861 d_h=-0.0359825 eval_acc=None active=0.3768391927083333
[2026-06-29T03:14:55] step=5800/20000 loss=1.50098 d_h=-0.0616844 eval_acc=None active=0.37738444010416666
[2026-06-29T03:15:39] step=5900/20000 loss=1.55811 d_h=-0.00514036 eval_acc=None active=0.3760294596354167
[2026-06-29T03:16:28] step=6000/20000 loss=1.64209 d_h=-0.159351 eval_acc=0.3516483516483517 active=0.3755126953125
[2026-06-29T03:17:12] step=6100/20000 loss=1.64258 d_h=0.0719651 eval_acc=None active=0.37625325520833336
[2026-06-29T03:17:56] step=6200/20000 loss=1.58643 d_h=-0.0359825 eval_acc=None active=0.37710774739583336
[2026-06-29T03:18:40] step=6300/20000 loss=1.53955 d_h=0.107948 eval_acc=None active=0.37553304036458335
[2026-06-29T03:19:25] step=6400/20000 loss=1.53125 d_h=-0.0822458 eval_acc=None active=0.37624918619791664
[2026-06-29T03:20:09] step=6500/20000 loss=1.75586 d_h=0.113088 eval_acc=None active=0.37628173828125
[2026-06-29T03:20:53] step=6600/20000 loss=1.56396 d_h=-0.0359825 eval_acc=None active=0.37529296875
[2026-06-29T03:21:37] step=6700/20000 loss=1.7373 d_h=-0.0205615 eval_acc=None active=0.37647705078125
[2026-06-29T03:22:21] step=6800/20000 loss=1.5874 d_h=0.107948 eval_acc=None active=0.37620442708333335
[2026-06-29T03:23:06] step=6900/20000 loss=1.74072 d_h=-0.0873862 eval_acc=None active=0.37684326171875
[2026-06-29T03:23:54] step=7000/20000 loss=1.62451 d_h=-0.0668247 eval_acc=0.38644688644688646 active=0.3762125651041667
[2026-06-29T03:24:39] step=7100/20000 loss=1.59229 d_h=-0.0257018 eval_acc=None active=0.3755289713541667
[2026-06-29T03:25:23] step=7200/20000 loss=1.64648 d_h=0.0514036 eval_acc=None active=0.37469075520833334
[2026-06-29T03:26:07] step=7300/20000 loss=1.5791 d_h=0.0616844 eval_acc=None active=0.37504475911458335
[2026-06-29T03:26:51] step=7400/20000 loss=1.53369 d_h=-0.00514036 eval_acc=None active=0.37545572916666664
[2026-06-29T03:27:35] step=7500/20000 loss=1.53662 d_h=0.0359825 eval_acc=None active=0.37532958984375
[2026-06-29T03:28:19] step=7600/20000 loss=1.57031 d_h=0 eval_acc=None active=0.37676595052083334
[2026-06-29T03:29:04] step=7700/20000 loss=1.56836 d_h=0.0102807 eval_acc=None active=0.37706298828125
[2026-06-29T03:29:48] step=7800/20000 loss=1.54102 d_h=-0.154211 eval_acc=None active=0.37583821614583335
[2026-06-29T03:30:32] step=7900/20000 loss=1.59619 d_h=0.0873862 eval_acc=None active=0.3762125651041667
[2026-06-29T03:31:21] step=8000/20000 loss=1.59082 d_h=-0.0514036 eval_acc=0.4065934065934066 active=0.37785237630208335
[2026-06-29T03:32:05] step=8100/20000 loss=1.5332 d_h=0.0102807 eval_acc=None active=0.375634765625
[2026-06-29T03:32:49] step=8200/20000 loss=1.58691 d_h=0 eval_acc=None active=0.37510986328125
[2026-06-29T03:33:34] step=8300/20000 loss=1.57959 d_h=0.0976669 eval_acc=None active=0.37613118489583336
[2026-06-29T03:34:18] step=8400/20000 loss=1.57227 d_h=0 eval_acc=None active=0.37673746744791664
[2026-06-29T03:35:02] step=8500/20000 loss=1.52393 d_h=0.169632 eval_acc=None active=0.37710367838541664
[2026-06-29T03:35:46] step=8600/20000 loss=1.55811 d_h=0.00514036 eval_acc=None active=0.377099609375
[2026-06-29T03:36:30] step=8700/20000 loss=1.51367 d_h=-0.0205615 eval_acc=None active=0.37673746744791664
[2026-06-29T03:37:14] step=8800/20000 loss=1.50342 d_h=-0.0976669 eval_acc=None active=0.37585856119791666
[2026-06-29T03:37:58] step=8900/20000 loss=1.53564 d_h=-0.00514036 eval_acc=None active=0.37585856119791666
[2026-06-29T03:38:47] step=9000/20000 loss=1.42578 d_h=-0.0308422 eval_acc=0.4194139194139194 active=0.37657063802083335
[2026-06-29T03:39:31] step=9100/20000 loss=1.69385 d_h=-0.0462633 eval_acc=None active=0.3754069010416667
[2026-06-29T03:40:15] step=9200/20000 loss=1.56348 d_h=-0.0205615 eval_acc=None active=0.3757853190104167
[2026-06-29T03:40:59] step=9300/20000 loss=1.51807 d_h=0.0976669 eval_acc=None active=0.37574869791666665
[2026-06-29T03:41:43] step=9400/20000 loss=1.43457 d_h=0.0411229 eval_acc=None active=0.37594401041666664
[2026-06-29T03:42:27] step=9500/20000 loss=1.54785 d_h=0.0616844 eval_acc=None active=0.37484130859375
[2026-06-29T03:43:11] step=9600/20000 loss=1.46631 d_h=0.0154211 eval_acc=None active=0.37603352864583334
[2026-06-29T03:43:55] step=9700/20000 loss=1.51367 d_h=0.0719651 eval_acc=None active=0.3759765625
[2026-06-29T03:44:39] step=9800/20000 loss=1.48096 d_h=-0.0873862 eval_acc=None active=0.3742268880208333
[2026-06-29T03:45:23] step=9900/20000 loss=1.56104 d_h=-0.231316 eval_acc=None active=0.3747965494791667
[2026-06-29T03:46:11] step=10000/20000 loss=1.38477 d_h=0.133649 eval_acc=0.4340659340659341 active=0.3760579427083333
[2026-06-29T03:46:56] step=10100/20000 loss=1.58008 d_h=-0.0205615 eval_acc=None active=0.3755411783854167
[2026-06-29T03:47:40] step=10200/20000 loss=1.59961 d_h=-0.102807 eval_acc=None active=0.37633056640625
[2026-06-29T03:48:24] step=10300/20000 loss=1.48633 d_h=0.236457 eval_acc=None active=0.3741048177083333
[2026-06-29T03:49:08] step=10400/20000 loss=1.5415 d_h=-0.107948 eval_acc=None active=0.37705078125
[2026-06-29T03:49:52] step=10500/20000 loss=1.5459 d_h=0.113088 eval_acc=None active=0.37687581380208335
[2026-06-29T03:50:36] step=10600/20000 loss=1.53076 d_h=0.056544 eval_acc=None active=0.37545979817708336
[2026-06-29T03:51:20] step=10700/20000 loss=1.48877 d_h=-0.0359825 eval_acc=None active=0.37661946614583336
[2026-06-29T03:52:05] step=10800/20000 loss=1.50928 d_h=-0.0462633 eval_acc=None active=0.37553304036458335
[2026-06-29T03:52:49] step=10900/20000 loss=1.50098 d_h=-0.0822458 eval_acc=None active=0.37520751953125
[2026-06-29T03:53:37] step=11000/20000 loss=1.46094 d_h=-0.0822458 eval_acc=0.4432234432234432 active=0.37513427734375
[2026-06-29T03:54:21] step=11100/20000 loss=1.47021 d_h=0.0154211 eval_acc=None active=0.377490234375
[2026-06-29T03:55:06] step=11200/20000 loss=1.53809 d_h=0.0102807 eval_acc=None active=0.3760782877604167
[2026-06-29T03:55:50] step=11300/20000 loss=1.45801 d_h=-0.0205615 eval_acc=None active=0.3746826171875
[2026-06-29T03:56:34] step=11400/20000 loss=1.55469 d_h=-0.0616844 eval_acc=None active=0.3752237955729167
[2026-06-29T03:57:18] step=11500/20000 loss=1.38184 d_h=-0.0205615 eval_acc=None active=0.37628580729166666
[2026-06-29T03:58:02] step=11600/20000 loss=1.4585 d_h=0.0462633 eval_acc=None active=0.3744099934895833
[2026-06-29T03:58:46] step=11700/20000 loss=1.57129 d_h=-0.0205615 eval_acc=None active=0.37631429036458336
[2026-06-29T03:59:30] step=11800/20000 loss=1.43359 d_h=-0.113088 eval_acc=None active=0.3743408203125
[2026-06-29T04:00:14] step=11900/20000 loss=1.4873 d_h=0.0205615 eval_acc=None active=0.37594807942708336
[2026-06-29T04:01:01] step=12000/20000 loss=1.51025 d_h=0.159351 eval_acc=0.4432234432234432 active=0.37649739583333336
[2026-06-29T04:01:46] step=12100/20000 loss=1.36475 d_h=-0.056544 eval_acc=None active=0.37574462890625
[2026-06-29T04:02:30] step=12200/20000 loss=1.54248 d_h=-0.0257018 eval_acc=None active=0.3759684244791667
[2026-06-29T04:03:14] step=12300/20000 loss=1.45557 d_h=0.13879 eval_acc=None active=0.3727823893229167
[2026-06-29T04:03:58] step=12400/20000 loss=1.53125 d_h=-0.0205615 eval_acc=None active=0.3753458658854167
[2026-06-29T04:04:42] step=12500/20000 loss=1.4917 d_h=0.118228 eval_acc=None active=0.37567545572916666
[2026-06-29T04:05:27] step=12600/20000 loss=1.41895 d_h=-0.0411229 eval_acc=None active=0.37386474609375
[2026-06-29T04:06:11] step=12700/20000 loss=1.42285 d_h=-0.0514036 eval_acc=None active=0.3757120768229167
[2026-06-29T04:06:55] step=12800/20000 loss=1.42334 d_h=-0.0359825 eval_acc=None active=0.37379557291666665
[2026-06-29T04:07:39] step=12900/20000 loss=1.49121 d_h=-0.185053 eval_acc=None active=0.3739420572916667
[2026-06-29T04:08:27] step=13000/20000 loss=1.47803 d_h=0.0154211 eval_acc=0.45787545787545786 active=0.37481689453125
[2026-06-29T04:09:12] step=13100/20000 loss=1.48926 d_h=-0.0308422 eval_acc=None active=0.37565511067708335
[2026-06-29T04:09:56] step=13200/20000 loss=1.49463 d_h=0.0257018 eval_acc=None active=0.374951171875
[2026-06-29T04:10:40] step=13300/20000 loss=1.39307 d_h=0.13879 eval_acc=None active=0.37699788411458335
[2026-06-29T04:11:24] step=13400/20000 loss=1.45361 d_h=-0.0668247 eval_acc=None active=0.3757080078125
[2026-06-29T04:12:08] step=13500/20000 loss=1.47119 d_h=0.107948 eval_acc=None active=0.3742146809895833
[2026-06-29T04:12:52] step=13600/20000 loss=1.50977 d_h=0 eval_acc=None active=0.37496744791666664
[2026-06-29T04:13:36] step=13700/20000 loss=1.41602 d_h=-0.0514036 eval_acc=None active=0.37553304036458335
[2026-06-29T04:14:20] step=13800/20000 loss=1.44287 d_h=-0.056544 eval_acc=None active=0.375634765625
[2026-06-29T04:15:04] step=13900/20000 loss=1.43457 d_h=-0.339264 eval_acc=None active=0.37508544921875
[2026-06-29T04:15:53] step=14000/20000 loss=1.39453 d_h=0 eval_acc=0.4835164835164835 active=0.3751627604166667
[2026-06-29T04:16:37] step=14100/20000 loss=1.39648 d_h=0.195334 eval_acc=None active=0.3743408203125
[2026-06-29T04:17:21] step=14200/20000 loss=1.57471 d_h=0.00514036 eval_acc=None active=0.37599283854166665
[2026-06-29T04:18:05] step=14300/20000 loss=1.34082 d_h=0.14393 eval_acc=None active=0.37435709635416664
[2026-06-29T04:18:49] step=14400/20000 loss=1.45508 d_h=0.154211 eval_acc=None active=0.3740763346354167
[2026-06-29T04:19:33] step=14500/20000 loss=1.51367 d_h=-0.185053 eval_acc=None active=0.3735555013020833
[2026-06-29T04:20:17] step=14600/20000 loss=1.38525 d_h=-0.0154211 eval_acc=None active=0.374609375
[2026-06-29T04:21:01] step=14700/20000 loss=1.39697 d_h=0.056544 eval_acc=None active=0.37591552734375
[2026-06-29T04:21:45] step=14800/20000 loss=1.31738 d_h=-0.215895 eval_acc=None active=0.3755574544270833
[2026-06-29T04:22:30] step=14900/20000 loss=1.44043 d_h=0.195334 eval_acc=None active=0.37415771484375
[2026-06-29T04:23:18] step=15000/20000 loss=1.34033 d_h=0.0668247 eval_acc=0.5421245421245421 active=0.37460530598958336
[2026-06-29T04:24:02] step=15100/20000 loss=1.26953 d_h=0.0616844 eval_acc=None active=0.37364095052083335
[2026-06-29T04:24:46] step=15200/20000 loss=1.41602 d_h=-0.215895 eval_acc=None active=0.37473958333333335
[2026-06-29T04:25:31] step=15300/20000 loss=1.34717 d_h=0.0976669 eval_acc=None active=0.3738932291666667
[2026-06-29T04:26:15] step=15400/20000 loss=1.41016 d_h=0.0308422 eval_acc=None active=0.3733317057291667
[2026-06-29T04:26:59] step=15500/20000 loss=1.33154 d_h=-0.00514036 eval_acc=None active=0.37306315104166665
[2026-06-29T04:27:43] step=15600/20000 loss=1.3877 d_h=-0.0719651 eval_acc=None active=0.3743408203125
[2026-06-29T04:28:27] step=15700/20000 loss=1.41553 d_h=-0.0462633 eval_acc=None active=0.3728434244791667
[2026-06-29T04:29:12] step=15800/20000 loss=1.33984 d_h=-0.0616844 eval_acc=None active=0.3752644856770833
[2026-06-29T04:29:56] step=15900/20000 loss=1.33936 d_h=-0.0462633 eval_acc=None active=0.37423502604166664
[2026-06-29T04:30:44] step=16000/20000 loss=1.34912 d_h=0.0359825 eval_acc=0.5695970695970696 active=0.37191162109375
[2026-06-29T04:31:28] step=16100/20000 loss=1.37939 d_h=-0.0976669 eval_acc=None active=0.37455647786458335
[2026-06-29T04:32:12] step=16200/20000 loss=1.23242 d_h=0.0616844 eval_acc=None active=0.3740966796875
[2026-06-29T04:32:56] step=16300/20000 loss=1.34131 d_h=0.118228 eval_acc=None active=0.37381591796875
[2026-06-29T04:33:40] step=16400/20000 loss=1.30469 d_h=-0.0616844 eval_acc=None active=0.37386881510416664
[2026-06-29T04:34:24] step=16500/20000 loss=1.36914 d_h=0.0102807 eval_acc=None active=0.37457682291666666
[2026-06-29T04:35:08] step=16600/20000 loss=1.38574 d_h=0.0719651 eval_acc=None active=0.37336832682291665
[2026-06-29T04:35:53] step=16700/20000 loss=1.40479 d_h=0.0873862 eval_acc=None active=0.3742757161458333
[2026-06-29T04:36:37] step=16800/20000 loss=1.32666 d_h=-0.0154211 eval_acc=None active=0.3743082682291667
[2026-06-29T04:37:21] step=16900/20000 loss=1.31787 d_h=0.0154211 eval_acc=None active=0.37367350260416665
[2026-06-29T04:38:09] step=17000/20000 loss=1.29004 d_h=0.0616844 eval_acc=0.5879120879120879 active=0.37333984375
[2026-06-29T04:38:53] step=17100/20000 loss=1.22998 d_h=0.056544 eval_acc=None active=0.37269287109375
[2026-06-29T04:39:37] step=17200/20000 loss=1.27686 d_h=-0.0668247 eval_acc=None active=0.37364501953125
[2026-06-29T04:40:21] step=17300/20000 loss=1.28809 d_h=-0.0822458 eval_acc=None active=0.3735880533854167
[2026-06-29T04:41:05] step=17400/20000 loss=1.27686 d_h=-0.0359825 eval_acc=None active=0.37375081380208336
[2026-06-29T04:41:49] step=17500/20000 loss=1.19189 d_h=0.0668247 eval_acc=None active=0.37406819661458335
[2026-06-29T04:42:33] step=17600/20000 loss=1.14355 d_h=-0.0205615 eval_acc=None active=0.37269694010416665
[2026-06-29T04:43:17] step=17700/20000 loss=1.31885 d_h=-0.118228 eval_acc=None active=0.37539876302083336
[2026-06-29T04:44:01] step=17800/20000 loss=1.22705 d_h=-0.251878 eval_acc=None active=0.37462158203125
[2026-06-29T04:44:45] step=17900/20000 loss=1.27588 d_h=0.00514036 eval_acc=None active=0.3736979166666667
[2026-06-29T04:45:34] step=18000/20000 loss=1.34521 d_h=-0.0359825 eval_acc=0.5989010989010989 active=0.37327880859375
[2026-06-29T04:46:18] step=18100/20000 loss=1.24023 d_h=-0.205615 eval_acc=None active=0.37432454427083334
[2026-06-29T04:47:02] step=18200/20000 loss=1.17334 d_h=0.190193 eval_acc=None active=0.3731608072916667
[2026-06-29T04:47:46] step=18300/20000 loss=1.21436 d_h=0.118228 eval_acc=None active=0.3716959635416667
[2026-06-29T04:48:30] step=18400/20000 loss=1.19238 d_h=-0.298141 eval_acc=None active=0.3732828776041667
[2026-06-29T04:49:15] step=18500/20000 loss=1.31055 d_h=0.0822458 eval_acc=None active=0.3729166666666667
[2026-06-29T04:49:59] step=18600/20000 loss=1.19287 d_h=0.107948 eval_acc=None active=0.3724609375
[2026-06-29T04:50:43] step=18700/20000 loss=1.15527 d_h=0.0102807 eval_acc=None active=0.3718668619791667
[2026-06-29T04:51:27] step=18800/20000 loss=1.37549 d_h=-0.0873862 eval_acc=None active=0.37353922526041666
[2026-06-29T04:52:11] step=18900/20000 loss=1.38721 d_h=-0.200474 eval_acc=None active=0.37262369791666666
[2026-06-29T04:52:59] step=19000/20000 loss=1.28564 d_h=0.0257018 eval_acc=0.6117216117216118 active=0.37311197916666666
[2026-06-29T04:53:44] step=19100/20000 loss=1.17139 d_h=0.0462633 eval_acc=None active=0.3730550130208333
[2026-06-29T04:54:28] step=19200/20000 loss=1.19727 d_h=0.0616844 eval_acc=None active=0.3721720377604167
[2026-06-29T04:55:12] step=19300/20000 loss=1.25 d_h=-0.0822458 eval_acc=None active=0.3707763671875
[2026-06-29T04:55:56] step=19400/20000 loss=1.26367 d_h=-0.0308422 eval_acc=None active=0.3723958333333333
[2026-06-29T04:56:40] step=19500/20000 loss=1.01123 d_h=0.107948 eval_acc=None active=0.3718953450520833
[2026-06-29T04:57:24] step=19600/20000 loss=1.04248 d_h=-0.179913 eval_acc=None active=0.37197672526041664
[2026-06-29T04:58:08] step=19700/20000 loss=1.29004 d_h=-0.123369 eval_acc=None active=0.37294921875
[2026-06-29T04:58:52] step=19800/20000 loss=1.15137 d_h=0.226176 eval_acc=None active=0.37210693359375
[2026-06-29T04:59:37] step=19900/20000 loss=1.29297 d_h=-0.205615 eval_acc=None active=0.3716634114583333
[2026-06-29T05:00:25] step=20000/20000 loss=1.08154 d_h=0.149071 eval_acc=0.6410256410256411 active=0.3719075520833333
[2026-06-29T05:00:26] finished int4_prefix_quantized_seedfixed_trec_hstar_cleanGL_h0p0949896412435_seed64_full_bs64_step20k status=complete steps=20000
RobertaConfig {
  "_attn_implementation_autoset": true,
  "architectures": [
    "RobertaForMaskedLM"
  ],
  "attention_probs_dropout_prob": 0.1,
  "bos_token_id": 0,
  "classifier_dropout": null,
  "eos_token_id": 2,
  "finetuning_task": "rte",
  "hidden_act": "gelu",
  "hidden_dropout_prob": 0.1,
  "hidden_size": 1024,
  "initializer_range": 0.02,
  "intermediate_size": 4096,
  "layer_norm_eps": 1e-05,
  "max_position_embeddings": 514,
  "model_type": "roberta",
  "num_attention_heads": 16,
  "num_hidden_layers": 24,
  "pad_token_id": 1,
  "position_embedding_type": "absolute",
  "torch_dtype": "float32",
  "transformers_version": "4.51.3",
  "type_vocab_size": 1,
  "use_cache": true,
  "vocab_size": 50265
}

[2026-06-29T05:00:27] starting int4_sparsep0p1_taskgrad_seedfixed_rte_hstar_lowbitL_h0p000359154678187_seed64_full_bs64_step20k
[2026-06-29T05:00:30] sparse mask strategy=task_grad_static p=0.1 source=static_task_gradient_square_before_zo_training hash=1548c5df8d8d selection=global_topk_grad_square_linear_weight active_all=0.0872121 active_quantized_linear=0.100059
[2026-06-29T05:00:32] step=1/20000 loss=0.700439 d_h=8.83694 eval_acc=None active=0.004062906906900961
[2026-06-29T05:01:15] step=100/20000 loss=0.711426 d_h=-4.07859 eval_acc=None active=0.004062906906900961
[2026-06-29T05:01:59] step=200/20000 loss=0.72168 d_h=-13.5953 eval_acc=None active=0.004060547251869814
[2026-06-29T05:02:43] step=300/20000 loss=0.69873 d_h=-4.07859 eval_acc=None active=0.0040636690839134055
[2026-06-29T05:03:27] step=400/20000 loss=0.713623 d_h=3.39882 eval_acc=None active=0.004061669423928727
[2026-06-29T05:04:11] step=500/20000 loss=0.702881 d_h=-3.39882 eval_acc=None active=0.0040594503919626065
[2026-06-29T05:04:55] step=600/20000 loss=0.681885 d_h=4.75835 eval_acc=None active=0.0040617284856160375
[2026-06-29T05:05:39] step=700/20000 loss=0.688965 d_h=10.8762 eval_acc=None active=0.004059683826250551
[2026-06-29T05:06:23] step=800/20000 loss=0.691895 d_h=35.3478 eval_acc=None active=0.004059003210615822
[2026-06-29T05:07:07] step=900/20000 loss=0.835449 d_h=-135.953 eval_acc=None active=0.0040630109679690805
[2026-06-29T05:08:01] step=1000/20000 loss=0.692871 d_h=-12.2358 eval_acc=0.4979919678714859 active=0.004061109744129921
[2026-06-29T05:08:45] step=1100/20000 loss=0.730957 d_h=39.4263 eval_acc=None active=0.00406195348252008
[2026-06-29T05:09:29] step=1200/20000 loss=0.729248 d_h=-3.39882 eval_acc=None active=0.00405603606394376
[2026-06-29T05:10:13] step=1300/20000 loss=0.720215 d_h=23.112 eval_acc=None active=0.0040605894387893225
[2026-06-29T05:10:56] step=1400/20000 loss=0.70459 d_h=14.9548 eval_acc=None active=0.004061090056900817
[2026-06-29T05:11:40] step=1500/20000 loss=0.692383 d_h=17.6739 eval_acc=None active=0.004065367810538927
[2026-06-29T05:12:24] step=1600/20000 loss=0.690918 d_h=17.6739 eval_acc=None active=0.004057293234145098
[2026-06-29T05:13:08] step=1700/20000 loss=0.68042 d_h=6.11788 eval_acc=None active=0.004063863143743142
[2026-06-29T05:13:52] step=1800/20000 loss=0.485107 d_h=-12.9155 eval_acc=None active=0.004066489982597839
[2026-06-29T05:14:36] step=1900/20000 loss=0.69043 d_h=-10.8762 eval_acc=None active=0.004061312241343559
[2026-06-29T05:15:26] step=2000/20000 loss=0.691406 d_h=17.6739 eval_acc=0.5100401606425703 active=0.004061101306746019
[2026-06-29T05:16:09] step=2100/20000 loss=0.707764 d_h=-8.83694 eval_acc=None active=0.004058097598077051
[2026-06-29T05:16:53] step=2200/20000 loss=0.68042 d_h=2.03929 eval_acc=None active=0.004061540050708902
[2026-06-29T05:17:37] step=2300/20000 loss=0.716309 d_h=-74.7741 eval_acc=None active=0.004057605417349458
[2026-06-29T05:18:21] step=2400/20000 loss=0.675293 d_h=1.35953 eval_acc=None active=0.004062071605894703
[2026-06-29T05:19:05] step=2500/20000 loss=0.715088 d_h=42.8252 eval_acc=None active=0.004058716339563168
[2026-06-29T05:19:49] step=2600/20000 loss=0.724365 d_h=-14.2751 eval_acc=None active=0.004058477280352623
[2026-06-29T05:20:33] step=2700/20000 loss=0.610352 d_h=-316.77 eval_acc=None active=0.004067195910384273
[2026-06-29T05:21:17] step=2800/20000 loss=0.700195 d_h=-4.07859 eval_acc=None active=0.004058949773851112
[2026-06-29T05:22:01] step=2900/20000 loss=0.698975 d_h=-0.679765 eval_acc=None active=0.004056289185460808
[2026-06-29T05:22:50] step=3000/20000 loss=0.678467 d_h=34.668 eval_acc=0.5020080321285141 active=0.004053454224469871
[2026-06-29T05:23:34] step=3100/20000 loss=0.707275 d_h=-11.556 eval_acc=None active=0.004056030439021159
[2026-06-29T05:24:18] step=3200/20000 loss=0.694092 d_h=-2.03929 eval_acc=None active=0.004051029882828812
[2026-06-29T05:25:02] step=3300/20000 loss=0.746338 d_h=-57.78 eval_acc=None active=0.004056083875785869
[2026-06-29T05:25:46] step=3400/20000 loss=0.703125 d_h=2.71906 eval_acc=None active=0.004054562334222281
[2026-06-29T05:26:30] step=3500/20000 loss=0.682373 d_h=-25.1513 eval_acc=None active=0.004053513286157182
[2026-06-29T05:27:14] step=3600/20000 loss=0.501465 d_h=44.8645 eval_acc=None active=0.00405973163809266
[2026-06-29T05:27:58] step=3700/20000 loss=0.714844 d_h=-47.5835 eval_acc=None active=0.004065494371297451
[2026-06-29T05:28:41] step=3800/20000 loss=0.698242 d_h=65.2574 eval_acc=None active=0.004056362309454622
[2026-06-29T05:29:25] step=3900/20000 loss=0.685547 d_h=-48.943 eval_acc=None active=0.004059166333371253
[2026-06-29T05:30:19] step=4000/20000 loss=0.701904 d_h=-78.1729 eval_acc=0.5421686746987951 active=0.00405286642005806
[2026-06-29T05:31:03] step=4100/20000 loss=0.680908 d_h=0.679765 eval_acc=None active=0.0040531279789590095
[2026-06-29T05:31:47] step=4200/20000 loss=0.711182 d_h=-7.47741 eval_acc=None active=0.0040563201225351135
[2026-06-29T05:32:31] step=4300/20000 loss=0.691895 d_h=-10.8762 eval_acc=None active=0.0040514151900269855
[2026-06-29T05:33:15] step=4400/20000 loss=0.675781 d_h=33.9882 eval_acc=None active=0.004056367934377223
[2026-06-29T05:33:59] step=4500/20000 loss=0.672607 d_h=-116.24 eval_acc=None active=0.0040557351305846034
[2026-06-29T05:34:43] step=4600/20000 loss=0.705811 d_h=4.75835 eval_acc=None active=0.004053372663092156
[2026-06-29T05:35:26] step=4700/20000 loss=0.694336 d_h=5.43812 eval_acc=None active=0.004051617687240623
[2026-06-29T05:36:10] step=4800/20000 loss=0.688721 d_h=4.75835 eval_acc=None active=0.004057279171838596
[2026-06-29T05:36:54] step=4900/20000 loss=0.692871 d_h=-10.8762 eval_acc=None active=0.004053780469980733
[2026-06-29T05:37:43] step=5000/20000 loss=0.681396 d_h=3.39882 eval_acc=0.5140562248995983 active=0.004051946745212786
[2026-06-29T05:38:27] step=5100/20000 loss=0.722168 d_h=-38.0668 eval_acc=None active=0.004055304824005622
[2026-06-29T05:39:11] step=5200/20000 loss=0.693604 d_h=4.75835 eval_acc=None active=0.004054528584686675
[2026-06-29T05:39:55] step=5300/20000 loss=0.718018 d_h=3.39882 eval_acc=None active=0.004056716679578489
[2026-06-29T05:40:39] step=5400/20000 loss=0.753418 d_h=-127.796 eval_acc=None active=0.0040533023515596425
[2026-06-29T05:41:23] step=5500/20000 loss=0.700684 d_h=-27.1906 eval_acc=None active=0.004049927397999004
[2026-06-29T05:42:06] step=5600/20000 loss=0.708496 d_h=-5.43812 eval_acc=None active=0.004050610826095033
[2026-06-29T05:42:50] step=5700/20000 loss=0.70459 d_h=8.15717 eval_acc=None active=0.0040557210682781
[2026-06-29T05:43:34] step=5800/20000 loss=0.742188 d_h=-24.4715 eval_acc=None active=0.004052585173928007
[2026-06-29T05:44:18] step=5900/20000 loss=0.705811 d_h=-11.556 eval_acc=None active=0.004052211116575036
[2026-06-29T05:45:08] step=6000/20000 loss=0.720947 d_h=-7.47741 eval_acc=0.5542168674698795 active=0.004059638826869742
[2026-06-29T05:45:52] step=6100/20000 loss=0.669434 d_h=1.35953 eval_acc=None active=0.00405497857849476
[2026-06-29T05:46:36] step=6200/20000 loss=0.665039 d_h=-4.07859 eval_acc=None active=0.004054056091188185
[2026-06-29T05:47:20] step=6300/20000 loss=0.639893 d_h=-74.0943 eval_acc=None active=0.004052146429965124
[2026-06-29T05:48:03] step=6400/20000 loss=0.697021 d_h=-56.4205 eval_acc=None active=0.004049705213556262
[2026-06-29T05:48:47] step=6500/20000 loss=0.715576 d_h=-0.679765 eval_acc=None active=0.0040502030192064555
[2026-06-29T05:49:31] step=6600/20000 loss=0.678711 d_h=27.1906 eval_acc=None active=0.004049848649082589
[2026-06-29T05:50:15] step=6700/20000 loss=0.692139 d_h=10.1965 eval_acc=None active=0.004050833010537775
[2026-06-29T05:50:59] step=6800/20000 loss=0.696045 d_h=11.556 eval_acc=None active=0.00404901053561503
[2026-06-29T05:51:43] step=6900/20000 loss=0.668701 d_h=-95.8468 eval_acc=None active=0.004053521723541084
[2026-06-29T05:52:29] step=7000/20000 loss=0.695557 d_h=15.6346 eval_acc=0.5220883534136547 active=0.004052933919129273
[2026-06-29T05:53:13] step=7100/20000 loss=0.696289 d_h=4.07859 eval_acc=None active=0.004054469522999363
[2026-06-29T05:53:57] step=7200/20000 loss=0.610352 d_h=39.4263 eval_acc=None active=0.004054314837627834
[2026-06-29T05:54:41] step=7300/20000 loss=0.673096 d_h=0.679765 eval_acc=None active=0.004053521723541084
[2026-06-29T05:55:25] step=7400/20000 loss=0.699463 d_h=23.7918 eval_acc=None active=0.0040528832948258636
[2026-06-29T05:56:09] step=7500/20000 loss=0.657959 d_h=2.03929 eval_acc=None active=0.004056691367426785
[2026-06-29T05:56:52] step=7600/20000 loss=0.681396 d_h=27.8703 eval_acc=None active=0.004051927057983682
[2026-06-29T05:57:36] step=7700/20000 loss=0.677734 d_h=-12.2358 eval_acc=None active=0.004054837955429733
[2026-06-29T05:58:20] step=7800/20000 loss=0.66748 d_h=6.79765 eval_acc=None active=0.004057169485847874
[2026-06-29T05:59:04] step=7900/20000 loss=0.693604 d_h=-11.556 eval_acc=None active=0.00404710649931457
[2026-06-29T05:59:53] step=8000/20000 loss=0.688477 d_h=24.4715 eval_acc=0.5421686746987951 active=0.004049865523850392
[2026-06-29T06:00:37] step=8100/20000 loss=0.530029 d_h=-12.9155 eval_acc=None active=0.004052332052410959
[2026-06-29T06:01:21] step=8200/20000 loss=0.684814 d_h=4.75835 eval_acc=None active=0.00405033239242628
[2026-06-29T06:02:05] step=8300/20000 loss=0.673584 d_h=-21.0727 eval_acc=None active=0.004046698692425992
[2026-06-29T06:02:49] step=8400/20000 loss=0.691162 d_h=15.6346 eval_acc=None active=0.004056204811621792
[2026-06-29T06:03:33] step=8500/20000 loss=0.688965 d_h=-1.35953 eval_acc=None active=0.004052320802565757
[2026-06-29T06:04:17] step=8600/20000 loss=0.667725 d_h=26.5108 eval_acc=None active=0.004053111104191207
[2026-06-29T06:05:01] step=8700/20000 loss=0.718018 d_h=-27.8703 eval_acc=None active=0.004052067681048709
[2026-06-29T06:05:45] step=8800/20000 loss=0.693359 d_h=21.7525 eval_acc=None active=0.004056781366188401
[2026-06-29T06:06:29] step=8900/20000 loss=0.692871 d_h=0 eval_acc=None active=0.004048583041497349
[2026-06-29T06:07:20] step=9000/20000 loss=0.587646 d_h=125.756 eval_acc=0.5662650602409639 active=0.004049722088324065
[2026-06-29T06:08:04] step=9100/20000 loss=0.690674 d_h=0.679765 eval_acc=None active=0.004047218997766591
[2026-06-29T06:08:48] step=9200/20000 loss=0.700684 d_h=-36.7073 eval_acc=None active=0.004048507105042234
[2026-06-29T06:09:32] step=9300/20000 loss=0.696533 d_h=30.5894 eval_acc=None active=0.004049899273385998
[2026-06-29T06:10:16] step=9400/20000 loss=0.720459 d_h=0.679765 eval_acc=None active=0.004050602388711131
[2026-06-29T06:11:00] step=9500/20000 loss=0.696289 d_h=-12.2358 eval_acc=None active=0.004054492022689767
[2026-06-29T06:11:44] step=9600/20000 loss=0.697266 d_h=44.8645 eval_acc=None active=0.004054044841342983
[2026-06-29T06:12:28] step=9700/20000 loss=0.69751 d_h=-12.9155 eval_acc=None active=0.004051828621838164
[2026-06-29T06:13:12] step=9800/20000 loss=0.687256 d_h=3.39882 eval_acc=None active=0.0040509426965284956
[2026-06-29T06:13:56] step=9900/20000 loss=0.655518 d_h=57.78 eval_acc=None active=0.004049182095754362
[2026-06-29T06:14:42] step=10000/20000 loss=0.67041 d_h=4.07859 eval_acc=0.5421686746987951 active=0.004052326427488357
[2026-06-29T06:15:26] step=10100/20000 loss=0.695801 d_h=0 eval_acc=None active=0.004050073645986631
[2026-06-29T06:16:09] step=10200/20000 loss=0.734375 d_h=-48.943 eval_acc=None active=0.004051502376327302
[2026-06-29T06:16:53] step=10300/20000 loss=0.703613 d_h=-5.43812 eval_acc=None active=0.004051690811234437
[2026-06-29T06:17:37] step=10400/20000 loss=0.699463 d_h=-18.3536 eval_acc=None active=0.0040483861692063115
[2026-06-29T06:18:21] step=10500/20000 loss=0.703125 d_h=-21.7525 eval_acc=None active=0.00405032957996498
[2026-06-29T06:19:05] step=10600/20000 loss=0.644531 d_h=25.8311 eval_acc=None active=0.004049764275243573
[2026-06-29T06:19:48] step=10700/20000 loss=0.675049 d_h=-12.9155 eval_acc=None active=0.00405027895566157
[2026-06-29T06:20:32] step=10800/20000 loss=0.799072 d_h=137.992 eval_acc=None active=0.004047407432673726
[2026-06-29T06:21:16] step=10900/20000 loss=0.708984 d_h=87.0099 eval_acc=None active=0.004051924245522381
[2026-06-29T06:22:02] step=11000/20000 loss=0.655518 d_h=18.3536 eval_acc=0.5341365461847389 active=0.004048127422766663
[2026-06-29T06:22:46] step=11100/20000 loss=0.667236 d_h=-2.03929 eval_acc=None active=0.004045877453726237
[2026-06-29T06:23:30] step=11200/20000 loss=0.663818 d_h=3.39882 eval_acc=None active=0.004048343982286803
[2026-06-29T06:24:14] step=11300/20000 loss=0.676758 d_h=6.79765 eval_acc=None active=0.004048118985382761
[2026-06-29T06:24:58] step=11400/20000 loss=0.700439 d_h=-15.6346 eval_acc=None active=0.00405112269405173
[2026-06-29T06:25:42] step=11500/20000 loss=0.693848 d_h=-8.15717 eval_acc=None active=0.004045748080506412
[2026-06-29T06:26:26] step=11600/20000 loss=0.688721 d_h=0.679765 eval_acc=None active=0.004048282108138192
[2026-06-29T06:27:10] step=11700/20000 loss=0.703613 d_h=69.336 eval_acc=None active=0.00405001177183802
[2026-06-29T06:27:54] step=11800/20000 loss=0.68042 d_h=-3.39882 eval_acc=None active=0.004044285600630135
[2026-06-29T06:28:38] step=11900/20000 loss=0.679199 d_h=-31.2692 eval_acc=None active=0.00404790242586262
[2026-06-29T06:29:24] step=12000/20000 loss=0.70459 d_h=2.71906 eval_acc=0.5542168674698795 active=0.004050318330119778
[2026-06-29T06:30:08] step=12100/20000 loss=0.692139 d_h=56.4205 eval_acc=None active=0.004045838079268029
[2026-06-29T06:30:52] step=12200/20000 loss=0.704346 d_h=-21.0727 eval_acc=None active=0.004049052722534538
[2026-06-29T06:31:36] step=12300/20000 loss=0.676514 d_h=37.3871 eval_acc=None active=0.0040557182558168
[2026-06-29T06:32:20] step=12400/20000 loss=0.700684 d_h=5.43812 eval_acc=None active=0.004045725580816008
[2026-06-29T06:33:03] step=12500/20000 loss=0.695801 d_h=1.35953 eval_acc=None active=0.004048822100707894
[2026-06-29T06:33:47] step=12600/20000 loss=0.659668 d_h=-44.8645 eval_acc=None active=0.0040429468690510815
[2026-06-29T06:34:31] step=12700/20000 loss=0.67627 d_h=12.2358 eval_acc=None active=0.00404821742152828
[2026-06-29T06:35:15] step=12800/20000 loss=0.678711 d_h=-13.5953 eval_acc=None active=0.004049246782364274
[2026-06-29T06:35:59] step=12900/20000 loss=0.693115 d_h=-4.75835 eval_acc=None active=0.0040484171062806175
[2026-06-29T06:36:45] step=13000/20000 loss=0.697021 d_h=26.5108 eval_acc=0.5180722891566265 active=0.004043793419902542
[2026-06-29T06:37:30] step=13100/20000 loss=0.708252 d_h=-10.1965 eval_acc=None active=0.004049390217890602
[2026-06-29T06:38:13] step=13200/20000 loss=0.695068 d_h=-15.6346 eval_acc=None active=0.0040519073707545785
[2026-06-29T06:38:57] step=13300/20000 loss=0.704102 d_h=-31.2692 eval_acc=None active=0.004049677088943256
[2026-06-29T06:39:41] step=13400/20000 loss=0.678955 d_h=-30.5894 eval_acc=None active=0.004045967452487854
[2026-06-29T06:40:25] step=13500/20000 loss=0.57959 d_h=104.684 eval_acc=None active=0.004047671804035977
[2026-06-29T06:41:09] step=13600/20000 loss=0.69165 d_h=8.83694 eval_acc=None active=0.004044881842425848
[2026-06-29T06:41:53] step=13700/20000 loss=0.705078 d_h=17.6739 eval_acc=None active=0.004047081187162864
[2026-06-29T06:42:37] step=13800/20000 loss=0.687256 d_h=-3.39882 eval_acc=None active=0.004046161512317591
[2026-06-29T06:43:21] step=13900/20000 loss=0.723145 d_h=-21.7525 eval_acc=None active=0.004044758094128625
[2026-06-29T06:44:07] step=14000/20000 loss=0.677002 d_h=23.7918 eval_acc=0.5140562248995983 active=0.004043242177487638
[2026-06-29T06:44:51] step=14100/20000 loss=0.684082 d_h=-8.15717 eval_acc=None active=0.0040493002191289845
[2026-06-29T06:45:35] step=14200/20000 loss=0.735107 d_h=-94.4873 eval_acc=None active=0.004044800281048133
[2026-06-29T06:46:19] step=14300/20000 loss=0.67334 d_h=21.7525 eval_acc=None active=0.004045852141574532
[2026-06-29T06:47:03] step=14400/20000 loss=0.591309 d_h=149.548 eval_acc=None active=0.004049564590491235
[2026-06-29T06:47:46] step=14500/20000 loss=0.735107 d_h=114.88 eval_acc=None active=0.004043486861620784
[2026-06-29T06:48:30] step=14600/20000 loss=0.69043 d_h=-67.9765 eval_acc=None active=0.004046285260614814
[2026-06-29T06:49:14] step=14700/20000 loss=0.700439 d_h=-18.3536 eval_acc=None active=0.004044822780738537
[2026-06-29T06:49:58] step=14800/20000 loss=0.702881 d_h=-2.03929 eval_acc=None active=0.004045151838710699
[2026-06-29T06:50:42] step=14900/20000 loss=0.694336 d_h=-31.2692 eval_acc=None active=0.004047126186543674
[2026-06-29T06:51:28] step=15000/20000 loss=0.684814 d_h=-29.2299 eval_acc=0.5381526104417671 active=0.004042980618586689
[2026-06-29T06:52:12] step=15100/20000 loss=0.66748 d_h=-62.5383 eval_acc=None active=0.004038055998849456
[2026-06-29T06:52:56] step=15200/20000 loss=0.688721 d_h=8.83694 eval_acc=None active=0.004038694427564677
[2026-06-29T06:53:40] step=15300/20000 loss=0.838135 d_h=57.78 eval_acc=None active=0.004040716587239759
[2026-06-29T06:54:24] step=15400/20000 loss=0.665771 d_h=-27.8703 eval_acc=None active=0.004043323738865353
[2026-06-29T06:55:08] step=15500/20000 loss=0.689941 d_h=-2.71906 eval_acc=None active=0.004034492610381681
[2026-06-29T06:55:52] step=15600/20000 loss=0.699219 d_h=8.15717 eval_acc=None active=0.004037954750242637
[2026-06-29T06:56:36] step=15700/20000 loss=0.708008 d_h=40.7859 eval_acc=None active=0.004034202926867726
[2026-06-29T06:57:20] step=15800/20000 loss=0.702881 d_h=-7.47741 eval_acc=None active=0.004039155671217964
[2026-06-29T06:58:04] step=15900/20000 loss=0.70166 d_h=-6.79765 eval_acc=None active=0.00403807849853986
[2026-06-29T06:58:50] step=16000/20000 loss=0.689453 d_h=-12.2358 eval_acc=0.5100401606425703 active=0.004039296294282991
[2026-06-29T06:59:34] step=16100/20000 loss=0.692383 d_h=4.07859 eval_acc=None active=0.004039642227022956
[2026-06-29T07:00:18] step=16200/20000 loss=0.561523 d_h=150.908 eval_acc=None active=0.004040893772301693
[2026-06-29T07:01:02] step=16300/20000 loss=0.703369 d_h=4.75835 eval_acc=None active=0.004040027534221129
[2026-06-29T07:01:46] step=16400/20000 loss=0.667236 d_h=7.47741 eval_acc=None active=0.004042283128184156
[2026-06-29T07:02:30] step=16500/20000 loss=0.723877 d_h=10.1965 eval_acc=None active=0.004039375043199405
[2026-06-29T07:03:14] step=16600/20000 loss=0.70752 d_h=-19.0334 eval_acc=None active=0.004036807266032019
[2026-06-29T07:03:58] step=16700/20000 loss=0.689697 d_h=-26.5108 eval_acc=None active=0.004036607581279682
[2026-06-29T07:04:41] step=16800/20000 loss=0.691406 d_h=4.07859 eval_acc=None active=0.004037996937162145
[2026-06-29T07:05:25] step=16900/20000 loss=0.682617 d_h=-13.5953 eval_acc=None active=0.004037375383214727
[2026-06-29T07:06:11] step=17000/20000 loss=0.679688 d_h=-27.1906 eval_acc=0.4738955823293173 active=0.004038244433756591
[2026-06-29T07:06:55] step=17100/20000 loss=0.684814 d_h=-0.679765 eval_acc=None active=0.004036478208059857
[2026-06-29T07:07:39] step=17200/20000 loss=0.693115 d_h=49.6228 eval_acc=None active=0.004043928418044968
[2026-06-29T07:08:23] step=17300/20000 loss=0.673828 d_h=8.15717 eval_acc=None active=0.0040435937351502044
[2026-06-29T07:09:07] step=17400/20000 loss=0.700195 d_h=-13.5953 eval_acc=None active=0.004036118213013389
[2026-06-29T07:09:51] step=17500/20000 loss=0.695312 d_h=-39.4263 eval_acc=None active=0.004033052630195808
[2026-06-29T07:10:35] step=17600/20000 loss=0.698486 d_h=27.8703 eval_acc=None active=0.004040817835846579
[2026-06-29T07:11:19] step=17700/20000 loss=0.659668 d_h=-14.9548 eval_acc=None active=0.004042257816032451
[2026-06-29T07:12:02] step=17800/20000 loss=0.690186 d_h=-6.11788 eval_acc=None active=0.004040069721140637
[2026-06-29T07:12:46] step=17900/20000 loss=0.681885 d_h=4.75835 eval_acc=None active=0.004041928758060289
[2026-06-29T07:13:33] step=18000/20000 loss=0.748047 d_h=-138.672 eval_acc=0.4939759036144578 active=0.00404161938731723
[2026-06-29T07:14:17] step=18100/20000 loss=0.685791 d_h=-23.7918 eval_acc=None active=0.004043292801791047
[2026-06-29T07:15:01] step=18200/20000 loss=0.686768 d_h=-7.47741 eval_acc=None active=0.004045984327255657
[2026-06-29T07:15:45] step=18300/20000 loss=0.677002 d_h=6.11788 eval_acc=None active=0.004044299662936638
[2026-06-29T07:16:28] step=18400/20000 loss=0.703857 d_h=21.0727 eval_acc=None active=0.004042370314484472
[2026-06-29T07:17:12] step=18500/20000 loss=0.683838 d_h=-30.5894 eval_acc=None active=0.004041310016574172
[2026-06-29T07:17:56] step=18600/20000 loss=0.680664 d_h=-6.79765 eval_acc=None active=0.004037586317812267
[2026-06-29T07:18:40] step=18700/20000 loss=0.717041 d_h=-68.6562 eval_acc=None active=0.004040300342967281
[2026-06-29T07:19:24] step=18800/20000 loss=0.699707 d_h=9.5167 eval_acc=None active=0.004039414417657613
[2026-06-29T07:20:08] step=18900/20000 loss=0.624756 d_h=135.273 eval_acc=None active=0.004038570679267453
[2026-06-29T07:20:54] step=19000/20000 loss=0.681885 d_h=16.9941 eval_acc=0.4779116465863454 active=0.004039352543509001
[2026-06-29T07:21:38] step=19100/20000 loss=0.669922 d_h=-25.8311 eval_acc=None active=0.004035881966264144
[2026-06-29T07:22:22] step=19200/20000 loss=0.683594 d_h=-31.2692 eval_acc=None active=0.00403997972237902
[2026-06-29T07:23:06] step=19300/20000 loss=0.705078 d_h=-23.112 eval_acc=None active=0.004036421958833847
[2026-06-29T07:23:50] step=19400/20000 loss=0.704834 d_h=-37.3871 eval_acc=None active=0.004040938771682502
[2026-06-29T07:24:34] step=19500/20000 loss=0.645508 d_h=6.79765 eval_acc=None active=0.004041495639020007
[2026-06-29T07:25:18] step=19600/20000 loss=0.662842 d_h=-12.9155 eval_acc=None active=0.004036222274081508
[2026-06-29T07:26:02] step=19700/20000 loss=0.689453 d_h=16.3143 eval_acc=None active=0.004035766655350823
[2026-06-29T07:26:46] step=19800/20000 loss=0.933105 d_h=-85.6503 eval_acc=None active=0.004031078282362835
[2026-06-29T07:27:29] step=19900/20000 loss=0.693115 d_h=-18.3536 eval_acc=None active=0.004036438833601649
[2026-06-29T07:28:15] step=20000/20000 loss=0.684326 d_h=-0.679765 eval_acc=0.5060240963855421 active=0.004032813570985263
[2026-06-29T07:28:17] finished int4_sparsep0p1_taskgrad_seedfixed_rte_hstar_lowbitL_h0p000359154678187_seed64_full_bs64_step20k status=complete steps=20000
job_id=46474441 lane=5 end=2026-06-29T07:28:19-04:00
