job_id=46474450 lane=2 host=ra8-1 start=2026-06-28T20:38:53-04:00
Sun Jun 28 20:38:53 2026       
+-----------------------------------------------------------------------------------------+
| NVIDIA-SMI 570.124.06             Driver Version: 570.124.06     CUDA Version: 12.8     |
|-----------------------------------------+------------------------+----------------------+
| GPU  Name                 Persistence-M | Bus-Id          Disp.A | Volatile Uncorr. ECC |
| Fan  Temp   Perf          Pwr:Usage/Cap |           Memory-Usage | GPU-Util  Compute M. |
|                                         |                        |               MIG M. |
|=========================================+========================+======================|
|   0  NVIDIA H100 80GB HBM3          Off |   00000000:DB:00.0 Off |                    0 |
| N/A   56C    P0            140W /  700W |       1MiB /  81559MiB |      0%      Default |
|                                         |                        |             Disabled |
+-----------------------------------------+------------------------+----------------------+
                                                                                         
+-----------------------------------------------------------------------------------------+
| Processes:                                                                              |
|  GPU   GI   CI              PID   Type   Process name                        GPU Memory |
|        ID   ID                                                               Usage      |
|=========================================================================================|
|  No running processes found                                                             |
+-----------------------------------------------------------------------------------------+
dc419b7f46519c8adf35ffdf64fba6c0013dba2c
[lane 2] running low-bit rerun manifest v10_lowbit_sparse_prefix_multiseed_rerun_20260628/manifests/lowbit_lane2.csv
RobertaConfig {
  "_attn_implementation_autoset": true,
  "architectures": [
    "RobertaForMaskedLM"
  ],
  "attention_probs_dropout_prob": 0.1,
  "bos_token_id": 0,
  "classifier_dropout": null,
  "eos_token_id": 2,
  "finetuning_task": "sst-2",
  "hidden_act": "gelu",
  "hidden_dropout_prob": 0.1,
  "hidden_size": 1024,
  "initializer_range": 0.02,
  "intermediate_size": 4096,
  "layer_norm_eps": 1e-05,
  "max_position_embeddings": 514,
  "model_type": "roberta",
  "num_attention_heads": 16,
  "num_hidden_layers": 24,
  "pad_token_id": 1,
  "position_embedding_type": "absolute",
  "torch_dtype": "float32",
  "transformers_version": "4.51.3",
  "type_vocab_size": 1,
  "use_cache": true,
  "vocab_size": 50265
}

[2026-06-28T20:39:02] starting int4_prefix_quantized_seedfixed_sst2_hstar_cleanGL_h0p0886419832658_seed32_full_bs64_step20k
[2026-06-28T20:39:02] prefix mode prefix_params=48 active_params=245760 prefix_quantize=True
[2026-06-28T20:39:04] step=1/20000 loss=0.778564 d_h=0.0908897 eval_acc=None active=0.36693115234375
[2026-06-28T20:39:48] step=100/20000 loss=0.686279 d_h=-0.00275423 eval_acc=None active=0.36693115234375
[2026-06-28T20:40:33] step=200/20000 loss=0.786621 d_h=-0.0661016 eval_acc=None active=0.3670857747395833
[2026-06-28T20:41:18] step=300/20000 loss=0.757812 d_h=-0.0165254 eval_acc=None active=0.364892578125
[2026-06-28T20:42:02] step=400/20000 loss=0.72168 d_h=-0.0550846 eval_acc=None active=0.3674560546875
[2026-06-28T20:42:47] step=500/20000 loss=0.784424 d_h=-0.0082627 eval_acc=None active=0.3668294270833333
[2026-06-28T20:43:32] step=600/20000 loss=0.755859 d_h=0.0495762 eval_acc=None active=0.3669921875
[2026-06-28T20:44:17] step=700/20000 loss=0.743164 d_h=0.0110169 eval_acc=None active=0.3667521158854167
[2026-06-28T20:45:01] step=800/20000 loss=0.719238 d_h=0.0661016 eval_acc=None active=0.3660481770833333
[2026-06-28T20:45:46] step=900/20000 loss=0.746582 d_h=-0.0330508 eval_acc=None active=0.36706949869791666
[2026-06-28T20:46:37] step=1000/20000 loss=0.747559 d_h=-0.0275423 eval_acc=0.4384558277654046 active=0.36709391276041664
[2026-06-28T20:47:22] step=1100/20000 loss=0.73877 d_h=-0.0771185 eval_acc=None active=0.3670166015625
[2026-06-28T20:48:06] step=1200/20000 loss=0.722656 d_h=0.0605931 eval_acc=None active=0.36707763671875
[2026-06-28T20:48:51] step=1300/20000 loss=0.740723 d_h=-0.137712 eval_acc=None active=0.3670247395833333
[2026-06-28T20:49:36] step=1400/20000 loss=0.715576 d_h=0.0302966 eval_acc=None active=0.366357421875
[2026-06-28T20:50:20] step=1500/20000 loss=0.748291 d_h=0.0137712 eval_acc=None active=0.3663330078125
[2026-06-28T20:51:05] step=1600/20000 loss=0.732422 d_h=-0.00550846 eval_acc=None active=0.36722005208333336
[2026-06-28T20:51:50] step=1700/20000 loss=0.722412 d_h=0.0302966 eval_acc=None active=0.3669352213541667
[2026-06-28T20:52:34] step=1800/20000 loss=0.732178 d_h=0.00275423 eval_acc=None active=0.36652018229166666
[2026-06-28T20:53:19] step=1900/20000 loss=0.703857 d_h=0.0192796 eval_acc=None active=0.3667073567708333
[2026-06-28T20:54:07] step=2000/20000 loss=0.702881 d_h=0.0082627 eval_acc=0.4362286562731997 active=0.36621500651041666
[2026-06-28T20:54:52] step=2100/20000 loss=0.708252 d_h=-0.035805 eval_acc=None active=0.3667073567708333
[2026-06-28T20:55:37] step=2200/20000 loss=0.705566 d_h=-0.0110169 eval_acc=None active=0.3676066080729167
[2026-06-28T20:56:21] step=2300/20000 loss=0.705566 d_h=0.00550846 eval_acc=None active=0.36787516276041665
[2026-06-28T20:57:06] step=2400/20000 loss=0.697754 d_h=0.00550846 eval_acc=None active=0.36736653645833334
[2026-06-28T20:57:51] step=2500/20000 loss=0.706787 d_h=0.0302966 eval_acc=None active=0.36781412760416665
[2026-06-28T20:58:35] step=2600/20000 loss=0.697754 d_h=-0.0165254 eval_acc=None active=0.366064453125
[2026-06-28T20:59:20] step=2700/20000 loss=0.694824 d_h=-0.0165254 eval_acc=None active=0.36630859375
[2026-06-28T21:00:05] step=2800/20000 loss=0.70166 d_h=0.0110169 eval_acc=None active=0.36746826171875
[2026-06-28T21:00:49] step=2900/20000 loss=0.694336 d_h=-0.00550846 eval_acc=None active=0.36817626953125
[2026-06-28T21:01:39] step=3000/20000 loss=0.708984 d_h=-0.0165254 eval_acc=0.44602821083890126 active=0.36819661458333336
[2026-06-28T21:02:24] step=3100/20000 loss=0.708496 d_h=0.0550846 eval_acc=None active=0.3674072265625
[2026-06-28T21:03:09] step=3200/20000 loss=0.697754 d_h=-0.0661016 eval_acc=None active=0.3668416341145833
[2026-06-28T21:03:53] step=3300/20000 loss=0.687256 d_h=0.0082627 eval_acc=None active=0.36654459635416664
[2026-06-28T21:04:38] step=3400/20000 loss=0.709717 d_h=0.0633473 eval_acc=None active=0.36747639973958335
[2026-06-28T21:05:23] step=3500/20000 loss=0.687988 d_h=0 eval_acc=None active=0.3663126627604167
[2026-06-28T21:06:07] step=3600/20000 loss=0.705322 d_h=-0.0247881 eval_acc=None active=0.36802571614583335
[2026-06-28T21:06:52] step=3700/20000 loss=0.697998 d_h=0.0523304 eval_acc=None active=0.3674560546875
[2026-06-28T21:07:37] step=3800/20000 loss=0.692383 d_h=0 eval_acc=None active=0.36761881510416666
[2026-06-28T21:08:22] step=3900/20000 loss=0.709961 d_h=0.0165254 eval_acc=None active=0.36780192057291666
[2026-06-28T21:09:11] step=4000/20000 loss=0.69165 d_h=-0.0192796 eval_acc=0.4824053452115813 active=0.36693929036458334
[2026-06-28T21:09:56] step=4100/20000 loss=0.694824 d_h=0.00550846 eval_acc=None active=0.3678385416666667
[2026-06-28T21:10:41] step=4200/20000 loss=0.692871 d_h=-0.0385593 eval_acc=None active=0.36832275390625
[2026-06-28T21:11:26] step=4300/20000 loss=0.683105 d_h=-0.0165254 eval_acc=None active=0.3675537109375
[2026-06-28T21:12:10] step=4400/20000 loss=0.696533 d_h=0.00275423 eval_acc=None active=0.366845703125
[2026-06-28T21:12:55] step=4500/20000 loss=0.692627 d_h=-0.0082627 eval_acc=None active=0.3672892252604167
[2026-06-28T21:13:40] step=4600/20000 loss=0.700684 d_h=-0.0110169 eval_acc=None active=0.36719156901041666
[2026-06-28T21:14:24] step=4700/20000 loss=0.697266 d_h=-0.0110169 eval_acc=None active=0.36776123046875
[2026-06-28T21:15:09] step=4800/20000 loss=0.693115 d_h=-0.0192796 eval_acc=None active=0.36645100911458334
[2026-06-28T21:15:54] step=4900/20000 loss=0.695557 d_h=0.0302966 eval_acc=None active=0.36720377604166665
[2026-06-28T21:16:43] step=5000/20000 loss=0.696777 d_h=-0.00550846 eval_acc=0.5229398663697105 active=0.36725260416666666
[2026-06-28T21:17:28] step=5100/20000 loss=0.696289 d_h=-0.0605931 eval_acc=None active=0.36729329427083335
[2026-06-28T21:18:13] step=5200/20000 loss=0.694336 d_h=-0.0110169 eval_acc=None active=0.3679117838541667
[2026-06-28T21:18:58] step=5300/20000 loss=0.705566 d_h=-0.00550846 eval_acc=None active=0.366845703125
[2026-06-28T21:19:42] step=5400/20000 loss=0.695068 d_h=0.0192796 eval_acc=None active=0.3672119140625
[2026-06-28T21:20:27] step=5500/20000 loss=0.694092 d_h=-0.035805 eval_acc=None active=0.3663859049479167
[2026-06-28T21:21:12] step=5600/20000 loss=0.694092 d_h=0.0247881 eval_acc=None active=0.36728515625
[2026-06-28T21:21:56] step=5700/20000 loss=0.682861 d_h=0.035805 eval_acc=None active=0.36697591145833336
[2026-06-28T21:22:41] step=5800/20000 loss=0.685303 d_h=-0.035805 eval_acc=None active=0.36481119791666666
[2026-06-28T21:23:26] step=5900/20000 loss=0.694824 d_h=-0.0165254 eval_acc=None active=0.3658854166666667
[2026-06-28T21:24:16] step=6000/20000 loss=0.697998 d_h=-0.0082627 eval_acc=0.5438752783964366 active=0.3666585286458333
[2026-06-28T21:25:00] step=6100/20000 loss=0.692139 d_h=0.0247881 eval_acc=None active=0.36742757161458334
[2026-06-28T21:25:45] step=6200/20000 loss=0.699951 d_h=0.0302966 eval_acc=None active=0.36749267578125
[2026-06-28T21:26:30] step=6300/20000 loss=0.692139 d_h=-0.0192796 eval_acc=None active=0.3655192057291667
[2026-06-28T21:27:14] step=6400/20000 loss=0.700439 d_h=0.0192796 eval_acc=None active=0.3676676432291667
[2026-06-28T21:27:59] step=6500/20000 loss=0.69165 d_h=-0.0192796 eval_acc=None active=0.3669026692708333
[2026-06-28T21:28:44] step=6600/20000 loss=0.678467 d_h=0.0082627 eval_acc=None active=0.36668701171875
[2026-06-28T21:29:28] step=6700/20000 loss=0.690674 d_h=0.0633473 eval_acc=None active=0.36712239583333334
[2026-06-28T21:30:13] step=6800/20000 loss=0.660889 d_h=0.046822 eval_acc=None active=0.36459554036458336
[2026-06-28T21:30:58] step=6900/20000 loss=0.693604 d_h=-0.0082627 eval_acc=None active=0.3661865234375
[2026-06-28T21:31:46] step=7000/20000 loss=0.686279 d_h=-0.0302966 eval_acc=0.5438752783964366 active=0.36748046875
[2026-06-28T21:32:31] step=7100/20000 loss=0.664795 d_h=-0.046822 eval_acc=None active=0.3659138997395833
[2026-06-28T21:33:16] step=7200/20000 loss=0.709229 d_h=-0.0688558 eval_acc=None active=0.36578776041666666
[2026-06-28T21:34:00] step=7300/20000 loss=0.677246 d_h=-0.0385593 eval_acc=None active=0.36573486328125
[2026-06-28T21:34:45] step=7400/20000 loss=0.694092 d_h=-0.0082627 eval_acc=None active=0.36645100911458334
[2026-06-28T21:35:30] step=7500/20000 loss=0.703125 d_h=0 eval_acc=None active=0.36630045572916664
[2026-06-28T21:36:14] step=7600/20000 loss=0.686523 d_h=-0.00550846 eval_acc=None active=0.36566569010416666
[2026-06-28T21:36:59] step=7700/20000 loss=0.69751 d_h=-0.0137712 eval_acc=None active=0.36669921875
[2026-06-28T21:37:44] step=7800/20000 loss=0.6875 d_h=0.0110169 eval_acc=None active=0.36549072265625
[2026-06-28T21:38:29] step=7900/20000 loss=0.72168 d_h=0 eval_acc=None active=0.36640625
[2026-06-28T21:39:19] step=8000/20000 loss=0.677246 d_h=0 eval_acc=0.5504083147735709 active=0.36689453125
[2026-06-28T21:40:04] step=8100/20000 loss=0.69165 d_h=-0.00275423 eval_acc=None active=0.36681722005208334
[2026-06-28T21:40:48] step=8200/20000 loss=0.720215 d_h=0.0495762 eval_acc=None active=0.3663330078125
[2026-06-28T21:41:33] step=8300/20000 loss=0.679932 d_h=0.0633473 eval_acc=None active=0.36700439453125
[2026-06-28T21:42:18] step=8400/20000 loss=0.69043 d_h=0.082627 eval_acc=None active=0.367431640625
[2026-06-28T21:43:02] step=8500/20000 loss=0.696045 d_h=0.0082627 eval_acc=None active=0.3669962565104167
[2026-06-28T21:43:47] step=8600/20000 loss=0.710205 d_h=0.0192796 eval_acc=None active=0.36595458984375
[2026-06-28T21:44:32] step=8700/20000 loss=0.692627 d_h=0.046822 eval_acc=None active=0.3653076171875
[2026-06-28T21:45:16] step=8800/20000 loss=0.702393 d_h=-0.0192796 eval_acc=None active=0.36624348958333336
[2026-06-28T21:46:01] step=8900/20000 loss=0.68042 d_h=0.0192796 eval_acc=None active=0.36621500651041666
[2026-06-28T21:46:49] step=9000/20000 loss=0.687744 d_h=0.00275423 eval_acc=0.5501113585746102 active=0.368310546875
[2026-06-28T21:47:34] step=9100/20000 loss=0.681396 d_h=0.0082627 eval_acc=None active=0.36533203125
[2026-06-28T21:48:19] step=9200/20000 loss=0.687744 d_h=-0.00275423 eval_acc=None active=0.36667073567708336
[2026-06-28T21:49:04] step=9300/20000 loss=0.670166 d_h=0.0523304 eval_acc=None active=0.36656087239583335
[2026-06-28T21:49:48] step=9400/20000 loss=0.710693 d_h=-0.0082627 eval_acc=None active=0.36756591796875
[2026-06-28T21:50:33] step=9500/20000 loss=0.691406 d_h=-0.00550846 eval_acc=None active=0.3662027994791667
[2026-06-28T21:51:18] step=9600/20000 loss=0.679199 d_h=-0.0220339 eval_acc=None active=0.3665568033854167
[2026-06-28T21:52:02] step=9700/20000 loss=0.696533 d_h=-0.0247881 eval_acc=None active=0.3655802408854167
[2026-06-28T21:52:47] step=9800/20000 loss=0.680664 d_h=-0.0110169 eval_acc=None active=0.3670857747395833
[2026-06-28T21:53:32] step=9900/20000 loss=0.702881 d_h=0.0192796 eval_acc=None active=0.3667521158854167
[2026-06-28T21:54:22] step=10000/20000 loss=0.709961 d_h=-0.0220339 eval_acc=0.5520415738678545 active=0.3652099609375
[2026-06-28T21:55:06] step=10100/20000 loss=0.678711 d_h=-0.0110169 eval_acc=None active=0.3679931640625
[2026-06-28T21:55:51] step=10200/20000 loss=0.698975 d_h=0.00275423 eval_acc=None active=0.3657023111979167
[2026-06-28T21:56:36] step=10300/20000 loss=0.640625 d_h=0.0165254 eval_acc=None active=0.3654866536458333
[2026-06-28T21:57:20] step=10400/20000 loss=0.711426 d_h=0.07161 eval_acc=None active=0.365625
[2026-06-28T21:58:05] step=10500/20000 loss=0.689453 d_h=0 eval_acc=None active=0.3654866536458333
[2026-06-28T21:58:50] step=10600/20000 loss=0.700195 d_h=-0.0220339 eval_acc=None active=0.3666300455729167
[2026-06-28T21:59:34] step=10700/20000 loss=0.670166 d_h=-0.107415 eval_acc=None active=0.365478515625
[2026-06-28T22:00:19] step=10800/20000 loss=0.69165 d_h=0.00275423 eval_acc=None active=0.36562906901041664
[2026-06-28T22:01:04] step=10900/20000 loss=0.678955 d_h=-0.0247881 eval_acc=None active=0.3665568033854167
[2026-06-28T22:01:54] step=11000/20000 loss=0.676025 d_h=0.0137712 eval_acc=0.5532293986636971 active=0.3653564453125
[2026-06-28T22:02:38] step=11100/20000 loss=0.673096 d_h=-0.0137712 eval_acc=None active=0.3644205729166667
[2026-06-28T22:03:23] step=11200/20000 loss=0.695801 d_h=0.0220339 eval_acc=None active=0.366357421875
[2026-06-28T22:04:08] step=11300/20000 loss=0.695068 d_h=0.0578389 eval_acc=None active=0.3658040364583333
[2026-06-28T22:04:53] step=11400/20000 loss=0.711914 d_h=0.0661016 eval_acc=None active=0.3659464518229167
[2026-06-28T22:05:37] step=11500/20000 loss=0.690674 d_h=-0.0082627 eval_acc=None active=0.36602376302083334
[2026-06-28T22:06:22] step=11600/20000 loss=0.686035 d_h=-0.0385593 eval_acc=None active=0.36651204427083334
[2026-06-28T22:07:07] step=11700/20000 loss=0.668213 d_h=-0.0082627 eval_acc=None active=0.36570638020833335
[2026-06-28T22:07:51] step=11800/20000 loss=0.70459 d_h=-0.0385593 eval_acc=None active=0.3658935546875
[2026-06-28T22:08:36] step=11900/20000 loss=0.701172 d_h=-0.0495762 eval_acc=None active=0.36689453125
[2026-06-28T22:09:26] step=12000/20000 loss=0.703369 d_h=0.0137712 eval_acc=0.5533778767631774 active=0.3653767903645833
[2026-06-28T22:10:10] step=12100/20000 loss=0.689453 d_h=-0.0110169 eval_acc=None active=0.36639404296875
[2026-06-28T22:10:55] step=12200/20000 loss=0.680664 d_h=0.0165254 eval_acc=None active=0.3666748046875
[2026-06-28T22:11:40] step=12300/20000 loss=0.682861 d_h=-0.0082627 eval_acc=None active=0.36633707682291666
[2026-06-28T22:12:24] step=12400/20000 loss=0.671875 d_h=-0.0275423 eval_acc=None active=0.36637776692708335
[2026-06-28T22:13:09] step=12500/20000 loss=0.689453 d_h=-0.0110169 eval_acc=None active=0.36573893229166665
[2026-06-28T22:13:54] step=12600/20000 loss=0.709229 d_h=-0.0633473 eval_acc=None active=0.3649210611979167
[2026-06-28T22:14:38] step=12700/20000 loss=0.712891 d_h=0.0165254 eval_acc=None active=0.36630045572916664
[2026-06-28T22:15:23] step=12800/20000 loss=0.69165 d_h=-0.0082627 eval_acc=None active=0.3662190755208333
[2026-06-28T22:16:08] step=12900/20000 loss=0.70459 d_h=-0.0110169 eval_acc=None active=0.3658976236979167
[2026-06-28T22:16:57] step=13000/20000 loss=0.679199 d_h=0.0165254 eval_acc=0.5539717891610988 active=0.36654459635416664
[2026-06-28T22:17:42] step=13100/20000 loss=0.67334 d_h=-0.0110169 eval_acc=None active=0.3659749348958333
[2026-06-28T22:18:27] step=13200/20000 loss=0.698975 d_h=0.0247881 eval_acc=None active=0.3667683919270833
[2026-06-28T22:19:12] step=13300/20000 loss=0.667725 d_h=-0.0192796 eval_acc=None active=0.3662516276041667
[2026-06-28T22:19:56] step=13400/20000 loss=0.685791 d_h=0.0247881 eval_acc=None active=0.3654541015625
[2026-06-28T22:20:41] step=13500/20000 loss=0.667725 d_h=-0.0247881 eval_acc=None active=0.36636555989583336
[2026-06-28T22:21:26] step=13600/20000 loss=0.681396 d_h=-0.035805 eval_acc=None active=0.3656982421875
[2026-06-28T22:22:10] step=13700/20000 loss=0.693604 d_h=-0.0137712 eval_acc=None active=0.3653035481770833
[2026-06-28T22:22:55] step=13800/20000 loss=0.683594 d_h=-0.00550846 eval_acc=None active=0.3669026692708333
[2026-06-28T22:23:40] step=13900/20000 loss=0.69043 d_h=0.00550846 eval_acc=None active=0.3665568033854167
[2026-06-28T22:24:30] step=14000/20000 loss=0.678223 d_h=0.0330508 eval_acc=0.5557535263548626 active=0.36512858072916665
[2026-06-28T22:25:15] step=14100/20000 loss=0.687012 d_h=0.0165254 eval_acc=None active=0.36623942057291664
[2026-06-28T22:26:00] step=14200/20000 loss=0.688477 d_h=0.00550846 eval_acc=None active=0.36497395833333335
[2026-06-28T22:26:44] step=14300/20000 loss=0.695312 d_h=-0.0275423 eval_acc=None active=0.3661702473958333
[2026-06-28T22:27:29] step=14400/20000 loss=0.696289 d_h=0.0220339 eval_acc=None active=0.3659912109375
[2026-06-28T22:28:13] step=14500/20000 loss=0.669922 d_h=0 eval_acc=None active=0.36597900390625
[2026-06-28T22:28:58] step=14600/20000 loss=0.684326 d_h=0.0082627 eval_acc=None active=0.3665771484375
[2026-06-28T22:29:43] step=14700/20000 loss=0.685303 d_h=0.0302966 eval_acc=None active=0.366015625
[2026-06-28T22:30:28] step=14800/20000 loss=0.69043 d_h=-0.00550846 eval_acc=None active=0.36751708984375
[2026-06-28T22:31:12] step=14900/20000 loss=0.690186 d_h=0.0247881 eval_acc=None active=0.3660888671875
[2026-06-28T22:32:02] step=15000/20000 loss=0.681396 d_h=-0.0192796 eval_acc=0.555902004454343 active=0.36652018229166666
[2026-06-28T22:32:47] step=15100/20000 loss=0.716553 d_h=0.0963981 eval_acc=None active=0.36541341145833334
[2026-06-28T22:33:31] step=15200/20000 loss=0.69458 d_h=0.0137712 eval_acc=None active=0.36737060546875
[2026-06-28T22:34:16] step=15300/20000 loss=0.70874 d_h=0.0082627 eval_acc=None active=0.36684977213541664
[2026-06-28T22:35:01] step=15400/20000 loss=0.701416 d_h=-0.0247881 eval_acc=None active=0.3672078450520833
[2026-06-28T22:35:45] step=15500/20000 loss=0.691406 d_h=-0.0385593 eval_acc=None active=0.36693115234375
[2026-06-28T22:36:30] step=15600/20000 loss=0.689697 d_h=0.0137712 eval_acc=None active=0.3668701171875
[2026-06-28T22:37:15] step=15700/20000 loss=0.671631 d_h=-0.0137712 eval_acc=None active=0.36590576171875
[2026-06-28T22:38:00] step=15800/20000 loss=0.660645 d_h=-0.0550846 eval_acc=None active=0.36602783203125
[2026-06-28T22:38:44] step=15900/20000 loss=0.702148 d_h=0.0440677 eval_acc=None active=0.36503499348958335
[2026-06-28T22:39:32] step=16000/20000 loss=0.661621 d_h=-0.0220339 eval_acc=0.555011135857461 active=0.36685384114583336
[2026-06-28T22:40:17] step=16100/20000 loss=0.692139 d_h=-0.0192796 eval_acc=None active=0.3661865234375
[2026-06-28T22:41:02] step=16200/20000 loss=0.678711 d_h=0.0110169 eval_acc=None active=0.3669514973958333
[2026-06-28T22:41:47] step=16300/20000 loss=0.700684 d_h=-0.0165254 eval_acc=None active=0.3660400390625
[2026-06-28T22:42:31] step=16400/20000 loss=0.682617 d_h=-0.0165254 eval_acc=None active=0.36545003255208336
[2026-06-28T22:43:16] step=16500/20000 loss=0.687256 d_h=0.046822 eval_acc=None active=0.3668212890625
[2026-06-28T22:44:00] step=16600/20000 loss=0.699707 d_h=0.0220339 eval_acc=None active=0.36552327473958335
[2026-06-28T22:44:45] step=16700/20000 loss=0.671875 d_h=-0.0275423 eval_acc=None active=0.3660888671875
[2026-06-28T22:45:30] step=16800/20000 loss=0.672607 d_h=0.0137712 eval_acc=None active=0.3673177083333333
[2026-06-28T22:46:14] step=16900/20000 loss=0.699707 d_h=0.0220339 eval_acc=None active=0.3665364583333333
[2026-06-28T22:47:03] step=17000/20000 loss=0.695312 d_h=0 eval_acc=0.5553080920564217 active=0.36642659505208336
[2026-06-28T22:47:47] step=17100/20000 loss=0.662598 d_h=-0.0110169 eval_acc=None active=0.36613362630208335
[2026-06-28T22:48:32] step=17200/20000 loss=0.675049 d_h=0.00275423 eval_acc=None active=0.36707763671875
[2026-06-28T22:49:17] step=17300/20000 loss=0.670654 d_h=0.0247881 eval_acc=None active=0.3666910807291667
[2026-06-28T22:50:02] step=17400/20000 loss=0.693359 d_h=0.00550846 eval_acc=None active=0.36746419270833336
[2026-06-28T22:50:46] step=17500/20000 loss=0.711426 d_h=0.00550846 eval_acc=None active=0.36601155598958335
[2026-06-28T22:51:31] step=17600/20000 loss=0.677734 d_h=-0.0440677 eval_acc=None active=0.36629638671875
[2026-06-28T22:52:16] step=17700/20000 loss=0.683838 d_h=0.0137712 eval_acc=None active=0.36593424479166664
[2026-06-28T22:53:00] step=17800/20000 loss=0.696533 d_h=0.035805 eval_acc=None active=0.3671061197916667
[2026-06-28T22:53:45] step=17900/20000 loss=0.68457 d_h=0 eval_acc=None active=0.3664632161458333
[2026-06-28T22:54:35] step=18000/20000 loss=0.675049 d_h=-0.0413135 eval_acc=0.5566443949517447 active=0.36728515625
[2026-06-28T22:55:20] step=18100/20000 loss=0.677246 d_h=0.0275423 eval_acc=None active=0.3682454427083333
[2026-06-28T22:56:04] step=18200/20000 loss=0.680908 d_h=0.035805 eval_acc=None active=0.36746826171875
[2026-06-28T22:56:49] step=18300/20000 loss=0.728271 d_h=-0.0523304 eval_acc=None active=0.36516927083333334
[2026-06-28T22:57:34] step=18400/20000 loss=0.70166 d_h=0.00550846 eval_acc=None active=0.36660563151041664
[2026-06-28T22:58:18] step=18500/20000 loss=0.692871 d_h=-0.0165254 eval_acc=None active=0.36756591796875
[2026-06-28T22:59:03] step=18600/20000 loss=0.699707 d_h=0 eval_acc=None active=0.366357421875
[2026-06-28T22:59:47] step=18700/20000 loss=0.685547 d_h=-0.0385593 eval_acc=None active=0.3668701171875
[2026-06-28T23:00:32] step=18800/20000 loss=0.659424 d_h=0.0302966 eval_acc=None active=0.366455078125
[2026-06-28T23:01:17] step=18900/20000 loss=0.668457 d_h=0.0220339 eval_acc=None active=0.36692708333333335
[2026-06-28T23:02:06] step=19000/20000 loss=0.66748 d_h=-0.0385593 eval_acc=0.5570898292501856 active=0.3652099609375
[2026-06-28T23:02:51] step=19100/20000 loss=0.684326 d_h=0.0192796 eval_acc=None active=0.36773274739583334
[2026-06-28T23:03:36] step=19200/20000 loss=0.67334 d_h=-0.0330508 eval_acc=None active=0.3658854166666667
[2026-06-28T23:04:21] step=19300/20000 loss=0.671387 d_h=0.0110169 eval_acc=None active=0.36715494791666664
[2026-06-28T23:05:05] step=19400/20000 loss=0.690674 d_h=-0.0192796 eval_acc=None active=0.3677164713541667
[2026-06-28T23:05:50] step=19500/20000 loss=0.681885 d_h=0.0137712 eval_acc=None active=0.36645914713541666
[2026-06-28T23:06:35] step=19600/20000 loss=0.697266 d_h=0.104661 eval_acc=None active=0.36739501953125
[2026-06-28T23:07:20] step=19700/20000 loss=0.677002 d_h=0.0137712 eval_acc=None active=0.36727701822916664
[2026-06-28T23:08:04] step=19800/20000 loss=0.711914 d_h=-0.082627 eval_acc=None active=0.3667805989583333
[2026-06-28T23:08:49] step=19900/20000 loss=0.662354 d_h=-0.0302966 eval_acc=None active=0.36576741536458335
[2026-06-28T23:09:39] step=20000/20000 loss=0.696533 d_h=0.0082627 eval_acc=0.557238307349666 active=0.36746826171875
[2026-06-28T23:09:40] finished int4_prefix_quantized_seedfixed_sst2_hstar_cleanGL_h0p0886419832658_seed32_full_bs64_step20k status=complete steps=20000
RobertaConfig {
  "_attn_implementation_autoset": true,
  "architectures": [
    "RobertaForMaskedLM"
  ],
  "attention_probs_dropout_prob": 0.1,
  "bos_token_id": 0,
  "classifier_dropout": null,
  "eos_token_id": 2,
  "finetuning_task": "sst-5",
  "hidden_act": "gelu",
  "hidden_dropout_prob": 0.1,
  "hidden_size": 1024,
  "id2label": {
    "0": "LABEL_0",
    "1": "LABEL_1",
    "2": "LABEL_2",
    "3": "LABEL_3",
    "4": "LABEL_4"
  },
  "initializer_range": 0.02,
  "intermediate_size": 4096,
  "label2id": {
    "LABEL_0": 0,
    "LABEL_1": 1,
    "LABEL_2": 2,
    "LABEL_3": 3,
    "LABEL_4": 4
  },
  "layer_norm_eps": 1e-05,
  "max_position_embeddings": 514,
  "model_type": "roberta",
  "num_attention_heads": 16,
  "num_hidden_layers": 24,
  "pad_token_id": 1,
  "position_embedding_type": "absolute",
  "torch_dtype": "float32",
  "transformers_version": "4.51.3",
  "type_vocab_size": 1,
  "use_cache": true,
  "vocab_size": 50265
}

[2026-06-28T23:09:41] starting int4_sparsep0p1_taskgrad_seedfixed_sst5_hstar_lowbitL_h0p00136650442032_seed32_full_bs64_step20k
[2026-06-28T23:09:44] sparse mask strategy=task_grad_static p=0.1 source=static_task_gradient_square_before_zo_training hash=8f7cbd903ce4 selection=global_topk_grad_square_linear_weight active_all=0.0871902 active_quantized_linear=0.100033
[2026-06-28T23:09:47] step=1/20000 loss=1.82129 d_h=-5.71714 eval_acc=None active=0.016510965466873542
[2026-06-28T23:10:25] step=100/20000 loss=1.7085 d_h=71.107 eval_acc=None active=0.016510965466873542
[2026-06-28T23:11:04] step=200/20000 loss=1.61768 d_h=28.2284 eval_acc=None active=0.016511938570076032
[2026-06-28T23:11:43] step=300/20000 loss=1.65039 d_h=-32.1589 eval_acc=None active=0.01650884770181148
[2026-06-28T23:12:22] step=400/20000 loss=1.66895 d_h=-9.29036 eval_acc=None active=0.016518904976528526
[2026-06-28T23:13:00] step=500/20000 loss=1.64941 d_h=-15.0075 eval_acc=None active=0.016508020845333066
[2026-06-28T23:13:39] step=600/20000 loss=1.59668 d_h=-5.71714 eval_acc=None active=0.016517850312652998
[2026-06-28T23:14:18] step=700/20000 loss=1.66016 d_h=-22.1539 eval_acc=None active=0.01650663993876537
[2026-06-28T23:14:57] step=800/20000 loss=1.63379 d_h=-34.3029 eval_acc=None active=0.016504963726312532
[2026-06-28T23:15:36] step=900/20000 loss=1.62598 d_h=-26.4418 eval_acc=None active=0.016512200126717162
[2026-06-28T23:16:24] step=1000/20000 loss=1.61328 d_h=-2.14393 eval_acc=0.24707259953161592 active=0.016509278004672695
[2026-06-28T23:17:03] step=1100/20000 loss=1.60498 d_h=14.6502 eval_acc=None active=0.016519467463928808
[2026-06-28T23:17:42] step=1200/20000 loss=1.59766 d_h=-18.5807 eval_acc=None active=0.016509488937447803
[2026-06-28T23:18:21] step=1300/20000 loss=1.61816 d_h=-1.42929 eval_acc=None active=0.016508079906510095
[2026-06-28T23:18:59] step=1400/20000 loss=1.56055 d_h=22.8686 eval_acc=None active=0.01650193191922501
[2026-06-28T23:19:38] step=1500/20000 loss=1.60303 d_h=-19.6527 eval_acc=None active=0.016509851741820982
[2026-06-28T23:20:17] step=1600/20000 loss=1.59863 d_h=2.85857 eval_acc=None active=0.016503869688318983
[2026-06-28T23:20:56] step=1700/20000 loss=1.74854 d_h=51.8116 eval_acc=None active=0.016507846474238978
[2026-06-28T23:21:34] step=1800/20000 loss=1.59912 d_h=-4.64518 eval_acc=None active=0.016515136310946636
[2026-06-28T23:22:13] step=1900/20000 loss=1.57471 d_h=2.50125 eval_acc=None active=0.016517088142225612
[2026-06-28T23:23:05] step=2000/20000 loss=1.65771 d_h=-23.2259 eval_acc=0.2728337236533958 active=0.016511272022506695
[2026-06-28T23:23:44] step=2100/20000 loss=1.50439 d_h=-7.50375 eval_acc=None active=0.01650843427357227
[2026-06-28T23:24:23] step=2200/20000 loss=1.66357 d_h=34.6602 eval_acc=None active=0.016515932230618036
[2026-06-28T23:25:02] step=2300/20000 loss=1.56689 d_h=-2.50125 eval_acc=None active=0.016509767368710942
[2026-06-28T23:25:40] step=2400/20000 loss=1.66211 d_h=-56.4568 eval_acc=None active=0.016509753306525935
[2026-06-28T23:26:19] step=2500/20000 loss=1.56885 d_h=1.78661 eval_acc=None active=0.016511834509906977
[2026-06-28T23:26:58] step=2600/20000 loss=1.64697 d_h=-30.3723 eval_acc=None active=0.01651787843702301
[2026-06-28T23:27:37] step=2700/20000 loss=1.55078 d_h=-5.71714 eval_acc=None active=0.016505138097406617
[2026-06-28T23:28:16] step=2800/20000 loss=1.60156 d_h=-10.7196 eval_acc=None active=0.016501965668469027
[2026-06-28T23:28:54] step=2900/20000 loss=1.58008 d_h=17.1514 eval_acc=None active=0.016506111200609106
[2026-06-28T23:29:35] step=3000/20000 loss=1.58105 d_h=12.1489 eval_acc=0.20140515222482436 active=0.0165045052990813
[2026-06-28T23:30:14] step=3100/20000 loss=1.56299 d_h=14.6502 eval_acc=None active=0.016508884263492497
[2026-06-28T23:30:53] step=3200/20000 loss=1.58252 d_h=-6.07446 eval_acc=None active=0.01650300908259655
[2026-06-28T23:31:32] step=3300/20000 loss=1.51025 d_h=-11.077 eval_acc=None active=0.01650614213741612
[2026-06-28T23:32:11] step=3400/20000 loss=1.51904 d_h=21.082 eval_acc=None active=0.016513969149591048
[2026-06-28T23:32:50] step=3500/20000 loss=1.65771 d_h=46.0945 eval_acc=None active=0.016506189948845146
[2026-06-28T23:33:28] step=3600/20000 loss=1.59375 d_h=2.85857 eval_acc=None active=0.01650422686781816
[2026-06-28T23:34:07] step=3700/20000 loss=1.61768 d_h=30.3723 eval_acc=None active=0.016510138610395127
[2026-06-28T23:34:46] step=3800/20000 loss=1.57617 d_h=8.57571 eval_acc=None active=0.01649145559139475
[2026-06-28T23:35:25] step=3900/20000 loss=1.62012 d_h=-16.4368 eval_acc=None active=0.016505987453381044
[2026-06-28T23:36:09] step=4000/20000 loss=1.54492 d_h=-12.8636 eval_acc=0.28337236533957844 active=0.01650683962179247
[2026-06-28T23:36:48] step=4100/20000 loss=1.61084 d_h=16.0795 eval_acc=None active=0.01650207254107508
[2026-06-28T23:37:27] step=4200/20000 loss=1.60254 d_h=-14.2929 eval_acc=None active=0.016513263227903696
[2026-06-28T23:38:06] step=4300/20000 loss=1.66016 d_h=2.85857 eval_acc=None active=0.01650177442275293
[2026-06-28T23:38:45] step=4400/20000 loss=1.61182 d_h=-0.357321 eval_acc=None active=0.0165023115982202
[2026-06-28T23:39:23] step=4500/20000 loss=1.58545 d_h=-20.3673 eval_acc=None active=0.016511975131757048
[2026-06-28T23:40:02] step=4600/20000 loss=1.61719 d_h=5.0025 eval_acc=None active=0.01650353219587881
[2026-06-28T23:40:41] step=4700/20000 loss=1.63867 d_h=-11.4343 eval_acc=None active=0.01650367281772888
[2026-06-28T23:41:20] step=4800/20000 loss=1.55273 d_h=-8.57571 eval_acc=None active=0.016501906607291998
[2026-06-28T23:41:59] step=4900/20000 loss=1.62256 d_h=10.3623 eval_acc=None active=0.0165100851740921
[2026-06-28T23:42:40] step=5000/20000 loss=1.63623 d_h=11.077 eval_acc=0.27634660421545665 active=0.01650707867893759
[2026-06-28T23:43:19] step=5100/20000 loss=1.61865 d_h=3.21589 eval_acc=None active=0.016505365904803733
[2026-06-28T23:43:58] step=5200/20000 loss=1.60059 d_h=-20.01 eval_acc=None active=0.01650158036459983
[2026-06-28T23:44:36] step=5300/20000 loss=1.55225 d_h=0.357321 eval_acc=None active=0.016512267625205194
[2026-06-28T23:45:15] step=5400/20000 loss=1.60791 d_h=-2.50125 eval_acc=None active=0.016504308428491203
[2026-06-28T23:45:54] step=5500/20000 loss=1.65527 d_h=12.1489 eval_acc=None active=0.016500877255349482
[2026-06-28T23:46:33] step=5600/20000 loss=1.62402 d_h=-3.57321 eval_acc=None active=0.016495623623030843
[2026-06-28T23:47:12] step=5700/20000 loss=1.60693 d_h=-1.07196 eval_acc=None active=0.016506848059103477
[2026-06-28T23:47:50] step=5800/20000 loss=1.57031 d_h=20.7246 eval_acc=None active=0.0164981266919621
[2026-06-28T23:48:29] step=5900/20000 loss=1.57471 d_h=24.6552 eval_acc=None active=0.01649702421665755
[2026-06-28T23:49:17] step=6000/20000 loss=1.67773 d_h=-52.1689 eval_acc=0.29156908665105385 active=0.01650223566242116
[2026-06-28T23:49:56] step=6100/20000 loss=1.54492 d_h=25.0125 eval_acc=None active=0.01649650954068629
[2026-06-28T23:50:35] step=6200/20000 loss=1.62354 d_h=5.35982 eval_acc=None active=0.016499651032816864
[2026-06-28T23:51:14] step=6300/20000 loss=1.6416 d_h=23.5832 eval_acc=None active=0.016498992922558534
[2026-06-28T23:51:53] step=6400/20000 loss=1.61328 d_h=2.14393 eval_acc=None active=0.016499732593489906
[2026-06-28T23:52:32] step=6500/20000 loss=1.63135 d_h=10.3623 eval_acc=None active=0.016506828372044466
[2026-06-28T23:53:10] step=6600/20000 loss=1.63037 d_h=-9.64768 eval_acc=None active=0.016506305258762205
[2026-06-28T23:53:49] step=6700/20000 loss=1.63428 d_h=-6.07446 eval_acc=None active=0.016500452577362268
[2026-06-28T23:54:28] step=6800/20000 loss=1.58594 d_h=15.7221 eval_acc=None active=0.01649497676252052
[2026-06-28T23:55:07] step=6900/20000 loss=1.55078 d_h=-5.71714 eval_acc=None active=0.016501903794854996
[2026-06-28T23:55:49] step=7000/20000 loss=1.60449 d_h=47.8811 eval_acc=0.27634660421545665 active=0.016497755450277915
[2026-06-28T23:56:27] step=7100/20000 loss=1.53418 d_h=10.7196 eval_acc=None active=0.016502907834864498
[2026-06-28T23:57:06] step=7200/20000 loss=1.61475 d_h=-11.7916 eval_acc=None active=0.016490240618610142
[2026-06-28T23:57:45] step=7300/20000 loss=1.55908 d_h=-6.78911 eval_acc=None active=0.01649376178973591
[2026-06-28T23:58:24] step=7400/20000 loss=1.54834 d_h=2.50125 eval_acc=None active=0.016492850560147453
[2026-06-28T23:59:03] step=7500/20000 loss=1.50439 d_h=23.9405 eval_acc=None active=0.016494588646214326
[2026-06-28T23:59:42] step=7600/20000 loss=1.53271 d_h=9.64768 eval_acc=None active=0.016495384565885726
[2026-06-29T00:00:21] step=7700/20000 loss=1.56152 d_h=-7.14643 eval_acc=None active=0.016489650006839846
[2026-06-29T00:01:00] step=7800/20000 loss=1.58398 d_h=-14.2929 eval_acc=None active=0.01649520175748063
[2026-06-29T00:01:38] step=7900/20000 loss=1.625 d_h=17.8661 eval_acc=None active=0.01648965563171385
[2026-06-29T00:02:24] step=8000/20000 loss=1.57812 d_h=2.14393 eval_acc=0.2716627634660422 active=0.01648903970801054
[2026-06-29T00:03:03] step=8100/20000 loss=1.55566 d_h=-37.8761 eval_acc=None active=0.016493587418641823
[2026-06-29T00:03:42] step=8200/20000 loss=1.55566 d_h=14.2929 eval_acc=None active=0.01649575580756991
[2026-06-29T00:04:21] step=8300/20000 loss=1.59131 d_h=-13.2209 eval_acc=None active=0.01649744326977076
[2026-06-29T00:05:00] step=8400/20000 loss=1.52246 d_h=15.0075 eval_acc=None active=0.01649822231482015
[2026-06-29T00:05:39] step=8500/20000 loss=1.54785 d_h=-40.02 eval_acc=None active=0.016502792524947442
[2026-06-29T00:06:17] step=8600/20000 loss=1.64014 d_h=-17.5087 eval_acc=None active=0.016490856542313453
[2026-06-29T00:06:56] step=8700/20000 loss=1.61572 d_h=6.78911 eval_acc=None active=0.01649268743880137
[2026-06-29T00:07:35] step=8800/20000 loss=1.5127 d_h=-11.4343 eval_acc=None active=0.016493798351416927
[2026-06-29T00:08:14] step=8900/20000 loss=1.61963 d_h=-30.3723 eval_acc=None active=0.01648909595675057
[2026-06-29T00:08:55] step=9000/20000 loss=1.57129 d_h=-8.57571 eval_acc=0.2775175644028103 active=0.01649559549866083
[2026-06-29T00:09:34] step=9100/20000 loss=1.54492 d_h=-7.86107 eval_acc=None active=0.01648579415571091
[2026-06-29T00:10:13] step=9200/20000 loss=1.54541 d_h=8.21839 eval_acc=None active=0.016487059752361546
[2026-06-29T00:10:52] step=9300/20000 loss=1.59326 d_h=-10.3623 eval_acc=None active=0.01649527206840567
[2026-06-29T00:11:31] step=9400/20000 loss=1.56445 d_h=-3.57321 eval_acc=None active=0.01648505167234254
[2026-06-29T00:12:10] step=9500/20000 loss=1.55225 d_h=-6.07446 eval_acc=None active=0.016494068345369064
[2026-06-29T00:12:49] step=9600/20000 loss=1.56104 d_h=16.7941 eval_acc=None active=0.016493711165869885
[2026-06-29T00:13:28] step=9700/20000 loss=1.60303 d_h=-0.357321 eval_acc=None active=0.01649012812113009
[2026-06-29T00:14:06] step=9800/20000 loss=1.53857 d_h=6.07446 eval_acc=None active=0.016494822078485443
[2026-06-29T00:14:45] step=9900/20000 loss=1.61621 d_h=-29.3004 eval_acc=None active=0.01649880730171644
[2026-06-29T00:15:26] step=10000/20000 loss=1.54297 d_h=-48.5957 eval_acc=0.27400468384074944 active=0.016492670564179364
[2026-06-29T00:16:05] step=10100/20000 loss=1.55957 d_h=-46.4518 eval_acc=None active=0.01647955054556778
[2026-06-29T00:16:44] step=10200/20000 loss=1.51953 d_h=1.42929 eval_acc=None active=0.016479618044055813
[2026-06-29T00:17:23] step=10300/20000 loss=1.5376 d_h=16.0795 eval_acc=None active=0.016481437690795728
[2026-06-29T00:18:02] step=10400/20000 loss=1.52051 d_h=4.28786 eval_acc=None active=0.01648455387099329
[2026-06-29T00:18:41] step=10500/20000 loss=1.56494 d_h=-1.78661 eval_acc=None active=0.016492993994434525
[2026-06-29T00:19:20] step=10600/20000 loss=1.57373 d_h=-13.9355 eval_acc=None active=0.016491019663659533
[2026-06-29T00:19:59] step=10700/20000 loss=1.49219 d_h=-5.71714 eval_acc=None active=0.01648222236071912
[2026-06-29T00:20:38] step=10800/20000 loss=1.52979 d_h=3.21589 eval_acc=None active=0.01648918032986061
[2026-06-29T00:21:17] step=10900/20000 loss=1.56494 d_h=4.64518 eval_acc=None active=0.01648933220145869
[2026-06-29T00:22:04] step=11000/20000 loss=1.5459 d_h=-6.43178 eval_acc=0.3372365339578454 active=0.01647865337816433
[2026-06-29T00:22:43] step=11100/20000 loss=1.56348 d_h=5.0025 eval_acc=None active=0.01648266391332834
[2026-06-29T00:23:22] step=11200/20000 loss=1.56641 d_h=3.57321 eval_acc=None active=0.016488831587672437
[2026-06-29T00:24:01] step=11300/20000 loss=1.57275 d_h=-1.78661 eval_acc=None active=0.01648880346330242
[2026-06-29T00:24:40] step=11400/20000 loss=1.5957 d_h=-3.57321 eval_acc=None active=0.016489183142297612
[2026-06-29T00:25:19] step=11500/20000 loss=1.56934 d_h=-10.005 eval_acc=None active=0.016483963259222995
[2026-06-29T00:25:58] step=11600/20000 loss=1.57129 d_h=4.28786 eval_acc=None active=0.016491419029713735
[2026-06-29T00:26:37] step=11700/20000 loss=1.6748 d_h=15.7221 eval_acc=None active=0.01648565353386084
[2026-06-29T00:27:16] step=11800/20000 loss=1.58447 d_h=-7.50375 eval_acc=None active=0.016481058011800536
[2026-06-29T00:27:54] step=11900/20000 loss=1.61182 d_h=15.3648 eval_acc=None active=0.01648822128884313
[2026-06-29T00:28:39] step=12000/20000 loss=1.5542 d_h=-10.3623 eval_acc=0.32435597189695553 active=0.01649607642538807
[2026-06-29T00:29:18] step=12100/20000 loss=1.65527 d_h=-16.4368 eval_acc=None active=0.01648768411337586
[2026-06-29T00:29:57] step=12200/20000 loss=1.54004 d_h=12.8636 eval_acc=None active=0.016490296867350172
[2026-06-29T00:30:35] step=12300/20000 loss=1.55029 d_h=-38.2334 eval_acc=None active=0.016489548759107797
[2026-06-29T00:31:14] step=12400/20000 loss=1.56152 d_h=-17.1514 eval_acc=None active=0.01648387607367595
[2026-06-29T00:31:53] step=12500/20000 loss=1.5835 d_h=1.78661 eval_acc=None active=0.016484373875025198
[2026-06-29T00:32:32] step=12600/20000 loss=1.56641 d_h=15.7221 eval_acc=None active=0.016485037610157533
[2026-06-29T00:33:11] step=12700/20000 loss=1.51855 d_h=-28.5857 eval_acc=None active=0.016476119372426056
[2026-06-29T00:33:50] step=12800/20000 loss=1.51025 d_h=1.07196 eval_acc=None active=0.016487208811522623
[2026-06-29T00:34:28] step=12900/20000 loss=1.61572 d_h=16.0795 eval_acc=None active=0.0164873634955577
[2026-06-29T00:35:13] step=13000/20000 loss=1.61963 d_h=-1.07196 eval_acc=0.31381733021077285 active=0.016488544719098292
[2026-06-29T00:35:52] step=13100/20000 loss=1.56104 d_h=-3.93054 eval_acc=None active=0.01649130934467068
[2026-06-29T00:36:30] step=13200/20000 loss=1.57812 d_h=7.14643 eval_acc=None active=0.016476856230920427
[2026-06-29T00:37:09] step=13300/20000 loss=1.59521 d_h=-2.50125 eval_acc=None active=0.016487529429340782
[2026-06-29T00:37:48] step=13400/20000 loss=1.50537 d_h=14.6502 eval_acc=None active=0.0164817808081099
[2026-06-29T00:38:27] step=13500/20000 loss=1.57764 d_h=2.50125 eval_acc=None active=0.01648790348346197
[2026-06-29T00:39:06] step=13600/20000 loss=1.56006 d_h=7.50375 eval_acc=None active=0.016489548759107797
[2026-06-29T00:39:44] step=13700/20000 loss=1.56445 d_h=14.2929 eval_acc=None active=0.01649057529861331
[2026-06-29T00:40:23] step=13800/20000 loss=1.53125 d_h=16.4368 eval_acc=None active=0.01648664351168534
[2026-06-29T00:41:02] step=13900/20000 loss=1.52539 d_h=0 eval_acc=None active=0.016485822280080928
[2026-06-29T00:41:50] step=14000/20000 loss=1.57227 d_h=15.7221 eval_acc=0.351288056206089 active=0.016490367178275206
[2026-06-29T00:42:29] step=14100/20000 loss=1.56885 d_h=-1.78661 eval_acc=None active=0.016479741791283874
[2026-06-29T00:43:08] step=14200/20000 loss=1.49756 d_h=4.64518 eval_acc=None active=0.01648522885587363
[2026-06-29T00:43:47] step=14300/20000 loss=1.55566 d_h=3.57321 eval_acc=None active=0.016498191378013134
[2026-06-29T00:44:26] step=14400/20000 loss=1.60059 d_h=5.0025 eval_acc=None active=0.016488707840444376
[2026-06-29T00:45:05] step=14500/20000 loss=1.60352 d_h=-26.4418 eval_acc=None active=0.016484680430658354
[2026-06-29T00:45:43] step=14600/20000 loss=1.58301 d_h=-5.0025 eval_acc=None active=0.016484871676374448
[2026-06-29T00:46:22] step=14700/20000 loss=1.56689 d_h=-8.93303 eval_acc=None active=0.016490662484160354
[2026-06-29T00:47:01] step=14800/20000 loss=1.61328 d_h=14.2929 eval_acc=None active=0.016487388807490712
[2026-06-29T00:47:40] step=14900/20000 loss=1.46338 d_h=-10.3623 eval_acc=None active=0.01648594602730899
[2026-06-29T00:48:24] step=15000/20000 loss=1.58057 d_h=-1.78661 eval_acc=0.3442622950819672 active=0.016495767057317916
[2026-06-29T00:49:03] step=15100/20000 loss=1.54785 d_h=-7.86107 eval_acc=None active=0.01649228807274717
[2026-06-29T00:49:42] step=15200/20000 loss=1.54297 d_h=-8.57571 eval_acc=None active=0.016486860069334447
[2026-06-29T00:50:21] step=15300/20000 loss=1.62695 d_h=-0.714643 eval_acc=None active=0.01648554947369179
[2026-06-29T00:51:00] step=15400/20000 loss=1.62158 d_h=3.93054 eval_acc=None active=0.016490578111050314
[2026-06-29T00:51:38] step=15500/20000 loss=1.53369 d_h=-4.64518 eval_acc=None active=0.016497499518510785
[2026-06-29T00:52:17] step=15600/20000 loss=1.58398 d_h=-0.714643 eval_acc=None active=0.016498888862389482
[2026-06-29T00:52:56] step=15700/20000 loss=1.58496 d_h=-41.4493 eval_acc=None active=0.01648630320680817
[2026-06-29T00:53:35] step=15800/20000 loss=1.61865 d_h=1.78661 eval_acc=None active=0.016486933192696483
[2026-06-29T00:54:14] step=15900/20000 loss=1.53662 d_h=-1.78661 eval_acc=None active=0.01648937438801371
[2026-06-29T00:54:54] step=16000/20000 loss=1.60742 d_h=7.14643 eval_acc=0.2997658079625293 active=0.01649156808887481
[2026-06-29T00:55:33] step=16100/20000 loss=1.52881 d_h=24.6552 eval_acc=None active=0.01649356491914581
[2026-06-29T00:56:12] step=16200/20000 loss=1.61768 d_h=0.357321 eval_acc=None active=0.016487310059254672
[2026-06-29T00:56:51] step=16300/20000 loss=1.54932 d_h=3.93054 eval_acc=None active=0.016490077497264062
[2026-06-29T00:57:30] step=16400/20000 loss=1.52588 d_h=6.07446 eval_acc=None active=0.016485858841761944
[2026-06-29T00:58:09] step=16500/20000 loss=1.58203 d_h=-45.0225 eval_acc=None active=0.016493789914105925
[2026-06-29T00:58:47] step=16600/20000 loss=1.53174 d_h=29.6577 eval_acc=None active=0.016484331688470178
[2026-06-29T00:59:26] step=16700/20000 loss=1.52979 d_h=-27.5137 eval_acc=None active=0.016487349433372694
[2026-06-29T01:00:05] step=16800/20000 loss=1.56836 d_h=-1.42929 eval_acc=None active=0.01649441989999424
[2026-06-29T01:00:44] step=16900/20000 loss=1.59033 d_h=-8.21839 eval_acc=None active=0.016492881496954468
[2026-06-29T01:01:28] step=17000/20000 loss=1.5498 d_h=10.005 eval_acc=0.3009367681498829 active=0.016487875359091957
[2026-06-29T01:02:07] step=17100/20000 loss=1.55615 d_h=10.3623 eval_acc=None active=0.01649003812314604
[2026-06-29T01:02:45] step=17200/20000 loss=1.5957 d_h=35.7321 eval_acc=None active=0.016482160487105088
[2026-06-29T01:03:24] step=17300/20000 loss=1.60156 d_h=-1.42929 eval_acc=None active=0.016483386709637705
[2026-06-29T01:04:02] step=17400/20000 loss=1.59473 d_h=-7.86107 eval_acc=None active=0.01649089591643147
[2026-06-29T01:04:41] step=17500/20000 loss=1.43701 d_h=14.6502 eval_acc=None active=0.016483592017538806
[2026-06-29T01:05:19] step=17600/20000 loss=1.56299 d_h=6.78911 eval_acc=None active=0.016491486528201767
[2026-06-29T01:05:58] step=17700/20000 loss=1.58936 d_h=36.0895 eval_acc=None active=0.016478090890764047
[2026-06-29T01:06:36] step=17800/20000 loss=1.53662 d_h=-31.087 eval_acc=None active=0.01648672507235838
[2026-06-29T01:07:15] step=17900/20000 loss=1.56982 d_h=0.357321 eval_acc=None active=0.01648559166024681
[2026-06-29T01:08:02] step=18000/20000 loss=1.54443 d_h=-8.93303 eval_acc=0.39695550351288056 active=0.01648658726294531
[2026-06-29T01:08:41] step=18100/20000 loss=1.5293 d_h=2.14393 eval_acc=None active=0.01648094551432048
[2026-06-29T01:09:20] step=18200/20000 loss=1.5957 d_h=-8.57571 eval_acc=None active=0.01648407294426605
[2026-06-29T01:09:58] step=18300/20000 loss=1.55469 d_h=16.4368 eval_acc=None active=0.01647805151664603
[2026-06-29T01:10:37] step=18400/20000 loss=1.52441 d_h=-10.005 eval_acc=None active=0.016485242918058637
[2026-06-29T01:11:15] step=18500/20000 loss=1.48828 d_h=2.85857 eval_acc=None active=0.01647825963698413
[2026-06-29T01:11:54] step=18600/20000 loss=1.49219 d_h=11.4343 eval_acc=None active=0.01648156143802379
[2026-06-29T01:12:32] step=18700/20000 loss=1.47998 d_h=4.64518 eval_acc=None active=0.01648547353789275
[2026-06-29T01:13:11] step=18800/20000 loss=1.62842 d_h=-15.3648 eval_acc=None active=0.016480399901542205
[2026-06-29T01:13:49] step=18900/20000 loss=1.55078 d_h=15.0075 eval_acc=None active=0.01649011124650808
[2026-06-29T01:14:30] step=19000/20000 loss=1.60059 d_h=4.28786 eval_acc=0.38875878220140514 active=0.01648027052944014
[2026-06-29T01:15:08] step=19100/20000 loss=1.52539 d_h=-6.43178 eval_acc=None active=0.016490347491216195
[2026-06-29T01:15:47] step=19200/20000 loss=1.60352 d_h=-25.0125 eval_acc=None active=0.016481448940543732
[2026-06-29T01:16:26] step=19300/20000 loss=1.58057 d_h=3.93054 eval_acc=None active=0.01648987500179996
[2026-06-29T01:17:04] step=19400/20000 loss=1.57129 d_h=4.28786 eval_acc=None active=0.016484840739567432
[2026-06-29T01:17:43] step=19500/20000 loss=1.54492 d_h=5.71714 eval_acc=None active=0.016487574428332805
[2026-06-29T01:18:21] step=19600/20000 loss=1.49463 d_h=1.07196 eval_acc=None active=0.016487639114383838
[2026-06-29T01:18:59] step=19700/20000 loss=1.60449 d_h=12.8636 eval_acc=None active=0.016484081381577052
[2026-06-29T01:19:38] step=19800/20000 loss=1.65039 d_h=-1.42929 eval_acc=None active=0.016488890648849466
[2026-06-29T01:20:16] step=19900/20000 loss=1.53857 d_h=11.077 eval_acc=None active=0.016489500947678773
[2026-06-29T01:21:01] step=20000/20000 loss=1.57031 d_h=-12.1489 eval_acc=0.3840749414519906 active=0.0164783974463972
[2026-06-29T01:21:03] finished int4_sparsep0p1_taskgrad_seedfixed_sst5_hstar_lowbitL_h0p00136650442032_seed32_full_bs64_step20k status=complete steps=20000
RobertaConfig {
  "_attn_implementation_autoset": true,
  "architectures": [
    "RobertaForMaskedLM"
  ],
  "attention_probs_dropout_prob": 0.1,
  "bos_token_id": 0,
  "classifier_dropout": null,
  "eos_token_id": 2,
  "finetuning_task": "sst-2",
  "hidden_act": "gelu",
  "hidden_dropout_prob": 0.1,
  "hidden_size": 1024,
  "initializer_range": 0.02,
  "intermediate_size": 4096,
  "layer_norm_eps": 1e-05,
  "max_position_embeddings": 514,
  "model_type": "roberta",
  "num_attention_heads": 16,
  "num_hidden_layers": 24,
  "pad_token_id": 1,
  "position_embedding_type": "absolute",
  "torch_dtype": "float32",
  "transformers_version": "4.51.3",
  "type_vocab_size": 1,
  "use_cache": true,
  "vocab_size": 50265
}

[2026-06-29T01:21:05] starting int4_prefix_quantized_seedfixed_sst2_hstar_cleanGL_h0p0886419832658_seed64_full_bs64_step20k
[2026-06-29T01:21:05] prefix mode prefix_params=48 active_params=245760 prefix_quantize=True
[2026-06-29T01:21:07] step=1/20000 loss=0.685791 d_h=0.0633473 eval_acc=None active=0.3596272786458333
[2026-06-29T01:21:51] step=100/20000 loss=0.663818 d_h=0.00275423 eval_acc=None active=0.3596272786458333
[2026-06-29T01:22:35] step=200/20000 loss=0.679199 d_h=0.0550846 eval_acc=None active=0.359619140625
[2026-06-29T01:23:20] step=300/20000 loss=0.674316 d_h=0.0661016 eval_acc=None active=0.3598388671875
[2026-06-29T01:24:04] step=400/20000 loss=0.663818 d_h=0.0137712 eval_acc=None active=0.3599934895833333
[2026-06-29T01:24:48] step=500/20000 loss=0.686279 d_h=0.00275423 eval_acc=None active=0.35950927734375
[2026-06-29T01:25:32] step=600/20000 loss=0.676025 d_h=-0.00275423 eval_acc=None active=0.36061197916666665
[2026-06-29T01:26:16] step=700/20000 loss=0.69043 d_h=-0.0275423 eval_acc=None active=0.3592325846354167
[2026-06-29T01:27:01] step=800/20000 loss=0.682129 d_h=0.00550846 eval_acc=None active=0.361181640625
[2026-06-29T01:27:45] step=900/20000 loss=0.680176 d_h=0.0110169 eval_acc=None active=0.36059163411458334
[2026-06-29T01:28:34] step=1000/20000 loss=0.68042 d_h=0.0247881 eval_acc=0.5686711210096511 active=0.360302734375
[2026-06-29T01:29:18] step=1100/20000 loss=0.676514 d_h=0.0082627 eval_acc=None active=0.36080729166666664
[2026-06-29T01:30:03] step=1200/20000 loss=0.709229 d_h=0.12394 eval_acc=None active=0.3598876953125
[2026-06-29T01:30:47] step=1300/20000 loss=0.659424 d_h=0.0578389 eval_acc=None active=0.35956217447916666
[2026-06-29T01:31:31] step=1400/20000 loss=0.690674 d_h=0.00275423 eval_acc=None active=0.3611043294270833
[2026-06-29T01:32:15] step=1500/20000 loss=0.669189 d_h=0.107415 eval_acc=None active=0.35930989583333334
[2026-06-29T01:32:59] step=1600/20000 loss=0.662354 d_h=0.0082627 eval_acc=None active=0.3607421875
[2026-06-29T01:33:44] step=1700/20000 loss=0.668213 d_h=0.0523304 eval_acc=None active=0.359814453125
[2026-06-29T01:34:28] step=1800/20000 loss=0.670166 d_h=-0.0082627 eval_acc=None active=0.36075032552083336
[2026-06-29T01:35:12] step=1900/20000 loss=0.659668 d_h=0.0275423 eval_acc=None active=0.3599039713541667
[2026-06-29T01:36:00] step=2000/20000 loss=0.66626 d_h=0.0082627 eval_acc=0.5662954714179659 active=0.36029459635416666
[2026-06-29T01:36:44] step=2100/20000 loss=0.710205 d_h=-0.101907 eval_acc=None active=0.36027425130208335
[2026-06-29T01:37:29] step=2200/20000 loss=0.699707 d_h=0.0220339 eval_acc=None active=0.35857747395833334
[2026-06-29T01:38:13] step=2300/20000 loss=0.669922 d_h=-0.0991524 eval_acc=None active=0.35885823567708336
[2026-06-29T01:38:57] step=2400/20000 loss=0.647949 d_h=0.0440677 eval_acc=None active=0.3602783203125
[2026-06-29T01:39:41] step=2500/20000 loss=0.657471 d_h=-0.0082627 eval_acc=None active=0.3594482421875
[2026-06-29T01:40:25] step=2600/20000 loss=0.669434 d_h=0 eval_acc=None active=0.35984700520833335
[2026-06-29T01:41:10] step=2700/20000 loss=0.678711 d_h=0.0110169 eval_acc=None active=0.36061197916666665
[2026-06-29T01:41:54] step=2800/20000 loss=0.690918 d_h=-0.0165254 eval_acc=None active=0.35975341796875
[2026-06-29T01:42:38] step=2900/20000 loss=0.675537 d_h=-0.0192796 eval_acc=None active=0.36097819010416665
[2026-06-29T01:43:26] step=3000/20000 loss=0.684814 d_h=-0.00275423 eval_acc=0.5686711210096511 active=0.36084391276041666
[2026-06-29T01:44:10] step=3100/20000 loss=0.680908 d_h=-0.0137712 eval_acc=None active=0.3608805338541667
[2026-06-29T01:44:54] step=3200/20000 loss=0.689209 d_h=-0.0192796 eval_acc=None active=0.3602986653645833
[2026-06-29T01:45:39] step=3300/20000 loss=0.668457 d_h=0.00550846 eval_acc=None active=0.35880126953125
[2026-06-29T01:46:23] step=3400/20000 loss=0.662598 d_h=0.00550846 eval_acc=None active=0.35966796875
[2026-06-29T01:47:07] step=3500/20000 loss=0.665039 d_h=-0.0275423 eval_acc=None active=0.36059163411458334
[2026-06-29T01:47:51] step=3600/20000 loss=0.706543 d_h=-0.0275423 eval_acc=None active=0.3608805338541667
[2026-06-29T01:48:36] step=3700/20000 loss=0.678223 d_h=-0.00550846 eval_acc=None active=0.35870361328125
[2026-06-29T01:49:20] step=3800/20000 loss=0.675781 d_h=0.0110169 eval_acc=None active=0.3600341796875
[2026-06-29T01:50:04] step=3900/20000 loss=0.68335 d_h=-0.0192796 eval_acc=None active=0.3594563802083333
[2026-06-29T01:50:53] step=4000/20000 loss=0.666992 d_h=0.0330508 eval_acc=0.5703043801039347 active=0.35973714192708334
[2026-06-29T01:51:38] step=4100/20000 loss=0.65332 d_h=-0.0110169 eval_acc=None active=0.35934244791666664
[2026-06-29T01:52:22] step=4200/20000 loss=0.671143 d_h=0.0082627 eval_acc=None active=0.35857747395833334
[2026-06-29T01:53:06] step=4300/20000 loss=0.686523 d_h=0 eval_acc=None active=0.3592529296875
[2026-06-29T01:53:50] step=4400/20000 loss=0.669922 d_h=0.0165254 eval_acc=None active=0.3589558919270833
[2026-06-29T01:54:35] step=4500/20000 loss=0.655029 d_h=-0.0192796 eval_acc=None active=0.36040852864583334
[2026-06-29T01:55:19] step=4600/20000 loss=0.687744 d_h=0.0413135 eval_acc=None active=0.35926920572916665
[2026-06-29T01:56:03] step=4700/20000 loss=0.643066 d_h=-0.0275423 eval_acc=None active=0.36075032552083336
[2026-06-29T01:56:47] step=4800/20000 loss=0.688232 d_h=0.0853812 eval_acc=None active=0.36033528645833335
[2026-06-29T01:57:32] step=4900/20000 loss=0.680176 d_h=-0.00550846 eval_acc=None active=0.36055908203125
[2026-06-29T01:58:21] step=5000/20000 loss=0.665039 d_h=0.0165254 eval_acc=0.5719376391982183 active=0.36048583984375
[2026-06-29T01:59:05] step=5100/20000 loss=0.681641 d_h=0.0110169 eval_acc=None active=0.36046142578125
[2026-06-29T01:59:49] step=5200/20000 loss=0.679688 d_h=-0.0220339 eval_acc=None active=0.3595703125
[2026-06-29T02:00:34] step=5300/20000 loss=0.668457 d_h=-0.0165254 eval_acc=None active=0.3624064127604167
[2026-06-29T02:01:18] step=5400/20000 loss=0.671875 d_h=-0.0275423 eval_acc=None active=0.35894775390625
[2026-06-29T02:02:02] step=5500/20000 loss=0.684814 d_h=-0.00275423 eval_acc=None active=0.36068522135416664
[2026-06-29T02:02:46] step=5600/20000 loss=0.698975 d_h=-0.0137712 eval_acc=None active=0.3605875651041667
[2026-06-29T02:03:31] step=5700/20000 loss=0.683594 d_h=-0.0330508 eval_acc=None active=0.3599772135416667
[2026-06-29T02:04:15] step=5800/20000 loss=0.672852 d_h=-0.0440677 eval_acc=None active=0.3596110026041667
[2026-06-29T02:04:59] step=5900/20000 loss=0.687256 d_h=0.0137712 eval_acc=None active=0.3597493489583333
[2026-06-29T02:05:48] step=6000/20000 loss=0.673584 d_h=-0.0137712 eval_acc=0.5746102449888641 active=0.3591796875
[2026-06-29T02:06:33] step=6100/20000 loss=0.676514 d_h=0.0192796 eval_acc=None active=0.3596598307291667
[2026-06-29T02:07:17] step=6200/20000 loss=0.666992 d_h=-0.0275423 eval_acc=None active=0.36106770833333335
[2026-06-29T02:08:01] step=6300/20000 loss=0.666748 d_h=-0.0192796 eval_acc=None active=0.36080322265625
[2026-06-29T02:08:46] step=6400/20000 loss=0.675049 d_h=0.0082627 eval_acc=None active=0.35898030598958336
[2026-06-29T02:09:30] step=6500/20000 loss=0.681396 d_h=0.0247881 eval_acc=None active=0.35914713541666665
[2026-06-29T02:10:14] step=6600/20000 loss=0.654785 d_h=-0.0385593 eval_acc=None active=0.3601765950520833
[2026-06-29T02:10:58] step=6700/20000 loss=0.678955 d_h=-0.0302966 eval_acc=None active=0.3586629231770833
[2026-06-29T02:11:42] step=6800/20000 loss=0.669678 d_h=0.0137712 eval_acc=None active=0.35974527994791666
[2026-06-29T02:12:27] step=6900/20000 loss=0.691162 d_h=0.0413135 eval_acc=None active=0.3596394856770833
[2026-06-29T02:13:14] step=7000/20000 loss=0.684082 d_h=0.00550846 eval_acc=0.5743132887899035 active=0.360302734375
[2026-06-29T02:13:59] step=7100/20000 loss=0.649414 d_h=-0.0110169 eval_acc=None active=0.3593994140625
[2026-06-29T02:14:43] step=7200/20000 loss=0.664795 d_h=0.0302966 eval_acc=None active=0.3601155598958333
[2026-06-29T02:15:27] step=7300/20000 loss=0.662842 d_h=-0.00275423 eval_acc=None active=0.3596598307291667
[2026-06-29T02:16:12] step=7400/20000 loss=0.693604 d_h=-0.0192796 eval_acc=None active=0.3604044596354167
[2026-06-29T02:16:56] step=7500/20000 loss=0.678223 d_h=-0.00550846 eval_acc=None active=0.36003011067708335
[2026-06-29T02:17:40] step=7600/20000 loss=0.660645 d_h=0 eval_acc=None active=0.36013997395833336
[2026-06-29T02:18:24] step=7700/20000 loss=0.666748 d_h=-0.00275423 eval_acc=None active=0.36083577473958334
[2026-06-29T02:19:09] step=7800/20000 loss=0.65625 d_h=-0.0165254 eval_acc=None active=0.36026204427083336
[2026-06-29T02:19:53] step=7900/20000 loss=0.664062 d_h=-0.0165254 eval_acc=None active=0.36058349609375
[2026-06-29T02:20:41] step=8000/20000 loss=0.668701 d_h=-0.0192796 eval_acc=0.5720861172976985 active=0.36204833984375
[2026-06-29T02:21:25] step=8100/20000 loss=0.661621 d_h=-0.00550846 eval_acc=None active=0.35858154296875
[2026-06-29T02:22:09] step=8200/20000 loss=0.705566 d_h=0.0991524 eval_acc=None active=0.36006266276041665
[2026-06-29T02:22:53] step=8300/20000 loss=0.672607 d_h=0.035805 eval_acc=None active=0.36079508463541665
[2026-06-29T02:23:38] step=8400/20000 loss=0.674072 d_h=-0.0633473 eval_acc=None active=0.36023356119791666
[2026-06-29T02:24:22] step=8500/20000 loss=0.638428 d_h=0.00275423 eval_acc=None active=0.36044108072916664
[2026-06-29T02:25:06] step=8600/20000 loss=0.656006 d_h=-0.0633473 eval_acc=None active=0.35879313151041664
[2026-06-29T02:25:50] step=8700/20000 loss=0.695801 d_h=-0.0495762 eval_acc=None active=0.3612060546875
[2026-06-29T02:26:34] step=8800/20000 loss=0.655029 d_h=0.0082627 eval_acc=None active=0.36017252604166666
[2026-06-29T02:27:19] step=8900/20000 loss=0.678711 d_h=0 eval_acc=None active=0.360693359375
[2026-06-29T02:28:08] step=9000/20000 loss=0.669434 d_h=-0.0165254 eval_acc=0.5765404602821084 active=0.36112874348958335
[2026-06-29T02:28:52] step=9100/20000 loss=0.649414 d_h=0.0165254 eval_acc=None active=0.35996907552083335
[2026-06-29T02:29:37] step=9200/20000 loss=0.678711 d_h=-0.0330508 eval_acc=None active=0.3603515625
[2026-06-29T02:30:21] step=9300/20000 loss=0.672119 d_h=-0.0302966 eval_acc=None active=0.36101888020833334
[2026-06-29T02:31:05] step=9400/20000 loss=0.683594 d_h=0.00550846 eval_acc=None active=0.36134033203125
[2026-06-29T02:31:49] step=9500/20000 loss=0.6604 d_h=-0.0192796 eval_acc=None active=0.3598429361979167
[2026-06-29T02:32:34] step=9600/20000 loss=0.677246 d_h=-0.00550846 eval_acc=None active=0.36077473958333334
[2026-06-29T02:33:18] step=9700/20000 loss=0.638916 d_h=-0.0192796 eval_acc=None active=0.36131184895833335
[2026-06-29T02:34:02] step=9800/20000 loss=0.665527 d_h=0.0110169 eval_acc=None active=0.35946858723958336
[2026-06-29T02:34:46] step=9900/20000 loss=0.650635 d_h=-0.0633473 eval_acc=None active=0.35933837890625
[2026-06-29T02:35:34] step=10000/20000 loss=0.681152 d_h=0.0330508 eval_acc=0.5743132887899035 active=0.3604044596354167
[2026-06-29T02:36:19] step=10100/20000 loss=0.675049 d_h=-0.00275423 eval_acc=None active=0.3621297200520833
[2026-06-29T02:37:03] step=10200/20000 loss=0.648926 d_h=-0.0275423 eval_acc=None active=0.36141764322916664
[2026-06-29T02:37:47] step=10300/20000 loss=0.681152 d_h=-0.0495762 eval_acc=None active=0.35970458984375
[2026-06-29T02:38:31] step=10400/20000 loss=0.651855 d_h=-0.0495762 eval_acc=None active=0.3599609375
[2026-06-29T02:39:16] step=10500/20000 loss=0.674072 d_h=0.035805 eval_acc=None active=0.3615926106770833
[2026-06-29T02:40:00] step=10600/20000 loss=0.66333 d_h=0.0688558 eval_acc=None active=0.36039632161458335
[2026-06-29T02:40:44] step=10700/20000 loss=0.657471 d_h=-0.0082627 eval_acc=None active=0.36095784505208334
[2026-06-29T02:41:28] step=10800/20000 loss=0.666016 d_h=0.0385593 eval_acc=None active=0.36151123046875
[2026-06-29T02:42:12] step=10900/20000 loss=0.661865 d_h=-0.0137712 eval_acc=None active=0.36007893880208336
[2026-06-29T02:43:02] step=11000/20000 loss=0.657471 d_h=0.0523304 eval_acc=0.5780252412769117 active=0.35946044921875
[2026-06-29T02:43:46] step=11100/20000 loss=0.652832 d_h=-0.0110169 eval_acc=None active=0.36185302734375
[2026-06-29T02:44:30] step=11200/20000 loss=0.655762 d_h=0.0220339 eval_acc=None active=0.36101888020833334
[2026-06-29T02:45:15] step=11300/20000 loss=0.674561 d_h=-0.0413135 eval_acc=None active=0.361572265625
[2026-06-29T02:45:59] step=11400/20000 loss=0.678955 d_h=-0.0082627 eval_acc=None active=0.3605428059895833
[2026-06-29T02:46:43] step=11500/20000 loss=0.689209 d_h=-0.0413135 eval_acc=None active=0.36134440104166665
[2026-06-29T02:47:27] step=11600/20000 loss=0.656738 d_h=-0.00550846 eval_acc=None active=0.36146647135416665
[2026-06-29T02:48:11] step=11700/20000 loss=0.671143 d_h=0.0082627 eval_acc=None active=0.36145426432291666
[2026-06-29T02:48:56] step=11800/20000 loss=0.681641 d_h=-0.00550846 eval_acc=None active=0.36109619140625
[2026-06-29T02:49:40] step=11900/20000 loss=0.650391 d_h=-0.0440677 eval_acc=None active=0.36041666666666666
[2026-06-29T02:50:29] step=12000/20000 loss=0.663818 d_h=-0.00275423 eval_acc=0.5858945805493689 active=0.360595703125
[2026-06-29T02:51:14] step=12100/20000 loss=0.63501 d_h=-0.0082627 eval_acc=None active=0.3606974283854167
[2026-06-29T02:51:58] step=12200/20000 loss=0.624512 d_h=0.0495762 eval_acc=None active=0.3606038411458333
[2026-06-29T02:52:42] step=12300/20000 loss=0.663086 d_h=-0.00550846 eval_acc=None active=0.36112060546875
[2026-06-29T02:53:26] step=12400/20000 loss=0.660889 d_h=-0.0413135 eval_acc=None active=0.36129964192708336
[2026-06-29T02:54:10] step=12500/20000 loss=0.676025 d_h=0.0302966 eval_acc=None active=0.3603515625
[2026-06-29T02:54:54] step=12600/20000 loss=0.661865 d_h=0.035805 eval_acc=None active=0.36030680338541665
[2026-06-29T02:55:39] step=12700/20000 loss=0.672607 d_h=0.0137712 eval_acc=None active=0.3605428059895833
[2026-06-29T02:56:23] step=12800/20000 loss=0.631592 d_h=-0.0523304 eval_acc=None active=0.36009114583333335
[2026-06-29T02:57:07] step=12900/20000 loss=0.639648 d_h=0 eval_acc=None active=0.3609537760416667
[2026-06-29T02:57:56] step=13000/20000 loss=0.685547 d_h=0.0220339 eval_acc=0.5872308834446919 active=0.36092529296875
[2026-06-29T02:58:41] step=13100/20000 loss=0.647705 d_h=0.0192796 eval_acc=None active=0.36011149088541666
[2026-06-29T02:59:25] step=13200/20000 loss=0.653809 d_h=0.0110169 eval_acc=None active=0.36059977213541666
[2026-06-29T03:00:09] step=13300/20000 loss=0.666748 d_h=-0.0082627 eval_acc=None active=0.3605265299479167
[2026-06-29T03:00:53] step=13400/20000 loss=0.664551 d_h=-0.0550846 eval_acc=None active=0.36108805338541666
[2026-06-29T03:01:37] step=13500/20000 loss=0.633057 d_h=-0.0082627 eval_acc=None active=0.36024169921875
[2026-06-29T03:02:22] step=13600/20000 loss=0.654541 d_h=-0.0247881 eval_acc=None active=0.3602376302083333
[2026-06-29T03:03:06] step=13700/20000 loss=0.664307 d_h=0.0082627 eval_acc=None active=0.3620361328125
[2026-06-29T03:03:50] step=13800/20000 loss=0.65332 d_h=-0.0495762 eval_acc=None active=0.3600830078125
[2026-06-29T03:04:34] step=13900/20000 loss=0.686279 d_h=0.0137712 eval_acc=None active=0.3601155598958333
[2026-06-29T03:05:22] step=14000/20000 loss=0.660889 d_h=-0.0082627 eval_acc=0.5855976243504083 active=0.3612467447916667
[2026-06-29T03:06:06] step=14100/20000 loss=0.64209 d_h=-0.0661016 eval_acc=None active=0.36062825520833336
[2026-06-29T03:06:51] step=14200/20000 loss=0.661377 d_h=-0.0302966 eval_acc=None active=0.36080729166666664
[2026-06-29T03:07:35] step=14300/20000 loss=0.669678 d_h=-0.035805 eval_acc=None active=0.3585205078125
[2026-06-29T03:08:19] step=14400/20000 loss=0.681152 d_h=0.0275423 eval_acc=None active=0.36046142578125
[2026-06-29T03:09:03] step=14500/20000 loss=0.665283 d_h=-0.00275423 eval_acc=None active=0.36114095052083334
[2026-06-29T03:09:47] step=14600/20000 loss=0.61377 d_h=0.104661 eval_acc=None active=0.3604044596354167
[2026-06-29T03:10:32] step=14700/20000 loss=0.641602 d_h=0.0330508 eval_acc=None active=0.36087646484375
[2026-06-29T03:11:16] step=14800/20000 loss=0.654785 d_h=-0.0165254 eval_acc=None active=0.35898030598958336
[2026-06-29T03:12:00] step=14900/20000 loss=0.641602 d_h=-0.0495762 eval_acc=None active=0.3596923828125
[2026-06-29T03:12:49] step=15000/20000 loss=0.67749 d_h=0.0633473 eval_acc=0.5891610987379362 active=0.360546875
[2026-06-29T03:13:33] step=15100/20000 loss=0.65332 d_h=0.0110169 eval_acc=None active=0.36006266276041665
[2026-06-29T03:14:18] step=15200/20000 loss=0.659912 d_h=0.00275423 eval_acc=None active=0.36044108072916664
[2026-06-29T03:15:02] step=15300/20000 loss=0.657227 d_h=0.0110169 eval_acc=None active=0.3609700520833333
[2026-06-29T03:15:46] step=15400/20000 loss=0.653076 d_h=-0.0302966 eval_acc=None active=0.3612589518229167
[2026-06-29T03:16:31] step=15500/20000 loss=0.652344 d_h=-0.0440677 eval_acc=None active=0.36099446614583336
[2026-06-29T03:17:15] step=15600/20000 loss=0.654785 d_h=0.0330508 eval_acc=None active=0.36001790364583336
[2026-06-29T03:17:59] step=15700/20000 loss=0.65918 d_h=0.00550846 eval_acc=None active=0.36021321614583335
[2026-06-29T03:18:43] step=15800/20000 loss=0.638184 d_h=0.0661016 eval_acc=None active=0.36016845703125
[2026-06-29T03:19:28] step=15900/20000 loss=0.651611 d_h=-0.0082627 eval_acc=None active=0.35931803385416666
[2026-06-29T03:20:17] step=16000/20000 loss=0.655029 d_h=0.00275423 eval_acc=0.6089086859688196 active=0.36136067708333336
[2026-06-29T03:21:01] step=16100/20000 loss=0.688721 d_h=0.035805 eval_acc=None active=0.36109619140625
[2026-06-29T03:21:45] step=16200/20000 loss=0.646973 d_h=-0.0385593 eval_acc=None active=0.35990804036458335
[2026-06-29T03:22:29] step=16300/20000 loss=0.655273 d_h=0.00550846 eval_acc=None active=0.36158447265625
[2026-06-29T03:23:14] step=16400/20000 loss=0.678711 d_h=0.0330508 eval_acc=None active=0.3595499674479167
[2026-06-29T03:23:58] step=16500/20000 loss=0.640625 d_h=0.00550846 eval_acc=None active=0.35908610026041665
[2026-06-29T03:24:42] step=16600/20000 loss=0.682129 d_h=-0.0275423 eval_acc=None active=0.36027425130208335
[2026-06-29T03:25:26] step=16700/20000 loss=0.650635 d_h=0.0247881 eval_acc=None active=0.3614705403645833
[2026-06-29T03:26:11] step=16800/20000 loss=0.650391 d_h=-0.00550846 eval_acc=None active=0.35926920572916665
[2026-06-29T03:26:55] step=16900/20000 loss=0.669678 d_h=-0.0413135 eval_acc=None active=0.3591796875
[2026-06-29T03:27:43] step=17000/20000 loss=0.640137 d_h=-0.00550846 eval_acc=0.5997030438010393 active=0.36050618489583336
[2026-06-29T03:28:27] step=17100/20000 loss=0.643066 d_h=-0.0275423 eval_acc=None active=0.3620361328125
[2026-06-29T03:29:11] step=17200/20000 loss=0.64502 d_h=0.0881354 eval_acc=None active=0.3607096354166667
[2026-06-29T03:29:56] step=17300/20000 loss=0.647705 d_h=0.00275423 eval_acc=None active=0.35986735026041666
[2026-06-29T03:30:40] step=17400/20000 loss=0.655762 d_h=-0.0275423 eval_acc=None active=0.35906982421875
[2026-06-29T03:31:24] step=17500/20000 loss=0.656006 d_h=0.0523304 eval_acc=None active=0.3592447916666667
[2026-06-29T03:32:08] step=17600/20000 loss=0.658447 d_h=-0.046822 eval_acc=None active=0.36016438802083334
[2026-06-29T03:32:53] step=17700/20000 loss=0.650635 d_h=-0.0082627 eval_acc=None active=0.35906575520833334
[2026-06-29T03:33:37] step=17800/20000 loss=0.641113 d_h=-0.0385593 eval_acc=None active=0.35950113932291666
[2026-06-29T03:34:21] step=17900/20000 loss=0.640137 d_h=-0.0110169 eval_acc=None active=0.3608154296875
[2026-06-29T03:35:10] step=18000/20000 loss=0.648438 d_h=0.0110169 eval_acc=0.6138084632516704 active=0.360009765625
[2026-06-29T03:35:55] step=18100/20000 loss=0.658936 d_h=-0.0192796 eval_acc=None active=0.35931396484375
[2026-06-29T03:36:39] step=18200/20000 loss=0.634277 d_h=0.0771185 eval_acc=None active=0.36014404296875
[2026-06-29T03:37:23] step=18300/20000 loss=0.618896 d_h=0.046822 eval_acc=None active=0.359375
[2026-06-29T03:38:07] step=18400/20000 loss=0.662354 d_h=0.0578389 eval_acc=None active=0.3598103841145833
[2026-06-29T03:38:52] step=18500/20000 loss=0.661133 d_h=0.0440677 eval_acc=None active=0.36004231770833334
[2026-06-29T03:39:36] step=18600/20000 loss=0.637207 d_h=-0.00550846 eval_acc=None active=0.36048990885416665
[2026-06-29T03:40:20] step=18700/20000 loss=0.668213 d_h=-0.035805 eval_acc=None active=0.36063232421875
[2026-06-29T03:41:04] step=18800/20000 loss=0.641357 d_h=-0.0082627 eval_acc=None active=0.35894775390625
[2026-06-29T03:41:48] step=18900/20000 loss=0.646973 d_h=-0.0165254 eval_acc=None active=0.3600056966145833
[2026-06-29T03:42:38] step=19000/20000 loss=0.632568 d_h=-0.0413135 eval_acc=0.6201930215293244 active=0.35948486328125
[2026-06-29T03:43:22] step=19100/20000 loss=0.656738 d_h=-0.0220339 eval_acc=None active=0.3594767252604167
[2026-06-29T03:44:06] step=19200/20000 loss=0.624268 d_h=0.0082627 eval_acc=None active=0.35803629557291666
[2026-06-29T03:44:51] step=19300/20000 loss=0.61499 d_h=0.046822 eval_acc=None active=0.3598103841145833
[2026-06-29T03:45:35] step=19400/20000 loss=0.612061 d_h=0.0302966 eval_acc=None active=0.36068929036458336
[2026-06-29T03:46:19] step=19500/20000 loss=0.624023 d_h=-0.0165254 eval_acc=None active=0.35869140625
[2026-06-29T03:47:03] step=19600/20000 loss=0.642334 d_h=0.035805 eval_acc=None active=0.35935872395833335
[2026-06-29T03:47:48] step=19700/20000 loss=0.639404 d_h=-0.0302966 eval_acc=None active=0.3596435546875
[2026-06-29T03:48:32] step=19800/20000 loss=0.6604 d_h=0.00275423 eval_acc=None active=0.35928548177083336
[2026-06-29T03:49:16] step=19900/20000 loss=0.623291 d_h=-0.0192796 eval_acc=None active=0.3596598307291667
[2026-06-29T03:50:05] step=20000/20000 loss=0.654297 d_h=0.0110169 eval_acc=0.6501855976243504 active=0.3605550130208333
[2026-06-29T03:50:06] finished int4_prefix_quantized_seedfixed_sst2_hstar_cleanGL_h0p0886419832658_seed64_full_bs64_step20k status=complete steps=20000
RobertaConfig {
  "_attn_implementation_autoset": true,
  "architectures": [
    "RobertaForMaskedLM"
  ],
  "attention_probs_dropout_prob": 0.1,
  "bos_token_id": 0,
  "classifier_dropout": null,
  "eos_token_id": 2,
  "finetuning_task": "sst-5",
  "hidden_act": "gelu",
  "hidden_dropout_prob": 0.1,
  "hidden_size": 1024,
  "id2label": {
    "0": "LABEL_0",
    "1": "LABEL_1",
    "2": "LABEL_2",
    "3": "LABEL_3",
    "4": "LABEL_4"
  },
  "initializer_range": 0.02,
  "intermediate_size": 4096,
  "label2id": {
    "LABEL_0": 0,
    "LABEL_1": 1,
    "LABEL_2": 2,
    "LABEL_3": 3,
    "LABEL_4": 4
  },
  "layer_norm_eps": 1e-05,
  "max_position_embeddings": 514,
  "model_type": "roberta",
  "num_attention_heads": 16,
  "num_hidden_layers": 24,
  "pad_token_id": 1,
  "position_embedding_type": "absolute",
  "torch_dtype": "float32",
  "transformers_version": "4.51.3",
  "type_vocab_size": 1,
  "use_cache": true,
  "vocab_size": 50265
}

[2026-06-29T03:50:07] starting int4_sparsep0p1_taskgrad_seedfixed_sst5_hstar_lowbitL_h0p00136650442032_seed64_full_bs64_step20k
[2026-06-29T03:50:10] sparse mask strategy=task_grad_static p=0.1 source=static_task_gradient_square_before_zo_training hash=447be9e3765f selection=global_topk_grad_square_linear_weight active_all=0.0872295 active_quantized_linear=0.100078
[2026-06-29T03:50:13] step=1/20000 loss=1.74902 d_h=85.0425 eval_acc=None active=0.016509199256436655
[2026-06-29T03:50:51] step=100/20000 loss=1.646 d_h=-7.50375 eval_acc=None active=0.016509199256436655
[2026-06-29T03:51:29] step=200/20000 loss=1.62109 d_h=9.29036 eval_acc=None active=0.016510296106867207
[2026-06-29T03:52:08] step=300/20000 loss=1.61279 d_h=33.2309 eval_acc=None active=0.016508873013744492
[2026-06-29T03:52:46] step=400/20000 loss=1.62061 d_h=-14.6502 eval_acc=None active=0.016506786185489446
[2026-06-29T03:53:25] step=500/20000 loss=1.58252 d_h=3.21589 eval_acc=None active=0.016500390703748237
[2026-06-29T03:54:03] step=600/20000 loss=1.65771 d_h=24.6552 eval_acc=None active=0.016505942454389022
[2026-06-29T03:54:41] step=700/20000 loss=1.6582 d_h=-29.3004 eval_acc=None active=0.016510768596283445
[2026-06-29T03:55:20] step=800/20000 loss=1.56738 d_h=19.2954 eval_acc=None active=0.016513963524717047
[2026-06-29T03:55:58] step=900/20000 loss=1.59375 d_h=-2.85857 eval_acc=None active=0.01651178388604095
[2026-06-29T03:56:45] step=1000/20000 loss=1.59863 d_h=2.14393 eval_acc=0.27049180327868855 active=0.0165017153615759
[2026-06-29T03:57:24] step=1100/20000 loss=1.6001 d_h=0.357321 eval_acc=None active=0.0165055009017798
[2026-06-29T03:58:02] step=1200/20000 loss=1.5542 d_h=-13.2209 eval_acc=None active=0.01651990901653803
[2026-06-29T03:58:40] step=1300/20000 loss=1.59131 d_h=26.0845 eval_acc=None active=0.01651130295931371
[2026-06-29T03:59:19] step=1400/20000 loss=1.5752 d_h=-7.86107 eval_acc=None active=0.01650446311252628
[2026-06-29T03:59:57] step=1500/20000 loss=1.63232 d_h=0.357321 eval_acc=None active=0.016510391729725255
[2026-06-29T04:00:35] step=1600/20000 loss=1.65039 d_h=12.1489 eval_acc=None active=0.016505475589846788
[2026-06-29T04:01:14] step=1700/20000 loss=1.67725 d_h=3.21589 eval_acc=None active=0.016506150574727128
[2026-06-29T04:01:52] step=1800/20000 loss=1.5918 d_h=-41.4493 eval_acc=None active=0.01650298939553754
[2026-06-29T04:02:30] step=1900/20000 loss=1.57275 d_h=2.50125 eval_acc=None active=0.016499113857349597
[2026-06-29T04:03:14] step=2000/20000 loss=1.60107 d_h=-1.07196 eval_acc=0.2681498829039813 active=0.016509680183163896
[2026-06-29T04:03:53] step=2100/20000 loss=1.5791 d_h=1.42929 eval_acc=None active=0.016498270126249173
[2026-06-29T04:04:31] step=2200/20000 loss=1.61621 d_h=30.015 eval_acc=None active=0.01650438436429024
[2026-06-29T04:05:10] step=2300/20000 loss=1.61572 d_h=-16.7941 eval_acc=None active=0.01651409289681911
[2026-06-29T04:05:48] step=2400/20000 loss=1.62305 d_h=3.57321 eval_acc=None active=0.016508009595585058
[2026-06-29T04:06:26] step=2500/20000 loss=1.69287 d_h=-86.1145 eval_acc=None active=0.016507660853396885
[2026-06-29T04:07:05] step=2600/20000 loss=1.58643 d_h=-8.93303 eval_acc=None active=0.01650916831962964
[2026-06-29T04:07:43] step=2700/20000 loss=1.66797 d_h=7.86107 eval_acc=None active=0.01649960322138784
[2026-06-29T04:08:22] step=2800/20000 loss=1.63232 d_h=-6.78911 eval_acc=None active=0.01650711524061861
[2026-06-29T04:09:00] step=2900/20000 loss=1.56641 d_h=-7.14643 eval_acc=None active=0.01650755679322783
[2026-06-29T04:09:44] step=3000/20000 loss=1.61572 d_h=6.07446 eval_acc=0.2716627634660422 active=0.0165046993572344
[2026-06-29T04:10:23] step=3100/20000 loss=1.60986 d_h=-1.07196 eval_acc=None active=0.01650488779051349
[2026-06-29T04:11:01] step=3200/20000 loss=1.49365 d_h=-24.6552 eval_acc=None active=0.01651085859426749
[2026-06-29T04:11:39] step=3300/20000 loss=1.53613 d_h=8.57571 eval_acc=None active=0.016513817277992972
[2026-06-29T04:12:18] step=3400/20000 loss=1.61768 d_h=6.07446 eval_acc=None active=0.016504828729336462
[2026-06-29T04:12:56] step=3500/20000 loss=1.5835 d_h=-12.5062 eval_acc=None active=0.016509238630554677
[2026-06-29T04:13:34] step=3600/20000 loss=1.59912 d_h=-1.07196 eval_acc=None active=0.016514239143543184
[2026-06-29T04:14:13] step=3700/20000 loss=1.58203 d_h=-12.1489 eval_acc=None active=0.016507441483310775
[2026-06-29T04:14:51] step=3800/20000 loss=1.57617 d_h=5.0025 eval_acc=None active=0.016505059349170577
[2026-06-29T04:15:29] step=3900/20000 loss=1.58496 d_h=-8.57571 eval_acc=None active=0.016517982497192062
[2026-06-29T04:16:13] step=4000/20000 loss=1.59668 d_h=-0.714643 eval_acc=0.2716627634660422 active=0.016508895513240505
[2026-06-29T04:16:51] step=4100/20000 loss=1.63135 d_h=-5.35982 eval_acc=None active=0.016511966694446045
[2026-06-29T04:17:30] step=4200/20000 loss=1.52295 d_h=-6.07446 eval_acc=None active=0.016505970578759036
[2026-06-29T04:18:08] step=4300/20000 loss=1.4668 d_h=-20.01 eval_acc=None active=0.01650081819417245
[2026-06-29T04:18:46] step=4400/20000 loss=1.6001 d_h=33.9455 eval_acc=None active=0.016513555721351842
[2026-06-29T04:19:25] step=4500/20000 loss=1.60986 d_h=-16.7941 eval_acc=None active=0.01651051828939032
[2026-06-29T04:20:03] step=4600/20000 loss=1.55469 d_h=7.14643 eval_acc=None active=0.016505855268841976
[2026-06-29T04:20:42] step=4700/20000 loss=1.6626 d_h=3.93054 eval_acc=None active=0.016500919441904502
[2026-06-29T04:21:20] step=4800/20000 loss=1.5708 d_h=4.64518 eval_acc=None active=0.016504420925971257
[2026-06-29T04:21:59] step=4900/20000 loss=1.56982 d_h=-3.21589 eval_acc=None active=0.016503310013355702
[2026-06-29T04:22:43] step=5000/20000 loss=1.56787 d_h=8.93303 eval_acc=0.2903981264637002 active=0.016505191533709645
[2026-06-29T04:23:21] step=5100/20000 loss=1.60156 d_h=-20.7246 eval_acc=None active=0.016501369431824727
[2026-06-29T04:24:00] step=5200/20000 loss=1.64648 d_h=-22.8686 eval_acc=None active=0.016498627305748352
[2026-06-29T04:24:38] step=5300/20000 loss=1.58496 d_h=-19.2954 eval_acc=None active=0.01650275315082942
[2026-06-29T04:25:16] step=5400/20000 loss=1.57178 d_h=3.93054 eval_acc=None active=0.016507185551543645
[2026-06-29T04:25:55] step=5500/20000 loss=1.59424 d_h=18.2234 eval_acc=None active=0.016502058478890073
[2026-06-29T04:26:33] step=5600/20000 loss=1.54639 d_h=1.78661 eval_acc=None active=0.01650318907856464
[2026-06-29T04:27:11] step=5700/20000 loss=1.54785 d_h=-0.714643 eval_acc=None active=0.01650332688797771
[2026-06-29T04:27:50] step=5800/20000 loss=1.61768 d_h=9.64768 eval_acc=None active=0.016509632371734872
[2026-06-29T04:28:28] step=5900/20000 loss=1.64111 d_h=-1.07196 eval_acc=None active=0.016509098008704606
[2026-06-29T04:29:15] step=6000/20000 loss=1.53564 d_h=-3.93054 eval_acc=0.30327868852459017 active=0.016501436930312762
[2026-06-29T04:29:53] step=6100/20000 loss=1.57422 d_h=-7.14643 eval_acc=None active=0.01649701015447254
[2026-06-29T04:30:32] step=6200/20000 loss=1.58057 d_h=-4.64518 eval_acc=None active=0.016493938973266998
[2026-06-29T04:31:10] step=6300/20000 loss=1.59668 d_h=-10.7196 eval_acc=None active=0.01650860864466636
[2026-06-29T04:31:48] step=6400/20000 loss=1.59521 d_h=10.3623 eval_acc=None active=0.0165060999508611
[2026-06-29T04:32:27] step=6500/20000 loss=1.65967 d_h=-26.0845 eval_acc=None active=0.01649736733397172
[2026-06-29T04:33:05] step=6600/20000 loss=1.58398 d_h=-2.14393 eval_acc=None active=0.016503675630165884
[2026-06-29T04:33:44] step=6700/20000 loss=1.55762 d_h=-2.85857 eval_acc=None active=0.016502005042587045
[2026-06-29T04:34:22] step=6800/20000 loss=1.63721 d_h=-43.9505 eval_acc=None active=0.01650007852324108
[2026-06-29T04:35:00] step=6900/20000 loss=1.5791 d_h=17.8661 eval_acc=None active=0.016497097340019584
[2026-06-29T04:35:46] step=7000/20000 loss=1.5127 d_h=16.4368 eval_acc=0.33489461358313816 active=0.016501304745773694
[2026-06-29T04:36:25] step=7100/20000 loss=1.59521 d_h=-11.7916 eval_acc=None active=0.016487130063286583
[2026-06-29T04:37:03] step=7200/20000 loss=1.58887 d_h=-6.43178 eval_acc=None active=0.016506805872548456
[2026-06-29T04:37:42] step=7300/20000 loss=1.60889 d_h=21.082 eval_acc=None active=0.016504809042277455
[2026-06-29T04:38:20] step=7400/20000 loss=1.56152 d_h=21.4393 eval_acc=None active=0.01649225151106615
[2026-06-29T04:38:58] step=7500/20000 loss=1.52441 d_h=-8.57571 eval_acc=None active=0.01650340844865075
[2026-06-29T04:39:37] step=7600/20000 loss=1.47705 d_h=-1.78661 eval_acc=None active=0.01649417803041212
[2026-06-29T04:40:15] step=7700/20000 loss=1.52539 d_h=-15.0075 eval_acc=None active=0.016493413047547735
[2026-06-29T04:40:53] step=7800/20000 loss=1.59082 d_h=4.28786 eval_acc=None active=0.016505233720264665
[2026-06-29T04:41:32] step=7900/20000 loss=1.53955 d_h=26.7991 eval_acc=None active=0.016499988525257036
[2026-06-29T04:42:15] step=8000/20000 loss=1.51562 d_h=12.1489 eval_acc=0.3442622950819672 active=0.016490102809197073
[2026-06-29T04:42:53] step=8100/20000 loss=1.56885 d_h=16.0795 eval_acc=None active=0.016495648934963858
[2026-06-29T04:43:32] step=8200/20000 loss=1.59033 d_h=16.7941 eval_acc=None active=0.016498402310788238
[2026-06-29T04:44:10] step=8300/20000 loss=1.62842 d_h=-17.5087 eval_acc=None active=0.0164943411517582
[2026-06-29T04:44:49] step=8400/20000 loss=1.65674 d_h=-0.357321 eval_acc=None active=0.016496461729257266
[2026-06-29T04:45:27] step=8500/20000 loss=1.57764 d_h=-18.2234 eval_acc=None active=0.016494470523860265
[2026-06-29T04:46:05] step=8600/20000 loss=1.6582 d_h=-21.4393 eval_acc=None active=0.016496104549758084
[2026-06-29T04:46:44] step=8700/20000 loss=1.48291 d_h=36.8041 eval_acc=None active=0.016498511995831293
[2026-06-29T04:47:22] step=8800/20000 loss=1.53662 d_h=16.0795 eval_acc=None active=0.016490938102986494
[2026-06-29T04:48:01] step=8900/20000 loss=1.4873 d_h=0 eval_acc=None active=0.016495033011260547
[2026-06-29T04:48:41] step=9000/20000 loss=1.54248 d_h=6.07446 eval_acc=0.3009367681498829 active=0.016498714491295394
[2026-06-29T04:49:19] step=9100/20000 loss=1.54199 d_h=0.714643 eval_acc=None active=0.016497482643888776
[2026-06-29T04:49:58] step=9200/20000 loss=1.60742 d_h=-12.8636 eval_acc=None active=0.016492333071739192
[2026-06-29T04:50:36] step=9300/20000 loss=1.56934 d_h=-17.1514 eval_acc=None active=0.01649958353432883
[2026-06-29T04:51:15] step=9400/20000 loss=1.65527 d_h=-12.8636 eval_acc=None active=0.016501082563250582
[2026-06-29T04:51:53] step=9500/20000 loss=1.68457 d_h=-9.29036 eval_acc=None active=0.01649651516556029
[2026-06-29T04:52:31] step=9600/20000 loss=1.63477 d_h=-17.8661 eval_acc=None active=0.016492951807879505
[2026-06-29T04:53:10] step=9700/20000 loss=1.53223 d_h=-1.42929 eval_acc=None active=0.016495227069413646
[2026-06-29T04:53:48] step=9800/20000 loss=1.521 d_h=-3.93054 eval_acc=None active=0.016491042163155546
[2026-06-29T04:54:26] step=9900/20000 loss=1.59961 d_h=16.4368 eval_acc=None active=0.016499982900383032
[2026-06-29T04:55:10] step=10000/20000 loss=1.56348 d_h=6.43178 eval_acc=0.3079625292740047 active=0.016487633489509834
[2026-06-29T04:55:49] step=10100/20000 loss=1.57812 d_h=32.8736 eval_acc=None active=0.01649270712586038
[2026-06-29T04:56:27] step=10200/20000 loss=1.54785 d_h=36.4468 eval_acc=None active=0.016500053211308065
[2026-06-29T04:57:05] step=10300/20000 loss=1.54639 d_h=-2.50125 eval_acc=None active=0.016490864979624455
[2026-06-29T04:57:44] step=10400/20000 loss=1.55859 d_h=2.14393 eval_acc=None active=0.016493829288223943
[2026-06-29T04:58:22] step=10500/20000 loss=1.5127 d_h=-0.714643 eval_acc=None active=0.01649742920758575
[2026-06-29T04:59:00] step=10600/20000 loss=1.52832 d_h=-14.2929 eval_acc=None active=0.0164849729241065
[2026-06-29T04:59:39] step=10700/20000 loss=1.58594 d_h=3.57321 eval_acc=None active=0.016497350459349712
[2026-06-29T05:00:17] step=10800/20000 loss=1.57373 d_h=23.2259 eval_acc=None active=0.01648566478360885
[2026-06-29T05:00:56] step=10900/20000 loss=1.60059 d_h=4.28786 eval_acc=None active=0.016493292112756675
[2026-06-29T05:01:39] step=11000/20000 loss=1.52783 d_h=-1.07196 eval_acc=0.3442622950819672 active=0.01649162996248884
[2026-06-29T05:02:18] step=11100/20000 loss=1.5293 d_h=-19.2954 eval_acc=None active=0.016495319879834693
[2026-06-29T05:02:56] step=11200/20000 loss=1.5083 d_h=9.64768 eval_acc=None active=0.016491542776941797
[2026-06-29T05:03:34] step=11300/20000 loss=1.60156 d_h=11.4343 eval_acc=None active=0.01649051342499928
[2026-06-29T05:04:13] step=11400/20000 loss=1.57764 d_h=24.6552 eval_acc=None active=0.016498177315828127
[2026-06-29T05:04:51] step=11500/20000 loss=1.59912 d_h=-1.78661 eval_acc=None active=0.01648056302288829
[2026-06-29T05:05:29] step=11600/20000 loss=1.54346 d_h=15.3648 eval_acc=None active=0.0164917537097169
[2026-06-29T05:06:08] step=11700/20000 loss=1.55811 d_h=-26.7991 eval_acc=None active=0.0164907524821444
[2026-06-29T05:06:46] step=11800/20000 loss=1.47607 d_h=-2.50125 eval_acc=None active=0.01648585040445094
[2026-06-29T05:07:25] step=11900/20000 loss=1.5708 d_h=-9.64768 eval_acc=None active=0.016486772883787405
[2026-06-29T05:08:08] step=12000/20000 loss=1.51562 d_h=-17.8661 eval_acc=0.38524590163934425 active=0.01649656860186332
[2026-06-29T05:08:47] step=12100/20000 loss=1.44092 d_h=-90.4023 eval_acc=None active=0.016490445926511246
[2026-06-29T05:09:25] step=12200/20000 loss=1.49561 d_h=-30.3723 eval_acc=None active=0.016486874131519454
[2026-06-29T05:10:04] step=12300/20000 loss=1.57812 d_h=-2.85857 eval_acc=None active=0.016482253297526134
[2026-06-29T05:10:42] step=12400/20000 loss=1.56738 d_h=27.1564 eval_acc=None active=0.01649087060449846
[2026-06-29T05:11:21] step=12500/20000 loss=1.54688 d_h=0.714643 eval_acc=None active=0.016488643154393343
[2026-06-29T05:11:59] step=12600/20000 loss=1.51465 d_h=-15.0075 eval_acc=None active=0.01649876230272442
[2026-06-29T05:12:38] step=12700/20000 loss=1.51025 d_h=10.3623 eval_acc=None active=0.016494979574957522
[2026-06-29T05:13:16] step=12800/20000 loss=1.604 d_h=18.2234 eval_acc=None active=0.01648592634024998
[2026-06-29T05:13:54] step=12900/20000 loss=1.61279 d_h=-3.93054 eval_acc=None active=0.016500770382743425
[2026-06-29T05:14:37] step=13000/20000 loss=1.56592 d_h=2.50125 eval_acc=0.3793911007025761 active=0.01648687131908245
[2026-06-29T05:15:16] step=13100/20000 loss=1.56445 d_h=4.28786 eval_acc=None active=0.016493972722511015
[2026-06-29T05:15:54] step=13200/20000 loss=1.53271 d_h=14.6502 eval_acc=None active=0.016497901697001986
[2026-06-29T05:16:33] step=13300/20000 loss=1.54492 d_h=-10.7196 eval_acc=None active=0.01649615517362411
[2026-06-29T05:17:11] step=13400/20000 loss=1.69922 d_h=-59.3153 eval_acc=None active=0.016490001561465024
[2026-06-29T05:17:49] step=13500/20000 loss=1.59473 d_h=19.2954 eval_acc=None active=0.01648818191472511
[2026-06-29T05:18:28] step=13600/20000 loss=1.53125 d_h=17.1514 eval_acc=None active=0.016492155888208106
[2026-06-29T05:19:06] step=13700/20000 loss=1.50928 d_h=-4.64518 eval_acc=None active=0.016490583735924314
[2026-06-29T05:19:44] step=13800/20000 loss=1.57715 d_h=10.7196 eval_acc=None active=0.016495707996140887
[2026-06-29T05:20:23] step=13900/20000 loss=1.54297 d_h=-7.86107 eval_acc=None active=0.016491956205181003
[2026-06-29T05:21:03] step=14000/20000 loss=1.54785 d_h=-6.43178 eval_acc=0.3372365339578454 active=0.016488015980942027
[2026-06-29T05:21:42] step=14100/20000 loss=1.49219 d_h=-22.8686 eval_acc=None active=0.01649157090131181
[2026-06-29T05:22:20] step=14200/20000 loss=1.53711 d_h=-7.86107 eval_acc=None active=0.01649822231482015
[2026-06-29T05:22:59] step=14300/20000 loss=1.5625 d_h=1.42929 eval_acc=None active=0.016487760049174897
[2026-06-29T05:23:37] step=14400/20000 loss=1.54639 d_h=-12.5062 eval_acc=None active=0.016486550701264292
[2026-06-29T05:24:15] step=14500/20000 loss=1.51074 d_h=7.14643 eval_acc=None active=0.01648877815136941
[2026-06-29T05:24:54] step=14600/20000 loss=1.51709 d_h=13.2209 eval_acc=None active=0.01648874440212539
[2026-06-29T05:25:32] step=14700/20000 loss=1.54102 d_h=25.7271 eval_acc=None active=0.016494889576973475
[2026-06-29T05:26:11] step=14800/20000 loss=1.54932 d_h=-20.3673 eval_acc=None active=0.016482796097867406
[2026-06-29T05:26:49] step=14900/20000 loss=1.53418 d_h=-8.57571 eval_acc=None active=0.016485535411506783
[2026-06-29T05:27:33] step=15000/20000 loss=1.56201 d_h=35.3748 eval_acc=0.36533957845433257 active=0.016475075958298533
[2026-06-29T05:28:11] step=15100/20000 loss=1.55615 d_h=6.07446 eval_acc=None active=0.016493753352424905
[2026-06-29T05:28:49] step=15200/20000 loss=1.50391 d_h=-10.7196 eval_acc=None active=0.016486955692192495
[2026-06-29T05:29:28] step=15300/20000 loss=1.47363 d_h=-1.42929 eval_acc=None active=0.016490507800125277
[2026-06-29T05:30:06] step=15400/20000 loss=1.58057 d_h=10.3623 eval_acc=None active=0.01648907908212856
[2026-06-29T05:30:45] step=15500/20000 loss=1.50684 d_h=-4.28786 eval_acc=None active=0.01649111247408058
[2026-06-29T05:31:23] step=15600/20000 loss=1.55518 d_h=11.077 eval_acc=None active=0.016486289144623162
[2026-06-29T05:32:01] step=15700/20000 loss=1.54395 d_h=7.86107 eval_acc=None active=0.016488145353044093
[2026-06-29T05:32:40] step=15800/20000 loss=1.50049 d_h=-16.0795 eval_acc=None active=0.016482244860215132
[2026-06-29T05:33:18] step=15900/20000 loss=1.49609 d_h=12.8636 eval_acc=None active=0.016494369276128216
[2026-06-29T05:34:05] step=16000/20000 loss=1.51953 d_h=6.43178 eval_acc=0.4180327868852459 active=0.016481479877350748
[2026-06-29T05:34:43] step=16100/20000 loss=1.53613 d_h=8.57571 eval_acc=None active=0.016489433449190738
[2026-06-29T05:35:22] step=16200/20000 loss=1.5415 d_h=-8.21839 eval_acc=None active=0.016488356285819197
[2026-06-29T05:36:00] step=16300/20000 loss=1.53174 d_h=-3.21589 eval_acc=None active=0.016488567218594305
[2026-06-29T05:36:38] step=16400/20000 loss=1.5332 d_h=10.7196 eval_acc=None active=0.016489073457254557
[2026-06-29T05:37:17] step=16500/20000 loss=1.51611 d_h=-3.21589 eval_acc=None active=0.016480079283724046
[2026-06-29T05:37:55] step=16600/20000 loss=1.48535 d_h=1.42929 eval_acc=None active=0.016487796610855917
[2026-06-29T05:38:33] step=16700/20000 loss=1.59473 d_h=-4.28786 eval_acc=None active=0.01647732309546266
[2026-06-29T05:39:12] step=16800/20000 loss=1.48145 d_h=24.2979 eval_acc=None active=0.01649537894101172
[2026-06-29T05:39:50] step=16900/20000 loss=1.54932 d_h=4.64518 eval_acc=None active=0.0164877656740489
[2026-06-29T05:40:34] step=17000/20000 loss=1.49854 d_h=6.07446 eval_acc=0.4180327868852459 active=0.016486218833698125
[2026-06-29T05:41:12] step=17100/20000 loss=1.5083 d_h=-1.07196 eval_acc=None active=0.016489323764147683
[2026-06-29T05:41:51] step=17200/20000 loss=1.51807 d_h=11.7916 eval_acc=None active=0.01649047405088126
[2026-06-29T05:42:29] step=17300/20000 loss=1.52881 d_h=-9.64768 eval_acc=None active=0.016488789401117414
[2026-06-29T05:43:07] step=17400/20000 loss=1.55811 d_h=13.2209 eval_acc=None active=0.016481713309621865
[2026-06-29T05:43:46] step=17500/20000 loss=1.57617 d_h=24.2979 eval_acc=None active=0.016485242918058637
[2026-06-29T05:44:24] step=17600/20000 loss=1.46875 d_h=20.01 eval_acc=None active=0.01648938001288771
[2026-06-29T05:45:03] step=17700/20000 loss=1.53809 d_h=-13.5782 eval_acc=None active=0.01648531322898367
[2026-06-29T05:45:41] step=17800/20000 loss=1.53809 d_h=-5.71714 eval_acc=None active=0.01648395763434899
[2026-06-29T05:46:19] step=17900/20000 loss=1.48096 d_h=0.357321 eval_acc=None active=0.01648321515098062
[2026-06-29T05:47:03] step=18000/20000 loss=1.51855 d_h=1.42929 eval_acc=0.4168618266978923 active=0.016493069930233563
[2026-06-29T05:47:41] step=18100/20000 loss=1.521 d_h=-1.07196 eval_acc=None active=0.016487852859595944
[2026-06-29T05:48:19] step=18200/20000 loss=1.56299 d_h=-22.5112 eval_acc=None active=0.01648126613213864
[2026-06-29T05:48:58] step=18300/20000 loss=1.45068 d_h=13.2209 eval_acc=None active=0.016488055355060045
[2026-06-29T05:49:36] step=18400/20000 loss=1.58643 d_h=-19.6527 eval_acc=None active=0.01648164018625983
[2026-06-29T05:50:15] step=18500/20000 loss=1.55322 d_h=-10.3623 eval_acc=None active=0.0164831785892996
[2026-06-29T05:50:53] step=18600/20000 loss=1.53369 d_h=57.5287 eval_acc=None active=0.016483386709637705
[2026-06-29T05:51:32] step=18700/20000 loss=1.50098 d_h=-9.29036 eval_acc=None active=0.016488046917749043
[2026-06-29T05:52:10] step=18800/20000 loss=1.44043 d_h=4.28786 eval_acc=None active=0.016489720317764883
[2026-06-29T05:52:48] step=18900/20000 loss=1.52881 d_h=-3.21589 eval_acc=None active=0.016469172653032573
[2026-06-29T05:53:35] step=19000/20000 loss=1.45654 d_h=-28.943 eval_acc=0.42505854800936765 active=0.01647761840134781
[2026-06-29T05:54:14] step=19100/20000 loss=1.48389 d_h=10.3623 eval_acc=None active=0.016491750897279903
[2026-06-29T05:54:52] step=19200/20000 loss=1.43994 d_h=-0.357321 eval_acc=None active=0.016477483404371742
[2026-06-29T05:55:30] step=19300/20000 loss=1.55469 d_h=-24.2979 eval_acc=None active=0.016478304635976153
[2026-06-29T05:56:09] step=19400/20000 loss=1.48535 d_h=-4.28786 eval_acc=None active=0.016482627351647322
[2026-06-29T05:56:47] step=19500/20000 loss=1.41504 d_h=-20.7246 eval_acc=None active=0.016478152764378078
[2026-06-29T05:57:25] step=19600/20000 loss=1.49805 d_h=-5.71714 eval_acc=None active=0.016481856743908938
[2026-06-29T05:58:04] step=19700/20000 loss=1.46582 d_h=-15.0075 eval_acc=None active=0.016486460703280248
[2026-06-29T05:58:42] step=19800/20000 loss=1.45068 d_h=10.3623 eval_acc=None active=0.016479941474310974
[2026-06-29T05:59:20] step=19900/20000 loss=1.48486 d_h=-25.3698 eval_acc=None active=0.016475621571076807
[2026-06-29T06:00:08] step=20000/20000 loss=1.51221 d_h=18.2234 eval_acc=0.4297423887587822 active=0.016485389164782708
[2026-06-29T06:00:10] finished int4_sparsep0p1_taskgrad_seedfixed_sst5_hstar_lowbitL_h0p00136650442032_seed64_full_bs64_step20k status=complete steps=20000
job_id=46474450 lane=2 end=2026-06-29T06:00:12-04:00
