job_id=46474469 lane=4 host=ra8-1 start=2026-06-28T20:51:54-04:00
Sun Jun 28 20:51:54 2026       
+-----------------------------------------------------------------------------------------+
| NVIDIA-SMI 570.124.06             Driver Version: 570.124.06     CUDA Version: 12.8     |
|-----------------------------------------+------------------------+----------------------+
| GPU  Name                 Persistence-M | Bus-Id          Disp.A | Volatile Uncorr. ECC |
| Fan  Temp   Perf          Pwr:Usage/Cap |           Memory-Usage | GPU-Util  Compute M. |
|                                         |                        |               MIG M. |
|=========================================+========================+======================|
|   0  NVIDIA H100 80GB HBM3          Off |   00000000:CB:00.0 Off |                    0 |
| N/A   48C    P0             72W /  700W |       1MiB /  81559MiB |      0%      Default |
|                                         |                        |             Disabled |
+-----------------------------------------+------------------------+----------------------+
                                                                                         
+-----------------------------------------------------------------------------------------+
| Processes:                                                                              |
|  GPU   GI   CI              PID   Type   Process name                        GPU Memory |
|        ID   ID                                                               Usage      |
|=========================================================================================|
|  No running processes found                                                             |
+-----------------------------------------------------------------------------------------+
dc419b7f46519c8adf35ffdf64fba6c0013dba2c
[lane 4] running low-bit rerun manifest v10_lowbit_sparse_prefix_multiseed_rerun_20260628/manifests/lowbit_lane4.csv
RobertaConfig {
  "_attn_implementation_autoset": true,
  "architectures": [
    "RobertaForMaskedLM"
  ],
  "attention_probs_dropout_prob": 0.1,
  "bos_token_id": 0,
  "classifier_dropout": null,
  "eos_token_id": 2,
  "finetuning_task": "trec",
  "hidden_act": "gelu",
  "hidden_dropout_prob": 0.1,
  "hidden_size": 1024,
  "id2label": {
    "0": "LABEL_0",
    "1": "LABEL_1",
    "2": "LABEL_2",
    "3": "LABEL_3",
    "4": "LABEL_4",
    "5": "LABEL_5"
  },
  "initializer_range": 0.02,
  "intermediate_size": 4096,
  "label2id": {
    "LABEL_0": 0,
    "LABEL_1": 1,
    "LABEL_2": 2,
    "LABEL_3": 3,
    "LABEL_4": 4,
    "LABEL_5": 5
  },
  "layer_norm_eps": 1e-05,
  "max_position_embeddings": 514,
  "model_type": "roberta",
  "num_attention_heads": 16,
  "num_hidden_layers": 24,
  "pad_token_id": 1,
  "position_embedding_type": "absolute",
  "torch_dtype": "float32",
  "transformers_version": "4.51.3",
  "type_vocab_size": 1,
  "use_cache": true,
  "vocab_size": 50265
}

[2026-06-28T20:52:02] starting int4_prefix_quantized_seedfixed_trec_mezo_default_h1e-3_seed32_full_bs64_step20k
[2026-06-28T20:52:02] prefix mode prefix_params=48 active_params=245760 prefix_quantize=True
[2026-06-28T20:52:04] step=1/20000 loss=1.87061 d_h=-0.488281 eval_acc=None active=0.00618896484375
[2026-06-28T20:52:49] step=100/20000 loss=1.86133 d_h=0.976562 eval_acc=None active=0.00618896484375
[2026-06-28T20:53:34] step=200/20000 loss=1.86621 d_h=0 eval_acc=None active=0.006331380208333333
[2026-06-28T20:54:18] step=300/20000 loss=1.89795 d_h=0.488281 eval_acc=None active=0.005777994791666667
[2026-06-28T20:55:03] step=400/20000 loss=1.89502 d_h=-0.488281 eval_acc=None active=0.005171712239583333
[2026-06-28T20:55:48] step=500/20000 loss=1.90918 d_h=0.976562 eval_acc=None active=0.005167643229166667
[2026-06-28T20:56:33] step=600/20000 loss=1.76074 d_h=-0.976562 eval_acc=None active=0.005330403645833333
[2026-06-28T20:57:17] step=700/20000 loss=1.88037 d_h=0.488281 eval_acc=None active=0.00537109375
[2026-06-28T20:58:02] step=800/20000 loss=1.82178 d_h=0.488281 eval_acc=None active=0.004805501302083333
[2026-06-28T20:58:47] step=900/20000 loss=1.92725 d_h=-0.488281 eval_acc=None active=0.004854329427083333
[2026-06-28T20:59:37] step=1000/20000 loss=1.93652 d_h=0 eval_acc=0.25457875457875456 active=0.005057779947916666
[2026-06-28T21:00:22] step=1100/20000 loss=1.77588 d_h=-0.488281 eval_acc=None active=0.00494384765625
[2026-06-28T21:01:07] step=1200/20000 loss=1.9541 d_h=0.976562 eval_acc=None active=0.0048095703125
[2026-06-28T21:01:52] step=1300/20000 loss=1.86035 d_h=0 eval_acc=None active=0.0043986002604166664
[2026-06-28T21:02:37] step=1400/20000 loss=1.83057 d_h=0.488281 eval_acc=None active=0.0047607421875
[2026-06-28T21:03:21] step=1500/20000 loss=1.83203 d_h=0.976562 eval_acc=None active=0.00452880859375
[2026-06-28T21:04:06] step=1600/20000 loss=1.896 d_h=-0.488281 eval_acc=None active=0.004679361979166667
[2026-06-28T21:04:51] step=1700/20000 loss=1.75586 d_h=0 eval_acc=None active=0.00460205078125
[2026-06-28T21:05:36] step=1800/20000 loss=1.87695 d_h=-1.95312 eval_acc=None active=0.004874674479166666
[2026-06-28T21:06:21] step=1900/20000 loss=1.91455 d_h=0.488281 eval_acc=None active=0.0046875
[2026-06-28T21:07:09] step=2000/20000 loss=1.83545 d_h=-0.488281 eval_acc=0.25824175824175827 active=0.004182942708333333
[2026-06-28T21:07:55] step=2100/20000 loss=1.89307 d_h=0.488281 eval_acc=None active=0.00408935546875
[2026-06-28T21:08:40] step=2200/20000 loss=1.87256 d_h=-0.488281 eval_acc=None active=0.004166666666666667
[2026-06-28T21:09:25] step=2300/20000 loss=1.81934 d_h=0.976562 eval_acc=None active=0.00458984375
[2026-06-28T21:10:09] step=2400/20000 loss=1.68896 d_h=0.488281 eval_acc=None active=0.00386962890625
[2026-06-28T21:10:54] step=2500/20000 loss=1.77637 d_h=0 eval_acc=None active=0.0038818359375
[2026-06-28T21:11:39] step=2600/20000 loss=1.85791 d_h=-0.488281 eval_acc=None active=0.004475911458333333
[2026-06-28T21:12:24] step=2700/20000 loss=1.90479 d_h=0.488281 eval_acc=None active=0.00430908203125
[2026-06-28T21:13:08] step=2800/20000 loss=1.80127 d_h=-0.488281 eval_acc=None active=0.0040323893229166664
[2026-06-28T21:13:53] step=2900/20000 loss=1.83691 d_h=0 eval_acc=None active=0.00400390625
[2026-06-28T21:14:40] step=3000/20000 loss=1.77344 d_h=0 eval_acc=0.19963369963369965 active=0.0038126627604166668
[2026-06-28T21:15:26] step=3100/20000 loss=1.85352 d_h=0 eval_acc=None active=0.003946940104166667
[2026-06-28T21:16:10] step=3200/20000 loss=1.70898 d_h=0 eval_acc=None active=0.003983561197916667
[2026-06-28T21:16:55] step=3300/20000 loss=1.7207 d_h=0 eval_acc=None active=0.0037394205729166666
[2026-06-28T21:17:40] step=3400/20000 loss=1.9165 d_h=1.46484 eval_acc=None active=0.0038248697916666665
[2026-06-28T21:18:25] step=3500/20000 loss=1.84619 d_h=-0.488281 eval_acc=None active=0.003780110677083333
[2026-06-28T21:19:10] step=3600/20000 loss=1.84717 d_h=-0.488281 eval_acc=None active=0.0037760416666666667
[2026-06-28T21:19:54] step=3700/20000 loss=1.85156 d_h=0.976562 eval_acc=None active=0.00352783203125
[2026-06-28T21:20:39] step=3800/20000 loss=1.73828 d_h=0 eval_acc=None active=0.00411376953125
[2026-06-28T21:21:24] step=3900/20000 loss=1.79541 d_h=0.488281 eval_acc=None active=0.004048665364583333
[2026-06-28T21:22:11] step=4000/20000 loss=1.79053 d_h=0.488281 eval_acc=0.2087912087912088 active=0.0035400390625
[2026-06-28T21:22:56] step=4100/20000 loss=1.78516 d_h=-0.976562 eval_acc=None active=0.003849283854166667
[2026-06-28T21:23:41] step=4200/20000 loss=1.71289 d_h=0 eval_acc=None active=0.0038533528645833333
[2026-06-28T21:24:26] step=4300/20000 loss=1.70703 d_h=-0.976562 eval_acc=None active=0.003719075520833333
[2026-06-28T21:25:11] step=4400/20000 loss=1.76562 d_h=0 eval_acc=None active=0.0037312825520833333
[2026-06-28T21:25:55] step=4500/20000 loss=1.79395 d_h=0.976562 eval_acc=None active=0.0036458333333333334
[2026-06-28T21:26:40] step=4600/20000 loss=1.81396 d_h=-2.44141 eval_acc=None active=0.004073079427083333
[2026-06-28T21:27:25] step=4700/20000 loss=1.7832 d_h=-0.976562 eval_acc=None active=0.0039306640625
[2026-06-28T21:28:10] step=4800/20000 loss=1.78662 d_h=0.488281 eval_acc=None active=0.0035847981770833334
[2026-06-28T21:28:55] step=4900/20000 loss=1.73584 d_h=-0.488281 eval_acc=None active=0.003515625
[2026-06-28T21:29:42] step=5000/20000 loss=1.73877 d_h=-1.46484 eval_acc=0.21611721611721613 active=0.00360107421875
[2026-06-28T21:30:27] step=5100/20000 loss=1.70508 d_h=0 eval_acc=None active=0.0032430013020833333
[2026-06-28T21:31:12] step=5200/20000 loss=1.73828 d_h=0.976562 eval_acc=None active=0.0035929361979166667
[2026-06-28T21:31:57] step=5300/20000 loss=1.76709 d_h=-0.488281 eval_acc=None active=0.0034627278645833334
[2026-06-28T21:32:41] step=5400/20000 loss=1.74658 d_h=-0.488281 eval_acc=None active=0.0034342447916666666
[2026-06-28T21:33:26] step=5500/20000 loss=1.70459 d_h=1.46484 eval_acc=None active=0.0031819661458333333
[2026-06-28T21:34:11] step=5600/20000 loss=1.69141 d_h=1.95312 eval_acc=None active=0.0033487955729166667
[2026-06-28T21:34:56] step=5700/20000 loss=1.75635 d_h=2.44141 eval_acc=None active=0.00318603515625
[2026-06-28T21:35:40] step=5800/20000 loss=1.75391 d_h=-1.95312 eval_acc=None active=0.0033447265625
[2026-06-28T21:36:25] step=5900/20000 loss=1.73193 d_h=-3.41797 eval_acc=None active=0.0030680338541666666
[2026-06-28T21:37:13] step=6000/20000 loss=1.69482 d_h=0.488281 eval_acc=0.2087912087912088 active=0.0033854166666666668
[2026-06-28T21:37:58] step=6100/20000 loss=1.64941 d_h=0 eval_acc=None active=0.003055826822916667
[2026-06-28T21:38:43] step=6200/20000 loss=1.68018 d_h=1.46484 eval_acc=None active=0.0030354817708333334
[2026-06-28T21:39:28] step=6300/20000 loss=1.729 d_h=2.44141 eval_acc=None active=0.00322265625
[2026-06-28T21:40:12] step=6400/20000 loss=1.73242 d_h=1.95312 eval_acc=None active=0.0033487955729166667
[2026-06-28T21:40:57] step=6500/20000 loss=1.79297 d_h=-1.95312 eval_acc=None active=0.00311279296875
[2026-06-28T21:41:42] step=6600/20000 loss=1.75049 d_h=-5.37109 eval_acc=None active=0.0028564453125
[2026-06-28T21:42:27] step=6700/20000 loss=1.73877 d_h=-0.488281 eval_acc=None active=0.002742513020833333
[2026-06-28T21:43:12] step=6800/20000 loss=1.73633 d_h=-0.976562 eval_acc=None active=0.002567545572916667
[2026-06-28T21:43:56] step=6900/20000 loss=1.63135 d_h=-0.488281 eval_acc=None active=0.0024007161458333335
[2026-06-28T21:44:42] step=7000/20000 loss=1.76807 d_h=-6.34766 eval_acc=0.23076923076923078 active=0.002392578125
[2026-06-28T21:45:28] step=7100/20000 loss=1.69727 d_h=-3.90625 eval_acc=None active=0.00263671875
[2026-06-28T21:46:13] step=7200/20000 loss=1.71045 d_h=7.32422 eval_acc=None active=0.0022908528645833332
[2026-06-28T21:46:57] step=7300/20000 loss=1.96045 d_h=-8.30078 eval_acc=None active=0.002506510416666667
[2026-06-28T21:47:42] step=7400/20000 loss=1.84766 d_h=-1.95312 eval_acc=None active=0.0023030598958333334
[2026-06-28T21:48:27] step=7500/20000 loss=1.96094 d_h=-6.83594 eval_acc=None active=0.0019002278645833333
[2026-06-28T21:49:12] step=7600/20000 loss=2.0498 d_h=2.92969 eval_acc=None active=0.00196533203125
[2026-06-28T21:49:56] step=7700/20000 loss=1.88232 d_h=-10.2539 eval_acc=None active=0.0018107096354166667
[2026-06-28T21:50:41] step=7800/20000 loss=1.98535 d_h=-0.976562 eval_acc=None active=0.0015869140625
[2026-06-28T21:51:26] step=7900/20000 loss=1.84814 d_h=-11.2305 eval_acc=None active=0.0013590494791666666
[2026-06-28T21:52:12] step=8000/20000 loss=1.85986 d_h=7.32422 eval_acc=0.21794871794871795 active=0.0014322916666666666
[2026-06-28T21:52:57] step=8100/20000 loss=2.05176 d_h=18.5547 eval_acc=None active=0.0011189778645833333
[2026-06-28T21:53:42] step=8200/20000 loss=1.90332 d_h=0 eval_acc=None active=0.0010986328125
[2026-06-28T21:54:26] step=8300/20000 loss=1.89062 d_h=4.88281 eval_acc=None active=0.0011515299479166667
[2026-06-28T21:55:11] step=8400/20000 loss=1.79199 d_h=-14.6484 eval_acc=None active=0.0011881510416666666
[2026-06-28T21:55:56] step=8500/20000 loss=1.98828 d_h=8.78906 eval_acc=None active=0.0011189778645833333
[2026-06-28T21:56:41] step=8600/20000 loss=1.9585 d_h=2.44141 eval_acc=None active=0.0006998697916666667
[2026-06-28T21:57:26] step=8700/20000 loss=1.85596 d_h=-18.0664 eval_acc=None active=0.00093994140625
[2026-06-28T21:58:10] step=8800/20000 loss=1.8999 d_h=-15.1367 eval_acc=None active=0.0008504231770833333
[2026-06-28T21:58:55] step=8900/20000 loss=2.18164 d_h=29.2969 eval_acc=None active=0.0007771809895833333
[2026-06-28T21:59:41] step=9000/20000 loss=1.97998 d_h=-1.46484 eval_acc=0.13553113553113552 active=0.00072021484375
[2026-06-28T22:00:26] step=9100/20000 loss=2.01465 d_h=4.88281 eval_acc=None active=0.0006388346354166667
[2026-06-28T22:01:11] step=9200/20000 loss=1.99658 d_h=11.2305 eval_acc=None active=0.000439453125
[2026-06-28T22:01:55] step=9300/20000 loss=2.0957 d_h=-25.3906 eval_acc=None active=0.0005940755208333333
[2026-06-28T22:02:40] step=9400/20000 loss=1.98682 d_h=-11.2305 eval_acc=None active=0.0005533854166666667
[2026-06-28T22:03:25] step=9500/20000 loss=1.87891 d_h=-22.4609 eval_acc=None active=0.0004964192708333333
[2026-06-28T22:04:10] step=9600/20000 loss=1.90234 d_h=6.83594 eval_acc=None active=0.00048828125
[2026-06-28T22:04:55] step=9700/20000 loss=1.92139 d_h=-19.043 eval_acc=None active=0.00042317708333333335
[2026-06-28T22:05:39] step=9800/20000 loss=1.92383 d_h=31.25 eval_acc=None active=0.00047200520833333334
[2026-06-28T22:06:24] step=9900/20000 loss=1.96729 d_h=-22.9492 eval_acc=None active=0.0005208333333333333
[2026-06-28T22:07:10] step=10000/20000 loss=1.86377 d_h=11.2305 eval_acc=0.12454212454212454 active=0.0004597981770833333
[2026-06-28T22:07:55] step=10100/20000 loss=2.04883 d_h=-3.90625 eval_acc=None active=0.0003865559895833333
[2026-06-28T22:08:40] step=10200/20000 loss=1.9585 d_h=-11.2305 eval_acc=None active=0.00038248697916666666
[2026-06-28T22:09:24] step=10300/20000 loss=2.06836 d_h=1.95312 eval_acc=None active=0.00037027994791666665
[2026-06-28T22:10:09] step=10400/20000 loss=2.05859 d_h=0 eval_acc=None active=0.00030924479166666665
[2026-06-28T22:10:54] step=10500/20000 loss=1.97119 d_h=-40.5273 eval_acc=None active=0.0004150390625
[2026-06-28T22:11:39] step=10600/20000 loss=2.03711 d_h=46.875 eval_acc=None active=0.00042724609375
[2026-06-28T22:12:24] step=10700/20000 loss=1.94873 d_h=-64.9414 eval_acc=None active=0.0003336588541666667
[2026-06-28T22:13:08] step=10800/20000 loss=1.89502 d_h=20.0195 eval_acc=None active=0.00026041666666666666
[2026-06-28T22:13:53] step=10900/20000 loss=1.83008 d_h=34.1797 eval_acc=None active=0.0003173828125
[2026-06-28T22:14:39] step=11000/20000 loss=1.90723 d_h=19.5312 eval_acc=0.2032967032967033 active=0.00026041666666666666
[2026-06-28T22:15:24] step=11100/20000 loss=1.99707 d_h=12.6953 eval_acc=None active=0.0002644856770833333
[2026-06-28T22:16:08] step=11200/20000 loss=1.80859 d_h=-7.8125 eval_acc=None active=0.00022786458333333334
[2026-06-28T22:16:53] step=11300/20000 loss=1.8833 d_h=24.9023 eval_acc=None active=0.00032958984375
[2026-06-28T22:17:38] step=11400/20000 loss=1.90039 d_h=15.625 eval_acc=None active=0.00032958984375
[2026-06-28T22:18:23] step=11500/20000 loss=1.85254 d_h=-20.5078 eval_acc=None active=0.00025227864583333336
[2026-06-28T22:19:08] step=11600/20000 loss=2.07617 d_h=21.4844 eval_acc=None active=0.00024007161458333332
[2026-06-28T22:19:52] step=11700/20000 loss=2.09961 d_h=5.85938 eval_acc=None active=0.00025634765625
[2026-06-28T22:20:37] step=11800/20000 loss=1.93896 d_h=-14.1602 eval_acc=None active=0.000244140625
[2026-06-28T22:21:22] step=11900/20000 loss=2.06445 d_h=-19.5312 eval_acc=None active=0.00021565755208333333
[2026-06-28T22:22:08] step=12000/20000 loss=1.92334 d_h=-26.8555 eval_acc=0.11904761904761904 active=0.00024007161458333332
[2026-06-28T22:22:53] step=12100/20000 loss=1.94434 d_h=44.9219 eval_acc=None active=0.00020751953125
[2026-06-28T22:23:38] step=12200/20000 loss=2.00195 d_h=-41.0156 eval_acc=None active=0.000244140625
[2026-06-28T22:24:22] step=12300/20000 loss=1.92773 d_h=17.5781 eval_acc=None active=0.0002644856770833333
[2026-06-28T22:25:07] step=12400/20000 loss=1.92676 d_h=-57.6172 eval_acc=None active=0.00023600260416666667
[2026-06-28T22:25:52] step=12500/20000 loss=2.00244 d_h=-40.5273 eval_acc=None active=0.00022379557291666666
[2026-06-28T22:26:37] step=12600/20000 loss=1.9834 d_h=-6.83594 eval_acc=None active=0.000244140625
[2026-06-28T22:27:22] step=12700/20000 loss=1.84521 d_h=0.488281 eval_acc=None active=0.0002726236979166667
[2026-06-28T22:28:06] step=12800/20000 loss=2.02588 d_h=56.1523 eval_acc=None active=0.0001953125
[2026-06-28T22:28:51] step=12900/20000 loss=2.05273 d_h=-7.8125 eval_acc=None active=0.00013834635416666666
[2026-06-28T22:29:37] step=13000/20000 loss=1.88037 d_h=-8.30078 eval_acc=0.17582417582417584 active=0.00022786458333333334
[2026-06-28T22:30:22] step=13100/20000 loss=1.88721 d_h=54.1992 eval_acc=None active=0.00025227864583333336
[2026-06-28T22:31:07] step=13200/20000 loss=1.80371 d_h=-21.4844 eval_acc=None active=0.00020345052083333334
[2026-06-28T22:31:51] step=13300/20000 loss=1.99756 d_h=-4.39453 eval_acc=None active=0.00022379557291666666
[2026-06-28T22:32:36] step=13400/20000 loss=1.98682 d_h=-4.39453 eval_acc=None active=0.00021158854166666667
[2026-06-28T22:33:21] step=13500/20000 loss=1.93018 d_h=-62.9883 eval_acc=None active=0.00025227864583333336
[2026-06-28T22:34:06] step=13600/20000 loss=2.04785 d_h=38.0859 eval_acc=None active=0.0001953125
[2026-06-28T22:34:50] step=13700/20000 loss=1.8916 d_h=-29.2969 eval_acc=None active=0.0001708984375
[2026-06-28T22:35:35] step=13800/20000 loss=1.96289 d_h=-6.83594 eval_acc=None active=0.00024007161458333332
[2026-06-28T22:36:20] step=13900/20000 loss=2.08594 d_h=-9.76562 eval_acc=None active=0.0002197265625
[2026-06-28T22:37:06] step=14000/20000 loss=1.96338 d_h=32.7148 eval_acc=0.1446886446886447 active=0.00022379557291666666
[2026-06-28T22:37:51] step=14100/20000 loss=2.06641 d_h=-42.9688 eval_acc=None active=0.00021158854166666667
[2026-06-28T22:38:36] step=14200/20000 loss=2.10547 d_h=-17.5781 eval_acc=None active=0.00017903645833333332
[2026-06-28T22:39:20] step=14300/20000 loss=2.02832 d_h=0.976562 eval_acc=None active=0.00018717447916666668
[2026-06-28T22:40:05] step=14400/20000 loss=2.13281 d_h=42.9688 eval_acc=None active=0.00024007161458333332
[2026-06-28T22:40:50] step=14500/20000 loss=2.14648 d_h=-33.2031 eval_acc=None active=0.00013834635416666666
[2026-06-28T22:41:35] step=14600/20000 loss=2.00586 d_h=-37.1094 eval_acc=None active=0.00020345052083333334
[2026-06-28T22:42:20] step=14700/20000 loss=1.99072 d_h=26.8555 eval_acc=None active=0.00020751953125
[2026-06-28T22:43:04] step=14800/20000 loss=1.9624 d_h=14.1602 eval_acc=None active=0.00018310546875
[2026-06-28T22:43:49] step=14900/20000 loss=1.96875 d_h=-19.5312 eval_acc=None active=0.00017496744791666667
[2026-06-28T22:44:35] step=15000/20000 loss=1.93555 d_h=34.1797 eval_acc=0.19597069597069597 active=0.00018310546875
[2026-06-28T22:45:20] step=15100/20000 loss=2.0498 d_h=-24.4141 eval_acc=None active=0.000146484375
[2026-06-28T22:46:05] step=15200/20000 loss=1.9082 d_h=43.9453 eval_acc=None active=0.0001953125
[2026-06-28T22:46:49] step=15300/20000 loss=2.1377 d_h=77.1484 eval_acc=None active=0.0001708984375
[2026-06-28T22:47:34] step=15400/20000 loss=1.95654 d_h=47.3633 eval_acc=None active=0.00017496744791666667
[2026-06-28T22:48:19] step=15500/20000 loss=2.08691 d_h=53.7109 eval_acc=None active=0.00017903645833333332
[2026-06-28T22:49:04] step=15600/20000 loss=2.04004 d_h=-24.4141 eval_acc=None active=0.0001953125
[2026-06-28T22:49:49] step=15700/20000 loss=2.03906 d_h=-15.625 eval_acc=None active=0.00013020833333333333
[2026-06-28T22:50:34] step=15800/20000 loss=2.00391 d_h=-1.95312 eval_acc=None active=0.00016276041666666666
[2026-06-28T22:51:18] step=15900/20000 loss=2.08301 d_h=-20.5078 eval_acc=None active=0.00023600260416666667
[2026-06-28T22:52:04] step=16000/20000 loss=1.99365 d_h=14.1602 eval_acc=0.163003663003663 active=0.00016276041666666666
[2026-06-28T22:52:49] step=16100/20000 loss=1.90576 d_h=21.9727 eval_acc=None active=0.00015055338541666667
[2026-06-28T22:53:34] step=16200/20000 loss=1.98047 d_h=0.976562 eval_acc=None active=0.00019124348958333333
[2026-06-28T22:54:19] step=16300/20000 loss=1.97412 d_h=33.6914 eval_acc=None active=0.00014241536458333334
[2026-06-28T22:55:03] step=16400/20000 loss=1.97412 d_h=22.9492 eval_acc=None active=0.00017496744791666667
[2026-06-28T22:55:48] step=16500/20000 loss=2.03027 d_h=16.6016 eval_acc=None active=0.00016276041666666666
[2026-06-28T22:56:33] step=16600/20000 loss=2.00146 d_h=-45.4102 eval_acc=None active=0.0001708984375
[2026-06-28T22:57:18] step=16700/20000 loss=1.9248 d_h=17.5781 eval_acc=None active=0.00013427734375
[2026-06-28T22:58:03] step=16800/20000 loss=1.9292 d_h=-9.27734 eval_acc=None active=0.00011800130208333333
[2026-06-28T22:58:47] step=16900/20000 loss=1.94531 d_h=-23.4375 eval_acc=None active=0.0001953125
[2026-06-28T22:59:33] step=17000/20000 loss=1.97607 d_h=7.32422 eval_acc=0.12087912087912088 active=0.00015462239583333333
[2026-06-28T23:00:18] step=17100/20000 loss=2.02002 d_h=-26.8555 eval_acc=None active=0.00019938151041666666
[2026-06-28T23:01:03] step=17200/20000 loss=1.87646 d_h=36.6211 eval_acc=None active=0.00015869140625
[2026-06-28T23:01:48] step=17300/20000 loss=1.95264 d_h=5.37109 eval_acc=None active=0.000146484375
[2026-06-28T23:02:32] step=17400/20000 loss=1.94971 d_h=9.27734 eval_acc=None active=0.00016276041666666666
[2026-06-28T23:03:17] step=17500/20000 loss=1.91406 d_h=25.3906 eval_acc=None active=0.00018310546875
[2026-06-28T23:04:02] step=17600/20000 loss=1.94238 d_h=69.3359 eval_acc=None active=0.00016276041666666666
[2026-06-28T23:04:47] step=17700/20000 loss=1.9165 d_h=-17.0898 eval_acc=None active=0.00018310546875
[2026-06-28T23:05:32] step=17800/20000 loss=1.93408 d_h=12.207 eval_acc=None active=0.00018717447916666668
[2026-06-28T23:06:16] step=17900/20000 loss=1.88281 d_h=-81.0547 eval_acc=None active=0.00013834635416666666
[2026-06-28T23:07:02] step=18000/20000 loss=1.91895 d_h=-86.9141 eval_acc=0.1446886446886447 active=0.0001953125
[2026-06-28T23:07:47] step=18100/20000 loss=1.98535 d_h=-34.1797 eval_acc=None active=0.00013427734375
[2026-06-28T23:08:32] step=18200/20000 loss=1.96973 d_h=19.5312 eval_acc=None active=0.00017903645833333332
[2026-06-28T23:09:17] step=18300/20000 loss=2.00146 d_h=-45.4102 eval_acc=None active=0.00015869140625
[2026-06-28T23:10:01] step=18400/20000 loss=1.96533 d_h=28.8086 eval_acc=None active=0.00016682942708333334
[2026-06-28T23:10:46] step=18500/20000 loss=1.90771 d_h=26.8555 eval_acc=None active=0.00017496744791666667
[2026-06-28T23:11:31] step=18600/20000 loss=2.03418 d_h=-0.976562 eval_acc=None active=0.00016276041666666666
[2026-06-28T23:12:16] step=18700/20000 loss=1.97266 d_h=-4.88281 eval_acc=None active=0.00011393229166666667
[2026-06-28T23:13:01] step=18800/20000 loss=1.95508 d_h=-54.6875 eval_acc=None active=0.00018310546875
[2026-06-28T23:13:45] step=18900/20000 loss=1.98926 d_h=-59.5703 eval_acc=None active=0.00019938151041666666
[2026-06-28T23:14:31] step=19000/20000 loss=2.02344 d_h=7.8125 eval_acc=0.10805860805860806 active=0.00015055338541666667
[2026-06-28T23:15:16] step=19100/20000 loss=1.9917 d_h=27.832 eval_acc=None active=0.00013427734375
[2026-06-28T23:16:01] step=19200/20000 loss=1.91162 d_h=13.1836 eval_acc=None active=0.00013427734375
[2026-06-28T23:16:46] step=19300/20000 loss=1.94971 d_h=-28.8086 eval_acc=None active=0.00018717447916666668
[2026-06-28T23:17:31] step=19400/20000 loss=1.9126 d_h=33.6914 eval_acc=None active=0.00011393229166666667
[2026-06-28T23:18:15] step=19500/20000 loss=1.9502 d_h=-8.78906 eval_acc=None active=0.00015869140625
[2026-06-28T23:19:00] step=19600/20000 loss=2.04395 d_h=4.88281 eval_acc=None active=0.00012613932291666668
[2026-06-28T23:19:45] step=19700/20000 loss=1.94727 d_h=-11.7188 eval_acc=None active=0.00015055338541666667
[2026-06-28T23:20:30] step=19800/20000 loss=2.03516 d_h=-29.2969 eval_acc=None active=0.00012613932291666668
[2026-06-28T23:21:15] step=19900/20000 loss=2.16113 d_h=-53.7109 eval_acc=None active=0.00015869140625
[2026-06-28T23:22:00] step=20000/20000 loss=1.99609 d_h=83.9844 eval_acc=0.14285714285714285 active=0.00015462239583333333
[2026-06-28T23:22:01] finished int4_prefix_quantized_seedfixed_trec_mezo_default_h1e-3_seed32_full_bs64_step20k status=complete steps=20000
RobertaConfig {
  "_attn_implementation_autoset": true,
  "architectures": [
    "RobertaForMaskedLM"
  ],
  "attention_probs_dropout_prob": 0.1,
  "bos_token_id": 0,
  "classifier_dropout": null,
  "eos_token_id": 2,
  "finetuning_task": "rte",
  "hidden_act": "gelu",
  "hidden_dropout_prob": 0.1,
  "hidden_size": 1024,
  "initializer_range": 0.02,
  "intermediate_size": 4096,
  "layer_norm_eps": 1e-05,
  "max_position_embeddings": 514,
  "model_type": "roberta",
  "num_attention_heads": 16,
  "num_hidden_layers": 24,
  "pad_token_id": 1,
  "position_embedding_type": "absolute",
  "torch_dtype": "float32",
  "transformers_version": "4.51.3",
  "type_vocab_size": 1,
  "use_cache": true,
  "vocab_size": 50265
}

[2026-06-28T23:22:02] starting int4_sparsep0p1_taskgrad_seedfixed_rte_mezo_default_h1e-3_seed32_full_bs64_step20k
[2026-06-28T23:22:05] sparse mask strategy=task_grad_static p=0.1 source=static_task_gradient_square_before_zo_training hash=b7216984485c selection=global_topk_grad_square_linear_weight active_all=0.0872203 active_quantized_linear=0.100068
[2026-06-28T23:22:10] step=1/20000 loss=0.693359 d_h=1.46484 eval_acc=None active=0.011331378455232455
[2026-06-28T23:22:55] step=100/20000 loss=0.680176 d_h=-2.92969 eval_acc=None active=0.011331378455232455
[2026-06-28T23:23:39] step=200/20000 loss=0.733154 d_h=-19.7754 eval_acc=None active=0.01133102971003119
[2026-06-28T23:24:24] step=300/20000 loss=0.69751 d_h=-6.5918 eval_acc=None active=0.011334244353297699
[2026-06-28T23:25:08] step=400/20000 loss=0.704346 d_h=-13.916 eval_acc=None active=0.011336106202678652
[2026-06-28T23:25:53] step=500/20000 loss=0.713379 d_h=-19.5312 eval_acc=None active=0.011329612229535721
[2026-06-28T23:26:38] step=600/20000 loss=0.701172 d_h=2.92969 eval_acc=None active=0.011328568806393224
[2026-06-28T23:27:23] step=700/20000 loss=0.73584 d_h=-57.1289 eval_acc=None active=0.011336440885573415
[2026-06-28T23:28:07] step=800/20000 loss=0.71167 d_h=3.66211 eval_acc=None active=0.011335926205155417
[2026-06-28T23:28:52] step=900/20000 loss=0.503296 d_h=7.44629 eval_acc=None active=0.011337585557322732
[2026-06-28T23:29:47] step=1000/20000 loss=0.741699 d_h=8.30078 eval_acc=0.606425702811245 active=0.011335293401362797
[2026-06-28T23:30:32] step=1100/20000 loss=0.681885 d_h=0.244141 eval_acc=None active=0.011335006530310143
[2026-06-28T23:31:17] step=1200/20000 loss=0.680664 d_h=-5.85938 eval_acc=None active=0.011325781657244396
[2026-06-28T23:32:01] step=1300/20000 loss=0.694824 d_h=-11.2305 eval_acc=None active=0.011329525043235405
[2026-06-28T23:32:46] step=1400/20000 loss=0.693848 d_h=0.488281 eval_acc=None active=0.011330565653916602
[2026-06-28T23:33:31] step=1500/20000 loss=0.732178 d_h=-10.498 eval_acc=None active=0.011326428523343519
[2026-06-28T23:34:16] step=1600/20000 loss=0.688477 d_h=-12.207 eval_acc=None active=0.011330461592848482
[2026-06-28T23:35:00] step=1700/20000 loss=0.698242 d_h=-7.8125 eval_acc=None active=0.011326346961965803
[2026-06-28T23:35:45] step=1800/20000 loss=0.788818 d_h=143.799 eval_acc=None active=0.011331550015371788
[2026-06-28T23:36:30] step=1900/20000 loss=0.717285 d_h=-33.2031 eval_acc=None active=0.011328821927910272
[2026-06-28T23:37:17] step=2000/20000 loss=0.708008 d_h=0.976562 eval_acc=0.5341365461847389 active=0.011324729796717998
[2026-06-28T23:38:02] step=2100/20000 loss=0.747803 d_h=-30.0293 eval_acc=None active=0.011329932850123983
[2026-06-28T23:38:46] step=2200/20000 loss=0.693359 d_h=30.2734 eval_acc=None active=0.01132548353634654
[2026-06-28T23:39:31] step=2300/20000 loss=0.703857 d_h=-24.1699 eval_acc=None active=0.011328425370866898
[2026-06-28T23:40:16] step=2400/20000 loss=0.686279 d_h=-20.2637 eval_acc=None active=0.011331364392925954
[2026-06-28T23:41:00] step=2500/20000 loss=0.694092 d_h=-32.959 eval_acc=None active=0.011322589513668291
[2026-06-28T23:41:45] step=2600/20000 loss=0.702881 d_h=9.0332 eval_acc=None active=0.011326614145789353
[2026-06-28T23:42:30] step=2700/20000 loss=0.799561 d_h=-28.0762 eval_acc=None active=0.011325832281547805
[2026-06-28T23:43:15] step=2800/20000 loss=0.675537 d_h=0.244141 eval_acc=None active=0.0113199964243492
[2026-06-28T23:43:59] step=2900/20000 loss=0.719238 d_h=-7.8125 eval_acc=None active=0.011330464405309782
[2026-06-28T23:44:47] step=3000/20000 loss=0.678223 d_h=17.0898 eval_acc=0.5542168674698795 active=0.011322159207089311
[2026-06-28T23:45:31] step=3100/20000 loss=0.708008 d_h=23.9258 eval_acc=None active=0.011327055702213538
[2026-06-28T23:46:16] step=3200/20000 loss=0.702148 d_h=-11.2305 eval_acc=None active=0.011330678152368623
[2026-06-28T23:47:01] step=3300/20000 loss=0.713135 d_h=-3.17383 eval_acc=None active=0.01132875161637776
[2026-06-28T23:47:45] step=3400/20000 loss=0.699707 d_h=-18.5547 eval_acc=None active=0.01132674914393178
[2026-06-28T23:48:30] step=3500/20000 loss=0.655273 d_h=-5.37109 eval_acc=None active=0.01132611915260046
[2026-06-28T23:49:15] step=3600/20000 loss=0.632812 d_h=-26.8555 eval_acc=None active=0.011324552611656064
[2026-06-28T23:50:00] step=3700/20000 loss=0.683105 d_h=-3.90625 eval_acc=None active=0.011320069548343015
[2026-06-28T23:50:44] step=3800/20000 loss=0.665527 d_h=-6.34766 eval_acc=None active=0.011320584228761012
[2026-06-28T23:51:29] step=3900/20000 loss=0.679932 d_h=5.12695 eval_acc=None active=0.011322381391532053
[2026-06-28T23:52:16] step=4000/20000 loss=0.671387 d_h=0.488281 eval_acc=0.5863453815261044 active=0.011333856233638225
[2026-06-28T23:53:01] step=4100/20000 loss=0.702881 d_h=2.19727 eval_acc=None active=0.011319923300355387
[2026-06-28T23:53:45] step=4200/20000 loss=0.713379 d_h=7.32422 eval_acc=None active=0.011316579283869053
[2026-06-28T23:54:30] step=4300/20000 loss=0.730469 d_h=56.1523 eval_acc=None active=0.011330641590371716
[2026-06-28T23:55:15] step=4400/20000 loss=0.71582 d_h=-12.207 eval_acc=None active=0.011327927565216703
[2026-06-28T23:56:00] step=4500/20000 loss=0.752197 d_h=-59.3262 eval_acc=None active=0.011322342017073845
[2026-06-28T23:56:44] step=4600/20000 loss=0.694336 d_h=3.41797 eval_acc=None active=0.011329733165371645
[2026-06-28T23:57:29] step=4700/20000 loss=0.702148 d_h=-9.76562 eval_acc=None active=0.011329221297414947
[2026-06-28T23:58:14] step=4800/20000 loss=0.701904 d_h=-11.4746 eval_acc=None active=0.011331552827833088
[2026-06-28T23:58:58] step=4900/20000 loss=0.688965 d_h=-12.6953 eval_acc=None active=0.011328099125356036
[2026-06-28T23:59:45] step=5000/20000 loss=0.68457 d_h=0 eval_acc=0.5381526104417671 active=0.011329508168467601
[2026-06-29T00:00:30] step=5100/20000 loss=0.702881 d_h=1.70898 eval_acc=None active=0.011324507612275256
[2026-06-29T00:01:15] step=5200/20000 loss=0.71875 d_h=-47.3633 eval_acc=None active=0.011330371594086865
[2026-06-29T00:02:00] step=5300/20000 loss=0.674072 d_h=0.244141 eval_acc=None active=0.011322659825200806
[2026-06-29T00:02:45] step=5400/20000 loss=0.548828 d_h=38.0859 eval_acc=None active=0.011323008570402072
[2026-06-29T00:03:29] step=5500/20000 loss=0.697266 d_h=-8.30078 eval_acc=None active=0.011328144124736844
[2026-06-29T00:04:14] step=5600/20000 loss=0.70874 d_h=-28.5645 eval_acc=None active=0.011325272601749
[2026-06-29T00:04:59] step=5700/20000 loss=0.686035 d_h=-7.8125 eval_acc=None active=0.0113342499782203
[2026-06-29T00:05:43] step=5800/20000 loss=0.689453 d_h=-2.92969 eval_acc=None active=0.011329544730464509
[2026-06-29T00:06:28] step=5900/20000 loss=0.71582 d_h=-14.6484 eval_acc=None active=0.011329454731702892
[2026-06-29T00:07:18] step=6000/20000 loss=0.687256 d_h=9.0332 eval_acc=0.5823293172690763 active=0.011325885718312516
[2026-06-29T00:08:03] step=6100/20000 loss=0.698242 d_h=1.95312 eval_acc=None active=0.011322125457553704
[2026-06-29T00:08:48] step=6200/20000 loss=0.69043 d_h=18.5547 eval_acc=None active=0.011320598291067515
[2026-06-29T00:09:33] step=6300/20000 loss=0.632812 d_h=118.652 eval_acc=None active=0.01132257263890049
[2026-06-29T00:10:17] step=6400/20000 loss=0.682861 d_h=-4.63867 eval_acc=None active=0.011333785922105712
[2026-06-29T00:11:02] step=6500/20000 loss=0.699707 d_h=0 eval_acc=None active=0.011320111735262523
[2026-06-29T00:11:47] step=6600/20000 loss=0.666992 d_h=-4.39453 eval_acc=None active=0.011324150429690087
[2026-06-29T00:12:31] step=6700/20000 loss=0.690674 d_h=10.9863 eval_acc=None active=0.01132284263518534
[2026-06-29T00:13:16] step=6800/20000 loss=0.691162 d_h=-2.68555 eval_acc=None active=0.011329077861888621
[2026-06-29T00:14:01] step=6900/20000 loss=0.712158 d_h=19.2871 eval_acc=None active=0.01132601227907104
[2026-06-29T00:14:47] step=7000/20000 loss=0.695068 d_h=9.0332 eval_acc=0.5180722891566265 active=0.011327823504148583
[2026-06-29T00:15:32] step=7100/20000 loss=0.726562 d_h=57.6172 eval_acc=None active=0.011324628548111178
[2026-06-29T00:16:17] step=7200/20000 loss=0.553711 d_h=146.973 eval_acc=None active=0.011325134791145273
[2026-06-29T00:17:02] step=7300/20000 loss=0.678223 d_h=5.37109 eval_acc=None active=0.01132542447465923
[2026-06-29T00:17:46] step=7400/20000 loss=0.679932 d_h=7.08008 eval_acc=None active=0.011328509744705912
[2026-06-29T00:18:31] step=7500/20000 loss=0.668701 d_h=13.4277 eval_acc=None active=0.011324333239674623
[2026-06-29T00:19:16] step=7600/20000 loss=0.679688 d_h=-0.488281 eval_acc=None active=0.011325199477755185
[2026-06-29T00:20:00] step=7700/20000 loss=0.686768 d_h=4.63867 eval_acc=None active=0.011317991139441921
[2026-06-29T00:20:45] step=7800/20000 loss=0.681152 d_h=-0.488281 eval_acc=None active=0.011316185539286979
[2026-06-29T00:21:30] step=7900/20000 loss=0.679199 d_h=-0.488281 eval_acc=None active=0.01131941143239869
[2026-06-29T00:22:20] step=8000/20000 loss=0.675781 d_h=-9.27734 eval_acc=0.5622489959839357 active=0.01132100047303349
[2026-06-29T00:23:05] step=8100/20000 loss=0.706787 d_h=-6.10352 eval_acc=None active=0.011324710109488894
[2026-06-29T00:23:50] step=8200/20000 loss=0.737061 d_h=-56.3965 eval_acc=None active=0.011327944439984507
[2026-06-29T00:24:34] step=8300/20000 loss=0.675537 d_h=-7.08008 eval_acc=None active=0.011319611117151029
[2026-06-29T00:25:19] step=8400/20000 loss=0.688477 d_h=-11.7188 eval_acc=None active=0.011318522694627723
[2026-06-29T00:26:04] step=8500/20000 loss=0.676758 d_h=-21.9727 eval_acc=None active=0.011325660721408474
[2026-06-29T00:26:48] step=8600/20000 loss=0.686279 d_h=-1.70898 eval_acc=None active=0.011327418509721306
[2026-06-29T00:27:33] step=8700/20000 loss=0.682129 d_h=-25.8789 eval_acc=None active=0.011322024208946884
[2026-06-29T00:28:18] step=8800/20000 loss=0.657715 d_h=0.976562 eval_acc=None active=0.01132184702388495
[2026-06-29T00:29:03] step=8900/20000 loss=0.687988 d_h=30.2734 eval_acc=None active=0.011326481960108228
[2026-06-29T00:29:53] step=9000/20000 loss=0.692871 d_h=56.1523 eval_acc=0.606425702811245 active=0.011319118936423435
[2026-06-29T00:30:38] step=9100/20000 loss=0.701416 d_h=-3.66211 eval_acc=None active=0.011327210387585067
[2026-06-29T00:31:22] step=9200/20000 loss=0.687988 d_h=-15.625 eval_acc=None active=0.011323902933095641
[2026-06-29T00:32:07] step=9300/20000 loss=0.681396 d_h=2.19727 eval_acc=None active=0.011323168880696202
[2026-06-29T00:32:52] step=9400/20000 loss=0.689697 d_h=-17.8223 eval_acc=None active=0.011323545750510472
[2026-06-29T00:33:36] step=9500/20000 loss=0.673584 d_h=-2.19727 eval_acc=None active=0.011321773899891138
[2026-06-29T00:34:21] step=9600/20000 loss=0.71167 d_h=54.4434 eval_acc=None active=0.011326976953297123
[2026-06-29T00:35:06] step=9700/20000 loss=0.676758 d_h=-0.488281 eval_acc=None active=0.01133251187713657
[2026-06-29T00:35:50] step=9800/20000 loss=0.653809 d_h=6.34766 eval_acc=None active=0.011321807649426745
[2026-06-29T00:36:35] step=9900/20000 loss=0.492554 d_h=-142.212 eval_acc=None active=0.011323703248343303
[2026-06-29T00:37:25] step=10000/20000 loss=0.673584 d_h=10.0098 eval_acc=0.5783132530120482 active=0.011321790774658941
[2026-06-29T00:38:10] step=10100/20000 loss=0.689941 d_h=9.76562 eval_acc=None active=0.011318550819240727
[2026-06-29T00:38:55] step=10200/20000 loss=0.686279 d_h=4.63867 eval_acc=None active=0.011323014195324672
[2026-06-29T00:39:39] step=10300/20000 loss=0.668213 d_h=0.732422 eval_acc=None active=0.011324735421640598
[2026-06-29T00:40:24] step=10400/20000 loss=0.678223 d_h=-4.88281 eval_acc=None active=0.01132320825515441
[2026-06-29T00:41:09] step=10500/20000 loss=0.665527 d_h=7.32422 eval_acc=None active=0.011328582868699727
[2026-06-29T00:41:54] step=10600/20000 loss=0.702393 d_h=5.12695 eval_acc=None active=0.011319760177599955
[2026-06-29T00:42:38] step=10700/20000 loss=0.680908 d_h=-7.08008 eval_acc=None active=0.0113163008502003
[2026-06-29T00:43:23] step=10800/20000 loss=0.619385 d_h=-35.8887 eval_acc=None active=0.011320162359565933
[2026-06-29T00:44:08] step=10900/20000 loss=0.69458 d_h=-13.4277 eval_acc=None active=0.011328540681780219
[2026-06-29T00:44:58] step=11000/20000 loss=0.655762 d_h=-19.043 eval_acc=0.5903614457831325 active=0.011318936126438901
[2026-06-29T00:45:43] step=11100/20000 loss=0.684082 d_h=8.78906 eval_acc=None active=0.011323838246485729
[2026-06-29T00:46:27] step=11200/20000 loss=0.672363 d_h=-5.85938 eval_acc=None active=0.011315313676283814
[2026-06-29T00:47:12] step=11300/20000 loss=0.708496 d_h=11.2305 eval_acc=None active=0.011316101165447963
[2026-06-29T00:47:57] step=11400/20000 loss=0.709961 d_h=-12.207 eval_acc=None active=0.011320283295401854
[2026-06-29T00:48:41] step=11500/20000 loss=0.67041 d_h=-6.83594 eval_acc=None active=0.011316250225896891
[2026-06-29T00:49:26] step=11600/20000 loss=0.657471 d_h=8.05664 eval_acc=None active=0.011319644866686634
[2026-06-29T00:50:10] step=11700/20000 loss=0.604614 d_h=210.327 eval_acc=None active=0.011314098693001984
[2026-06-29T00:50:55] step=11800/20000 loss=0.67749 d_h=-8.54492 eval_acc=None active=0.0113157692950145
[2026-06-29T00:51:40] step=11900/20000 loss=0.672363 d_h=-2.92969 eval_acc=None active=0.01131851988216642
[2026-06-29T00:52:30] step=12000/20000 loss=0.653076 d_h=-10.9863 eval_acc=0.5943775100401606 active=0.011316359911887612
[2026-06-29T00:53:15] step=12100/20000 loss=0.704834 d_h=2.19727 eval_acc=None active=0.011312309967614845
[2026-06-29T00:53:59] step=12200/20000 loss=0.65332 d_h=-6.83594 eval_acc=None active=0.011318545194318127
[2026-06-29T00:54:44] step=12300/20000 loss=0.6604 d_h=-9.0332 eval_acc=None active=0.01131444462574195
[2026-06-29T00:55:29] step=12400/20000 loss=0.658936 d_h=-8.54492 eval_acc=None active=0.011317586145014645
[2026-06-29T00:56:13] step=12500/20000 loss=0.702637 d_h=-27.832 eval_acc=None active=0.011316728344317982
[2026-06-29T00:56:58] step=12600/20000 loss=0.600342 d_h=-47.6074 eval_acc=None active=0.011319110499039534
[2026-06-29T00:57:43] step=12700/20000 loss=0.673584 d_h=6.5918 eval_acc=None active=0.011315651171639879
[2026-06-29T00:58:28] step=12800/20000 loss=0.658447 d_h=-12.9395 eval_acc=None active=0.011318905189364594
[2026-06-29T00:59:12] step=12900/20000 loss=0.67627 d_h=7.8125 eval_acc=None active=0.011324918231625132
[2026-06-29T01:00:06] step=13000/20000 loss=0.718018 d_h=-54.9316 eval_acc=0.6104417670682731 active=0.011320910474271874
[2026-06-29T01:00:51] step=13100/20000 loss=0.651611 d_h=-1.70898 eval_acc=None active=0.011317048964906243
[2026-06-29T01:01:36] step=13200/20000 loss=0.665771 d_h=-15.8691 eval_acc=None active=0.011315533048265256
[2026-06-29T01:02:21] step=13300/20000 loss=0.653564 d_h=10.0098 eval_acc=None active=0.011323278566686922
[2026-06-29T01:03:05] step=13400/20000 loss=0.659912 d_h=0.244141 eval_acc=None active=0.011313733073032914
[2026-06-29T01:03:50] step=13500/20000 loss=0.716797 d_h=-152.832 eval_acc=None active=0.01131935799563398
[2026-06-29T01:04:35] step=13600/20000 loss=0.686035 d_h=-21.9727 eval_acc=None active=0.011318044576206632
[2026-06-29T01:05:19] step=13700/20000 loss=0.658203 d_h=17.5781 eval_acc=None active=0.01131290902187186
[2026-06-29T01:06:04] step=13800/20000 loss=0.666504 d_h=12.6953 eval_acc=None active=0.011316483660184836
[2026-06-29T01:06:48] step=13900/20000 loss=0.676514 d_h=-7.56836 eval_acc=None active=0.011319422682243892
[2026-06-29T01:07:42] step=14000/20000 loss=0.693604 d_h=-69.0918 eval_acc=0.6184738955823293 active=0.011316742406624485
[2026-06-29T01:08:27] step=14100/20000 loss=0.657959 d_h=2.19727 eval_acc=None active=0.011313114331546798
[2026-06-29T01:09:12] step=14200/20000 loss=0.695312 d_h=16.6016 eval_acc=None active=0.011316534284488245
[2026-06-29T01:09:57] step=14300/20000 loss=0.674072 d_h=10.0098 eval_acc=None active=0.01131677334369879
[2026-06-29T01:10:41] step=14400/20000 loss=0.691895 d_h=-70.3125 eval_acc=None active=0.011316053353605854
[2026-06-29T01:11:26] step=14500/20000 loss=0.651367 d_h=-12.207 eval_acc=None active=0.011314900244472636
[2026-06-29T01:12:11] step=14600/20000 loss=0.645752 d_h=2.68555 eval_acc=None active=0.011312163719627217
[2026-06-29T01:12:55] step=14700/20000 loss=0.661377 d_h=-4.63867 eval_acc=None active=0.011308712829611465
[2026-06-29T01:13:40] step=14800/20000 loss=0.651855 d_h=10.7422 eval_acc=None active=0.01130900532558672
[2026-06-29T01:14:25] step=14900/20000 loss=0.633789 d_h=4.88281 eval_acc=None active=0.01131344901444156
[2026-06-29T01:15:12] step=15000/20000 loss=0.661865 d_h=-7.56836 eval_acc=0.6144578313253012 active=0.011315119616454077
[2026-06-29T01:15:56] step=15100/20000 loss=0.700928 d_h=13.916 eval_acc=None active=0.011319928925277988
[2026-06-29T01:16:41] step=15200/20000 loss=0.658691 d_h=10.7422 eval_acc=None active=0.011322333579689944
[2026-06-29T01:17:26] step=15300/20000 loss=0.524658 d_h=89.5996 eval_acc=None active=0.011313491201361069
[2026-06-29T01:18:10] step=15400/20000 loss=0.68042 d_h=0.244141 eval_acc=None active=0.011313089019395093
[2026-06-29T01:18:55] step=15500/20000 loss=0.669434 d_h=-7.8125 eval_acc=None active=0.011311409979998676
[2026-06-29T01:19:40] step=15600/20000 loss=0.667725 d_h=4.63867 eval_acc=None active=0.011317273961810285
[2026-06-29T01:20:24] step=15700/20000 loss=0.676025 d_h=-19.2871 eval_acc=None active=0.011308198149193467
[2026-06-29T01:21:09] step=15800/20000 loss=0.674316 d_h=-8.30078 eval_acc=None active=0.011310614053450624
[2026-06-29T01:21:54] step=15900/20000 loss=0.683838 d_h=-14.8926 eval_acc=None active=0.011313983382088662
[2026-06-29T01:22:42] step=16000/20000 loss=0.663818 d_h=-16.3574 eval_acc=0.6144578313253012 active=0.01131218059439502
[2026-06-29T01:23:27] step=16100/20000 loss=0.668213 d_h=-0.244141 eval_acc=None active=0.011307815654456595
[2026-06-29T01:24:12] step=16200/20000 loss=0.753418 d_h=14.1602 eval_acc=None active=0.011312669962661314
[2026-06-29T01:24:56] step=16300/20000 loss=0.668213 d_h=0.244141 eval_acc=None active=0.011313373077986447
[2026-06-29T01:25:41] step=16400/20000 loss=0.662598 d_h=3.90625 eval_acc=None active=0.011301161371019535
[2026-06-29T01:26:26] step=16500/20000 loss=0.6521 d_h=0.244141 eval_acc=None active=0.01130589193092703
[2026-06-29T01:27:10] step=16600/20000 loss=0.655273 d_h=2.92969 eval_acc=None active=0.011305076317149877
[2026-06-29T01:27:55] step=16700/20000 loss=0.668945 d_h=11.7188 eval_acc=None active=0.011312115907785109
[2026-06-29T01:28:40] step=16800/20000 loss=0.653564 d_h=-4.63867 eval_acc=None active=0.011307855028914801
[2026-06-29T01:29:25] step=16900/20000 loss=0.656006 d_h=-19.7754 eval_acc=None active=0.011312419653605566
[2026-06-29T01:30:11] step=17000/20000 loss=0.664307 d_h=-3.66211 eval_acc=0.606425702811245 active=0.011304072268465587
[2026-06-29T01:30:56] step=17100/20000 loss=0.536865 d_h=-37.3535 eval_acc=None active=0.011300542629533417
[2026-06-29T01:31:41] step=17200/20000 loss=0.648438 d_h=-3.41797 eval_acc=None active=0.01130140324269138
[2026-06-29T01:32:25] step=17300/20000 loss=0.678467 d_h=10.0098 eval_acc=None active=0.011299600454997739
[2026-06-29T01:33:10] step=17400/20000 loss=0.661133 d_h=-2.92969 eval_acc=None active=0.01130884782775389
[2026-06-29T01:33:55] step=17500/20000 loss=0.673096 d_h=0.732422 eval_acc=None active=0.011309671878914946
[2026-06-29T01:34:39] step=17600/20000 loss=0.675293 d_h=-9.27734 eval_acc=None active=0.011312135595014212
[2026-06-29T01:35:24] step=17700/20000 loss=0.646484 d_h=-7.8125 eval_acc=None active=0.011306592233790862
[2026-06-29T01:36:09] step=17800/20000 loss=0.68042 d_h=-8.54492 eval_acc=None active=0.011303062594858694
[2026-06-29T01:36:54] step=17900/20000 loss=0.661865 d_h=-6.5918 eval_acc=None active=0.011311297481546655
[2026-06-29T01:37:43] step=18000/20000 loss=0.488281 d_h=6.10352 eval_acc=0.606425702811245 active=0.011298534532164837
[2026-06-29T01:38:28] step=18100/20000 loss=0.699951 d_h=-22.7051 eval_acc=None active=0.0113020388589453
[2026-06-29T01:39:13] step=18200/20000 loss=0.679688 d_h=5.85938 eval_acc=None active=0.01130367852388351
[2026-06-29T01:39:58] step=18300/20000 loss=0.666016 d_h=-13.6719 eval_acc=None active=0.011301161371019535
[2026-06-29T01:40:42] step=18400/20000 loss=0.657227 d_h=-12.6953 eval_acc=None active=0.011307379722955013
[2026-06-29T01:41:27] step=18500/20000 loss=0.677734 d_h=22.4609 eval_acc=None active=0.011308909701902502
[2026-06-29T01:42:12] step=18600/20000 loss=0.664795 d_h=34.4238 eval_acc=None active=0.011297274549502198
[2026-06-29T01:42:57] step=18700/20000 loss=0.697754 d_h=10.2539 eval_acc=None active=0.011305650059255185
[2026-06-29T01:43:41] step=18800/20000 loss=0.644287 d_h=0.244141 eval_acc=None active=0.011302131670168218
[2026-06-29T01:44:26] step=18900/20000 loss=0.690918 d_h=-134.277 eval_acc=None active=0.01130440695136035
[2026-06-29T01:45:17] step=19000/20000 loss=0.67627 d_h=-7.32422 eval_acc=0.606425702811245 active=0.011308234711190374
[2026-06-29T01:46:01] step=19100/20000 loss=0.696289 d_h=-7.32422 eval_acc=None active=0.011304803508403724
[2026-06-29T01:46:46] step=19200/20000 loss=0.691406 d_h=-35.1562 eval_acc=None active=0.011306280050586504
[2026-06-29T01:47:31] step=19300/20000 loss=0.658691 d_h=7.32422 eval_acc=None active=0.01130794784013772
[2026-06-29T01:48:15] step=19400/20000 loss=0.656738 d_h=25.8789 eval_acc=None active=0.011301709800973139
[2026-06-29T01:49:00] step=19500/20000 loss=0.747314 d_h=75.4395 eval_acc=None active=0.011300250133558162
[2026-06-29T01:49:44] step=19600/20000 loss=0.69043 d_h=-6.83594 eval_acc=None active=0.011301524178527303
[2026-06-29T01:50:29] step=19700/20000 loss=0.661377 d_h=3.66211 eval_acc=None active=0.011302311667691453
[2026-06-29T01:51:13] step=19800/20000 loss=0.906006 d_h=72.0215 eval_acc=None active=0.011299743890524067
[2026-06-29T01:51:58] step=19900/20000 loss=0.672607 d_h=-11.4746 eval_acc=None active=0.011300483567846107
[2026-06-29T01:52:45] step=20000/20000 loss=0.621826 d_h=3.66211 eval_acc=0.5943775100401606 active=0.011297139551359773
[2026-06-29T01:52:47] finished int4_sparsep0p1_taskgrad_seedfixed_rte_mezo_default_h1e-3_seed32_full_bs64_step20k status=complete steps=20000
RobertaConfig {
  "_attn_implementation_autoset": true,
  "architectures": [
    "RobertaForMaskedLM"
  ],
  "attention_probs_dropout_prob": 0.1,
  "bos_token_id": 0,
  "classifier_dropout": null,
  "eos_token_id": 2,
  "finetuning_task": "trec",
  "hidden_act": "gelu",
  "hidden_dropout_prob": 0.1,
  "hidden_size": 1024,
  "id2label": {
    "0": "LABEL_0",
    "1": "LABEL_1",
    "2": "LABEL_2",
    "3": "LABEL_3",
    "4": "LABEL_4",
    "5": "LABEL_5"
  },
  "initializer_range": 0.02,
  "intermediate_size": 4096,
  "label2id": {
    "LABEL_0": 0,
    "LABEL_1": 1,
    "LABEL_2": 2,
    "LABEL_3": 3,
    "LABEL_4": 4,
    "LABEL_5": 5
  },
  "layer_norm_eps": 1e-05,
  "max_position_embeddings": 514,
  "model_type": "roberta",
  "num_attention_heads": 16,
  "num_hidden_layers": 24,
  "pad_token_id": 1,
  "position_embedding_type": "absolute",
  "torch_dtype": "float32",
  "transformers_version": "4.51.3",
  "type_vocab_size": 1,
  "use_cache": true,
  "vocab_size": 50265
}

[2026-06-29T01:52:48] starting int4_prefix_quantized_seedfixed_trec_mezo_default_h1e-3_seed64_full_bs64_step20k
[2026-06-29T01:52:48] prefix mode prefix_params=48 active_params=245760 prefix_quantize=True
[2026-06-29T01:52:52] step=1/20000 loss=1.98193 d_h=0.488281 eval_acc=None active=0.005997721354166667
[2026-06-29T01:53:36] step=100/20000 loss=1.7915 d_h=-0.488281 eval_acc=None active=0.005997721354166667
[2026-06-29T01:54:21] step=200/20000 loss=1.81543 d_h=0 eval_acc=None active=0.005655924479166667
[2026-06-29T01:55:06] step=300/20000 loss=1.79199 d_h=0 eval_acc=None active=0.0057373046875
[2026-06-29T01:55:50] step=400/20000 loss=1.73779 d_h=0.488281 eval_acc=None active=0.0053466796875
[2026-06-29T01:56:35] step=500/20000 loss=1.79834 d_h=0.488281 eval_acc=None active=0.0050008138020833336
[2026-06-29T01:57:19] step=600/20000 loss=1.71533 d_h=-0.488281 eval_acc=None active=0.004903157552083333
[2026-06-29T01:58:04] step=700/20000 loss=1.76758 d_h=0 eval_acc=None active=0.005204264322916667
[2026-06-29T01:58:48] step=800/20000 loss=1.83008 d_h=-0.976562 eval_acc=None active=0.00472412109375
[2026-06-29T01:59:33] step=900/20000 loss=1.81201 d_h=-0.488281 eval_acc=None active=0.00413818359375
[2026-06-29T02:00:22] step=1000/20000 loss=1.79395 d_h=0 eval_acc=0.21978021978021978 active=0.004777018229166667
[2026-06-29T02:01:06] step=1100/20000 loss=1.57764 d_h=0.488281 eval_acc=None active=0.0048258463541666664
[2026-06-29T02:01:51] step=1200/20000 loss=1.67676 d_h=0.976562 eval_acc=None active=0.0044514973958333336
[2026-06-29T02:02:35] step=1300/20000 loss=1.76123 d_h=0.488281 eval_acc=None active=0.00472412109375
[2026-06-29T02:03:20] step=1400/20000 loss=1.69531 d_h=0 eval_acc=None active=0.004288736979166667
[2026-06-29T02:04:04] step=1500/20000 loss=1.81055 d_h=0 eval_acc=None active=0.004239908854166667
[2026-06-29T02:04:49] step=1600/20000 loss=1.74658 d_h=0.488281 eval_acc=None active=0.004496256510416667
[2026-06-29T02:05:33] step=1700/20000 loss=1.65137 d_h=0 eval_acc=None active=0.004488118489583333
[2026-06-29T02:06:18] step=1800/20000 loss=1.83594 d_h=-0.976562 eval_acc=None active=0.004130045572916667
[2026-06-29T02:07:03] step=1900/20000 loss=1.71045 d_h=0.488281 eval_acc=None active=0.004280598958333334
[2026-06-29T02:07:51] step=2000/20000 loss=1.59033 d_h=0.488281 eval_acc=0.2216117216117216 active=0.004313151041666667
[2026-06-29T02:08:36] step=2100/20000 loss=1.70508 d_h=-0.976562 eval_acc=None active=0.004300944010416667
[2026-06-29T02:09:20] step=2200/20000 loss=1.71289 d_h=0.976562 eval_acc=None active=0.0044514973958333336
[2026-06-29T02:10:05] step=2300/20000 loss=1.77637 d_h=-0.976562 eval_acc=None active=0.00423583984375
[2026-06-29T02:10:49] step=2400/20000 loss=1.71484 d_h=0 eval_acc=None active=0.00411376953125
[2026-06-29T02:11:34] step=2500/20000 loss=1.6626 d_h=0.488281 eval_acc=None active=0.004288736979166667
[2026-06-29T02:12:18] step=2600/20000 loss=1.80713 d_h=-0.488281 eval_acc=None active=0.003959147135416666
[2026-06-29T02:13:03] step=2700/20000 loss=1.7251 d_h=0.488281 eval_acc=None active=0.004158528645833334
[2026-06-29T02:13:47] step=2800/20000 loss=1.64844 d_h=-0.976562 eval_acc=None active=0.0040852864583333336
[2026-06-29T02:14:32] step=2900/20000 loss=1.64795 d_h=0.488281 eval_acc=None active=0.0038370768229166667
[2026-06-29T02:15:20] step=3000/20000 loss=1.67188 d_h=0 eval_acc=0.24358974358974358 active=0.004020182291666666
[2026-06-29T02:16:05] step=3100/20000 loss=1.70312 d_h=-0.976562 eval_acc=None active=0.0036865234375
[2026-06-29T02:16:49] step=3200/20000 loss=1.63525 d_h=-0.488281 eval_acc=None active=0.004056803385416667
[2026-06-29T02:17:34] step=3300/20000 loss=1.66455 d_h=0.488281 eval_acc=None active=0.003902180989583333
[2026-06-29T02:18:18] step=3400/20000 loss=1.58105 d_h=-0.976562 eval_acc=None active=0.0038655598958333335
[2026-06-29T02:19:03] step=3500/20000 loss=1.60742 d_h=0 eval_acc=None active=0.0039306640625
[2026-06-29T02:19:47] step=3600/20000 loss=1.58008 d_h=-0.976562 eval_acc=None active=0.003662109375
[2026-06-29T02:20:32] step=3700/20000 loss=1.60693 d_h=-0.488281 eval_acc=None active=0.0035888671875
[2026-06-29T02:21:16] step=3800/20000 loss=1.61621 d_h=-0.976562 eval_acc=None active=0.003922526041666667
[2026-06-29T02:22:01] step=3900/20000 loss=1.6333 d_h=0.488281 eval_acc=None active=0.00355224609375
[2026-06-29T02:22:49] step=4000/20000 loss=1.76611 d_h=-0.488281 eval_acc=0.25824175824175827 active=0.0035319010416666667
[2026-06-29T02:23:34] step=4100/20000 loss=1.64258 d_h=0 eval_acc=None active=0.0036376953125
[2026-06-29T02:24:18] step=4200/20000 loss=1.63867 d_h=0 eval_acc=None active=0.0037394205729166666
[2026-06-29T02:25:03] step=4300/20000 loss=1.521 d_h=0.488281 eval_acc=None active=0.0038330078125
[2026-06-29T02:25:47] step=4400/20000 loss=1.7168 d_h=0 eval_acc=None active=0.0036865234375
[2026-06-29T02:26:32] step=4500/20000 loss=1.6333 d_h=-0.488281 eval_acc=None active=0.00343017578125
[2026-06-29T02:27:16] step=4600/20000 loss=1.59033 d_h=1.46484 eval_acc=None active=0.0036824544270833335
[2026-06-29T02:28:01] step=4700/20000 loss=1.65527 d_h=-0.976562 eval_acc=None active=0.00323486328125
[2026-06-29T02:28:45] step=4800/20000 loss=1.77832 d_h=0 eval_acc=None active=0.0037109375
[2026-06-29T02:29:30] step=4900/20000 loss=1.79199 d_h=0 eval_acc=None active=0.00350341796875
[2026-06-29T02:30:15] step=5000/20000 loss=1.75342 d_h=-1.46484 eval_acc=0.2271062271062271 active=0.0033650716145833333
[2026-06-29T02:31:00] step=5100/20000 loss=1.67432 d_h=0.488281 eval_acc=None active=0.00328369140625
[2026-06-29T02:31:45] step=5200/20000 loss=1.72217 d_h=-0.488281 eval_acc=None active=0.0031534830729166665
[2026-06-29T02:32:29] step=5300/20000 loss=1.72119 d_h=2.44141 eval_acc=None active=0.0033772786458333335
[2026-06-29T02:33:13] step=5400/20000 loss=1.76172 d_h=-1.95312 eval_acc=None active=0.0031534830729166665
[2026-06-29T02:33:58] step=5500/20000 loss=1.74707 d_h=1.95312 eval_acc=None active=0.00323486328125
[2026-06-29T02:34:42] step=5600/20000 loss=1.77344 d_h=-1.95312 eval_acc=None active=0.002978515625
[2026-06-29T02:35:27] step=5700/20000 loss=1.80029 d_h=1.46484 eval_acc=None active=0.003177897135416667
[2026-06-29T02:36:11] step=5800/20000 loss=1.76611 d_h=-4.39453 eval_acc=None active=0.0027994791666666667
[2026-06-29T02:36:56] step=5900/20000 loss=1.76123 d_h=8.30078 eval_acc=None active=0.0024658203125
[2026-06-29T02:37:41] step=6000/20000 loss=1.83887 d_h=4.88281 eval_acc=0.20512820512820512 active=0.002559407552083333
[2026-06-29T02:38:26] step=6100/20000 loss=1.74951 d_h=0.488281 eval_acc=None active=0.0021809895833333334
[2026-06-29T02:39:11] step=6200/20000 loss=1.74854 d_h=-2.44141 eval_acc=None active=0.00211181640625
[2026-06-29T02:39:55] step=6300/20000 loss=1.75391 d_h=0 eval_acc=None active=0.0021687825520833332
[2026-06-29T02:40:39] step=6400/20000 loss=1.69775 d_h=-0.488281 eval_acc=None active=0.002079264322916667
[2026-06-29T02:41:24] step=6500/20000 loss=1.84912 d_h=-2.44141 eval_acc=None active=0.00196533203125
[2026-06-29T02:42:08] step=6600/20000 loss=1.63818 d_h=-0.488281 eval_acc=None active=0.0018717447916666667
[2026-06-29T02:42:53] step=6700/20000 loss=1.771 d_h=0.488281 eval_acc=None active=0.0021525065104166666
[2026-06-29T02:43:37] step=6800/20000 loss=1.68457 d_h=-0.976562 eval_acc=None active=0.00196533203125
[2026-06-29T02:44:22] step=6900/20000 loss=1.83984 d_h=0 eval_acc=None active=0.0019612630208333333
[2026-06-29T02:45:07] step=7000/20000 loss=1.75977 d_h=0 eval_acc=0.22893772893772893 active=0.002018229166666667
[2026-06-29T02:45:52] step=7100/20000 loss=1.7002 d_h=0 eval_acc=None active=0.0020589192708333334
[2026-06-29T02:46:36] step=7200/20000 loss=1.76074 d_h=1.95312 eval_acc=None active=0.0020426432291666668
[2026-06-29T02:47:21] step=7300/20000 loss=1.73047 d_h=0 eval_acc=None active=0.0022908528645833332
[2026-06-29T02:48:05] step=7400/20000 loss=1.68555 d_h=0.976562 eval_acc=None active=0.00191650390625
[2026-06-29T02:48:50] step=7500/20000 loss=1.71191 d_h=1.95312 eval_acc=None active=0.002010091145833333
[2026-06-29T02:49:34] step=7600/20000 loss=1.77148 d_h=2.92969 eval_acc=None active=0.00194091796875
[2026-06-29T02:50:19] step=7700/20000 loss=1.70801 d_h=0.976562 eval_acc=None active=0.0019612630208333333
[2026-06-29T02:51:03] step=7800/20000 loss=1.68457 d_h=-0.976562 eval_acc=None active=0.0018147786458333334
[2026-06-29T02:51:48] step=7900/20000 loss=1.7417 d_h=-1.46484 eval_acc=None active=0.001806640625
[2026-06-29T02:52:33] step=8000/20000 loss=1.65234 d_h=-0.976562 eval_acc=0.22893772893772893 active=0.0019083658854166666
[2026-06-29T02:53:18] step=8100/20000 loss=1.71045 d_h=1.46484 eval_acc=None active=0.00159912109375
[2026-06-29T02:54:02] step=8200/20000 loss=1.72119 d_h=0.488281 eval_acc=None active=0.0017985026041666666
[2026-06-29T02:54:47] step=8300/20000 loss=1.69922 d_h=-1.95312 eval_acc=None active=0.0018636067708333334
[2026-06-29T02:55:31] step=8400/20000 loss=1.66797 d_h=0 eval_acc=None active=0.0017008463541666667
[2026-06-29T02:56:16] step=8500/20000 loss=1.68262 d_h=0 eval_acc=None active=0.0018310546875
[2026-06-29T02:57:00] step=8600/20000 loss=1.69629 d_h=2.92969 eval_acc=None active=0.00172119140625
[2026-06-29T02:57:45] step=8700/20000 loss=1.64844 d_h=0.976562 eval_acc=None active=0.0019327799479166667
[2026-06-29T02:58:30] step=8800/20000 loss=1.66699 d_h=-1.95312 eval_acc=None active=0.0018351236979166667
[2026-06-29T02:59:14] step=8900/20000 loss=1.74854 d_h=-4.39453 eval_acc=None active=0.0020751953125
[2026-06-29T03:00:00] step=9000/20000 loss=1.7251 d_h=4.39453 eval_acc=0.22893772893772893 active=0.00184326171875
[2026-06-29T03:00:44] step=9100/20000 loss=1.75537 d_h=2.44141 eval_acc=None active=0.00166015625
[2026-06-29T03:01:29] step=9200/20000 loss=1.78613 d_h=-4.88281 eval_acc=None active=0.0020548502604166665
[2026-06-29T03:02:13] step=9300/20000 loss=1.72021 d_h=-8.30078 eval_acc=None active=0.0013834635416666667
[2026-06-29T03:02:58] step=9400/20000 loss=1.65723 d_h=-0.976562 eval_acc=None active=0.0015096028645833334
[2026-06-29T03:03:42] step=9500/20000 loss=1.81738 d_h=2.92969 eval_acc=None active=0.0014485677083333334
[2026-06-29T03:04:27] step=9600/20000 loss=1.66309 d_h=-1.95312 eval_acc=None active=0.00150146484375
[2026-06-29T03:05:11] step=9700/20000 loss=1.69824 d_h=0 eval_acc=None active=0.0014444986979166667
[2026-06-29T03:05:56] step=9800/20000 loss=1.7876 d_h=-2.44141 eval_acc=None active=0.0016072591145833333
[2026-06-29T03:06:40] step=9900/20000 loss=1.86914 d_h=0 eval_acc=None active=0.0017740885416666667
[2026-06-29T03:07:26] step=10000/20000 loss=1.70117 d_h=-0.976562 eval_acc=0.19413919413919414 active=0.0014729817708333333
[2026-06-29T03:08:10] step=10100/20000 loss=1.79736 d_h=-0.488281 eval_acc=None active=0.0017252604166666666
[2026-06-29T03:08:55] step=10200/20000 loss=1.68604 d_h=-1.46484 eval_acc=None active=0.00140380859375
[2026-06-29T03:09:39] step=10300/20000 loss=1.7417 d_h=-2.44141 eval_acc=None active=0.0015177408854166667
[2026-06-29T03:10:24] step=10400/20000 loss=1.84033 d_h=1.46484 eval_acc=None active=0.0014933268229166666
[2026-06-29T03:11:08] step=10500/20000 loss=1.79736 d_h=-3.41797 eval_acc=None active=0.0015787760416666667
[2026-06-29T03:11:53] step=10600/20000 loss=1.75977 d_h=1.95312 eval_acc=None active=0.00166015625
[2026-06-29T03:12:37] step=10700/20000 loss=1.74023 d_h=0 eval_acc=None active=0.0014973958333333334
[2026-06-29T03:13:22] step=10800/20000 loss=1.729 d_h=0.488281 eval_acc=None active=0.001513671875
[2026-06-29T03:14:06] step=10900/20000 loss=1.7959 d_h=1.95312 eval_acc=None active=0.0013997395833333333
[2026-06-29T03:14:52] step=11000/20000 loss=1.78027 d_h=6.83594 eval_acc=0.22893772893772893 active=0.0014485677083333334
[2026-06-29T03:15:36] step=11100/20000 loss=1.72217 d_h=-5.37109 eval_acc=None active=0.0015625
[2026-06-29T03:16:21] step=11200/20000 loss=1.7876 d_h=2.44141 eval_acc=None active=0.0015421549479166666
[2026-06-29T03:17:05] step=11300/20000 loss=1.88867 d_h=0.976562 eval_acc=None active=0.0014607747395833333
[2026-06-29T03:17:50] step=11400/20000 loss=1.71826 d_h=-2.44141 eval_acc=None active=0.0013264973958333334
[2026-06-29T03:18:34] step=11500/20000 loss=1.6123 d_h=0 eval_acc=None active=0.0013264973958333334
[2026-06-29T03:19:19] step=11600/20000 loss=1.73828 d_h=-0.976562 eval_acc=None active=0.00135498046875
[2026-06-29T03:20:03] step=11700/20000 loss=1.72656 d_h=0.976562 eval_acc=None active=0.0014241536458333333
[2026-06-29T03:20:48] step=11800/20000 loss=1.79248 d_h=7.32422 eval_acc=None active=0.0012491861979166666
[2026-06-29T03:21:32] step=11900/20000 loss=1.72217 d_h=2.44141 eval_acc=None active=0.0014485677083333334
[2026-06-29T03:22:18] step=12000/20000 loss=1.66162 d_h=0.488281 eval_acc=0.22893772893772893 active=0.0013712565104166666
[2026-06-29T03:23:02] step=12100/20000 loss=1.63379 d_h=0.976562 eval_acc=None active=0.0014729817708333333
[2026-06-29T03:23:47] step=12200/20000 loss=1.78711 d_h=6.83594 eval_acc=None active=0.0013712565104166666
[2026-06-29T03:24:31] step=12300/20000 loss=1.70898 d_h=1.95312 eval_acc=None active=0.00140380859375
[2026-06-29T03:25:16] step=12400/20000 loss=1.68945 d_h=1.95312 eval_acc=None active=0.00150146484375
[2026-06-29T03:26:00] step=12500/20000 loss=1.67529 d_h=-2.44141 eval_acc=None active=0.0013264973958333334
[2026-06-29T03:26:45] step=12600/20000 loss=1.63965 d_h=3.90625 eval_acc=None active=0.0013671875
[2026-06-29T03:27:29] step=12700/20000 loss=1.69189 d_h=-1.46484 eval_acc=None active=0.0014078776041666667
[2026-06-29T03:28:14] step=12800/20000 loss=1.71924 d_h=2.44141 eval_acc=None active=0.0013956705729166667
[2026-06-29T03:28:58] step=12900/20000 loss=1.771 d_h=-7.32422 eval_acc=None active=0.001318359375
[2026-06-29T03:29:43] step=13000/20000 loss=1.74902 d_h=-0.976562 eval_acc=0.22893772893772893 active=0.0013387044270833333
[2026-06-29T03:30:28] step=13100/20000 loss=1.70605 d_h=-1.95312 eval_acc=None active=0.0013387044270833333
[2026-06-29T03:31:13] step=13200/20000 loss=1.81836 d_h=4.88281 eval_acc=None active=0.0012166341145833333
[2026-06-29T03:31:57] step=13300/20000 loss=1.84375 d_h=4.88281 eval_acc=None active=0.0013387044270833333
[2026-06-29T03:32:42] step=13400/20000 loss=1.72656 d_h=-31.25 eval_acc=None active=0.0013916015625
[2026-06-29T03:33:26] step=13500/20000 loss=1.8999 d_h=-6.34766 eval_acc=None active=0.0012166341145833333
[2026-06-29T03:34:10] step=13600/20000 loss=1.77832 d_h=0 eval_acc=None active=0.00111083984375
[2026-06-29T03:34:55] step=13700/20000 loss=2.00098 d_h=-0.976562 eval_acc=None active=0.0009358723958333334
[2026-06-29T03:35:39] step=13800/20000 loss=1.99463 d_h=-38.5742 eval_acc=None active=0.00079345703125
[2026-06-29T03:36:24] step=13900/20000 loss=1.94189 d_h=-9.27734 eval_acc=None active=0.0008504231770833333
[2026-06-29T03:37:09] step=14000/20000 loss=1.98242 d_h=13.6719 eval_acc=0.16483516483516483 active=0.0007731119791666666
[2026-06-29T03:37:54] step=14100/20000 loss=2.03809 d_h=-41.9922 eval_acc=None active=0.0005900065104166666
[2026-06-29T03:38:38] step=14200/20000 loss=2.19922 d_h=-46.875 eval_acc=None active=0.00052490234375
[2026-06-29T03:39:23] step=14300/20000 loss=1.94531 d_h=25.3906 eval_acc=None active=0.0004150390625
[2026-06-29T03:40:07] step=14400/20000 loss=1.98389 d_h=23.9258 eval_acc=None active=0.000439453125
[2026-06-29T03:40:52] step=14500/20000 loss=2.01611 d_h=-22.9492 eval_acc=None active=0.0004557291666666667
[2026-06-29T03:41:36] step=14600/20000 loss=1.89453 d_h=44.9219 eval_acc=None active=0.00037841796875
[2026-06-29T03:42:21] step=14700/20000 loss=2.16406 d_h=27.3438 eval_acc=None active=0.00041097005208333334
[2026-06-29T03:43:05] step=14800/20000 loss=2.06348 d_h=-6.83594 eval_acc=None active=0.0003458658854166667
[2026-06-29T03:43:50] step=14900/20000 loss=2.0127 d_h=-20.5078 eval_acc=None active=0.0002848307291666667
[2026-06-29T03:44:35] step=15000/20000 loss=2.11426 d_h=2.92969 eval_acc=0.19230769230769232 active=0.00029703776041666664
[2026-06-29T03:45:20] step=15100/20000 loss=1.94238 d_h=-2.92969 eval_acc=None active=0.00028889973958333334
[2026-06-29T03:46:05] step=15200/20000 loss=1.97119 d_h=-17.0898 eval_acc=None active=0.0003946940104166667
[2026-06-29T03:46:49] step=15300/20000 loss=1.9668 d_h=-48.8281 eval_acc=None active=0.0003255208333333333
[2026-06-29T03:47:33] step=15400/20000 loss=1.86084 d_h=-31.7383 eval_acc=None active=0.000341796875
[2026-06-29T03:48:18] step=15500/20000 loss=1.86377 d_h=11.2305 eval_acc=None active=0.00029296875
[2026-06-29T03:49:03] step=15600/20000 loss=1.89502 d_h=-39.5508 eval_acc=None active=0.00037027994791666665
[2026-06-29T03:49:47] step=15700/20000 loss=1.90576 d_h=-26.8555 eval_acc=None active=0.00025227864583333336
[2026-06-29T03:50:32] step=15800/20000 loss=1.88721 d_h=2.44141 eval_acc=None active=0.000244140625
[2026-06-29T03:51:16] step=15900/20000 loss=1.95898 d_h=-2.92969 eval_acc=None active=0.00021565755208333333
[2026-06-29T03:52:01] step=16000/20000 loss=1.98926 d_h=-8.78906 eval_acc=0.20512820512820512 active=0.00022786458333333334
[2026-06-29T03:52:46] step=16100/20000 loss=1.9248 d_h=6.83594 eval_acc=None active=0.00021565755208333333
[2026-06-29T03:53:31] step=16200/20000 loss=2.0083 d_h=11.2305 eval_acc=None active=0.0001708984375
[2026-06-29T03:54:15] step=16300/20000 loss=2.00684 d_h=43.9453 eval_acc=None active=0.00028889973958333334
[2026-06-29T03:55:00] step=16400/20000 loss=2.00391 d_h=-1.95312 eval_acc=None active=0.00023600260416666667
[2026-06-29T03:55:44] step=16500/20000 loss=1.88721 d_h=9.27734 eval_acc=None active=0.00020751953125
[2026-06-29T03:56:29] step=16600/20000 loss=1.87598 d_h=3.90625 eval_acc=None active=0.00021158854166666667
[2026-06-29T03:57:13] step=16700/20000 loss=1.75488 d_h=37.1094 eval_acc=None active=0.0002197265625
[2026-06-29T03:57:58] step=16800/20000 loss=1.85596 d_h=-36.6211 eval_acc=None active=0.00020345052083333334
[2026-06-29T03:58:42] step=16900/20000 loss=1.96338 d_h=-24.9023 eval_acc=None active=0.00023193359375
[2026-06-29T03:59:28] step=17000/20000 loss=1.88184 d_h=48.8281 eval_acc=0.2032967032967033 active=0.0001953125
[2026-06-29T04:00:12] step=17100/20000 loss=1.97021 d_h=47.3633 eval_acc=None active=0.00024007161458333332
[2026-06-29T04:00:57] step=17200/20000 loss=1.80371 d_h=70.3125 eval_acc=None active=0.00019938151041666666
[2026-06-29T04:01:41] step=17300/20000 loss=1.91748 d_h=-46.3867 eval_acc=None active=0.00020345052083333334
[2026-06-29T04:02:26] step=17400/20000 loss=1.90967 d_h=-19.043 eval_acc=None active=0.00022379557291666666
[2026-06-29T04:03:10] step=17500/20000 loss=1.78662 d_h=20.9961 eval_acc=None active=0.00019124348958333333
[2026-06-29T04:03:55] step=17600/20000 loss=1.85938 d_h=-25.3906 eval_acc=None active=0.0002644856770833333
[2026-06-29T04:04:39] step=17700/20000 loss=1.99121 d_h=51.7578 eval_acc=None active=0.000146484375
[2026-06-29T04:05:24] step=17800/20000 loss=1.81885 d_h=-20.9961 eval_acc=None active=0.000244140625
[2026-06-29T04:06:08] step=17900/20000 loss=1.90088 d_h=-7.32422 eval_acc=None active=0.00016276041666666666
[2026-06-29T04:06:54] step=18000/20000 loss=1.8208 d_h=-23.9258 eval_acc=0.21428571428571427 active=0.00021565755208333333
[2026-06-29T04:07:38] step=18100/20000 loss=1.87012 d_h=-46.875 eval_acc=None active=0.00013834635416666666
[2026-06-29T04:08:23] step=18200/20000 loss=2.08887 d_h=59.5703 eval_acc=None active=0.00022786458333333334
[2026-06-29T04:09:07] step=18300/20000 loss=1.98682 d_h=-20.9961 eval_acc=None active=0.00017496744791666667
[2026-06-29T04:09:52] step=18400/20000 loss=1.94629 d_h=27.3438 eval_acc=None active=0.00013834635416666666
[2026-06-29T04:10:36] step=18500/20000 loss=1.81885 d_h=-28.8086 eval_acc=None active=0.00021158854166666667
[2026-06-29T04:11:21] step=18600/20000 loss=1.91699 d_h=66.4062 eval_acc=None active=0.00013427734375
[2026-06-29T04:12:05] step=18700/20000 loss=1.85498 d_h=-43.457 eval_acc=None active=0.00015055338541666667
[2026-06-29T04:12:50] step=18800/20000 loss=1.85986 d_h=7.32422 eval_acc=None active=0.0001953125
[2026-06-29T04:13:34] step=18900/20000 loss=1.83936 d_h=-9.27734 eval_acc=None active=0.00015462239583333333
[2026-06-29T04:14:20] step=19000/20000 loss=1.78906 d_h=-59.5703 eval_acc=0.20512820512820512 active=0.0002197265625
[2026-06-29T04:15:04] step=19100/20000 loss=1.87695 d_h=-1.95312 eval_acc=None active=0.00017903645833333332
[2026-06-29T04:15:49] step=19200/20000 loss=1.79199 d_h=56.6406 eval_acc=None active=0.00016276041666666666
[2026-06-29T04:16:33] step=19300/20000 loss=1.86719 d_h=-13.6719 eval_acc=None active=0.0001708984375
[2026-06-29T04:17:18] step=19400/20000 loss=1.81299 d_h=-36.6211 eval_acc=None active=0.00017496744791666667
[2026-06-29T04:18:02] step=19500/20000 loss=1.91553 d_h=-36.6211 eval_acc=None active=0.00015869140625
[2026-06-29T04:18:47] step=19600/20000 loss=1.83789 d_h=-31.25 eval_acc=None active=0.00014241536458333334
[2026-06-29T04:19:31] step=19700/20000 loss=1.85352 d_h=-2.92969 eval_acc=None active=0.00015055338541666667
[2026-06-29T04:20:16] step=19800/20000 loss=1.74219 d_h=7.8125 eval_acc=None active=0.00017903645833333332
[2026-06-29T04:21:00] step=19900/20000 loss=1.84668 d_h=-6.83594 eval_acc=None active=0.00021565755208333333
[2026-06-29T04:21:46] step=20000/20000 loss=1.82764 d_h=2.44141 eval_acc=0.21978021978021978 active=0.000146484375
[2026-06-29T04:21:46] finished int4_prefix_quantized_seedfixed_trec_mezo_default_h1e-3_seed64_full_bs64_step20k status=complete steps=20000
RobertaConfig {
  "_attn_implementation_autoset": true,
  "architectures": [
    "RobertaForMaskedLM"
  ],
  "attention_probs_dropout_prob": 0.1,
  "bos_token_id": 0,
  "classifier_dropout": null,
  "eos_token_id": 2,
  "finetuning_task": "rte",
  "hidden_act": "gelu",
  "hidden_dropout_prob": 0.1,
  "hidden_size": 1024,
  "initializer_range": 0.02,
  "intermediate_size": 4096,
  "layer_norm_eps": 1e-05,
  "max_position_embeddings": 514,
  "model_type": "roberta",
  "num_attention_heads": 16,
  "num_hidden_layers": 24,
  "pad_token_id": 1,
  "position_embedding_type": "absolute",
  "torch_dtype": "float32",
  "transformers_version": "4.51.3",
  "type_vocab_size": 1,
  "use_cache": true,
  "vocab_size": 50265
}

[2026-06-29T04:21:48] starting int4_sparsep0p1_taskgrad_seedfixed_rte_mezo_default_h1e-3_seed64_full_bs64_step20k
[2026-06-29T04:21:51] sparse mask strategy=task_grad_static p=0.1 source=static_task_gradient_square_before_zo_training hash=1548c5df8d8d selection=global_topk_grad_square_linear_weight active_all=0.0872121 active_quantized_linear=0.100059
[2026-06-29T04:21:52] step=1/20000 loss=0.73291 d_h=-19.5312 eval_acc=None active=0.011804704442266875
[2026-06-29T04:22:36] step=100/20000 loss=0.715576 d_h=21.2402 eval_acc=None active=0.011804704442266875
[2026-06-29T04:23:20] step=200/20000 loss=0.703857 d_h=0.244141 eval_acc=None active=0.011805618492189548
[2026-06-29T04:24:05] step=300/20000 loss=0.708984 d_h=-11.7188 eval_acc=None active=0.011810863732515041
[2026-06-29T04:24:49] step=400/20000 loss=0.737061 d_h=22.7051 eval_acc=None active=0.011814041813784643
[2026-06-29T04:25:33] step=500/20000 loss=0.69873 d_h=-3.90625 eval_acc=None active=0.011808093458134016
[2026-06-29T04:26:17] step=600/20000 loss=0.667725 d_h=5.61523 eval_acc=None active=0.011811592159991878
[2026-06-29T04:27:02] step=700/20000 loss=0.693848 d_h=4.88281 eval_acc=None active=0.011816916149233787
[2026-06-29T04:27:46] step=800/20000 loss=0.702393 d_h=-12.9395 eval_acc=None active=0.011816364906818881
[2026-06-29T04:28:30] step=900/20000 loss=0.89502 d_h=-83.9844 eval_acc=None active=0.01180447382044023
[2026-06-29T04:29:23] step=1000/20000 loss=0.702637 d_h=14.1602 eval_acc=0.5421686746987951 active=0.011807708150935844
[2026-06-29T04:30:07] step=1100/20000 loss=0.718018 d_h=-3.66211 eval_acc=None active=0.011811353100781333
[2026-06-29T04:30:52] step=1200/20000 loss=0.716797 d_h=-10.2539 eval_acc=None active=0.011814086813165451
[2026-06-29T04:31:36] step=1300/20000 loss=0.705322 d_h=-4.15039 eval_acc=None active=0.01181414024993016
[2026-06-29T04:32:20] step=1400/20000 loss=0.700195 d_h=-11.2305 eval_acc=None active=0.011810289990409732
[2026-06-29T04:33:04] step=1500/20000 loss=0.718506 d_h=-13.4277 eval_acc=None active=0.011803745392963394
[2026-06-29T04:33:48] step=1600/20000 loss=0.701416 d_h=12.4512 eval_acc=None active=0.011801970729882757
[2026-06-29T04:34:33] step=1700/20000 loss=0.694824 d_h=-11.7188 eval_acc=None active=0.011805011000548633
[2026-06-29T04:35:17] step=1800/20000 loss=0.489502 d_h=-90.5762 eval_acc=None active=0.011806805350858372
[2026-06-29T04:36:01] step=1900/20000 loss=0.697266 d_h=-15.1367 eval_acc=None active=0.011806827850548776
[2026-06-29T04:36:48] step=2000/20000 loss=0.672607 d_h=0.732422 eval_acc=0.5341365461847389 active=0.011815082424465839
[2026-06-29T04:37:32] step=2100/20000 loss=0.693848 d_h=1.95312 eval_acc=None active=0.011805671928954257
[2026-06-29T04:38:16] step=2200/20000 loss=0.685059 d_h=-6.34766 eval_acc=None active=0.011812984328335642
[2026-06-29T04:39:00] step=2300/20000 loss=0.743896 d_h=32.4707 eval_acc=None active=0.011809721873227024
[2026-06-29T04:39:45] step=2400/20000 loss=0.683105 d_h=2.92969 eval_acc=None active=0.011807359405734578
[2026-06-29T04:40:29] step=2500/20000 loss=0.73584 d_h=62.9883 eval_acc=None active=0.011808388766570572
[2026-06-29T04:41:13] step=2600/20000 loss=0.716553 d_h=-10.0098 eval_acc=None active=0.01180451881982104
[2026-06-29T04:41:57] step=2700/20000 loss=0.599854 d_h=0.244141 eval_acc=None active=0.011801785107436921
[2026-06-29T04:42:42] step=2800/20000 loss=0.708252 d_h=-28.5645 eval_acc=None active=0.01180648191780881
[2026-06-29T04:43:26] step=2900/20000 loss=0.685059 d_h=2.44141 eval_acc=None active=0.01179966169915502
[2026-06-29T04:44:12] step=3000/20000 loss=0.670166 d_h=-3.17383 eval_acc=0.4939759036144578 active=0.011805300684062587
[2026-06-29T04:44:57] step=3100/20000 loss=0.673096 d_h=-0.732422 eval_acc=None active=0.011805812552019285
[2026-06-29T04:45:41] step=3200/20000 loss=0.739746 d_h=18.5547 eval_acc=None active=0.01180151511115207
[2026-06-29T04:46:25] step=3300/20000 loss=0.713379 d_h=-8.78906 eval_acc=None active=0.011804949126400021
[2026-06-29T04:47:09] step=3400/20000 loss=0.700684 d_h=0.488281 eval_acc=None active=0.011798809523380959
[2026-06-29T04:47:54] step=3500/20000 loss=0.712891 d_h=29.7852 eval_acc=None active=0.01180605442369113
[2026-06-29T04:48:38] step=3600/20000 loss=0.613647 d_h=242.798 eval_acc=None active=0.011805880051090498
[2026-06-29T04:49:22] step=3700/20000 loss=0.672119 d_h=-5.61523 eval_acc=None active=0.011800466063086972
[2026-06-29T04:50:06] step=3800/20000 loss=0.700684 d_h=-7.32422 eval_acc=None active=0.011811533098304567
[2026-06-29T04:50:51] step=3900/20000 loss=0.673828 d_h=-5.85938 eval_acc=None active=0.011807764400161853
[2026-06-29T04:51:43] step=4000/20000 loss=0.70752 d_h=-29.2969 eval_acc=0.5742971887550201 active=0.011806301920285577
[2026-06-29T04:52:27] step=4100/20000 loss=0.667236 d_h=0.732422 eval_acc=None active=0.011796475180501515
[2026-06-29T04:53:12] step=4200/20000 loss=0.712891 d_h=8.78906 eval_acc=None active=0.011795727065795574
[2026-06-29T04:53:56] step=4300/20000 loss=0.679443 d_h=7.56836 eval_acc=None active=0.01179977138514574
[2026-06-29T04:54:40] step=4400/20000 loss=0.686279 d_h=13.4277 eval_acc=None active=0.011800004819433685
[2026-06-29T04:55:24] step=4500/20000 loss=0.509033 d_h=-28.0762 eval_acc=None active=0.0117985029650992
[2026-06-29T04:56:08] step=4600/20000 loss=0.71167 d_h=-35.4004 eval_acc=None active=0.011800339502328448
[2026-06-29T04:56:53] step=4700/20000 loss=0.699951 d_h=-12.4512 eval_acc=None active=0.011800806370904336
[2026-06-29T04:57:37] step=4800/20000 loss=0.675293 d_h=-7.8125 eval_acc=None active=0.011793198663086396
[2026-06-29T04:58:21] step=4900/20000 loss=0.682129 d_h=11.2305 eval_acc=None active=0.011795344571058703
[2026-06-29T04:59:08] step=5000/20000 loss=0.674316 d_h=13.1836 eval_acc=0.5261044176706827 active=0.011800916056895058
[2026-06-29T04:59:52] step=5100/20000 loss=0.691406 d_h=3.90625 eval_acc=None active=0.011796278308210478
[2026-06-29T05:00:36] step=5200/20000 loss=0.735107 d_h=40.7715 eval_acc=None active=0.011798834835532663
[2026-06-29T05:01:20] step=5300/20000 loss=0.7146 d_h=-11.4746 eval_acc=None active=0.011799791072374844
[2026-06-29T05:02:05] step=5400/20000 loss=0.646484 d_h=68.3594 eval_acc=None active=0.01179950701378349
[2026-06-29T05:02:49] step=5500/20000 loss=0.70874 d_h=10.0098 eval_acc=None active=0.011791348063550646
[2026-06-29T05:03:33] step=5600/20000 loss=0.711914 d_h=2.92969 eval_acc=None active=0.01179543175735902
[2026-06-29T05:04:18] step=5700/20000 loss=0.663086 d_h=0.488281 eval_acc=None active=0.01179063369838031
[2026-06-29T05:05:02] step=5800/20000 loss=0.743408 d_h=-39.3066 eval_acc=None active=0.01180204385387657
[2026-06-29T05:05:46] step=5900/20000 loss=0.695557 d_h=-3.17383 eval_acc=None active=0.011799270767034246
[2026-06-29T05:06:40] step=6000/20000 loss=0.705566 d_h=-3.90625 eval_acc=0.6224899598393574 active=0.01179221430163121
[2026-06-29T05:07:25] step=6100/20000 loss=0.680908 d_h=-4.15039 eval_acc=None active=0.011796489242808019
[2026-06-29T05:08:09] step=6200/20000 loss=0.660889 d_h=0.732422 eval_acc=None active=0.011792287425625023
[2026-06-29T05:08:53] step=6300/20000 loss=0.727051 d_h=-128.418 eval_acc=None active=0.01179707142229723
[2026-06-29T05:09:38] step=6400/20000 loss=0.727295 d_h=47.6074 eval_acc=None active=0.011789238717575246
[2026-06-29T05:10:22] step=6500/20000 loss=0.755615 d_h=-35.8887 eval_acc=None active=0.011786845313008493
[2026-06-29T05:11:06] step=6600/20000 loss=0.684326 d_h=6.5918 eval_acc=None active=0.011794402396523023
[2026-06-29T05:11:50] step=6700/20000 loss=0.688232 d_h=-0.244141 eval_acc=None active=0.01179844952833449
[2026-06-29T05:12:35] step=6800/20000 loss=0.687744 d_h=-1.2207 eval_acc=None active=0.011799852946523456
[2026-06-29T05:13:19] step=6900/20000 loss=0.683105 d_h=49.8047 eval_acc=None active=0.011801700733597906
[2026-06-29T05:14:09] step=7000/20000 loss=0.707275 d_h=-24.6582 eval_acc=0.5983935742971888 active=0.011800041381430591
[2026-06-29T05:14:53] step=7100/20000 loss=0.706787 d_h=9.0332 eval_acc=None active=0.011803056339944763
[2026-06-29T05:15:37] step=7200/20000 loss=0.810303 d_h=73.9746 eval_acc=None active=0.011801593860068486
[2026-06-29T05:16:22] step=7300/20000 loss=0.673828 d_h=-4.39453 eval_acc=None active=0.011797116421678038
[2026-06-29T05:17:06] step=7400/20000 loss=0.685303 d_h=31.4941 eval_acc=None active=0.0117974426671889
[2026-06-29T05:17:50] step=7500/20000 loss=0.672119 d_h=-5.12695 eval_acc=None active=0.011797805474696669
[2026-06-29T05:18:34] step=7600/20000 loss=0.688965 d_h=5.37109 eval_acc=None active=0.011793018665563162
[2026-06-29T05:19:19] step=7700/20000 loss=0.681396 d_h=4.15039 eval_acc=None active=0.011801911668195445
[2026-06-29T05:20:03] step=7800/20000 loss=0.673828 d_h=-2.92969 eval_acc=None active=0.011800255128489432
[2026-06-29T05:20:47] step=7900/20000 loss=0.726318 d_h=-36.8652 eval_acc=None active=0.011795476756739828
[2026-06-29T05:21:36] step=8000/20000 loss=0.717285 d_h=-47.8516 eval_acc=0.5863453815261044 active=0.011800851370285146
[2026-06-29T05:22:21] step=8100/20000 loss=0.378906 d_h=-7.32422 eval_acc=None active=0.011792939916646747
[2026-06-29T05:23:05] step=8200/20000 loss=0.689697 d_h=1.70898 eval_acc=None active=0.011795822689479792
[2026-06-29T05:23:49] step=8300/20000 loss=0.733887 d_h=50.293 eval_acc=None active=0.011796801426012377
[2026-06-29T05:24:33] step=8400/20000 loss=0.686279 d_h=-6.5918 eval_acc=None active=0.011790923381894265
[2026-06-29T05:25:18] step=8500/20000 loss=0.726807 d_h=-35.8887 eval_acc=None active=0.011793209912931597
[2026-06-29T05:26:02] step=8600/20000 loss=0.669678 d_h=3.17383 eval_acc=None active=0.011789947457822981
[2026-06-29T05:26:46] step=8700/20000 loss=0.699951 d_h=-10.498 eval_acc=None active=0.011799161081043525
[2026-06-29T05:27:30] step=8800/20000 loss=0.674805 d_h=6.83594 eval_acc=None active=0.011791125879107904
[2026-06-29T05:28:15] step=8900/20000 loss=0.695801 d_h=3.90625 eval_acc=None active=0.011791353688473246
[2026-06-29T05:29:01] step=9000/20000 loss=0.542236 d_h=-52.4902 eval_acc=0.5863453815261044 active=0.01178751467879802
[2026-06-29T05:29:45] step=9100/20000 loss=0.694824 d_h=7.32422 eval_acc=None active=0.011787025310531727
[2026-06-29T05:30:30] step=9200/20000 loss=0.692383 d_h=6.34766 eval_acc=None active=0.011793097414479576
[2026-06-29T05:31:14] step=9300/20000 loss=0.720703 d_h=-27.832 eval_acc=None active=0.01178767498909215
[2026-06-29T05:31:58] step=9400/20000 loss=0.74707 d_h=-42.9688 eval_acc=None active=0.011793609282436274
[2026-06-29T05:32:42] step=9500/20000 loss=0.734863 d_h=-28.3203 eval_acc=None active=0.011797313293969075
[2026-06-29T05:33:26] step=9600/20000 loss=0.697998 d_h=-28.5645 eval_acc=None active=0.011791502748922175
[2026-06-29T05:34:11] step=9700/20000 loss=0.678711 d_h=7.32422 eval_acc=None active=0.011789905270903473
[2026-06-29T05:34:55] step=9800/20000 loss=0.677734 d_h=-18.5547 eval_acc=None active=0.011794528957281548
[2026-06-29T05:35:39] step=9900/20000 loss=0.566284 d_h=74.8291 eval_acc=None active=0.011794129587776873
[2026-06-29T05:36:26] step=10000/20000 loss=0.668945 d_h=-9.76562 eval_acc=0.5783132530120482 active=0.011792518047451668
[2026-06-29T05:37:10] step=10100/20000 loss=0.679199 d_h=-0.488281 eval_acc=None active=0.011789396215408076
[2026-06-29T05:37:54] step=10200/20000 loss=0.707031 d_h=8.30078 eval_acc=None active=0.011791097754494897
[2026-06-29T05:38:38] step=10300/20000 loss=0.713379 d_h=-33.6914 eval_acc=None active=0.011796821113241481
[2026-06-29T05:39:23] step=10400/20000 loss=0.691406 d_h=5.37109 eval_acc=None active=0.011786451568426419
[2026-06-29T05:40:07] step=10500/20000 loss=0.662354 d_h=0.244141 eval_acc=None active=0.01179236898700274
[2026-06-29T05:40:51] step=10600/20000 loss=0.678955 d_h=38.3301 eval_acc=None active=0.011791772745207025
[2026-06-29T05:41:36] step=10700/20000 loss=0.692383 d_h=1.95312 eval_acc=None active=0.011786007199540934
[2026-06-29T05:42:20] step=10800/20000 loss=0.885986 d_h=-111.084 eval_acc=None active=0.011796537054650127
[2026-06-29T05:43:04] step=10900/20000 loss=0.681885 d_h=10.9863 eval_acc=None active=0.011788240293813557
[2026-06-29T05:43:50] step=11000/20000 loss=0.682129 d_h=-45.8984 eval_acc=0.5742971887550201 active=0.011793929903024535
[2026-06-29T05:44:35] step=11100/20000 loss=0.71167 d_h=5.61523 eval_acc=None active=0.01178731218158438
[2026-06-29T05:45:19] step=11200/20000 loss=0.688477 d_h=-17.0898 eval_acc=None active=0.011790085268426707
[2026-06-29T05:46:03] step=11300/20000 loss=0.686523 d_h=5.85938 eval_acc=None active=0.011794160524851178
[2026-06-29T05:46:47] step=11400/20000 loss=0.69458 d_h=3.17383 eval_acc=None active=0.011783419735144445
[2026-06-29T05:47:32] step=11500/20000 loss=0.689453 d_h=10.7422 eval_acc=None active=0.011789922145671275
[2026-06-29T05:48:16] step=11600/20000 loss=0.671875 d_h=-16.1133 eval_acc=None active=0.011792720544665306
[2026-06-29T05:49:00] step=11700/20000 loss=0.686401 d_h=-194.458 eval_acc=None active=0.011785014400701847
[2026-06-29T05:49:44] step=11800/20000 loss=0.666748 d_h=-4.63867 eval_acc=None active=0.011784617843658472
[2026-06-29T05:50:29] step=11900/20000 loss=0.689209 d_h=-24.6582 eval_acc=None active=0.01178640656904561
[2026-06-29T05:51:18] step=12000/20000 loss=0.70752 d_h=15.1367 eval_acc=0.5983935742971888 active=0.011782950054107256
[2026-06-29T05:52:03] step=12100/20000 loss=0.677979 d_h=13.4277 eval_acc=None active=0.011785467206971233
[2026-06-29T05:52:47] step=12200/20000 loss=0.674072 d_h=-1.2207 eval_acc=None active=0.011787118121754646
[2026-06-29T05:53:31] step=12300/20000 loss=0.6875 d_h=-14.6484 eval_acc=None active=0.011789579025392611
[2026-06-29T05:54:15] step=12400/20000 loss=0.677002 d_h=26.123 eval_acc=None active=0.011790836195593948
[2026-06-29T05:55:00] step=12500/20000 loss=0.693848 d_h=-0.976562 eval_acc=None active=0.011791677121522808
[2026-06-29T05:55:44] step=12600/20000 loss=0.586914 d_h=-80.5664 eval_acc=None active=0.011783588482822476
[2026-06-29T05:56:28] step=12700/20000 loss=0.678955 d_h=7.56836 eval_acc=None active=0.011784395659215728
[2026-06-29T05:57:12] step=12800/20000 loss=0.696533 d_h=-7.56836 eval_acc=None active=0.011782674432899803
[2026-06-29T05:57:57] step=12900/20000 loss=0.689453 d_h=1.95312 eval_acc=None active=0.011788529977327511
[2026-06-29T05:58:43] step=13000/20000 loss=0.699463 d_h=20.752 eval_acc=0.5903614457831325 active=0.011793786467498207
[2026-06-29T05:59:27] step=13100/20000 loss=0.692383 d_h=-4.39453 eval_acc=None active=0.011794166149773778
[2026-06-29T06:00:12] step=13200/20000 loss=0.677002 d_h=8.05664 eval_acc=None active=0.01178766936416955
[2026-06-29T06:00:56] step=13300/20000 loss=0.708252 d_h=33.9355 eval_acc=None active=0.011786634378410953
[2026-06-29T06:01:40] step=13400/20000 loss=0.706543 d_h=-13.1836 eval_acc=None active=0.01178667656533046
[2026-06-29T06:02:25] step=13500/20000 loss=0.60498 d_h=-39.5508 eval_acc=None active=0.011785627517265362
[2026-06-29T06:03:09] step=13600/20000 loss=0.68335 d_h=22.2168 eval_acc=None active=0.011789072782358514
[2026-06-29T06:03:53] step=13700/20000 loss=0.74707 d_h=-43.457 eval_acc=None active=0.011792340862389733
[2026-06-29T06:04:37] step=13800/20000 loss=0.676758 d_h=9.27734 eval_acc=None active=0.011783253799927713
[2026-06-29T06:05:22] step=13900/20000 loss=0.723633 d_h=17.5781 eval_acc=None active=0.011784516595051652
[2026-06-29T06:06:08] step=14000/20000 loss=0.686279 d_h=11.4746 eval_acc=0.6024096385542169 active=0.011791989304727166
[2026-06-29T06:06:52] step=14100/20000 loss=0.675049 d_h=9.0332 eval_acc=None active=0.011787255932358371
[2026-06-29T06:07:36] step=14200/20000 loss=0.683838 d_h=-14.4043 eval_acc=None active=0.011796461118195014
[2026-06-29T06:08:21] step=14300/20000 loss=0.66626 d_h=4.63867 eval_acc=None active=0.01178968027399943
[2026-06-29T06:09:05] step=14400/20000 loss=0.782715 d_h=97.6562 eval_acc=None active=0.011783130051630489
[2026-06-29T06:09:49] step=14500/20000 loss=0.7229 d_h=0.732422 eval_acc=None active=0.011787734050779462
[2026-06-29T06:10:34] step=14600/20000 loss=0.65918 d_h=3.90625 eval_acc=None active=0.011792315550238028
[2026-06-29T06:11:18] step=14700/20000 loss=0.744141 d_h=2.92969 eval_acc=None active=0.011783729105887503
[2026-06-29T06:12:02] step=14800/20000 loss=0.703369 d_h=4.63867 eval_acc=None active=0.011786797501166384
[2026-06-29T06:12:46] step=14900/20000 loss=0.657715 d_h=13.1836 eval_acc=None active=0.011786988748534821
[2026-06-29T06:13:33] step=15000/20000 loss=0.683594 d_h=-5.37109 eval_acc=0.5582329317269076 active=0.011782525372450874
[2026-06-29T06:14:17] step=15100/20000 loss=0.700439 d_h=-55.9082 eval_acc=None active=0.011784274723379807
[2026-06-29T06:15:01] step=15200/20000 loss=0.664307 d_h=1.2207 eval_acc=None active=0.011782905054726447
[2026-06-29T06:15:46] step=15300/20000 loss=0.897949 d_h=80.5664 eval_acc=None active=0.011783518171289963
[2026-06-29T06:16:30] step=15400/20000 loss=0.707764 d_h=35.8887 eval_acc=None active=0.01178704781022213
[2026-06-29T06:17:15] step=15500/20000 loss=0.681885 d_h=4.15039 eval_acc=None active=0.01178751467879802
[2026-06-29T06:17:59] step=15600/20000 loss=0.686523 d_h=18.5547 eval_acc=None active=0.011780978518735582
[2026-06-29T06:18:43] step=15700/20000 loss=0.715332 d_h=-21.9727 eval_acc=None active=0.011778413554029497
[2026-06-29T06:19:27] step=15800/20000 loss=0.693359 d_h=-2.92969 eval_acc=None active=0.011780376652017269
[2026-06-29T06:20:12] step=15900/20000 loss=0.704346 d_h=6.5918 eval_acc=None active=0.011778464178332906
[2026-06-29T06:20:58] step=16000/20000 loss=0.661133 d_h=20.5078 eval_acc=0.6024096385542169 active=0.011779442914865492
[2026-06-29T06:21:42] step=16100/20000 loss=0.687988 d_h=-5.85938 eval_acc=None active=0.011776104523301759
[2026-06-29T06:22:26] step=16200/20000 loss=0.632324 d_h=-26.3672 eval_acc=None active=0.011780978518735582
[2026-06-29T06:23:11] step=16300/20000 loss=0.68042 d_h=1.70898 eval_acc=None active=0.011778936671831396
[2026-06-29T06:23:55] step=16400/20000 loss=0.687744 d_h=-0.244141 eval_acc=None active=0.011775336721366714
[2026-06-29T06:24:39] step=16500/20000 loss=0.693359 d_h=0 eval_acc=None active=0.011774566106970369
[2026-06-29T06:25:23] step=16600/20000 loss=0.682617 d_h=6.34766 eval_acc=None active=0.01177928260457136
[2026-06-29T06:26:08] step=16700/20000 loss=0.653564 d_h=-7.56836 eval_acc=None active=0.011782263813549925
[2026-06-29T06:26:52] step=16800/20000 loss=0.669678 d_h=1.70898 eval_acc=None active=0.011779442914865492
[2026-06-29T06:27:36] step=16900/20000 loss=0.674561 d_h=-6.10352 eval_acc=None active=0.01177747700441642
[2026-06-29T06:28:22] step=17000/20000 loss=0.693848 d_h=-10.7422 eval_acc=0.570281124497992 active=0.011778315117883978
[2026-06-29T06:29:07] step=17100/20000 loss=0.756592 d_h=64.209 eval_acc=None active=0.011777527628719829
[2026-06-29T06:29:51] step=17200/20000 loss=0.675781 d_h=-4.39453 eval_acc=None active=0.0117794822893237
[2026-06-29T06:30:35] step=17300/20000 loss=0.678223 d_h=-1.95312 eval_acc=None active=0.011778354492342186
[2026-06-29T06:31:20] step=17400/20000 loss=0.696777 d_h=-31.25 eval_acc=None active=0.011776543267264643
[2026-06-29T06:32:04] step=17500/20000 loss=0.737305 d_h=-86.4258 eval_acc=None active=0.011777783562698178
[2026-06-29T06:32:49] step=17600/20000 loss=0.692627 d_h=22.7051 eval_acc=None active=0.011781619759912104
[2026-06-29T06:33:33] step=17700/20000 loss=0.699951 d_h=10.498 eval_acc=None active=0.011774861415406923
[2026-06-29T06:34:17] step=17800/20000 loss=0.674805 d_h=-3.90625 eval_acc=None active=0.0117773729433483
[2026-06-29T06:35:01] step=17900/20000 loss=0.665039 d_h=6.34766 eval_acc=None active=0.011778759486769461
[2026-06-29T06:35:55] step=18000/20000 loss=0.760742 d_h=-83.4961 eval_acc=0.642570281124498 active=0.011782010692032878
[2026-06-29T06:36:39] step=18100/20000 loss=0.693848 d_h=-0.488281 eval_acc=None active=0.011784131287853479
[2026-06-29T06:37:23] step=18200/20000 loss=0.666748 d_h=-16.3574 eval_acc=None active=0.011779271354726159
[2026-06-29T06:38:08] step=18300/20000 loss=0.678711 d_h=29.2969 eval_acc=None active=0.0117794907267076
[2026-06-29T06:38:52] step=18400/20000 loss=0.691406 d_h=-12.207 eval_acc=None active=0.011782322875237236
[2026-06-29T06:39:36] step=18500/20000 loss=0.682861 d_h=8.54492 eval_acc=None active=0.011785970637544028
[2026-06-29T06:40:20] step=18600/20000 loss=0.674805 d_h=-11.2305 eval_acc=None active=0.011778509177713715
[2026-06-29T06:41:05] step=18700/20000 loss=0.705322 d_h=-62.7441 eval_acc=None active=0.011770746784524245
[2026-06-29T06:41:49] step=18800/20000 loss=0.657715 d_h=-7.8125 eval_acc=None active=0.011779676349153436
[2026-06-29T06:42:33] step=18900/20000 loss=0.666016 d_h=55.6641 eval_acc=None active=0.011779105419509427
[2026-06-29T06:43:24] step=19000/20000 loss=0.661865 d_h=10.498 eval_acc=0.6305220883534136 active=0.011779904158518779
[2026-06-29T06:44:08] step=19100/20000 loss=0.67627 d_h=-17.5781 eval_acc=None active=0.011777699188859162
[2026-06-29T06:44:53] step=19200/20000 loss=0.701416 d_h=19.7754 eval_acc=None active=0.01177072147237254
[2026-06-29T06:45:37] step=19300/20000 loss=0.668457 d_h=0.976562 eval_acc=None active=0.011772414574075461
[2026-06-29T06:46:21] step=19400/20000 loss=0.674561 d_h=7.56836 eval_acc=None active=0.011775665779338876
[2026-06-29T06:47:06] step=19500/20000 loss=0.654053 d_h=2.19727 eval_acc=None active=0.011770327727790466
[2026-06-29T06:47:50] step=19600/20000 loss=0.691162 d_h=-0.732422 eval_acc=None active=0.011773275187233423
[2026-06-29T06:48:34] step=19700/20000 loss=0.664551 d_h=6.34766 eval_acc=None active=0.011778796048766369
[2026-06-29T06:49:18] step=19800/20000 loss=0.781494 d_h=37.8418 eval_acc=None active=0.01177278300650583
[2026-06-29T06:50:03] step=19900/20000 loss=0.662354 d_h=4.15039 eval_acc=None active=0.011776655765716664
[2026-06-29T06:50:49] step=20000/20000 loss=0.670654 d_h=36.8652 eval_acc=0.642570281124498 active=0.011771576460607901
[2026-06-29T06:50:51] finished int4_sparsep0p1_taskgrad_seedfixed_rte_mezo_default_h1e-3_seed64_full_bs64_step20k status=complete steps=20000
job_id=46474469 lane=4 end=2026-06-29T06:50:54-04:00
