job_id=46474467 lane=3 host=ra7-3 start=2026-06-28T20:46:37-04:00
Sun Jun 28 20:46:37 2026       
+-----------------------------------------------------------------------------------------+
| NVIDIA-SMI 570.124.06             Driver Version: 570.124.06     CUDA Version: 12.8     |
|-----------------------------------------+------------------------+----------------------+
| GPU  Name                 Persistence-M | Bus-Id          Disp.A | Volatile Uncorr. ECC |
| Fan  Temp   Perf          Pwr:Usage/Cap |           Memory-Usage | GPU-Util  Compute M. |
|                                         |                        |               MIG M. |
|=========================================+========================+======================|
|   0  NVIDIA H100 80GB HBM3          Off |   00000000:4E:00.0 Off |                    0 |
| N/A   43C    P0             72W /  700W |       1MiB /  81559MiB |      0%      Default |
|                                         |                        |             Disabled |
+-----------------------------------------+------------------------+----------------------+
                                                                                         
+-----------------------------------------------------------------------------------------+
| Processes:                                                                              |
|  GPU   GI   CI              PID   Type   Process name                        GPU Memory |
|        ID   ID                                                               Usage      |
|=========================================================================================|
|  No running processes found                                                             |
+-----------------------------------------------------------------------------------------+
dc419b7f46519c8adf35ffdf64fba6c0013dba2c
[lane 3] running low-bit rerun manifest v10_lowbit_sparse_prefix_multiseed_rerun_20260628/manifests/lowbit_lane3.csv
RobertaConfig {
  "_attn_implementation_autoset": true,
  "architectures": [
    "RobertaForMaskedLM"
  ],
  "attention_probs_dropout_prob": 0.1,
  "bos_token_id": 0,
  "classifier_dropout": null,
  "eos_token_id": 2,
  "finetuning_task": "trec",
  "hidden_act": "gelu",
  "hidden_dropout_prob": 0.1,
  "hidden_size": 1024,
  "id2label": {
    "0": "LABEL_0",
    "1": "LABEL_1",
    "2": "LABEL_2",
    "3": "LABEL_3",
    "4": "LABEL_4",
    "5": "LABEL_5"
  },
  "initializer_range": 0.02,
  "intermediate_size": 4096,
  "label2id": {
    "LABEL_0": 0,
    "LABEL_1": 1,
    "LABEL_2": 2,
    "LABEL_3": 3,
    "LABEL_4": 4,
    "LABEL_5": 5
  },
  "layer_norm_eps": 1e-05,
  "max_position_embeddings": 514,
  "model_type": "roberta",
  "num_attention_heads": 16,
  "num_hidden_layers": 24,
  "pad_token_id": 1,
  "position_embedding_type": "absolute",
  "torch_dtype": "float32",
  "transformers_version": "4.51.3",
  "type_vocab_size": 1,
  "use_cache": true,
  "vocab_size": 50265
}

[2026-06-28T20:47:33] starting int4_prefix_quantized_seedfixed_trec_fixed_small_h1e-5_seed32_full_bs64_step20k
[2026-06-28T20:47:33] prefix mode prefix_params=48 active_params=245760 prefix_quantize=True
[2026-06-28T20:47:39] step=1/20000 loss=1.87012 d_h=0 eval_acc=None active=0.00011800130208333333
[2026-06-28T20:48:23] step=100/20000 loss=1.77441 d_h=-2539.06 eval_acc=None active=0.00011800130208333333
[2026-06-28T20:49:08] step=200/20000 loss=1.88818 d_h=634.766 eval_acc=None active=2.0345052083333332e-05
[2026-06-28T20:49:53] step=300/20000 loss=1.83887 d_h=0 eval_acc=None active=1.220703125e-05
[2026-06-28T20:50:38] step=400/20000 loss=1.81689 d_h=-48.8281 eval_acc=None active=8.138020833333333e-06
[2026-06-28T20:51:22] step=500/20000 loss=1.86816 d_h=488.281 eval_acc=None active=0.0
[2026-06-28T20:52:07] step=600/20000 loss=1.92773 d_h=0 eval_acc=None active=1.6276041666666666e-05
[2026-06-28T20:52:52] step=700/20000 loss=1.97705 d_h=146.484 eval_acc=None active=8.138020833333333e-06
[2026-06-28T20:53:37] step=800/20000 loss=1.90332 d_h=0 eval_acc=None active=1.220703125e-05
[2026-06-28T20:54:21] step=900/20000 loss=1.84863 d_h=195.312 eval_acc=None active=8.138020833333333e-06
[2026-06-28T20:55:11] step=1000/20000 loss=1.82129 d_h=0 eval_acc=0.19047619047619047 active=8.138020833333333e-06
[2026-06-28T20:55:56] step=1100/20000 loss=2.01367 d_h=390.625 eval_acc=None active=0.0
[2026-06-28T20:56:41] step=1200/20000 loss=1.86523 d_h=0 eval_acc=None active=8.138020833333333e-06
[2026-06-28T20:57:26] step=1300/20000 loss=1.90527 d_h=0 eval_acc=None active=0.0
[2026-06-28T20:58:11] step=1400/20000 loss=1.94482 d_h=48.8281 eval_acc=None active=0.0
[2026-06-28T20:58:55] step=1500/20000 loss=1.82812 d_h=-97.6562 eval_acc=None active=1.6276041666666666e-05
[2026-06-28T20:59:40] step=1600/20000 loss=2 d_h=0 eval_acc=None active=0.0
[2026-06-28T21:00:25] step=1700/20000 loss=1.8291 d_h=0 eval_acc=None active=1.220703125e-05
[2026-06-28T21:01:10] step=1800/20000 loss=2.00195 d_h=-2929.69 eval_acc=None active=0.0
[2026-06-28T21:01:54] step=1900/20000 loss=1.87793 d_h=0 eval_acc=None active=4.069010416666667e-06
[2026-06-28T21:02:42] step=2000/20000 loss=1.85938 d_h=0 eval_acc=0.14102564102564102 active=0.0
[2026-06-28T21:03:26] step=2100/20000 loss=1.78125 d_h=0 eval_acc=None active=0.0
[2026-06-28T21:04:11] step=2200/20000 loss=1.89648 d_h=0 eval_acc=None active=4.069010416666667e-06
[2026-06-28T21:04:56] step=2300/20000 loss=1.85742 d_h=0 eval_acc=None active=0.0
[2026-06-28T21:05:40] step=2400/20000 loss=1.82617 d_h=0 eval_acc=None active=4.069010416666667e-06
[2026-06-28T21:06:25] step=2500/20000 loss=1.87891 d_h=0 eval_acc=None active=0.0
[2026-06-28T21:07:10] step=2600/20000 loss=2.07227 d_h=0 eval_acc=None active=8.138020833333333e-06
[2026-06-28T21:07:55] step=2700/20000 loss=1.97363 d_h=0 eval_acc=None active=0.0
[2026-06-28T21:08:39] step=2800/20000 loss=1.93652 d_h=1660.16 eval_acc=None active=1.220703125e-05
[2026-06-28T21:09:24] step=2900/20000 loss=1.91699 d_h=0 eval_acc=None active=0.0
[2026-06-28T21:10:10] step=3000/20000 loss=1.92871 d_h=0 eval_acc=0.14652014652014653 active=0.0
[2026-06-28T21:10:54] step=3100/20000 loss=1.93164 d_h=0 eval_acc=None active=0.0
[2026-06-28T21:11:39] step=3200/20000 loss=1.71777 d_h=0 eval_acc=None active=0.0
[2026-06-28T21:12:24] step=3300/20000 loss=1.94434 d_h=0 eval_acc=None active=0.0
[2026-06-28T21:13:08] step=3400/20000 loss=1.94531 d_h=0 eval_acc=None active=4.069010416666667e-06
[2026-06-28T21:13:53] step=3500/20000 loss=1.98438 d_h=0 eval_acc=None active=4.069010416666667e-06
[2026-06-28T21:14:38] step=3600/20000 loss=2.0332 d_h=0 eval_acc=None active=0.0
[2026-06-28T21:15:23] step=3700/20000 loss=1.85449 d_h=0 eval_acc=None active=0.0
[2026-06-28T21:16:07] step=3800/20000 loss=1.88184 d_h=0 eval_acc=None active=0.0
[2026-06-28T21:16:52] step=3900/20000 loss=1.84863 d_h=0 eval_acc=None active=0.0
[2026-06-28T21:17:38] step=4000/20000 loss=1.91113 d_h=0 eval_acc=0.184981684981685 active=0.0
[2026-06-28T21:18:22] step=4100/20000 loss=1.77148 d_h=0 eval_acc=None active=0.0
[2026-06-28T21:19:07] step=4200/20000 loss=1.85156 d_h=0 eval_acc=None active=0.0
[2026-06-28T21:19:52] step=4300/20000 loss=1.87012 d_h=0 eval_acc=None active=0.0
[2026-06-28T21:20:37] step=4400/20000 loss=1.87207 d_h=0 eval_acc=None active=0.0
[2026-06-28T21:21:21] step=4500/20000 loss=1.82324 d_h=0 eval_acc=None active=0.0
[2026-06-28T21:22:06] step=4600/20000 loss=1.91504 d_h=0 eval_acc=None active=0.0
[2026-06-28T21:22:51] step=4700/20000 loss=1.87012 d_h=0 eval_acc=None active=0.0
[2026-06-28T21:23:35] step=4800/20000 loss=1.81543 d_h=0 eval_acc=None active=0.0
[2026-06-28T21:24:20] step=4900/20000 loss=1.8877 d_h=0 eval_acc=None active=0.0
[2026-06-28T21:25:06] step=5000/20000 loss=1.96582 d_h=0 eval_acc=0.17216117216117216 active=4.069010416666667e-06
[2026-06-28T21:25:51] step=5100/20000 loss=1.80371 d_h=0 eval_acc=None active=0.0
[2026-06-28T21:26:35] step=5200/20000 loss=1.95996 d_h=0 eval_acc=None active=0.0
[2026-06-28T21:27:20] step=5300/20000 loss=2.00586 d_h=0 eval_acc=None active=0.0
[2026-06-28T21:28:05] step=5400/20000 loss=1.88574 d_h=0 eval_acc=None active=0.0
[2026-06-28T21:28:49] step=5500/20000 loss=1.95508 d_h=0 eval_acc=None active=0.0
[2026-06-28T21:29:34] step=5600/20000 loss=1.91895 d_h=0 eval_acc=None active=4.069010416666667e-06
[2026-06-28T21:30:19] step=5700/20000 loss=1.93652 d_h=0 eval_acc=None active=0.0
[2026-06-28T21:31:04] step=5800/20000 loss=1.99902 d_h=0 eval_acc=None active=0.0
[2026-06-28T21:31:48] step=5900/20000 loss=1.91309 d_h=0 eval_acc=None active=0.0
[2026-06-28T21:32:34] step=6000/20000 loss=1.86523 d_h=0 eval_acc=0.16483516483516483 active=4.069010416666667e-06
[2026-06-28T21:33:19] step=6100/20000 loss=1.94043 d_h=0 eval_acc=None active=0.0
[2026-06-28T21:34:03] step=6200/20000 loss=1.88574 d_h=0 eval_acc=None active=0.0
[2026-06-28T21:34:48] step=6300/20000 loss=1.92285 d_h=0 eval_acc=None active=0.0
[2026-06-28T21:35:33] step=6400/20000 loss=1.87891 d_h=0 eval_acc=None active=0.0
[2026-06-28T21:36:18] step=6500/20000 loss=1.90137 d_h=0 eval_acc=None active=0.0
[2026-06-28T21:37:02] step=6600/20000 loss=1.83057 d_h=48.8281 eval_acc=None active=0.0
[2026-06-28T21:37:47] step=6700/20000 loss=1.95703 d_h=0 eval_acc=None active=0.0
[2026-06-28T21:38:32] step=6800/20000 loss=1.9873 d_h=0 eval_acc=None active=0.0
[2026-06-28T21:39:17] step=6900/20000 loss=2.00391 d_h=0 eval_acc=None active=0.0
[2026-06-28T21:40:02] step=7000/20000 loss=1.97461 d_h=0 eval_acc=0.1391941391941392 active=0.0
[2026-06-28T21:40:47] step=7100/20000 loss=1.99512 d_h=0 eval_acc=None active=0.0
[2026-06-28T21:41:32] step=7200/20000 loss=1.91211 d_h=0 eval_acc=None active=0.0
[2026-06-28T21:42:16] step=7300/20000 loss=1.97461 d_h=0 eval_acc=None active=0.0
[2026-06-28T21:43:01] step=7400/20000 loss=1.92578 d_h=0 eval_acc=None active=4.069010416666667e-06
[2026-06-28T21:43:46] step=7500/20000 loss=1.94141 d_h=-195.312 eval_acc=None active=4.069010416666667e-06
[2026-06-28T21:44:31] step=7600/20000 loss=1.95996 d_h=0 eval_acc=None active=4.069010416666667e-06
[2026-06-28T21:45:15] step=7700/20000 loss=2.01172 d_h=0 eval_acc=None active=0.0
[2026-06-28T21:46:00] step=7800/20000 loss=1.86035 d_h=0 eval_acc=None active=0.0
[2026-06-28T21:46:45] step=7900/20000 loss=1.92676 d_h=0 eval_acc=None active=0.0
[2026-06-28T21:47:30] step=8000/20000 loss=2 d_h=0 eval_acc=0.16666666666666666 active=0.0
[2026-06-28T21:48:16] step=8100/20000 loss=1.98242 d_h=0 eval_acc=None active=0.0
[2026-06-28T21:49:01] step=8200/20000 loss=1.9668 d_h=0 eval_acc=None active=0.0
[2026-06-28T21:49:46] step=8300/20000 loss=1.93457 d_h=0 eval_acc=None active=0.0
[2026-06-28T21:50:30] step=8400/20000 loss=1.81836 d_h=0 eval_acc=None active=0.0
[2026-06-28T21:51:15] step=8500/20000 loss=1.87207 d_h=0 eval_acc=None active=0.0
[2026-06-28T21:52:00] step=8600/20000 loss=2.10352 d_h=0 eval_acc=None active=0.0
[2026-06-28T21:52:44] step=8700/20000 loss=1.99902 d_h=0 eval_acc=None active=0.0
[2026-06-28T21:53:29] step=8800/20000 loss=2.03516 d_h=0 eval_acc=None active=0.0
[2026-06-28T21:54:14] step=8900/20000 loss=2.06055 d_h=0 eval_acc=None active=0.0
[2026-06-28T21:55:00] step=9000/20000 loss=2.06445 d_h=0 eval_acc=0.15384615384615385 active=0.0
[2026-06-28T21:55:45] step=9100/20000 loss=1.82129 d_h=0 eval_acc=None active=4.069010416666667e-06
[2026-06-28T21:56:29] step=9200/20000 loss=2.13672 d_h=0 eval_acc=None active=0.0
[2026-06-28T21:57:14] step=9300/20000 loss=1.99219 d_h=0 eval_acc=None active=0.0
[2026-06-28T21:57:59] step=9400/20000 loss=2.10547 d_h=0 eval_acc=None active=4.069010416666667e-06
[2026-06-28T21:58:43] step=9500/20000 loss=1.93457 d_h=0 eval_acc=None active=0.0
[2026-06-28T21:59:28] step=9600/20000 loss=1.89062 d_h=0 eval_acc=None active=0.0
[2026-06-28T22:00:13] step=9700/20000 loss=1.88281 d_h=0 eval_acc=None active=0.0
[2026-06-28T22:00:57] step=9800/20000 loss=1.92773 d_h=0 eval_acc=None active=0.0
[2026-06-28T22:01:42] step=9900/20000 loss=1.89746 d_h=0 eval_acc=None active=0.0
[2026-06-28T22:02:28] step=10000/20000 loss=1.83789 d_h=0 eval_acc=0.16483516483516483 active=0.0
[2026-06-28T22:03:13] step=10100/20000 loss=1.9834 d_h=0 eval_acc=None active=0.0
[2026-06-28T22:03:57] step=10200/20000 loss=1.91504 d_h=0 eval_acc=None active=0.0
[2026-06-28T22:04:42] step=10300/20000 loss=1.99609 d_h=0 eval_acc=None active=0.0
[2026-06-28T22:05:27] step=10400/20000 loss=2.12891 d_h=0 eval_acc=None active=0.0
[2026-06-28T22:06:11] step=10500/20000 loss=2.04688 d_h=195.312 eval_acc=None active=0.0
[2026-06-28T22:06:56] step=10600/20000 loss=1.96191 d_h=0 eval_acc=None active=4.069010416666667e-06
[2026-06-28T22:07:41] step=10700/20000 loss=1.93652 d_h=0 eval_acc=None active=4.069010416666667e-06
[2026-06-28T22:08:25] step=10800/20000 loss=1.87988 d_h=0 eval_acc=None active=0.0
[2026-06-28T22:09:10] step=10900/20000 loss=1.99414 d_h=0 eval_acc=None active=0.0
[2026-06-28T22:09:57] step=11000/20000 loss=1.93164 d_h=0 eval_acc=0.20695970695970695 active=4.069010416666667e-06
[2026-06-28T22:10:42] step=11100/20000 loss=1.95605 d_h=0 eval_acc=None active=0.0
[2026-06-28T22:11:27] step=11200/20000 loss=1.85645 d_h=0 eval_acc=None active=0.0
[2026-06-28T22:12:11] step=11300/20000 loss=1.9541 d_h=0 eval_acc=None active=0.0
[2026-06-28T22:12:56] step=11400/20000 loss=1.89844 d_h=0 eval_acc=None active=4.069010416666667e-06
[2026-06-28T22:13:41] step=11500/20000 loss=2.00195 d_h=585.938 eval_acc=None active=0.0
[2026-06-28T22:14:25] step=11600/20000 loss=1.92773 d_h=0 eval_acc=None active=0.0
[2026-06-28T22:15:10] step=11700/20000 loss=1.94727 d_h=0 eval_acc=None active=0.0
[2026-06-28T22:15:55] step=11800/20000 loss=1.93848 d_h=0 eval_acc=None active=0.0
[2026-06-28T22:16:39] step=11900/20000 loss=1.99707 d_h=0 eval_acc=None active=0.0
[2026-06-28T22:17:25] step=12000/20000 loss=1.88672 d_h=0 eval_acc=0.163003663003663 active=0.0
[2026-06-28T22:18:10] step=12100/20000 loss=1.93359 d_h=0 eval_acc=None active=0.0
[2026-06-28T22:18:55] step=12200/20000 loss=1.95605 d_h=0 eval_acc=None active=0.0
[2026-06-28T22:19:39] step=12300/20000 loss=1.92383 d_h=0 eval_acc=None active=0.0
[2026-06-28T22:20:24] step=12400/20000 loss=1.92188 d_h=0 eval_acc=None active=0.0
[2026-06-28T22:21:09] step=12500/20000 loss=1.91602 d_h=0 eval_acc=None active=0.0
[2026-06-28T22:21:53] step=12600/20000 loss=1.9082 d_h=0 eval_acc=None active=0.0
[2026-06-28T22:22:38] step=12700/20000 loss=1.80664 d_h=0 eval_acc=None active=0.0
[2026-06-28T22:23:23] step=12800/20000 loss=2.03125 d_h=0 eval_acc=None active=0.0
[2026-06-28T22:24:08] step=12900/20000 loss=2.08594 d_h=0 eval_acc=None active=0.0
[2026-06-28T22:24:54] step=13000/20000 loss=1.92676 d_h=0 eval_acc=0.1446886446886447 active=0.0
[2026-06-28T22:25:39] step=13100/20000 loss=1.95605 d_h=0 eval_acc=None active=0.0
[2026-06-28T22:26:24] step=13200/20000 loss=1.91699 d_h=0 eval_acc=None active=0.0
[2026-06-28T22:27:08] step=13300/20000 loss=1.97461 d_h=0 eval_acc=None active=0.0
[2026-06-28T22:27:53] step=13400/20000 loss=1.87012 d_h=0 eval_acc=None active=0.0
[2026-06-28T22:28:38] step=13500/20000 loss=1.94043 d_h=0 eval_acc=None active=0.0
[2026-06-28T22:29:22] step=13600/20000 loss=1.9375 d_h=0 eval_acc=None active=0.0
[2026-06-28T22:30:07] step=13700/20000 loss=1.89648 d_h=0 eval_acc=None active=0.0
[2026-06-28T22:30:52] step=13800/20000 loss=2.03906 d_h=0 eval_acc=None active=0.0
[2026-06-28T22:31:36] step=13900/20000 loss=1.95117 d_h=-97.6562 eval_acc=None active=0.0
[2026-06-28T22:32:22] step=14000/20000 loss=1.83496 d_h=0 eval_acc=0.19963369963369965 active=0.0
[2026-06-28T22:33:07] step=14100/20000 loss=1.88379 d_h=0 eval_acc=None active=0.0
[2026-06-28T22:33:52] step=14200/20000 loss=1.94531 d_h=0 eval_acc=None active=0.0
[2026-06-28T22:34:36] step=14300/20000 loss=1.9502 d_h=0 eval_acc=None active=0.0
[2026-06-28T22:35:21] step=14400/20000 loss=2.01172 d_h=0 eval_acc=None active=0.0
[2026-06-28T22:36:06] step=14500/20000 loss=1.88965 d_h=0 eval_acc=None active=0.0
[2026-06-28T22:36:50] step=14600/20000 loss=1.83496 d_h=488.281 eval_acc=None active=0.0
[2026-06-28T22:37:35] step=14700/20000 loss=1.89355 d_h=0 eval_acc=None active=0.0
[2026-06-28T22:38:20] step=14800/20000 loss=1.96094 d_h=0 eval_acc=None active=4.069010416666667e-06
[2026-06-28T22:39:04] step=14900/20000 loss=1.92383 d_h=0 eval_acc=None active=0.0
[2026-06-28T22:39:52] step=15000/20000 loss=1.87305 d_h=0 eval_acc=0.22527472527472528 active=0.0
[2026-06-28T22:40:37] step=15100/20000 loss=1.87793 d_h=0 eval_acc=None active=0.0
[2026-06-28T22:41:21] step=15200/20000 loss=1.79492 d_h=0 eval_acc=None active=0.0
[2026-06-28T22:42:06] step=15300/20000 loss=1.94824 d_h=0 eval_acc=None active=0.0
[2026-06-28T22:42:51] step=15400/20000 loss=1.80273 d_h=0 eval_acc=None active=0.0
[2026-06-28T22:43:35] step=15500/20000 loss=1.90039 d_h=0 eval_acc=None active=4.069010416666667e-06
[2026-06-28T22:44:20] step=15600/20000 loss=1.95215 d_h=0 eval_acc=None active=0.0
[2026-06-28T22:45:05] step=15700/20000 loss=1.90137 d_h=0 eval_acc=None active=0.0
[2026-06-28T22:45:50] step=15800/20000 loss=1.90723 d_h=0 eval_acc=None active=0.0
[2026-06-28T22:46:34] step=15900/20000 loss=1.98047 d_h=0 eval_acc=None active=0.0
[2026-06-28T22:47:20] step=16000/20000 loss=1.83594 d_h=0 eval_acc=0.21428571428571427 active=0.0
[2026-06-28T22:48:05] step=16100/20000 loss=1.97656 d_h=0 eval_acc=None active=4.069010416666667e-06
[2026-06-28T22:48:49] step=16200/20000 loss=1.98145 d_h=0 eval_acc=None active=0.0
[2026-06-28T22:49:34] step=16300/20000 loss=1.94629 d_h=0 eval_acc=None active=0.0
[2026-06-28T22:50:19] step=16400/20000 loss=1.99219 d_h=0 eval_acc=None active=0.0
[2026-06-28T22:51:03] step=16500/20000 loss=1.95117 d_h=0 eval_acc=None active=0.0
[2026-06-28T22:51:48] step=16600/20000 loss=1.95312 d_h=0 eval_acc=None active=0.0
[2026-06-28T22:52:33] step=16700/20000 loss=1.90332 d_h=0 eval_acc=None active=0.0
[2026-06-28T22:53:17] step=16800/20000 loss=1.9209 d_h=0 eval_acc=None active=0.0
[2026-06-28T22:54:02] step=16900/20000 loss=1.89307 d_h=341.797 eval_acc=None active=0.0
[2026-06-28T22:54:48] step=17000/20000 loss=1.98828 d_h=0 eval_acc=0.21062271062271062 active=0.0
[2026-06-28T22:55:33] step=17100/20000 loss=1.88086 d_h=0 eval_acc=None active=0.0
[2026-06-28T22:56:17] step=17200/20000 loss=1.89844 d_h=0 eval_acc=None active=0.0
[2026-06-28T22:57:02] step=17300/20000 loss=2.02148 d_h=0 eval_acc=None active=0.0
[2026-06-28T22:57:47] step=17400/20000 loss=1.89551 d_h=0 eval_acc=None active=0.0
[2026-06-28T22:58:31] step=17500/20000 loss=1.83691 d_h=0 eval_acc=None active=0.0
[2026-06-28T22:59:16] step=17600/20000 loss=1.73145 d_h=0 eval_acc=None active=0.0
[2026-06-28T23:00:01] step=17700/20000 loss=1.85254 d_h=0 eval_acc=None active=4.069010416666667e-06
[2026-06-28T23:00:45] step=17800/20000 loss=1.87695 d_h=0 eval_acc=None active=4.069010416666667e-06
[2026-06-28T23:01:30] step=17900/20000 loss=1.78516 d_h=0 eval_acc=None active=4.069010416666667e-06
[2026-06-28T23:02:16] step=18000/20000 loss=1.86328 d_h=0 eval_acc=0.19047619047619047 active=0.0
[2026-06-28T23:03:01] step=18100/20000 loss=1.85449 d_h=0 eval_acc=None active=4.069010416666667e-06
[2026-06-28T23:03:45] step=18200/20000 loss=1.86523 d_h=0 eval_acc=None active=0.0
[2026-06-28T23:04:30] step=18300/20000 loss=1.87988 d_h=0 eval_acc=None active=0.0
[2026-06-28T23:05:15] step=18400/20000 loss=1.88184 d_h=0 eval_acc=None active=0.0
[2026-06-28T23:05:59] step=18500/20000 loss=1.7832 d_h=0 eval_acc=None active=0.0
[2026-06-28T23:06:44] step=18600/20000 loss=1.85938 d_h=0 eval_acc=None active=0.0
[2026-06-28T23:07:29] step=18700/20000 loss=1.75488 d_h=0 eval_acc=None active=0.0
[2026-06-28T23:08:13] step=18800/20000 loss=1.81641 d_h=0 eval_acc=None active=0.0
[2026-06-28T23:08:58] step=18900/20000 loss=1.86133 d_h=0 eval_acc=None active=0.0
[2026-06-28T23:09:44] step=19000/20000 loss=1.72266 d_h=0 eval_acc=0.19047619047619047 active=0.0
[2026-06-28T23:10:29] step=19100/20000 loss=1.94629 d_h=0 eval_acc=None active=0.0
[2026-06-28T23:11:13] step=19200/20000 loss=1.90625 d_h=0 eval_acc=None active=4.069010416666667e-06
[2026-06-28T23:11:58] step=19300/20000 loss=1.91797 d_h=-585.938 eval_acc=None active=0.0
[2026-06-28T23:12:43] step=19400/20000 loss=1.86523 d_h=0 eval_acc=None active=0.0
[2026-06-28T23:13:27] step=19500/20000 loss=1.95703 d_h=0 eval_acc=None active=0.0
[2026-06-28T23:14:12] step=19600/20000 loss=2.04688 d_h=0 eval_acc=None active=0.0
[2026-06-28T23:14:57] step=19700/20000 loss=1.81152 d_h=0 eval_acc=None active=0.0
[2026-06-28T23:15:41] step=19800/20000 loss=1.91113 d_h=0 eval_acc=None active=0.0
[2026-06-28T23:16:26] step=19900/20000 loss=2.04688 d_h=0 eval_acc=None active=0.0
[2026-06-28T23:17:12] step=20000/20000 loss=1.97754 d_h=0 eval_acc=0.17765567765567766 active=0.0
[2026-06-28T23:17:13] finished int4_prefix_quantized_seedfixed_trec_fixed_small_h1e-5_seed32_full_bs64_step20k status=complete steps=20000
RobertaConfig {
  "_attn_implementation_autoset": true,
  "architectures": [
    "RobertaForMaskedLM"
  ],
  "attention_probs_dropout_prob": 0.1,
  "bos_token_id": 0,
  "classifier_dropout": null,
  "eos_token_id": 2,
  "finetuning_task": "rte",
  "hidden_act": "gelu",
  "hidden_dropout_prob": 0.1,
  "hidden_size": 1024,
  "initializer_range": 0.02,
  "intermediate_size": 4096,
  "layer_norm_eps": 1e-05,
  "max_position_embeddings": 514,
  "model_type": "roberta",
  "num_attention_heads": 16,
  "num_hidden_layers": 24,
  "pad_token_id": 1,
  "position_embedding_type": "absolute",
  "torch_dtype": "float32",
  "transformers_version": "4.51.3",
  "type_vocab_size": 1,
  "use_cache": true,
  "vocab_size": 50265
}

[2026-06-28T23:17:14] starting int4_sparsep0p1_taskgrad_seedfixed_rte_fixed_small_h1e-5_seed32_full_bs64_step20k
[2026-06-28T23:17:18] sparse mask strategy=task_grad_static p=0.1 source=static_task_gradient_square_before_zo_training hash=b7216984485c selection=global_topk_grad_square_linear_weight active_all=0.0872203 active_quantized_linear=0.100068
[2026-06-28T23:17:21] step=1/20000 loss=0.703857 d_h=-268.555 eval_acc=None active=0.00011062254033384501
[2026-06-28T23:18:05] step=100/20000 loss=0.685303 d_h=268.555 eval_acc=None active=0.00011062254033384501
[2026-06-28T23:18:50] step=200/20000 loss=0.699219 d_h=48.8281 eval_acc=None active=0.00010575698228392378
[2026-06-28T23:19:34] step=300/20000 loss=0.716064 d_h=-170.898 eval_acc=None active=0.00010676103096821388
[2026-06-28T23:20:19] step=400/20000 loss=0.708008 d_h=0 eval_acc=None active=0.0001081728865410812
[2026-06-28T23:21:03] step=500/20000 loss=0.709717 d_h=24.4141 eval_acc=None active=0.00010619853870810738
[2026-06-28T23:21:48] step=600/20000 loss=0.725342 d_h=-73.2422 eval_acc=None active=0.00010695790325925115
[2026-06-28T23:22:33] step=700/20000 loss=0.704102 d_h=195.312 eval_acc=None active=0.00010889850155661858
[2026-06-28T23:23:18] step=800/20000 loss=0.731689 d_h=122.07 eval_acc=None active=0.00010503699219098745
[2026-06-28T23:24:03] step=900/20000 loss=0.375122 d_h=1672.36 eval_acc=None active=0.00010781289149461304
[2026-06-28T23:24:58] step=1000/20000 loss=0.70459 d_h=-48.8281 eval_acc=0.4859437751004016 active=0.00011616308909589404
[2026-06-28T23:25:43] step=1100/20000 loss=0.698242 d_h=390.625 eval_acc=None active=0.000105430736773062
[2026-06-28T23:26:28] step=1200/20000 loss=0.68457 d_h=48.8281 eval_acc=None active=0.00010493293112286775
[2026-06-28T23:27:13] step=1300/20000 loss=0.687012 d_h=97.6562 eval_acc=None active=0.00011003473592203372
[2026-06-28T23:27:58] step=1400/20000 loss=0.707764 d_h=170.898 eval_acc=None active=0.00010264358762423429
[2026-06-28T23:28:42] step=1500/20000 loss=0.702393 d_h=219.727 eval_acc=None active=0.00010422700333643409
[2026-06-28T23:29:27] step=1600/20000 loss=0.709229 d_h=-219.727 eval_acc=None active=0.0001028348349926705
[2026-06-28T23:30:12] step=1700/20000 loss=0.718018 d_h=-268.555 eval_acc=None active=0.00011075753847627057
[2026-06-28T23:30:57] step=1800/20000 loss=0.731689 d_h=-2807.62 eval_acc=None active=0.0001041932538008277
[2026-06-28T23:31:42] step=1900/20000 loss=0.692383 d_h=244.141 eval_acc=None active=0.00010233140441987519
[2026-06-28T23:32:38] step=2000/20000 loss=0.697266 d_h=97.6562 eval_acc=0.5020080321285141 active=9.902113746914842e-05
[2026-06-28T23:33:23] step=2100/20000 loss=0.663574 d_h=48.8281 eval_acc=None active=0.00010730102353791612
[2026-06-28T23:34:07] step=2200/20000 loss=0.780029 d_h=-952.148 eval_acc=None active=0.000102314529652072
[2026-06-28T23:34:52] step=2300/20000 loss=0.692627 d_h=-73.2422 eval_acc=None active=0.00010206703305762513
[2026-06-28T23:35:37] step=2400/20000 loss=0.692383 d_h=97.6562 eval_acc=None active=9.768521835139549e-05
[2026-06-28T23:36:22] step=2500/20000 loss=0.721436 d_h=415.039 eval_acc=None active=0.0001010686092959361
[2026-06-28T23:37:06] step=2600/20000 loss=0.704102 d_h=-97.6562 eval_acc=None active=9.694554102935543e-05
[2026-06-28T23:37:51] step=2700/20000 loss=0.727051 d_h=1367.19 eval_acc=None active=0.00010167610093685112
[2026-06-28T23:38:36] step=2800/20000 loss=0.793701 d_h=561.523 eval_acc=None active=9.795521463624661e-05
[2026-06-28T23:39:21] step=2900/20000 loss=0.70166 d_h=97.6562 eval_acc=None active=0.00010296139575119446
[2026-06-28T23:40:12] step=3000/20000 loss=0.693359 d_h=-48.8281 eval_acc=0.5100401606425703 active=9.738709745353903e-05
[2026-06-28T23:40:56] step=3100/20000 loss=0.720947 d_h=219.727 eval_acc=None active=9.65011721438713e-05
[2026-06-28T23:41:41] step=3200/20000 loss=0.680176 d_h=48.8281 eval_acc=None active=9.418651649353305e-05
[2026-06-28T23:42:26] step=3300/20000 loss=0.668457 d_h=48.8281 eval_acc=None active=9.344121424889193e-05
[2026-06-28T23:43:10] step=3400/20000 loss=0.682373 d_h=24.4141 eval_acc=None active=9.436651401676714e-05
[2026-06-28T23:43:55] step=3500/20000 loss=0.748291 d_h=-1098.63 eval_acc=None active=0.00010086892454359828
[2026-06-28T23:44:40] step=3600/20000 loss=0.669922 d_h=-1708.98 eval_acc=None active=9.465057260812091e-05
[2026-06-28T23:45:25] step=3700/20000 loss=0.69873 d_h=-48.8281 eval_acc=None active=9.644773537916118e-05
[2026-06-28T23:46:09] step=3800/20000 loss=0.691162 d_h=-170.898 eval_acc=None active=9.498244304158375e-05
[2026-06-28T23:46:54] step=3900/20000 loss=0.691406 d_h=0 eval_acc=None active=9.184373623018948e-05
[2026-06-28T23:47:44] step=4000/20000 loss=0.691895 d_h=-48.8281 eval_acc=0.5100401606425703 active=9.354246285571111e-05
[2026-06-28T23:48:29] step=4100/20000 loss=0.828857 d_h=-756.836 eval_acc=None active=9.223748081226402e-05
[2026-06-28T23:49:14] step=4200/20000 loss=0.766357 d_h=-805.664 eval_acc=None active=0.00010432543948195273
[2026-06-28T23:49:59] step=4300/20000 loss=0.75708 d_h=-24.4141 eval_acc=None active=9.226841788656988e-05
[2026-06-28T23:50:43] step=4400/20000 loss=0.749756 d_h=-756.836 eval_acc=None active=9.368589838203826e-05
[2026-06-28T23:51:28] step=4500/20000 loss=0.627686 d_h=415.039 eval_acc=None active=9.224591819616562e-05
[2026-06-28T23:52:13] step=4600/20000 loss=0.687012 d_h=0 eval_acc=None active=9.279997307237053e-05
[2026-06-28T23:52:58] step=4700/20000 loss=0.886475 d_h=366.211 eval_acc=None active=9.039813112171576e-05
[2026-06-28T23:53:42] step=4800/20000 loss=0.715576 d_h=-170.898 eval_acc=None active=9.243997802590236e-05
[2026-06-28T23:54:27] step=4900/20000 loss=0.82251 d_h=-317.383 eval_acc=None active=9.17509250072719e-05
[2026-06-28T23:55:14] step=5000/20000 loss=0.688232 d_h=24.4141 eval_acc=0.46586345381526106 active=9.679648058042722e-05
[2026-06-28T23:55:59] step=5100/20000 loss=0.711914 d_h=146.484 eval_acc=None active=9.025188313408808e-05
[2026-06-28T23:56:44] step=5200/20000 loss=0.680176 d_h=-48.8281 eval_acc=None active=8.803566362926846e-05
[2026-06-28T23:57:28] step=5300/20000 loss=0.707031 d_h=0 eval_acc=None active=8.870784188009572e-05
[2026-06-28T23:58:13] step=5400/20000 loss=0.709961 d_h=-195.312 eval_acc=None active=8.817347423299456e-05
[2026-06-28T23:58:58] step=5500/20000 loss=0.719482 d_h=-24.4141 eval_acc=None active=8.811441254568337e-05
[2026-06-28T23:59:43] step=5600/20000 loss=0.698975 d_h=-24.4141 eval_acc=None active=9.020125883067849e-05
[2026-06-29T00:00:27] step=5700/20000 loss=0.720703 d_h=-488.281 eval_acc=None active=8.913533599777667e-05
[2026-06-29T00:01:12] step=5800/20000 loss=0.703857 d_h=24.4141 eval_acc=None active=8.761379443418859e-05
[2026-06-29T00:01:57] step=5900/20000 loss=0.68335 d_h=24.4141 eval_acc=None active=8.736911030104226e-05
[2026-06-29T00:02:50] step=6000/20000 loss=0.686035 d_h=0 eval_acc=0.5140562248995983 active=8.969501579658264e-05
[2026-06-29T00:03:35] step=6100/20000 loss=0.692139 d_h=-24.4141 eval_acc=None active=8.975126502259328e-05
[2026-06-29T00:04:20] step=6200/20000 loss=0.689697 d_h=-73.2422 eval_acc=None active=8.70175526384757e-05
[2026-06-29T00:05:05] step=6300/20000 loss=0.654053 d_h=-1684.57 eval_acc=None active=8.919158522378733e-05
[2026-06-29T00:05:50] step=6400/20000 loss=0.692139 d_h=73.2422 eval_acc=None active=8.716942554870445e-05
[2026-06-29T00:06:34] step=6500/20000 loss=0.699463 d_h=24.4141 eval_acc=None active=8.644099807186653e-05
[2026-06-29T00:07:19] step=6600/20000 loss=0.685791 d_h=-317.383 eval_acc=None active=8.741692214315131e-05
[2026-06-29T00:08:04] step=6700/20000 loss=0.739014 d_h=854.492 eval_acc=None active=8.67925557344331e-05
[2026-06-29T00:08:48] step=6800/20000 loss=0.690918 d_h=48.8281 eval_acc=None active=9.012813483686464e-05
[2026-06-29T00:09:33] step=6900/20000 loss=0.69165 d_h=24.4141 eval_acc=None active=8.533288831945672e-05
[2026-06-29T00:10:20] step=7000/20000 loss=0.698242 d_h=-146.484 eval_acc=0.5060240963855421 active=8.738598506884545e-05
[2026-06-29T00:11:05] step=7100/20000 loss=0.718018 d_h=73.2422 eval_acc=None active=8.761098197288805e-05
[2026-06-29T00:11:49] step=7200/20000 loss=0.790283 d_h=561.523 eval_acc=None active=8.491383158567739e-05
[2026-06-29T00:12:34] step=7300/20000 loss=0.694824 d_h=146.484 eval_acc=None active=8.386759598187929e-05
[2026-06-29T00:13:19] step=7400/20000 loss=0.70459 d_h=-195.312 eval_acc=None active=8.750973336606889e-05
[2026-06-29T00:14:04] step=7500/20000 loss=0.689209 d_h=-24.4141 eval_acc=None active=8.489133189527312e-05
[2026-06-29T00:14:48] step=7600/20000 loss=0.726807 d_h=366.211 eval_acc=None active=8.66884946663134e-05
[2026-06-29T00:15:33] step=7700/20000 loss=0.697998 d_h=73.2422 eval_acc=None active=8.488851943397259e-05
[2026-06-29T00:16:18] step=7800/20000 loss=0.699707 d_h=-146.484 eval_acc=None active=8.378322214286332e-05
[2026-06-29T00:17:03] step=7900/20000 loss=0.701416 d_h=-268.555 eval_acc=None active=8.281854791678066e-05
[2026-06-29T00:17:50] step=8000/20000 loss=0.69458 d_h=-170.898 eval_acc=0.5020080321285141 active=8.306885697252805e-05
[2026-06-29T00:18:35] step=8100/20000 loss=0.747559 d_h=-1708.98 eval_acc=None active=8.714130093569913e-05
[2026-06-29T00:19:20] step=8200/20000 loss=0.687988 d_h=48.8281 eval_acc=None active=8.459883592001774e-05
[2026-06-29T00:20:05] step=8300/20000 loss=0.674316 d_h=0 eval_acc=None active=8.222793104366884e-05
[2026-06-29T00:20:50] step=8400/20000 loss=0.692627 d_h=24.4141 eval_acc=None active=8.320666757625415e-05
[2026-06-29T00:21:34] step=8500/20000 loss=0.799805 d_h=-634.766 eval_acc=None active=8.208730797864221e-05
[2026-06-29T00:22:19] step=8600/20000 loss=0.71167 d_h=73.2422 eval_acc=None active=8.326010434096427e-05
[2026-06-29T00:23:04] step=8700/20000 loss=0.740723 d_h=-341.797 eval_acc=None active=8.49335188147811e-05
[2026-06-29T00:23:49] step=8800/20000 loss=0.729736 d_h=-512.695 eval_acc=None active=8.8946901090641e-05
[2026-06-29T00:24:33] step=8900/20000 loss=0.775879 d_h=-244.141 eval_acc=None active=8.214918212725393e-05
[2026-06-29T00:25:20] step=9000/20000 loss=0.77002 d_h=1855.47 eval_acc=0.4979919678714859 active=8.476477113674916e-05
[2026-06-29T00:26:05] step=9100/20000 loss=0.797852 d_h=-1074.22 eval_acc=None active=8.123231974328034e-05
[2026-06-29T00:26:50] step=9200/20000 loss=0.675049 d_h=122.07 eval_acc=None active=8.27876108424748e-05
[2026-06-29T00:27:35] step=9300/20000 loss=0.702881 d_h=24.4141 eval_acc=None active=8.814534961998923e-05
[2026-06-29T00:28:19] step=9400/20000 loss=1.06738 d_h=-390.625 eval_acc=None active=7.997233708064177e-05
[2026-06-29T00:29:04] step=9500/20000 loss=0.739746 d_h=-537.109 eval_acc=None active=9.022094605978222e-05
[2026-06-29T00:29:49] step=9600/20000 loss=0.685303 d_h=24.4141 eval_acc=None active=7.675769381413312e-05
[2026-06-29T00:30:34] step=9700/20000 loss=0.983887 d_h=488.281 eval_acc=None active=7.739331006805346e-05
[2026-06-29T00:31:18] step=9800/20000 loss=0.756592 d_h=170.898 eval_acc=None active=8.529351386124927e-05
[2026-06-29T00:32:03] step=9900/20000 loss=0.700928 d_h=561.523 eval_acc=None active=8.217168181765818e-05
[2026-06-29T00:32:53] step=10000/20000 loss=0.684082 d_h=-292.969 eval_acc=0.5020080321285141 active=7.444303816379487e-05
[2026-06-29T00:33:38] step=10100/20000 loss=0.725098 d_h=-195.312 eval_acc=None active=7.627395047044152e-05
[2026-06-29T00:34:23] step=10200/20000 loss=0.704834 d_h=24.4141 eval_acc=None active=7.687862965005602e-05
[2026-06-29T00:35:07] step=10300/20000 loss=0.702881 d_h=-122.07 eval_acc=None active=7.696300348907199e-05
[2026-06-29T00:35:52] step=10400/20000 loss=0.715088 d_h=170.898 eval_acc=None active=7.63751990772607e-05
[2026-06-29T00:36:37] step=10500/20000 loss=0.693848 d_h=-48.8281 eval_acc=None active=7.733706084204281e-05
[2026-06-29T00:37:22] step=10600/20000 loss=0.699463 d_h=-415.039 eval_acc=None active=7.664800782341234e-05
[2026-06-29T00:38:06] step=10700/20000 loss=0.696045 d_h=24.4141 eval_acc=None active=7.81751743096015e-05
[2026-06-29T00:38:51] step=10800/20000 loss=0.615723 d_h=-927.734 eval_acc=None active=7.527833917005303e-05
[2026-06-29T00:39:36] step=10900/20000 loss=0.689697 d_h=73.2422 eval_acc=None active=7.746362160056678e-05
[2026-06-29T00:40:23] step=11000/20000 loss=0.688477 d_h=0 eval_acc=0.4979919678714859 active=7.533458839606366e-05
[2026-06-29T00:41:07] step=11100/20000 loss=0.757568 d_h=-512.695 eval_acc=None active=7.490146935578166e-05
[2026-06-29T00:41:52] step=11200/20000 loss=0.693115 d_h=-24.4141 eval_acc=None active=7.55961472970132e-05
[2026-06-29T00:42:37] step=11300/20000 loss=0.6875 d_h=0 eval_acc=None active=7.497740581089605e-05
[2026-06-29T00:43:22] step=11400/20000 loss=0.723389 d_h=-512.695 eval_acc=None active=7.530927624435888e-05
[2026-06-29T00:44:06] step=11500/20000 loss=0.692871 d_h=0 eval_acc=None active=7.4195541569348e-05
[2026-06-29T00:44:51] step=11600/20000 loss=0.689697 d_h=122.07 eval_acc=None active=7.44205384733906e-05
[2026-06-29T00:45:36] step=11700/20000 loss=0.4552 d_h=183.105 eval_acc=None active=7.419835403064854e-05
[2026-06-29T00:46:21] step=11800/20000 loss=1.0127 d_h=97.6562 eval_acc=None active=7.479459582636142e-05
[2026-06-29T00:47:05] step=11900/20000 loss=0.695801 d_h=-48.8281 eval_acc=None active=8.415727949583414e-05
[2026-06-29T00:47:52] step=12000/20000 loss=0.693359 d_h=0 eval_acc=0.5020080321285141 active=7.370898576435588e-05
[2026-06-29T00:48:37] step=12100/20000 loss=0.74292 d_h=-170.898 eval_acc=None active=7.348117639901274e-05
[2026-06-29T00:49:22] step=12200/20000 loss=0.701904 d_h=-170.898 eval_acc=None active=7.859141858208031e-05
[2026-06-29T00:50:06] step=12300/20000 loss=0.706787 d_h=-122.07 eval_acc=None active=7.684769257575016e-05
[2026-06-29T00:50:51] step=12400/20000 loss=0.694336 d_h=97.6562 eval_acc=None active=7.342211471170157e-05
[2026-06-29T00:51:36] step=12500/20000 loss=0.737793 d_h=97.6562 eval_acc=None active=7.71542508575082e-05
[2026-06-29T00:52:21] step=12600/20000 loss=0.592041 d_h=170.898 eval_acc=None active=7.537958777687219e-05
[2026-06-29T00:53:06] step=12700/20000 loss=0.691162 d_h=24.4141 eval_acc=None active=7.229431773018804e-05
[2026-06-29T00:53:50] step=12800/20000 loss=0.716553 d_h=-73.2422 eval_acc=None active=7.36499240770447e-05
[2026-06-29T00:54:35] step=12900/20000 loss=0.691895 d_h=0 eval_acc=None active=7.368086115135056e-05
[2026-06-29T00:55:22] step=13000/20000 loss=0.706543 d_h=244.141 eval_acc=0.5020080321285141 active=7.275556138347537e-05
[2026-06-29T00:56:07] step=13100/20000 loss=0.693604 d_h=-24.4141 eval_acc=None active=7.268524985096205e-05
[2026-06-29T00:56:52] step=13200/20000 loss=0.749512 d_h=146.484 eval_acc=None active=7.376523499036653e-05
[2026-06-29T00:57:37] step=13300/20000 loss=0.679443 d_h=-73.2422 eval_acc=None active=7.246869033082104e-05
[2026-06-29T00:58:21] step=13400/20000 loss=0.693848 d_h=0 eval_acc=None active=7.72583119256279e-05
[2026-06-29T00:59:06] step=13500/20000 loss=0.763672 d_h=-732.422 eval_acc=None active=7.205525851964277e-05
[2026-06-29T00:59:51] step=13600/20000 loss=0.753906 d_h=341.797 eval_acc=None active=7.490990673968327e-05
[2026-06-29T01:00:35] step=13700/20000 loss=0.696289 d_h=0 eval_acc=None active=7.494365627528965e-05
[2026-06-29T01:01:20] step=13800/20000 loss=0.724365 d_h=-24.4141 eval_acc=None active=7.142526718832348e-05
[2026-06-29T01:02:05] step=13900/20000 loss=0.791748 d_h=122.07 eval_acc=None active=7.497178088829498e-05
[2026-06-29T01:02:52] step=14000/20000 loss=0.653564 d_h=24.4141 eval_acc=0.4979919678714859 active=7.414772972723896e-05
[2026-06-29T01:03:37] step=14100/20000 loss=0.694824 d_h=0 eval_acc=None active=7.657769629089904e-05
[2026-06-29T01:04:22] step=14200/20000 loss=0.687744 d_h=24.4141 eval_acc=None active=7.579864451065154e-05
[2026-06-29T01:05:06] step=14300/20000 loss=0.728516 d_h=585.938 eval_acc=None active=7.243775325651518e-05
[2026-06-29T01:05:51] step=14400/20000 loss=0.850098 d_h=878.906 eval_acc=None active=7.25249395568317e-05
[2026-06-29T01:06:36] step=14500/20000 loss=0.696045 d_h=-122.07 eval_acc=None active=7.200463421623318e-05
[2026-06-29T01:07:21] step=14600/20000 loss=0.686279 d_h=-24.4141 eval_acc=None active=7.354867547022552e-05
[2026-06-29T01:08:06] step=14700/20000 loss=0.692383 d_h=0 eval_acc=None active=7.253056447943276e-05
[2026-06-29T01:08:50] step=14800/20000 loss=0.919678 d_h=-659.18 eval_acc=None active=7.13662055010123e-05
[2026-06-29T01:09:35] step=14900/20000 loss=0.950684 d_h=195.312 eval_acc=None active=7.489865689448113e-05
[2026-06-29T01:10:22] step=15000/20000 loss=0.715332 d_h=-97.6562 eval_acc=0.4979919678714859 active=7.129870642979953e-05
[2026-06-29T01:11:07] step=15100/20000 loss=0.692383 d_h=-48.8281 eval_acc=None active=7.217338189426514e-05
[2026-06-29T01:11:51] step=15200/20000 loss=0.707031 d_h=-244.141 eval_acc=None active=7.055902910775948e-05
[2026-06-29T01:12:36] step=15300/20000 loss=0.861572 d_h=903.32 eval_acc=None active=7.030309512941102e-05
[2026-06-29T01:13:21] step=15400/20000 loss=0.697021 d_h=219.727 eval_acc=None active=6.918654799309961e-05
[2026-06-29T01:14:06] step=15500/20000 loss=0.738281 d_h=-830.078 eval_acc=None active=6.833999714163933e-05
[2026-06-29T01:14:50] step=15600/20000 loss=0.732178 d_h=-122.07 eval_acc=None active=7.336024056308985e-05
[2026-06-29T01:15:35] step=15700/20000 loss=0.762451 d_h=-903.32 eval_acc=None active=7.259525108934501e-05
[2026-06-29T01:16:20] step=15800/20000 loss=0.693359 d_h=0 eval_acc=None active=7.046621788484191e-05
[2026-06-29T01:17:05] step=15900/20000 loss=0.690186 d_h=24.4141 eval_acc=None active=7.046059296224085e-05
[2026-06-29T01:17:52] step=16000/20000 loss=0.679688 d_h=-439.453 eval_acc=0.4979919678714859 active=6.93327959807273e-05
[2026-06-29T01:18:36] step=16100/20000 loss=0.749512 d_h=-488.281 eval_acc=None active=7.05871537207648e-05
[2026-06-29T01:19:21] step=16200/20000 loss=0.541992 d_h=2783.2 eval_acc=None active=6.853124451007554e-05
[2026-06-29T01:20:06] step=16300/20000 loss=0.698975 d_h=24.4141 eval_acc=None active=6.710532663070556e-05
[2026-06-29T01:20:51] step=16400/20000 loss=0.758301 d_h=-732.422 eval_acc=None active=6.803062639858076e-05
[2026-06-29T01:21:36] step=16500/20000 loss=0.723633 d_h=439.453 eval_acc=None active=6.673408173903527e-05
[2026-06-29T01:22:20] step=16600/20000 loss=1.01245 d_h=1293.95 eval_acc=None active=6.545441184729298e-05
[2026-06-29T01:23:05] step=16700/20000 loss=0.720703 d_h=292.969 eval_acc=None active=6.613502748202184e-05
[2026-06-29T01:23:50] step=16800/20000 loss=1.00586 d_h=-390.625 eval_acc=None active=6.588753088757499e-05
[2026-06-29T01:24:35] step=16900/20000 loss=0.689209 d_h=-415.039 eval_acc=None active=6.374443537656922e-05
[2026-06-29T01:25:22] step=17000/20000 loss=0.820312 d_h=-585.938 eval_acc=0.5020080321285141 active=6.069010240419092e-05
[2026-06-29T01:26:07] step=17100/20000 loss=0.500122 d_h=378.418 eval_acc=None active=6.357287523723674e-05
[2026-06-29T01:26:52] step=17200/20000 loss=0.693115 d_h=24.4141 eval_acc=None active=5.880856579413467e-05
[2026-06-29T01:27:37] step=17300/20000 loss=0.755615 d_h=-1293.95 eval_acc=None active=5.763014450921155e-05
[2026-06-29T01:28:21] step=17400/20000 loss=0.689941 d_h=-97.6562 eval_acc=None active=5.892668916875704e-05
[2026-06-29T01:29:06] step=17500/20000 loss=0.739014 d_h=-170.898 eval_acc=None active=5.87241919551187e-05
[2026-06-29T01:29:51] step=17600/20000 loss=0.698975 d_h=-24.4141 eval_acc=None active=6.0751976552802634e-05
[2026-06-29T01:30:36] step=17700/20000 loss=0.676025 d_h=24.4141 eval_acc=None active=5.884512779104159e-05
[2026-06-29T01:31:21] step=17800/20000 loss=0.713623 d_h=-122.07 eval_acc=None active=5.917981068580496e-05
[2026-06-29T01:32:06] step=17900/20000 loss=0.776123 d_h=-24.4141 eval_acc=None active=5.983792663012957e-05
[2026-06-29T01:32:53] step=18000/20000 loss=1.12061 d_h=830.078 eval_acc=0.4979919678714859 active=5.8786066103730416e-05
[2026-06-29T01:33:38] step=18100/20000 loss=1.75781 d_h=1855.47 eval_acc=None active=6.27656988439839e-05
[2026-06-29T01:34:22] step=18200/20000 loss=0.730469 d_h=-341.797 eval_acc=None active=6.493973142929553e-05
[2026-06-29T01:35:07] step=18300/20000 loss=0.703613 d_h=-48.8281 eval_acc=None active=5.8274198147033495e-05
[2026-06-29T01:35:52] step=18400/20000 loss=0.693604 d_h=24.4141 eval_acc=None active=5.6159227249033056e-05
[2026-06-29T01:36:37] step=18500/20000 loss=0.688721 d_h=170.898 eval_acc=None active=5.6761093967347007e-05
[2026-06-29T01:37:22] step=18600/20000 loss=0.685059 d_h=48.8281 eval_acc=None active=5.9272621908722536e-05
[2026-06-29T01:38:06] step=18700/20000 loss=0.71167 d_h=659.18 eval_acc=None active=5.614516494253039e-05
[2026-06-29T01:38:51] step=18800/20000 loss=0.696533 d_h=317.383 eval_acc=None active=5.6859530112865645e-05
[2026-06-29T01:39:36] step=18900/20000 loss=0.557129 d_h=-781.25 eval_acc=None active=5.63364123109666e-05
[2026-06-29T01:40:24] step=19000/20000 loss=0.729492 d_h=195.312 eval_acc=0.4979919678714859 active=5.893793901395917e-05
[2026-06-29T01:41:09] step=19100/20000 loss=0.694824 d_h=244.141 eval_acc=None active=5.6339224772267134e-05
[2026-06-29T01:41:54] step=19200/20000 loss=0.697998 d_h=-122.07 eval_acc=None active=5.567267144404093e-05
[2026-06-29T01:42:38] step=19300/20000 loss=0.740967 d_h=-415.039 eval_acc=None active=5.824607353402817e-05
[2026-06-29T01:43:23] step=19400/20000 loss=0.66333 d_h=122.07 eval_acc=None active=5.581891943166862e-05
[2026-06-29T01:44:08] step=19500/20000 loss=0.765869 d_h=-219.727 eval_acc=None active=6.522941494325038e-05
[2026-06-29T01:44:52] step=19600/20000 loss=0.694824 d_h=0 eval_acc=None active=6.011073537628122e-05
[2026-06-29T01:45:37] step=19700/20000 loss=0.738281 d_h=0 eval_acc=None active=5.481768320867905e-05
[2026-06-29T01:46:22] step=19800/20000 loss=0.769531 d_h=1855.47 eval_acc=None active=5.5579860221123355e-05
[2026-06-29T01:47:07] step=19900/20000 loss=0.688965 d_h=0 eval_acc=None active=5.546736176910206e-05
[2026-06-29T01:47:54] step=20000/20000 loss=0.693359 d_h=0 eval_acc=0.4979919678714859 active=5.512142902913656e-05
[2026-06-29T01:47:56] finished int4_sparsep0p1_taskgrad_seedfixed_rte_fixed_small_h1e-5_seed32_full_bs64_step20k status=complete steps=20000
RobertaConfig {
  "_attn_implementation_autoset": true,
  "architectures": [
    "RobertaForMaskedLM"
  ],
  "attention_probs_dropout_prob": 0.1,
  "bos_token_id": 0,
  "classifier_dropout": null,
  "eos_token_id": 2,
  "finetuning_task": "trec",
  "hidden_act": "gelu",
  "hidden_dropout_prob": 0.1,
  "hidden_size": 1024,
  "id2label": {
    "0": "LABEL_0",
    "1": "LABEL_1",
    "2": "LABEL_2",
    "3": "LABEL_3",
    "4": "LABEL_4",
    "5": "LABEL_5"
  },
  "initializer_range": 0.02,
  "intermediate_size": 4096,
  "label2id": {
    "LABEL_0": 0,
    "LABEL_1": 1,
    "LABEL_2": 2,
    "LABEL_3": 3,
    "LABEL_4": 4,
    "LABEL_5": 5
  },
  "layer_norm_eps": 1e-05,
  "max_position_embeddings": 514,
  "model_type": "roberta",
  "num_attention_heads": 16,
  "num_hidden_layers": 24,
  "pad_token_id": 1,
  "position_embedding_type": "absolute",
  "torch_dtype": "float32",
  "transformers_version": "4.51.3",
  "type_vocab_size": 1,
  "use_cache": true,
  "vocab_size": 50265
}

[2026-06-29T01:48:15] starting int4_prefix_quantized_seedfixed_trec_fixed_small_h1e-5_seed64_full_bs64_step20k
[2026-06-29T01:48:15] prefix mode prefix_params=48 active_params=245760 prefix_quantize=True
[2026-06-29T01:48:16] step=1/20000 loss=1.98145 d_h=0 eval_acc=None active=8.951822916666666e-05
[2026-06-29T01:49:00] step=100/20000 loss=2.10254 d_h=2636.72 eval_acc=None active=8.951822916666666e-05
[2026-06-29T01:49:45] step=200/20000 loss=2.06934 d_h=1464.84 eval_acc=None active=4.8828125e-05
[2026-06-29T01:50:30] step=300/20000 loss=2.04102 d_h=0 eval_acc=None active=2.0345052083333332e-05
[2026-06-29T01:51:15] step=400/20000 loss=1.99023 d_h=-585.938 eval_acc=None active=0.0
[2026-06-29T01:52:00] step=500/20000 loss=2.00293 d_h=-292.969 eval_acc=None active=1.6276041666666666e-05
[2026-06-29T01:52:44] step=600/20000 loss=1.86914 d_h=0 eval_acc=None active=0.0
[2026-06-29T01:53:29] step=700/20000 loss=1.90039 d_h=0 eval_acc=None active=8.138020833333333e-06
[2026-06-29T01:54:14] step=800/20000 loss=2.06641 d_h=390.625 eval_acc=None active=8.138020833333333e-06
[2026-06-29T01:54:59] step=900/20000 loss=1.89453 d_h=-976.562 eval_acc=None active=4.069010416666667e-06
[2026-06-29T01:55:48] step=1000/20000 loss=1.83105 d_h=292.969 eval_acc=0.17399267399267399 active=0.0
[2026-06-29T01:56:33] step=1100/20000 loss=2.10547 d_h=0 eval_acc=None active=8.138020833333333e-06
[2026-06-29T01:57:18] step=1200/20000 loss=2.00586 d_h=0 eval_acc=None active=0.0
[2026-06-29T01:58:03] step=1300/20000 loss=1.79688 d_h=-4199.22 eval_acc=None active=4.069010416666667e-06
[2026-06-29T01:58:47] step=1400/20000 loss=1.87012 d_h=0 eval_acc=None active=8.138020833333333e-06
[2026-06-29T01:59:32] step=1500/20000 loss=1.92676 d_h=0 eval_acc=None active=4.069010416666667e-06
[2026-06-29T02:00:17] step=1600/20000 loss=1.98535 d_h=-2050.78 eval_acc=None active=0.0
[2026-06-29T02:01:02] step=1700/20000 loss=1.91797 d_h=-195.312 eval_acc=None active=4.069010416666667e-06
[2026-06-29T02:01:47] step=1800/20000 loss=2.00781 d_h=0 eval_acc=None active=4.069010416666667e-06
[2026-06-29T02:02:32] step=1900/20000 loss=1.99512 d_h=0 eval_acc=None active=4.069010416666667e-06
[2026-06-29T02:03:17] step=2000/20000 loss=2.06641 d_h=0 eval_acc=0.1336996336996337 active=4.069010416666667e-06
[2026-06-29T02:04:02] step=2100/20000 loss=2.05078 d_h=-585.938 eval_acc=None active=1.220703125e-05
[2026-06-29T02:04:47] step=2200/20000 loss=1.99902 d_h=0 eval_acc=None active=0.0
[2026-06-29T02:05:32] step=2300/20000 loss=2.05273 d_h=0 eval_acc=None active=0.0
[2026-06-29T02:06:17] step=2400/20000 loss=2.08008 d_h=0 eval_acc=None active=0.0
[2026-06-29T02:07:02] step=2500/20000 loss=1.95508 d_h=0 eval_acc=None active=4.069010416666667e-06
[2026-06-29T02:07:46] step=2600/20000 loss=1.96191 d_h=0 eval_acc=None active=0.0
[2026-06-29T02:08:31] step=2700/20000 loss=2.11914 d_h=0 eval_acc=None active=4.069010416666667e-06
[2026-06-29T02:09:16] step=2800/20000 loss=1.93066 d_h=0 eval_acc=None active=4.069010416666667e-06
[2026-06-29T02:10:01] step=2900/20000 loss=2.07812 d_h=0 eval_acc=None active=4.069010416666667e-06
[2026-06-29T02:10:47] step=3000/20000 loss=2.08398 d_h=0 eval_acc=0.11538461538461539 active=0.0
[2026-06-29T02:11:32] step=3100/20000 loss=1.99121 d_h=0 eval_acc=None active=0.0
[2026-06-29T02:12:16] step=3200/20000 loss=1.9541 d_h=0 eval_acc=None active=0.0
[2026-06-29T02:13:01] step=3300/20000 loss=2.04492 d_h=0 eval_acc=None active=0.0
[2026-06-29T02:13:46] step=3400/20000 loss=2.01758 d_h=0 eval_acc=None active=0.0
[2026-06-29T02:14:31] step=3500/20000 loss=1.96191 d_h=0 eval_acc=None active=0.0
[2026-06-29T02:15:16] step=3600/20000 loss=2.05078 d_h=0 eval_acc=None active=0.0
[2026-06-29T02:16:00] step=3700/20000 loss=2.05469 d_h=0 eval_acc=None active=4.069010416666667e-06
[2026-06-29T02:16:45] step=3800/20000 loss=2.11328 d_h=0 eval_acc=None active=0.0
[2026-06-29T02:17:30] step=3900/20000 loss=2.03906 d_h=0 eval_acc=None active=0.0
[2026-06-29T02:18:16] step=4000/20000 loss=2.05469 d_h=0 eval_acc=0.054945054945054944 active=4.069010416666667e-06
[2026-06-29T02:19:01] step=4100/20000 loss=2.06445 d_h=0 eval_acc=None active=8.138020833333333e-06
[2026-06-29T02:19:46] step=4200/20000 loss=2.03711 d_h=0 eval_acc=None active=0.0
[2026-06-29T02:20:30] step=4300/20000 loss=2.00586 d_h=0 eval_acc=None active=0.0
[2026-06-29T02:21:15] step=4400/20000 loss=1.91895 d_h=0 eval_acc=None active=8.138020833333333e-06
[2026-06-29T02:22:00] step=4500/20000 loss=2.125 d_h=0 eval_acc=None active=0.0
[2026-06-29T02:22:45] step=4600/20000 loss=2.18359 d_h=0 eval_acc=None active=0.0
[2026-06-29T02:23:30] step=4700/20000 loss=2.15625 d_h=0 eval_acc=None active=0.0
[2026-06-29T02:24:14] step=4800/20000 loss=2.09766 d_h=0 eval_acc=None active=0.0
[2026-06-29T02:24:59] step=4900/20000 loss=2.03711 d_h=0 eval_acc=None active=0.0
[2026-06-29T02:25:45] step=5000/20000 loss=2.08789 d_h=0 eval_acc=0.11538461538461539 active=0.0
[2026-06-29T02:26:30] step=5100/20000 loss=2.08594 d_h=0 eval_acc=None active=0.0
[2026-06-29T02:27:15] step=5200/20000 loss=1.93652 d_h=0 eval_acc=None active=0.0
[2026-06-29T02:28:00] step=5300/20000 loss=2.08594 d_h=0 eval_acc=None active=0.0
[2026-06-29T02:28:45] step=5400/20000 loss=2.08398 d_h=0 eval_acc=None active=0.0
[2026-06-29T02:29:30] step=5500/20000 loss=2.16602 d_h=0 eval_acc=None active=4.069010416666667e-06
[2026-06-29T02:30:15] step=5600/20000 loss=2.17773 d_h=0 eval_acc=None active=0.0
[2026-06-29T02:31:00] step=5700/20000 loss=2.08789 d_h=0 eval_acc=None active=0.0
[2026-06-29T02:31:45] step=5800/20000 loss=2.25586 d_h=0 eval_acc=None active=4.069010416666667e-06
[2026-06-29T02:32:29] step=5900/20000 loss=2.23242 d_h=0 eval_acc=None active=4.069010416666667e-06
[2026-06-29T02:33:15] step=6000/20000 loss=2.13477 d_h=0 eval_acc=0.04945054945054945 active=0.0
[2026-06-29T02:34:00] step=6100/20000 loss=2.15625 d_h=0 eval_acc=None active=0.0
[2026-06-29T02:34:45] step=6200/20000 loss=2.19141 d_h=0 eval_acc=None active=0.0
[2026-06-29T02:35:30] step=6300/20000 loss=2.09766 d_h=0 eval_acc=None active=0.0
[2026-06-29T02:36:15] step=6400/20000 loss=2.03906 d_h=0 eval_acc=None active=0.0
[2026-06-29T02:36:59] step=6500/20000 loss=2.07227 d_h=0 eval_acc=None active=0.0
[2026-06-29T02:37:44] step=6600/20000 loss=1.97363 d_h=0 eval_acc=None active=0.0
[2026-06-29T02:38:29] step=6700/20000 loss=1.92285 d_h=0 eval_acc=None active=0.0
[2026-06-29T02:39:14] step=6800/20000 loss=2.09766 d_h=0 eval_acc=None active=0.0
[2026-06-29T02:39:59] step=6900/20000 loss=1.9541 d_h=0 eval_acc=None active=0.0
[2026-06-29T02:40:45] step=7000/20000 loss=2.12305 d_h=0 eval_acc=0.07142857142857142 active=0.0
[2026-06-29T02:41:30] step=7100/20000 loss=2.01562 d_h=781.25 eval_acc=None active=4.069010416666667e-06
[2026-06-29T02:42:15] step=7200/20000 loss=2.16016 d_h=0 eval_acc=None active=4.069010416666667e-06
[2026-06-29T02:43:00] step=7300/20000 loss=2 d_h=0 eval_acc=None active=0.0
[2026-06-29T02:43:45] step=7400/20000 loss=2.08789 d_h=0 eval_acc=None active=8.138020833333333e-06
[2026-06-29T02:44:29] step=7500/20000 loss=2.04688 d_h=0 eval_acc=None active=8.138020833333333e-06
[2026-06-29T02:45:14] step=7600/20000 loss=2.03516 d_h=0 eval_acc=None active=0.0
[2026-06-29T02:45:59] step=7700/20000 loss=2.17188 d_h=0 eval_acc=None active=0.0
[2026-06-29T02:46:44] step=7800/20000 loss=2.02734 d_h=0 eval_acc=None active=4.069010416666667e-06
[2026-06-29T02:47:29] step=7900/20000 loss=2.05273 d_h=0 eval_acc=None active=0.0
[2026-06-29T02:48:15] step=8000/20000 loss=2.1543 d_h=0 eval_acc=0.06776556776556776 active=0.0
[2026-06-29T02:49:00] step=8100/20000 loss=2.12109 d_h=0 eval_acc=None active=4.069010416666667e-06
[2026-06-29T02:49:45] step=8200/20000 loss=2.08887 d_h=292.969 eval_acc=None active=4.069010416666667e-06
[2026-06-29T02:50:30] step=8300/20000 loss=2.05859 d_h=0 eval_acc=None active=0.0
[2026-06-29T02:51:14] step=8400/20000 loss=2.11914 d_h=0 eval_acc=None active=0.0
[2026-06-29T02:51:59] step=8500/20000 loss=2 d_h=0 eval_acc=None active=0.0
[2026-06-29T02:52:44] step=8600/20000 loss=2.09766 d_h=0 eval_acc=None active=0.0
[2026-06-29T02:53:29] step=8700/20000 loss=2.00684 d_h=488.281 eval_acc=None active=0.0
[2026-06-29T02:54:14] step=8800/20000 loss=2.08398 d_h=0 eval_acc=None active=0.0
[2026-06-29T02:54:58] step=8900/20000 loss=1.99805 d_h=0 eval_acc=None active=0.0
[2026-06-29T02:55:44] step=9000/20000 loss=2.06445 d_h=0 eval_acc=0.047619047619047616 active=0.0
[2026-06-29T02:56:29] step=9100/20000 loss=2.10742 d_h=0 eval_acc=None active=0.0
[2026-06-29T02:57:14] step=9200/20000 loss=2.12988 d_h=-683.594 eval_acc=None active=0.0
[2026-06-29T02:57:59] step=9300/20000 loss=2.11914 d_h=0 eval_acc=None active=4.069010416666667e-06
[2026-06-29T02:58:43] step=9400/20000 loss=2.14453 d_h=0 eval_acc=None active=4.069010416666667e-06
[2026-06-29T02:59:28] step=9500/20000 loss=2.03125 d_h=0 eval_acc=None active=0.0
[2026-06-29T03:00:13] step=9600/20000 loss=1.9834 d_h=0 eval_acc=None active=4.069010416666667e-06
[2026-06-29T03:00:58] step=9700/20000 loss=1.99707 d_h=0 eval_acc=None active=4.069010416666667e-06
[2026-06-29T03:01:43] step=9800/20000 loss=2.01172 d_h=0 eval_acc=None active=4.069010416666667e-06
[2026-06-29T03:02:28] step=9900/20000 loss=1.95801 d_h=0 eval_acc=None active=0.0
[2026-06-29T03:03:14] step=10000/20000 loss=2.19727 d_h=0 eval_acc=0.09340659340659341 active=0.0
[2026-06-29T03:03:59] step=10100/20000 loss=2.07031 d_h=0 eval_acc=None active=4.069010416666667e-06
[2026-06-29T03:04:44] step=10200/20000 loss=2.08398 d_h=0 eval_acc=None active=0.0
[2026-06-29T03:05:28] step=10300/20000 loss=1.97754 d_h=0 eval_acc=None active=0.0
[2026-06-29T03:06:13] step=10400/20000 loss=2.0625 d_h=0 eval_acc=None active=0.0
[2026-06-29T03:06:58] step=10500/20000 loss=2.19336 d_h=0 eval_acc=None active=4.069010416666667e-06
[2026-06-29T03:07:43] step=10600/20000 loss=2.10156 d_h=0 eval_acc=None active=0.0
[2026-06-29T03:08:28] step=10700/20000 loss=2.1582 d_h=0 eval_acc=None active=0.0
[2026-06-29T03:09:13] step=10800/20000 loss=2.10938 d_h=0 eval_acc=None active=0.0
[2026-06-29T03:09:57] step=10900/20000 loss=2.21875 d_h=0 eval_acc=None active=0.0
[2026-06-29T03:10:43] step=11000/20000 loss=2.05859 d_h=0 eval_acc=0.11904761904761904 active=4.069010416666667e-06
[2026-06-29T03:11:28] step=11100/20000 loss=1.96191 d_h=0 eval_acc=None active=0.0
[2026-06-29T03:12:13] step=11200/20000 loss=2.04297 d_h=0 eval_acc=None active=0.0
[2026-06-29T03:12:58] step=11300/20000 loss=1.9873 d_h=0 eval_acc=None active=0.0
[2026-06-29T03:13:43] step=11400/20000 loss=2.13867 d_h=0 eval_acc=None active=0.0
[2026-06-29T03:14:28] step=11500/20000 loss=2.02148 d_h=0 eval_acc=None active=0.0
[2026-06-29T03:15:12] step=11600/20000 loss=1.96777 d_h=0 eval_acc=None active=4.069010416666667e-06
[2026-06-29T03:15:57] step=11700/20000 loss=2.03516 d_h=0 eval_acc=None active=4.069010416666667e-06
[2026-06-29T03:16:42] step=11800/20000 loss=2.06055 d_h=0 eval_acc=None active=0.0
[2026-06-29T03:17:27] step=11900/20000 loss=1.96973 d_h=0 eval_acc=None active=0.0
[2026-06-29T03:18:12] step=12000/20000 loss=1.91602 d_h=0 eval_acc=0.054945054945054944 active=0.0
[2026-06-29T03:18:57] step=12100/20000 loss=2.04492 d_h=0 eval_acc=None active=0.0
[2026-06-29T03:19:42] step=12200/20000 loss=1.98438 d_h=0 eval_acc=None active=0.0
[2026-06-29T03:20:27] step=12300/20000 loss=2.08008 d_h=0 eval_acc=None active=0.0
[2026-06-29T03:21:12] step=12400/20000 loss=1.95898 d_h=0 eval_acc=None active=0.0
[2026-06-29T03:21:57] step=12500/20000 loss=2.01758 d_h=195.312 eval_acc=None active=0.0
[2026-06-29T03:22:41] step=12600/20000 loss=1.93848 d_h=0 eval_acc=None active=0.0
[2026-06-29T03:23:26] step=12700/20000 loss=2.01367 d_h=0 eval_acc=None active=0.0
[2026-06-29T03:24:11] step=12800/20000 loss=1.94336 d_h=0 eval_acc=None active=0.0
[2026-06-29T03:24:56] step=12900/20000 loss=1.99609 d_h=0 eval_acc=None active=0.0
[2026-06-29T03:25:42] step=13000/20000 loss=2.0332 d_h=0 eval_acc=0.07509157509157509 active=0.0
[2026-06-29T03:26:27] step=13100/20000 loss=2.06836 d_h=0 eval_acc=None active=4.069010416666667e-06
[2026-06-29T03:27:12] step=13200/20000 loss=2.00977 d_h=-2539.06 eval_acc=None active=4.069010416666667e-06
[2026-06-29T03:27:57] step=13300/20000 loss=2.00781 d_h=0 eval_acc=None active=0.0
[2026-06-29T03:28:42] step=13400/20000 loss=2.07617 d_h=0 eval_acc=None active=0.0
[2026-06-29T03:29:27] step=13500/20000 loss=1.97461 d_h=0 eval_acc=None active=4.069010416666667e-06
[2026-06-29T03:30:11] step=13600/20000 loss=2.04297 d_h=0 eval_acc=None active=0.0
[2026-06-29T03:30:56] step=13700/20000 loss=2.0293 d_h=0 eval_acc=None active=0.0
[2026-06-29T03:31:41] step=13800/20000 loss=2.20117 d_h=0 eval_acc=None active=0.0
[2026-06-29T03:32:26] step=13900/20000 loss=1.92871 d_h=0 eval_acc=None active=0.0
[2026-06-29T03:33:12] step=14000/20000 loss=2.14648 d_h=0 eval_acc=0.056776556776556776 active=0.0
[2026-06-29T03:33:57] step=14100/20000 loss=2.06055 d_h=0 eval_acc=None active=4.069010416666667e-06
[2026-06-29T03:34:42] step=14200/20000 loss=2.02539 d_h=0 eval_acc=None active=0.0
[2026-06-29T03:35:27] step=14300/20000 loss=1.9668 d_h=0 eval_acc=None active=0.0
[2026-06-29T03:36:12] step=14400/20000 loss=2.0625 d_h=0 eval_acc=None active=0.0
[2026-06-29T03:36:56] step=14500/20000 loss=2.05859 d_h=0 eval_acc=None active=0.0
[2026-06-29T03:37:41] step=14600/20000 loss=2.08984 d_h=0 eval_acc=None active=0.0
[2026-06-29T03:38:26] step=14700/20000 loss=2.04688 d_h=0 eval_acc=None active=4.069010416666667e-06
[2026-06-29T03:39:11] step=14800/20000 loss=2.08398 d_h=0 eval_acc=None active=0.0
[2026-06-29T03:39:56] step=14900/20000 loss=2.11914 d_h=0 eval_acc=None active=0.0
[2026-06-29T03:40:42] step=15000/20000 loss=2.01758 d_h=0 eval_acc=0.07875457875457875 active=0.0
[2026-06-29T03:41:27] step=15100/20000 loss=2.04688 d_h=0 eval_acc=None active=0.0
[2026-06-29T03:42:12] step=15200/20000 loss=2.09961 d_h=0 eval_acc=None active=0.0
[2026-06-29T03:42:56] step=15300/20000 loss=2.04883 d_h=0 eval_acc=None active=0.0
[2026-06-29T03:43:41] step=15400/20000 loss=2.0918 d_h=0 eval_acc=None active=4.069010416666667e-06
[2026-06-29T03:44:26] step=15500/20000 loss=2.0918 d_h=0 eval_acc=None active=0.0
[2026-06-29T03:45:11] step=15600/20000 loss=2.10938 d_h=0 eval_acc=None active=0.0
[2026-06-29T03:45:56] step=15700/20000 loss=1.97949 d_h=0 eval_acc=None active=0.0
[2026-06-29T03:46:41] step=15800/20000 loss=2.08398 d_h=0 eval_acc=None active=0.0
[2026-06-29T03:47:26] step=15900/20000 loss=1.9873 d_h=0 eval_acc=None active=4.069010416666667e-06
[2026-06-29T03:48:11] step=16000/20000 loss=2.04688 d_h=0 eval_acc=0.045787545787545784 active=0.0
[2026-06-29T03:48:56] step=16100/20000 loss=2.19336 d_h=0 eval_acc=None active=4.069010416666667e-06
[2026-06-29T03:49:41] step=16200/20000 loss=2.25195 d_h=0 eval_acc=None active=0.0
[2026-06-29T03:50:25] step=16300/20000 loss=2.0918 d_h=0 eval_acc=None active=0.0
[2026-06-29T03:51:09] step=16400/20000 loss=2.19141 d_h=0 eval_acc=None active=0.0
[2026-06-29T03:51:54] step=16500/20000 loss=2.05469 d_h=0 eval_acc=None active=0.0
[2026-06-29T03:52:38] step=16600/20000 loss=2.02344 d_h=0 eval_acc=None active=0.0
[2026-06-29T03:53:23] step=16700/20000 loss=2.08008 d_h=0 eval_acc=None active=0.0
[2026-06-29T03:54:07] step=16800/20000 loss=2.0957 d_h=0 eval_acc=None active=0.0
[2026-06-29T03:54:51] step=16900/20000 loss=2.06641 d_h=0 eval_acc=None active=0.0
[2026-06-29T03:55:37] step=17000/20000 loss=2.05273 d_h=0 eval_acc=0.08058608058608059 active=0.0
[2026-06-29T03:56:21] step=17100/20000 loss=1.99902 d_h=0 eval_acc=None active=4.069010416666667e-06
[2026-06-29T03:57:06] step=17200/20000 loss=2.07617 d_h=0 eval_acc=None active=0.0
[2026-06-29T03:57:50] step=17300/20000 loss=2.01855 d_h=-488.281 eval_acc=None active=8.138020833333333e-06
[2026-06-29T03:58:34] step=17400/20000 loss=2.25586 d_h=0 eval_acc=None active=0.0
[2026-06-29T03:59:19] step=17500/20000 loss=2.29688 d_h=0 eval_acc=None active=4.069010416666667e-06
[2026-06-29T04:00:03] step=17600/20000 loss=2.22461 d_h=0 eval_acc=None active=0.0
[2026-06-29T04:00:47] step=17700/20000 loss=2.15039 d_h=0 eval_acc=None active=0.0
[2026-06-29T04:01:31] step=17800/20000 loss=2.07227 d_h=0 eval_acc=None active=0.0
[2026-06-29T04:02:15] step=17900/20000 loss=2.10156 d_h=0 eval_acc=None active=0.0
[2026-06-29T04:03:01] step=18000/20000 loss=2.07812 d_h=0 eval_acc=0.047619047619047616 active=0.0
[2026-06-29T04:03:45] step=18100/20000 loss=2.10938 d_h=0 eval_acc=None active=0.0
[2026-06-29T04:04:29] step=18200/20000 loss=2.16797 d_h=0 eval_acc=None active=0.0
[2026-06-29T04:05:14] step=18300/20000 loss=1.9834 d_h=0 eval_acc=None active=0.0
[2026-06-29T04:05:58] step=18400/20000 loss=2.18945 d_h=0 eval_acc=None active=0.0
[2026-06-29T04:06:42] step=18500/20000 loss=2.0918 d_h=-390.625 eval_acc=None active=0.0
[2026-06-29T04:07:26] step=18600/20000 loss=2.10742 d_h=0 eval_acc=None active=0.0
[2026-06-29T04:08:11] step=18700/20000 loss=2.04688 d_h=0 eval_acc=None active=0.0
[2026-06-29T04:08:55] step=18800/20000 loss=2.12109 d_h=0 eval_acc=None active=0.0
[2026-06-29T04:09:39] step=18900/20000 loss=2.07227 d_h=0 eval_acc=None active=0.0
[2026-06-29T04:10:24] step=19000/20000 loss=2.17969 d_h=0 eval_acc=0.038461538461538464 active=0.0
[2026-06-29T04:11:09] step=19100/20000 loss=2.09375 d_h=0 eval_acc=None active=0.0
[2026-06-29T04:11:53] step=19200/20000 loss=2.1582 d_h=0 eval_acc=None active=0.0
[2026-06-29T04:12:37] step=19300/20000 loss=2.13086 d_h=0 eval_acc=None active=4.069010416666667e-06
[2026-06-29T04:13:21] step=19400/20000 loss=2.01953 d_h=0 eval_acc=None active=0.0
[2026-06-29T04:14:05] step=19500/20000 loss=2.11133 d_h=0 eval_acc=None active=4.069010416666667e-06
[2026-06-29T04:14:50] step=19600/20000 loss=2.04492 d_h=0 eval_acc=None active=4.069010416666667e-06
[2026-06-29T04:15:34] step=19700/20000 loss=2.10742 d_h=0 eval_acc=None active=0.0
[2026-06-29T04:16:18] step=19800/20000 loss=2.19141 d_h=0 eval_acc=None active=4.069010416666667e-06
[2026-06-29T04:17:02] step=19900/20000 loss=2.07031 d_h=0 eval_acc=None active=4.069010416666667e-06
[2026-06-29T04:17:47] step=20000/20000 loss=2.19531 d_h=0 eval_acc=0.05311355311355311 active=0.0
[2026-06-29T04:17:48] finished int4_prefix_quantized_seedfixed_trec_fixed_small_h1e-5_seed64_full_bs64_step20k status=complete steps=20000
RobertaConfig {
  "_attn_implementation_autoset": true,
  "architectures": [
    "RobertaForMaskedLM"
  ],
  "attention_probs_dropout_prob": 0.1,
  "bos_token_id": 0,
  "classifier_dropout": null,
  "eos_token_id": 2,
  "finetuning_task": "rte",
  "hidden_act": "gelu",
  "hidden_dropout_prob": 0.1,
  "hidden_size": 1024,
  "initializer_range": 0.02,
  "intermediate_size": 4096,
  "layer_norm_eps": 1e-05,
  "max_position_embeddings": 514,
  "model_type": "roberta",
  "num_attention_heads": 16,
  "num_hidden_layers": 24,
  "pad_token_id": 1,
  "position_embedding_type": "absolute",
  "torch_dtype": "float32",
  "transformers_version": "4.51.3",
  "type_vocab_size": 1,
  "use_cache": true,
  "vocab_size": 50265
}

[2026-06-29T04:18:01] starting int4_sparsep0p1_taskgrad_seedfixed_rte_fixed_small_h1e-5_seed64_full_bs64_step20k
[2026-06-29T04:18:04] sparse mask strategy=task_grad_static p=0.1 source=static_task_gradient_square_before_zo_training hash=1548c5df8d8d selection=global_topk_grad_square_linear_weight active_all=0.0872121 active_quantized_linear=0.100059
[2026-06-29T04:18:07] step=1/20000 loss=0.715088 d_h=219.727 eval_acc=None active=0.00011492560612365974
[2026-06-29T04:18:51] step=100/20000 loss=0.705322 d_h=73.2422 eval_acc=None active=0.00011492560612365974
[2026-06-29T04:19:35] step=200/20000 loss=0.72168 d_h=97.6562 eval_acc=None active=0.000111140033213143
[2026-06-29T04:20:19] step=300/20000 loss=0.708252 d_h=-24.4141 eval_acc=None active=0.00011533622547353749
[2026-06-29T04:21:03] step=400/20000 loss=0.688965 d_h=-97.6562 eval_acc=None active=0.00011245345264049167
[2026-06-29T04:21:47] step=500/20000 loss=0.707764 d_h=-122.07 eval_acc=None active=0.00010963817887865863
[2026-06-29T04:22:31] step=600/20000 loss=0.687744 d_h=73.2422 eval_acc=None active=0.00010796476440484179
[2026-06-29T04:23:15] step=700/20000 loss=0.708984 d_h=48.8281 eval_acc=None active=0.00011357562469940414
[2026-06-29T04:23:59] step=800/20000 loss=0.686768 d_h=512.695 eval_acc=None active=0.0001119106476094889
[2026-06-29T04:24:43] step=900/20000 loss=0.439819 d_h=964.355 eval_acc=None active=0.00011730213592260971
[2026-06-29T04:25:37] step=1000/20000 loss=0.701904 d_h=122.07 eval_acc=0.4779116465863454 active=0.00011233814172716983
[2026-06-29T04:26:21] step=1100/20000 loss=0.704346 d_h=122.07 eval_acc=None active=0.00011346593870868337
[2026-06-29T04:27:05] step=1200/20000 loss=0.72876 d_h=512.695 eval_acc=None active=0.00010382200890915741
[2026-06-29T04:27:49] step=1300/20000 loss=0.686279 d_h=-24.4141 eval_acc=None active=0.00010525073924982792
[2026-06-29T04:28:33] step=1400/20000 loss=0.693604 d_h=-219.727 eval_acc=None active=0.00010426075287204048
[2026-06-29T04:29:17] step=1500/20000 loss=0.6875 d_h=-97.6562 eval_acc=None active=0.00010062986533305302
[2026-06-29T04:30:01] step=1600/20000 loss=0.704102 d_h=-683.594 eval_acc=None active=0.00011715026301238095
[2026-06-29T04:30:45] step=1700/20000 loss=0.707764 d_h=73.2422 eval_acc=None active=0.00010072267655597059
[2026-06-29T04:31:29] step=1800/20000 loss=0.251038 d_h=-1776.12 eval_acc=None active=0.0001058976053489504
[2026-06-29T04:32:14] step=1900/20000 loss=0.693115 d_h=-24.4141 eval_acc=None active=0.00011067035217595406
[2026-06-29T04:33:03] step=2000/20000 loss=0.685303 d_h=-24.4141 eval_acc=0.5020080321285141 active=9.307840674112324e-05
[2026-06-29T04:33:47] step=2100/20000 loss=0.694336 d_h=0 eval_acc=None active=9.295184598259928e-05
[2026-06-29T04:34:31] step=2200/20000 loss=0.688477 d_h=-97.6562 eval_acc=None active=9.078062585858819e-05
[2026-06-29T04:35:15] step=2300/20000 loss=0.731201 d_h=-366.211 eval_acc=None active=9.250185217451407e-05
[2026-06-29T04:36:00] step=2400/20000 loss=0.76123 d_h=537.109 eval_acc=None active=9.351996316530684e-05
[2026-06-29T04:36:44] step=2500/20000 loss=0.872559 d_h=-244.141 eval_acc=None active=0.00010615916424989992
[2026-06-29T04:37:28] step=2600/20000 loss=0.894775 d_h=-317.383 eval_acc=None active=9.390808282478033e-05
[2026-06-29T04:38:12] step=2700/20000 loss=1.06494 d_h=1806.64 eval_acc=None active=9.779209188081572e-05
[2026-06-29T04:38:56] step=2800/20000 loss=0.693604 d_h=73.2422 eval_acc=None active=9.102812245303504e-05
[2026-06-29T04:39:40] step=2900/20000 loss=0.716553 d_h=219.727 eval_acc=None active=8.811722500698391e-05
[2026-06-29T04:40:28] step=3000/20000 loss=0.685791 d_h=-24.4141 eval_acc=0.5020080321285141 active=8.817347423299456e-05
[2026-06-29T04:41:12] step=3100/20000 loss=0.68335 d_h=-122.07 eval_acc=None active=8.826066053331106e-05
[2026-06-29T04:41:57] step=3200/20000 loss=0.957275 d_h=756.836 eval_acc=None active=9.380964667926169e-05
[2026-06-29T04:42:41] step=3300/20000 loss=0.914795 d_h=317.383 eval_acc=None active=8.567319613682116e-05
[2026-06-29T04:43:25] step=3400/20000 loss=0.812744 d_h=-268.555 eval_acc=None active=8.627225039383458e-05
[2026-06-29T04:44:09] step=3500/20000 loss=0.695557 d_h=-24.4141 eval_acc=None active=9.254966401662314e-05
[2026-06-29T04:44:53] step=3600/20000 loss=0.702637 d_h=-1318.36 eval_acc=None active=8.774316765401309e-05
[2026-06-29T04:45:37] step=3700/20000 loss=0.702148 d_h=146.484 eval_acc=None active=8.817347423299456e-05
[2026-06-29T04:46:21] step=3800/20000 loss=0.70874 d_h=317.383 eval_acc=None active=8.331916602827544e-05
[2026-06-29T04:47:05] step=3900/20000 loss=0.688721 d_h=-73.2422 eval_acc=None active=8.531882601295407e-05
[2026-06-29T04:47:51] step=4000/20000 loss=0.669434 d_h=0 eval_acc=0.5020080321285141 active=8.3454164170701e-05
[2026-06-29T04:48:36] step=4100/20000 loss=0.695312 d_h=48.8281 eval_acc=None active=9.228248019307254e-05
[2026-06-29T04:49:20] step=4200/20000 loss=0.700439 d_h=-24.4141 eval_acc=None active=8.275386130686842e-05
[2026-06-29T04:50:04] step=4300/20000 loss=0.721436 d_h=24.4141 eval_acc=None active=8.386197105927822e-05
[2026-06-29T04:50:48] step=4400/20000 loss=0.693604 d_h=-73.2422 eval_acc=None active=8.874721633830318e-05
[2026-06-29T04:51:32] step=4500/20000 loss=0.926514 d_h=-1049.8 eval_acc=None active=8.259917593533913e-05
[2026-06-29T04:52:16] step=4600/20000 loss=0.680664 d_h=48.8281 eval_acc=None active=8.284667252978598e-05
[2026-06-29T04:53:00] step=4700/20000 loss=0.698975 d_h=73.2422 eval_acc=None active=8.356385016142178e-05
[2026-06-29T04:53:44] step=4800/20000 loss=0.67627 d_h=97.6562 eval_acc=None active=8.3279791570068e-05
[2026-06-29T04:54:28] step=4900/20000 loss=0.689209 d_h=-24.4141 eval_acc=None active=8.794003994505036e-05
[2026-06-29T04:55:15] step=5000/20000 loss=0.779541 d_h=219.727 eval_acc=0.5020080321285141 active=8.383665890757343e-05
[2026-06-29T04:55:59] step=5100/20000 loss=0.713379 d_h=-195.312 eval_acc=None active=8.51838278705285e-05
[2026-06-29T04:56:43] step=5200/20000 loss=0.706543 d_h=-146.484 eval_acc=None active=8.435977670947248e-05
[2026-06-29T04:57:27] step=5300/20000 loss=0.69873 d_h=97.6562 eval_acc=None active=8.263573793224605e-05
[2026-06-29T04:58:11] step=5400/20000 loss=1.05176 d_h=-585.938 eval_acc=None active=8.26048008579402e-05
[2026-06-29T04:58:55] step=5500/20000 loss=0.693115 d_h=-73.2422 eval_acc=None active=8.254011424802794e-05
[2026-06-29T04:59:39] step=5600/20000 loss=0.695068 d_h=170.898 eval_acc=None active=8.541163723587164e-05
[2026-06-29T05:00:23] step=5700/20000 loss=0.723145 d_h=-48.8281 eval_acc=None active=8.142075465041601e-05
[2026-06-29T05:01:07] step=5800/20000 loss=0.743652 d_h=-244.141 eval_acc=None active=8.308010681773018e-05
[2026-06-29T05:01:52] step=5900/20000 loss=0.693359 d_h=48.8281 eval_acc=None active=8.224761827277257e-05
[2026-06-29T05:02:38] step=6000/20000 loss=0.747314 d_h=463.867 eval_acc=0.4979919678714859 active=8.146575403122452e-05
[2026-06-29T05:03:22] step=6100/20000 loss=0.699219 d_h=146.484 eval_acc=None active=8.216043197245606e-05
[2026-06-29T05:04:06] step=6200/20000 loss=0.689209 d_h=-24.4141 eval_acc=None active=8.057420379895573e-05
[2026-06-29T05:04:50] step=6300/20000 loss=0.554688 d_h=585.938 eval_acc=None active=8.19044979941076e-05
[2026-06-29T05:05:34] step=6400/20000 loss=0.704102 d_h=537.109 eval_acc=None active=8.164293909315808e-05
[2026-06-29T05:06:19] step=6500/20000 loss=0.710205 d_h=219.727 eval_acc=None active=8.098482314883347e-05
[2026-06-29T05:07:03] step=6600/20000 loss=0.709717 d_h=73.2422 eval_acc=None active=8.172168800957299e-05
[2026-06-29T05:07:47] step=6700/20000 loss=0.709229 d_h=24.4141 eval_acc=None active=8.071482686398235e-05
[2026-06-29T05:08:31] step=6800/20000 loss=0.769287 d_h=73.2422 eval_acc=None active=8.64128734588612e-05
[2026-06-29T05:09:15] step=6900/20000 loss=0.684082 d_h=48.8281 eval_acc=None active=8.617662670961648e-05
[2026-06-29T05:10:06] step=7000/20000 loss=0.693359 d_h=146.484 eval_acc=0.4979919678714859 active=8.018608413948224e-05
[2026-06-29T05:10:50] step=7100/20000 loss=0.695068 d_h=-219.727 eval_acc=None active=8.976251486779542e-05
[2026-06-29T05:11:34] step=7200/20000 loss=0.555176 d_h=-537.109 eval_acc=None active=7.885297748302983e-05
[2026-06-29T05:12:18] step=7300/20000 loss=0.693604 d_h=-24.4141 eval_acc=None active=8.096232345842922e-05
[2026-06-29T05:13:02] step=7400/20000 loss=0.689941 d_h=-244.141 eval_acc=None active=7.876860364401386e-05
[2026-06-29T05:13:46] step=7500/20000 loss=0.701416 d_h=-73.2422 eval_acc=None active=7.812455000619192e-05
[2026-06-29T05:14:30] step=7600/20000 loss=0.735352 d_h=439.453 eval_acc=None active=7.733706084204281e-05
[2026-06-29T05:15:15] step=7700/20000 loss=0.699463 d_h=73.2422 eval_acc=None active=7.906391208056977e-05
[2026-06-29T05:16:01] step=7800/20000 loss=0.697266 d_h=195.312 eval_acc=None active=7.862798057898724e-05
[2026-06-29T05:16:45] step=7900/20000 loss=0.679688 d_h=0 eval_acc=None active=7.938172020752994e-05
[2026-06-29T05:17:35] step=8000/20000 loss=0.69458 d_h=-24.4141 eval_acc=0.5100401606425703 active=7.744112191016251e-05
[2026-06-29T05:18:19] step=8100/20000 loss=1.00391 d_h=292.969 eval_acc=None active=7.708112686369436e-05
[2026-06-29T05:19:03] step=8200/20000 loss=0.703613 d_h=-48.8281 eval_acc=None active=7.719643777701619e-05
[2026-06-29T05:19:48] step=8300/20000 loss=0.786865 d_h=-170.898 eval_acc=None active=7.718237547051352e-05
[2026-06-29T05:20:32] step=8400/20000 loss=0.688477 d_h=48.8281 eval_acc=None active=7.729768638383536e-05
[2026-06-29T05:21:16] step=8500/20000 loss=0.848633 d_h=-439.453 eval_acc=None active=7.889797686383836e-05
[2026-06-29T05:22:00] step=8600/20000 loss=0.724365 d_h=-170.898 eval_acc=None active=8.28213603780812e-05
[2026-06-29T05:22:44] step=8700/20000 loss=0.716797 d_h=341.797 eval_acc=None active=7.557646006790946e-05
[2026-06-29T05:23:28] step=8800/20000 loss=0.878174 d_h=24.4141 eval_acc=None active=7.622613862833247e-05
[2026-06-29T05:24:12] step=8900/20000 loss=0.784912 d_h=-122.07 eval_acc=None active=8.551569830399134e-05
[2026-06-29T05:24:58] step=9000/20000 loss=0.782227 d_h=3613.28 eval_acc=0.5020080321285141 active=7.548646130629243e-05
[2026-06-29T05:25:43] step=9100/20000 loss=0.675049 d_h=-170.898 eval_acc=None active=8.007358568746094e-05
[2026-06-29T05:26:27] step=9200/20000 loss=0.677734 d_h=48.8281 eval_acc=None active=7.74917462135721e-05
[2026-06-29T05:27:11] step=9300/20000 loss=0.713867 d_h=-244.141 eval_acc=None active=7.586051865926325e-05
[2026-06-29T05:27:55] step=9400/20000 loss=0.682617 d_h=48.8281 eval_acc=None active=7.623176355093354e-05
[2026-06-29T05:28:39] step=9500/20000 loss=0.716064 d_h=-512.695 eval_acc=None active=7.530927624435888e-05
[2026-06-29T05:29:23] step=9600/20000 loss=0.718018 d_h=-73.2422 eval_acc=None active=7.652988444878999e-05
[2026-06-29T05:30:07] step=9700/20000 loss=0.696045 d_h=73.2422 eval_acc=None active=7.743549698756145e-05
[2026-06-29T05:30:52] step=9800/20000 loss=0.687256 d_h=24.4141 eval_acc=None active=7.408866803992776e-05
[2026-06-29T05:31:36] step=9900/20000 loss=0.688477 d_h=976.562 eval_acc=None active=7.495771858179232e-05
[2026-06-29T05:32:22] step=10000/20000 loss=0.681396 d_h=-24.4141 eval_acc=0.5020080321285141 active=7.384398390678144e-05
[2026-06-29T05:33:06] step=10100/20000 loss=0.717285 d_h=-244.141 eval_acc=None active=7.467647245173907e-05
[2026-06-29T05:33:50] step=10200/20000 loss=0.737061 d_h=-73.2422 eval_acc=None active=7.437835155388262e-05
[2026-06-29T05:34:34] step=10300/20000 loss=0.703857 d_h=122.07 eval_acc=None active=7.402679389131606e-05
[2026-06-29T05:35:19] step=10400/20000 loss=0.697754 d_h=146.484 eval_acc=None active=7.58998931174707e-05
[2026-06-29T05:36:03] step=10500/20000 loss=0.68457 d_h=-97.6562 eval_acc=None active=7.746080913926624e-05
[2026-06-29T05:36:47] step=10600/20000 loss=0.759766 d_h=-97.6562 eval_acc=None active=7.500271796260084e-05
[2026-06-29T05:37:31] step=10700/20000 loss=0.851562 d_h=341.797 eval_acc=None active=7.856610643037552e-05
[2026-06-29T05:38:15] step=10800/20000 loss=0.497803 d_h=-659.18 eval_acc=None active=8.0987635610134e-05
[2026-06-29T05:38:59] step=10900/20000 loss=0.664551 d_h=-97.6562 eval_acc=None active=7.267400000575992e-05
[2026-06-29T05:39:49] step=11000/20000 loss=0.682861 d_h=24.4141 eval_acc=0.4979919678714859 active=7.244900310171733e-05
[2026-06-29T05:40:33] step=11100/20000 loss=0.704346 d_h=24.4141 eval_acc=None active=7.669300720422087e-05
[2026-06-29T05:41:17] step=11200/20000 loss=0.691406 d_h=-244.141 eval_acc=None active=7.429679017616718e-05
[2026-06-29T05:42:01] step=11300/20000 loss=1.15186 d_h=-146.484 eval_acc=None active=7.36752362287495e-05
[2026-06-29T05:42:45] step=11400/20000 loss=0.810303 d_h=1538.09 eval_acc=None active=7.847892013005901e-05
[2026-06-29T05:43:30] step=11500/20000 loss=0.692383 d_h=0 eval_acc=None active=7.174588777658419e-05
[2026-06-29T05:44:14] step=11600/20000 loss=0.688965 d_h=-244.141 eval_acc=None active=7.147307903043255e-05
[2026-06-29T05:44:58] step=11700/20000 loss=0.626221 d_h=219.727 eval_acc=None active=7.103152260624894e-05
[2026-06-29T05:45:42] step=11800/20000 loss=0.710205 d_h=122.07 eval_acc=None active=7.132964350410538e-05
[2026-06-29T05:46:26] step=11900/20000 loss=0.779541 d_h=-415.039 eval_acc=None active=7.109902167746172e-05
[2026-06-29T05:47:14] step=12000/20000 loss=0.69165 d_h=170.898 eval_acc=0.4979919678714859 active=7.325899195627069e-05
[2026-06-29T05:47:58] step=12100/20000 loss=0.672852 d_h=0 eval_acc=None active=7.150682856603893e-05
[2026-06-29T05:48:43] step=12200/20000 loss=0.700195 d_h=146.484 eval_acc=None active=7.138870519141656e-05
[2026-06-29T05:49:27] step=12300/20000 loss=0.773193 d_h=-73.2422 eval_acc=None active=7.129870642979953e-05
[2026-06-29T05:50:11] step=12400/20000 loss=0.73584 d_h=-244.141 eval_acc=None active=7.149839118213733e-05
[2026-06-29T05:50:55] step=12500/20000 loss=0.805908 d_h=-610.352 eval_acc=None active=6.987560101173008e-05
[2026-06-29T05:51:39] step=12600/20000 loss=0.776855 d_h=-2783.2 eval_acc=None active=7.348961378291435e-05
[2026-06-29T05:52:23] step=12700/20000 loss=0.706299 d_h=-122.07 eval_acc=None active=7.113277121306811e-05
[2026-06-29T05:53:07] step=12800/20000 loss=0.692871 d_h=-48.8281 eval_acc=None active=6.923998475780973e-05
[2026-06-29T05:53:51] step=12900/20000 loss=0.686768 d_h=366.211 eval_acc=None active=6.875342895281761e-05
[2026-06-29T05:54:37] step=13000/20000 loss=0.679199 d_h=97.6562 eval_acc=0.4979919678714859 active=6.859593111998778e-05
[2026-06-29T05:55:21] step=13100/20000 loss=0.701172 d_h=-146.484 eval_acc=None active=7.167557624407089e-05
[2026-06-29T05:56:05] step=13200/20000 loss=0.69165 d_h=-24.4141 eval_acc=None active=6.905436231197459e-05
[2026-06-29T05:56:49] step=13300/20000 loss=0.791992 d_h=1171.88 eval_acc=None active=6.893905139865276e-05
[2026-06-29T05:57:34] step=13400/20000 loss=0.685303 d_h=24.4141 eval_acc=None active=6.875624141411814e-05
[2026-06-29T05:58:18] step=13500/20000 loss=0.558594 d_h=1025.39 eval_acc=None active=6.814031238930153e-05
[2026-06-29T05:59:02] step=13600/20000 loss=0.697021 d_h=73.2422 eval_acc=None active=7.067152755978077e-05
[2026-06-29T05:59:46] step=13700/20000 loss=0.686523 d_h=-48.8281 eval_acc=None active=7.231681742059229e-05
[2026-06-29T06:00:30] step=13800/20000 loss=0.688721 d_h=-24.4141 eval_acc=None active=6.987278855042954e-05
[2026-06-29T06:01:14] step=13900/20000 loss=0.722656 d_h=-244.141 eval_acc=None active=6.784781641404614e-05
[2026-06-29T06:02:00] step=14000/20000 loss=0.714844 d_h=634.766 eval_acc=0.5020080321285141 active=7.055902910775948e-05
[2026-06-29T06:02:44] step=14100/20000 loss=0.701172 d_h=48.8281 eval_acc=None active=6.997966207984978e-05
[2026-06-29T06:03:28] step=14200/20000 loss=0.68457 d_h=0 eval_acc=None active=6.755813290009129e-05
[2026-06-29T06:04:13] step=14300/20000 loss=0.696777 d_h=-48.8281 eval_acc=None active=6.791531548525892e-05
[2026-06-29T06:04:57] step=14400/20000 loss=0.705566 d_h=537.109 eval_acc=None active=7.242650341131306e-05
[2026-06-29T06:05:41] step=14500/20000 loss=0.687988 d_h=-244.141 eval_acc=None active=6.67368942003358e-05
[2026-06-29T06:06:25] step=14600/20000 loss=0.760742 d_h=97.6562 eval_acc=None active=6.743157214156733e-05
[2026-06-29T06:07:09] step=14700/20000 loss=0.713623 d_h=122.07 eval_acc=None active=7.166713886016928e-05
[2026-06-29T06:07:53] step=14800/20000 loss=0.818604 d_h=659.18 eval_acc=None active=6.753563320968703e-05
[2026-06-29T06:08:37] step=14900/20000 loss=0.716064 d_h=-122.07 eval_acc=None active=6.825562330262336e-05
[2026-06-29T06:09:27] step=15000/20000 loss=0.699219 d_h=-292.969 eval_acc=0.4979919678714859 active=7.004997361236309e-05
[2026-06-29T06:10:11] step=15100/20000 loss=0.664062 d_h=-97.6562 eval_acc=None active=6.711938893720822e-05
[2026-06-29T06:10:55] step=15200/20000 loss=0.694336 d_h=48.8281 eval_acc=None active=6.828374791562868e-05
[2026-06-29T06:11:39] step=15300/20000 loss=0.841797 d_h=-1562.5 eval_acc=None active=6.602815395260162e-05
[2026-06-29T06:12:23] step=15400/20000 loss=0.686279 d_h=-73.2422 eval_acc=None active=6.768750611991578e-05
[2026-06-29T06:13:07] step=15500/20000 loss=0.720703 d_h=48.8281 eval_acc=None active=6.599159195569469e-05
[2026-06-29T06:13:51] step=15600/20000 loss=0.704346 d_h=-24.4141 eval_acc=None active=6.938060782283636e-05
[2026-06-29T06:14:35] step=15700/20000 loss=0.699951 d_h=122.07 eval_acc=None active=6.612096517551919e-05
[2026-06-29T06:15:20] step=15800/20000 loss=0.720459 d_h=-24.4141 eval_acc=None active=6.672564435513367e-05
[2026-06-29T06:16:04] step=15900/20000 loss=0.692139 d_h=24.4141 eval_acc=None active=6.545441184729298e-05
[2026-06-29T06:16:50] step=16000/20000 loss=0.740234 d_h=97.6562 eval_acc=0.5020080321285141 active=6.600846672349788e-05
[2026-06-29T06:17:34] step=16100/20000 loss=0.700928 d_h=122.07 eval_acc=None active=6.548253646029831e-05
[2026-06-29T06:18:18] step=16200/20000 loss=0.818359 d_h=537.109 eval_acc=None active=6.69872032560832e-05
[2026-06-29T06:19:02] step=16300/20000 loss=0.705811 d_h=463.867 eval_acc=None active=6.618846424673197e-05
[2026-06-29T06:19:46] step=16400/20000 loss=0.697754 d_h=-97.6562 eval_acc=None active=7.397616958790647e-05
[2026-06-29T06:20:30] step=16500/20000 loss=0.710938 d_h=-390.625 eval_acc=None active=6.763688181650621e-05
[2026-06-29T06:21:14] step=16600/20000 loss=0.693115 d_h=-24.4141 eval_acc=None active=6.997122469594818e-05
[2026-06-29T06:21:59] step=16700/20000 loss=0.697266 d_h=48.8281 eval_acc=None active=6.52744143240589e-05
[2026-06-29T06:22:43] step=16800/20000 loss=0.692139 d_h=24.4141 eval_acc=None active=6.662439574831451e-05
[2026-06-29T06:23:27] step=16900/20000 loss=0.727295 d_h=-122.07 eval_acc=None active=6.477098375126359e-05
[2026-06-29T06:24:13] step=17000/20000 loss=0.786377 d_h=170.898 eval_acc=0.4979919678714859 active=6.832312237383614e-05
[2026-06-29T06:24:57] step=17100/20000 loss=0.683594 d_h=-195.312 eval_acc=None active=6.590721811667871e-05
[2026-06-29T06:25:42] step=17200/20000 loss=0.699951 d_h=-170.898 eval_acc=None active=6.488629466458542e-05
[2026-06-29T06:26:26] step=17300/20000 loss=0.752441 d_h=-537.109 eval_acc=None active=7.174588777658419e-05
[2026-06-29T06:27:10] step=17400/20000 loss=0.689941 d_h=0 eval_acc=None active=6.436880178528743e-05
[2026-06-29T06:27:54] step=17500/20000 loss=0.810547 d_h=488.281 eval_acc=None active=6.470067221875027e-05
[2026-06-29T06:28:38] step=17600/20000 loss=0.689209 d_h=-24.4141 eval_acc=None active=6.903748754417139e-05
[2026-06-29T06:29:22] step=17700/20000 loss=0.689941 d_h=-97.6562 eval_acc=None active=6.851155728097181e-05
[2026-06-29T06:30:06] step=17800/20000 loss=0.694336 d_h=-97.6562 eval_acc=None active=6.445036316300288e-05
[2026-06-29T06:30:50] step=17900/20000 loss=0.700195 d_h=146.484 eval_acc=None active=6.532503862746848e-05
[2026-06-29T06:31:37] step=18000/20000 loss=0.857666 d_h=-366.211 eval_acc=0.5020080321285141 active=6.314819358085633e-05
[2026-06-29T06:32:21] step=18100/20000 loss=0.700684 d_h=-48.8281 eval_acc=None active=6.465848529924228e-05
[2026-06-29T06:33:05] step=18200/20000 loss=0.749756 d_h=170.898 eval_acc=None active=6.611815271421865e-05
[2026-06-29T06:33:49] step=18300/20000 loss=0.749756 d_h=-122.07 eval_acc=None active=6.374162291526868e-05
[2026-06-29T06:34:33] step=18400/20000 loss=0.693848 d_h=-48.8281 eval_acc=None active=6.764250673910727e-05
[2026-06-29T06:35:17] step=18500/20000 loss=0.724854 d_h=268.555 eval_acc=None active=6.26953873114706e-05
[2026-06-29T06:36:02] step=18600/20000 loss=0.719727 d_h=48.8281 eval_acc=None active=6.43744267078885e-05
[2026-06-29T06:36:46] step=18700/20000 loss=0.692383 d_h=146.484 eval_acc=None active=6.68662674201603e-05
[2026-06-29T06:37:30] step=18800/20000 loss=1.68164 d_h=-585.938 eval_acc=None active=6.670876958733048e-05
[2026-06-29T06:38:14] step=18900/20000 loss=0.689697 d_h=-3051.76 eval_acc=None active=6.224539350338539e-05
[2026-06-29T06:39:00] step=19000/20000 loss=0.901123 d_h=854.492 eval_acc=0.4979919678714859 active=6.157321525255813e-05
[2026-06-29T06:39:45] step=19100/20000 loss=0.675537 d_h=-24.4141 eval_acc=None active=6.0684477481589854e-05
[2026-06-29T06:40:29] step=19200/20000 loss=0.856689 d_h=708.008 eval_acc=None active=6.017542198619347e-05
[2026-06-29T06:41:13] step=19300/20000 loss=0.695312 d_h=48.8281 eval_acc=None active=6.882655294663146e-05
[2026-06-29T06:41:57] step=19400/20000 loss=0.714844 d_h=-244.141 eval_acc=None active=5.9508868657967266e-05
[2026-06-29T06:42:41] step=19500/20000 loss=0.715088 d_h=-952.148 eval_acc=None active=6.0451043193645656e-05
[2026-06-29T06:43:25] step=19600/20000 loss=0.99585 d_h=1293.95 eval_acc=None active=6.12947815838054e-05
[2026-06-29T06:44:09] step=19700/20000 loss=0.698242 d_h=390.625 eval_acc=None active=6.1024785298954286e-05
[2026-06-29T06:44:53] step=19800/20000 loss=0.713135 d_h=317.383 eval_acc=None active=5.8898564555751714e-05
[2026-06-29T06:45:37] step=19900/20000 loss=0.691162 d_h=24.4141 eval_acc=None active=5.829107291483669e-05
[2026-06-29T06:46:27] step=20000/20000 loss=0.691895 d_h=146.484 eval_acc=0.5020080321285141 active=5.789732833276214e-05
[2026-06-29T06:46:29] finished int4_sparsep0p1_taskgrad_seedfixed_rte_fixed_small_h1e-5_seed64_full_bs64_step20k status=complete steps=20000
job_id=46474467 lane=3 end=2026-06-29T06:46:32-04:00
