04/11/2026 12:43:21 - WARNING - __main__ -   Process rank: -1, device: cuda:0, n_gpu: 1, distributed training: False, 16-bits training: False
04/11/2026 12:43:21 - INFO - __main__ -   Training/evaluation parameters DynamicTrainingArguments(
_n_gpu=1,
accelerator_config={'split_batches': False, 'dispatch_batches': None, 'even_batches': True, 'use_seedable_sampler': True, 'non_blocking': False, 'gradient_accumulation_kwargs': None, 'use_configured_state': False},
adafactor=False,
adam_beta1=0.9,
adam_beta2=0.999,
adam_epsilon=1e-08,
adaptive_h_ema_beta=0.1,
adaptive_h_estimate_num_batches=4,
adaptive_h_estimate_num_directions=3,
adaptive_h_estimate_reduce=mean,
adaptive_h_max=0.5,
adaptive_h_min=1e-05,
adaptive_h_probe_buffer_size=64,
adjust_for_init=False,
array_id=-1,
auto_find_batch_size=False,
average_tokens_across_devices=False,
batch_eval_metrics=False,
bf16=False,
bf16_full_eval=False,
binary_classification=False,
change_grad_estimate=False,
data_seed=16,
dataloader_drop_last=False,
dataloader_num_workers=0,
dataloader_persistent_workers=False,
dataloader_pin_memory=True,
dataloader_prefetch_factor=None,
dataloader_shuffle=False,
ddp_backend=None,
ddp_broadcast_buffers=None,
ddp_bucket_cap_mb=None,
ddp_find_unused_parameters=None,
ddp_timeout=1800,
debug=[],
deepspeed=None,
dh_h_growth=2.0,
dh_max_trials=10,
dh_test_h=0.01,
disable_tqdm=False,
do_eval=True,
do_predict=True,
do_train=True,
efficient_zero_order=True,
efficient_zero_order_fp16=False,
enable_additive_h_estimation=False,
enable_two_point_h_estimation=False,
eval_accumulation_steps=None,
eval_delay=0,
eval_do_concat_batches=True,
eval_on_start=False,
eval_steps=5000.0,
eval_strategy=IntervalStrategy.NO,
eval_use_gather_object=False,
evaluate_during_training=True,
exclude_embeddings=False,
exclude_first_layers=-1,
exclude_head=False,
f0_scaling=1.0,
fix_layers=0,
fp16=False,
fp16_backend=auto,
fp16_full_eval=False,
fp16_opt_level=O1,
from_linearhead=False,
fsdp=[],
fsdp_config={'min_num_params': 0, 'xla': False, 'xla_fsdp_v2': False, 'xla_fsdp_grad_ckpt': False},
fsdp_min_num_params=0,
fsdp_transformer_layer_cls_to_wrap=None,
full_determinism=False,
gradient_accumulation_steps=1,
gradient_checkpointing=False,
gradient_checkpointing_kwargs=None,
greater_is_better=None,
group_by_length=False,
h_estimation_active_source=fixed,
h_trunc_alpha=1.0,
half_precision_backend=auto,
head_tuning=False,
hf_inference_model=False,
hub_always_push=False,
hub_model_id=None,
hub_private_repo=None,
hub_revision=None,
hub_strategy=HubStrategy.EVERY_SAVE,
hub_token=<HUB_TOKEN>,
ignore_data_skip=False,
include_for_metrics=[],
include_inputs_for_metrics=False,
include_num_input_tokens_seen=False,
include_tokens_per_second=False,
initial_h=0.001,
jit_mode_eval=False,
kernel_formula=sgd,
kernel_gamma=1.0,
kernel_regularization=0.0,
kernel_solver=logistic,
label_names=None,
label_smoothing_factor=0.0,
layer_wise_optim=False,
learning_rate=1e-06,
length_column_name=length,
liger_kernel_config=None,
load_best_model_at_end=False,
load_kernels=None,
local_rank=-1,
log_file=log-USE_H0-USE_C0,
log_level=passive,
log_level_replica=warning,
log_on_each_node=True,
logging_dir=/scratch/jy03364/MeZO_/experiments/h_sweep_14h/results/roberta-large/mnli/h_1e-8/run/seed16/runs/Apr11_12-43-21_ra8-4,
logging_first_step=False,
logging_nan_inf_filter=True,
logging_steps=10,
logging_strategy=IntervalStrategy.STEPS,
lp_early_stopping=False,
lr_scheduler_kwargs={},
lr_scheduler_type=SchedulerType.CONSTANT,
max_grad_norm=1.0,
max_steps=50000,
max_zo_forward_steps=0,
mc_tol=0.1,
metric_for_best_model=None,
model_id=-1,
mp_parameters=,
neftune_noise_alpha=None,
no_cuda=False,
no_predict=False,
no_reparam=False,
no_train=False,
norm_running_update=False,
nu3_retry=3,
num_hvp_vecs=128,
num_prefix=10,
num_train_epochs=3.0,
only_biases=False,
optim=OptimizerNames.ADAMW_TORCH,
optim_args=None,
optim_target_modules=None,
optimize_acc=False,
optimizer=sgd,
optimizer_variant=,
output_dir=/scratch/jy03364/MeZO_/experiments/h_sweep_14h/results/roberta-large/mnli/h_1e-8/run/seed16,
overwrite_kernels=False,
overwrite_output_dir=True,
parallelism_config=None,
past_index=-1,
per_device_eval_batch_size=4,
per_device_train_batch_size=32,
prediction_loss_only=False,
prefix_init_by_real_act=False,
prefix_tuning=False,
prob_as_feature=False,
push_to_hub=False,
push_to_hub_model_id=None,
push_to_hub_organization=None,
push_to_hub_token=<PUSH_TO_HUB_TOKEN>,
random_model_init=False,
ray_scope=last,
recompute_norms=False,
remove_unused_columns=True,
report_to=[],
restore_callback_states_from_checkpoint=False,
resume_from_checkpoint=None,
run_name=None,
save_at_last=False,
save_logit=False,
save_logit_dir=None,
save_on_each_node=False,
save_only_model=False,
save_safetensors=True,
save_steps=500,
save_strategy=SaveStrategy.STEPS,
save_total_limit=None,
scale_lr_with_samples=False,
scale_norm_by_num_params=False,
seed=16,
skip_memory_metrics=True,
sweep=False,
sync_embedding_layers=False,
tf32=None,
tie_emb=False,
torch_compile=False,
torch_compile_backend=None,
torch_compile_mode=None,
torch_empty_cache_steps=None,
torchdynamo=None,
tpu_metrics_debug=False,
tpu_num_cores=None,
trainer=standard,
two_point_h_beta=0.5,
two_point_h_c2=1.0,
two_point_h_delta_sample_size=4096,
two_point_h_eps_num=1e-12,
two_point_h_fixed_probe_batch=True,
two_point_h_log_csv=True,
two_point_h_max=0.5,
two_point_h_min=1e-05,
two_point_h_num_directions_g=4,
two_point_h_num_directions_l=4,
two_point_h_q_l=0.5,
two_point_h_refresh_every=100,
two_point_h_window_delta=3,
two_point_h_window_g=5,
two_point_h_window_l=5,
untie_emb=False,
update_noise_every=1000,
use_adaptive_h=False,
use_c_scale=False,
use_cpu=False,
use_ipex=False,
use_legacy_prediction_loop=False,
use_liger_kernel=False,
use_mps_device=False,
use_zo_grad_est=False,
warmup_ratio=0.0,
warmup_steps=0,
weight_decay=0.0,
zero_order_clip_grad=False,
zero_order_eps=1e-08,
zero_order_optim=True,
zero_order_sample=1,
zero_order_sample_scheduler=None,
zero_order_use_trainer_optim=False,
zo_by_layer=False,
zo_probe_every=200,
zo_probe_log_csv=True,
zo_probe_num_seeds=16,
zo_quantization_bits=32,
zo_two_point_precision=fp16,
zo_use_true_directional_derivative=False,
zo_variant=None,
)
04/11/2026 12:43:21 - INFO - __main__ -   [zo-config] zo_two_point_precision=fp16 | zero_order_eps=1e-08 | zo_use_true_directional_derivative=False
04/11/2026 12:43:21 - INFO - __main__ -   [quzo-config] zo_quantization_bits=32 | quzo_enabled=False
04/11/2026 12:43:21 - INFO - __main__ -   Task name: mnli, number of labels: 3, output mode: classification
04/11/2026 12:43:21 - INFO - __main__ -   [data] Missing original dataset for task=MNLI under /scratch/jy03364/MeZO_/medium_models/data/original. Auto-downloading...
Traceback (most recent call last):
  File "/scratch/jy03364/MeZO_/medium_models/run.py", line 1538, in <module>
    main()
  File "/scratch/jy03364/MeZO_/medium_models/run.py", line 1030, in main
    data_resolution = resolve_and_prepare_data(
                      ^^^^^^^^^^^^^^^^^^^^^^^^^
  File "/scratch/jy03364/MeZO_/medium_models/src/data_utils.py", line 266, in resolve_and_prepare_data
    downloaded_original_data = _ensure_original_data(
                               ^^^^^^^^^^^^^^^^^^^^^^
  File "/scratch/jy03364/MeZO_/medium_models/src/data_utils.py", line 164, in _ensure_original_data
    raise FileNotFoundError(
FileNotFoundError: Original dataset is still incomplete after auto-download. task=MNLI, canonical_task=MNLI, original_root=/scratch/jy03364/MeZO_/medium_models/data/original
