TASK: MNLI
K: 16
Seed: 16
Data seed: 16
Dataset mode: full
Full dev ratio: 0.1
BS: 32
LR: 1e-6
EPS: 1e-8
Step: 50000; Eval step: 5000
Optimizer: sgd
Use trainer optimizer for ZO: False
Efficient zero order: True
Using adaptive h: False
Dataloader shuffle: False
Grid search tag: seed16-bs32-lr1e-6-eps1e-8-wd0-step50000-evalstep5000
Tag: k16-roberta-large-mezo-hsweep14h-mnli-fp16-h1e-8
Result root: /scratch/jy03364/MeZO_/experiments/h_sweep_14h/results/roberta-large/mnli/h_1e-8
Job name: run
Output dir: /scratch/jy03364/MeZO_/experiments/h_sweep_14h/results/roberta-large/mnli/h_1e-8/run/seed16
Dataset mode: full
Data root: data/k-shot-1k-test
Full dev ratio: 0.1
GPU数量: 1
*** datasets.tar already exists; skip download ***
*** original/ already exists; skip extract ***
*** Use GLUE-SST-2 as default SST-2 ***
*** Done ***
