[nan-guard] command=bash /scratch/jy03364/MeZO_/medium_models/mezo.sh --result_root /scratch/jy03364/MeZO_/experiments/h_sweep_8h/results/mezo_int4_smoke/roberta-large/mnli/h_1e-4 --job_name run_mezo_int4_smoke --dataset_mode full --zo_two_point_precision fp16 --zo_quantization int4 --zo_probe_every 25 --zo_probe_num_seeds 8 --zo_probe_log_csv True
[nan-guard] cwd=/scratch/jy03364/MeZO_/medium_models max_consecutive_nan=100
TASK: mnli
K: 16
Seed: 16
Data seed: 16
Dataset mode: full
Full dev ratio: 0.1
BS: 32
LR: 1e-6
EPS: 1e-4
Step: 50; Eval step: 50
Optimizer: sgd
Use trainer optimizer for ZO: False
Efficient zero order: True
Using adaptive h: False
Dataloader shuffle: False
Grid search tag: seed16-bs32-lr1e-6-eps1e-4-wd0-step50-evalstep50
Tag: k16-roberta-large-mezo-hsweep8h-mezo_int4_smoke-mnli-h1e-4
Result root: /scratch/jy03364/MeZO_/experiments/h_sweep_8h/results/mezo_int4_smoke/roberta-large/mnli/h_1e-4
Job name: run_mezo_int4_smoke
Output dir: /scratch/jy03364/MeZO_/experiments/h_sweep_8h/results/mezo_int4_smoke/roberta-large/mnli/h_1e-4/run_mezo_int4_smoke/seed16
Dataset mode: full
Data root: data/k-shot-1k-test
Full dev ratio: 0.1
GPU数量: 1
[nan-guard] child exited with code 0.
