[2026-05-21T01:21:24] starting int4_g128_rtnclip_k1_h3e-4_seed16_bs64_ckpt1k
[2026-05-21T01:21:28] step=1/20000 loss=1.65381 d_h=-63.4766 eval_acc=None active=0.03375529356892406
[2026-05-21T01:23:50] step=100/20000 loss=1.61523 d_h=29.2969 eval_acc=None active=0.03375529356892406
[2026-05-21T01:26:14] step=200/20000 loss=1.58301 d_h=-22.7865 eval_acc=None active=0.03373650367731763
[2026-05-21T01:28:38] step=300/20000 loss=1.56641 d_h=-45.5729 eval_acc=None active=0.033728960721279844
[2026-05-21T01:31:03] step=400/20000 loss=1.54932 d_h=21.1589 eval_acc=None active=0.03372877510043775
[2026-05-21T01:33:27] step=500/20000 loss=1.60498 d_h=11.3932 eval_acc=None active=0.03372716076159894
[2026-05-21T01:35:50] step=600/20000 loss=1.54688 d_h=-9.76562 eval_acc=None active=0.03373747396808312
[2026-05-21T01:38:15] step=700/20000 loss=1.54248 d_h=40.6901 eval_acc=None active=0.03372064715750367
[2026-05-21T01:40:39] step=800/20000 loss=1.61133 d_h=52.0833 eval_acc=None active=0.03376245403352965
[2026-05-21T01:43:03] step=900/20000 loss=1.55859 d_h=0 eval_acc=None active=0.033712718897596694
[2026-05-21T01:45:34] step=1000/20000 loss=1.57031 d_h=-9.76562 eval_acc=0.30562060889929743 active=0.033712403904652535
[2026-05-21T01:47:58] step=1100/20000 loss=1.59912 d_h=-118.815 eval_acc=None active=0.033684819522542694
[2026-05-21T01:50:22] step=1200/20000 loss=1.63232 d_h=50.4557 eval_acc=None active=0.03367816810903436
[2026-05-21T01:52:46] step=1300/20000 loss=1.6167 d_h=-11.3932 eval_acc=None active=0.03367084452308268
[2026-05-21T01:55:10] step=1400/20000 loss=1.51465 d_h=-61.849 eval_acc=None active=0.033667939275660225
[2026-05-21T01:57:33] step=1500/20000 loss=1.60352 d_h=16.276 eval_acc=None active=0.0336910181336938
[2026-05-21T01:59:57] step=1600/20000 loss=1.52197 d_h=-47.2005 eval_acc=None active=0.03368101710771679
[2026-05-21T02:02:20] step=1700/20000 loss=1.59717 d_h=8.13802 eval_acc=None active=0.033670920458881724
[2026-05-21T02:04:44] step=1800/20000 loss=1.56982 d_h=-1.6276 eval_acc=None active=0.033679796510058174
[2026-05-21T02:07:08] step=1900/20000 loss=1.58008 d_h=29.2969 eval_acc=None active=0.033659631336758054
[2026-05-21T02:09:38] step=2000/20000 loss=1.58984 d_h=39.0625 eval_acc=0.3395784543325527 active=0.033657986061112234
[2026-05-21T02:12:02] step=2100/20000 loss=1.59033 d_h=-30.9245 eval_acc=None active=0.03366201065846125
[2026-05-21T02:14:26] step=2200/20000 loss=1.60547 d_h=13.0208 eval_acc=None active=0.033664609350250556
[2026-05-21T02:16:49] step=2300/20000 loss=1.62012 d_h=-94.401 eval_acc=None active=0.03366912612407482
[2026-05-21T02:19:12] step=2400/20000 loss=1.56201 d_h=66.7318 eval_acc=None active=0.033714591980639634
[2026-05-21T02:21:36] step=2500/20000 loss=1.53564 d_h=79.7526 eval_acc=None active=0.03365001842708723
[2026-05-21T02:23:59] step=2600/20000 loss=1.60986 d_h=14.6484 eval_acc=None active=0.03366001664062725
[2026-05-21T02:26:23] step=2700/20000 loss=1.51758 d_h=-9.76562 eval_acc=None active=0.033655620801594045
[2026-05-21T02:28:46] step=2800/20000 loss=1.57031 d_h=-26.0417 eval_acc=None active=0.03364215766566829
[2026-05-21T02:31:10] step=2900/20000 loss=1.59082 d_h=16.276 eval_acc=None active=0.03363869274328255
[2026-05-21T02:33:38] step=3000/20000 loss=1.60254 d_h=-52.0833 eval_acc=0.32435597189695553 active=0.033660739436936614
[2026-05-21T02:36:02] step=3100/20000 loss=1.49365 d_h=79.7526 eval_acc=None active=0.033642371410880396
[2026-05-21T02:38:25] step=3200/20000 loss=1.54395 d_h=-9.76562 eval_acc=None active=0.033651016842222735
[2026-05-21T02:40:49] step=3300/20000 loss=1.57373 d_h=-24.4141 eval_acc=None active=0.033624467436929414
[2026-05-21T02:43:12] step=3400/20000 loss=1.53418 d_h=13.0208 eval_acc=None active=0.0336248386786136
[2026-05-21T02:45:36] step=3500/20000 loss=1.5918 d_h=6.51042 eval_acc=None active=0.03361125742033379
[2026-05-21T02:47:59] step=3600/20000 loss=1.6084 d_h=-13.0208 eval_acc=None active=0.03362654864031046
[2026-05-21T02:50:23] step=3700/20000 loss=1.56982 d_h=-30.9245 eval_acc=None active=0.03360763500147597
[2026-05-21T02:52:46] step=3800/20000 loss=1.60596 d_h=-73.2422 eval_acc=None active=0.033609983386372146
[2026-05-21T02:55:09] step=3900/20000 loss=1.54004 d_h=26.0417 eval_acc=None active=0.03361422454137027
[2026-05-21T02:57:40] step=4000/20000 loss=1.56152 d_h=-45.5729 eval_acc=0.34543325526932084 active=0.03360469600480949
[2026-05-21T03:00:04] step=4100/20000 loss=1.51416 d_h=14.6484 eval_acc=None active=0.033607806560133055
[2026-05-21T03:02:27] step=4200/20000 loss=1.54102 d_h=-6.51042 eval_acc=None active=0.0336106893080595
[2026-05-21T03:04:51] step=4300/20000 loss=1.52295 d_h=-27.6693 eval_acc=None active=0.033594936848414594
[2026-05-21T03:07:14] step=4400/20000 loss=1.4917 d_h=1.6276 eval_acc=None active=0.033619016934020675
[2026-05-21T03:09:37] step=4500/20000 loss=1.57422 d_h=-13.0208 eval_acc=None active=0.033602226685122256
[2026-05-21T03:12:01] step=4600/20000 loss=1.46191 d_h=26.0417 eval_acc=None active=0.033606321593396306
[2026-05-21T03:14:25] step=4700/20000 loss=1.50586 d_h=9.76562 eval_acc=None active=0.03364578852183711
[2026-05-21T03:16:48] step=4800/20000 loss=1.51367 d_h=-29.2969 eval_acc=None active=0.033587025463129624
[2026-05-21T03:19:12] step=4900/20000 loss=1.5166 d_h=-45.5729 eval_acc=None active=0.033581842141736026
[2026-05-21T03:21:42] step=5000/20000 loss=1.5835 d_h=-43.9453 eval_acc=0.382903981264637 active=0.03361616793533825
[2026-05-21T03:24:06] step=5100/20000 loss=1.51318 d_h=-24.4141 eval_acc=None active=0.033568092137236126
[2026-05-21T03:26:29] step=5200/20000 loss=1.59082 d_h=9.76562 eval_acc=None active=0.033593325322012785
[2026-05-21T03:28:53] step=5300/20000 loss=1.5542 d_h=-8.13802 eval_acc=None active=0.03360044360006336
[2026-05-21T03:31:16] step=5400/20000 loss=1.47754 d_h=-55.3385 eval_acc=None active=0.0335742176250252
[2026-05-21T03:33:39] step=5500/20000 loss=1.5874 d_h=37.4349 eval_acc=None active=0.03357064864247041
[2026-05-21T03:36:03] step=5600/20000 loss=1.57275 d_h=-17.9036 eval_acc=None active=0.03357428231107623
[2026-05-21T03:38:26] step=5700/20000 loss=1.5625 d_h=13.0208 eval_acc=None active=0.033576121644875154
[2026-05-21T03:40:50] step=5800/20000 loss=1.48926 d_h=32.5521 eval_acc=None active=0.03358342273133082
[2026-05-21T03:43:14] step=5900/20000 loss=1.56641 d_h=-6.51042 eval_acc=None active=0.03357190861424704
[2026-05-21T03:45:41] step=6000/20000 loss=1.56445 d_h=9.76562 eval_acc=0.3149882903981265 active=0.033576926001857556
[2026-05-21T03:48:05] step=6100/20000 loss=1.51709 d_h=14.6484 eval_acc=None active=0.033577615048922906
[2026-05-21T03:50:28] step=6200/20000 loss=1.5127 d_h=0 eval_acc=None active=0.033576599759165396
[2026-05-21T03:52:52] step=6300/20000 loss=1.60889 d_h=-14.6484 eval_acc=None active=0.033568972430017566
[2026-05-21T03:55:15] step=6400/20000 loss=1.58789 d_h=55.3385 eval_acc=None active=0.03356989209691703
[2026-05-21T03:57:39] step=6500/20000 loss=1.5835 d_h=-1.6276 eval_acc=None active=0.0335602679374982
[2026-05-21T04:00:02] step=6600/20000 loss=1.50781 d_h=91.1458 eval_acc=None active=0.0335526856073424
[2026-05-21T04:02:26] step=6700/20000 loss=1.56494 d_h=4.88281 eval_acc=None active=0.03354166647917087
[2026-05-21T04:04:49] step=6800/20000 loss=1.49707 d_h=-45.5729 eval_acc=None active=0.03355564429106788
[2026-05-21T04:07:12] step=6900/20000 loss=1.54834 d_h=1.6276 eval_acc=None active=0.03356188508877401
[2026-05-21T04:09:41] step=7000/20000 loss=1.5332 d_h=6.51042 eval_acc=0.373536299765808 active=0.03354841070310025
[2026-05-21T04:12:04] step=7100/20000 loss=1.49072 d_h=8.13802 eval_acc=None active=0.03354944849235377
[2026-05-21T04:14:28] step=7200/20000 loss=1.52832 d_h=48.8281 eval_acc=None active=0.03362226811119431
[2026-05-21T04:16:52] step=7300/20000 loss=1.56836 d_h=0 eval_acc=None active=0.03353073734898338
[2026-05-21T04:19:15] step=7400/20000 loss=1.55127 d_h=135.091 eval_acc=None active=0.03352722180273162
[2026-05-21T04:21:38] step=7500/20000 loss=1.48779 d_h=-8.13802 eval_acc=None active=0.0335441245491101
[2026-05-21T04:24:02] step=7600/20000 loss=1.49951 d_h=43.9453 eval_acc=None active=0.033533046359761544
[2026-05-21T04:26:25] step=7700/20000 loss=1.53174 d_h=-8.13802 eval_acc=None active=0.03352524747195663
[2026-05-21T04:28:48] step=7800/20000 loss=1.45312 d_h=48.8281 eval_acc=None active=0.03352370906891686
[2026-05-21T04:31:12] step=7900/20000 loss=1.52832 d_h=-26.0417 eval_acc=None active=0.03352455561245428
[2026-05-21T04:33:43] step=8000/20000 loss=1.56445 d_h=32.5521 eval_acc=0.4028103044496487 active=0.03351884917777842
[2026-05-21T04:36:07] step=8100/20000 loss=1.47461 d_h=13.0208 eval_acc=None active=0.03351603674077701
[2026-05-21T04:38:30] step=8200/20000 loss=1.57031 d_h=6.51042 eval_acc=None active=0.03351289243620943
[2026-05-21T04:40:54] step=8300/20000 loss=1.58398 d_h=-61.849 eval_acc=None active=0.0334895267096017
[2026-05-21T04:43:17] step=8400/20000 loss=1.53516 d_h=9.76562 eval_acc=None active=0.03349192571836391
[2026-05-21T04:45:41] step=8500/20000 loss=1.58203 d_h=19.5312 eval_acc=None active=0.033496096562437
[2026-05-21T04:48:04] step=8600/20000 loss=1.5625 d_h=26.0417 eval_acc=None active=0.033480023484973934
[2026-05-21T04:50:27] step=8700/20000 loss=1.52979 d_h=-43.9453 eval_acc=None active=0.03350064146063128
[2026-05-21T04:52:51] step=8800/20000 loss=1.49414 d_h=-19.5312 eval_acc=None active=0.03348392152265789
[2026-05-21T04:55:15] step=8900/20000 loss=1.54883 d_h=13.0208 eval_acc=None active=0.03349062918490626
[2026-05-21T04:57:45] step=9000/20000 loss=1.45508 d_h=58.5938 eval_acc=0.40749414519906324 active=0.033505824782024886
[2026-05-21T05:00:08] step=9100/20000 loss=1.48438 d_h=61.849 eval_acc=None active=0.033490243881037066
[2026-05-21T05:02:32] step=9200/20000 loss=1.52393 d_h=-50.4557 eval_acc=None active=0.03349565219739078
[2026-05-21T05:04:55] step=9300/20000 loss=1.57617 d_h=-13.0208 eval_acc=None active=0.03347532671518158
[2026-05-21T05:07:19] step=9400/20000 loss=1.47705 d_h=11.3932 eval_acc=None active=0.03350960750979178
[2026-05-21T05:09:42] step=9500/20000 loss=1.52686 d_h=1.6276 eval_acc=None active=0.03345585058894681
[2026-05-21T05:12:06] step=9600/20000 loss=1.59863 d_h=68.3594 eval_acc=None active=0.033507689427756816
[2026-05-21T05:14:29] step=9700/20000 loss=1.50977 d_h=3.25521 eval_acc=None active=0.03345773492173775
[2026-05-21T05:16:53] step=9800/20000 loss=1.50684 d_h=35.8073 eval_acc=None active=0.03346017892949198
[2026-05-21T05:19:16] step=9900/20000 loss=1.50537 d_h=27.6693 eval_acc=None active=0.03344928073611151
[2026-05-21T05:21:47] step=10000/20000 loss=1.50977 d_h=-29.2969 eval_acc=0.43676814988290397 active=0.03344219901974196
[2026-05-21T05:24:11] step=10100/20000 loss=1.49561 d_h=24.4141 eval_acc=None active=0.03346843343209112
[2026-05-21T05:26:35] step=10200/20000 loss=1.51562 d_h=9.76562 eval_acc=None active=0.03344818951055496
[2026-05-21T05:28:58] step=10300/20000 loss=1.50293 d_h=3.25521 eval_acc=None active=0.03345446968237911
[2026-05-21T05:31:21] step=10400/20000 loss=1.53662 d_h=-11.3932 eval_acc=None active=0.03344505926817239
[2026-05-21T05:33:45] step=10500/20000 loss=1.57129 d_h=-29.2969 eval_acc=None active=0.033448017951897877
[2026-05-21T05:36:09] step=10600/20000 loss=1.40137 d_h=-45.5729 eval_acc=None active=0.03340985880666273
[2026-05-21T05:38:32] step=10700/20000 loss=1.46289 d_h=-13.0208 eval_acc=None active=0.033426533745644096
[2026-05-21T05:40:56] step=10800/20000 loss=1.42041 d_h=-50.4557 eval_acc=None active=0.03342859807440313
[2026-05-21T05:43:19] step=10900/20000 loss=1.49658 d_h=69.987 eval_acc=None active=0.03342948961693258
[2026-05-21T05:45:49] step=11000/20000 loss=1.42773 d_h=-13.0208 eval_acc=0.45081967213114754 active=0.03342739435136653
[2026-05-21T05:48:13] step=11100/20000 loss=1.47021 d_h=24.4141 eval_acc=None active=0.03343516230236443
[2026-05-21T05:50:36] step=11200/20000 loss=1.47412 d_h=-14.6484 eval_acc=None active=0.03342209572005587
[2026-05-21T05:53:00] step=11300/20000 loss=1.50049 d_h=-8.13802 eval_acc=None active=0.033406107015702846
[2026-05-21T05:55:23] step=11400/20000 loss=1.40576 d_h=-11.3932 eval_acc=None active=0.03341149283256055
[2026-05-21T05:57:47] step=11500/20000 loss=1.43262 d_h=13.0208 eval_acc=None active=0.03337956042284653
[2026-05-21T06:00:10] step=11600/20000 loss=1.41113 d_h=26.0417 eval_acc=None active=0.033389803318405666
[2026-05-21T06:02:34] step=11700/20000 loss=1.41699 d_h=16.276 eval_acc=None active=0.033380508214116006
[2026-05-21T06:04:57] step=11800/20000 loss=1.44141 d_h=-22.7865 eval_acc=None active=0.033402110542723844
[2026-05-21T06:07:20] step=11900/20000 loss=1.39014 d_h=-47.2005 eval_acc=None active=0.03342152479534458
[2026-05-21T06:09:48] step=12000/20000 loss=1.40625 d_h=32.5521 eval_acc=0.4426229508196721 active=0.0333908551698442
[2026-05-21T06:12:12] step=12100/20000 loss=1.38574 d_h=-195.313 eval_acc=None active=0.033400873070443225
[2026-05-21T06:14:36] step=12200/20000 loss=1.3667 d_h=-43.9453 eval_acc=None active=0.03342303226157734
[2026-05-21T06:16:59] step=12300/20000 loss=1.41357 d_h=-40.6901 eval_acc=None active=0.033386214648791865
[2026-05-21T06:19:23] step=12400/20000 loss=1.37939 d_h=8.13802 eval_acc=None active=0.03337954354822452
[2026-05-21T06:21:47] step=12500/20000 loss=1.42334 d_h=-27.6693 eval_acc=None active=0.03336817567786481
[2026-05-21T06:24:10] step=12600/20000 loss=1.44824 d_h=22.7865 eval_acc=None active=0.03337018657032082
[2026-05-21T06:26:33] step=12700/20000 loss=1.38623 d_h=-24.4141 eval_acc=None active=0.03336807443013277
[2026-05-21T06:28:57] step=12800/20000 loss=1.35059 d_h=-9.76562 eval_acc=None active=0.03336210643881577
[2026-05-21T06:31:20] step=12900/20000 loss=1.45166 d_h=37.4349 eval_acc=None active=0.03335522440547332
[2026-05-21T06:33:49] step=13000/20000 loss=1.40234 d_h=-3.25521 eval_acc=0.4344262295081967 active=0.033359108380972266
[2026-05-21T06:36:13] step=13100/20000 loss=1.4707 d_h=71.6146 eval_acc=None active=0.03336857223148201
[2026-05-21T06:38:37] step=13200/20000 loss=1.4585 d_h=-1.6276 eval_acc=None active=0.03344066624157619
[2026-05-21T06:41:00] step=13300/20000 loss=1.39062 d_h=-61.849 eval_acc=None active=0.03338260629211905
[2026-05-21T06:43:23] step=13400/20000 loss=1.33105 d_h=94.401 eval_acc=None active=0.033319604890850445
[2026-05-21T06:45:47] step=13500/20000 loss=1.44482 d_h=8.13802 eval_acc=None active=0.03331828867033378
[2026-05-21T06:48:10] step=13600/20000 loss=1.40332 d_h=-42.3177 eval_acc=None active=0.03332496820821214
[2026-05-21T06:50:34] step=13700/20000 loss=1.42822 d_h=53.7109 eval_acc=None active=0.033318904594037094
[2026-05-21T06:52:57] step=13800/20000 loss=1.38428 d_h=-21.1589 eval_acc=None active=0.033320808613887046
[2026-05-21T06:55:21] step=13900/20000 loss=1.41895 d_h=13.0208 eval_acc=None active=0.03332622536755177
[2026-05-21T06:57:49] step=14000/20000 loss=1.35303 d_h=-40.6901 eval_acc=0.44730679156908665 active=0.03332441697055986
[2026-05-21T07:00:13] step=14100/20000 loss=1.38135 d_h=-21.1589 eval_acc=None active=0.03328519472413818
[2026-05-21T07:02:36] step=14200/20000 loss=1.45703 d_h=48.8281 eval_acc=None active=0.03329412702405466
[2026-05-21T07:05:00] step=14300/20000 loss=1.396 d_h=8.13802 eval_acc=None active=0.033295566991799384
[2026-05-21T07:07:23] step=14400/20000 loss=1.41748 d_h=-17.9036 eval_acc=None active=0.03329669196659995
[2026-05-21T07:09:47] step=14500/20000 loss=1.34863 d_h=19.5312 eval_acc=None active=0.033300778437562996
[2026-05-21T07:12:10] step=14600/20000 loss=1.4126 d_h=-206.706 eval_acc=None active=0.03331207318456066
[2026-05-21T07:14:34] step=14700/20000 loss=1.37402 d_h=19.5312 eval_acc=None active=0.03338025228234887
[2026-05-21T07:16:57] step=14800/20000 loss=1.48242 d_h=3.25521 eval_acc=None active=0.033340934413069144
[2026-05-21T07:19:20] step=14900/20000 loss=1.48975 d_h=-144.857 eval_acc=None active=0.03326049027751778
[2026-05-21T07:21:46] step=15000/20000 loss=1.44922 d_h=58.5938 eval_acc=0.41569086651053866 active=0.033320577994052934
[2026-05-21T07:24:10] step=15100/20000 loss=1.40283 d_h=-24.4141 eval_acc=None active=0.033237726412428364
[2026-05-21T07:26:33] step=15200/20000 loss=1.35791 d_h=112.305 eval_acc=None active=0.03335941493660542
[2026-05-21T07:28:56] step=15300/20000 loss=1.45312 d_h=-6.51042 eval_acc=None active=0.03322433639986464
[2026-05-21T07:31:20] step=15400/20000 loss=1.35449 d_h=-74.8698 eval_acc=None active=0.03324295473281399
[2026-05-21T07:33:43] step=15500/20000 loss=1.41895 d_h=48.8281 eval_acc=None active=0.03322720227316908
[2026-05-21T07:36:07] step=15600/20000 loss=1.39014 d_h=-40.6901 eval_acc=None active=0.03330848451494686
[2026-05-21T07:38:30] step=15700/20000 loss=1.34521 d_h=-47.2005 eval_acc=None active=0.03320872737450681
[2026-05-21T07:40:54] step=15800/20000 loss=1.33057 d_h=-30.9245 eval_acc=None active=0.033217687798793305
[2026-05-21T07:43:17] step=15900/20000 loss=1.31299 d_h=-56.9661 eval_acc=None active=0.03320377467294733
[2026-05-21T07:45:47] step=16000/20000 loss=1.44043 d_h=22.7865 eval_acc=0.4531615925058548 active=0.0331979444910434
[2026-05-21T07:48:10] step=16100/20000 loss=1.38232 d_h=-14.6484 eval_acc=None active=0.033174277833676526
[2026-05-21T07:50:34] step=16200/20000 loss=1.34229 d_h=-1.6276 eval_acc=None active=0.033198942906178905
[2026-05-21T07:52:57] step=16300/20000 loss=1.34863 d_h=71.6146 eval_acc=None active=0.033181823602151314
[2026-05-21T07:55:21] step=16400/20000 loss=1.27441 d_h=-42.3177 eval_acc=None active=0.0332505623749028
[2026-05-21T07:57:44] step=16500/20000 loss=1.29932 d_h=-105.794 eval_acc=None active=0.033146775012239726
[2026-05-21T08:00:07] step=16600/20000 loss=1.42969 d_h=61.849 eval_acc=None active=0.03317367597215822
[2026-05-21T08:02:31] step=16700/20000 loss=1.31543 d_h=-9.76562 eval_acc=None active=0.0331405426518446
[2026-05-21T08:04:54] step=16800/20000 loss=1.30322 d_h=-37.4349 eval_acc=None active=0.03312837323693949
[2026-05-21T08:07:17] step=16900/20000 loss=1.37988 d_h=19.5312 eval_acc=None active=0.03314660345358264
[2026-05-21T08:09:48] step=17000/20000 loss=1.37549 d_h=-24.4141 eval_acc=0.45433255269320844 active=0.03312577735758719
[2026-05-21T08:12:11] step=17100/20000 loss=1.38477 d_h=-146.484 eval_acc=None active=0.03313114629982288
[2026-05-21T08:14:35] step=17200/20000 loss=1.35059 d_h=13.0208 eval_acc=None active=0.03311515478303286
[2026-05-21T08:16:58] step=17300/20000 loss=1.35059 d_h=71.6146 eval_acc=None active=0.03314415100851741
[2026-05-21T08:19:22] step=17400/20000 loss=1.34033 d_h=60.2214 eval_acc=None active=0.03314317509287792
[2026-05-21T08:21:45] step=17500/20000 loss=1.40137 d_h=-81.3802 eval_acc=None active=0.033097928606399214
[2026-05-21T08:24:08] step=17600/20000 loss=1.39014 d_h=1.6276 eval_acc=None active=0.03307948183210696
[2026-05-21T08:26:32] step=17700/20000 loss=1.35205 d_h=-79.7526 eval_acc=None active=0.03307949308185497
[2026-05-21T08:28:55] step=17800/20000 loss=1.40479 d_h=-11.3932 eval_acc=None active=0.03305172870377703
[2026-05-21T08:31:18] step=17900/20000 loss=1.45605 d_h=61.849 eval_acc=None active=0.03310632654328543
[2026-05-21T08:33:46] step=18000/20000 loss=1.35303 d_h=105.794 eval_acc=0.45784543325526933 active=0.03310046823701149
[2026-05-21T08:36:10] step=18100/20000 loss=1.42627 d_h=-79.7526 eval_acc=None active=0.03303777901625004
[2026-05-21T08:38:33] step=18200/20000 loss=1.41699 d_h=-22.7865 eval_acc=None active=0.033013496435179854
[2026-05-21T08:40:56] step=18300/20000 loss=1.38428 d_h=-60.2214 eval_acc=None active=0.03304175298973303
[2026-05-21T08:43:19] step=18400/20000 loss=1.39844 d_h=133.464 eval_acc=None active=0.03329336204119028
[2026-05-21T08:45:43] step=18500/20000 loss=1.43945 d_h=-42.3177 eval_acc=None active=0.033016438244283325
[2026-05-21T08:48:06] step=18600/20000 loss=1.40723 d_h=6.51042 eval_acc=None active=0.03297616977129712
[2026-05-21T08:50:30] step=18700/20000 loss=1.42627 d_h=-43.9453 eval_acc=None active=0.033019115684308674
[2026-05-21T08:52:53] step=18800/20000 loss=1.45654 d_h=21.1589 eval_acc=None active=0.033064457793645426
[2026-05-21T08:55:16] step=18900/20000 loss=1.50781 d_h=16.276 eval_acc=None active=0.0330265517677404
[2026-05-21T08:57:42] step=19000/20000 loss=1.41602 d_h=84.6354 eval_acc=0.446135831381733 active=0.03295448869445324
[2026-05-21T09:00:05] step=19100/20000 loss=1.38379 d_h=81.3802 eval_acc=None active=0.0329641719150491
[2026-05-21T09:02:29] step=19200/20000 loss=1.52783 d_h=148.112 eval_acc=None active=0.03298317836430464
[2026-05-21T09:04:52] step=19300/20000 loss=1.57227 d_h=0 eval_acc=None active=0.03290931251889958
[2026-05-21T09:07:16] step=19400/20000 loss=1.46191 d_h=-74.8698 eval_acc=None active=0.03291081154782133
[2026-05-21T09:09:39] step=19500/20000 loss=1.48779 d_h=47.2005 eval_acc=None active=0.03303663154195346
[2026-05-21T09:12:03] step=19600/20000 loss=1.47021 d_h=118.815 eval_acc=None active=0.0329025739198442
[2026-05-21T09:14:26] step=19700/20000 loss=1.45557 d_h=-40.6901 eval_acc=None active=0.03292416218626703
[2026-05-21T09:16:49] step=19800/20000 loss=1.49561 d_h=102.539 eval_acc=None active=0.032906460707780145
[2026-05-21T09:19:13] step=19900/20000 loss=1.50684 d_h=126.953 eval_acc=None active=0.03292595089619992
[2026-05-21T09:21:39] step=20000/20000 loss=1.45117 d_h=-65.1042 eval_acc=0.36533957845433257 active=0.03287273958813323
[2026-05-21T09:21:40] finished int4_g128_rtnclip_k1_h3e-4_seed16_bs64_ckpt1k status=complete steps=20000
