initial eval {'eval_acc': 0.5630733944954128, 'eval_loss': 1.016056354867867, 'eval_examples': 872}
sst-2_fp16_h0.01_seed16 step=1 loss+=0.702374 loss-=1.99588 dh=-64.6752 sec=1.426
sst-2_fp16_h0.01_seed16 step=25 loss+=2.15251 loss-=2.08304 dh=3.47347 sec=1.499
sst-2_fp16_h0.01_seed16 step=50 loss+=1.78683 loss-=1.02901 dh=37.8909 sec=1.376
sst-2_fp16_h0.01_seed16 step=75 loss+=2.15173 loss-=1.24993 dh=45.0903 sec=1.502
sst-2_fp16_h0.01_seed16 step=100 loss+=0.985857 loss-=0.755495 dh=11.5181 sec=1.471
sst-2_fp16_h0.01_seed16 step=125 loss+=1.07562 loss-=1.71321 dh=-31.8795 sec=1.460
sst-2_fp16_h0.01_seed16 step=150 loss+=0.990389 loss-=0.730512 dh=12.9938 sec=1.503
sst-2_fp16_h0.01_seed16 step=175 loss+=0.770604 loss-=0.89864 dh=-6.40178 sec=1.474
sst-2_fp16_h0.01_seed16 step=200 loss+=0.697369 loss-=1.52385 dh=-41.3239 sec=1.460
sst-2_fp16_h0.01_seed16 step=225 loss+=0.621219 loss-=0.856129 dh=-11.7455 sec=1.376
sst-2_fp16_h0.01_seed16 step=250 loss+=1.30795 loss-=0.639215 dh=33.4367 sec=1.460
sst-2_fp16_h0.01_seed16 step=275 loss+=1.76211 loss-=1.14446 dh=30.8825 sec=1.460
sst-2_fp16_h0.01_seed16 step=300 loss+=1.62524 loss-=1.08564 dh=26.9802 sec=1.377
sst-2_fp16_h0.01_seed16 step=325 loss+=0.759055 loss-=1.13408 dh=-18.7514 sec=1.461
sst-2_fp16_h0.01_seed16 step=350 loss+=0.614302 loss-=1.55215 dh=-46.8923 sec=1.502
sst-2_fp16_h0.01_seed16 step=375 loss+=1.57422 loss-=0.803108 dh=38.5558 sec=1.461
sst-2_fp16_h0.01_seed16 step=400 loss+=0.726097 loss-=1.33092 dh=-30.2411 sec=1.503
sst-2_fp16_h0.01_seed16 step=425 loss+=0.716729 loss-=1.22407 dh=-25.367 sec=1.504
sst-2_fp16_h0.01_seed16 step=450 loss+=0.621157 loss-=0.646554 dh=-1.26985 sec=1.376
sst-2_fp16_h0.01_seed16 step=475 loss+=1.3355 loss-=0.668573 dh=33.3466 sec=1.502
sst-2_fp16_h0.01_seed16 step=500 loss+=1.11822 loss-=1.80984 dh=-34.5808 sec=1.460
eval step=500 {'eval_acc': 0.573394495412844, 'eval_loss': 0.956190981793243, 'eval_examples': 872}
sst-2_fp16_h0.01_seed16 step=525 loss+=0.73547 loss-=0.819235 dh=-4.1882 sec=1.364
sst-2_fp16_h0.01_seed16 step=550 loss+=0.876534 loss-=0.932588 dh=-2.80268 sec=1.502
sst-2_fp16_h0.01_seed16 step=575 loss+=1.39104 loss-=0.952677 dh=21.9181 sec=1.503
sst-2_fp16_h0.01_seed16 step=600 loss+=0.661302 loss-=0.853145 dh=-9.59214 sec=1.462
sst-2_fp16_h0.01_seed16 step=625 loss+=0.857454 loss-=1.15071 dh=-14.6629 sec=1.376
sst-2_fp16_h0.01_seed16 step=650 loss+=0.949326 loss-=0.961719 dh=-0.619655 sec=1.376
sst-2_fp16_h0.01_seed16 step=675 loss+=0.701634 loss-=0.62188 dh=3.98769 sec=1.377
sst-2_fp16_h0.01_seed16 step=700 loss+=0.658881 loss-=0.518523 dh=7.01787 sec=1.364
sst-2_fp16_h0.01_seed16 step=725 loss+=1.33972 loss-=0.75264 dh=29.3539 sec=1.503
sst-2_fp16_h0.01_seed16 step=750 loss+=1.91942 loss-=0.992844 dh=46.329 sec=1.504
sst-2_fp16_h0.01_seed16 step=775 loss+=0.661042 loss-=0.551593 dh=5.47242 sec=1.502
sst-2_fp16_h0.01_seed16 step=800 loss+=1.64936 loss-=1.83241 dh=-9.1528 sec=1.502
sst-2_fp16_h0.01_seed16 step=825 loss+=0.894028 loss-=1.13382 dh=-11.9895 sec=1.502
sst-2_fp16_h0.01_seed16 step=850 loss+=1.01187 loss-=0.732127 dh=13.9871 sec=1.377
sst-2_fp16_h0.01_seed16 step=875 loss+=0.894306 loss-=1.5897 dh=-34.7698 sec=1.460
sst-2_fp16_h0.01_seed16 step=900 loss+=0.660139 loss-=0.697425 dh=-1.8643 sec=1.503
sst-2_fp16_h0.01_seed16 step=925 loss+=1.05428 loss-=0.796074 dh=12.9102 sec=1.502
sst-2_fp16_h0.01_seed16 step=950 loss+=0.623585 loss-=1.03748 dh=-20.6946 sec=1.460
sst-2_fp16_h0.01_seed16 step=975 loss+=0.98113 loss-=1.19838 dh=-10.8628 sec=1.504
sst-2_fp16_h0.01_seed16 step=1000 loss+=1.0395 loss-=0.712427 dh=16.3534 sec=1.377
eval step=1000 {'eval_acc': 0.5802752293577982, 'eval_loss': 0.9032518071679979, 'eval_examples': 872}
sst-2_fp16_h0.01_seed16 step=1025 loss+=1.28423 loss-=1.2144 dh=3.49145 sec=1.502
sst-2_fp16_h0.01_seed16 step=1050 loss+=1.50557 loss-=1.54914 dh=-2.17818 sec=1.503
sst-2_fp16_h0.01_seed16 step=1075 loss+=1.00385 loss-=0.883593 dh=6.01305 sec=1.376
sst-2_fp16_h0.01_seed16 step=1100 loss+=1.49659 loss-=1.24418 dh=12.6203 sec=1.503
sst-2_fp16_h0.01_seed16 step=1125 loss+=0.670035 loss-=0.848646 dh=-8.93056 sec=1.503
sst-2_fp16_h0.01_seed16 step=1150 loss+=1.35228 loss-=0.966735 dh=19.2773 sec=1.473
sst-2_fp16_h0.01_seed16 step=1175 loss+=1.18513 loss-=0.622874 dh=28.113 sec=1.501
sst-2_fp16_h0.01_seed16 step=1200 loss+=1.328 loss-=0.98 dh=17.4002 sec=1.501
sst-2_fp16_h0.01_seed16 step=1225 loss+=0.392301 loss-=1.12477 dh=-36.6233 sec=1.503
sst-2_fp16_h0.01_seed16 step=1250 loss+=0.981344 loss-=0.675092 dh=15.3126 sec=1.461
sst-2_fp16_h0.01_seed16 step=1275 loss+=0.75199 loss-=0.816779 dh=-3.23944 sec=1.503
sst-2_fp16_h0.01_seed16 step=1300 loss+=1.00318 loss-=0.681903 dh=16.064 sec=1.376
sst-2_fp16_h0.01_seed16 step=1325 loss+=0.629175 loss-=0.724004 dh=-4.74145 sec=1.364
sst-2_fp16_h0.01_seed16 step=1350 loss+=0.866585 loss-=0.81628 dh=2.51522 sec=1.377
sst-2_fp16_h0.01_seed16 step=1375 loss+=0.816716 loss-=1.25378 dh=-21.8533 sec=1.503
sst-2_fp16_h0.01_seed16 step=1400 loss+=0.938929 loss-=0.703073 dh=11.7928 sec=1.490
sst-2_fp16_h0.01_seed16 step=1425 loss+=1.43818 loss-=0.792309 dh=32.2937 sec=1.461
sst-2_fp16_h0.01_seed16 step=1450 loss+=0.68873 loss-=0.699958 dh=-0.561404 sec=1.502
sst-2_fp16_h0.01_seed16 step=1475 loss+=1.69785 loss-=1.25646 dh=22.0694 sec=1.472
sst-2_fp16_h0.01_seed16 step=1500 loss+=0.659962 loss-=0.701722 dh=-2.088 sec=1.463
eval step=1500 {'eval_acc': 0.5837155963302753, 'eval_loss': 0.8632381654071083, 'eval_examples': 872}
sst-2_fp16_h0.01_seed16 step=1525 loss+=0.946379 loss-=0.628375 dh=15.9002 sec=1.363
sst-2_fp16_h0.01_seed16 step=1550 loss+=0.756494 loss-=2.14352 dh=-69.3511 sec=1.375
sst-2_fp16_h0.01_seed16 step=1575 loss+=1.02144 loss-=1.18469 dh=-8.16285 sec=1.375
sst-2_fp16_h0.01_seed16 step=1600 loss+=1.26439 loss-=1.18905 dh=3.76706 sec=1.377
sst-2_fp16_h0.01_seed16 step=1625 loss+=0.885613 loss-=0.749862 dh=6.78755 sec=1.504
sst-2_fp16_h0.01_seed16 step=1650 loss+=1.00067 loss-=1.47693 dh=-23.8131 sec=1.503
sst-2_fp16_h0.01_seed16 step=1675 loss+=0.967895 loss-=0.723349 dh=12.2273 sec=1.503
sst-2_fp16_h0.01_seed16 step=1700 loss+=1.23994 loss-=0.874269 dh=18.2837 sec=1.376
sst-2_fp16_h0.01_seed16 step=1725 loss+=0.622341 loss-=0.635728 dh=-0.669326 sec=1.376
sst-2_fp16_h0.01_seed16 step=1750 loss+=0.704801 loss-=0.720561 dh=-0.788036 sec=1.377
sst-2_fp16_h0.01_seed16 step=1775 loss+=0.711516 loss-=0.660966 dh=2.52749 sec=1.504
sst-2_fp16_h0.01_seed16 step=1800 loss+=0.533838 loss-=0.556028 dh=-1.10954 sec=1.460
sst-2_fp16_h0.01_seed16 step=1825 loss+=0.943112 loss-=0.706711 dh=11.82 sec=1.462
sst-2_fp16_h0.01_seed16 step=1850 loss+=1.52756 loss-=0.759381 dh=38.4088 sec=1.503
sst-2_fp16_h0.01_seed16 step=1875 loss+=0.934644 loss-=0.706844 dh=11.39 sec=1.377
sst-2_fp16_h0.01_seed16 step=1900 loss+=0.779184 loss-=1.05371 dh=-13.7264 sec=1.379
sst-2_fp16_h0.01_seed16 step=1925 loss+=0.714882 loss-=0.888334 dh=-8.6726 sec=1.464
sst-2_fp16_h0.01_seed16 step=1950 loss+=1.28302 loss-=0.768775 dh=25.7124 sec=1.464
sst-2_fp16_h0.01_seed16 step=1975 loss+=0.780219 loss-=0.867928 dh=-4.38546 sec=1.464
sst-2_fp16_h0.01_seed16 step=2000 loss+=0.95489 loss-=2.18534 dh=-61.5227 sec=1.505
eval step=2000 {'eval_acc': 0.5905963302752294, 'eval_loss': 0.838007267979999, 'eval_examples': 872}
sst-2_fp16_h0.01_seed16 step=2025 loss+=1.99015 loss-=0.761036 dh=61.4555 sec=1.502
sst-2_fp16_h0.01_seed16 step=2050 loss+=0.873517 loss-=0.910231 dh=-1.83569 sec=1.459
sst-2_fp16_h0.01_seed16 step=2075 loss+=0.654416 loss-=0.659377 dh=-0.248058 sec=1.502
sst-2_fp16_h0.01_seed16 step=2100 loss+=0.765208 loss-=1.09176 dh=-16.3278 sec=1.458
sst-2_fp16_h0.01_seed16 step=2125 loss+=0.848379 loss-=0.666974 dh=9.07022 sec=1.485
sst-2_fp16_h0.01_seed16 step=2150 loss+=0.756964 loss-=1.17886 dh=-21.0948 sec=1.501
sst-2_fp16_h0.01_seed16 step=2175 loss+=0.893477 loss-=1.71928 dh=-41.2904 sec=1.376
sst-2_fp16_h0.01_seed16 step=2200 loss+=0.754084 loss-=1.31644 dh=-28.1179 sec=1.377
sst-2_fp16_h0.01_seed16 step=2225 loss+=1.23016 loss-=1.881 dh=-32.542 sec=1.472
sst-2_fp16_h0.01_seed16 step=2250 loss+=0.759727 loss-=0.849461 dh=-4.48666 sec=1.474
sst-2_fp16_h0.01_seed16 step=2275 loss+=1.48361 loss-=0.80447 dh=33.9571 sec=1.363
sst-2_fp16_h0.01_seed16 step=2300 loss+=1.09516 loss-=0.723934 dh=18.5613 sec=1.504
sst-2_fp16_h0.01_seed16 step=2325 loss+=1.22429 loss-=0.780525 dh=22.1884 sec=1.504
sst-2_fp16_h0.01_seed16 step=2350 loss+=0.927749 loss-=0.698359 dh=11.4695 sec=1.459
sst-2_fp16_h0.01_seed16 step=2375 loss+=0.644379 loss-=1.16915 dh=-26.2387 sec=1.377
sst-2_fp16_h0.01_seed16 step=2400 loss+=1.9972 loss-=0.685357 dh=65.5922 sec=1.376
sst-2_fp16_h0.01_seed16 step=2425 loss+=1.30017 loss-=0.705555 dh=29.7305 sec=1.459
sst-2_fp16_h0.01_seed16 step=2450 loss+=0.695756 loss-=0.776729 dh=-4.04866 sec=1.375
sst-2_fp16_h0.01_seed16 step=2475 loss+=0.7067 loss-=0.813428 dh=-5.33639 sec=1.364
sst-2_fp16_h0.01_seed16 step=2500 loss+=1.57226 loss-=1.66271 dh=-4.52262 sec=1.458
eval step=2500 {'eval_acc': 0.6020642201834863, 'eval_loss': 0.8024340429505624, 'eval_examples': 872}
sst-2_fp16_h0.01_seed16 step=2525 loss+=1.33588 loss-=1.06509 dh=13.5395 sec=1.461
sst-2_fp16_h0.01_seed16 step=2550 loss+=1.88782 loss-=2.09537 dh=-10.3778 sec=1.503
sst-2_fp16_h0.01_seed16 step=2575 loss+=0.913523 loss-=0.653338 dh=13.0092 sec=1.376
sst-2_fp16_h0.01_seed16 step=2600 loss+=1.37037 loss-=2.07358 dh=-35.1605 sec=1.376
sst-2_fp16_h0.01_seed16 step=2625 loss+=0.721408 loss-=1.57089 dh=-42.4739 sec=1.461
sst-2_fp16_h0.01_seed16 step=2650 loss+=1.55016 loss-=0.752705 dh=39.8729 sec=1.462
sst-2_fp16_h0.01_seed16 step=2675 loss+=0.716143 loss-=0.561106 dh=7.75187 sec=1.377
sst-2_fp16_h0.01_seed16 step=2700 loss+=0.673365 loss-=0.650732 dh=1.1317 sec=1.473
sst-2_fp16_h0.01_seed16 step=2725 loss+=1.00986 loss-=1.03923 dh=-1.46891 sec=1.473
sst-2_fp16_h0.01_seed16 step=2750 loss+=1.16062 loss-=0.731198 dh=21.4711 sec=1.503
sst-2_fp16_h0.01_seed16 step=2775 loss+=0.884014 loss-=1.03055 dh=-7.32663 sec=1.376
sst-2_fp16_h0.01_seed16 step=2800 loss+=0.855522 loss-=0.666629 dh=9.44467 sec=1.505
sst-2_fp16_h0.01_seed16 step=2825 loss+=0.691565 loss-=0.99764 dh=-15.3037 sec=1.461
sst-2_fp16_h0.01_seed16 step=2850 loss+=0.751763 loss-=2.21245 dh=-73.0343 sec=1.365
sst-2_fp16_h0.01_seed16 step=2875 loss+=0.779917 loss-=1.55332 dh=-38.67 sec=1.460
sst-2_fp16_h0.01_seed16 step=2900 loss+=0.72127 loss-=0.693217 dh=1.40265 sec=1.364
sst-2_fp16_h0.01_seed16 step=2925 loss+=0.453693 loss-=1.14713 dh=-34.6718 sec=1.460
sst-2_fp16_h0.01_seed16 step=2950 loss+=0.82568 loss-=0.690676 dh=6.75019 sec=1.504
sst-2_fp16_h0.01_seed16 step=2975 loss+=1.03867 loss-=0.699009 dh=16.9829 sec=1.377
sst-2_fp16_h0.01_seed16 step=3000 loss+=0.89401 loss-=1.21055 dh=-15.8271 sec=1.377
eval step=3000 {'eval_acc': 0.6089449541284404, 'eval_loss': 0.7648551429764991, 'eval_examples': 872}
sst-2_fp16_h0.01_seed16 step=3025 loss+=0.74029 loss-=0.854256 dh=-5.69831 sec=2.054
sst-2_fp16_h0.01_seed16 step=3050 loss+=0.687514 loss-=0.733948 dh=-2.32171 sec=1.461
sst-2_fp16_h0.01_seed16 step=3075 loss+=0.605394 loss-=1.05025 dh=-22.2426 sec=1.376
sst-2_fp16_h0.01_seed16 step=3100 loss+=0.677067 loss-=1.56131 dh=-44.2121 sec=1.504
sst-2_fp16_h0.01_seed16 step=3125 loss+=1.12454 loss-=0.819576 dh=15.2483 sec=1.502
sst-2_fp16_h0.01_seed16 step=3150 loss+=0.893647 loss-=0.855812 dh=1.89175 sec=1.460
sst-2_fp16_h0.01_seed16 step=3175 loss+=0.673217 loss-=1.6123 dh=-46.954 sec=1.377
sst-2_fp16_h0.01_seed16 step=3200 loss+=0.834482 loss-=0.694923 dh=6.97793 sec=1.504
sst-2_fp16_h0.01_seed16 step=3225 loss+=1.72567 loss-=0.828416 dh=44.8629 sec=1.503
sst-2_fp16_h0.01_seed16 step=3250 loss+=1.73869 loss-=1.22174 dh=25.8476 sec=1.364
sst-2_fp16_h0.01_seed16 step=3275 loss+=1.81881 loss-=1.179 dh=31.9902 sec=1.376
sst-2_fp16_h0.01_seed16 step=3300 loss+=0.724895 loss-=0.819404 dh=-4.72546 sec=1.502
sst-2_fp16_h0.01_seed16 step=3325 loss+=1.07062 loss-=1.42941 dh=-17.9394 sec=1.474
sst-2_fp16_h0.01_seed16 step=3350 loss+=0.666471 loss-=0.563783 dh=5.13441 sec=1.504
sst-2_fp16_h0.01_seed16 step=3375 loss+=1.01638 loss-=0.903644 dh=5.63668 sec=1.503
sst-2_fp16_h0.01_seed16 step=3400 loss+=0.809536 loss-=0.673386 dh=6.80751 sec=1.502
sst-2_fp16_h0.01_seed16 step=3425 loss+=0.694081 loss-=1.44877 dh=-37.7346 sec=1.376
sst-2_fp16_h0.01_seed16 step=3450 loss+=1.021 loss-=0.694143 dh=16.3427 sec=1.376
sst-2_fp16_h0.01_seed16 step=3475 loss+=0.841226 loss-=1.17539 dh=-16.7081 sec=1.503
sst-2_fp16_h0.01_seed16 step=3500 loss+=1.78834 loss-=2.48853 dh=-35.0095 sec=1.503
eval step=3500 {'eval_acc': 0.6192660550458715, 'eval_loss': 0.7335309716370897, 'eval_examples': 872}
sst-2_fp16_h0.01_seed16 step=3525 loss+=1.50615 loss-=0.709689 dh=39.8232 sec=1.376
sst-2_fp16_h0.01_seed16 step=3550 loss+=0.812634 loss-=0.728135 dh=4.22493 sec=1.376
sst-2_fp16_h0.01_seed16 step=3575 loss+=1.21551 loss-=1.27668 dh=-3.05845 sec=1.462
sst-2_fp16_h0.01_seed16 step=3600 loss+=1.20384 loss-=0.862506 dh=17.0669 sec=1.377
sst-2_fp16_h0.01_seed16 step=3625 loss+=0.767667 loss-=0.948541 dh=-9.04374 sec=1.376
sst-2_fp16_h0.01_seed16 step=3650 loss+=0.672301 loss-=0.600667 dh=3.58168 sec=1.504
sst-2_fp16_h0.01_seed16 step=3675 loss+=0.680739 loss-=0.708652 dh=-1.39564 sec=1.376
sst-2_fp16_h0.01_seed16 step=3700 loss+=1.12437 loss-=1.78273 dh=-32.9177 sec=1.475
sst-2_fp16_h0.01_seed16 step=3725 loss+=1.3605 loss-=1.3695 dh=-0.449824 sec=1.503
sst-2_fp16_h0.01_seed16 step=3750 loss+=1.07407 loss-=0.653741 dh=21.0164 sec=1.460
sst-2_fp16_h0.01_seed16 step=3775 loss+=0.713327 loss-=0.70289 dh=0.521871 sec=1.377
sst-2_fp16_h0.01_seed16 step=3800 loss+=0.719639 loss-=0.666914 dh=2.63623 sec=1.502
sst-2_fp16_h0.01_seed16 step=3825 loss+=1.13035 loss-=1.12571 dh=0.231772 sec=1.504
sst-2_fp16_h0.01_seed16 step=3850 loss+=0.659576 loss-=0.837793 dh=-8.91084 sec=1.462
sst-2_fp16_h0.01_seed16 step=3875 loss+=1.37295 loss-=0.723803 dh=32.4572 sec=1.502
sst-2_fp16_h0.01_seed16 step=3900 loss+=1.06093 loss-=0.686003 dh=18.7464 sec=1.461
sst-2_fp16_h0.01_seed16 step=3925 loss+=0.741215 loss-=1.17836 dh=-21.8574 sec=1.502
sst-2_fp16_h0.01_seed16 step=3950 loss+=1.23314 loss-=0.826624 dh=20.3259 sec=1.463
sst-2_fp16_h0.01_seed16 step=3975 loss+=0.652726 loss-=1.85867 dh=-60.2971 sec=1.502
sst-2_fp16_h0.01_seed16 step=4000 loss+=1.76462 loss-=0.881184 dh=44.1716 sec=1.503
eval step=4000 {'eval_acc': 0.6215596330275229, 'eval_loss': 0.7139829141814091, 'eval_examples': 872}
sst-2_fp16_h0.01_seed16 step=4025 loss+=1.15025 loss-=1.01212 dh=6.90665 sec=1.501
sst-2_fp16_h0.01_seed16 step=4050 loss+=0.75949 loss-=1.77155 dh=-50.603 sec=1.376
sst-2_fp16_h0.01_seed16 step=4075 loss+=1.19479 loss-=0.919227 dh=13.7783 sec=1.473
sst-2_fp16_h0.01_seed16 step=4100 loss+=0.985561 loss-=0.725083 dh=13.0239 sec=1.503
sst-2_fp16_h0.01_seed16 step=4125 loss+=0.688484 loss-=0.529051 dh=7.97163 sec=1.376
sst-2_fp16_h0.01_seed16 step=4150 loss+=0.598052 loss-=0.921281 dh=-16.1615 sec=1.505
sst-2_fp16_h0.01_seed16 step=4175 loss+=0.819739 loss-=0.849735 dh=-1.49979 sec=1.377
sst-2_fp16_h0.01_seed16 step=4200 loss+=0.840941 loss-=0.798306 dh=2.13176 sec=1.375
sst-2_fp16_h0.01_seed16 step=4225 loss+=0.680265 loss-=0.809804 dh=-6.47696 sec=1.503
sst-2_fp16_h0.01_seed16 step=4250 loss+=0.665687 loss-=0.707651 dh=-2.09818 sec=1.377
sst-2_fp16_h0.01_seed16 step=4275 loss+=2.18508 loss-=0.666795 dh=75.9144 sec=1.377
sst-2_fp16_h0.01_seed16 step=4300 loss+=0.733157 loss-=0.996294 dh=-13.1569 sec=1.377
sst-2_fp16_h0.01_seed16 step=4325 loss+=0.981356 loss-=2.8663 dh=-94.247 sec=1.503
sst-2_fp16_h0.01_seed16 step=4350 loss+=0.702953 loss-=0.909323 dh=-10.3185 sec=1.376
sst-2_fp16_h0.01_seed16 step=4375 loss+=0.952486 loss-=0.687117 dh=13.2684 sec=1.462
sst-2_fp16_h0.01_seed16 step=4400 loss+=0.972558 loss-=1.21469 dh=-12.1066 sec=1.504
sst-2_fp16_h0.01_seed16 step=4425 loss+=0.801897 loss-=0.761021 dh=2.0438 sec=1.460
sst-2_fp16_h0.01_seed16 step=4450 loss+=1.89039 loss-=0.790618 dh=54.9885 sec=1.503
sst-2_fp16_h0.01_seed16 step=4475 loss+=1.12135 loss-=1.21863 dh=-4.86402 sec=1.377
sst-2_fp16_h0.01_seed16 step=4500 loss+=0.663648 loss-=0.548911 dh=5.73685 sec=1.376
eval step=4500 {'eval_acc': 0.6307339449541285, 'eval_loss': 0.6914283683920843, 'eval_examples': 872}
sst-2_fp16_h0.01_seed16 step=4525 loss+=0.968402 loss-=0.806721 dh=8.08407 sec=1.459
sst-2_fp16_h0.01_seed16 step=4550 loss+=0.85401 loss-=1.69143 dh=-41.871 sec=1.503
sst-2_fp16_h0.01_seed16 step=4575 loss+=0.740744 loss-=1.26361 dh=-26.1434 sec=1.460
sst-2_fp16_h0.01_seed16 step=4600 loss+=0.629301 loss-=0.576018 dh=2.66415 sec=1.503
sst-2_fp16_h0.01_seed16 step=4625 loss+=1.34402 loss-=2.74257 dh=-69.928 sec=1.503
sst-2_fp16_h0.01_seed16 step=4650 loss+=0.693226 loss-=0.733375 dh=-2.00747 sec=1.461
sst-2_fp16_h0.01_seed16 step=4675 loss+=0.844157 loss-=0.610847 dh=11.6655 sec=1.503
sst-2_fp16_h0.01_seed16 step=4700 loss+=0.870123 loss-=0.701223 dh=8.44499 sec=1.503
sst-2_fp16_h0.01_seed16 step=4725 loss+=3.07474 loss-=0.91934 dh=107.77 sec=1.502
sst-2_fp16_h0.01_seed16 step=4750 loss+=0.672311 loss-=0.731821 dh=-2.97546 sec=1.461
sst-2_fp16_h0.01_seed16 step=4775 loss+=1.25155 loss-=0.863085 dh=19.4233 sec=1.460
sst-2_fp16_h0.01_seed16 step=4800 loss+=0.866691 loss-=1.26433 dh=-19.8822 sec=1.474
sst-2_fp16_h0.01_seed16 step=4825 loss+=0.869358 loss-=0.814625 dh=2.73666 sec=1.375
sst-2_fp16_h0.01_seed16 step=4850 loss+=1.0654 loss-=0.83859 dh=11.3404 sec=1.503
sst-2_fp16_h0.01_seed16 step=4875 loss+=1.17833 loss-=0.942741 dh=11.7795 sec=1.502
sst-2_fp16_h0.01_seed16 step=4900 loss+=1.03301 loss-=0.910676 dh=6.11645 sec=1.376
sst-2_fp16_h0.01_seed16 step=4925 loss+=0.895946 loss-=0.694447 dh=10.075 sec=1.375
sst-2_fp16_h0.01_seed16 step=4950 loss+=0.75186 loss-=0.651297 dh=5.02815 sec=1.503
sst-2_fp16_h0.01_seed16 step=4975 loss+=0.600582 loss-=0.861494 dh=-13.0456 sec=1.460
sst-2_fp16_h0.01_seed16 step=5000 loss+=0.87896 loss-=0.880196 dh=-0.0617991 sec=1.461
eval step=5000 {'eval_acc': 0.6318807339449541, 'eval_loss': 0.6833042846095466, 'eval_examples': 872}
sst-2_fp16_h0.01_seed16 step=5025 loss+=0.715485 loss-=0.749329 dh=-1.69219 sec=1.460
sst-2_fp16_h0.01_seed16 step=5050 loss+=0.667598 loss-=1.05835 dh=-19.5376 sec=1.501
sst-2_fp16_h0.01_seed16 step=5075 loss+=0.701575 loss-=0.756724 dh=-2.75744 sec=1.363
sst-2_fp16_h0.01_seed16 step=5100 loss+=0.893022 loss-=0.908895 dh=-0.793632 sec=1.377
sst-2_fp16_h0.01_seed16 step=5125 loss+=0.559409 loss-=1.15081 dh=-29.5698 sec=1.376
sst-2_fp16_h0.01_seed16 step=5150 loss+=1.02348 loss-=0.547429 dh=23.8027 sec=1.501
sst-2_fp16_h0.01_seed16 step=5175 loss+=0.657673 loss-=0.671826 dh=-0.707633 sec=1.461
sst-2_fp16_h0.01_seed16 step=5200 loss+=0.705488 loss-=3.27332 dh=-128.391 sec=1.461
sst-2_fp16_h0.01_seed16 step=5225 loss+=0.782183 loss-=0.810278 dh=-1.40473 sec=1.472
sst-2_fp16_h0.01_seed16 step=5250 loss+=0.751778 loss-=2.44771 dh=-84.7967 sec=1.458
sst-2_fp16_h0.01_seed16 step=5275 loss+=0.664893 loss-=0.785096 dh=-6.01013 sec=1.502
sst-2_fp16_h0.01_seed16 step=5300 loss+=1.49792 loss-=0.766177 dh=36.5871 sec=1.376
sst-2_fp16_h0.01_seed16 step=5325 loss+=1.16989 loss-=0.735819 dh=21.7037 sec=1.461
sst-2_fp16_h0.01_seed16 step=5350 loss+=0.764923 loss-=1.44395 dh=-33.9516 sec=1.502
sst-2_fp16_h0.01_seed16 step=5375 loss+=0.868213 loss-=1.16275 dh=-14.7271 sec=1.503
sst-2_fp16_h0.01_seed16 step=5400 loss+=0.925696 loss-=1.09348 dh=-8.38941 sec=1.499
sst-2_fp16_h0.01_seed16 step=5425 loss+=0.917903 loss-=0.710422 dh=10.3741 sec=1.461
sst-2_fp16_h0.01_seed16 step=5450 loss+=0.642718 loss-=1.41604 dh=-38.6659 sec=1.505
sst-2_fp16_h0.01_seed16 step=5475 loss+=0.747352 loss-=0.920632 dh=-8.66399 sec=1.364
sst-2_fp16_h0.01_seed16 step=5500 loss+=0.943524 loss-=0.854766 dh=4.43789 sec=1.502
eval step=5500 {'eval_acc': 0.6364678899082569, 'eval_loss': 0.6730287707957584, 'eval_examples': 872}
sst-2_fp16_h0.01_seed16 step=5525 loss+=0.876929 loss-=0.709408 dh=8.37606 sec=1.375
sst-2_fp16_h0.01_seed16 step=5550 loss+=0.769485 loss-=0.934186 dh=-8.23504 sec=1.364
sst-2_fp16_h0.01_seed16 step=5575 loss+=0.809453 loss-=0.817786 dh=-0.416628 sec=1.502
sst-2_fp16_h0.01_seed16 step=5600 loss+=0.604227 loss-=1.55013 dh=-47.2949 sec=1.489
sst-2_fp16_h0.01_seed16 step=5625 loss+=0.744677 loss-=0.708962 dh=1.78575 sec=1.500
sst-2_fp16_h0.01_seed16 step=5650 loss+=1.40734 loss-=1.26271 dh=7.23154 sec=1.376
sst-2_fp16_h0.01_seed16 step=5675 loss+=0.759099 loss-=0.736286 dh=1.14064 sec=1.461
sst-2_fp16_h0.01_seed16 step=5700 loss+=0.836559 loss-=0.709823 dh=6.33681 sec=1.462
sst-2_fp16_h0.01_seed16 step=5725 loss+=0.636847 loss-=1.36274 dh=-36.2945 sec=1.502
sst-2_fp16_h0.01_seed16 step=5750 loss+=0.948319 loss-=0.942165 dh=0.307696 sec=1.502
sst-2_fp16_h0.01_seed16 step=5775 loss+=0.749526 loss-=0.615032 dh=6.72471 sec=1.459
sst-2_fp16_h0.01_seed16 step=5800 loss+=0.592851 loss-=2.09398 dh=-75.0562 sec=1.375
sst-2_fp16_h0.01_seed16 step=5825 loss+=0.667537 loss-=0.844857 dh=-8.86597 sec=1.463
sst-2_fp16_h0.01_seed16 step=5850 loss+=1.10606 loss-=0.874611 dh=11.5723 sec=1.474
sst-2_fp16_h0.01_seed16 step=5875 loss+=0.846022 loss-=1.2194 dh=-18.6691 sec=1.502
sst-2_fp16_h0.01_seed16 step=5900 loss+=1.18283 loss-=0.743212 dh=21.981 sec=1.503
sst-2_fp16_h0.01_seed16 step=5925 loss+=0.800875 loss-=1.32325 dh=-26.1187 sec=1.377
sst-2_fp16_h0.01_seed16 step=5950 loss+=0.783262 loss-=0.826114 dh=-2.14262 sec=1.462
sst-2_fp16_h0.01_seed16 step=5975 loss+=0.618872 loss-=1.18498 dh=-28.3052 sec=1.377
sst-2_fp16_h0.01_seed16 step=6000 loss+=1.02351 loss-=1.24845 dh=-11.2472 sec=1.473
eval step=6000 {'eval_acc': 0.6444954128440367, 'eval_loss': 0.6592222270128582, 'eval_examples': 872}
sst-2_fp16_h0.01_seed16 step=6025 loss+=0.740848 loss-=0.852067 dh=-5.56098 sec=1.375
sst-2_fp16_h0.01_seed16 step=6050 loss+=0.678158 loss-=0.793265 dh=-5.75537 sec=1.375
sst-2_fp16_h0.01_seed16 step=6075 loss+=0.708814 loss-=0.736571 dh=-1.38789 sec=1.376
sst-2_fp16_h0.01_seed16 step=6100 loss+=0.710208 loss-=0.698964 dh=0.5622 sec=1.461
sst-2_fp16_h0.01_seed16 step=6125 loss+=1.00684 loss-=0.828158 dh=8.93437 sec=1.501
sst-2_fp16_h0.01_seed16 step=6150 loss+=0.601721 loss-=1.0651 dh=-23.169 sec=1.502
sst-2_fp16_h0.01_seed16 step=6175 loss+=0.674985 loss-=0.589835 dh=4.25749 sec=1.503
sst-2_fp16_h0.01_seed16 step=6200 loss+=1.46206 loss-=0.944576 dh=25.874 sec=1.363
sst-2_fp16_h0.01_seed16 step=6225 loss+=0.690525 loss-=0.782598 dh=-4.60363 sec=1.376
sst-2_fp16_h0.01_seed16 step=6250 loss+=1.41741 loss-=0.865266 dh=27.6072 sec=1.503
sst-2_fp16_h0.01_seed16 step=6275 loss+=0.656328 loss-=0.851855 dh=-9.77637 sec=1.488
sst-2_fp16_h0.01_seed16 step=6300 loss+=0.848149 loss-=0.693697 dh=7.72263 sec=1.460
sst-2_fp16_h0.01_seed16 step=6325 loss+=0.728725 loss-=1.31304 dh=-29.2157 sec=1.503
sst-2_fp16_h0.01_seed16 step=6350 loss+=0.820115 loss-=0.681346 dh=6.93847 sec=1.462
sst-2_fp16_h0.01_seed16 step=6375 loss+=1.3855 loss-=0.648672 dh=36.8414 sec=1.502
sst-2_fp16_h0.01_seed16 step=6400 loss+=1.49264 loss-=0.668321 dh=41.2161 sec=1.462
sst-2_fp16_h0.01_seed16 step=6425 loss+=0.704431 loss-=0.689636 dh=0.739758 sec=1.503
sst-2_fp16_h0.01_seed16 step=6450 loss+=0.79674 loss-=0.757934 dh=1.94034 sec=1.377
sst-2_fp16_h0.01_seed16 step=6475 loss+=0.646413 loss-=1.01468 dh=-18.4132 sec=1.501
sst-2_fp16_h0.01_seed16 step=6500 loss+=0.661628 loss-=0.718695 dh=-2.85334 sec=1.376
eval step=6500 {'eval_acc': 0.6422018348623854, 'eval_loss': 0.6534823594174834, 'eval_examples': 872}
sst-2_fp16_h0.01_seed16 step=6525 loss+=1.13611 loss-=1.23597 dh=-4.99321 sec=1.364
sst-2_fp16_h0.01_seed16 step=6550 loss+=1.58947 loss-=0.734453 dh=42.7511 sec=1.376
sst-2_fp16_h0.01_seed16 step=6575 loss+=0.940893 loss-=1.82719 dh=-44.3146 sec=1.473
sst-2_fp16_h0.01_seed16 step=6600 loss+=0.784666 loss-=0.824622 dh=-1.99782 sec=1.460
sst-2_fp16_h0.01_seed16 step=6625 loss+=0.852138 loss-=0.82191 dh=1.51139 sec=1.490
sst-2_fp16_h0.01_seed16 step=6650 loss+=0.752099 loss-=0.601031 dh=7.5534 sec=1.502
sst-2_fp16_h0.01_seed16 step=6675 loss+=0.750646 loss-=0.765518 dh=-0.743581 sec=1.463
sst-2_fp16_h0.01_seed16 step=6700 loss+=0.865649 loss-=0.727466 dh=6.90917 sec=1.364
sst-2_fp16_h0.01_seed16 step=6725 loss+=0.568601 loss-=1.06344 dh=-24.7421 sec=1.502
sst-2_fp16_h0.01_seed16 step=6750 loss+=0.99361 loss-=0.782813 dh=10.5398 sec=1.376
sst-2_fp16_h0.01_seed16 step=6775 loss+=0.750022 loss-=0.689797 dh=3.01126 sec=1.502
sst-2_fp16_h0.01_seed16 step=6800 loss+=0.976609 loss-=0.76995 dh=10.3329 sec=1.472
sst-2_fp16_h0.01_seed16 step=6825 loss+=0.89386 loss-=1.99543 dh=-55.0784 sec=1.375
sst-2_fp16_h0.01_seed16 step=6850 loss+=0.600688 loss-=1.16437 dh=-28.1841 sec=1.460
sst-2_fp16_h0.01_seed16 step=6875 loss+=0.691615 loss-=0.685305 dh=0.315508 sec=1.376
sst-2_fp16_h0.01_seed16 step=6900 loss+=1.68881 loss-=0.557142 dh=56.5836 sec=1.461
sst-2_fp16_h0.01_seed16 step=6925 loss+=1.32084 loss-=0.708234 dh=30.6304 sec=1.460
sst-2_fp16_h0.01_seed16 step=6950 loss+=0.98392 loss-=0.748051 dh=11.7935 sec=1.461
sst-2_fp16_h0.01_seed16 step=6975 loss+=0.747383 loss-=2.02861 dh=-64.0614 sec=1.501
sst-2_fp16_h0.01_seed16 step=7000 loss+=0.82587 loss-=1.49764 dh=-33.5884 sec=1.460
eval step=7000 {'eval_acc': 0.6444954128440367, 'eval_loss': 0.6538531997352155, 'eval_examples': 872}
sst-2_fp16_h0.01_seed16 step=7025 loss+=1.41814 loss-=0.936147 dh=24.0997 sec=1.363
sst-2_fp16_h0.01_seed16 step=7050 loss+=0.560305 loss-=0.549916 dh=0.519467 sec=1.376
sst-2_fp16_h0.01_seed16 step=7075 loss+=1.52551 loss-=1.03292 dh=24.6297 sec=1.502
sst-2_fp16_h0.01_seed16 step=7100 loss+=1.49678 loss-=0.695924 dh=40.0429 sec=1.461
sst-2_fp16_h0.01_seed16 step=7125 loss+=0.656271 loss-=0.874685 dh=-10.9207 sec=1.377
sst-2_fp16_h0.01_seed16 step=7150 loss+=0.955262 loss-=0.718037 dh=11.8612 sec=1.377
sst-2_fp16_h0.01_seed16 step=7175 loss+=0.601424 loss-=0.960621 dh=-17.9598 sec=1.501
sst-2_fp16_h0.01_seed16 step=7200 loss+=1.12934 loss-=0.650255 dh=23.9545 sec=1.361
sst-2_fp16_h0.01_seed16 step=7225 loss+=0.716338 loss-=0.717996 dh=-0.0828903 sec=1.460
sst-2_fp16_h0.01_seed16 step=7250 loss+=0.759992 loss-=0.649342 dh=5.53254 sec=1.459
sst-2_fp16_h0.01_seed16 step=7275 loss+=1.04706 loss-=0.824692 dh=11.1183 sec=1.460
sst-2_fp16_h0.01_seed16 step=7300 loss+=0.787671 loss-=0.719678 dh=3.39964 sec=1.503
sst-2_fp16_h0.01_seed16 step=7325 loss+=0.687607 loss-=1.10803 dh=-21.0211 sec=1.502
sst-2_fp16_h0.01_seed16 step=7350 loss+=0.675323 loss-=0.655093 dh=1.01147 sec=1.459
sst-2_fp16_h0.01_seed16 step=7375 loss+=0.904469 loss-=0.739353 dh=8.25581 sec=1.502
sst-2_fp16_h0.01_seed16 step=7400 loss+=0.971524 loss-=0.904421 dh=3.35511 sec=1.376
sst-2_fp16_h0.01_seed16 step=7425 loss+=0.738314 loss-=1.00401 dh=-13.2849 sec=1.460
sst-2_fp16_h0.01_seed16 step=7450 loss+=0.623984 loss-=0.649337 dh=-1.26766 sec=1.364
sst-2_fp16_h0.01_seed16 step=7475 loss+=0.745826 loss-=0.85718 dh=-5.5677 sec=1.487
sst-2_fp16_h0.01_seed16 step=7500 loss+=0.8562 loss-=0.668728 dh=9.37361 sec=1.461
eval step=7500 {'eval_acc': 0.643348623853211, 'eval_loss': 0.657839710174829, 'eval_examples': 872}
sst-2_fp16_h0.01_seed16 step=7525 loss+=0.844948 loss-=1.19265 dh=-17.3853 sec=1.502
sst-2_fp16_h0.01_seed16 step=7550 loss+=0.772947 loss-=0.910247 dh=-6.86501 sec=1.461
sst-2_fp16_h0.01_seed16 step=7575 loss+=0.685868 loss-=0.792789 dh=-5.34602 sec=1.375
sst-2_fp16_h0.01_seed16 step=7600 loss+=0.696163 loss-=1.2697 dh=-28.6771 sec=1.377
sst-2_fp16_h0.01_seed16 step=7625 loss+=1.14684 loss-=1.0024 dh=7.22212 sec=1.310
sst-2_fp16_h0.01_seed16 step=7650 loss+=0.681459 loss-=1.00703 dh=-16.2785 sec=1.375
sst-2_fp16_h0.01_seed16 step=7675 loss+=0.682919 loss-=0.708177 dh=-1.26289 sec=1.501
sst-2_fp16_h0.01_seed16 step=7700 loss+=0.972679 loss-=0.774776 dh=9.89515 sec=1.460
sst-2_fp16_h0.01_seed16 step=7725 loss+=0.676271 loss-=0.700309 dh=-1.2019 sec=1.376
sst-2_fp16_h0.01_seed16 step=7750 loss+=0.902151 loss-=0.715834 dh=9.31583 sec=1.461
sst-2_fp16_h0.01_seed16 step=7775 loss+=0.828084 loss-=0.70652 dh=6.07819 sec=1.375
sst-2_fp16_h0.01_seed16 step=7800 loss+=0.708657 loss-=0.693517 dh=0.757033 sec=1.456
sst-2_fp16_h0.01_seed16 step=7825 loss+=0.843067 loss-=0.718179 dh=6.2444 sec=1.460
sst-2_fp16_h0.01_seed16 step=7850 loss+=0.781401 loss-=0.864258 dh=-4.14289 sec=1.489
sst-2_fp16_h0.01_seed16 step=7875 loss+=0.649774 loss-=0.768877 dh=-5.95518 sec=1.502
sst-2_fp16_h0.01_seed16 step=7900 loss+=0.674914 loss-=0.64272 dh=1.60972 sec=1.471
sst-2_fp16_h0.01_seed16 step=7925 loss+=0.696684 loss-=0.634862 dh=3.09112 sec=1.376
sst-2_fp16_h0.01_seed16 step=7950 loss+=1.14221 loss-=0.739841 dh=20.1186 sec=1.503
sst-2_fp16_h0.01_seed16 step=7975 loss+=0.926227 loss-=0.684626 dh=12.08 sec=1.502
sst-2_fp16_h0.01_seed16 step=8000 loss+=1.19411 loss-=0.838261 dh=17.7926 sec=1.376
eval step=8000 {'eval_acc': 0.6467889908256881, 'eval_loss': 0.6469005413755022, 'eval_examples': 872}
sst-2_fp16_h0.01_seed16 step=8025 loss+=1.36115 loss-=0.91856 dh=22.1293 sec=1.457
sst-2_fp16_h0.01_seed16 step=8050 loss+=0.745802 loss-=0.668214 dh=3.87937 sec=1.502
sst-2_fp16_h0.01_seed16 step=8075 loss+=1.08502 loss-=0.718149 dh=18.3435 sec=1.376
sst-2_fp16_h0.01_seed16 step=8100 loss+=0.728803 loss-=1.02594 dh=-14.8567 sec=1.502
sst-2_fp16_h0.01_seed16 step=8125 loss+=0.694547 loss-=0.648021 dh=2.3263 sec=1.460
sst-2_fp16_h0.01_seed16 step=8150 loss+=0.89823 loss-=0.681964 dh=10.8133 sec=1.376
sst-2_fp16_h0.01_seed16 step=8175 loss+=0.846617 loss-=0.735096 dh=5.57606 sec=1.458
sst-2_fp16_h0.01_seed16 step=8200 loss+=0.895888 loss-=1.10088 dh=-10.2495 sec=1.363
sst-2_fp16_h0.01_seed16 step=8225 loss+=0.712885 loss-=1.12884 dh=-20.7976 sec=1.363
sst-2_fp16_h0.01_seed16 step=8250 loss+=0.682323 loss-=1.68343 dh=-50.0554 sec=1.376
sst-2_fp16_h0.01_seed16 step=8275 loss+=1.29518 loss-=1.05589 dh=11.9643 sec=1.503
sst-2_fp16_h0.01_seed16 step=8300 loss+=1.46029 loss-=0.670555 dh=39.487 sec=1.376
sst-2_fp16_h0.01_seed16 step=8325 loss+=0.650358 loss-=0.811406 dh=-8.05237 sec=1.461
sst-2_fp16_h0.01_seed16 step=8350 loss+=0.746153 loss-=0.67398 dh=3.60862 sec=1.471
sst-2_fp16_h0.01_seed16 step=8375 loss+=0.661828 loss-=0.730803 dh=-3.44874 sec=1.461
sst-2_fp16_h0.01_seed16 step=8400 loss+=1.15016 loss-=0.725273 dh=21.2442 sec=1.376
sst-2_fp16_h0.01_seed16 step=8425 loss+=1.16543 loss-=0.916743 dh=12.4342 sec=1.375
sst-2_fp16_h0.01_seed16 step=8450 loss+=0.74043 loss-=1.12834 dh=-19.3955 sec=1.458
sst-2_fp16_h0.01_seed16 step=8475 loss+=0.723224 loss-=1.60414 dh=-44.046 sec=1.502
sst-2_fp16_h0.01_seed16 step=8500 loss+=1.92555 loss-=1.26043 dh=33.2557 sec=1.460
eval step=8500 {'eval_acc': 0.6444954128440367, 'eval_loss': 0.6453291435743076, 'eval_examples': 872}
sst-2_fp16_h0.01_seed16 step=8525 loss+=0.707483 loss-=0.693688 dh=0.689766 sec=1.501
sst-2_fp16_h0.01_seed16 step=8550 loss+=1.3421 loss-=0.79373 dh=27.4188 sec=1.471
sst-2_fp16_h0.01_seed16 step=8575 loss+=0.780394 loss-=0.848621 dh=-3.41138 sec=1.460
sst-2_fp16_h0.01_seed16 step=8600 loss+=0.935192 loss-=1.09041 dh=-7.76072 sec=1.487
sst-2_fp16_h0.01_seed16 step=8625 loss+=1.59293 loss-=0.412243 dh=59.0345 sec=1.502
sst-2_fp16_h0.01_seed16 step=8650 loss+=0.67716 loss-=0.761041 dh=-4.19402 sec=1.363
sst-2_fp16_h0.01_seed16 step=8675 loss+=0.834175 loss-=0.924024 dh=-4.49245 sec=1.503
sst-2_fp16_h0.01_seed16 step=8700 loss+=1.28421 loss-=0.782099 dh=25.1057 sec=1.503
sst-2_fp16_h0.01_seed16 step=8725 loss+=1.47392 loss-=0.74908 dh=36.2419 sec=1.376
sst-2_fp16_h0.01_seed16 step=8750 loss+=0.669232 loss-=0.65143 dh=0.890092 sec=1.461
sst-2_fp16_h0.01_seed16 step=8775 loss+=0.702194 loss-=0.824518 dh=-6.11618 sec=1.376
sst-2_fp16_h0.01_seed16 step=8800 loss+=1.07312 loss-=0.80042 dh=13.635 sec=1.473
sst-2_fp16_h0.01_seed16 step=8825 loss+=0.930217 loss-=0.69496 dh=11.7629 sec=1.502
sst-2_fp16_h0.01_seed16 step=8850 loss+=0.774169 loss-=0.969252 dh=-9.75417 sec=1.503
sst-2_fp16_h0.01_seed16 step=8875 loss+=0.759829 loss-=0.654857 dh=5.24862 sec=1.474
sst-2_fp16_h0.01_seed16 step=8900 loss+=0.68071 loss-=0.846006 dh=-8.26478 sec=1.462
sst-2_fp16_h0.01_seed16 step=8925 loss+=1.14255 loss-=0.801917 dh=17.0318 sec=1.461
sst-2_fp16_h0.01_seed16 step=8950 loss+=1.03221 loss-=0.735106 dh=14.8553 sec=1.461
sst-2_fp16_h0.01_seed16 step=8975 loss+=0.727815 loss-=0.736536 dh=-0.436078 sec=1.461
sst-2_fp16_h0.01_seed16 step=9000 loss+=2.07876 loss-=0.864588 dh=60.7087 sec=1.474
eval step=9000 {'eval_acc': 0.6456422018348624, 'eval_loss': 0.6388570651809318, 'eval_examples': 872}
sst-2_fp16_h0.01_seed16 step=9025 loss+=0.879958 loss-=0.807143 dh=3.64071 sec=1.501
sst-2_fp16_h0.01_seed16 step=9050 loss+=0.956812 loss-=0.765617 dh=9.55971 sec=1.471
sst-2_fp16_h0.01_seed16 step=9075 loss+=0.779355 loss-=1.51187 dh=-36.626 sec=1.363
sst-2_fp16_h0.01_seed16 step=9100 loss+=0.750877 loss-=0.715856 dh=1.75101 sec=1.502
sst-2_fp16_h0.01_seed16 step=9125 loss+=0.729103 loss-=0.71589 dh=0.660671 sec=1.488
sst-2_fp16_h0.01_seed16 step=9150 loss+=0.647085 loss-=0.78864 dh=-7.07776 sec=1.460
sst-2_fp16_h0.01_seed16 step=9175 loss+=1.5796 loss-=0.877397 dh=35.1101 sec=1.501
sst-2_fp16_h0.01_seed16 step=9200 loss+=0.618169 loss-=0.814196 dh=-9.80133 sec=1.475
sst-2_fp16_h0.01_seed16 step=9225 loss+=0.615958 loss-=0.651482 dh=-1.77622 sec=1.376
sst-2_fp16_h0.01_seed16 step=9250 loss+=0.735834 loss-=1.15018 dh=-20.7173 sec=1.462
sst-2_fp16_h0.01_seed16 step=9275 loss+=0.9578 loss-=0.709446 dh=12.4177 sec=1.502
sst-2_fp16_h0.01_seed16 step=9300 loss+=0.782353 loss-=0.760332 dh=1.10104 sec=1.502
sst-2_fp16_h0.01_seed16 step=9325 loss+=1.00942 loss-=0.79092 dh=10.9249 sec=1.503
sst-2_fp16_h0.01_seed16 step=9350 loss+=0.745375 loss-=1.24769 dh=-25.1159 sec=1.501
sst-2_fp16_h0.01_seed16 step=9375 loss+=0.621541 loss-=0.680409 dh=-2.94338 sec=1.376
sst-2_fp16_h0.01_seed16 step=9400 loss+=0.711781 loss-=1.20887 dh=-24.8545 sec=1.375
sst-2_fp16_h0.01_seed16 step=9425 loss+=0.842291 loss-=0.708783 dh=6.6754 sec=1.502
sst-2_fp16_h0.01_seed16 step=9450 loss+=0.706859 loss-=0.888008 dh=-9.05747 sec=1.472
sst-2_fp16_h0.01_seed16 step=9475 loss+=0.752657 loss-=1.27682 dh=-26.2081 sec=1.502
sst-2_fp16_h0.01_seed16 step=9500 loss+=0.830121 loss-=0.704057 dh=6.30321 sec=1.501
eval step=9500 {'eval_acc': 0.6422018348623854, 'eval_loss': 0.6436793609018173, 'eval_examples': 872}
sst-2_fp16_h0.01_seed16 step=9525 loss+=0.906569 loss-=0.830276 dh=3.81464 sec=1.364
sst-2_fp16_h0.01_seed16 step=9550 loss+=0.647777 loss-=0.650393 dh=-0.13084 sec=1.459
sst-2_fp16_h0.01_seed16 step=9575 loss+=1.04096 loss-=0.995905 dh=2.25263 sec=1.489
sst-2_fp16_h0.01_seed16 step=9600 loss+=1.23067 loss-=1.57655 dh=-17.2939 sec=1.501
sst-2_fp16_h0.01_seed16 step=9625 loss+=0.755578 loss-=1.34669 dh=-29.5554 sec=1.503
sst-2_fp16_h0.01_seed16 step=9650 loss+=1.60405 loss-=1.22116 dh=19.1445 sec=1.503
sst-2_fp16_h0.01_seed16 step=9675 loss+=1.03943 loss-=0.670145 dh=18.4645 sec=1.472
sst-2_fp16_h0.01_seed16 step=9700 loss+=0.753639 loss-=0.749474 dh=0.208263 sec=1.489
sst-2_fp16_h0.01_seed16 step=9725 loss+=1.55233 loss-=0.96331 dh=29.4509 sec=1.503
sst-2_fp16_h0.01_seed16 step=9750 loss+=0.70582 loss-=0.773152 dh=-3.36664 sec=1.375
sst-2_fp16_h0.01_seed16 step=9775 loss+=1.21538 loss-=1.08257 dh=6.64047 sec=1.501
sst-2_fp16_h0.01_seed16 step=9800 loss+=1.09223 loss-=0.708505 dh=19.1862 sec=1.501
sst-2_fp16_h0.01_seed16 step=9825 loss+=0.722467 loss-=1.04424 dh=-16.0884 sec=1.489
sst-2_fp16_h0.01_seed16 step=9850 loss+=1.22418 loss-=0.697495 dh=26.3344 sec=1.377
sst-2_fp16_h0.01_seed16 step=9875 loss+=0.660631 loss-=0.639655 dh=1.0488 sec=1.766
sst-2_fp16_h0.01_seed16 step=9900 loss+=0.750542 loss-=1.10299 dh=-17.6225 sec=1.376
sst-2_fp16_h0.01_seed16 step=9925 loss+=0.799319 loss-=1.00498 dh=-10.2829 sec=1.502
sst-2_fp16_h0.01_seed16 step=9950 loss+=0.779413 loss-=1.03286 dh=-12.6723 sec=1.461
sst-2_fp16_h0.01_seed16 step=9975 loss+=1.31855 loss-=0.694691 dh=31.193 sec=1.375
sst-2_fp16_h0.01_seed16 step=10000 loss+=1.34575 loss-=0.753824 dh=29.5965 sec=1.474
eval step=10000 {'eval_acc': 0.643348623853211, 'eval_loss': 0.6311628595549921, 'eval_examples': 872}
sst-2_fp16_h0.01_seed16 step=10025 loss+=1.59952 loss-=0.495781 dh=55.1871 sec=1.376
sst-2_fp16_h0.01_seed16 step=10050 loss+=1.57117 loss-=0.71647 dh=42.7351 sec=1.471
sst-2_fp16_h0.01_seed16 step=10075 loss+=0.8498 loss-=0.850201 dh=-0.0200784 sec=1.375
sst-2_fp16_h0.01_seed16 step=10100 loss+=1.15931 loss-=0.750227 dh=20.454 sec=1.502
sst-2_fp16_h0.01_seed16 step=10125 loss+=1.16133 loss-=1.0808 dh=4.02688 sec=1.461
sst-2_fp16_h0.01_seed16 step=10150 loss+=1.15388 loss-=1.44185 dh=-14.3988 sec=1.502
sst-2_fp16_h0.01_seed16 step=10175 loss+=0.723831 loss-=0.701564 dh=1.11331 sec=1.503
sst-2_fp16_h0.01_seed16 step=10200 loss+=0.773317 loss-=1.12469 dh=-17.5689 sec=1.503
sst-2_fp16_h0.01_seed16 step=10225 loss+=0.765682 loss-=0.766066 dh=-0.0192033 sec=1.473
sst-2_fp16_h0.01_seed16 step=10250 loss+=0.745704 loss-=0.681536 dh=3.20836 sec=1.462
sst-2_fp16_h0.01_seed16 step=10275 loss+=1.09516 loss-=0.676773 dh=20.9195 sec=1.460
sst-2_fp16_h0.01_seed16 step=10300 loss+=1.09648 loss-=1.54452 dh=-22.4017 sec=1.502
sst-2_fp16_h0.01_seed16 step=10325 loss+=1.09637 loss-=1.77965 dh=-34.1641 sec=1.375
sst-2_fp16_h0.01_seed16 step=10350 loss+=0.676416 loss-=0.623796 dh=2.631 sec=1.502
sst-2_fp16_h0.01_seed16 step=10375 loss+=0.748083 loss-=0.723685 dh=1.21992 sec=1.502
sst-2_fp16_h0.01_seed16 step=10400 loss+=0.658076 loss-=0.646373 dh=0.585136 sec=1.462
sst-2_fp16_h0.01_seed16 step=10425 loss+=0.74469 loss-=1.85583 dh=-55.557 sec=1.502
sst-2_fp16_h0.01_seed16 step=10450 loss+=0.952036 loss-=0.648519 dh=15.1758 sec=1.376
sst-2_fp16_h0.01_seed16 step=10475 loss+=1.1268 loss-=0.713933 dh=20.6432 sec=1.376
sst-2_fp16_h0.01_seed16 step=10500 loss+=0.678124 loss-=0.732529 dh=-2.72023 sec=1.461
eval step=10500 {'eval_acc': 0.6479357798165137, 'eval_loss': 0.6255857534898838, 'eval_examples': 872}
sst-2_fp16_h0.01_seed16 step=10525 loss+=0.688728 loss-=1.20971 dh=-26.0489 sec=1.463
sst-2_fp16_h0.01_seed16 step=10550 loss+=0.848878 loss-=1.31354 dh=-23.2329 sec=1.501
sst-2_fp16_h0.01_seed16 step=10575 loss+=0.886956 loss-=0.633141 dh=12.6908 sec=1.375
sst-2_fp16_h0.01_seed16 step=10600 loss+=2.01882 loss-=0.750263 dh=63.4277 sec=1.462
sst-2_fp16_h0.01_seed16 step=10625 loss+=0.67399 loss-=1.24654 dh=-28.6274 sec=1.364
sst-2_fp16_h0.01_seed16 step=10650 loss+=0.63622 loss-=0.694051 dh=-2.89157 sec=1.376
sst-2_fp16_h0.01_seed16 step=10675 loss+=0.809084 loss-=1.14218 dh=-16.6548 sec=1.502
sst-2_fp16_h0.01_seed16 step=10700 loss+=0.66544 loss-=0.66434 dh=0.0549654 sec=1.375
sst-2_fp16_h0.01_seed16 step=10725 loss+=1.36178 loss-=0.853326 dh=25.4226 sec=1.489
sst-2_fp16_h0.01_seed16 step=10750 loss+=0.669082 loss-=1.05183 dh=-19.1372 sec=1.502
sst-2_fp16_h0.01_seed16 step=10775 loss+=0.592646 loss-=0.58604 dh=0.330317 sec=1.502
sst-2_fp16_h0.01_seed16 step=10800 loss+=0.835652 loss-=0.640257 dh=9.76975 sec=1.489
sst-2_fp16_h0.01_seed16 step=10825 loss+=0.649302 loss-=0.687164 dh=-1.89311 sec=1.501
sst-2_fp16_h0.01_seed16 step=10850 loss+=1.46725 loss-=1.33535 dh=6.59488 sec=1.375
sst-2_fp16_h0.01_seed16 step=10875 loss+=1.86428 loss-=0.753692 dh=55.5293 sec=1.375
sst-2_fp16_h0.01_seed16 step=10900 loss+=0.683244 loss-=0.705409 dh=-1.10825 sec=1.502
sst-2_fp16_h0.01_seed16 step=10925 loss+=0.765591 loss-=0.719301 dh=2.31447 sec=1.502
sst-2_fp16_h0.01_seed16 step=10950 loss+=1.01716 loss-=0.696269 dh=16.0444 sec=1.501
sst-2_fp16_h0.01_seed16 step=10975 loss+=1.09041 loss-=1.17954 dh=-4.45653 sec=1.376
sst-2_fp16_h0.01_seed16 step=11000 loss+=0.66579 loss-=0.610863 dh=2.74633 sec=1.503
eval step=11000 {'eval_acc': 0.6444954128440367, 'eval_loss': 0.625032704178278, 'eval_examples': 872}
sst-2_fp16_h0.01_seed16 step=11025 loss+=0.703355 loss-=1.29197 dh=-29.4306 sec=1.499
sst-2_fp16_h0.01_seed16 step=11050 loss+=0.559318 loss-=0.592311 dh=-1.64967 sec=1.377
sst-2_fp16_h0.01_seed16 step=11075 loss+=0.687609 loss-=0.753438 dh=-3.29142 sec=1.502
sst-2_fp16_h0.01_seed16 step=11100 loss+=0.675365 loss-=0.704266 dh=-1.44506 sec=1.501
sst-2_fp16_h0.01_seed16 step=11125 loss+=0.921096 loss-=2.18285 dh=-63.0875 sec=1.376
sst-2_fp16_h0.01_seed16 step=11150 loss+=1.05393 loss-=1.01173 dh=2.11005 sec=1.364
sst-2_fp16_h0.01_seed16 step=11175 loss+=1.61555 loss-=0.703179 dh=45.6185 sec=1.460
sst-2_fp16_h0.01_seed16 step=11200 loss+=2.18926 loss-=1.355 dh=41.7128 sec=1.461
sst-2_fp16_h0.01_seed16 step=11225 loss+=0.819151 loss-=0.715723 dh=5.1714 sec=1.503
sst-2_fp16_h0.01_seed16 step=11250 loss+=0.760428 loss-=0.694205 dh=3.31114 sec=1.503
sst-2_fp16_h0.01_seed16 step=11275 loss+=0.772026 loss-=0.756284 dh=0.787143 sec=1.460
sst-2_fp16_h0.01_seed16 step=11300 loss+=0.652613 loss-=1.00174 dh=-17.4562 sec=1.502
sst-2_fp16_h0.01_seed16 step=11325 loss+=1.7285 loss-=1.78928 dh=-3.03899 sec=1.503
sst-2_fp16_h0.01_seed16 step=11350 loss+=0.653245 loss-=0.836514 dh=-9.16346 sec=1.461
sst-2_fp16_h0.01_seed16 step=11375 loss+=0.616717 loss-=1.92021 dh=-65.1746 sec=1.462
sst-2_fp16_h0.01_seed16 step=11400 loss+=1.07276 loss-=0.738518 dh=16.7119 sec=1.459
sst-2_fp16_h0.01_seed16 step=11425 loss+=0.826688 loss-=1.29582 dh=-23.4566 sec=1.376
sst-2_fp16_h0.01_seed16 step=11450 loss+=0.734205 loss-=0.738307 dh=-0.205111 sec=1.376
sst-2_fp16_h0.01_seed16 step=11475 loss+=0.632618 loss-=0.709881 dh=-3.86315 sec=1.503
sst-2_fp16_h0.01_seed16 step=11500 loss+=0.882815 loss-=1.04475 dh=-8.09697 sec=1.364
eval step=11500 {'eval_acc': 0.6467889908256881, 'eval_loss': 0.6143460539255052, 'eval_examples': 872}
sst-2_fp16_h0.01_seed16 step=11525 loss+=0.705168 loss-=0.701307 dh=0.193023 sec=1.472
sst-2_fp16_h0.01_seed16 step=11550 loss+=0.667336 loss-=0.743799 dh=-3.82315 sec=1.503
sst-2_fp16_h0.01_seed16 step=11575 loss+=1.06963 loss-=0.582471 dh=24.3582 sec=1.460
sst-2_fp16_h0.01_seed16 step=11600 loss+=0.703948 loss-=0.654041 dh=2.49535 sec=1.503
sst-2_fp16_h0.01_seed16 step=11625 loss+=0.718473 loss-=0.935259 dh=-10.8393 sec=1.501
sst-2_fp16_h0.01_seed16 step=11650 loss+=0.592893 loss-=0.529444 dh=3.17244 sec=1.502
sst-2_fp16_h0.01_seed16 step=11675 loss+=0.589851 loss-=0.664667 dh=-3.74082 sec=1.461
sst-2_fp16_h0.01_seed16 step=11700 loss+=0.80185 loss-=0.745765 dh=2.80424 sec=1.501
sst-2_fp16_h0.01_seed16 step=11725 loss+=1.65313 loss-=0.786436 dh=43.3345 sec=1.503
sst-2_fp16_h0.01_seed16 step=11750 loss+=1.78602 loss-=0.799801 dh=49.311 sec=1.502
sst-2_fp16_h0.01_seed16 step=11775 loss+=0.763274 loss-=0.713685 dh=2.47945 sec=1.503
sst-2_fp16_h0.01_seed16 step=11800 loss+=0.732337 loss-=0.808971 dh=-3.83171 sec=1.376
sst-2_fp16_h0.01_seed16 step=11825 loss+=0.66373 loss-=0.718712 dh=-2.74907 sec=1.461
sst-2_fp16_h0.01_seed16 step=11850 loss+=0.837189 loss-=0.690278 dh=7.34554 sec=1.461
sst-2_fp16_h0.01_seed16 step=11875 loss+=1.8948 loss-=0.786297 dh=55.4253 sec=1.376
sst-2_fp16_h0.01_seed16 step=11900 loss+=1.225 loss-=0.853407 dh=18.5794 sec=1.460
sst-2_fp16_h0.01_seed16 step=11925 loss+=1.72983 loss-=0.970279 dh=37.9775 sec=1.376
sst-2_fp16_h0.01_seed16 step=11950 loss+=0.560027 loss-=0.692905 dh=-6.64393 sec=1.376
sst-2_fp16_h0.01_seed16 step=11975 loss+=1.40308 loss-=1.668 dh=-13.246 sec=1.503
sst-2_fp16_h0.01_seed16 step=12000 loss+=0.690758 loss-=0.738316 dh=-2.37791 sec=1.460
eval step=12000 {'eval_acc': 0.6525229357798165, 'eval_loss': 0.6225690107040722, 'eval_examples': 872}
sst-2_fp16_h0.01_seed16 step=12025 loss+=1.40294 loss-=1.11257 dh=14.5183 sec=1.502
sst-2_fp16_h0.01_seed16 step=12050 loss+=1.10262 loss-=0.776927 dh=16.2847 sec=1.501
sst-2_fp16_h0.01_seed16 step=12075 loss+=1.2033 loss-=1.17406 dh=1.462 sec=1.365
sst-2_fp16_h0.01_seed16 step=12100 loss+=1.237 loss-=0.795427 dh=22.0785 sec=1.474
sst-2_fp16_h0.01_seed16 step=12125 loss+=0.597589 loss-=0.765353 dh=-8.3882 sec=1.375
sst-2_fp16_h0.01_seed16 step=12150 loss+=0.750215 loss-=1.16914 dh=-20.9461 sec=1.462
sst-2_fp16_h0.01_seed16 step=12175 loss+=1.5576 loss-=1.07943 dh=23.9085 sec=1.460
sst-2_fp16_h0.01_seed16 step=12200 loss+=0.644986 loss-=0.709546 dh=-3.22801 sec=1.376
sst-2_fp16_h0.01_seed16 step=12225 loss+=0.854562 loss-=0.507912 dh=17.3325 sec=1.376
sst-2_fp16_h0.01_seed16 step=12250 loss+=0.711726 loss-=1.71174 dh=-50.0007 sec=1.376
sst-2_fp16_h0.01_seed16 step=12275 loss+=0.942896 loss-=0.715599 dh=11.3649 sec=1.502
sst-2_fp16_h0.01_seed16 step=12300 loss+=0.93757 loss-=0.864652 dh=3.64588 sec=1.460
sst-2_fp16_h0.01_seed16 step=12325 loss+=0.756457 loss-=0.748998 dh=0.37297 sec=1.502
sst-2_fp16_h0.01_seed16 step=12350 loss+=0.733458 loss-=0.913728 dh=-9.01351 sec=1.375
sst-2_fp16_h0.01_seed16 step=12375 loss+=0.621694 loss-=1.57945 dh=-47.888 sec=1.377
sst-2_fp16_h0.01_seed16 step=12400 loss+=1.22598 loss-=1.13615 dh=4.49139 sec=1.502
sst-2_fp16_h0.01_seed16 step=12425 loss+=1.31716 loss-=1.23024 dh=4.34568 sec=1.376
sst-2_fp16_h0.01_seed16 step=12450 loss+=2.07728 loss-=0.646155 dh=71.5564 sec=1.363
sst-2_fp16_h0.01_seed16 step=12475 loss+=0.675305 loss-=0.646099 dh=1.46026 sec=1.473
sst-2_fp16_h0.01_seed16 step=12500 loss+=1.38923 loss-=1.27627 dh=5.64782 sec=1.503
eval step=12500 {'eval_acc': 0.6536697247706422, 'eval_loss': 0.6131791922374876, 'eval_examples': 872}
sst-2_fp16_h0.01_seed16 step=12525 loss+=0.68419 loss-=0.724075 dh=-1.99421 sec=1.502
sst-2_fp16_h0.01_seed16 step=12550 loss+=0.638411 loss-=0.907036 dh=-13.4313 sec=1.500
sst-2_fp16_h0.01_seed16 step=12575 loss+=0.760321 loss-=0.79842 dh=-1.90497 sec=1.472
sst-2_fp16_h0.01_seed16 step=12600 loss+=1.20137 loss-=0.814552 dh=19.341 sec=1.499
sst-2_fp16_h0.01_seed16 step=12625 loss+=0.818632 loss-=1.09697 dh=-13.9167 sec=1.502
sst-2_fp16_h0.01_seed16 step=12650 loss+=0.758602 loss-=0.709773 dh=2.44143 sec=1.489
sst-2_fp16_h0.01_seed16 step=12675 loss+=0.72694 loss-=0.791404 dh=-3.22318 sec=1.376
sst-2_fp16_h0.01_seed16 step=12700 loss+=0.784776 loss-=0.727573 dh=2.86016 sec=1.474
sst-2_fp16_h0.01_seed16 step=12725 loss+=1.45198 loss-=0.907343 dh=27.2319 sec=1.502
sst-2_fp16_h0.01_seed16 step=12750 loss+=0.705277 loss-=0.76779 dh=-3.12565 sec=1.377
sst-2_fp16_h0.01_seed16 step=12775 loss+=1.56883 loss-=0.758879 dh=40.4973 sec=1.472
sst-2_fp16_h0.01_seed16 step=12800 loss+=0.664713 loss-=0.789116 dh=-6.22017 sec=1.474
sst-2_fp16_h0.01_seed16 step=12825 loss+=0.737275 loss-=0.942155 dh=-10.244 sec=1.502
sst-2_fp16_h0.01_seed16 step=12850 loss+=2.47668 loss-=0.641151 dh=91.7764 sec=1.460
sst-2_fp16_h0.01_seed16 step=12875 loss+=0.731383 loss-=0.762964 dh=-1.57905 sec=1.502
sst-2_fp16_h0.01_seed16 step=12900 loss+=0.675621 loss-=0.779283 dh=-5.18308 sec=1.376
sst-2_fp16_h0.01_seed16 step=12925 loss+=1.39861 loss-=0.778794 dh=30.9909 sec=1.502
sst-2_fp16_h0.01_seed16 step=12950 loss+=0.577928 loss-=0.613044 dh=-1.75583 sec=1.504
sst-2_fp16_h0.01_seed16 step=12975 loss+=1.69156 loss-=0.797226 dh=44.7167 sec=1.502
sst-2_fp16_h0.01_seed16 step=13000 loss+=1.27166 loss-=1.05414 dh=10.8761 sec=1.501
eval step=13000 {'eval_acc': 0.6513761467889908, 'eval_loss': 0.6160470054766863, 'eval_examples': 872}
sst-2_fp16_h0.01_seed16 step=13025 loss+=0.926056 loss-=0.702525 dh=11.1765 sec=1.460
sst-2_fp16_h0.01_seed16 step=13050 loss+=2.15388 loss-=0.716584 dh=71.8647 sec=1.488
sst-2_fp16_h0.01_seed16 step=13075 loss+=0.855593 loss-=0.630763 dh=11.2415 sec=1.376
sst-2_fp16_h0.01_seed16 step=13100 loss+=0.736962 loss-=0.74618 dh=-0.460924 sec=1.376
sst-2_fp16_h0.01_seed16 step=13125 loss+=0.670959 loss-=1.57077 dh=-44.9905 sec=1.375
sst-2_fp16_h0.01_seed16 step=13150 loss+=0.81115 loss-=1.3474 dh=-26.8126 sec=1.501
sst-2_fp16_h0.01_seed16 step=13175 loss+=0.915079 loss-=0.648608 dh=13.3236 sec=1.504
sst-2_fp16_h0.01_seed16 step=13200 loss+=0.81719 loss-=1.53656 dh=-35.9687 sec=1.503
sst-2_fp16_h0.01_seed16 step=13225 loss+=0.700546 loss-=1.03033 dh=-16.489 sec=1.502
sst-2_fp16_h0.01_seed16 step=13250 loss+=0.560394 loss-=0.622529 dh=-3.10671 sec=1.502
sst-2_fp16_h0.01_seed16 step=13275 loss+=0.785999 loss-=0.724963 dh=3.0518 sec=1.377
sst-2_fp16_h0.01_seed16 step=13300 loss+=0.68603 loss-=1.64582 dh=-47.9894 sec=1.462
sst-2_fp16_h0.01_seed16 step=13325 loss+=1.02416 loss-=0.803016 dh=11.0573 sec=1.460
sst-2_fp16_h0.01_seed16 step=13350 loss+=0.733591 loss-=0.73632 dh=-0.136437 sec=1.376
sst-2_fp16_h0.01_seed16 step=13375 loss+=1.02367 loss-=0.799139 dh=11.2265 sec=1.377
sst-2_fp16_h0.01_seed16 step=13400 loss+=0.730303 loss-=1.0142 dh=-14.1948 sec=1.504
sst-2_fp16_h0.01_seed16 step=13425 loss+=0.689452 loss-=0.681267 dh=0.409253 sec=1.460
sst-2_fp16_h0.01_seed16 step=13450 loss+=0.66233 loss-=0.833378 dh=-8.5524 sec=1.364
sst-2_fp16_h0.01_seed16 step=13475 loss+=0.803388 loss-=0.79944 dh=0.197425 sec=1.375
sst-2_fp16_h0.01_seed16 step=13500 loss+=0.798065 loss-=0.86792 dh=-3.49277 sec=1.502
eval step=13500 {'eval_acc': 0.6479357798165137, 'eval_loss': 0.6220044877098173, 'eval_examples': 872}
sst-2_fp16_h0.01_seed16 step=13525 loss+=1.07418 loss-=1.68908 dh=-30.7449 sec=1.376
sst-2_fp16_h0.01_seed16 step=13550 loss+=0.935031 loss-=0.916567 dh=0.923167 sec=1.461
sst-2_fp16_h0.01_seed16 step=13575 loss+=1.41336 loss-=0.796611 dh=30.8373 sec=1.502
sst-2_fp16_h0.01_seed16 step=13600 loss+=1.14613 loss-=0.687419 dh=22.9355 sec=1.502
sst-2_fp16_h0.01_seed16 step=13625 loss+=0.882716 loss-=1.05712 dh=-8.72044 sec=1.461
sst-2_fp16_h0.01_seed16 step=13650 loss+=0.895903 loss-=0.754649 dh=7.06274 sec=1.502
sst-2_fp16_h0.01_seed16 step=13675 loss+=0.75083 loss-=0.655461 dh=4.76842 sec=1.376
sst-2_fp16_h0.01_seed16 step=13700 loss+=1.42994 loss-=1.04806 dh=19.0938 sec=1.503
sst-2_fp16_h0.01_seed16 step=13725 loss+=0.730095 loss-=0.834712 dh=-5.23084 sec=1.377
sst-2_fp16_h0.01_seed16 step=13750 loss+=1.48005 loss-=1.24933 dh=11.5356 sec=1.471
sst-2_fp16_h0.01_seed16 step=13775 loss+=0.939516 loss-=0.541032 dh=19.9242 sec=1.502
sst-2_fp16_h0.01_seed16 step=13800 loss+=0.676863 loss-=0.77575 dh=-4.94433 sec=1.475
sst-2_fp16_h0.01_seed16 step=13825 loss+=0.773982 loss-=0.853004 dh=-3.95107 sec=1.460
sst-2_fp16_h0.01_seed16 step=13850 loss+=2.22291 loss-=0.659607 dh=78.165 sec=1.376
sst-2_fp16_h0.01_seed16 step=13875 loss+=0.858955 loss-=0.933459 dh=-3.72522 sec=1.502
sst-2_fp16_h0.01_seed16 step=13900 loss+=1.01878 loss-=0.720408 dh=14.9186 sec=1.502
sst-2_fp16_h0.01_seed16 step=13925 loss+=0.743682 loss-=0.636108 dh=5.37871 sec=1.503
sst-2_fp16_h0.01_seed16 step=13950 loss+=0.719269 loss-=0.854043 dh=-6.73872 sec=1.474
sst-2_fp16_h0.01_seed16 step=13975 loss+=1.95032 loss-=0.855963 dh=54.7176 sec=1.502
sst-2_fp16_h0.01_seed16 step=14000 loss+=0.835079 loss-=1.11765 dh=-14.1284 sec=1.500
eval step=14000 {'eval_acc': 0.6456422018348624, 'eval_loss': 0.6260518953375039, 'eval_examples': 872}
sst-2_fp16_h0.01_seed16 step=14025 loss+=1.01705 loss-=1.64258 dh=-31.2768 sec=1.502
sst-2_fp16_h0.01_seed16 step=14050 loss+=0.762347 loss-=0.708686 dh=2.68306 sec=1.364
sst-2_fp16_h0.01_seed16 step=14075 loss+=0.658445 loss-=0.702708 dh=-2.21314 sec=1.501
sst-2_fp16_h0.01_seed16 step=14100 loss+=0.742224 loss-=0.879852 dh=-6.88144 sec=1.503
sst-2_fp16_h0.01_seed16 step=14125 loss+=0.755655 loss-=0.695231 dh=3.02123 sec=1.460
sst-2_fp16_h0.01_seed16 step=14150 loss+=0.916319 loss-=0.974049 dh=-2.88653 sec=1.461
sst-2_fp16_h0.01_seed16 step=14175 loss+=0.866291 loss-=0.894696 dh=-1.42024 sec=1.503
sst-2_fp16_h0.01_seed16 step=14200 loss+=0.737077 loss-=0.975003 dh=-11.8963 sec=1.502
sst-2_fp16_h0.01_seed16 step=14225 loss+=0.914969 loss-=2.24715 dh=-66.609 sec=1.376
sst-2_fp16_h0.01_seed16 step=14250 loss+=0.619925 loss-=0.736642 dh=-5.83583 sec=1.500
sst-2_fp16_h0.01_seed16 step=14275 loss+=0.677374 loss-=1.7533 dh=-53.7962 sec=1.502
sst-2_fp16_h0.01_seed16 step=14300 loss+=0.883244 loss-=0.85972 dh=1.17623 sec=1.503
sst-2_fp16_h0.01_seed16 step=14325 loss+=0.69661 loss-=0.645949 dh=2.53305 sec=1.462
sst-2_fp16_h0.01_seed16 step=14350 loss+=0.608919 loss-=0.48995 dh=5.94846 sec=1.471
sst-2_fp16_h0.01_seed16 step=14375 loss+=0.601442 loss-=0.574177 dh=1.36325 sec=1.503
sst-2_fp16_h0.01_seed16 step=14400 loss+=1.54185 loss-=1.5664 dh=-1.22745 sec=1.376
sst-2_fp16_h0.01_seed16 step=14425 loss+=0.905268 loss-=1.28618 dh=-19.0454 sec=1.461
sst-2_fp16_h0.01_seed16 step=14450 loss+=0.825575 loss-=0.839463 dh=-0.694419 sec=1.375
sst-2_fp16_h0.01_seed16 step=14475 loss+=0.70594 loss-=0.800243 dh=-4.71512 sec=1.376
sst-2_fp16_h0.01_seed16 step=14500 loss+=0.921973 loss-=1.03661 dh=-5.73198 sec=1.503
eval step=14500 {'eval_acc': 0.6444954128440367, 'eval_loss': 0.6202051203757729, 'eval_examples': 872}
sst-2_fp16_h0.01_seed16 step=14525 loss+=0.734046 loss-=0.921219 dh=-9.35869 sec=1.474
sst-2_fp16_h0.01_seed16 step=14550 loss+=1.03504 loss-=0.761724 dh=13.6656 sec=1.473
sst-2_fp16_h0.01_seed16 step=14575 loss+=0.636972 loss-=0.594734 dh=2.11187 sec=1.376
sst-2_fp16_h0.01_seed16 step=14600 loss+=0.654359 loss-=0.861561 dh=-10.3601 sec=1.377
sst-2_fp16_h0.01_seed16 step=14625 loss+=1.07827 loss-=1.02439 dh=2.69429 sec=1.502
sst-2_fp16_h0.01_seed16 step=14650 loss+=1.20817 loss-=0.8591 dh=17.4536 sec=1.502
sst-2_fp16_h0.01_seed16 step=14675 loss+=0.895081 loss-=0.703193 dh=9.59436 sec=1.503
sst-2_fp16_h0.01_seed16 step=14700 loss+=1.05487 loss-=0.972404 dh=4.1231 sec=1.501
sst-2_fp16_h0.01_seed16 step=14725 loss+=0.677021 loss-=0.710223 dh=-1.66013 sec=1.503
sst-2_fp16_h0.01_seed16 step=14750 loss+=0.707116 loss-=0.804986 dh=-4.89352 sec=1.504
sst-2_fp16_h0.01_seed16 step=14775 loss+=1.7712 loss-=1.68724 dh=4.19791 sec=1.502
sst-2_fp16_h0.01_seed16 step=14800 loss+=0.996559 loss-=0.655619 dh=17.047 sec=1.363
sst-2_fp16_h0.01_seed16 step=14825 loss+=0.59296 loss-=1.02461 dh=-21.5825 sec=1.463
sst-2_fp16_h0.01_seed16 step=14850 loss+=0.80354 loss-=0.985749 dh=-9.11045 sec=1.502
sst-2_fp16_h0.01_seed16 step=14875 loss+=0.638968 loss-=1.28469 dh=-32.2861 sec=1.500
sst-2_fp16_h0.01_seed16 step=14900 loss+=0.740889 loss-=0.803903 dh=-3.15073 sec=1.376
sst-2_fp16_h0.01_seed16 step=14925 loss+=0.853318 loss-=0.702789 dh=7.52647 sec=1.376
sst-2_fp16_h0.01_seed16 step=14950 loss+=1.13714 loss-=0.65125 dh=24.2946 sec=1.503
sst-2_fp16_h0.01_seed16 step=14975 loss+=0.88679 loss-=1.09859 dh=-10.5898 sec=1.503
sst-2_fp16_h0.01_seed16 step=15000 loss+=0.448576 loss-=0.648379 dh=-9.99018 sec=1.459
eval step=15000 {'eval_acc': 0.6490825688073395, 'eval_loss': 0.6138220200776507, 'eval_examples': 872}
sst-2_fp16_h0.01_seed16 step=15025 loss+=0.711557 loss-=0.714543 dh=-0.149316 sec=1.489
sst-2_fp16_h0.01_seed16 step=15050 loss+=0.597664 loss-=0.431914 dh=8.28749 sec=1.376
sst-2_fp16_h0.01_seed16 step=15075 loss+=0.655021 loss-=0.823786 dh=-8.43827 sec=1.461
sst-2_fp16_h0.01_seed16 step=15100 loss+=0.772203 loss-=1.34033 dh=-28.4064 sec=1.376
sst-2_fp16_h0.01_seed16 step=15125 loss+=1.27651 loss-=0.80327 dh=23.6621 sec=1.375
sst-2_fp16_h0.01_seed16 step=15150 loss+=0.621575 loss-=0.704689 dh=-4.15569 sec=1.503
sst-2_fp16_h0.01_seed16 step=15175 loss+=1.51197 loss-=0.74312 dh=38.4426 sec=1.376
sst-2_fp16_h0.01_seed16 step=15200 loss+=0.893651 loss-=1.14289 dh=-12.4621 sec=1.364
sst-2_fp16_h0.01_seed16 step=15225 loss+=1.32838 loss-=0.74246 dh=29.2959 sec=1.462
sst-2_fp16_h0.01_seed16 step=15250 loss+=0.675871 loss-=0.704606 dh=-1.43679 sec=1.376
sst-2_fp16_h0.01_seed16 step=15275 loss+=0.690912 loss-=0.77746 dh=-4.32737 sec=1.502
sst-2_fp16_h0.01_seed16 step=15300 loss+=0.762604 loss-=1.38647 dh=-31.1933 sec=1.376
sst-2_fp16_h0.01_seed16 step=15325 loss+=0.673409 loss-=0.73899 dh=-3.27907 sec=1.460
sst-2_fp16_h0.01_seed16 step=15350 loss+=1.23632 loss-=0.671481 dh=28.2418 sec=1.375
sst-2_fp16_h0.01_seed16 step=15375 loss+=0.773706 loss-=1.15796 dh=-19.2129 sec=1.364
sst-2_fp16_h0.01_seed16 step=15400 loss+=1.13667 loss-=0.857875 dh=13.9396 sec=1.462
sst-2_fp16_h0.01_seed16 step=15425 loss+=1.33652 loss-=0.72981 dh=30.3354 sec=1.501
sst-2_fp16_h0.01_seed16 step=15450 loss+=0.83044 loss-=1.11087 dh=-14.0213 sec=1.501
sst-2_fp16_h0.01_seed16 step=15475 loss+=0.837811 loss-=0.731049 dh=5.33813 sec=1.363
sst-2_fp16_h0.01_seed16 step=15500 loss+=0.759091 loss-=0.739704 dh=0.96937 sec=1.375
eval step=15500 {'eval_acc': 0.6467889908256881, 'eval_loss': 0.614545882786325, 'eval_examples': 872}
sst-2_fp16_h0.01_seed16 step=15525 loss+=1.47797 loss-=2.18544 dh=-35.3738 sec=1.501
sst-2_fp16_h0.01_seed16 step=15550 loss+=0.71735 loss-=0.57846 dh=6.94452 sec=1.460
sst-2_fp16_h0.01_seed16 step=15575 loss+=0.863683 loss-=0.677586 dh=9.30484 sec=1.362
sst-2_fp16_h0.01_seed16 step=15600 loss+=1.11811 loss-=1.2143 dh=-4.80954 sec=1.502
sst-2_fp16_h0.01_seed16 step=15625 loss+=0.675842 loss-=0.704655 dh=-1.44068 sec=1.502
sst-2_fp16_h0.01_seed16 step=15650 loss+=0.967657 loss-=0.951509 dh=0.80738 sec=1.376
sst-2_fp16_h0.01_seed16 step=15675 loss+=0.70609 loss-=0.930798 dh=-11.2354 sec=1.503
sst-2_fp16_h0.01_seed16 step=15700 loss+=1.55729 loss-=1.21155 dh=17.2871 sec=1.376
sst-2_fp16_h0.01_seed16 step=15725 loss+=0.547459 loss-=0.834724 dh=-14.3633 sec=1.375
sst-2_fp16_h0.01_seed16 step=15750 loss+=0.756911 loss-=0.972627 dh=-10.7858 sec=1.502
sst-2_fp16_h0.01_seed16 step=15775 loss+=0.744788 loss-=0.713593 dh=1.55977 sec=1.460
sst-2_fp16_h0.01_seed16 step=15800 loss+=0.695975 loss-=0.729744 dh=-1.68845 sec=1.502
sst-2_fp16_h0.01_seed16 step=15825 loss+=0.686045 loss-=0.979119 dh=-14.6537 sec=1.363
sst-2_fp16_h0.01_seed16 step=15850 loss+=1.07343 loss-=0.842038 dh=11.5697 sec=1.364
sst-2_fp16_h0.01_seed16 step=15875 loss+=0.683489 loss-=0.65416 dh=1.46642 sec=1.460
sst-2_fp16_h0.01_seed16 step=15900 loss+=0.783157 loss-=0.805927 dh=-1.13854 sec=1.472
sst-2_fp16_h0.01_seed16 step=15925 loss+=0.994312 loss-=1.04633 dh=-2.60095 sec=1.462
sst-2_fp16_h0.01_seed16 step=15950 loss+=0.711761 loss-=0.743066 dh=-1.56526 sec=1.501
sst-2_fp16_h0.01_seed16 step=15975 loss+=0.654963 loss-=1.10957 dh=-22.7306 sec=1.501
sst-2_fp16_h0.01_seed16 step=16000 loss+=0.744367 loss-=0.586735 dh=7.8816 sec=1.503
eval step=16000 {'eval_acc': 0.6571100917431193, 'eval_loss': 0.6009692309526812, 'eval_examples': 872}
sst-2_fp16_h0.01_seed16 step=16025 loss+=0.719483 loss-=0.716996 dh=0.124334 sec=1.502
sst-2_fp16_h0.01_seed16 step=16050 loss+=0.857281 loss-=0.963765 dh=-5.32417 sec=1.502
sst-2_fp16_h0.01_seed16 step=16075 loss+=0.717495 loss-=0.659225 dh=2.91348 sec=1.376
sst-2_fp16_h0.01_seed16 step=16100 loss+=0.843267 loss-=0.770577 dh=3.63452 sec=1.473
sst-2_fp16_h0.01_seed16 step=16125 loss+=0.725023 loss-=1.5487 dh=-41.184 sec=1.502
sst-2_fp16_h0.01_seed16 step=16150 loss+=0.661236 loss-=0.694606 dh=-1.66846 sec=1.376
sst-2_fp16_h0.01_seed16 step=16175 loss+=1.22292 loss-=0.811707 dh=20.5608 sec=1.504
sst-2_fp16_h0.01_seed16 step=16200 loss+=0.669325 loss-=1.17962 dh=-25.5146 sec=1.473
sst-2_fp16_h0.01_seed16 step=16225 loss+=0.712902 loss-=0.791752 dh=-3.94251 sec=1.472
sst-2_fp16_h0.01_seed16 step=16250 loss+=0.731658 loss-=0.843537 dh=-5.59396 sec=1.375
sst-2_fp16_h0.01_seed16 step=16275 loss+=1.07159 loss-=1.28906 dh=-10.8737 sec=1.462
sst-2_fp16_h0.01_seed16 step=16300 loss+=0.908108 loss-=1.27254 dh=-18.2216 sec=1.460
sst-2_fp16_h0.01_seed16 step=16325 loss+=1.23245 loss-=0.670855 dh=28.0795 sec=1.472
sst-2_fp16_h0.01_seed16 step=16350 loss+=1.08464 loss-=0.666212 dh=20.9212 sec=1.459
sst-2_fp16_h0.01_seed16 step=16375 loss+=1.092 loss-=0.732613 dh=17.9695 sec=1.501
sst-2_fp16_h0.01_seed16 step=16400 loss+=1.20022 loss-=0.882697 dh=15.876 sec=1.377
sst-2_fp16_h0.01_seed16 step=16425 loss+=0.889799 loss-=0.868356 dh=1.07217 sec=1.502
sst-2_fp16_h0.01_seed16 step=16450 loss+=1.08738 loss-=0.777475 dh=15.4954 sec=1.462
sst-2_fp16_h0.01_seed16 step=16475 loss+=2.04721 loss-=0.761123 dh=64.3043 sec=1.376
sst-2_fp16_h0.01_seed16 step=16500 loss+=0.628686 loss-=0.728018 dh=-4.96659 sec=1.460
eval step=16500 {'eval_acc': 0.6605504587155964, 'eval_loss': 0.5935611609847994, 'eval_examples': 872}
sst-2_fp16_h0.01_seed16 step=16525 loss+=1.10047 loss-=0.732875 dh=18.3799 sec=1.501
sst-2_fp16_h0.01_seed16 step=16550 loss+=0.944089 loss-=0.723956 dh=11.0067 sec=1.461
sst-2_fp16_h0.01_seed16 step=16575 loss+=1.47829 loss-=1.46529 dh=0.65015 sec=1.473
sst-2_fp16_h0.01_seed16 step=16600 loss+=0.928488 loss-=0.760132 dh=8.41782 sec=1.461
sst-2_fp16_h0.01_seed16 step=16625 loss+=1.18951 loss-=1.08566 dh=5.19207 sec=1.502
sst-2_fp16_h0.01_seed16 step=16650 loss+=0.681027 loss-=0.632198 dh=2.44145 sec=1.376
sst-2_fp16_h0.01_seed16 step=16675 loss+=0.859699 loss-=1.12013 dh=-13.0214 sec=1.502
sst-2_fp16_h0.01_seed16 step=16700 loss+=0.820785 loss-=0.689822 dh=6.54813 sec=1.502
sst-2_fp16_h0.01_seed16 step=16725 loss+=0.585136 loss-=0.646824 dh=-3.08441 sec=1.376
sst-2_fp16_h0.01_seed16 step=16750 loss+=1.42517 loss-=1.2943 dh=6.54357 sec=1.501
sst-2_fp16_h0.01_seed16 step=16775 loss+=0.909152 loss-=0.714714 dh=9.72193 sec=1.459
sst-2_fp16_h0.01_seed16 step=16800 loss+=0.904146 loss-=0.819834 dh=4.21556 sec=1.363
sst-2_fp16_h0.01_seed16 step=16825 loss+=0.724888 loss-=0.725848 dh=-0.0479933 sec=1.502
sst-2_fp16_h0.01_seed16 step=16850 loss+=1.26703 loss-=1.75285 dh=-24.291 sec=1.376
sst-2_fp16_h0.01_seed16 step=16875 loss+=0.940352 loss-=0.884067 dh=2.81426 sec=1.460
sst-2_fp16_h0.01_seed16 step=16900 loss+=0.673766 loss-=0.705626 dh=-1.59299 sec=1.501
sst-2_fp16_h0.01_seed16 step=16925 loss+=0.721243 loss-=0.81485 dh=-4.68036 sec=1.501
sst-2_fp16_h0.01_seed16 step=16950 loss+=0.809852 loss-=0.901033 dh=-4.55905 sec=1.376
sst-2_fp16_h0.01_seed16 step=16975 loss+=0.911183 loss-=0.888164 dh=1.15095 sec=1.462
sst-2_fp16_h0.01_seed16 step=17000 loss+=0.822156 loss-=0.956468 dh=-6.71559 sec=1.502
eval step=17000 {'eval_acc': 0.6662844036697247, 'eval_loss': 0.5957543271627926, 'eval_examples': 872}
sst-2_fp16_h0.01_seed16 step=17025 loss+=0.891063 loss-=0.906543 dh=-0.773981 sec=1.460
sst-2_fp16_h0.01_seed16 step=17050 loss+=1.38976 loss-=1.09936 dh=14.5201 sec=1.376
sst-2_fp16_h0.01_seed16 step=17075 loss+=1.64798 loss-=0.98431 dh=33.1833 sec=1.501
sst-2_fp16_h0.01_seed16 step=17100 loss+=1.37966 loss-=0.971821 dh=20.392 sec=1.459
sst-2_fp16_h0.01_seed16 step=17125 loss+=0.815244 loss-=0.682681 dh=6.62814 sec=1.375
sst-2_fp16_h0.01_seed16 step=17150 loss+=0.694927 loss-=0.710462 dh=-0.776747 sec=1.461
sst-2_fp16_h0.01_seed16 step=17175 loss+=0.857144 loss-=0.588017 dh=13.4563 sec=1.502
sst-2_fp16_h0.01_seed16 step=17200 loss+=0.544591 loss-=0.627303 dh=-4.13559 sec=1.376
sst-2_fp16_h0.01_seed16 step=17225 loss+=0.791114 loss-=0.993196 dh=-10.1041 sec=1.459
sst-2_fp16_h0.01_seed16 step=17250 loss+=0.936778 loss-=0.673107 dh=13.1836 sec=1.376
sst-2_fp16_h0.01_seed16 step=17275 loss+=0.977185 loss-=0.87513 dh=5.1027 sec=1.377
sst-2_fp16_h0.01_seed16 step=17300 loss+=1.69272 loss-=0.869435 dh=41.1642 sec=1.377
sst-2_fp16_h0.01_seed16 step=17325 loss+=0.86661 loss-=0.745742 dh=6.04339 sec=1.462
sst-2_fp16_h0.01_seed16 step=17350 loss+=0.661976 loss-=0.794579 dh=-6.63014 sec=1.376
sst-2_fp16_h0.01_seed16 step=17375 loss+=0.598995 loss-=0.880203 dh=-14.0604 sec=1.502
sst-2_fp16_h0.01_seed16 step=17400 loss+=0.797735 loss-=1.06631 dh=-13.4289 sec=1.503
sst-2_fp16_h0.01_seed16 step=17425 loss+=1.36809 loss-=0.734368 dh=31.6859 sec=1.504
sst-2_fp16_h0.01_seed16 step=17450 loss+=0.984529 loss-=0.723082 dh=13.0724 sec=1.501
sst-2_fp16_h0.01_seed16 step=17475 loss+=0.762459 loss-=0.690469 dh=3.59953 sec=1.461
sst-2_fp16_h0.01_seed16 step=17500 loss+=1.52183 loss-=0.758927 dh=38.145 sec=1.460
eval step=17500 {'eval_acc': 0.6674311926605505, 'eval_loss': 0.5924796886793381, 'eval_examples': 872}
sst-2_fp16_h0.01_seed16 step=17525 loss+=0.907007 loss-=2.01477 dh=-55.3882 sec=1.474
sst-2_fp16_h0.01_seed16 step=17550 loss+=1.64071 loss-=1.08536 dh=27.7678 sec=1.462
sst-2_fp16_h0.01_seed16 step=17575 loss+=0.579863 loss-=0.588497 dh=-0.43174 sec=1.501
sst-2_fp16_h0.01_seed16 step=17600 loss+=0.677791 loss-=1.26415 dh=-29.3177 sec=1.503
sst-2_fp16_h0.01_seed16 step=17625 loss+=1.64123 loss-=0.847012 dh=39.711 sec=1.377
sst-2_fp16_h0.01_seed16 step=17650 loss+=1.55963 loss-=0.602002 dh=47.8816 sec=1.502
sst-2_fp16_h0.01_seed16 step=17675 loss+=0.765282 loss-=1.17889 dh=-20.6806 sec=1.376
sst-2_fp16_h0.01_seed16 step=17700 loss+=0.777426 loss-=0.679308 dh=4.90589 sec=1.474
sst-2_fp16_h0.01_seed16 step=17725 loss+=0.520827 loss-=0.525771 dh=-0.247211 sec=1.459
sst-2_fp16_h0.01_seed16 step=17750 loss+=0.750783 loss-=1.28471 dh=-26.6964 sec=1.462
sst-2_fp16_h0.01_seed16 step=17775 loss+=1.47807 loss-=1.02422 dh=22.6923 sec=1.502
sst-2_fp16_h0.01_seed16 step=17800 loss+=0.751923 loss-=1.99335 dh=-62.0712 sec=1.502
sst-2_fp16_h0.01_seed16 step=17825 loss+=1.24746 loss-=0.710517 dh=26.8471 sec=1.502
sst-2_fp16_h0.01_seed16 step=17850 loss+=0.564807 loss-=0.920358 dh=-17.7776 sec=1.376
sst-2_fp16_h0.01_seed16 step=17875 loss+=0.840003 loss-=1.31546 dh=-23.7727 sec=1.503
sst-2_fp16_h0.01_seed16 step=17900 loss+=0.973126 loss-=1.73302 dh=-37.9945 sec=1.459
sst-2_fp16_h0.01_seed16 step=17925 loss+=0.958609 loss-=0.728602 dh=11.5004 sec=1.363
sst-2_fp16_h0.01_seed16 step=17950 loss+=0.655807 loss-=0.684323 dh=-1.42576 sec=1.376
sst-2_fp16_h0.01_seed16 step=17975 loss+=0.981317 loss-=0.864322 dh=5.84974 sec=1.502
sst-2_fp16_h0.01_seed16 step=18000 loss+=0.627488 loss-=0.850001 dh=-11.1257 sec=1.474
eval step=18000 {'eval_acc': 0.6697247706422018, 'eval_loss': 0.5870020352346703, 'eval_examples': 872}
sst-2_fp16_h0.01_seed16 step=18025 loss+=1.56153 loss-=0.66363 dh=44.8948 sec=1.502
sst-2_fp16_h0.01_seed16 step=18050 loss+=0.681816 loss-=0.618059 dh=3.18786 sec=1.376
sst-2_fp16_h0.01_seed16 step=18075 loss+=0.770122 loss-=0.868108 dh=-4.89933 sec=1.503
sst-2_fp16_h0.01_seed16 step=18100 loss+=0.9326 loss-=0.975167 dh=-2.12838 sec=1.376
sst-2_fp16_h0.01_seed16 step=18125 loss+=0.613197 loss-=0.645424 dh=-1.61137 sec=1.502
sst-2_fp16_h0.01_seed16 step=18150 loss+=0.681283 loss-=0.844335 dh=-8.1526 sec=1.363
sst-2_fp16_h0.01_seed16 step=18175 loss+=0.756736 loss-=1.04406 dh=-14.366 sec=1.461
sst-2_fp16_h0.01_seed16 step=18200 loss+=0.964198 loss-=0.75501 dh=10.4594 sec=1.462
sst-2_fp16_h0.01_seed16 step=18225 loss+=0.851647 loss-=0.70273 dh=7.44586 sec=1.376
sst-2_fp16_h0.01_seed16 step=18250 loss+=0.626816 loss-=1.08724 dh=-23.0212 sec=1.502
sst-2_fp16_h0.01_seed16 step=18275 loss+=0.794403 loss-=0.957731 dh=-8.16638 sec=1.476
sst-2_fp16_h0.01_seed16 step=18300 loss+=0.669837 loss-=0.698485 dh=-1.43242 sec=1.502
sst-2_fp16_h0.01_seed16 step=18325 loss+=0.89194 loss-=0.640149 dh=12.5895 sec=1.461
sst-2_fp16_h0.01_seed16 step=18350 loss+=0.717084 loss-=0.64117 dh=3.79574 sec=1.376
sst-2_fp16_h0.01_seed16 step=18375 loss+=1.44327 loss-=0.689048 dh=37.7113 sec=1.363
sst-2_fp16_h0.01_seed16 step=18400 loss+=0.96754 loss-=0.972972 dh=-0.271616 sec=1.472
sst-2_fp16_h0.01_seed16 step=18425 loss+=0.975839 loss-=0.76973 dh=10.3055 sec=1.460
sst-2_fp16_h0.01_seed16 step=18450 loss+=0.681098 loss-=0.809766 dh=-6.43341 sec=1.462
sst-2_fp16_h0.01_seed16 step=18475 loss+=1.24003 loss-=0.66839 dh=28.5819 sec=1.502
sst-2_fp16_h0.01_seed16 step=18500 loss+=0.579497 loss-=0.815477 dh=-11.799 sec=1.502
eval step=18500 {'eval_acc': 0.6628440366972477, 'eval_loss': 0.590562481569861, 'eval_examples': 872}
sst-2_fp16_h0.01_seed16 step=18525 loss+=0.866979 loss-=0.654167 dh=10.6406 sec=1.376
sst-2_fp16_h0.01_seed16 step=18550 loss+=1.05314 loss-=0.641307 dh=20.5918 sec=1.501
sst-2_fp16_h0.01_seed16 step=18575 loss+=0.716295 loss-=1.51742 dh=-40.0562 sec=1.462
sst-2_fp16_h0.01_seed16 step=18600 loss+=0.722164 loss-=0.720968 dh=0.0598276 sec=1.472
sst-2_fp16_h0.01_seed16 step=18625 loss+=0.655391 loss-=2.06865 dh=-70.6631 sec=1.502
sst-2_fp16_h0.01_seed16 step=18650 loss+=1.20216 loss-=0.716129 dh=24.3017 sec=1.502
sst-2_fp16_h0.01_seed16 step=18675 loss+=1.08594 loss-=0.558028 dh=26.3956 sec=1.502
sst-2_fp16_h0.01_seed16 step=18700 loss+=1.57547 loss-=0.768955 dh=40.326 sec=1.376
sst-2_fp16_h0.01_seed16 step=18725 loss+=0.720776 loss-=0.715936 dh=0.242039 sec=1.471
sst-2_fp16_h0.01_seed16 step=18750 loss+=0.670612 loss-=1.21333 dh=-27.1358 sec=1.462
sst-2_fp16_h0.01_seed16 step=18775 loss+=1.99135 loss-=0.730824 dh=63.0264 sec=1.459
sst-2_fp16_h0.01_seed16 step=18800 loss+=0.657182 loss-=0.74758 dh=-4.51987 sec=1.461
sst-2_fp16_h0.01_seed16 step=18825 loss+=0.977553 loss-=0.690228 dh=14.3663 sec=1.502
sst-2_fp16_h0.01_seed16 step=18850 loss+=0.821771 loss-=1.22944 dh=-20.3834 sec=1.375
sst-2_fp16_h0.01_seed16 step=18875 loss+=0.682846 loss-=0.940172 dh=-12.8663 sec=1.475
sst-2_fp16_h0.01_seed16 step=18900 loss+=1.27063 loss-=1.07197 dh=9.93285 sec=1.461
sst-2_fp16_h0.01_seed16 step=18925 loss+=0.99684 loss-=0.6457 dh=17.557 sec=1.503
sst-2_fp16_h0.01_seed16 step=18950 loss+=0.804701 loss-=1.73219 dh=-46.3747 sec=1.376
sst-2_fp16_h0.01_seed16 step=18975 loss+=0.627762 loss-=1.31049 dh=-34.1362 sec=1.503
sst-2_fp16_h0.01_seed16 step=19000 loss+=0.765829 loss-=0.654906 dh=5.54616 sec=1.364
eval step=19000 {'eval_acc': 0.658256880733945, 'eval_loss': 0.5986200485959512, 'eval_examples': 872}
sst-2_fp16_h0.01_seed16 step=19025 loss+=0.955211 loss-=1.16517 dh=-10.498 sec=1.502
sst-2_fp16_h0.01_seed16 step=19050 loss+=0.827306 loss-=0.680698 dh=7.33039 sec=1.375
sst-2_fp16_h0.01_seed16 step=19075 loss+=0.752433 loss-=1.04197 dh=-14.4771 sec=1.501
sst-2_fp16_h0.01_seed16 step=19100 loss+=0.609141 loss-=0.727003 dh=-5.89314 sec=1.376
sst-2_fp16_h0.01_seed16 step=19125 loss+=0.668557 loss-=0.657197 dh=0.567997 sec=1.489
sst-2_fp16_h0.01_seed16 step=19150 loss+=0.62569 loss-=0.553295 dh=3.61972 sec=1.503
sst-2_fp16_h0.01_seed16 step=19175 loss+=0.737588 loss-=0.856658 dh=-5.95349 sec=1.364
sst-2_fp16_h0.01_seed16 step=19200 loss+=1.0646 loss-=0.696753 dh=18.3921 sec=1.462
sst-2_fp16_h0.01_seed16 step=19225 loss+=0.658293 loss-=1.00046 dh=-17.1084 sec=1.504
sst-2_fp16_h0.01_seed16 step=19250 loss+=1.10133 loss-=0.752459 dh=17.4437 sec=1.376
sst-2_fp16_h0.01_seed16 step=19275 loss+=0.739638 loss-=0.752479 dh=-0.642083 sec=1.377
sst-2_fp16_h0.01_seed16 step=19300 loss+=0.963045 loss-=0.645786 dh=15.863 sec=1.459
sst-2_fp16_h0.01_seed16 step=19325 loss+=1.0567 loss-=1.54571 dh=-24.4507 sec=1.461
sst-2_fp16_h0.01_seed16 step=19350 loss+=0.693105 loss-=0.692392 dh=0.0356225 sec=1.461
sst-2_fp16_h0.01_seed16 step=19375 loss+=0.734121 loss-=0.662468 dh=3.58268 sec=1.502
sst-2_fp16_h0.01_seed16 step=19400 loss+=0.7954 loss-=0.789792 dh=0.280373 sec=1.376
sst-2_fp16_h0.01_seed16 step=19425 loss+=0.791622 loss-=0.925651 dh=-6.70142 sec=1.501
sst-2_fp16_h0.01_seed16 step=19450 loss+=0.606445 loss-=0.635406 dh=-1.44803 sec=1.376
sst-2_fp16_h0.01_seed16 step=19475 loss+=0.493612 loss-=1.22735 dh=-36.6871 sec=1.504
sst-2_fp16_h0.01_seed16 step=19500 loss+=0.794846 loss-=0.817929 dh=-1.15417 sec=1.376
eval step=19500 {'eval_acc': 0.6594036697247706, 'eval_loss': 0.6039621318058205, 'eval_examples': 872}
sst-2_fp16_h0.01_seed16 step=19525 loss+=0.702241 loss-=0.73588 dh=-1.68199 sec=1.502
sst-2_fp16_h0.01_seed16 step=19550 loss+=0.89475 loss-=0.671221 dh=11.1764 sec=1.501
sst-2_fp16_h0.01_seed16 step=19575 loss+=0.900062 loss-=0.973302 dh=-3.66201 sec=1.375
sst-2_fp16_h0.01_seed16 step=19600 loss+=0.800548 loss-=0.982533 dh=-9.09925 sec=1.461
sst-2_fp16_h0.01_seed16 step=19625 loss+=1.06192 loss-=0.942803 dh=5.95582 sec=1.473
sst-2_fp16_h0.01_seed16 step=19650 loss+=0.976291 loss-=0.715286 dh=13.0503 sec=1.462
sst-2_fp16_h0.01_seed16 step=19675 loss+=0.776573 loss-=0.580991 dh=9.77909 sec=1.459
sst-2_fp16_h0.01_seed16 step=19700 loss+=0.774167 loss-=0.778324 dh=-0.207843 sec=1.502
sst-2_fp16_h0.01_seed16 step=19725 loss+=0.780756 loss-=0.723463 dh=2.86463 sec=1.474
sst-2_fp16_h0.01_seed16 step=19750 loss+=0.953024 loss-=0.706144 dh=12.344 sec=1.502
sst-2_fp16_h0.01_seed16 step=19775 loss+=0.619787 loss-=0.642834 dh=-1.15233 sec=1.376
sst-2_fp16_h0.01_seed16 step=19800 loss+=0.758731 loss-=0.754096 dh=0.231769 sec=1.376
sst-2_fp16_h0.01_seed16 step=19825 loss+=0.981587 loss-=0.696763 dh=14.2412 sec=1.503
sst-2_fp16_h0.01_seed16 step=19850 loss+=0.693616 loss-=0.801624 dh=-5.40042 sec=1.503
sst-2_fp16_h0.01_seed16 step=19875 loss+=1.84412 loss-=1.11609 dh=36.4016 sec=1.376
sst-2_fp16_h0.01_seed16 step=19900 loss+=1.12064 loss-=0.698882 dh=21.0877 sec=1.462
sst-2_fp16_h0.01_seed16 step=19925 loss+=1.50075 loss-=1.05849 dh=22.113 sec=1.503
sst-2_fp16_h0.01_seed16 step=19950 loss+=0.739027 loss-=1.15503 dh=-20.8002 sec=1.501
sst-2_fp16_h0.01_seed16 step=19975 loss+=1.51545 loss-=0.84473 dh=33.5359 sec=1.460
sst-2_fp16_h0.01_seed16 step=20000 loss+=0.731012 loss-=1.06532 dh=-16.7156 sec=1.502
eval step=20000 {'eval_acc': 0.6559633027522935, 'eval_loss': 0.6050909422978827, 'eval_examples': 872}
{"model": "facebook/opt-2.7b", "mode": "dense", "task_path": "mezo_option", "dataset_mode": "full", "group_size": 128, "master_dtype": "fp16", "direction_distribution": "torch.randn float32 Gaussian; unnormalized", "q": 1, "lr": 3e-07, "lr_source": "slurm/opt13b_int4_roberta_matched_h100.sbatch", "steps": 20000, "eval_every": 500, "checkpoint_every": 500, "batch_size": 16, "microbatch": 2, "train_seed": 16, "data_seed": 16, "direction_seed": 16, "id": "sst-2_fp16_h0.01_seed16", "kind": "train", "task": "sst-2", "precision": "fp16", "quantizer": "none", "h": 0.01, "h_policy": "predeclared_grid", "max_seq_len": 128, "status": "complete", "run_type": "full", "steps_completed": 20000, "initial_eval_acc": 0.5630733944954128, "best_eval_acc": 0.6697247706422018, "best_eval_step": 18000, "final_eval_acc": 0.6559633027522935, "final_eval_step": 20000, "runtime_sec": 30030.33041357994, "median_step_sec": 1.4615848064422607, "peak_gpu_memory_gib": 11.325278759002686, "train_examples": 67349, "source_path": "/scratch/jy03364/MeZO_/experiments/large_model_extension/opt27b_radius_plateau_20260921/runs/sst-2_fp16_h0.01_seed16/train.jsonl"}
