[nan-guard] command=python /scratch/jy03364/MeZO_/large_models/run.py --model_name opt-1.3b --task_name MNLI --output_dir /scratch/jy03364/MeZO_/experiments/h_sweep_14h/results/quzo16/opt-1.3b/mnli/h_1e-3/seed_42 --overwrite_output_dir --tag hsweep14h-quzo16-mnli-h1e-3-seed42 --dataset_mode full --num_k 16 --data_seed 42 --train_set_seed 42 --num_dev 0 --trainer zo --load_float16 --zo_quantization_bits 16 --train_as_classification --learning_rate 1e-6 --zo_eps 1e-3 --num_train_epochs 1 --per_device_train_batch_size 16 --gradient_accumulation_steps 1 --lr_scheduler_type constant --evaluation_strategy steps --save_strategy no --eval_steps 5000 --logging_steps 10 --zo_probe_every 200 --zo_probe_num_seeds 16 --zo_probe_log_csv
[nan-guard] cwd=/scratch/jy03364/MeZO_/experiments/h_sweep_14h max_consecutive_nan=100
OurArguments(
_n_gpu=1,
adafactor=False,
adam_beta1=0.9,
adam_beta2=0.999,
adam_epsilon=1e-08,
auto_find_batch_size=False,
bf16=False,
bf16_full_eval=False,
data_seed=42,
dataloader_drop_last=False,
dataloader_num_workers=0,
dataloader_pin_memory=True,
dataset_mode=full,
ddp_backend=None,
ddp_broadcast_buffers=None,
ddp_bucket_cap_mb=None,
ddp_find_unused_parameters=None,
ddp_timeout=1800,
debug=[],
deepspeed=None,
disable_tqdm=False,
dispatch_batches=None,
do_eval=True,
do_predict=False,
do_train=False,
eos_token=<EOS_TOKEN>,
eval_accumulation_steps=None,
eval_delay=0,
eval_steps=5000,
evaluation_strategy=steps,
fp16=False,
fp16_backend=auto,
fp16_full_eval=False,
fp16_opt_level=O1,
fsdp=[],
fsdp_config={'min_num_params': 0, 'xla': False, 'xla_fsdp_grad_ckpt': False},
fsdp_min_num_params=0,
fsdp_transformer_layer_cls_to_wrap=None,
full_determinism=False,
full_dev_ratio=0.1,
gradient_accumulation_steps=1,
gradient_checkpointing=False,
gradient_checkpointing_kwargs=None,
greater_is_better=None,
group_by_length=False,
half_precision_backend=auto,
head_tuning=False,
hub_always_push=False,
hub_model_id=None,
hub_private_repo=False,
hub_strategy=every_save,
hub_token=<HUB_TOKEN>,
icl_sfc=False,
ignore_data_skip=False,
include_inputs_for_metrics=False,
include_tokens_per_second=False,
jit_mode_eval=False,
label_names=None,
label_smoothing_factor=0.0,
learning_rate=1e-06,
length_column_name=length,
linear_probing=False,
load_best_model_at_end=False,
load_bfloat16=False,
load_float16=True,
load_int8=False,
local_rank=0,
log_level=passive,
log_level_replica=warning,
log_on_each_node=True,
logging_dir=/scratch/jy03364/MeZO_/experiments/h_sweep_14h/results/quzo16/opt-1.3b/mnli/h_1e-3/seed_42/runs/Apr18_09-50-38_ra5-4,
logging_first_step=False,
logging_nan_inf_filter=True,
logging_steps=10,
logging_strategy=steps,
lora=False,
lora_alpha=16,
lora_r=8,
lp_early_stopping=False,
lr_scheduler_type=constant,
max_grad_norm=1.0,
max_length=2048,
max_new_tokens=50,
max_steps=-1,
measure_perf_tail=True,
measure_perf_tail_window_steps=10,
metric_for_best_model=None,
model_name=opt-1.3b,
mp_parameters=,
neftune_noise_alpha=None,
no_auto_device=False,
no_cuda=False,
no_eval=False,
no_reparam=True,
non_diff=False,
num_beams=1,
num_dev=0,
num_eval=None,
num_k=16,
num_prefix=5,
num_train=0,
num_train_epochs=1.0,
num_train_sets=None,
only_train_option=True,
optim=adamw_torch,
optim_args=None,
output_dir=/scratch/jy03364/MeZO_/experiments/h_sweep_14h/results/quzo16/opt-1.3b/mnli/h_1e-3/seed_42,
overwrite_output_dir=True,
past_index=-1,
per_device_eval_batch_size=8,
per_device_train_batch_size=16,
prediction_loss_only=False,
prefix_init_by_real_act=True,
prefix_tuning=False,
push_to_hub=False,
push_to_hub_model_id=None,
push_to_hub_organization=None,
push_to_hub_token=<PUSH_TO_HUB_TOKEN>,
ray_scope=last,
remove_unused_columns=True,
report_to=[],
result_file=None,
resume_from_checkpoint=None,
run_name=/scratch/jy03364/MeZO_/experiments/h_sweep_14h/results/quzo16/opt-1.3b/mnli/h_1e-3/seed_42,
sampling=False,
save_model=False,
save_on_each_node=False,
save_on_interrupt=False,
save_safetensors=True,
save_steps=500,
save_strategy=no,
save_total_limit=None,
seed=42,
sfc=False,
skip_memory_metrics=True,
sparse_log_active_fraction=True,
sparse_mask_strategy=percentile_per_layer,
sparse_ratio=1.0,
sparse_scope=trainable_only,
split_batches=False,
tag=hsweep14h-quzo16-mnli-h1e-3-seed42,
task_name=MNLI,
temperature=1.0,
tf32=None,
top_k=None,
top_p=0.95,
torch_compile=False,
torch_compile_backend=None,
torch_compile_mode=None,
torchdynamo=None,
tpu_metrics_debug=False,
tpu_num_cores=None,
train_as_classification=True,
train_set_seed=42,
trainer=zo,
untie_emb=False,
use_cpu=False,
use_ipex=False,
use_legacy_prediction_loop=False,
use_mps_device=False,
use_torchao_float8=False,
verbose=False,
warmup_ratio=0.0,
warmup_steps=0,
weight_decay=0.0,
zo_eps=0.001,
zo_probe_every=200,
zo_probe_log_csv=True,
zo_probe_num_seeds=16,
zo_quantization=None,
zo_quantization_bits=16,
)
{'loss': 1.1439, 'learning_rate': 1e-06, 'epoch': 0.02}
{'eval_loss': 1.11328125, 'eval_runtime': 36.7063, 'eval_samples_per_second': 267.393, 'eval_steps_per_second': 33.428, 'epoch': 0.02}
{'loss': 1.1185, 'learning_rate': 1e-06, 'epoch': 0.04}
{'eval_loss': 1.09765625, 'eval_runtime': 36.5831, 'eval_samples_per_second': 268.293, 'eval_steps_per_second': 33.54, 'epoch': 0.04}
{'loss': 1.1195, 'learning_rate': 1e-06, 'epoch': 0.06}
{'eval_loss': 1.09765625, 'eval_runtime': 36.5263, 'eval_samples_per_second': 268.71, 'eval_steps_per_second': 33.592, 'epoch': 0.06}
{'loss': 1.1165, 'learning_rate': 1e-06, 'epoch': 0.08}
{'eval_loss': 1.0947265625, 'eval_runtime': 36.4425, 'eval_samples_per_second': 269.328, 'eval_steps_per_second': 33.669, 'epoch': 0.08}
{'loss': 1.1166, 'learning_rate': 1e-06, 'epoch': 0.1}
{'eval_loss': 1.115234375, 'eval_runtime': 36.5084, 'eval_samples_per_second': 268.842, 'eval_steps_per_second': 33.609, 'epoch': 0.1}
{'loss': 1.1108, 'learning_rate': 1e-06, 'epoch': 0.12}
{'eval_loss': 1.1171875, 'eval_runtime': 36.412, 'eval_samples_per_second': 269.554, 'eval_steps_per_second': 33.698, 'epoch': 0.12}
{'loss': 1.1066, 'learning_rate': 1e-06, 'epoch': 0.14}
{'eval_loss': 1.09765625, 'eval_runtime': 36.5469, 'eval_samples_per_second': 268.559, 'eval_steps_per_second': 33.573, 'epoch': 0.14}
{'loss': 1.111, 'learning_rate': 1e-06, 'epoch': 0.16}
{'eval_loss': 1.1005859375, 'eval_runtime': 36.3771, 'eval_samples_per_second': 269.813, 'eval_steps_per_second': 33.73, 'epoch': 0.16}
{'loss': 1.1075, 'learning_rate': 1e-06, 'epoch': 0.18}
{'eval_loss': 1.09375, 'eval_runtime': 36.5385, 'eval_samples_per_second': 268.621, 'eval_steps_per_second': 33.581, 'epoch': 0.18}
{'loss': 1.1087, 'learning_rate': 1e-06, 'epoch': 0.2}
{'eval_loss': 1.091796875, 'eval_runtime': 36.4622, 'eval_samples_per_second': 269.183, 'eval_steps_per_second': 33.651, 'epoch': 0.2}
{'loss': 1.1073, 'learning_rate': 1e-06, 'epoch': 0.22}
{'eval_loss': 1.1025390625, 'eval_runtime': 36.499, 'eval_samples_per_second': 268.911, 'eval_steps_per_second': 33.617, 'epoch': 0.22}
{'loss': 1.1106, 'learning_rate': 1e-06, 'epoch': 0.24}
{'eval_loss': 1.103515625, 'eval_runtime': 36.5848, 'eval_samples_per_second': 268.281, 'eval_steps_per_second': 33.539, 'epoch': 0.24}
{'loss': 1.1102, 'learning_rate': 1e-06, 'epoch': 0.26}
{'eval_loss': 1.1103515625, 'eval_runtime': 36.5622, 'eval_samples_per_second': 268.446, 'eval_steps_per_second': 33.559, 'epoch': 0.26}
{'loss': 1.1107, 'learning_rate': 1e-06, 'epoch': 0.29}
{'eval_loss': 1.1044921875, 'eval_runtime': 36.5055, 'eval_samples_per_second': 268.864, 'eval_steps_per_second': 33.611, 'epoch': 0.29}
{'loss': 1.1128, 'learning_rate': 1e-06, 'epoch': 0.31}
{'eval_loss': 1.1005859375, 'eval_runtime': 36.562, 'eval_samples_per_second': 268.448, 'eval_steps_per_second': 33.559, 'epoch': 0.31}
{'loss': 1.1135, 'learning_rate': 1e-06, 'epoch': 0.33}
{'eval_loss': 1.11328125, 'eval_runtime': 36.5534, 'eval_samples_per_second': 268.511, 'eval_steps_per_second': 33.567, 'epoch': 0.33}
{'loss': 1.1152, 'learning_rate': 1e-06, 'epoch': 0.35}
{'eval_loss': 1.10546875, 'eval_runtime': 36.3531, 'eval_samples_per_second': 269.991, 'eval_steps_per_second': 33.752, 'epoch': 0.35}
{'loss': 1.1176, 'learning_rate': 1e-06, 'epoch': 0.37}
{'eval_loss': 1.115234375, 'eval_runtime': 36.4646, 'eval_samples_per_second': 269.165, 'eval_steps_per_second': 33.649, 'epoch': 0.37}
{'loss': 1.118, 'learning_rate': 1e-06, 'epoch': 0.39}
{'eval_loss': 1.10546875, 'eval_runtime': 36.482, 'eval_samples_per_second': 269.037, 'eval_steps_per_second': 33.633, 'epoch': 0.39}
{'loss': 1.1089, 'learning_rate': 1e-06, 'epoch': 0.41}
{'eval_loss': 1.1044921875, 'eval_runtime': 36.609, 'eval_samples_per_second': 268.103, 'eval_steps_per_second': 33.516, 'epoch': 0.41}
{'loss': 1.1184, 'learning_rate': 1e-06, 'epoch': 0.43}
{'eval_loss': 1.0986328125, 'eval_runtime': 36.5259, 'eval_samples_per_second': 268.714, 'eval_steps_per_second': 33.593, 'epoch': 0.43}
{'loss': 1.1226, 'learning_rate': 1e-06, 'epoch': 0.45}
{'eval_loss': 1.103515625, 'eval_runtime': 36.555, 'eval_samples_per_second': 268.499, 'eval_steps_per_second': 33.566, 'epoch': 0.45}
{'loss': 1.1188, 'learning_rate': 1e-06, 'epoch': 0.47}
{'eval_loss': 1.1025390625, 'eval_runtime': 36.522, 'eval_samples_per_second': 268.742, 'eval_steps_per_second': 33.596, 'epoch': 0.47}
{'loss': 1.1199, 'learning_rate': 1e-06, 'epoch': 0.49}
{'eval_loss': 1.1005859375, 'eval_runtime': 36.4904, 'eval_samples_per_second': 268.975, 'eval_steps_per_second': 33.625, 'epoch': 0.49}
{'loss': 1.122, 'learning_rate': 1e-06, 'epoch': 0.51}
{'eval_loss': 1.1025390625, 'eval_runtime': 36.531, 'eval_samples_per_second': 268.676, 'eval_steps_per_second': 33.588, 'epoch': 0.51}
{'loss': 1.1186, 'learning_rate': 1e-06, 'epoch': 0.53}
{'eval_loss': 1.1025390625, 'eval_runtime': 36.3181, 'eval_samples_per_second': 270.251, 'eval_steps_per_second': 33.785, 'epoch': 0.53}
{'loss': 1.1146, 'learning_rate': 1e-06, 'epoch': 0.55}
{'eval_loss': 1.099609375, 'eval_runtime': 36.4678, 'eval_samples_per_second': 269.142, 'eval_steps_per_second': 33.646, 'epoch': 0.55}
{'loss': 1.1154, 'learning_rate': 1e-06, 'epoch': 0.57}
{'eval_loss': 1.1015625, 'eval_runtime': 36.5093, 'eval_samples_per_second': 268.836, 'eval_steps_per_second': 33.608, 'epoch': 0.57}
{'loss': 1.1168, 'learning_rate': 1e-06, 'epoch': 0.59}
{'eval_loss': 1.103515625, 'eval_runtime': 36.3946, 'eval_samples_per_second': 269.683, 'eval_steps_per_second': 33.714, 'epoch': 0.59}
{'loss': 1.1195, 'learning_rate': 1e-06, 'epoch': 0.61}
{'eval_loss': 1.1025390625, 'eval_runtime': 36.3693, 'eval_samples_per_second': 269.87, 'eval_steps_per_second': 33.737, 'epoch': 0.61}
{'loss': 1.1192, 'learning_rate': 1e-06, 'epoch': 0.63}
{'eval_loss': 1.1005859375, 'eval_runtime': 36.453, 'eval_samples_per_second': 269.251, 'eval_steps_per_second': 33.66, 'epoch': 0.63}
{'loss': 1.1223, 'learning_rate': 1e-06, 'epoch': 0.65}
{'eval_loss': 1.103515625, 'eval_runtime': 36.3945, 'eval_samples_per_second': 269.684, 'eval_steps_per_second': 33.714, 'epoch': 0.65}
{'loss': 1.1147, 'learning_rate': 1e-06, 'epoch': 0.67}
{'eval_loss': 1.1064453125, 'eval_runtime': 36.4322, 'eval_samples_per_second': 269.405, 'eval_steps_per_second': 33.679, 'epoch': 0.67}
{'loss': 1.1168, 'learning_rate': 1e-06, 'epoch': 0.69}
{'eval_loss': 1.1064453125, 'eval_runtime': 36.456, 'eval_samples_per_second': 269.229, 'eval_steps_per_second': 33.657, 'epoch': 0.69}
{'loss': 1.125, 'learning_rate': 1e-06, 'epoch': 0.71}
{'eval_loss': 1.1015625, 'eval_runtime': 36.5294, 'eval_samples_per_second': 268.688, 'eval_steps_per_second': 33.589, 'epoch': 0.71}
{'loss': 1.1125, 'learning_rate': 1e-06, 'epoch': 0.73}
{'eval_loss': 1.103515625, 'eval_runtime': 36.4113, 'eval_samples_per_second': 269.559, 'eval_steps_per_second': 33.698, 'epoch': 0.73}
{'loss': 1.118, 'learning_rate': 1e-06, 'epoch': 0.75}
{'eval_loss': 1.1015625, 'eval_runtime': 36.5299, 'eval_samples_per_second': 268.684, 'eval_steps_per_second': 33.589, 'epoch': 0.75}
{'loss': 1.1147, 'learning_rate': 1e-06, 'epoch': 0.77}
{'eval_loss': 1.1064453125, 'eval_runtime': 36.3341, 'eval_samples_per_second': 270.132, 'eval_steps_per_second': 33.77, 'epoch': 0.77}
{'loss': 1.1121, 'learning_rate': 1e-06, 'epoch': 0.79}
{'eval_loss': 1.1044921875, 'eval_runtime': 36.2417, 'eval_samples_per_second': 270.821, 'eval_steps_per_second': 33.856, 'epoch': 0.79}
{'loss': 1.1171, 'learning_rate': 1e-06, 'epoch': 0.81}
{'eval_loss': 1.103515625, 'eval_runtime': 36.0742, 'eval_samples_per_second': 272.078, 'eval_steps_per_second': 34.013, 'epoch': 0.81}
{'loss': 1.1154, 'learning_rate': 1e-06, 'epoch': 0.84}
{'eval_loss': 1.10546875, 'eval_runtime': 35.9576, 'eval_samples_per_second': 272.961, 'eval_steps_per_second': 34.124, 'epoch': 0.84}
{'loss': 1.1143, 'learning_rate': 1e-06, 'epoch': 0.86}
{'eval_loss': 1.1025390625, 'eval_runtime': 36.0593, 'eval_samples_per_second': 272.191, 'eval_steps_per_second': 34.027, 'epoch': 0.86}
{'loss': 1.1103, 'learning_rate': 1e-06, 'epoch': 0.88}
{'eval_loss': 1.1025390625, 'eval_runtime': 36.0352, 'eval_samples_per_second': 272.373, 'eval_steps_per_second': 34.05, 'epoch': 0.88}
{'loss': 1.1138, 'learning_rate': 1e-06, 'epoch': 0.9}
{'eval_loss': 1.1044921875, 'eval_runtime': 36.0159, 'eval_samples_per_second': 272.518, 'eval_steps_per_second': 34.068, 'epoch': 0.9}
{'loss': 1.114, 'learning_rate': 1e-06, 'epoch': 0.92}
{'eval_loss': 1.1064453125, 'eval_runtime': 36.0678, 'eval_samples_per_second': 272.126, 'eval_steps_per_second': 34.019, 'epoch': 0.92}
{'loss': 1.1134, 'learning_rate': 1e-06, 'epoch': 0.94}
{'eval_loss': 1.1015625, 'eval_runtime': 36.0407, 'eval_samples_per_second': 272.331, 'eval_steps_per_second': 34.045, 'epoch': 0.94}
{'loss': 1.1155, 'learning_rate': 1e-06, 'epoch': 0.96}
{'eval_loss': 1.107421875, 'eval_runtime': 36.1017, 'eval_samples_per_second': 271.871, 'eval_steps_per_second': 33.987, 'epoch': 0.96}
{'loss': 1.1131, 'learning_rate': 1e-06, 'epoch': 0.98}
{'eval_loss': 1.103515625, 'eval_runtime': 36.078, 'eval_samples_per_second': 272.05, 'eval_steps_per_second': 34.01, 'epoch': 0.98}
{'loss': 1.1116, 'learning_rate': 1e-06, 'epoch': 1.0}
{'eval_loss': 1.1025390625, 'eval_runtime': 35.946, 'eval_samples_per_second': 273.049, 'eval_steps_per_second': 34.135, 'epoch': 1.0}
{'train_runtime': 18085.1941, 'train_samples_per_second': 21.714, 'train_steps_per_second': 1.357, 'train_loss': 1.115613775738215, 'tail_perf_window_steps': 10, 'tail_perf_measured_steps': 10, 'tail_perf_wallclock_per_step': 0.14659786224365234, 'tail_perf_samples_per_second': 109.14210995387688, 'tail_perf_max_gpu_memory_gb': 6.602973937988281, 'epoch': 1.0}
[nan-guard] child exited with code 0.
