WARNING:__main__:Process rank: -1, device: cuda:0, n_gpu: 1, distributed training: False, 16-bits training: False
INFO:__main__:Training/evaluation parameters DynamicTrainingArguments(
_n_gpu=1,
accelerator_config={'split_batches': False, 'dispatch_batches': None, 'even_batches': True, 'use_seedable_sampler': True, 'non_blocking': False, 'gradient_accumulation_kwargs': None, 'use_configured_state': False},
adafactor=False,
adam_beta1=0.9,
adam_beta2=0.999,
adam_epsilon=1e-08,
adaptive_h_ema_beta=0.1,
adaptive_h_estimate_num_batches=4,
adaptive_h_estimate_num_directions=3,
adaptive_h_estimate_reduce=mean,
adaptive_h_max=0.5,
adaptive_h_min=1e-05,
adaptive_h_probe_buffer_size=64,
adjust_for_init=False,
array_id=-1,
auto_find_batch_size=False,
average_tokens_across_devices=False,
batch_eval_metrics=False,
bf16=False,
bf16_full_eval=False,
binary_classification=False,
change_grad_estimate=False,
data_seed=16,
dataloader_drop_last=False,
dataloader_num_workers=0,
dataloader_persistent_workers=False,
dataloader_pin_memory=True,
dataloader_prefetch_factor=None,
dataloader_shuffle=False,
ddp_backend=None,
ddp_broadcast_buffers=None,
ddp_bucket_cap_mb=None,
ddp_find_unused_parameters=None,
ddp_timeout=1800,
debug=[],
deepspeed=None,
dh_h_growth=2.0,
dh_max_trials=10,
dh_test_h=0.01,
disable_tqdm=False,
do_eval=True,
do_predict=True,
do_train=True,
efficient_zero_order=True,
efficient_zero_order_fp16=False,
enable_additive_h_estimation=False,
enable_two_point_h_estimation=False,
eval_accumulation_steps=None,
eval_delay=0,
eval_do_concat_batches=True,
eval_on_start=False,
eval_steps=5000.0,
eval_strategy=IntervalStrategy.NO,
eval_use_gather_object=False,
evaluate_during_training=True,
exclude_embeddings=False,
exclude_first_layers=-1,
exclude_head=False,
f0_scaling=1.0,
fix_layers=0,
fp16=False,
fp16_backend=auto,
fp16_full_eval=False,
fp16_opt_level=O1,
from_linearhead=False,
fsdp=[],
fsdp_config={'min_num_params': 0, 'xla': False, 'xla_fsdp_v2': False, 'xla_fsdp_grad_ckpt': False},
fsdp_min_num_params=0,
fsdp_transformer_layer_cls_to_wrap=None,
full_determinism=False,
gradient_accumulation_steps=1,
gradient_checkpointing=False,
gradient_checkpointing_kwargs=None,
greater_is_better=None,
group_by_length=False,
h_estimation_active_source=fixed,
h_trunc_alpha=1.0,
half_precision_backend=auto,
head_tuning=False,
hf_inference_model=False,
hizoo_hessian_smooth_type=constant0,
hub_always_push=False,
hub_model_id=None,
hub_private_repo=None,
hub_revision=None,
hub_strategy=HubStrategy.EVERY_SAVE,
hub_token=<HUB_TOKEN>,
ignore_data_skip=False,
include_for_metrics=[],
include_inputs_for_metrics=False,
include_num_input_tokens_seen=False,
include_tokens_per_second=False,
initial_h=0.001,
jit_mode_eval=False,
kernel_formula=sgd,
kernel_gamma=1.0,
kernel_regularization=0.0,
kernel_solver=logistic,
label_names=None,
label_smoothing_factor=0.0,
layer_wise_optim=False,
learning_rate=1e-06,
length_column_name=length,
liger_kernel_config=None,
load_best_model_at_end=False,
load_kernels=None,
local_rank=-1,
log_file=log-USE_H0-USE_C0,
log_level=passive,
log_level_replica=warning,
log_on_each_node=True,
logging_dir=/scratch/jy03364/MeZO_/experiments/speed_bench_h100/zo_method_matrix_20260418/roberta-large/MNLI/int8/mezo/run/seed16/runs/Apr18_19-23-54_ra7-1,
logging_first_step=False,
logging_nan_inf_filter=True,
logging_steps=10,
logging_strategy=IntervalStrategy.STEPS,
lozo_beta1=0.9,
lozo_rank=2,
lozo_step_interval=50,
lp_early_stopping=False,
lr_scheduler_kwargs={},
lr_scheduler_type=SchedulerType.CONSTANT,
max_grad_norm=1.0,
max_steps=5,
max_zo_forward_steps=0,
mc_tol=0.1,
measure_perf_tail=True,
measure_perf_tail_window_steps=3,
metric_for_best_model=None,
model_id=-1,
mp_parameters=,
neftune_noise_alpha=None,
no_cuda=False,
no_predict=False,
no_reparam=False,
no_train=False,
norm_running_update=False,
nu3_retry=3,
num_hvp_vecs=128,
num_prefix=10,
num_train_epochs=3.0,
only_biases=False,
optim=OptimizerNames.ADAMW_TORCH,
optim_args=None,
optim_target_modules=None,
optimize_acc=False,
optimizer=sgd,
optimizer_variant=,
output_dir=/scratch/jy03364/MeZO_/experiments/speed_bench_h100/zo_method_matrix_20260418/roberta-large/MNLI/int8/mezo/run/seed16,
overwrite_kernels=False,
overwrite_output_dir=True,
parallelism_config=None,
past_index=-1,
per_device_eval_batch_size=4,
per_device_train_batch_size=32,
prediction_loss_only=False,
prefix_init_by_real_act=False,
prefix_tuning=False,
prob_as_feature=False,
push_to_hub=False,
push_to_hub_model_id=None,
push_to_hub_organization=None,
push_to_hub_token=<PUSH_TO_HUB_TOKEN>,
random_model_init=False,
ray_scope=last,
recompute_norms=False,
remove_unused_columns=True,
report_to=[],
restore_callback_states_from_checkpoint=False,
resume_from_checkpoint=None,
run_name=None,
save_at_last=False,
save_logit=False,
save_logit_dir=None,
save_on_each_node=False,
save_only_model=False,
save_safetensors=True,
save_steps=500,
save_strategy=SaveStrategy.STEPS,
save_total_limit=None,
scale_lr_with_samples=False,
scale_norm_by_num_params=False,
seed=16,
skip_memory_metrics=True,
sparse_log_active_fraction=True,
sparse_mask_refresh_steps=100,
sparse_mask_strategy=percentile_per_layer,
sparse_ratio=1.0,
sparse_scope=trainable_only,
sweep=False,
sync_embedding_layers=False,
tf32=None,
tie_emb=False,
torch_compile=False,
torch_compile_backend=None,
torch_compile_mode=None,
torch_empty_cache_steps=None,
torchdynamo=None,
tpu_metrics_debug=False,
tpu_num_cores=None,
trainer=standard,
two_point_h_beta=0.5,
two_point_h_c2=1.0,
two_point_h_delta_sample_size=4096,
two_point_h_eps_num=1e-12,
two_point_h_fixed_probe_batch=True,
two_point_h_log_csv=True,
two_point_h_max=0.5,
two_point_h_min=1e-05,
two_point_h_num_directions_g=4,
two_point_h_num_directions_l=4,
two_point_h_q_l=0.5,
two_point_h_refresh_every=100,
two_point_h_window_delta=3,
two_point_h_window_g=5,
two_point_h_window_l=5,
untie_emb=False,
update_noise_every=1000,
use_adaptive_h=False,
use_c_scale=False,
use_cpu=False,
use_ipex=False,
use_legacy_prediction_loop=False,
use_liger_kernel=False,
use_mps_device=False,
use_torchao_float8=False,
use_zo_grad_est=False,
warmup_ratio=0.0,
warmup_steps=0,
weight_decay=0.0,
zero_order_clip_grad=False,
zero_order_eps=0.0001,
zero_order_optim=True,
zero_order_sample=1,
zero_order_sample_scheduler=None,
zero_order_use_trainer_optim=False,
zo_by_layer=False,
zo_method=mezo,
zo_probe_every=0,
zo_probe_log_csv=True,
zo_probe_num_seeds=16,
zo_quantization=int8,
zo_quantization_bits=8,
zo_two_point_precision=fp16,
zo_use_true_directional_derivative=False,
zo_variant=None,
)
INFO:__main__:[zo-config] zo_two_point_precision=fp16 | zero_order_eps=0.0001 | zo_use_true_directional_derivative=False
INFO:__main__:[quzo-config] zo_quantization_bits=8 | quzo_enabled=True
INFO:__main__:[sparse-mezo-config] enabled=False | sparse_ratio=1.0 | sparse_mask_strategy=percentile_per_layer | sparse_scope=trainable_only | sparse_log_active_fraction=True | sparse_mask_refresh_steps=100
INFO:__main__:[sparse-mezo-config] ratio semantics: sparse_ratio targets the active fraction per trainable tensor; ratio=1.0 disables masking. Order: refresh thresholds+mask on the configured cadence -> sample sparse-aware direction -> apply QuZO snapping after the sparse perturb/update path when low-bit QuZO is active.
INFO:__main__:Task name: mnli, number of labels: 3, output mode: classification
INFO:__main__:[data] dataset_mode requested=full resolved=full
INFO:__main__:[data] task_dir=MNLI data_seed=16
INFO:__main__:[data] auto_download=0 original_data_root=/scratch/jy03364/MeZO_/medium_models/data/original
INFO:__main__:[data] auto_generate=0 target=/scratch/jy03364/MeZO_/medium_models/data/k-shot-1k-test/MNLI/full-16
INFO:__main__:[data] resolved_data_dir=/scratch/jy03364/MeZO_/medium_models/data/k-shot-1k-test/MNLI/full-16
WARNING:src.models:By default for RoBERTa models the input embeddings and the output embeddings are NOT tied!!!!
Some weights of RobertaModelForPromptFinetuning were not initialized from the model checkpoint at roberta-large and are newly initialized: ['classifier.bias', 'classifier.weight', 'lm_head.decoder.weight', 'roberta.pooler.dense.bias', 'roberta.pooler.dense.weight']
You should probably TRAIN this model on a down-stream task to be able to use it for predictions and inference.
INFO:src.dataset:Label contradiction to word ĠNo (440)
INFO:src.dataset:Label entailment to word ĠYes (3216)
INFO:src.dataset:Label neutral to word ĠMaybe (5359)
INFO:src.dataset:Total num_sample for mode train: 1
INFO:src.dataset:Creating/loading examples from dataset file at /scratch/jy03364/MeZO_/medium_models/data/k-shot-1k-test/MNLI/full-16
INFO:src.dataset:[FewShotDataset] Skip cache in TRAIN mode to avoid OOM on large datasets (e.g., MNLI).
INFO:src.dataset:Creating features from dataset file at /scratch/jy03364/MeZO_/medium_models/data/k-shot-1k-test/MNLI/full-16
INFO:src.dataset:Label contradiction to word ĠNo (440)
INFO:src.dataset:Label entailment to word ĠYes (3216)
INFO:src.dataset:Label neutral to word ĠMaybe (5359)
INFO:src.dataset:Total num_sample for mode dev: 1
INFO:src.dataset:Creating/loading examples from dataset file at /scratch/jy03364/MeZO_/medium_models/data/k-shot-1k-test/MNLI/full-16
/scratch/jy03364/MeZO_/medium_models/src/dataset.py:363: FutureWarning: You are using `torch.load` with `weights_only=False` (the current default value), which uses the default pickle module implicitly. It is possible to construct malicious pickle data which will execute arbitrary code during unpickling (See https://github.com/pytorch/pytorch/blob/main/SECURITY.md#untrusted-models for more details). In a future release, the default value for `weights_only` will be flipped to `True`. This limits the functions that could be executed during unpickling. Arbitrary objects will no longer be allowed to be loaded via this mode unless they are explicitly allowlisted by the user via `torch.serialization.add_safe_globals`. We recommend you start setting `weights_only=True` for any use case where you don't have full control of the loaded file. Please open an issue on GitHub for any issues related to this experimental feature.
  self.support_examples, self.query_examples = torch.load(cached_features_file)
INFO:src.dataset:Loading features from cached file /scratch/jy03364/MeZO_/medium_models/data/k-shot-1k-test/MNLI/full-16/cached_dev_RobertaTokenizerFast-roberta_256_mnli [took 0.618 s]
INFO:src.dataset:*** Example ***
INFO:src.dataset:guid: dev_matched-263856
INFO:src.dataset:features: OurInputFeatures(input_ids=[0, 487, 4132, 298, 1180, 18, 82, 32, 481, 7, 989, 5, 2946, 6, 53, 683, 51, 517, 5140, 6, 51, 189, 28, 3179, 5537, 7, 671, 116, 50264, 6, 71, 1375, 8, 1618, 5, 2946, 6, 234, 4132, 298, 1180, 18, 82, 189, 45, 28, 576, 5537, 7, 671, 4, 2], attention_mask=[1, 1, 1, 1, 1, 1, 1, 1, 1, 1, 1, 1, 1, 1, 1, 1, 1, 1, 1, 1, 1, 1, 1, 1, 1, 1, 1, 1, 1, 1, 1, 1, 1, 1, 1, 1, 1, 1, 1, 1, 1, 1, 1, 1, 1, 1, 1, 1, 1, 1, 1, 1], token_type_ids=None, label=1, mask_pos=[28], label_word_list=None, sfc_input_ids=None, sfc_attention_mask=None, sfc_mask_pos=None)
INFO:src.dataset:text: <s>Niihau's people are free to leave the island, but once they move elsewhere, they may be refused permission to return?<mask>, after moving and leaving the island, Niihau's people may not be given permission to return.</s>
WARNING:src.dataset:Input exceeds max_length limit: <s>uh-huh oh i feel that is certainly if you're going to carry one you need to be uh very comfortable with the piece and have enough uh knowledge and insight for your own self on whether or not you're going to use it in that situation and not pull it unless you intend to because i i feel like that's you know i mean i'm i'm i'm all for uh people having having firearms or having whatever form of protection they prefer because you know even though the odds is you know the criminal ends up getting the gun and shooting the people to begin with you know the people that had it in the beginning but if the if if you're talking about uh two people if you're talking about a criminal an assailant that is coming at you with a gun and you don't have a gun at all well the chances are a hundred percent they're going to get you if you if you both of you have a firearm you've at least got that fifty percent chance that you may get them first and so i believe in that but i i've not ever felt comfortable in it i guess it's  i'm glad i  i'm glad i um i'm that i'm married to someone?<mask>, i think you need to know a lot about guns if you're goign to carry one.</s>
WARNING:src.dataset:Input exceeds max_length limit: <s>we went uh and did a a thing through IBS which is a like a financial consultant  type thing here in Dallas and uh one of the things that we talked about with the counselor there was you know they work up this whole big you know proposal profile for you that every all the things that you need to work on and you need to do and then one of the things that we talked about with her was you know the need to save for our son's education we have a two year old you know and and you know we can't start saving for college when he's sixteen you know we have to do that now and and uh they have a way that they can figure you know what you know and he's two now in sixteen years when he's ready to go to college this is how much it'll cost you know and it's just really scary the thought of how much it's going to it's what it costs now is ridiculous what it's going to cost sixteen years from now is just really scary and they sat down and figured up that we needed to save like fifteen between fifteen and seventeen hundred dollars a year at a oh you know six percent interest rate to be able to have you know?<mask>, we worked with a financial consultant through IBS in Dallas.</s>
WARNING:src.dataset:Input exceeds max_length limit: <s>yes i'm i'm i have some great concerns about uh my my parents and my relatives reaching that age um around here where i live in Maryland in the Washington area there's there's and uh i used to live down in Dallas there was just so many stories about uh rest homes where the people are being abused where the people are being kept in filthy conditions in fact here in Baltimore they've actually shut a couple of them down and taken all the people out of them because they were so uh bug infested and rat infested and it i you know really concerns me that um first of all that anyone could let someone live like that but if you have to you know how do you make sure i mean i'm sure when you make your appointment and go by everybody puts on a happy face um you know how are you sure that the home is really as good as it is because once you put someone into there you know they may not like the fact that they've been put in there and they might complain about the place all the time even though it's the best place in the whole world they could be just because they want to make you feel guilty for putting them in there and you kno?<mask>, i am worried about how landlords could let people live in such poor conditions.</s>
INFO:src.dataset:Label contradiction to word ĠNo (440)
INFO:src.dataset:Label entailment to word ĠYes (3216)
INFO:src.dataset:Label neutral to word ĠMaybe (5359)
INFO:src.dataset:Total num_sample for mode test: 1
INFO:src.dataset:Creating/loading examples from dataset file at /scratch/jy03364/MeZO_/medium_models/data/k-shot-1k-test/MNLI/full-16
INFO:src.dataset:Loading features from cached file /scratch/jy03364/MeZO_/medium_models/data/k-shot-1k-test/MNLI/full-16/cached_test_RobertaTokenizerFast-roberta_256_mnli [took 0.651 s]
INFO:src.dataset:*** Example ***
INFO:src.dataset:guid: test_matched-0
INFO:src.dataset:features: OurInputFeatures(input_ids=[0, 133, 92, 659, 32, 2579, 1177, 13098, 116, 50264, 6, 961, 269, 3829, 5, 8946, 1795, 1437, 2], attention_mask=[1, 1, 1, 1, 1, 1, 1, 1, 1, 1, 1, 1, 1, 1, 1, 1, 1, 1, 1], token_type_ids=None, label=2, mask_pos=[9], label_word_list=None, sfc_input_ids=None, sfc_attention_mask=None, sfc_mask_pos=None)
INFO:src.dataset:text: <s>The new rights are nice enoug?<mask>, everyone really likes the newest benefits </s>
INFO:__main__:[quzo-config] quantized model parameters in-place at 8 bits before ZO training
huggingface/tokenizers: The current process just got forked, after parallelism has already been used. Disabling parallelism to avoid deadlocks...
To disable this warning, you can either:
	- Avoid using `tokenizers` before the fork if possible
	- Explicitly set the environment variable TOKENIZERS_PARALLELISM=(true | false)
INFO:src.trainer:[dataloader][debug] self class=Trainer, get_train_dataloader=<bound method Trainer.get_train_dataloader of <src.trainer.Trainer object at 0x150329062a80>>
INFO:src.trainer:[dataloader][override] Trainer.get_train_dataloader active. shuffle_raw=False type=bool -> shuffle=False; data_seed=16 seed=16 local_rank=-1
INFO:src.trainer:[dataloader][override] selected sampler=SequentialSampler
INFO:src.trainer:[dataloader] sampler=SequentialSampler, batch_sampler=BatchSampler
INFO:src.trainer:[dataloader] training uses SequentialSampler (no shuffle).
INFO:src.trainer:[dataloader] args.dataloader_shuffle=False
INFO:src.trainer:[dataloader] args.data_seed=16 args.seed=16
INFO:src.trainer:***** Running training *****
INFO:src.trainer:  Num examples = 353432
INFO:src.trainer:  Num Epochs = 1
INFO:src.trainer:  Instantaneous batch size per device = 32
INFO:src.trainer:  Total train batch size (w. parallel, distributed & accumulation) = 32
INFO:src.trainer:  Gradient Accumulation steps = 1
INFO:src.trainer:  Total optimization steps = 5
INFO:src.trainer:[zo-config] zo_two_point_precision=fp16 | zero_order_eps=0.0001 | zo_use_true_directional_derivative=False
INFO:src.trainer:[h_estimation][init] h0=1.000e-03 active_source=fixed additive=False two_point=False
You're using a RobertaTokenizerFast tokenizer. Please note that with a fast tokenizer, using the `__call__` method is faster than using a method to encode the text followed by a call to the `pad` method to get a padded encoding.
/scratch/jy03364/MeZO_/medium_models/src/trainer.py:2281: FutureWarning: `torch.cuda.amp.autocast(args...)` is deprecated. Please use `torch.amp.autocast('cuda', args...)` instead.
  return autocast(dtype=torch.float16)
INFO:src.trainer:{'loss': 1.2092742919921875, 'learning_rate': 1e-06, 'global_step': 0, 'zo_forward_step': 2, 'max_steps': 5, 'max_zo_forward_steps': 0, 'time': 1, 'eps': 0.0001}
INFO:src.trainer:[perf-tail] measurement enabled: start_step=3 window_steps=3 total_train_batch_size=32
INFO:src.trainer:

Training completed. Do not forget to share your model on huggingface.co/models =)


INFO:src.trainer:[perf-tail] measured_steps=4 wallclock_per_step=0.580760 samples_per_second=55.100174 max_gpu_memory_gb=3.8519
INFO:__main__:evaluate_during_training=True but no in-memory best checkpoint was recorded; keeping the current model weights.
INFO:__main__:*** Validate ***
/home/jy03364/.conda/envs/ciao/lib/python3.12/site-packages/transformers/trainer_pt_utils.py:476: FutureWarning: DistributedTensorGatherer is deprecated and will be removed in v5 of Transformers.
  warnings.warn(

  0%|          | 0/9818 [00:00<?, ?it/s]
  0%|          | 11/9818 [00:00<01:35, 102.45it/s]
  0%|          | 22/9818 [00:00<01:38, 99.86it/s] 
  0%|          | 32/9818 [00:00<01:42, 95.36it/s]
  0%|          | 42/9818 [00:00<01:44, 93.89it/s]
  1%|          | 52/9818 [00:00<01:45, 92.56it/s]
  1%|          | 63/9818 [00:00<01:42, 95.23it/s]
  1%|          | 74/9818 [00:00<01:40, 97.10it/s]
  1%|          | 84/9818 [00:00<01:39, 97.73it/s]
  1%|          | 94/9818 [00:00<01:43, 94.08it/s]
  1%|          | 104/9818 [00:01<01:43, 94.02it/s]
  1%|          | 114/9818 [00:01<01:42, 94.23it/s]
  1%|▏         | 124/9818 [00:01<01:43, 94.00it/s]
  1%|▏         | 134/9818 [00:01<01:41, 95.67it/s]
  1%|▏         | 144/9818 [00:01<01:40, 96.50it/s]
  2%|▏         | 154/9818 [00:01<01:41, 94.94it/s]
  2%|▏         | 164/9818 [00:01<01:44, 92.33it/s]
  2%|▏         | 174/9818 [00:01<01:42, 93.87it/s]
  2%|▏         | 184/9818 [00:01<01:42, 93.98it/s]
  2%|▏         | 194/9818 [00:02<01:41, 94.68it/s]
  2%|▏         | 204/9818 [00:02<01:41, 94.74it/s]
  2%|▏         | 214/9818 [00:02<01:40, 95.24it/s]
  2%|▏         | 224/9818 [00:02<01:40, 95.64it/s]
  2%|▏         | 234/9818 [00:02<01:40, 95.12it/s]
  2%|▏         | 244/9818 [00:02<01:40, 95.58it/s]
  3%|▎         | 254/9818 [00:02<01:38, 96.80it/s]
  3%|▎         | 264/9818 [00:02<01:38, 97.01it/s]
  3%|▎         | 274/9818 [00:02<01:38, 96.58it/s]
  3%|▎         | 285/9818 [00:02<01:37, 97.90it/s]
  3%|▎         | 295/9818 [00:03<01:38, 96.94it/s]
  3%|▎         | 305/9818 [00:03<01:39, 95.82it/s]
  3%|▎         | 315/9818 [00:03<01:40, 94.23it/s]
  3%|▎         | 325/9818 [00:03<01:41, 93.65it/s]
  3%|▎         | 335/9818 [00:03<01:41, 93.47it/s]
  4%|▎         | 345/9818 [00:03<01:39, 94.96it/s]
  4%|▎         | 355/9818 [00:03<01:39, 95.37it/s]
  4%|▎         | 366/9818 [00:03<01:37, 97.14it/s]
  4%|▍         | 376/9818 [00:03<01:38, 95.89it/s]
  4%|▍         | 386/9818 [00:04<01:39, 94.43it/s]
  4%|▍         | 397/9818 [00:04<01:37, 96.40it/s]
  4%|▍         | 407/9818 [00:04<01:37, 96.50it/s]
  4%|▍         | 418/9818 [00:04<01:36, 97.68it/s]
  4%|▍         | 428/9818 [00:04<01:38, 95.02it/s]
  4%|▍         | 438/9818 [00:04<01:39, 94.23it/s]
  5%|▍         | 448/9818 [00:04<01:41, 92.04it/s]
  5%|▍         | 459/9818 [00:04<01:39, 94.28it/s]
  5%|▍         | 469/9818 [00:04<01:38, 94.46it/s]
  5%|▍         | 479/9818 [00:05<01:38, 94.97it/s]
  5%|▍         | 489/9818 [00:05<01:37, 95.50it/s]
  5%|▌         | 500/9818 [00:05<01:36, 96.20it/s]
  5%|▌         | 510/9818 [00:05<01:37, 95.75it/s]
  5%|▌         | 520/9818 [00:05<01:37, 95.84it/s]
  5%|▌         | 530/9818 [00:05<01:37, 95.50it/s]
  6%|▌         | 541/9818 [00:05<01:34, 97.69it/s]
  6%|▌         | 551/9818 [00:05<01:34, 98.26it/s]
  6%|▌         | 561/9818 [00:05<01:35, 97.02it/s]
  6%|▌         | 571/9818 [00:05<01:36, 95.79it/s]
  6%|▌         | 581/9818 [00:06<01:38, 93.58it/s]
  6%|▌         | 592/9818 [00:06<01:36, 95.66it/s]
  6%|▌         | 602/9818 [00:06<01:35, 96.09it/s]
  6%|▌         | 613/9818 [00:06<01:34, 97.73it/s]
  6%|▋         | 624/9818 [00:06<01:33, 98.59it/s]
  6%|▋         | 635/9818 [00:06<01:32, 99.26it/s]
  7%|▋         | 646/9818 [00:06<01:32, 99.29it/s]
  7%|▋         | 656/9818 [00:06<01:32, 99.49it/s]
  7%|▋         | 666/9818 [00:06<01:32, 99.44it/s]
  7%|▋         | 676/9818 [00:07<01:33, 97.78it/s]
  7%|▋         | 686/9818 [00:07<01:33, 97.98it/s]
  7%|▋         | 696/9818 [00:07<01:34, 96.58it/s]
  7%|▋         | 707/9818 [00:07<01:32, 98.25it/s]
  7%|▋         | 717/9818 [00:07<01:33, 97.69it/s]
  7%|▋         | 727/9818 [00:07<01:37, 93.30it/s]
  8%|▊         | 737/9818 [00:07<01:37, 93.34it/s]
  8%|▊         | 747/9818 [00:07<01:37, 92.72it/s]
  8%|▊         | 757/9818 [00:07<01:38, 92.40it/s]
  8%|▊         | 767/9818 [00:08<01:37, 93.04it/s]
  8%|▊         | 777/9818 [00:08<01:35, 94.64it/s]
  8%|▊         | 787/9818 [00:08<01:35, 94.08it/s]
  8%|▊         | 797/9818 [00:08<01:36, 93.95it/s]
  8%|▊         | 808/9818 [00:08<01:33, 96.26it/s]
  8%|▊         | 818/9818 [00:08<01:33, 96.48it/s]
  8%|▊         | 829/9818 [00:08<01:31, 97.79it/s]
  9%|▊         | 839/9818 [00:08<01:32, 97.34it/s]
  9%|▊         | 849/9818 [00:08<01:31, 97.98it/s]
  9%|▉         | 860/9818 [00:08<01:30, 99.16it/s]
  9%|▉         | 870/9818 [00:09<01:31, 98.20it/s]
  9%|▉         | 880/9818 [00:09<01:32, 96.73it/s]
  9%|▉         | 890/9818 [00:09<01:33, 95.51it/s]
  9%|▉         | 900/9818 [00:09<01:34, 94.45it/s]
  9%|▉         | 910/9818 [00:09<01:34, 94.30it/s]
  9%|▉         | 920/9818 [00:09<01:35, 93.63it/s]
  9%|▉         | 930/9818 [00:09<01:34, 93.68it/s]
 10%|▉         | 940/9818 [00:09<01:34, 94.42it/s]
 10%|▉         | 951/9818 [00:09<01:32, 95.61it/s]
 10%|▉         | 961/9818 [00:10<01:33, 94.76it/s]
 10%|▉         | 971/9818 [00:10<01:32, 95.78it/s]
 10%|▉         | 981/9818 [00:10<01:31, 96.42it/s]
 10%|█         | 991/9818 [00:10<01:31, 96.81it/s]
 10%|█         | 1001/9818 [00:10<01:32, 95.67it/s]
 10%|█         | 1011/9818 [00:10<01:32, 95.44it/s]
 10%|█         | 1021/9818 [00:10<01:32, 95.61it/s]
 11%|█         | 1031/9818 [00:10<01:34, 93.11it/s]
 11%|█         | 1041/9818 [00:10<01:34, 93.35it/s]
 11%|█         | 1051/9818 [00:10<01:32, 94.80it/s]
 11%|█         | 1061/9818 [00:11<01:31, 95.25it/s]
 11%|█         | 1071/9818 [00:11<01:30, 96.25it/s]
 11%|█         | 1081/9818 [00:11<01:30, 96.81it/s]
 11%|█         | 1091/9818 [00:11<01:30, 96.22it/s]
 11%|█         | 1101/9818 [00:11<01:30, 96.31it/s]
 11%|█▏        | 1111/9818 [00:11<01:30, 96.55it/s]
 11%|█▏        | 1122/9818 [00:11<01:28, 98.18it/s]
 12%|█▏        | 1132/9818 [00:11<01:29, 97.23it/s]
 12%|█▏        | 1142/9818 [00:11<01:29, 96.57it/s]
 12%|█▏        | 1152/9818 [00:12<01:29, 97.18it/s]
 12%|█▏        | 1162/9818 [00:12<01:30, 95.84it/s]
 12%|█▏        | 1172/9818 [00:12<01:29, 96.66it/s]
 12%|█▏        | 1182/9818 [00:12<01:31, 94.09it/s]
 12%|█▏        | 1192/9818 [00:12<01:33, 92.70it/s]
 12%|█▏        | 1202/9818 [00:12<01:32, 92.89it/s]
 12%|█▏        | 1212/9818 [00:12<01:32, 92.65it/s]
 12%|█▏        | 1222/9818 [00:12<01:30, 94.52it/s]
 13%|█▎        | 1233/9818 [00:12<01:28, 96.66it/s]
 13%|█▎        | 1243/9818 [00:12<01:28, 96.47it/s]
 13%|█▎        | 1253/9818 [00:13<01:28, 96.45it/s]
 13%|█▎        | 1263/9818 [00:13<01:30, 94.55it/s]
 13%|█▎        | 1273/9818 [00:13<01:36, 88.94it/s]
 13%|█▎        | 1283/9818 [00:13<01:33, 91.00it/s]
 13%|█▎        | 1293/9818 [00:13<01:32, 92.49it/s]
 13%|█▎        | 1303/9818 [00:13<01:31, 93.44it/s]
 13%|█▎        | 1313/9818 [00:13<01:30, 94.33it/s]
 13%|█▎        | 1323/9818 [00:13<01:30, 94.02it/s]
 14%|█▎        | 1333/9818 [00:13<01:30, 94.25it/s]
 14%|█▎        | 1343/9818 [00:14<01:30, 94.07it/s]
 14%|█▍        | 1353/9818 [00:14<01:29, 94.20it/s]
 14%|█▍        | 1363/9818 [00:14<01:32, 91.86it/s]
 14%|█▍        | 1373/9818 [00:14<01:30, 92.87it/s]
 14%|█▍        | 1384/9818 [00:14<01:28, 95.71it/s]
 14%|█▍        | 1394/9818 [00:14<01:27, 96.40it/s]
 14%|█▍        | 1404/9818 [00:14<01:27, 96.45it/s]
 14%|█▍        | 1414/9818 [00:14<01:27, 95.99it/s]
 15%|█▍        | 1424/9818 [00:14<01:30, 93.11it/s]
 15%|█▍        | 1434/9818 [00:15<01:30, 92.61it/s]
 15%|█▍        | 1444/9818 [00:15<01:32, 90.06it/s]
 15%|█▍        | 1454/9818 [00:15<01:31, 91.81it/s]
 15%|█▍        | 1464/9818 [00:15<01:30, 92.30it/s]
 15%|█▌        | 1475/9818 [00:15<01:28, 94.71it/s]
 15%|█▌        | 1485/9818 [00:15<01:27, 95.60it/s]
 15%|█▌        | 1495/9818 [00:15<01:27, 95.41it/s]
 15%|█▌        | 1505/9818 [00:15<01:26, 96.15it/s]
 15%|█▌        | 1515/9818 [00:15<01:28, 94.13it/s]
 16%|█▌        | 1525/9818 [00:15<01:26, 95.72it/s]
 16%|█▌        | 1535/9818 [00:16<01:25, 96.41it/s]
 16%|█▌        | 1545/9818 [00:16<01:27, 94.62it/s]
 16%|█▌        | 1555/9818 [00:16<01:27, 94.02it/s]
 16%|█▌        | 1565/9818 [00:16<01:27, 94.61it/s]
 16%|█▌        | 1575/9818 [00:16<01:26, 94.81it/s]
 16%|█▌        | 1585/9818 [00:16<01:26, 95.48it/s]
 16%|█▌        | 1595/9818 [00:16<01:25, 96.73it/s]
 16%|█▋        | 1605/9818 [00:16<01:25, 96.51it/s]
 16%|█▋        | 1615/9818 [00:16<01:26, 94.91it/s]
 17%|█▋        | 1625/9818 [00:17<01:26, 94.40it/s]
 17%|█▋        | 1635/9818 [00:17<01:28, 92.80it/s]
 17%|█▋        | 1645/9818 [00:17<01:27, 93.56it/s]
 17%|█▋        | 1656/9818 [00:17<01:25, 95.60it/s]
 17%|█▋        | 1666/9818 [00:17<01:25, 95.31it/s]
 17%|█▋        | 1676/9818 [00:17<01:27, 93.55it/s]
 17%|█▋        | 1686/9818 [00:17<01:28, 92.20it/s]
 17%|█▋        | 1696/9818 [00:17<01:27, 92.52it/s]
 17%|█▋        | 1706/9818 [00:17<01:28, 91.50it/s]
 17%|█▋        | 1717/9818 [00:18<01:25, 94.53it/s]
 18%|█▊        | 1728/9818 [00:18<01:24, 95.55it/s]
 18%|█▊        | 1738/9818 [00:18<01:27, 92.64it/s]
 18%|█▊        | 1748/9818 [00:18<01:27, 91.93it/s]
 18%|█▊        | 1758/9818 [00:18<01:25, 94.16it/s]
 18%|█▊        | 1768/9818 [00:18<01:25, 94.24it/s]
 18%|█▊        | 1778/9818 [00:18<01:25, 94.54it/s]
 18%|█▊        | 1788/9818 [00:18<01:28, 90.98it/s]
 18%|█▊        | 1798/9818 [00:18<01:28, 90.97it/s]
 18%|█▊        | 1808/9818 [00:19<01:26, 92.33it/s]
 19%|█▊        | 1819/9818 [00:19<01:24, 94.68it/s]
 19%|█▊        | 1829/9818 [00:19<01:24, 94.13it/s]
 19%|█▊        | 1839/9818 [00:19<01:27, 90.91it/s]
 19%|█▉        | 1849/9818 [00:19<01:25, 93.26it/s]
 19%|█▉        | 1859/9818 [00:19<01:24, 94.46it/s]
 19%|█▉        | 1870/9818 [00:19<01:22, 96.27it/s]
 19%|█▉        | 1880/9818 [00:19<01:23, 95.23it/s]
 19%|█▉        | 1890/9818 [00:19<01:23, 95.10it/s]
 19%|█▉        | 1900/9818 [00:19<01:23, 94.89it/s]
 19%|█▉        | 1910/9818 [00:20<01:26, 91.22it/s]
 20%|█▉        | 1920/9818 [00:20<01:25, 92.86it/s]
 20%|█▉        | 1930/9818 [00:20<01:23, 94.47it/s]
 20%|█▉        | 1941/9818 [00:20<01:21, 96.78it/s]
 20%|█▉        | 1951/9818 [00:20<01:21, 96.18it/s]
 20%|█▉        | 1961/9818 [00:20<01:21, 96.80it/s]
 20%|██        | 1972/9818 [00:20<01:19, 98.22it/s]
 20%|██        | 1982/9818 [00:20<01:21, 96.10it/s]
 20%|██        | 1992/9818 [00:20<01:21, 95.63it/s]
 20%|██        | 2002/9818 [00:21<01:23, 93.77it/s]
 20%|██        | 2012/9818 [00:21<01:23, 93.78it/s]
 21%|██        | 2022/9818 [00:21<01:22, 93.96it/s]
 21%|██        | 2032/9818 [00:21<01:23, 93.67it/s]
 21%|██        | 2042/9818 [00:21<01:21, 95.24it/s]
 21%|██        | 2052/9818 [00:21<01:21, 94.87it/s]
 21%|██        | 2062/9818 [00:21<01:21, 95.36it/s]
 21%|██        | 2072/9818 [00:21<01:21, 94.87it/s]
 21%|██        | 2082/9818 [00:21<01:21, 95.27it/s]
 21%|██▏       | 2092/9818 [00:22<01:20, 96.45it/s]
 21%|██▏       | 2102/9818 [00:22<01:19, 97.23it/s]
 22%|██▏       | 2112/9818 [00:22<01:19, 97.03it/s]
 22%|██▏       | 2122/9818 [00:22<01:21, 94.31it/s]
 22%|██▏       | 2132/9818 [00:22<01:22, 93.44it/s]
 22%|██▏       | 2142/9818 [00:22<01:21, 93.97it/s]
 22%|██▏       | 2152/9818 [00:22<01:20, 95.30it/s]
 22%|██▏       | 2162/9818 [00:22<01:19, 96.08it/s]
 22%|██▏       | 2172/9818 [00:22<01:19, 96.04it/s]
 22%|██▏       | 2182/9818 [00:22<01:19, 96.01it/s]
 22%|██▏       | 2192/9818 [00:23<01:18, 96.67it/s]
 22%|██▏       | 2202/9818 [00:23<01:18, 97.05it/s]
 23%|██▎       | 2212/9818 [00:23<01:18, 96.37it/s]
 23%|██▎       | 2222/9818 [00:23<01:18, 96.23it/s]
 23%|██▎       | 2232/9818 [00:23<01:18, 96.30it/s]
 23%|██▎       | 2243/9818 [00:23<01:16, 98.47it/s]
 23%|██▎       | 2253/9818 [00:23<01:18, 96.42it/s]
 23%|██▎       | 2263/9818 [00:23<01:19, 94.86it/s]
 23%|██▎       | 2274/9818 [00:23<01:18, 96.22it/s]
 23%|██▎       | 2284/9818 [00:24<01:18, 95.92it/s]
 23%|██▎       | 2294/9818 [00:24<01:20, 93.60it/s]
 23%|██▎       | 2304/9818 [00:24<01:19, 94.60it/s]
 24%|██▎       | 2314/9818 [00:24<01:19, 94.96it/s]
 24%|██▎       | 2324/9818 [00:24<01:18, 95.53it/s]
 24%|██▍       | 2334/9818 [00:24<01:18, 94.85it/s]
 24%|██▍       | 2344/9818 [00:24<01:20, 93.27it/s]
 24%|██▍       | 2354/9818 [00:24<01:18, 95.04it/s]
 24%|██▍       | 2365/9818 [00:24<01:16, 97.83it/s]
 24%|██▍       | 2375/9818 [00:24<01:16, 96.83it/s]
 24%|██▍       | 2386/9818 [00:25<01:16, 97.50it/s]
 24%|██▍       | 2396/9818 [00:25<01:17, 95.81it/s]
 25%|██▍       | 2406/9818 [00:25<01:18, 94.94it/s]
 25%|██▍       | 2416/9818 [00:25<01:18, 94.07it/s]
 25%|██▍       | 2426/9818 [00:25<01:19, 93.40it/s]
 25%|██▍       | 2436/9818 [00:25<01:18, 94.03it/s]
 25%|██▍       | 2446/9818 [00:25<01:17, 94.68it/s]
 25%|██▌       | 2456/9818 [00:25<01:17, 95.17it/s]
 25%|██▌       | 2466/9818 [00:25<01:16, 96.05it/s]
 25%|██▌       | 2476/9818 [00:26<01:16, 96.26it/s]
 25%|██▌       | 2486/9818 [00:26<01:17, 94.16it/s]
 25%|██▌       | 2496/9818 [00:26<01:17, 94.42it/s]
 26%|██▌       | 2506/9818 [00:26<01:17, 94.82it/s]
 26%|██▌       | 2516/9818 [00:26<01:16, 95.09it/s]
 26%|██▌       | 2526/9818 [00:26<01:17, 94.64it/s]
 26%|██▌       | 2536/9818 [00:26<01:16, 94.76it/s]
 26%|██▌       | 2546/9818 [00:26<01:17, 94.17it/s]
 26%|██▌       | 2556/9818 [00:26<01:18, 92.37it/s]
 26%|██▌       | 2566/9818 [00:26<01:18, 92.20it/s]
 26%|██▌       | 2576/9818 [00:27<01:16, 94.18it/s]
 26%|██▋       | 2587/9818 [00:27<01:14, 96.93it/s]
 26%|██▋       | 2597/9818 [00:27<01:14, 97.40it/s]
 27%|██▋       | 2607/9818 [00:27<01:15, 95.17it/s]
 27%|██▋       | 2617/9818 [00:27<01:15, 95.92it/s]
 27%|██▋       | 2627/9818 [00:27<01:17, 93.28it/s]
 27%|██▋       | 2637/9818 [00:27<01:16, 93.77it/s]
 27%|██▋       | 2647/9818 [00:27<01:15, 94.57it/s]
 27%|██▋       | 2658/9818 [00:27<01:13, 96.83it/s]
 27%|██▋       | 2668/9818 [00:28<01:14, 95.90it/s]
 27%|██▋       | 2678/9818 [00:28<01:17, 92.66it/s]
 27%|██▋       | 2688/9818 [00:28<01:17, 91.93it/s]
 27%|██▋       | 2698/9818 [00:28<01:16, 92.75it/s]
 28%|██▊       | 2708/9818 [00:28<01:15, 93.75it/s]
 28%|██▊       | 2719/9818 [00:28<01:13, 96.17it/s]
 28%|██▊       | 2729/9818 [00:28<01:13, 95.89it/s]
 28%|██▊       | 2739/9818 [00:28<01:13, 96.42it/s]
 28%|██▊       | 2749/9818 [00:28<01:14, 94.34it/s]
 28%|██▊       | 2759/9818 [00:29<01:14, 95.29it/s]
 28%|██▊       | 2769/9818 [00:29<01:14, 95.01it/s]
 28%|██▊       | 2779/9818 [00:29<01:14, 94.09it/s]
 28%|██▊       | 2789/9818 [00:29<01:15, 93.00it/s]
 29%|██▊       | 2799/9818 [00:29<01:15, 92.54it/s]
 29%|██▊       | 2810/9818 [00:29<01:13, 95.16it/s]
 29%|██▊       | 2820/9818 [00:29<01:12, 95.99it/s]
 29%|██▉       | 2830/9818 [00:29<01:12, 95.92it/s]
 29%|██▉       | 2840/9818 [00:29<01:12, 96.38it/s]
 29%|██▉       | 2850/9818 [00:29<01:11, 97.04it/s]
 29%|██▉       | 2860/9818 [00:30<01:12, 96.41it/s]
 29%|██▉       | 2871/9818 [00:30<01:11, 97.34it/s]
 29%|██▉       | 2881/9818 [00:30<01:10, 97.90it/s]
 29%|██▉       | 2891/9818 [00:30<01:10, 97.88it/s]
 30%|██▉       | 2901/9818 [00:30<01:12, 95.14it/s]
 30%|██▉       | 2912/9818 [00:30<01:11, 96.17it/s]
 30%|██▉       | 2922/9818 [00:30<01:12, 95.61it/s]
 30%|██▉       | 2932/9818 [00:30<01:11, 96.23it/s]
 30%|██▉       | 2942/9818 [00:30<01:11, 95.76it/s]
 30%|███       | 2952/9818 [00:31<01:11, 96.51it/s]
 30%|███       | 2962/9818 [00:31<01:11, 95.35it/s]
 30%|███       | 2972/9818 [00:31<01:12, 94.73it/s]
 30%|███       | 2983/9818 [00:31<01:11, 95.71it/s]
 30%|███       | 2993/9818 [00:31<01:11, 95.41it/s]
 31%|███       | 3003/9818 [00:31<01:12, 93.55it/s]
 31%|███       | 3013/9818 [00:31<01:11, 95.31it/s]
 31%|███       | 3024/9818 [00:31<01:09, 97.48it/s]
 31%|███       | 3034/9818 [00:31<01:10, 95.97it/s]
 31%|███       | 3044/9818 [00:31<01:11, 94.32it/s]
 31%|███       | 3054/9818 [00:32<01:13, 92.27it/s]
 31%|███       | 3064/9818 [00:32<01:13, 92.13it/s]
 31%|███▏      | 3074/9818 [00:32<01:12, 92.53it/s]
 31%|███▏      | 3084/9818 [00:32<01:11, 93.54it/s]
 32%|███▏      | 3094/9818 [00:32<01:10, 95.16it/s]
 32%|███▏      | 3104/9818 [00:32<01:10, 94.95it/s]
 32%|███▏      | 3114/9818 [00:32<01:10, 95.72it/s]
 32%|███▏      | 3124/9818 [00:32<01:10, 95.30it/s]
 32%|███▏      | 3134/9818 [00:32<01:10, 95.18it/s]
 32%|███▏      | 3144/9818 [00:33<01:11, 93.63it/s]
 32%|███▏      | 3154/9818 [00:33<01:10, 94.90it/s]
 32%|███▏      | 3164/9818 [00:33<01:11, 93.37it/s]
 32%|███▏      | 3174/9818 [00:33<01:12, 91.57it/s]
 32%|███▏      | 3184/9818 [00:33<01:12, 91.35it/s]
 33%|███▎      | 3194/9818 [00:33<01:11, 92.80it/s]
 33%|███▎      | 3204/9818 [00:33<01:10, 93.74it/s]
 33%|███▎      | 3214/9818 [00:33<01:09, 94.54it/s]
 33%|███▎      | 3224/9818 [00:33<01:11, 92.81it/s]
 33%|███▎      | 3234/9818 [00:34<01:09, 94.51it/s]
 33%|███▎      | 3245/9818 [00:34<01:07, 96.70it/s]
 33%|███▎      | 3255/9818 [00:34<01:08, 96.10it/s]
 33%|███▎      | 3265/9818 [00:34<01:07, 96.61it/s]
 33%|███▎      | 3275/9818 [00:34<01:08, 96.18it/s]
 33%|███▎      | 3285/9818 [00:34<01:07, 96.12it/s]
 34%|███▎      | 3295/9818 [00:34<01:07, 96.66it/s]
 34%|███▎      | 3305/9818 [00:34<01:07, 96.82it/s]
 34%|███▍      | 3315/9818 [00:34<01:07, 96.99it/s]
 34%|███▍      | 3325/9818 [00:34<01:07, 96.60it/s]
 34%|███▍      | 3335/9818 [00:35<01:06, 97.40it/s]
 34%|███▍      | 3346/9818 [00:35<01:06, 97.65it/s]
 34%|███▍      | 3356/9818 [00:35<01:07, 96.37it/s]
 34%|███▍      | 3367/9818 [00:35<01:05, 97.80it/s]
 34%|███▍      | 3377/9818 [00:35<01:05, 97.84it/s]
 34%|███▍      | 3387/9818 [00:35<01:07, 95.82it/s]
 35%|███▍      | 3397/9818 [00:35<01:07, 94.48it/s]
 35%|███▍      | 3408/9818 [00:35<01:06, 96.18it/s]
 35%|███▍      | 3419/9818 [00:35<01:05, 97.00it/s]
 35%|███▍      | 3429/9818 [00:36<01:06, 95.52it/s]
 35%|███▌      | 3439/9818 [00:36<01:08, 93.80it/s]
 35%|███▌      | 3449/9818 [00:36<01:07, 93.69it/s]
 35%|███▌      | 3459/9818 [00:36<01:08, 93.00it/s]
 35%|███▌      | 3469/9818 [00:36<01:08, 93.19it/s]
 35%|███▌      | 3479/9818 [00:36<01:11, 89.11it/s]
 36%|███▌      | 3488/9818 [00:36<01:11, 88.90it/s]
 36%|███▌      | 3498/9818 [00:36<01:08, 91.89it/s]
 36%|███▌      | 3508/9818 [00:36<01:08, 91.88it/s]
 36%|███▌      | 3518/9818 [00:37<01:08, 92.37it/s]
 36%|███▌      | 3529/9818 [00:37<01:06, 94.78it/s]
 36%|███▌      | 3539/9818 [00:37<01:06, 94.56it/s]
 36%|███▌      | 3549/9818 [00:37<01:08, 92.00it/s]
 36%|███▌      | 3559/9818 [00:37<01:07, 92.75it/s]
 36%|███▋      | 3569/9818 [00:37<01:07, 92.96it/s]
 36%|███▋      | 3579/9818 [00:37<01:06, 94.36it/s]
 37%|███▋      | 3589/9818 [00:37<01:08, 90.97it/s]
 37%|███▋      | 3599/9818 [00:37<01:07, 92.53it/s]
 37%|███▋      | 3609/9818 [00:37<01:07, 92.45it/s]
 37%|███▋      | 3619/9818 [00:38<01:05, 94.36it/s]
 37%|███▋      | 3629/9818 [00:38<01:06, 92.50it/s]
 37%|███▋      | 3639/9818 [00:38<01:05, 93.67it/s]
 37%|███▋      | 3649/9818 [00:38<01:06, 92.48it/s]
 37%|███▋      | 3659/9818 [00:38<01:05, 93.98it/s]
 37%|███▋      | 3669/9818 [00:38<01:05, 93.54it/s]
 37%|███▋      | 3679/9818 [00:38<01:06, 92.68it/s]
 38%|███▊      | 3689/9818 [00:38<01:06, 91.60it/s]
 38%|███▊      | 3699/9818 [00:38<01:06, 91.62it/s]
 38%|███▊      | 3709/9818 [00:39<01:05, 93.03it/s]
 38%|███▊      | 3719/9818 [00:39<01:05, 92.61it/s]
 38%|███▊      | 3729/9818 [00:39<01:04, 94.08it/s]
 38%|███▊      | 3739/9818 [00:39<01:03, 95.71it/s]
 38%|███▊      | 3749/9818 [00:39<01:04, 94.52it/s]
 38%|███▊      | 3760/9818 [00:39<01:02, 96.98it/s]
 38%|███▊      | 3770/9818 [00:39<01:02, 97.45it/s]
 39%|███▊      | 3780/9818 [00:39<01:02, 97.24it/s]
 39%|███▊      | 3790/9818 [00:39<01:03, 94.68it/s]
 39%|███▊      | 3800/9818 [00:40<01:02, 96.10it/s]
 39%|███▉      | 3810/9818 [00:40<01:04, 93.11it/s]
 39%|███▉      | 3820/9818 [00:40<01:03, 93.81it/s]
 39%|███▉      | 3830/9818 [00:40<01:04, 92.96it/s]
 39%|███▉      | 3841/9818 [00:40<01:02, 95.17it/s]
 39%|███▉      | 3851/9818 [00:40<01:02, 96.02it/s]
 39%|███▉      | 3861/9818 [00:40<01:02, 95.81it/s]
 39%|███▉      | 3871/9818 [00:40<01:02, 95.38it/s]
 40%|███▉      | 3881/9818 [00:40<01:02, 95.52it/s]
 40%|███▉      | 3891/9818 [00:40<01:01, 96.63it/s]
 40%|███▉      | 3901/9818 [00:41<01:03, 93.81it/s]
 40%|███▉      | 3911/9818 [00:41<01:02, 94.69it/s]
 40%|███▉      | 3921/9818 [00:41<01:02, 94.51it/s]
 40%|████      | 3932/9818 [00:41<01:01, 95.25it/s]
 40%|████      | 3942/9818 [00:41<01:02, 94.50it/s]
 40%|████      | 3952/9818 [00:41<01:01, 95.01it/s]
 40%|████      | 3962/9818 [00:41<01:02, 93.86it/s]
 40%|████      | 3972/9818 [00:41<01:03, 92.45it/s]
 41%|████      | 3982/9818 [00:41<01:02, 94.05it/s]
 41%|████      | 3993/9818 [00:42<01:00, 95.63it/s]
 41%|████      | 4003/9818 [00:42<01:00, 96.15it/s]
 41%|████      | 4013/9818 [00:42<01:00, 96.21it/s]
 41%|████      | 4023/9818 [00:42<01:01, 94.20it/s]
 41%|████      | 4033/9818 [00:42<01:00, 94.93it/s]
 41%|████      | 4043/9818 [00:42<01:00, 96.13it/s]
 41%|████▏     | 4053/9818 [00:42<01:00, 95.63it/s]
 41%|████▏     | 4063/9818 [00:42<01:00, 94.42it/s]
 41%|████▏     | 4073/9818 [00:42<01:01, 93.68it/s]
 42%|████▏     | 4083/9818 [00:43<01:01, 93.95it/s]
 42%|████▏     | 4093/9818 [00:43<01:00, 94.53it/s]
 42%|████▏     | 4103/9818 [00:43<01:00, 94.85it/s]
 42%|████▏     | 4113/9818 [00:43<01:00, 94.61it/s]
 42%|████▏     | 4124/9818 [00:43<00:58, 96.65it/s]
 42%|████▏     | 4134/9818 [00:43<00:58, 97.17it/s]
 42%|████▏     | 4144/9818 [00:43<00:58, 96.37it/s]
 42%|████▏     | 4154/9818 [00:43<01:01, 92.58it/s]
 42%|████▏     | 4164/9818 [00:43<01:00, 93.37it/s]
 43%|████▎     | 4174/9818 [00:43<00:59, 95.25it/s]
 43%|████▎     | 4184/9818 [00:44<01:01, 91.43it/s]
 43%|████▎     | 4194/9818 [00:44<01:02, 90.40it/s]
 43%|████▎     | 4204/9818 [00:44<01:02, 89.82it/s]
 43%|████▎     | 4214/9818 [00:44<01:01, 91.65it/s]
 43%|████▎     | 4224/9818 [00:44<00:59, 93.35it/s]
 43%|████▎     | 4234/9818 [00:44<00:59, 93.21it/s]
 43%|████▎     | 4244/9818 [00:44<00:59, 94.30it/s]
 43%|████▎     | 4254/9818 [00:44<00:59, 92.88it/s]
 43%|████▎     | 4265/9818 [00:44<00:58, 95.69it/s]
 44%|████▎     | 4275/9818 [00:45<00:58, 95.43it/s]
 44%|████▎     | 4285/9818 [00:45<00:58, 94.89it/s]
 44%|████▎     | 4295/9818 [00:45<00:58, 94.98it/s]
 44%|████▍     | 4305/9818 [00:45<00:58, 95.02it/s]
 44%|████▍     | 4315/9818 [00:45<00:58, 94.59it/s]
 44%|████▍     | 4325/9818 [00:45<00:58, 93.73it/s]
 44%|████▍     | 4335/9818 [00:45<00:57, 95.13it/s]
 44%|████▍     | 4345/9818 [00:45<00:57, 95.01it/s]
 44%|████▍     | 4356/9818 [00:45<00:56, 96.43it/s]
 44%|████▍     | 4367/9818 [00:46<00:55, 97.67it/s]
 45%|████▍     | 4377/9818 [00:46<00:57, 94.70it/s]
 45%|████▍     | 4387/9818 [00:46<00:57, 94.19it/s]
 45%|████▍     | 4397/9818 [00:46<00:57, 94.72it/s]
 45%|████▍     | 4407/9818 [00:46<00:57, 94.80it/s]
 45%|████▍     | 4417/9818 [00:46<00:57, 94.26it/s]
 45%|████▌     | 4427/9818 [00:46<00:58, 92.93it/s]
 45%|████▌     | 4437/9818 [00:46<00:57, 93.01it/s]
 45%|████▌     | 4448/9818 [00:46<00:56, 95.30it/s]
 45%|████▌     | 4458/9818 [00:46<00:57, 93.36it/s]
 46%|████▌     | 4468/9818 [00:47<00:58, 92.12it/s]
 46%|████▌     | 4478/9818 [00:47<00:57, 93.59it/s]
 46%|████▌     | 4488/9818 [00:47<00:58, 91.25it/s]
 46%|████▌     | 4498/9818 [00:47<00:57, 92.68it/s]
 46%|████▌     | 4509/9818 [00:47<00:55, 94.90it/s]
 46%|████▌     | 4519/9818 [00:47<00:56, 93.87it/s]
 46%|████▌     | 4529/9818 [00:47<00:55, 94.69it/s]
 46%|████▌     | 4540/9818 [00:47<00:55, 95.90it/s]
 46%|████▋     | 4550/9818 [00:47<00:56, 93.56it/s]
 46%|████▋     | 4560/9818 [00:48<00:56, 93.79it/s]
 47%|████▋     | 4570/9818 [00:48<00:55, 94.89it/s]
 47%|████▋     | 4580/9818 [00:48<00:54, 95.45it/s]
 47%|████▋     | 4590/9818 [00:48<00:54, 95.32it/s]
 47%|████▋     | 4600/9818 [00:48<00:54, 95.09it/s]
 47%|████▋     | 4610/9818 [00:48<00:54, 96.05it/s]
 47%|████▋     | 4621/9818 [00:48<00:52, 98.33it/s]
 47%|████▋     | 4631/9818 [00:48<00:52, 98.60it/s]
 47%|████▋     | 4641/9818 [00:48<00:54, 95.83it/s]
 47%|████▋     | 4651/9818 [00:49<00:54, 94.10it/s]
 47%|████▋     | 4661/9818 [00:49<00:54, 94.13it/s]
 48%|████▊     | 4671/9818 [00:49<00:55, 93.00it/s]
 48%|████▊     | 4681/9818 [00:49<00:55, 92.36it/s]
 48%|████▊     | 4691/9818 [00:49<00:55, 93.10it/s]
 48%|████▊     | 4701/9818 [00:49<00:54, 93.95it/s]
 48%|████▊     | 4711/9818 [00:49<00:55, 92.00it/s]
 48%|████▊     | 4721/9818 [00:49<00:55, 91.43it/s]
 48%|████▊     | 4731/9818 [00:49<00:54, 92.60it/s]
 48%|████▊     | 4741/9818 [00:49<00:54, 93.31it/s]
 48%|████▊     | 4751/9818 [00:50<00:54, 92.80it/s]
 48%|████▊     | 4761/9818 [00:50<00:54, 92.15it/s]
 49%|████▊     | 4771/9818 [00:50<00:54, 93.02it/s]
 49%|████▊     | 4781/9818 [00:50<00:54, 92.35it/s]
 49%|████▉     | 4791/9818 [00:50<00:54, 92.07it/s]
 49%|████▉     | 4801/9818 [00:50<00:54, 91.71it/s]
 49%|████▉     | 4811/9818 [00:50<00:55, 90.08it/s]
 49%|████▉     | 4821/9818 [00:50<00:54, 90.94it/s]
 49%|████▉     | 4831/9818 [00:50<00:53, 93.06it/s]
 49%|████▉     | 4841/9818 [00:51<00:52, 94.93it/s]
 49%|████▉     | 4851/9818 [00:51<00:51, 96.24it/s]
 50%|████▉     | 4861/9818 [00:51<00:51, 96.89it/s]
 50%|████▉     | 4871/9818 [00:51<00:53, 93.02it/s]
 50%|████▉     | 4881/9818 [00:51<00:52, 93.40it/s]
 50%|████▉     | 4891/9818 [00:51<00:53, 91.42it/s]
 50%|████▉     | 4902/9818 [00:51<00:52, 94.47it/s]
 50%|█████     | 4912/9818 [00:51<00:52, 93.15it/s]
 50%|█████     | 4922/9818 [00:51<00:53, 92.32it/s]
 50%|█████     | 4933/9818 [00:52<00:51, 93.97it/s]
 50%|█████     | 4943/9818 [00:52<00:51, 94.78it/s]
 50%|█████     | 4953/9818 [00:52<00:51, 93.93it/s]
 51%|█████     | 4964/9818 [00:52<00:50, 95.94it/s]
 51%|█████     | 4974/9818 [00:52<00:50, 96.44it/s]
 51%|█████     | 4984/9818 [00:52<00:51, 94.58it/s]
 51%|█████     | 4994/9818 [00:52<00:51, 93.64it/s]
 51%|█████     | 5004/9818 [00:52<00:51, 94.01it/s]
 51%|█████     | 5014/9818 [00:52<00:51, 93.87it/s]
 51%|█████     | 5025/9818 [00:53<00:49, 96.51it/s]
 51%|█████▏    | 5035/9818 [00:53<00:49, 96.83it/s]
 51%|█████▏    | 5045/9818 [00:53<00:52, 91.40it/s]
 51%|█████▏    | 5055/9818 [00:53<00:51, 91.67it/s]
 52%|█████▏    | 5066/9818 [00:53<00:50, 94.59it/s]
 52%|█████▏    | 5076/9818 [00:53<00:49, 95.47it/s]
 52%|█████▏    | 5086/9818 [00:53<00:49, 95.95it/s]
 52%|█████▏    | 5096/9818 [00:53<00:48, 96.52it/s]
 52%|█████▏    | 5106/9818 [00:53<00:49, 95.51it/s]
 52%|█████▏    | 5116/9818 [00:53<00:49, 94.86it/s]
 52%|█████▏    | 5126/9818 [00:54<00:49, 93.94it/s]
 52%|█████▏    | 5137/9818 [00:54<00:48, 95.69it/s]
 52%|█████▏    | 5147/9818 [00:54<00:48, 96.24it/s]
 53%|█████▎    | 5157/9818 [00:54<00:48, 96.48it/s]
 53%|█████▎    | 5167/9818 [00:54<00:49, 93.40it/s]
 53%|█████▎    | 5177/9818 [00:54<00:49, 94.10it/s]
 53%|█████▎    | 5187/9818 [00:54<00:49, 94.30it/s]
 53%|█████▎    | 5198/9818 [00:54<00:47, 96.65it/s]
 53%|█████▎    | 5208/9818 [00:54<00:47, 96.29it/s]
 53%|█████▎    | 5218/9818 [00:55<00:47, 96.36it/s]
 53%|█████▎    | 5228/9818 [00:55<00:47, 95.71it/s]
 53%|█████▎    | 5238/9818 [00:55<00:47, 95.60it/s]
 53%|█████▎    | 5248/9818 [00:55<00:47, 95.50it/s]
 54%|█████▎    | 5258/9818 [00:55<00:47, 96.38it/s]
 54%|█████▎    | 5269/9818 [00:55<00:46, 98.57it/s]
 54%|█████▍    | 5280/9818 [00:55<00:45, 99.42it/s]
 54%|█████▍    | 5290/9818 [00:55<00:46, 98.06it/s]
 54%|█████▍    | 5300/9818 [00:55<00:47, 95.20it/s]
 54%|█████▍    | 5310/9818 [00:56<00:47, 94.89it/s]
 54%|█████▍    | 5320/9818 [00:56<00:47, 95.38it/s]
 54%|█████▍    | 5331/9818 [00:56<00:46, 97.22it/s]
 54%|█████▍    | 5341/9818 [00:56<00:46, 96.85it/s]
 55%|█████▍    | 5351/9818 [00:56<00:46, 95.44it/s]
 55%|█████▍    | 5361/9818 [00:56<00:47, 93.78it/s]
 55%|█████▍    | 5371/9818 [00:56<00:47, 94.59it/s]
 55%|█████▍    | 5381/9818 [00:56<00:46, 94.70it/s]
 55%|█████▍    | 5391/9818 [00:56<00:47, 92.61it/s]
 55%|█████▌    | 5402/9818 [00:56<00:46, 94.79it/s]
 55%|█████▌    | 5412/9818 [00:57<00:46, 95.12it/s]
 55%|█████▌    | 5422/9818 [00:57<00:46, 93.94it/s]
 55%|█████▌    | 5432/9818 [00:57<00:46, 94.75it/s]
 55%|█████▌    | 5443/9818 [00:57<00:45, 96.99it/s]
 56%|█████▌    | 5453/9818 [00:57<00:45, 96.19it/s]
 56%|█████▌    | 5463/9818 [00:57<00:45, 95.83it/s]
 56%|█████▌    | 5473/9818 [00:57<00:45, 95.46it/s]
 56%|█████▌    | 5484/9818 [00:57<00:44, 97.84it/s]
 56%|█████▌    | 5494/9818 [00:57<00:44, 98.23it/s]
 56%|█████▌    | 5504/9818 [00:58<00:44, 97.07it/s]
 56%|█████▌    | 5514/9818 [00:58<00:44, 96.96it/s]
 56%|█████▋    | 5524/9818 [00:58<00:44, 97.37it/s]
 56%|█████▋    | 5534/9818 [00:58<00:44, 95.65it/s]
 56%|█████▋    | 5544/9818 [00:58<00:45, 94.23it/s]
 57%|█████▋    | 5554/9818 [00:58<00:47, 90.62it/s]
 57%|█████▋    | 5564/9818 [00:58<00:46, 91.88it/s]
 57%|█████▋    | 5574/9818 [00:58<00:45, 92.62it/s]
 57%|█████▋    | 5584/9818 [00:58<00:44, 94.35it/s]
 57%|█████▋    | 5594/9818 [00:58<00:44, 95.43it/s]
 57%|█████▋    | 5604/9818 [00:59<00:44, 95.63it/s]
 57%|█████▋    | 5614/9818 [00:59<00:43, 95.76it/s]
 57%|█████▋    | 5624/9818 [00:59<00:44, 95.19it/s]
 57%|█████▋    | 5634/9818 [00:59<00:43, 96.49it/s]
 57%|█████▋    | 5644/9818 [00:59<00:44, 94.38it/s]
 58%|█████▊    | 5654/9818 [00:59<00:43, 94.68it/s]
 58%|█████▊    | 5664/9818 [00:59<00:44, 93.17it/s]
 58%|█████▊    | 5674/9818 [00:59<00:43, 94.50it/s]
 58%|█████▊    | 5685/9818 [00:59<00:42, 96.29it/s]
 58%|█████▊    | 5695/9818 [01:00<00:43, 94.48it/s]
 58%|█████▊    | 5705/9818 [01:00<00:43, 93.50it/s]
 58%|█████▊    | 5715/9818 [01:00<00:45, 91.16it/s]
 58%|█████▊    | 5725/9818 [01:00<00:44, 92.20it/s]
 58%|█████▊    | 5735/9818 [01:00<00:44, 92.54it/s]
 59%|█████▊    | 5745/9818 [01:00<00:43, 93.96it/s]
 59%|█████▊    | 5756/9818 [01:00<00:42, 95.96it/s]
 59%|█████▊    | 5766/9818 [01:00<00:43, 94.13it/s]
 59%|█████▉    | 5776/9818 [01:00<00:42, 94.16it/s]
 59%|█████▉    | 5786/9818 [01:01<00:43, 92.55it/s]
 59%|█████▉    | 5796/9818 [01:01<00:43, 91.99it/s]
 59%|█████▉    | 5806/9818 [01:01<00:43, 92.52it/s]
 59%|█████▉    | 5816/9818 [01:01<00:42, 93.34it/s]
 59%|█████▉    | 5826/9818 [01:01<00:42, 94.11it/s]
 59%|█████▉    | 5836/9818 [01:01<00:42, 94.13it/s]
 60%|█████▉    | 5846/9818 [01:01<00:41, 94.80it/s]
 60%|█████▉    | 5857/9818 [01:01<00:41, 95.56it/s]
 60%|█████▉    | 5867/9818 [01:01<00:41, 95.44it/s]
 60%|█████▉    | 5877/9818 [01:01<00:40, 96.13it/s]
 60%|█████▉    | 5887/9818 [01:02<00:41, 93.96it/s]
 60%|██████    | 5897/9818 [01:02<00:41, 93.69it/s]
 60%|██████    | 5907/9818 [01:02<00:41, 94.56it/s]
 60%|██████    | 5917/9818 [01:02<00:40, 95.96it/s]
 60%|██████    | 5927/9818 [01:02<00:41, 94.21it/s]
 60%|██████    | 5937/9818 [01:02<00:41, 92.90it/s]
 61%|██████    | 5947/9818 [01:02<00:40, 94.72it/s]
 61%|██████    | 5957/9818 [01:02<00:40, 95.67it/s]
 61%|██████    | 5967/9818 [01:02<00:40, 96.07it/s]
 61%|██████    | 5977/9818 [01:03<00:39, 96.44it/s]
 61%|██████    | 5987/9818 [01:03<00:39, 96.43it/s]
 61%|██████    | 5997/9818 [01:03<00:39, 97.35it/s]
 61%|██████    | 6007/9818 [01:03<00:39, 97.17it/s]
 61%|██████▏   | 6017/9818 [01:03<00:39, 96.58it/s]
 61%|██████▏   | 6027/9818 [01:03<00:38, 97.40it/s]
 61%|██████▏   | 6037/9818 [01:03<00:38, 98.09it/s]
 62%|██████▏   | 6047/9818 [01:03<00:38, 97.15it/s]
 62%|██████▏   | 6057/9818 [01:03<00:39, 96.06it/s]
 62%|██████▏   | 6068/9818 [01:03<00:38, 97.38it/s]
 62%|██████▏   | 6078/9818 [01:04<00:39, 95.65it/s]
 62%|██████▏   | 6088/9818 [01:04<00:39, 95.25it/s]
 62%|██████▏   | 6098/9818 [01:04<00:39, 93.91it/s]
 62%|██████▏   | 6108/9818 [01:04<00:39, 93.72it/s]
 62%|██████▏   | 6118/9818 [01:04<00:38, 94.89it/s]
 62%|██████▏   | 6129/9818 [01:04<00:38, 95.84it/s]
 63%|██████▎   | 6139/9818 [01:04<00:38, 96.47it/s]
 63%|██████▎   | 6150/9818 [01:04<00:37, 98.04it/s]
 63%|██████▎   | 6160/9818 [01:04<00:38, 95.56it/s]
 63%|██████▎   | 6170/9818 [01:05<00:38, 95.23it/s]
 63%|██████▎   | 6180/9818 [01:05<00:38, 95.33it/s]
 63%|██████▎   | 6190/9818 [01:05<00:37, 95.53it/s]
 63%|██████▎   | 6200/9818 [01:05<00:38, 93.87it/s]
 63%|██████▎   | 6210/9818 [01:05<00:38, 94.15it/s]
 63%|██████▎   | 6220/9818 [01:05<00:37, 94.77it/s]
 63%|██████▎   | 6230/9818 [01:05<00:37, 95.24it/s]
 64%|██████▎   | 6240/9818 [01:05<00:37, 95.29it/s]
 64%|██████▎   | 6250/9818 [01:05<00:37, 96.14it/s]
 64%|██████▍   | 6260/9818 [01:06<00:37, 96.04it/s]
 64%|██████▍   | 6270/9818 [01:06<00:36, 95.95it/s]
 64%|██████▍   | 6280/9818 [01:06<00:37, 93.54it/s]
 64%|██████▍   | 6290/9818 [01:06<00:38, 92.30it/s]
 64%|██████▍   | 6300/9818 [01:06<00:39, 90.11it/s]
 64%|██████▍   | 6310/9818 [01:06<00:38, 91.39it/s]
 64%|██████▍   | 6320/9818 [01:06<00:37, 93.37it/s]
 64%|██████▍   | 6331/9818 [01:06<00:36, 95.75it/s]
 65%|██████▍   | 6341/9818 [01:06<00:36, 96.55it/s]
 65%|██████▍   | 6351/9818 [01:06<00:36, 95.06it/s]
 65%|██████▍   | 6361/9818 [01:07<00:35, 96.39it/s]
 65%|██████▍   | 6371/9818 [01:07<00:36, 94.97it/s]
 65%|██████▍   | 6381/9818 [01:07<00:36, 94.90it/s]
 65%|██████▌   | 6391/9818 [01:07<00:36, 94.93it/s]
 65%|██████▌   | 6401/9818 [01:07<00:35, 96.21it/s]
 65%|██████▌   | 6411/9818 [01:07<00:35, 97.22it/s]
 65%|██████▌   | 6421/9818 [01:07<00:35, 95.55it/s]
 66%|██████▌   | 6431/9818 [01:07<00:35, 95.39it/s]
 66%|██████▌   | 6442/9818 [01:07<00:34, 96.62it/s]
 66%|██████▌   | 6453/9818 [01:08<00:34, 98.65it/s]
 66%|██████▌   | 6464/9818 [01:08<00:33, 99.64it/s]
 66%|██████▌   | 6474/9818 [01:08<00:33, 98.70it/s]
 66%|██████▌   | 6484/9818 [01:08<00:34, 95.72it/s]
 66%|██████▌   | 6494/9818 [01:08<00:34, 96.11it/s]
 66%|██████▌   | 6504/9818 [01:08<00:34, 96.93it/s]
 66%|██████▋   | 6515/9818 [01:08<00:33, 98.04it/s]
 66%|██████▋   | 6526/9818 [01:08<00:33, 98.47it/s]
 67%|██████▋   | 6536/9818 [01:08<00:33, 97.45it/s]
 67%|██████▋   | 6546/9818 [01:08<00:34, 96.14it/s]
 67%|██████▋   | 6556/9818 [01:09<00:34, 93.88it/s]
 67%|██████▋   | 6566/9818 [01:09<00:34, 93.00it/s]
 67%|██████▋   | 6576/9818 [01:09<00:35, 92.52it/s]
 67%|██████▋   | 6586/9818 [01:09<00:34, 92.62it/s]
 67%|██████▋   | 6596/9818 [01:09<00:34, 93.68it/s]
 67%|██████▋   | 6606/9818 [01:09<00:34, 93.16it/s]
 67%|██████▋   | 6616/9818 [01:09<00:33, 94.23it/s]
 67%|██████▋   | 6626/9818 [01:09<00:33, 95.62it/s]
 68%|██████▊   | 6636/9818 [01:09<00:33, 93.93it/s]
 68%|██████▊   | 6646/9818 [01:10<00:33, 95.55it/s]
 68%|██████▊   | 6657/9818 [01:10<00:32, 97.10it/s]
 68%|██████▊   | 6667/9818 [01:10<00:33, 93.61it/s]
 68%|██████▊   | 6677/9818 [01:10<00:33, 94.40it/s]
 68%|██████▊   | 6687/9818 [01:10<00:32, 95.35it/s]
 68%|██████▊   | 6697/9818 [01:10<00:32, 95.15it/s]
 68%|██████▊   | 6707/9818 [01:10<00:32, 96.15it/s]
 68%|██████▊   | 6717/9818 [01:10<00:32, 94.42it/s]
 69%|██████▊   | 6727/9818 [01:10<00:32, 94.38it/s]
 69%|██████▊   | 6737/9818 [01:11<00:32, 95.70it/s]
 69%|██████▊   | 6747/9818 [01:11<00:31, 96.78it/s]
 69%|██████▉   | 6757/9818 [01:11<00:31, 95.96it/s]
 69%|██████▉   | 6767/9818 [01:11<00:33, 91.92it/s]
 69%|██████▉   | 6777/9818 [01:11<00:32, 94.11it/s]
 69%|██████▉   | 6787/9818 [01:11<00:32, 91.89it/s]
 69%|██████▉   | 6797/9818 [01:11<00:33, 89.91it/s]
 69%|██████▉   | 6807/9818 [01:11<00:32, 92.09it/s]
 69%|██████▉   | 6818/9818 [01:11<00:31, 95.06it/s]
 70%|██████▉   | 6828/9818 [01:11<00:31, 96.36it/s]
 70%|██████▉   | 6838/9818 [01:12<00:30, 96.32it/s]
 70%|██████▉   | 6848/9818 [01:12<00:30, 97.17it/s]
 70%|██████▉   | 6858/9818 [01:12<00:31, 95.17it/s]
 70%|██████▉   | 6868/9818 [01:12<00:30, 96.26it/s]
 70%|███████   | 6878/9818 [01:12<00:31, 92.41it/s]
 70%|███████   | 6888/9818 [01:12<00:31, 93.37it/s]
 70%|███████   | 6898/9818 [01:12<00:31, 93.88it/s]
 70%|███████   | 6908/9818 [01:12<00:31, 93.02it/s]
 70%|███████   | 6918/9818 [01:12<00:31, 92.92it/s]
 71%|███████   | 6928/9818 [01:13<00:30, 93.65it/s]
 71%|███████   | 6938/9818 [01:13<00:30, 93.72it/s]
 71%|███████   | 6948/9818 [01:13<00:30, 93.77it/s]
 71%|███████   | 6958/9818 [01:13<00:30, 93.61it/s]
 71%|███████   | 6968/9818 [01:13<00:30, 92.56it/s]
 71%|███████   | 6978/9818 [01:13<00:30, 94.51it/s]
 71%|███████   | 6988/9818 [01:13<00:29, 94.92it/s]
 71%|███████▏  | 6998/9818 [01:13<00:29, 96.18it/s]
 71%|███████▏  | 7008/9818 [01:13<00:29, 96.11it/s]
 71%|███████▏  | 7018/9818 [01:13<00:29, 95.66it/s]
 72%|███████▏  | 7028/9818 [01:14<00:29, 94.34it/s]
 72%|███████▏  | 7038/9818 [01:14<00:29, 94.91it/s]
 72%|███████▏  | 7048/9818 [01:14<00:29, 93.06it/s]
 72%|███████▏  | 7058/9818 [01:14<00:29, 93.00it/s]
 72%|███████▏  | 7068/9818 [01:14<00:30, 91.14it/s]
 72%|███████▏  | 7078/9818 [01:14<00:29, 91.74it/s]
 72%|███████▏  | 7088/9818 [01:14<00:30, 90.24it/s]
 72%|███████▏  | 7098/9818 [01:14<00:30, 90.15it/s]
 72%|███████▏  | 7108/9818 [01:14<00:29, 92.84it/s]
 72%|███████▏  | 7118/9818 [01:15<00:29, 92.94it/s]
 73%|███████▎  | 7128/9818 [01:15<00:28, 94.78it/s]
 73%|███████▎  | 7138/9818 [01:15<00:28, 94.89it/s]
 73%|███████▎  | 7148/9818 [01:15<00:28, 92.38it/s]
 73%|███████▎  | 7158/9818 [01:15<00:28, 92.76it/s]
 73%|███████▎  | 7168/9818 [01:15<00:28, 93.93it/s]
 73%|███████▎  | 7178/9818 [01:15<00:28, 94.22it/s]
 73%|███████▎  | 7189/9818 [01:15<00:27, 96.90it/s]
 73%|███████▎  | 7200/9818 [01:15<00:26, 97.97it/s]
 73%|███████▎  | 7210/9818 [01:16<00:26, 97.45it/s]
 74%|███████▎  | 7220/9818 [01:16<00:26, 98.06it/s]
 74%|███████▎  | 7230/9818 [01:16<00:26, 96.36it/s]
 74%|███████▍  | 7241/9818 [01:16<00:26, 97.52it/s]
 74%|███████▍  | 7251/9818 [01:16<00:27, 94.81it/s]
 74%|███████▍  | 7261/9818 [01:16<00:27, 94.48it/s]
 74%|███████▍  | 7271/9818 [01:16<00:26, 95.49it/s]
 74%|███████▍  | 7281/9818 [01:16<00:27, 93.79it/s]
 74%|███████▍  | 7291/9818 [01:16<00:27, 93.31it/s]
 74%|███████▍  | 7301/9818 [01:17<00:26, 94.23it/s]
 74%|███████▍  | 7311/9818 [01:17<00:26, 95.60it/s]
 75%|███████▍  | 7321/9818 [01:17<00:26, 92.85it/s]
 75%|███████▍  | 7332/9818 [01:17<00:26, 95.17it/s]
 75%|███████▍  | 7342/9818 [01:17<00:25, 95.79it/s]
 75%|███████▍  | 7352/9818 [01:17<00:25, 95.79it/s]
 75%|███████▍  | 7362/9818 [01:17<00:25, 95.50it/s]
 75%|███████▌  | 7372/9818 [01:17<00:25, 95.66it/s]
 75%|███████▌  | 7382/9818 [01:17<00:26, 93.34it/s]
 75%|███████▌  | 7392/9818 [01:17<00:25, 95.23it/s]
 75%|███████▌  | 7402/9818 [01:18<00:25, 95.69it/s]
 75%|███████▌  | 7412/9818 [01:18<00:25, 95.15it/s]
 76%|███████▌  | 7422/9818 [01:18<00:25, 95.36it/s]
 76%|███████▌  | 7432/9818 [01:18<00:25, 94.60it/s]
 76%|███████▌  | 7442/9818 [01:18<00:25, 94.42it/s]
 76%|███████▌  | 7452/9818 [01:18<00:25, 91.71it/s]
 76%|███████▌  | 7462/9818 [01:18<00:25, 91.45it/s]
 76%|███████▌  | 7472/9818 [01:18<00:25, 92.04it/s]
 76%|███████▌  | 7482/9818 [01:18<00:24, 94.29it/s]
 76%|███████▋  | 7492/9818 [01:19<00:24, 93.94it/s]
 76%|███████▋  | 7503/9818 [01:19<00:24, 96.02it/s]
 77%|███████▋  | 7513/9818 [01:19<00:23, 96.55it/s]
 77%|███████▋  | 7523/9818 [01:19<00:24, 94.95it/s]
 77%|███████▋  | 7533/9818 [01:19<00:23, 96.25it/s]
 77%|███████▋  | 7543/9818 [01:19<00:23, 96.77it/s]
 77%|███████▋  | 7553/9818 [01:19<00:23, 96.28it/s]
 77%|███████▋  | 7564/9818 [01:19<00:23, 97.59it/s]
 77%|███████▋  | 7574/9818 [01:19<00:23, 96.12it/s]
 77%|███████▋  | 7584/9818 [01:19<00:23, 96.77it/s]
 77%|███████▋  | 7594/9818 [01:20<00:23, 96.45it/s]
 77%|███████▋  | 7604/9818 [01:20<00:22, 96.30it/s]
 78%|███████▊  | 7614/9818 [01:20<00:22, 96.04it/s]
 78%|███████▊  | 7624/9818 [01:20<00:22, 95.42it/s]
 78%|███████▊  | 7634/9818 [01:20<00:23, 94.22it/s]
 78%|███████▊  | 7644/9818 [01:20<00:23, 91.08it/s]
 78%|███████▊  | 7654/9818 [01:20<00:24, 90.15it/s]
 78%|███████▊  | 7664/9818 [01:20<00:23, 90.93it/s]
 78%|███████▊  | 7674/9818 [01:20<00:23, 90.33it/s]
 78%|███████▊  | 7685/9818 [01:21<00:22, 94.13it/s]
 78%|███████▊  | 7695/9818 [01:21<00:22, 95.70it/s]
 78%|███████▊  | 7705/9818 [01:21<00:21, 96.34it/s]
 79%|███████▊  | 7715/9818 [01:21<00:21, 96.85it/s]
 79%|███████▊  | 7725/9818 [01:21<00:21, 96.29it/s]
 79%|███████▉  | 7735/9818 [01:21<00:21, 95.78it/s]
 79%|███████▉  | 7745/9818 [01:21<00:21, 95.49it/s]
 79%|███████▉  | 7755/9818 [01:21<00:21, 96.24it/s]
 79%|███████▉  | 7766/9818 [01:21<00:20, 97.81it/s]
 79%|███████▉  | 7776/9818 [01:22<00:21, 95.92it/s]
 79%|███████▉  | 7786/9818 [01:22<00:21, 94.82it/s]
 79%|███████▉  | 7796/9818 [01:22<00:21, 96.07it/s]
 80%|███████▉  | 7806/9818 [01:22<00:21, 94.00it/s]
 80%|███████▉  | 7816/9818 [01:22<00:21, 93.13it/s]
 80%|███████▉  | 7826/9818 [01:22<00:21, 94.47it/s]
 80%|███████▉  | 7836/9818 [01:22<00:21, 92.83it/s]
 80%|███████▉  | 7846/9818 [01:22<00:20, 94.28it/s]
 80%|████████  | 7856/9818 [01:22<00:20, 95.46it/s]
 80%|████████  | 7866/9818 [01:22<00:20, 95.62it/s]
 80%|████████  | 7876/9818 [01:23<00:20, 94.82it/s]
 80%|████████  | 7887/9818 [01:23<00:20, 96.34it/s]
 80%|████████  | 7897/9818 [01:23<00:19, 96.38it/s]
 81%|████████  | 7907/9818 [01:23<00:20, 95.20it/s]
 81%|████████  | 7917/9818 [01:23<00:19, 95.42it/s]
 81%|████████  | 7927/9818 [01:23<00:19, 95.74it/s]
 81%|████████  | 7937/9818 [01:23<00:19, 95.03it/s]
 81%|████████  | 7947/9818 [01:23<00:19, 95.04it/s]
 81%|████████  | 7958/9818 [01:23<00:19, 97.12it/s]
 81%|████████  | 7968/9818 [01:24<00:19, 95.71it/s]
 81%|████████▏ | 7978/9818 [01:24<00:19, 95.89it/s]
 81%|████████▏ | 7988/9818 [01:24<00:20, 90.65it/s]
 81%|████████▏ | 7998/9818 [01:24<00:19, 92.48it/s]
 82%|████████▏ | 8009/9818 [01:24<00:18, 95.42it/s]
 82%|████████▏ | 8019/9818 [01:24<00:19, 94.32it/s]
 82%|████████▏ | 8029/9818 [01:24<00:19, 91.35it/s]
 82%|████████▏ | 8039/9818 [01:24<00:19, 89.78it/s]
 82%|████████▏ | 8049/9818 [01:24<00:19, 91.67it/s]
 82%|████████▏ | 8059/9818 [01:25<00:19, 91.09it/s]
 82%|████████▏ | 8069/9818 [01:25<00:18, 93.33it/s]
 82%|████████▏ | 8079/9818 [01:25<00:18, 94.24it/s]
 82%|████████▏ | 8089/9818 [01:25<00:18, 91.61it/s]
 82%|████████▏ | 8099/9818 [01:25<00:18, 92.96it/s]
 83%|████████▎ | 8110/9818 [01:25<00:17, 95.47it/s]
 83%|████████▎ | 8120/9818 [01:25<00:17, 94.83it/s]
 83%|████████▎ | 8130/9818 [01:25<00:18, 92.91it/s]
 83%|████████▎ | 8140/9818 [01:25<00:17, 93.61it/s]
 83%|████████▎ | 8150/9818 [01:25<00:17, 92.68it/s]
 83%|████████▎ | 8160/9818 [01:26<00:18, 91.91it/s]
 83%|████████▎ | 8170/9818 [01:26<00:17, 92.89it/s]
 83%|████████▎ | 8180/9818 [01:26<00:17, 91.98it/s]
 83%|████████▎ | 8190/9818 [01:26<00:17, 93.25it/s]
 84%|████████▎ | 8200/9818 [01:26<00:17, 92.53it/s]
 84%|████████▎ | 8210/9818 [01:26<00:17, 93.35it/s]
 84%|████████▎ | 8220/9818 [01:26<00:16, 94.61it/s]
 84%|████████▍ | 8230/9818 [01:26<00:16, 95.04it/s]
 84%|████████▍ | 8240/9818 [01:26<00:16, 95.94it/s]
 84%|████████▍ | 8250/9818 [01:27<00:16, 93.68it/s]
 84%|████████▍ | 8260/9818 [01:27<00:17, 90.38it/s]
 84%|████████▍ | 8270/9818 [01:27<00:16, 91.52it/s]
 84%|████████▍ | 8280/9818 [01:27<00:16, 92.86it/s]
 84%|████████▍ | 8290/9818 [01:27<00:16, 91.35it/s]
 85%|████████▍ | 8300/9818 [01:27<00:16, 90.59it/s]
 85%|████████▍ | 8310/9818 [01:27<00:16, 92.35it/s]
 85%|████████▍ | 8320/9818 [01:27<00:16, 92.27it/s]
 85%|████████▍ | 8331/9818 [01:27<00:15, 94.70it/s]
 85%|████████▍ | 8342/9818 [01:28<00:15, 96.50it/s]
 85%|████████▌ | 8352/9818 [01:28<00:15, 95.28it/s]
 85%|████████▌ | 8362/9818 [01:28<00:15, 93.86it/s]
 85%|████████▌ | 8372/9818 [01:28<00:15, 92.93it/s]
 85%|████████▌ | 8382/9818 [01:28<00:16, 89.57it/s]
 85%|████████▌ | 8391/9818 [01:28<00:17, 83.24it/s]
 86%|████████▌ | 8400/9818 [01:28<00:17, 81.09it/s]
 86%|████████▌ | 8409/9818 [01:28<00:17, 79.83it/s]
 86%|████████▌ | 8418/9818 [01:28<00:17, 80.01it/s]
 86%|████████▌ | 8427/9818 [01:29<00:17, 79.18it/s]
 86%|████████▌ | 8437/9818 [01:29<00:16, 82.82it/s]
 86%|████████▌ | 8447/9818 [01:29<00:15, 86.16it/s]
 86%|████████▌ | 8456/9818 [01:29<00:19, 69.15it/s]
 86%|████████▌ | 8464/9818 [01:29<00:22, 60.81it/s]
 86%|████████▋ | 8471/9818 [01:29<00:30, 44.16it/s]
 86%|████████▋ | 8477/9818 [01:30<00:30, 44.41it/s]
 86%|████████▋ | 8483/9818 [01:30<00:28, 46.07it/s]
 86%|████████▋ | 8489/9818 [01:30<00:27, 48.37it/s]
 87%|████████▋ | 8495/9818 [01:30<00:26, 49.27it/s]
 87%|████████▋ | 8501/9818 [01:30<00:26, 49.85it/s]
 87%|████████▋ | 8507/9818 [01:30<00:26, 50.23it/s]
 87%|████████▋ | 8513/9818 [01:30<00:27, 47.01it/s]
 87%|████████▋ | 8518/9818 [01:30<00:27, 47.58it/s]
 87%|████████▋ | 8527/9818 [01:31<00:22, 57.72it/s]
 87%|████████▋ | 8536/9818 [01:31<00:19, 65.77it/s]
 87%|████████▋ | 8545/9818 [01:31<00:17, 71.96it/s]
 87%|████████▋ | 8554/9818 [01:31<00:16, 76.22it/s]
 87%|████████▋ | 8562/9818 [01:31<00:16, 77.18it/s]
 87%|████████▋ | 8572/9818 [01:31<00:15, 82.46it/s]
 87%|████████▋ | 8582/9818 [01:31<00:14, 84.79it/s]
 88%|████████▊ | 8592/9818 [01:31<00:14, 86.84it/s]
 88%|████████▊ | 8602/9818 [01:31<00:13, 88.86it/s]
 88%|████████▊ | 8611/9818 [01:31<00:13, 88.98it/s]
 88%|████████▊ | 8621/9818 [01:32<00:13, 90.78it/s]
 88%|████████▊ | 8631/9818 [01:32<00:13, 89.84it/s]
 88%|████████▊ | 8640/9818 [01:32<00:13, 88.68it/s]
 88%|████████▊ | 8650/9818 [01:32<00:13, 89.70it/s]
 88%|████████▊ | 8659/9818 [01:32<00:13, 85.34it/s]
 88%|████████▊ | 8669/9818 [01:32<00:13, 87.86it/s]
 88%|████████▊ | 8678/9818 [01:32<00:12, 88.05it/s]
 88%|████████▊ | 8687/9818 [01:32<00:13, 86.28it/s]
 89%|████████▊ | 8697/9818 [01:32<00:12, 87.63it/s]
 89%|████████▊ | 8706/9818 [01:33<00:15, 72.42it/s]
 89%|████████▉ | 8717/9818 [01:33<00:13, 79.57it/s]
 89%|████████▉ | 8727/9818 [01:33<00:12, 84.78it/s]
 89%|████████▉ | 8737/9818 [01:33<00:12, 86.63it/s]
 89%|████████▉ | 8747/9818 [01:33<00:11, 89.89it/s]
 89%|████████▉ | 8757/9818 [01:33<00:11, 92.06it/s]
 89%|████████▉ | 8767/9818 [01:33<00:11, 92.10it/s]
 89%|████████▉ | 8777/9818 [01:33<00:11, 90.67it/s]
 89%|████████▉ | 8787/9818 [01:33<00:11, 86.54it/s]
 90%|████████▉ | 8797/9818 [01:34<00:11, 88.12it/s]
 90%|████████▉ | 8806/9818 [01:34<00:11, 86.41it/s]
 90%|████████▉ | 8816/9818 [01:34<00:11, 88.88it/s]
 90%|████████▉ | 8826/9818 [01:34<00:10, 90.19it/s]
 90%|████████▉ | 8836/9818 [01:34<00:11, 88.96it/s]
 90%|█████████ | 8847/9818 [01:34<00:10, 91.93it/s]
 90%|█████████ | 8857/9818 [01:34<00:10, 91.52it/s]
 90%|█████████ | 8867/9818 [01:34<00:10, 93.40it/s]
 90%|█████████ | 8877/9818 [01:34<00:09, 94.29it/s]
 91%|█████████ | 8887/9818 [01:35<00:10, 92.32it/s]
 91%|█████████ | 8897/9818 [01:35<00:09, 92.16it/s]
 91%|█████████ | 8907/9818 [01:35<00:10, 90.65it/s]
 91%|█████████ | 8917/9818 [01:35<00:09, 92.43it/s]
 91%|█████████ | 8927/9818 [01:35<00:09, 93.13it/s]
 91%|█████████ | 8937/9818 [01:35<00:09, 93.57it/s]
 91%|█████████ | 8947/9818 [01:35<00:09, 94.27it/s]
 91%|█████████ | 8957/9818 [01:35<00:09, 94.38it/s]
 91%|█████████▏| 8967/9818 [01:35<00:09, 92.92it/s]
 91%|█████████▏| 8977/9818 [01:36<00:08, 94.84it/s]
 92%|█████████▏| 8987/9818 [01:36<00:09, 88.67it/s]
 92%|█████████▏| 8998/9818 [01:36<00:08, 91.93it/s]
 92%|█████████▏| 9008/9818 [01:36<00:09, 89.87it/s]
 92%|█████████▏| 9018/9818 [01:36<00:08, 92.04it/s]
 92%|█████████▏| 9028/9818 [01:36<00:08, 92.46it/s]
 92%|█████████▏| 9039/9818 [01:36<00:08, 95.14it/s]
 92%|█████████▏| 9049/9818 [01:36<00:08, 94.82it/s]
 92%|█████████▏| 9059/9818 [01:36<00:08, 94.45it/s]
 92%|█████████▏| 9069/9818 [01:37<00:07, 94.99it/s]
 92%|█████████▏| 9079/9818 [01:37<00:07, 95.02it/s]
 93%|█████████▎| 9089/9818 [01:37<00:07, 95.83it/s]
 93%|█████████▎| 9099/9818 [01:37<00:07, 94.78it/s]
 93%|█████████▎| 9109/9818 [01:37<00:07, 96.16it/s]
 93%|█████████▎| 9120/9818 [01:37<00:07, 97.75it/s]
 93%|█████████▎| 9130/9818 [01:37<00:07, 97.96it/s]
 93%|█████████▎| 9140/9818 [01:37<00:07, 94.97it/s]
 93%|█████████▎| 9150/9818 [01:37<00:07, 95.29it/s]
 93%|█████████▎| 9160/9818 [01:37<00:06, 96.20it/s]
 93%|█████████▎| 9170/9818 [01:38<00:06, 96.33it/s]
 94%|█████████▎| 9180/9818 [01:38<00:06, 96.65it/s]
 94%|█████████▎| 9190/9818 [01:38<00:06, 97.57it/s]
 94%|█████████▎| 9200/9818 [01:38<00:06, 97.17it/s]
 94%|█████████▍| 9211/9818 [01:38<00:06, 98.17it/s]
 94%|█████████▍| 9221/9818 [01:38<00:06, 97.30it/s]
 94%|█████████▍| 9231/9818 [01:38<00:06, 96.13it/s]
 94%|█████████▍| 9242/9818 [01:38<00:05, 98.07it/s]
 94%|█████████▍| 9252/9818 [01:38<00:05, 97.37it/s]
 94%|█████████▍| 9262/9818 [01:39<00:05, 95.04it/s]
 94%|█████████▍| 9272/9818 [01:39<00:05, 94.26it/s]
 95%|█████████▍| 9282/9818 [01:39<00:05, 92.89it/s]
 95%|█████████▍| 9292/9818 [01:39<00:05, 90.99it/s]
 95%|█████████▍| 9302/9818 [01:39<00:05, 93.10it/s]
 95%|█████████▍| 9312/9818 [01:39<00:05, 94.98it/s]
 95%|█████████▍| 9322/9818 [01:39<00:05, 95.46it/s]
 95%|█████████▌| 9332/9818 [01:39<00:05, 95.86it/s]
 95%|█████████▌| 9342/9818 [01:39<00:04, 95.72it/s]
 95%|█████████▌| 9352/9818 [01:39<00:04, 95.01it/s]
 95%|█████████▌| 9362/9818 [01:40<00:04, 95.53it/s]
 95%|█████████▌| 9372/9818 [01:40<00:04, 94.50it/s]
 96%|█████████▌| 9382/9818 [01:40<00:04, 93.52it/s]
 96%|█████████▌| 9392/9818 [01:40<00:04, 95.00it/s]
 96%|█████████▌| 9402/9818 [01:40<00:04, 95.43it/s]
 96%|█████████▌| 9412/9818 [01:40<00:04, 95.18it/s]
 96%|█████████▌| 9422/9818 [01:40<00:04, 94.00it/s]
 96%|█████████▌| 9432/9818 [01:40<00:04, 93.89it/s]
 96%|█████████▌| 9442/9818 [01:40<00:03, 94.75it/s]
 96%|█████████▋| 9452/9818 [01:41<00:03, 94.36it/s]
 96%|█████████▋| 9462/9818 [01:41<00:03, 93.12it/s]
 96%|█████████▋| 9472/9818 [01:41<00:03, 93.59it/s]
 97%|█████████▋| 9482/9818 [01:41<00:03, 94.41it/s]
 97%|█████████▋| 9492/9818 [01:41<00:03, 93.77it/s]
 97%|█████████▋| 9502/9818 [01:41<00:03, 94.49it/s]
 97%|█████████▋| 9512/9818 [01:41<00:03, 95.59it/s]
 97%|█████████▋| 9522/9818 [01:41<00:03, 95.36it/s]
 97%|█████████▋| 9532/9818 [01:41<00:02, 95.67it/s]
 97%|█████████▋| 9542/9818 [01:41<00:02, 95.79it/s]
 97%|█████████▋| 9552/9818 [01:42<00:02, 95.61it/s]
 97%|█████████▋| 9562/9818 [01:42<00:02, 94.96it/s]
 98%|█████████▊| 9573/9818 [01:42<00:02, 96.69it/s]
 98%|█████████▊| 9583/9818 [01:42<00:02, 92.86it/s]
 98%|█████████▊| 9593/9818 [01:42<00:02, 91.07it/s]
 98%|█████████▊| 9603/9818 [01:42<00:02, 91.51it/s]
 98%|█████████▊| 9614/9818 [01:42<00:02, 94.72it/s]
 98%|█████████▊| 9624/9818 [01:42<00:02, 94.34it/s]
 98%|█████████▊| 9634/9818 [01:42<00:01, 93.34it/s]
 98%|█████████▊| 9644/9818 [01:43<00:01, 90.41it/s]
 98%|█████████▊| 9654/9818 [01:43<00:01, 86.10it/s]
 98%|█████████▊| 9663/9818 [01:43<00:01, 86.45it/s]
 99%|█████████▊| 9672/9818 [01:43<00:01, 86.57it/s]
 99%|█████████▊| 9681/9818 [01:43<00:01, 87.48it/s]
 99%|█████████▊| 9690/9818 [01:43<00:01, 87.60it/s]
 99%|█████████▉| 9699/9818 [01:43<00:01, 86.59it/s]
 99%|█████████▉| 9708/9818 [01:43<00:01, 85.11it/s]
 99%|█████████▉| 9717/9818 [01:43<00:01, 84.18it/s]
 99%|█████████▉| 9727/9818 [01:44<00:01, 86.09it/s]
 99%|█████████▉| 9736/9818 [01:44<00:00, 85.61it/s]
 99%|█████████▉| 9745/9818 [01:44<00:00, 84.17it/s]
 99%|█████████▉| 9754/9818 [01:44<00:00, 83.79it/s]
 99%|█████████▉| 9763/9818 [01:44<00:00, 83.96it/s]
100%|█████████▉| 9772/9818 [01:44<00:00, 84.60it/s]
100%|█████████▉| 9782/9818 [01:44<00:00, 86.63it/s]
100%|█████████▉| 9791/9818 [01:44<00:00, 84.75it/s]
100%|█████████▉| 9800/9818 [01:44<00:00, 85.53it/s]
100%|█████████▉| 9809/9818 [01:45<00:00, 85.86it/s]
100%|██████████| 9818/9818 [01:45<00:00, 86.36it/s]/home/jy03364/.conda/envs/ciao/lib/python3.12/site-packages/transformers/data/metrics/__init__.py:61: FutureWarning: This metric will be removed from the library soon, metrics should be handled with the 🤗 Evaluate library. You can have a look at this example script for pointers: https://github.com/huggingface/transformers/blob/main/examples/pytorch/text-classification/run_glue.py
  warnings.warn(DEPRECATION_WARNING, FutureWarning)
/home/jy03364/.conda/envs/ciao/lib/python3.12/site-packages/transformers/data/metrics/__init__.py:31: FutureWarning: This metric will be removed from the library soon, metrics should be handled with the 🤗 Evaluate library. You can have a look at this example script for pointers: https://github.com/huggingface/transformers/blob/main/examples/pytorch/text-classification/run_glue.py
  warnings.warn(DEPRECATION_WARNING, FutureWarning)
INFO:src.trainer:{'eval_loss': 1.1921855211257935, 'eval_mnli/acc': 0.3370511841100076}
INFO:__main__:***** Eval results mnli *****
INFO:__main__:  eval_loss = 1.1921855211257935
INFO:__main__:  eval_mnli/acc = 0.3370511841100076

9827it [01:45, 69.25it/s]                          
9836it [01:45, 73.34it/s]
9846it [01:45, 78.55it/s]
9856it [01:45, 82.78it/s]
9866it [01:45, 84.99it/s]
9875it [01:45, 85.72it/s]
9885it [01:45, 88.67it/s]
9896it [01:46, 92.61it/s]
9906it [01:46, 93.11it/s]
9916it [01:46, 90.68it/s]
9926it [01:46, 90.59it/s]
9936it [01:46, 88.79it/s]
9946it [01:46, 88.38it/s]
9956it [01:46, 91.34it/s]
9966it [01:46, 90.08it/s]
9976it [01:46, 87.47it/s]
9986it [01:47, 88.59it/s]
9995it [01:47, 86.73it/s]
10005it [01:47, 88.19it/s]
10015it [01:47, 89.58it/s]
10024it [01:47, 89.30it/s]
10034it [01:47, 90.62it/s]
10044it [01:47, 88.89it/s]
10054it [01:47, 90.52it/s]
10064it [01:47, 88.72it/s]
10074it [01:48, 90.62it/s]
10084it [01:48, 91.15it/s]
10094it [01:48, 89.17it/s]
10104it [01:48, 90.68it/s]
10114it [01:48, 92.23it/s]
10124it [01:48, 94.26it/s]
10134it [01:48, 91.33it/s]
10144it [01:48, 83.81it/s]
10153it [01:48, 78.74it/s]
10162it [01:49, 79.69it/s]
10171it [01:49, 78.85it/s]
10181it [01:49, 81.98it/s]
10190it [01:49, 81.47it/s]
10199it [01:49, 74.67it/s]
10207it [01:49, 65.82it/s]
10214it [01:49, 61.96it/s]
10221it [01:50, 59.29it/s]
10228it [01:50, 56.67it/s]
10234it [01:50, 49.21it/s]
10240it [01:50, 49.22it/s]
10246it [01:50, 50.10it/s]
10252it [01:50, 49.94it/s]
10258it [01:50, 50.15it/s]
10264it [01:50, 48.68it/s]
10273it [01:51, 57.82it/s]
10280it [01:51, 60.17it/s]
10289it [01:51, 68.05it/s]
10299it [01:51, 75.91it/s]
10309it [01:51, 80.64it/s]
10318it [01:51, 81.84it/s]
10328it [01:51, 84.76it/s]
10337it [01:51, 86.24it/s]
10346it [01:51, 87.32it/s]
10356it [01:51, 88.61it/s]
10365it [01:52, 83.90it/s]
10375it [01:52, 88.25it/s]
10385it [01:52, 90.31it/s]
10396it [01:52, 93.85it/s]
10406it [01:52, 93.77it/s]
10416it [01:52, 94.60it/s]
10426it [01:52, 95.22it/s]
10436it [01:52, 96.58it/s]
10446it [01:52, 94.91it/s]
10456it [01:53, 92.34it/s]
10466it [01:53, 93.54it/s]
10476it [01:53, 93.79it/s]
10486it [01:53, 92.80it/s]
10496it [01:53, 94.30it/s]
10506it [01:53, 95.85it/s]
10516it [01:53, 96.44it/s]
10526it [01:53, 94.92it/s]
10536it [01:53, 94.33it/s]
10546it [01:54, 95.07it/s]
10557it [01:54, 97.19it/s]
10567it [01:54, 96.77it/s]
10577it [01:54, 95.64it/s]
10587it [01:54, 95.45it/s]
10598it [01:54, 96.31it/s]
10608it [01:54, 95.43it/s]
10618it [01:54, 94.98it/s]
10628it [01:54, 96.27it/s]
10638it [01:54, 95.43it/s]
10648it [01:55, 94.80it/s]
10658it [01:55, 94.84it/s]
10668it [01:55, 94.31it/s]
10678it [01:55, 93.94it/s]
10688it [01:55, 91.80it/s]
10698it [01:55, 93.45it/s]
10708it [01:55, 92.92it/s]
10718it [01:55, 89.72it/s]
10728it [01:55, 89.99it/s]
10738it [01:56, 92.41it/s]
10748it [01:56, 93.66it/s]
10758it [01:56, 94.46it/s]
10768it [01:56, 95.58it/s]
10778it [01:56, 92.29it/s]
10788it [01:56, 89.84it/s]
10798it [01:56, 90.39it/s]
10808it [01:56, 79.55it/s]
10817it [01:56, 78.51it/s]
10826it [01:57, 79.52it/s]
10836it [01:57, 84.03it/s]
10846it [01:57, 86.50it/s]
10857it [01:57, 90.59it/s]
10867it [01:57, 91.80it/s]
10877it [01:57, 90.73it/s]
10887it [01:57, 89.13it/s]
10896it [01:57, 89.04it/s]
10906it [01:57, 90.38it/s]
10917it [01:58, 93.52it/s]
10927it [01:58, 92.45it/s]
10937it [01:58, 94.47it/s]
10947it [01:58, 93.32it/s]
10957it [01:58, 93.23it/s]
10967it [01:58, 93.62it/s]
10977it [01:58, 89.26it/s]
10987it [01:58, 91.28it/s]
10998it [01:58, 94.08it/s]
11008it [01:59, 92.84it/s]
11018it [01:59, 93.59it/s]
11028it [01:59, 91.77it/s]
11038it [01:59, 93.31it/s]
11048it [01:59, 93.68it/s]
11058it [01:59, 94.22it/s]
11069it [01:59, 96.39it/s]
11079it [01:59, 95.96it/s]
11089it [01:59, 95.33it/s]
11099it [02:00, 95.19it/s]
11109it [02:00, 95.53it/s]
11120it [02:00, 97.49it/s]
11130it [02:00, 98.08it/s]
11140it [02:00, 97.58it/s]
11150it [02:00, 95.10it/s]
11160it [02:00, 96.25it/s]
11170it [02:00, 96.82it/s]
11180it [02:00, 96.85it/s]
11190it [02:00, 97.29it/s]
11200it [02:01, 97.64it/s]
11210it [02:01, 94.25it/s]
11220it [02:01, 92.55it/s]
11230it [02:01, 93.01it/s]
11240it [02:01, 93.50it/s]
11250it [02:01, 91.57it/s]
11260it [02:01, 92.53it/s]
11270it [02:01, 93.95it/s]
11280it [02:01, 95.06it/s]
11291it [02:02, 96.79it/s]
11301it [02:02, 97.05it/s]
11311it [02:02, 97.22it/s]
11321it [02:02, 95.58it/s]
11332it [02:02, 97.20it/s]
11342it [02:02, 95.49it/s]
11352it [02:02, 94.06it/s]
11362it [02:02, 94.65it/s]
11372it [02:02, 94.42it/s]
11382it [02:02, 93.69it/s]
11392it [02:03, 94.25it/s]
11402it [02:03, 95.09it/s]
11412it [02:03, 94.09it/s]
11422it [02:03, 95.69it/s]
11432it [02:03, 96.21it/s]
11442it [02:03, 95.55it/s]
11452it [02:03, 94.51it/s]
11462it [02:03, 95.56it/s]
11472it [02:03, 93.77it/s]
11482it [02:04, 92.41it/s]
11492it [02:04, 94.06it/s]
11502it [02:04, 93.49it/s]
11512it [02:04, 89.75it/s]
11522it [02:04, 90.99it/s]
11532it [02:04, 93.50it/s]
11542it [02:04, 91.87it/s]
11552it [02:04, 92.75it/s]
11562it [02:04, 92.16it/s]
11572it [02:05, 93.11it/s]
11582it [02:05, 94.25it/s]
11592it [02:05, 93.66it/s]
11602it [02:05, 91.85it/s]
11612it [02:05, 93.19it/s]
11622it [02:05, 93.70it/s]
11632it [02:05, 92.98it/s]
11642it [02:05, 93.63it/s]
11652it [02:05, 93.66it/s]
11662it [02:05, 92.97it/s]
11672it [02:06, 93.46it/s]
11682it [02:06, 93.76it/s]
11692it [02:06, 92.43it/s]
11702it [02:06, 91.43it/s]
11712it [02:06, 92.82it/s]
11722it [02:06, 94.13it/s]
11732it [02:06, 93.91it/s]
11742it [02:06, 94.83it/s]
11752it [02:06, 94.42it/s]
11762it [02:07, 94.72it/s]
11772it [02:07, 94.94it/s]
11782it [02:07, 95.67it/s]
11792it [02:07, 96.25it/s]
11802it [02:07, 96.55it/s]
11812it [02:07, 95.41it/s]
11822it [02:07, 92.84it/s]
11832it [02:07, 89.34it/s]
11842it [02:07, 89.39it/s]
11852it [02:08, 89.35it/s]
11862it [02:08, 90.99it/s]
11872it [02:08, 89.37it/s]
11881it [02:08, 86.67it/s]
11890it [02:08, 86.80it/s]
11899it [02:08, 87.10it/s]
11908it [02:08, 87.93it/s]
11918it [02:08, 89.38it/s]
11927it [02:08, 87.94it/s]
11936it [02:08, 87.84it/s]
11945it [02:09, 87.41it/s]
11955it [02:09, 88.88it/s]
11964it [02:09, 88.23it/s]
11975it [02:09, 92.10it/s]
11985it [02:09, 92.46it/s]
11995it [02:09, 85.76it/s]
12004it [02:09, 84.19it/s]
12013it [02:09, 81.37it/s]
12022it [02:09, 81.24it/s]
12031it [02:10, 79.51it/s]
12040it [02:10, 82.10it/s]
12049it [02:10, 81.37it/s]
12058it [02:10, 68.62it/s]
12066it [02:10, 61.25it/s]
12073it [02:10, 59.41it/s]
12080it [02:10, 56.40it/s]
12086it [02:11, 53.77it/s]
12092it [02:11, 46.88it/s]
12098it [02:11, 48.41it/s]
12104it [02:11, 49.20it/s]
12110it [02:11, 49.91it/s]
12116it [02:11, 49.00it/s]
12123it [02:11, 53.42it/s]
12131it [02:11, 58.49it/s]
12139it [02:12, 62.92it/s]
12149it [02:12, 71.74it/s]
12159it [02:12, 79.12it/s]
12169it [02:12, 83.25it/s]
12178it [02:12, 84.30it/s]
12188it [02:12, 87.72it/s]
12198it [02:12, 88.60it/s]
12207it [02:12, 88.67it/s]
12216it [02:12, 88.52it/s]
12225it [02:12, 86.74it/s]
12234it [02:13, 86.96it/s]
12244it [02:13, 87.37it/s]
12254it [02:13, 88.63it/s]
12264it [02:13, 89.74it/s]INFO:src.trainer:{'eval_loss': 1.1981029510498047, 'eval_mnli/acc': 0.32358634742740705}
INFO:__main__:***** Test results mnli *****
INFO:__main__:  eval_loss = 1.1981029510498047
INFO:__main__:  eval_mnli/acc = 0.32358634742740705
INFO:__main__:****** Output Dir *******
INFO:__main__:/scratch/jy03364/MeZO_/experiments/speed_bench_h100/zo_method_matrix_20260418/roberta-large/MNLI/int8/mezo/run/seed16

12272it [02:13, 91.74it/s]

TASK: MNLI
K: 16
Seed: 16
Data seed: 16
Dataset mode: full
Full dev ratio: 0.1
BS: 32
LR: 1e-6
EPS: 1e-4
Step: 5; Eval step: 5000
Optimizer: sgd
Use trainer optimizer for ZO: False
Efficient zero order: True
Using adaptive h: False
Dataloader shuffle: False
Grid search tag: seed16-bs32-lr1e-6-eps1e-4-wd0-step5-evalstep5000
Tag: k16-roberta-large-mezo-zo-matrix-mezo-int8-mnli
Result root: /scratch/jy03364/MeZO_/experiments/speed_bench_h100/zo_method_matrix_20260418/roberta-large/MNLI/int8/mezo
Job name: run
Output dir: /scratch/jy03364/MeZO_/experiments/speed_bench_h100/zo_method_matrix_20260418/roberta-large/MNLI/int8/mezo/run/seed16
Dataset mode: full
Data root: data/k-shot-1k-test
Full dev ratio: 0.1
GPU数量: 1
RobertaConfig {
  "architectures": [
    "RobertaForMaskedLM"
  ],
  "attention_probs_dropout_prob": 0.1,
  "bos_token_id": 0,
  "classifier_dropout": null,
  "dtype": "float32",
  "eos_token_id": 2,
  "finetuning_task": "mnli",
  "hidden_act": "gelu",
  "hidden_dropout_prob": 0.1,
  "hidden_size": 1024,
  "id2label": {
    "0": "LABEL_0",
    "1": "LABEL_1",
    "2": "LABEL_2"
  },
  "initializer_range": 0.02,
  "intermediate_size": 4096,
  "label2id": {
    "LABEL_0": 0,
    "LABEL_1": 1,
    "LABEL_2": 2
  },
  "layer_norm_eps": 1e-05,
  "max_position_embeddings": 514,
  "model_type": "roberta",
  "num_attention_heads": 16,
  "num_hidden_layers": 24,
  "pad_token_id": 1,
  "position_embedding_type": "absolute",
  "transformers_version": "4.56.0",
  "type_vocab_size": 1,
  "use_cache": true,
  "vocab_size": 50265
}


