./mezo.sh: line 33: jq: command not found
WARNING:__main__:Process rank: -1, device: cuda:0, n_gpu: 1, distributed training: False, 16-bits training: False
INFO:__main__:Training/evaluation parameters DynamicTrainingArguments(
_n_gpu=1,
accelerator_config={'split_batches': False, 'dispatch_batches': None, 'even_batches': True, 'use_seedable_sampler': True, 'non_blocking': False, 'gradient_accumulation_kwargs': None, 'use_configured_state': False},
adafactor=False,
adam_beta1=0.9,
adam_beta2=0.999,
adam_epsilon=1e-08,
adaptive_h_ema_beta=0.1,
adaptive_h_estimate_num_batches=4,
adaptive_h_estimate_num_directions=3,
adaptive_h_estimate_reduce=mean,
adaptive_h_max=0.5,
adaptive_h_min=1e-05,
adaptive_h_probe_buffer_size=64,
adjust_for_init=False,
array_id=-1,
auto_find_batch_size=False,
average_tokens_across_devices=False,
batch_eval_metrics=False,
bf16=False,
bf16_full_eval=False,
binary_classification=False,
change_grad_estimate=False,
data_seed=16,
dataloader_drop_last=False,
dataloader_num_workers=0,
dataloader_persistent_workers=False,
dataloader_pin_memory=True,
dataloader_prefetch_factor=None,
dataloader_shuffle=False,
ddp_backend=None,
ddp_broadcast_buffers=None,
ddp_bucket_cap_mb=None,
ddp_find_unused_parameters=None,
ddp_timeout=1800,
debug=[],
deepspeed=None,
dh_h_growth=2.0,
dh_max_trials=10,
dh_test_h=0.01,
disable_tqdm=False,
do_eval=True,
do_predict=True,
do_train=True,
efficient_zero_order=True,
efficient_zero_order_fp16=False,
enable_additive_h_estimation=False,
enable_two_point_h_estimation=False,
eval_accumulation_steps=None,
eval_delay=0,
eval_do_concat_batches=True,
eval_on_start=False,
eval_steps=5000.0,
eval_strategy=IntervalStrategy.NO,
eval_use_gather_object=False,
evaluate_during_training=True,
exclude_embeddings=False,
exclude_first_layers=-1,
exclude_head=False,
f0_scaling=1.0,
fix_layers=0,
fp16=False,
fp16_backend=auto,
fp16_full_eval=False,
fp16_opt_level=O1,
from_linearhead=False,
fsdp=[],
fsdp_config={'min_num_params': 0, 'xla': False, 'xla_fsdp_v2': False, 'xla_fsdp_grad_ckpt': False},
fsdp_min_num_params=0,
fsdp_transformer_layer_cls_to_wrap=None,
full_determinism=False,
gradient_accumulation_steps=1,
gradient_checkpointing=False,
gradient_checkpointing_kwargs=None,
greater_is_better=None,
group_by_length=False,
h_estimation_active_source=fixed,
h_trunc_alpha=1.0,
half_precision_backend=auto,
head_tuning=False,
hf_inference_model=False,
hizoo_hessian_smooth_type=constant0,
hub_always_push=False,
hub_model_id=None,
hub_private_repo=None,
hub_revision=None,
hub_strategy=HubStrategy.EVERY_SAVE,
hub_token=<HUB_TOKEN>,
ignore_data_skip=False,
include_for_metrics=[],
include_inputs_for_metrics=False,
include_num_input_tokens_seen=False,
include_tokens_per_second=False,
initial_h=0.001,
jit_mode_eval=False,
kernel_formula=sgd,
kernel_gamma=1.0,
kernel_regularization=0.0,
kernel_solver=logistic,
label_names=None,
label_smoothing_factor=0.0,
layer_wise_optim=False,
learning_rate=1e-06,
length_column_name=length,
liger_kernel_config=None,
load_best_model_at_end=False,
load_kernels=None,
local_rank=-1,
log_file=log-USE_H0-USE_C0,
log_level=passive,
log_level_replica=warning,
log_on_each_node=True,
logging_dir=/scratch/jy03364/MeZO_/experiments/speed_bench_h100/zo_method_matrix_smoke2/roberta-large/MNLI/fp16/mezo/run/seed16/runs/Apr18_19-08-23_ra7-1,
logging_first_step=False,
logging_nan_inf_filter=True,
logging_steps=10,
logging_strategy=IntervalStrategy.STEPS,
lozo_beta1=0.9,
lozo_rank=2,
lozo_step_interval=50,
lp_early_stopping=False,
lr_scheduler_kwargs={},
lr_scheduler_type=SchedulerType.CONSTANT,
max_grad_norm=1.0,
max_steps=5,
max_zo_forward_steps=0,
mc_tol=0.1,
measure_perf_tail=True,
measure_perf_tail_window_steps=3,
metric_for_best_model=None,
model_id=-1,
mp_parameters=,
neftune_noise_alpha=None,
no_cuda=False,
no_predict=False,
no_reparam=False,
no_train=False,
norm_running_update=False,
nu3_retry=3,
num_hvp_vecs=128,
num_prefix=10,
num_train_epochs=3.0,
only_biases=False,
optim=OptimizerNames.ADAMW_TORCH,
optim_args=None,
optim_target_modules=None,
optimize_acc=False,
optimizer=sgd,
optimizer_variant=,
output_dir=/scratch/jy03364/MeZO_/experiments/speed_bench_h100/zo_method_matrix_smoke2/roberta-large/MNLI/fp16/mezo/run/seed16,
overwrite_kernels=False,
overwrite_output_dir=True,
parallelism_config=None,
past_index=-1,
per_device_eval_batch_size=4,
per_device_train_batch_size=32,
prediction_loss_only=False,
prefix_init_by_real_act=False,
prefix_tuning=False,
prob_as_feature=False,
push_to_hub=False,
push_to_hub_model_id=None,
push_to_hub_organization=None,
push_to_hub_token=<PUSH_TO_HUB_TOKEN>,
random_model_init=False,
ray_scope=last,
recompute_norms=False,
remove_unused_columns=True,
report_to=[],
restore_callback_states_from_checkpoint=False,
resume_from_checkpoint=None,
run_name=None,
save_at_last=False,
save_logit=False,
save_logit_dir=None,
save_on_each_node=False,
save_only_model=False,
save_safetensors=True,
save_steps=500,
save_strategy=SaveStrategy.STEPS,
save_total_limit=None,
scale_lr_with_samples=False,
scale_norm_by_num_params=False,
seed=16,
skip_memory_metrics=True,
sparse_log_active_fraction=True,
sparse_mask_refresh_steps=100,
sparse_mask_strategy=percentile_per_layer,
sparse_ratio=1.0,
sparse_scope=trainable_only,
sweep=False,
sync_embedding_layers=False,
tf32=None,
tie_emb=False,
torch_compile=False,
torch_compile_backend=None,
torch_compile_mode=None,
torch_empty_cache_steps=None,
torchdynamo=None,
tpu_metrics_debug=False,
tpu_num_cores=None,
trainer=standard,
two_point_h_beta=0.5,
two_point_h_c2=1.0,
two_point_h_delta_sample_size=4096,
two_point_h_eps_num=1e-12,
two_point_h_fixed_probe_batch=True,
two_point_h_log_csv=True,
two_point_h_max=0.5,
two_point_h_min=1e-05,
two_point_h_num_directions_g=4,
two_point_h_num_directions_l=4,
two_point_h_q_l=0.5,
two_point_h_refresh_every=100,
two_point_h_window_delta=3,
two_point_h_window_g=5,
two_point_h_window_l=5,
untie_emb=False,
update_noise_every=1000,
use_adaptive_h=False,
use_c_scale=False,
use_cpu=False,
use_ipex=False,
use_legacy_prediction_loop=False,
use_liger_kernel=False,
use_mps_device=False,
use_torchao_float8=False,
use_zo_grad_est=False,
warmup_ratio=0.0,
warmup_steps=0,
weight_decay=0.0,
zero_order_clip_grad=False,
zero_order_eps=0.0001,
zero_order_optim=True,
zero_order_sample=1,
zero_order_sample_scheduler=None,
zero_order_use_trainer_optim=False,
zo_by_layer=False,
zo_method=mezo,
zo_probe_every=0,
zo_probe_log_csv=True,
zo_probe_num_seeds=16,
zo_quantization=None,
zo_quantization_bits=16,
zo_two_point_precision=fp16,
zo_use_true_directional_derivative=False,
zo_variant=None,
)
INFO:__main__:[zo-config] zo_two_point_precision=fp16 | zero_order_eps=0.0001 | zo_use_true_directional_derivative=False
INFO:__main__:[quzo-config] zo_quantization_bits=16 | quzo_enabled=True
INFO:__main__:[sparse-mezo-config] enabled=False | sparse_ratio=1.0 | sparse_mask_strategy=percentile_per_layer | sparse_scope=trainable_only | sparse_log_active_fraction=True | sparse_mask_refresh_steps=100
INFO:__main__:[sparse-mezo-config] ratio semantics: sparse_ratio targets the active fraction per trainable tensor; ratio=1.0 disables masking. Order: refresh thresholds+mask on the configured cadence -> sample sparse-aware direction -> apply QuZO snapping after the sparse perturb/update path when low-bit QuZO is active.
INFO:__main__:Task name: mnli, number of labels: 3, output mode: classification
INFO:__main__:[data] dataset_mode requested=full resolved=full
INFO:__main__:[data] task_dir=MNLI data_seed=16
INFO:__main__:[data] auto_download=0 original_data_root=/scratch/jy03364/MeZO_/medium_models/data/original
INFO:__main__:[data] auto_generate=0 target=/scratch/jy03364/MeZO_/medium_models/data/k-shot-1k-test/MNLI/full-16
INFO:__main__:[data] resolved_data_dir=/scratch/jy03364/MeZO_/medium_models/data/k-shot-1k-test/MNLI/full-16
WARNING:src.models:By default for RoBERTa models the input embeddings and the output embeddings are NOT tied!!!!
Some weights of RobertaModelForPromptFinetuning were not initialized from the model checkpoint at roberta-large and are newly initialized: ['classifier.bias', 'classifier.weight', 'lm_head.decoder.weight', 'roberta.pooler.dense.bias', 'roberta.pooler.dense.weight']
You should probably TRAIN this model on a down-stream task to be able to use it for predictions and inference.
INFO:src.dataset:Label contradiction to word ĠNo (440)
INFO:src.dataset:Label entailment to word ĠYes (3216)
INFO:src.dataset:Label neutral to word ĠMaybe (5359)
INFO:src.dataset:Total num_sample for mode train: 1
INFO:src.dataset:Creating/loading examples from dataset file at /scratch/jy03364/MeZO_/medium_models/data/k-shot-1k-test/MNLI/full-16
INFO:src.dataset:[FewShotDataset] Skip cache in TRAIN mode to avoid OOM on large datasets (e.g., MNLI).
INFO:src.dataset:Creating features from dataset file at /scratch/jy03364/MeZO_/medium_models/data/k-shot-1k-test/MNLI/full-16
INFO:src.dataset:Label contradiction to word ĠNo (440)
INFO:src.dataset:Label entailment to word ĠYes (3216)
INFO:src.dataset:Label neutral to word ĠMaybe (5359)
INFO:src.dataset:Total num_sample for mode dev: 1
INFO:src.dataset:Creating/loading examples from dataset file at /scratch/jy03364/MeZO_/medium_models/data/k-shot-1k-test/MNLI/full-16
/scratch/jy03364/MeZO_/medium_models/src/dataset.py:363: FutureWarning: You are using `torch.load` with `weights_only=False` (the current default value), which uses the default pickle module implicitly. It is possible to construct malicious pickle data which will execute arbitrary code during unpickling (See https://github.com/pytorch/pytorch/blob/main/SECURITY.md#untrusted-models for more details). In a future release, the default value for `weights_only` will be flipped to `True`. This limits the functions that could be executed during unpickling. Arbitrary objects will no longer be allowed to be loaded via this mode unless they are explicitly allowlisted by the user via `torch.serialization.add_safe_globals`. We recommend you start setting `weights_only=True` for any use case where you don't have full control of the loaded file. Please open an issue on GitHub for any issues related to this experimental feature.
  self.support_examples, self.query_examples = torch.load(cached_features_file)
INFO:src.dataset:Loading features from cached file /scratch/jy03364/MeZO_/medium_models/data/k-shot-1k-test/MNLI/full-16/cached_dev_RobertaTokenizerFast-roberta_256_mnli [took 0.663 s]
INFO:src.dataset:*** Example ***
INFO:src.dataset:guid: dev_matched-263856
INFO:src.dataset:features: OurInputFeatures(input_ids=[0, 487, 4132, 298, 1180, 18, 82, 32, 481, 7, 989, 5, 2946, 6, 53, 683, 51, 517, 5140, 6, 51, 189, 28, 3179, 5537, 7, 671, 116, 50264, 6, 71, 1375, 8, 1618, 5, 2946, 6, 234, 4132, 298, 1180, 18, 82, 189, 45, 28, 576, 5537, 7, 671, 4, 2], attention_mask=[1, 1, 1, 1, 1, 1, 1, 1, 1, 1, 1, 1, 1, 1, 1, 1, 1, 1, 1, 1, 1, 1, 1, 1, 1, 1, 1, 1, 1, 1, 1, 1, 1, 1, 1, 1, 1, 1, 1, 1, 1, 1, 1, 1, 1, 1, 1, 1, 1, 1, 1, 1], token_type_ids=None, label=1, mask_pos=[28], label_word_list=None, sfc_input_ids=None, sfc_attention_mask=None, sfc_mask_pos=None)
INFO:src.dataset:text: <s>Niihau's people are free to leave the island, but once they move elsewhere, they may be refused permission to return?<mask>, after moving and leaving the island, Niihau's people may not be given permission to return.</s>
WARNING:src.dataset:Input exceeds max_length limit: <s>uh-huh oh i feel that is certainly if you're going to carry one you need to be uh very comfortable with the piece and have enough uh knowledge and insight for your own self on whether or not you're going to use it in that situation and not pull it unless you intend to because i i feel like that's you know i mean i'm i'm i'm all for uh people having having firearms or having whatever form of protection they prefer because you know even though the odds is you know the criminal ends up getting the gun and shooting the people to begin with you know the people that had it in the beginning but if the if if you're talking about uh two people if you're talking about a criminal an assailant that is coming at you with a gun and you don't have a gun at all well the chances are a hundred percent they're going to get you if you if you both of you have a firearm you've at least got that fifty percent chance that you may get them first and so i believe in that but i i've not ever felt comfortable in it i guess it's  i'm glad i  i'm glad i um i'm that i'm married to someone?<mask>, i think you need to know a lot about guns if you're goign to carry one.</s>
WARNING:src.dataset:Input exceeds max_length limit: <s>we went uh and did a a thing through IBS which is a like a financial consultant  type thing here in Dallas and uh one of the things that we talked about with the counselor there was you know they work up this whole big you know proposal profile for you that every all the things that you need to work on and you need to do and then one of the things that we talked about with her was you know the need to save for our son's education we have a two year old you know and and you know we can't start saving for college when he's sixteen you know we have to do that now and and uh they have a way that they can figure you know what you know and he's two now in sixteen years when he's ready to go to college this is how much it'll cost you know and it's just really scary the thought of how much it's going to it's what it costs now is ridiculous what it's going to cost sixteen years from now is just really scary and they sat down and figured up that we needed to save like fifteen between fifteen and seventeen hundred dollars a year at a oh you know six percent interest rate to be able to have you know?<mask>, we worked with a financial consultant through IBS in Dallas.</s>
WARNING:src.dataset:Input exceeds max_length limit: <s>yes i'm i'm i have some great concerns about uh my my parents and my relatives reaching that age um around here where i live in Maryland in the Washington area there's there's and uh i used to live down in Dallas there was just so many stories about uh rest homes where the people are being abused where the people are being kept in filthy conditions in fact here in Baltimore they've actually shut a couple of them down and taken all the people out of them because they were so uh bug infested and rat infested and it i you know really concerns me that um first of all that anyone could let someone live like that but if you have to you know how do you make sure i mean i'm sure when you make your appointment and go by everybody puts on a happy face um you know how are you sure that the home is really as good as it is because once you put someone into there you know they may not like the fact that they've been put in there and they might complain about the place all the time even though it's the best place in the whole world they could be just because they want to make you feel guilty for putting them in there and you kno?<mask>, i am worried about how landlords could let people live in such poor conditions.</s>
INFO:src.dataset:Label contradiction to word ĠNo (440)
INFO:src.dataset:Label entailment to word ĠYes (3216)
INFO:src.dataset:Label neutral to word ĠMaybe (5359)
INFO:src.dataset:Total num_sample for mode test: 1
INFO:src.dataset:Creating/loading examples from dataset file at /scratch/jy03364/MeZO_/medium_models/data/k-shot-1k-test/MNLI/full-16
INFO:src.dataset:Loading features from cached file /scratch/jy03364/MeZO_/medium_models/data/k-shot-1k-test/MNLI/full-16/cached_test_RobertaTokenizerFast-roberta_256_mnli [took 0.682 s]
INFO:src.dataset:*** Example ***
INFO:src.dataset:guid: test_matched-0
INFO:src.dataset:features: OurInputFeatures(input_ids=[0, 133, 92, 659, 32, 2579, 1177, 13098, 116, 50264, 6, 961, 269, 3829, 5, 8946, 1795, 1437, 2], attention_mask=[1, 1, 1, 1, 1, 1, 1, 1, 1, 1, 1, 1, 1, 1, 1, 1, 1, 1, 1], token_type_ids=None, label=2, mask_pos=[9], label_word_list=None, sfc_input_ids=None, sfc_attention_mask=None, sfc_mask_pos=None)
INFO:src.dataset:text: <s>The new rights are nice enoug?<mask>, everyone really likes the newest benefits </s>
INFO:__main__:[quzo-config] quantized model parameters in-place at 16 bits before ZO training
huggingface/tokenizers: The current process just got forked, after parallelism has already been used. Disabling parallelism to avoid deadlocks...
To disable this warning, you can either:
	- Avoid using `tokenizers` before the fork if possible
	- Explicitly set the environment variable TOKENIZERS_PARALLELISM=(true | false)
INFO:src.trainer:[dataloader][debug] self class=Trainer, get_train_dataloader=<bound method Trainer.get_train_dataloader of <src.trainer.Trainer object at 0x14da822ecc20>>
INFO:src.trainer:[dataloader][override] Trainer.get_train_dataloader active. shuffle_raw=False type=bool -> shuffle=False; data_seed=16 seed=16 local_rank=-1
INFO:src.trainer:[dataloader][override] selected sampler=SequentialSampler
INFO:src.trainer:[dataloader] sampler=SequentialSampler, batch_sampler=BatchSampler
INFO:src.trainer:[dataloader] training uses SequentialSampler (no shuffle).
INFO:src.trainer:[dataloader] args.dataloader_shuffle=False
INFO:src.trainer:[dataloader] args.data_seed=16 args.seed=16
INFO:src.trainer:***** Running training *****
INFO:src.trainer:  Num examples = 353432
INFO:src.trainer:  Num Epochs = 1
INFO:src.trainer:  Instantaneous batch size per device = 32
INFO:src.trainer:  Total train batch size (w. parallel, distributed & accumulation) = 32
INFO:src.trainer:  Gradient Accumulation steps = 1
INFO:src.trainer:  Total optimization steps = 5
INFO:src.trainer:[zo-config] zo_two_point_precision=fp16 | zero_order_eps=0.0001 | zo_use_true_directional_derivative=False
INFO:src.trainer:[h_estimation][init] h0=1.000e-03 active_source=fixed additive=False two_point=False
You're using a RobertaTokenizerFast tokenizer. Please note that with a fast tokenizer, using the `__call__` method is faster than using a method to encode the text followed by a call to the `pad` method to get a padded encoding.
/scratch/jy03364/MeZO_/medium_models/src/trainer.py:2281: FutureWarning: `torch.cuda.amp.autocast(args...)` is deprecated. Please use `torch.amp.autocast('cuda', args...)` instead.
  return autocast(dtype=torch.float16)
INFO:src.trainer:{'loss': 1.2233734130859375, 'learning_rate': 1e-06, 'global_step': 0, 'zo_forward_step': 2, 'max_steps': 5, 'max_zo_forward_steps': 0, 'time': 0, 'eps': 0.0001}
INFO:src.trainer:[perf-tail] measurement enabled: start_step=3 window_steps=3 total_train_batch_size=32
INFO:src.trainer:

Training completed. Do not forget to share your model on huggingface.co/models =)


INFO:src.trainer:[perf-tail] measured_steps=4 wallclock_per_step=0.066656 samples_per_second=480.076430 max_gpu_memory_gb=1.1761
INFO:__main__:evaluate_during_training=True but no in-memory best checkpoint was recorded; keeping the current model weights.
INFO:__main__:*** Validate ***
/home/jy03364/.conda/envs/ciao/lib/python3.12/site-packages/transformers/trainer_pt_utils.py:476: FutureWarning: DistributedTensorGatherer is deprecated and will be removed in v5 of Transformers.
  warnings.warn(

  0%|          | 0/9818 [00:00<?, ?it/s]
  0%|          | 14/9818 [00:00<01:12, 134.86it/s]
  0%|          | 28/9818 [00:00<01:16, 128.58it/s]
  0%|          | 41/9818 [00:00<01:16, 127.04it/s]
  1%|          | 54/9818 [00:00<01:17, 126.35it/s]
  1%|          | 67/9818 [00:00<01:17, 126.27it/s]
  1%|          | 80/9818 [00:00<01:17, 126.31it/s]
  1%|          | 93/9818 [00:00<01:17, 125.88it/s]
  1%|          | 106/9818 [00:00<01:17, 125.86it/s]
  1%|          | 119/9818 [00:00<01:17, 125.92it/s]
  1%|▏         | 132/9818 [00:01<01:19, 122.41it/s]
  1%|▏         | 145/9818 [00:01<01:20, 119.90it/s]
  2%|▏         | 158/9818 [00:01<01:19, 121.60it/s]
  2%|▏         | 171/9818 [00:01<01:18, 123.03it/s]
  2%|▏         | 184/9818 [00:01<01:17, 123.72it/s]
  2%|▏         | 197/9818 [00:01<01:17, 124.31it/s]
  2%|▏         | 210/9818 [00:01<01:17, 123.87it/s]
  2%|▏         | 223/9818 [00:01<01:16, 124.66it/s]
  2%|▏         | 236/9818 [00:01<01:16, 125.34it/s]
  3%|▎         | 249/9818 [00:01<01:16, 125.52it/s]
  3%|▎         | 262/9818 [00:02<01:16, 125.45it/s]
  3%|▎         | 275/9818 [00:02<01:15, 125.86it/s]
  3%|▎         | 288/9818 [00:02<01:15, 126.22it/s]
  3%|▎         | 301/9818 [00:02<01:17, 122.38it/s]
  3%|▎         | 314/9818 [00:02<01:19, 119.81it/s]
  3%|▎         | 327/9818 [00:02<01:18, 121.64it/s]
  3%|▎         | 340/9818 [00:02<01:17, 122.96it/s]
  4%|▎         | 353/9818 [00:02<01:16, 124.21it/s]
  4%|▎         | 366/9818 [00:02<01:15, 125.02it/s]
  4%|▍         | 379/9818 [00:03<01:15, 125.31it/s]
  4%|▍         | 392/9818 [00:03<01:14, 125.78it/s]
  4%|▍         | 405/9818 [00:03<01:14, 126.19it/s]
  4%|▍         | 418/9818 [00:03<01:14, 126.04it/s]
  4%|▍         | 431/9818 [00:03<01:14, 125.72it/s]
  5%|▍         | 444/9818 [00:03<01:14, 125.57it/s]
  5%|▍         | 457/9818 [00:03<01:16, 122.30it/s]
  5%|▍         | 470/9818 [00:03<01:17, 120.32it/s]
  5%|▍         | 483/9818 [00:03<01:16, 121.99it/s]
  5%|▌         | 496/9818 [00:03<01:15, 123.03it/s]
  5%|▌         | 509/9818 [00:04<01:15, 123.83it/s]
  5%|▌         | 522/9818 [00:04<01:14, 124.98it/s]
  5%|▌         | 535/9818 [00:04<01:13, 125.57it/s]
  6%|▌         | 548/9818 [00:04<01:13, 125.81it/s]
  6%|▌         | 561/9818 [00:04<01:13, 126.02it/s]
  6%|▌         | 574/9818 [00:04<01:13, 126.24it/s]
  6%|▌         | 587/9818 [00:04<01:13, 126.23it/s]
  6%|▌         | 600/9818 [00:04<01:12, 126.42it/s]
  6%|▌         | 613/9818 [00:04<01:13, 125.90it/s]
  6%|▋         | 626/9818 [00:05<01:16, 120.94it/s]
  7%|▋         | 639/9818 [00:05<01:15, 120.99it/s]
  7%|▋         | 652/9818 [00:05<01:14, 122.63it/s]
  7%|▋         | 665/9818 [00:05<01:13, 123.77it/s]
  7%|▋         | 678/9818 [00:05<01:13, 124.46it/s]
  7%|▋         | 691/9818 [00:05<01:12, 125.08it/s]
  7%|▋         | 704/9818 [00:05<01:12, 125.45it/s]
  7%|▋         | 717/9818 [00:05<01:12, 125.88it/s]
  7%|▋         | 730/9818 [00:05<01:12, 126.11it/s]
  8%|▊         | 743/9818 [00:05<01:11, 126.13it/s]
  8%|▊         | 756/9818 [00:06<01:11, 126.19it/s]
  8%|▊         | 769/9818 [00:06<01:11, 126.33it/s]
  8%|▊         | 782/9818 [00:06<01:13, 122.46it/s]
  8%|▊         | 795/9818 [00:06<01:14, 120.37it/s]
  8%|▊         | 808/9818 [00:06<01:13, 122.21it/s]
  8%|▊         | 821/9818 [00:06<01:12, 123.66it/s]
  8%|▊         | 834/9818 [00:06<01:12, 124.44it/s]
  9%|▊         | 847/9818 [00:06<01:11, 125.02it/s]
  9%|▉         | 860/9818 [00:06<01:11, 125.66it/s]
  9%|▉         | 873/9818 [00:07<01:11, 125.87it/s]
  9%|▉         | 886/9818 [00:07<01:10, 126.11it/s]
  9%|▉         | 899/9818 [00:07<01:10, 126.14it/s]
  9%|▉         | 912/9818 [00:07<01:10, 126.14it/s]
  9%|▉         | 925/9818 [00:07<01:10, 125.98it/s]
 10%|▉         | 938/9818 [00:07<01:11, 124.00it/s]
 10%|▉         | 951/9818 [00:07<01:13, 120.35it/s]
 10%|▉         | 964/9818 [00:07<01:12, 122.01it/s]
 10%|▉         | 977/9818 [00:07<01:11, 123.37it/s]
 10%|█         | 990/9818 [00:07<01:11, 124.20it/s]
 10%|█         | 1003/9818 [00:08<01:10, 124.92it/s]
 10%|█         | 1016/9818 [00:08<01:10, 125.62it/s]
 10%|█         | 1029/9818 [00:08<01:09, 126.44it/s]
 11%|█         | 1042/9818 [00:08<01:09, 126.70it/s]
 11%|█         | 1055/9818 [00:08<01:09, 126.09it/s]
 11%|█         | 1068/9818 [00:08<01:09, 126.18it/s]
 11%|█         | 1081/9818 [00:08<01:09, 126.28it/s]
 11%|█         | 1094/9818 [00:08<01:08, 126.53it/s]
 11%|█▏        | 1107/9818 [00:08<01:11, 122.57it/s]
 11%|█▏        | 1120/9818 [00:08<01:10, 123.78it/s]
 12%|█▏        | 1133/9818 [00:09<01:09, 124.36it/s]
 12%|█▏        | 1146/9818 [00:09<01:09, 124.83it/s]
 12%|█▏        | 1159/9818 [00:09<01:09, 125.27it/s]
 12%|█▏        | 1172/9818 [00:09<01:08, 125.51it/s]
 12%|█▏        | 1185/9818 [00:09<01:08, 125.52it/s]
 12%|█▏        | 1198/9818 [00:09<01:08, 125.65it/s]
 12%|█▏        | 1211/9818 [00:09<01:08, 125.86it/s]
 12%|█▏        | 1224/9818 [00:09<01:08, 126.21it/s]
 13%|█▎        | 1237/9818 [00:09<01:07, 126.41it/s]
 13%|█▎        | 1250/9818 [00:10<01:07, 126.53it/s]
 13%|█▎        | 1263/9818 [00:10<01:08, 124.16it/s]
 13%|█▎        | 1276/9818 [00:10<01:11, 119.36it/s]
 13%|█▎        | 1289/9818 [00:10<01:10, 121.23it/s]
 13%|█▎        | 1302/9818 [00:10<01:09, 122.77it/s]
 13%|█▎        | 1315/9818 [00:10<01:08, 123.99it/s]
 14%|█▎        | 1328/9818 [00:10<01:07, 124.97it/s]
 14%|█▎        | 1341/9818 [00:10<01:10, 120.37it/s]
 14%|█▍        | 1354/9818 [00:10<01:26, 98.01it/s] 
 14%|█▍        | 1366/9818 [00:11<01:22, 101.97it/s]
 14%|█▍        | 1379/9818 [00:11<01:17, 108.43it/s]
 14%|█▍        | 1392/9818 [00:11<01:14, 113.41it/s]
 14%|█▍        | 1405/9818 [00:11<01:11, 116.94it/s]
 14%|█▍        | 1417/9818 [00:11<01:12, 116.02it/s]
 15%|█▍        | 1430/9818 [00:11<01:10, 118.68it/s]
 15%|█▍        | 1443/9818 [00:11<01:16, 108.96it/s]
 15%|█▍        | 1456/9818 [00:11<01:13, 113.67it/s]
 15%|█▍        | 1469/9818 [00:11<01:11, 117.14it/s]
 15%|█▌        | 1481/9818 [00:12<01:12, 115.77it/s]
 15%|█▌        | 1494/9818 [00:12<01:10, 118.69it/s]
 15%|█▌        | 1507/9818 [00:12<01:08, 121.11it/s]
 15%|█▌        | 1520/9818 [00:12<01:07, 122.89it/s]
 16%|█▌        | 1533/9818 [00:12<01:07, 123.43it/s]
 16%|█▌        | 1546/9818 [00:12<01:08, 120.29it/s]
 16%|█▌        | 1559/9818 [00:12<01:10, 117.17it/s]
 16%|█▌        | 1572/9818 [00:12<01:09, 118.89it/s]
 16%|█▌        | 1584/9818 [00:12<01:11, 114.67it/s]
 16%|█▋        | 1596/9818 [00:13<01:12, 114.19it/s]
 16%|█▋        | 1608/9818 [00:13<01:13, 112.09it/s]
 17%|█▋        | 1620/9818 [00:13<01:12, 113.49it/s]
 17%|█▋        | 1633/9818 [00:13<01:09, 117.06it/s]
 17%|█▋        | 1645/9818 [00:13<01:11, 114.24it/s]
 17%|█▋        | 1658/9818 [00:13<01:09, 117.92it/s]
 17%|█▋        | 1671/9818 [00:13<01:07, 120.48it/s]
 17%|█▋        | 1684/9818 [00:13<01:06, 122.23it/s]
 17%|█▋        | 1697/9818 [00:13<01:05, 123.42it/s]
 17%|█▋        | 1710/9818 [00:13<01:05, 124.03it/s]
 18%|█▊        | 1723/9818 [00:14<01:04, 124.73it/s]
 18%|█▊        | 1736/9818 [00:14<01:04, 125.01it/s]
 18%|█▊        | 1749/9818 [00:14<01:06, 121.59it/s]
 18%|█▊        | 1762/9818 [00:14<01:07, 119.48it/s]
 18%|█▊        | 1775/9818 [00:14<01:06, 121.60it/s]
 18%|█▊        | 1788/9818 [00:14<01:05, 123.04it/s]
 18%|█▊        | 1801/9818 [00:14<01:04, 124.02it/s]
 18%|█▊        | 1814/9818 [00:14<01:04, 124.57it/s]
 19%|█▊        | 1827/9818 [00:14<01:03, 125.26it/s]
 19%|█▊        | 1840/9818 [00:15<01:03, 125.57it/s]
 19%|█▉        | 1853/9818 [00:15<01:05, 122.26it/s]
 19%|█▉        | 1866/9818 [00:15<01:04, 123.67it/s]
 19%|█▉        | 1879/9818 [00:15<01:03, 124.26it/s]
 19%|█▉        | 1892/9818 [00:15<01:03, 125.12it/s]
 19%|█▉        | 1905/9818 [00:15<01:04, 121.83it/s]
 20%|█▉        | 1918/9818 [00:15<01:04, 122.71it/s]
 20%|█▉        | 1931/9818 [00:15<01:03, 123.81it/s]
 20%|█▉        | 1944/9818 [00:15<01:03, 124.67it/s]
 20%|█▉        | 1957/9818 [00:15<01:02, 125.09it/s]
 20%|██        | 1970/9818 [00:16<01:02, 125.56it/s]
 20%|██        | 1983/9818 [00:16<01:02, 125.99it/s]
 20%|██        | 1996/9818 [00:16<01:02, 126.00it/s]
 20%|██        | 2009/9818 [00:16<01:01, 126.24it/s]
 21%|██        | 2022/9818 [00:16<01:01, 126.19it/s]
 21%|██        | 2035/9818 [00:16<01:01, 125.90it/s]
 21%|██        | 2048/9818 [00:16<01:01, 126.34it/s]
 21%|██        | 2061/9818 [00:16<01:01, 126.05it/s]
 21%|██        | 2074/9818 [00:16<01:03, 122.50it/s]
 21%|██▏       | 2087/9818 [00:16<01:02, 123.75it/s]
 21%|██▏       | 2100/9818 [00:17<01:02, 122.86it/s]
 22%|██▏       | 2113/9818 [00:17<01:02, 123.92it/s]
 22%|██▏       | 2126/9818 [00:17<01:01, 124.61it/s]
 22%|██▏       | 2139/9818 [00:17<01:01, 125.31it/s]
 22%|██▏       | 2152/9818 [00:17<01:00, 125.89it/s]
 22%|██▏       | 2165/9818 [00:17<01:00, 126.08it/s]
 22%|██▏       | 2178/9818 [00:17<01:00, 126.34it/s]
 22%|██▏       | 2191/9818 [00:17<01:00, 126.47it/s]
 22%|██▏       | 2204/9818 [00:17<01:00, 126.40it/s]
 23%|██▎       | 2217/9818 [00:18<01:00, 126.44it/s]
 23%|██▎       | 2230/9818 [00:18<01:01, 123.77it/s]
 23%|██▎       | 2243/9818 [00:18<01:01, 123.96it/s]
 23%|██▎       | 2256/9818 [00:18<01:00, 124.66it/s]
 23%|██▎       | 2269/9818 [00:18<01:00, 124.82it/s]
 23%|██▎       | 2282/9818 [00:18<01:00, 125.30it/s]
 23%|██▎       | 2295/9818 [00:18<00:59, 125.61it/s]
 24%|██▎       | 2308/9818 [00:18<00:59, 126.12it/s]
 24%|██▎       | 2321/9818 [00:18<00:59, 126.23it/s]
 24%|██▍       | 2334/9818 [00:18<00:59, 126.47it/s]
 24%|██▍       | 2347/9818 [00:19<00:59, 126.54it/s]
 24%|██▍       | 2360/9818 [00:19<00:58, 126.56it/s]
 24%|██▍       | 2373/9818 [00:19<00:58, 126.51it/s]
 24%|██▍       | 2386/9818 [00:19<00:58, 126.67it/s]
 24%|██▍       | 2399/9818 [00:19<01:00, 122.60it/s]
 25%|██▍       | 2412/9818 [00:19<01:01, 120.26it/s]
 25%|██▍       | 2425/9818 [00:19<01:00, 121.89it/s]
 25%|██▍       | 2438/9818 [00:19<00:59, 123.36it/s]
 25%|██▍       | 2451/9818 [00:19<00:59, 124.53it/s]
 25%|██▌       | 2464/9818 [00:20<00:58, 125.22it/s]
 25%|██▌       | 2477/9818 [00:20<00:58, 125.60it/s]
 25%|██▌       | 2490/9818 [00:20<00:58, 125.86it/s]
 25%|██▌       | 2503/9818 [00:20<00:57, 126.14it/s]
 26%|██▌       | 2516/9818 [00:20<00:57, 126.10it/s]
 26%|██▌       | 2529/9818 [00:20<00:57, 126.14it/s]
 26%|██▌       | 2542/9818 [00:20<00:57, 125.86it/s]
 26%|██▌       | 2555/9818 [00:20<00:58, 123.39it/s]
 26%|██▌       | 2568/9818 [00:20<00:58, 123.14it/s]
 26%|██▋       | 2581/9818 [00:20<00:58, 123.85it/s]
 26%|██▋       | 2594/9818 [00:21<00:58, 124.53it/s]
 27%|██▋       | 2607/9818 [00:21<00:57, 124.91it/s]
 27%|██▋       | 2620/9818 [00:21<00:57, 124.99it/s]
 27%|██▋       | 2633/9818 [00:21<00:57, 125.37it/s]
 27%|██▋       | 2646/9818 [00:21<00:57, 125.52it/s]
 27%|██▋       | 2659/9818 [00:21<00:56, 125.82it/s]
 27%|██▋       | 2672/9818 [00:21<00:56, 126.07it/s]
 27%|██▋       | 2685/9818 [00:21<00:56, 126.00it/s]
 27%|██▋       | 2698/9818 [00:21<00:56, 126.35it/s]
 28%|██▊       | 2711/9818 [00:21<00:56, 126.21it/s]
 28%|██▊       | 2724/9818 [00:22<00:57, 122.51it/s]
 28%|██▊       | 2737/9818 [00:22<00:57, 123.03it/s]
 28%|██▊       | 2750/9818 [00:22<00:56, 124.08it/s]
 28%|██▊       | 2763/9818 [00:22<00:56, 124.38it/s]
 28%|██▊       | 2776/9818 [00:22<00:56, 124.70it/s]
 28%|██▊       | 2789/9818 [00:22<00:56, 125.11it/s]
 29%|██▊       | 2802/9818 [00:22<00:55, 125.53it/s]
 29%|██▊       | 2815/9818 [00:22<00:55, 125.72it/s]
 29%|██▉       | 2828/9818 [00:22<00:55, 125.68it/s]
 29%|██▉       | 2841/9818 [00:23<00:55, 125.76it/s]
 29%|██▉       | 2854/9818 [00:23<00:55, 125.76it/s]
 29%|██▉       | 2867/9818 [00:23<00:55, 125.74it/s]
 29%|██▉       | 2880/9818 [00:23<00:56, 123.38it/s]
 29%|██▉       | 2893/9818 [00:23<00:56, 122.84it/s]
 30%|██▉       | 2906/9818 [00:23<00:57, 120.05it/s]
 30%|██▉       | 2919/9818 [00:23<00:56, 121.78it/s]
 30%|██▉       | 2932/9818 [00:23<00:55, 123.19it/s]
 30%|██▉       | 2945/9818 [00:23<00:55, 124.10it/s]
 30%|███       | 2958/9818 [00:23<00:55, 124.61it/s]
 30%|███       | 2971/9818 [00:24<00:54, 125.17it/s]
 30%|███       | 2984/9818 [00:24<00:54, 125.50it/s]
 31%|███       | 2997/9818 [00:24<00:54, 125.56it/s]
 31%|███       | 3010/9818 [00:24<00:54, 124.98it/s]
 31%|███       | 3023/9818 [00:24<00:54, 125.47it/s]
 31%|███       | 3036/9818 [00:24<00:53, 125.61it/s]
 31%|███       | 3049/9818 [00:24<00:53, 126.07it/s]
 31%|███       | 3062/9818 [00:24<00:55, 122.40it/s]
 31%|███▏      | 3075/9818 [00:24<00:54, 123.51it/s]
 31%|███▏      | 3088/9818 [00:25<00:54, 124.18it/s]
 32%|███▏      | 3101/9818 [00:25<00:54, 123.12it/s]
 32%|███▏      | 3114/9818 [00:25<00:54, 124.10it/s]
 32%|███▏      | 3127/9818 [00:25<00:53, 124.59it/s]
 32%|███▏      | 3140/9818 [00:25<00:53, 124.99it/s]
 32%|███▏      | 3153/9818 [00:25<00:53, 125.22it/s]
 32%|███▏      | 3166/9818 [00:25<00:53, 125.49it/s]
 32%|███▏      | 3179/9818 [00:25<00:52, 125.52it/s]
 33%|███▎      | 3192/9818 [00:25<00:52, 125.80it/s]
 33%|███▎      | 3205/9818 [00:25<00:52, 125.87it/s]
 33%|███▎      | 3218/9818 [00:26<00:53, 122.26it/s]
 33%|███▎      | 3231/9818 [00:26<00:53, 123.23it/s]
 33%|███▎      | 3244/9818 [00:26<00:52, 124.25it/s]
 33%|███▎      | 3257/9818 [00:26<00:52, 124.80it/s]
 33%|███▎      | 3270/9818 [00:26<00:52, 125.28it/s]
 33%|███▎      | 3283/9818 [00:26<00:52, 125.29it/s]
 34%|███▎      | 3296/9818 [00:26<00:51, 125.77it/s]
 34%|███▎      | 3309/9818 [00:26<00:51, 125.97it/s]
 34%|███▍      | 3322/9818 [00:26<00:51, 126.02it/s]
 34%|███▍      | 3335/9818 [00:26<00:51, 126.02it/s]
 34%|███▍      | 3348/9818 [00:27<00:51, 126.19it/s]
 34%|███▍      | 3361/9818 [00:27<00:51, 126.33it/s]
 34%|███▍      | 3374/9818 [00:27<00:51, 126.14it/s]
 34%|███▍      | 3387/9818 [00:27<00:52, 122.54it/s]
 35%|███▍      | 3400/9818 [00:27<00:53, 119.99it/s]
 35%|███▍      | 3413/9818 [00:27<00:52, 121.90it/s]
 35%|███▍      | 3426/9818 [00:27<00:51, 123.17it/s]
 35%|███▌      | 3439/9818 [00:27<00:51, 124.17it/s]
 35%|███▌      | 3452/9818 [00:27<00:50, 124.87it/s]
 35%|███▌      | 3465/9818 [00:28<00:50, 125.17it/s]
 35%|███▌      | 3478/9818 [00:28<00:50, 125.24it/s]
 36%|███▌      | 3491/9818 [00:28<00:50, 125.23it/s]
 36%|███▌      | 3504/9818 [00:28<00:50, 125.76it/s]
 36%|███▌      | 3517/9818 [00:28<00:50, 125.56it/s]
 36%|███▌      | 3530/9818 [00:28<00:49, 125.89it/s]
 36%|███▌      | 3543/9818 [00:28<00:50, 125.50it/s]
 36%|███▌      | 3556/9818 [00:28<00:49, 125.75it/s]
 36%|███▋      | 3569/9818 [00:28<00:49, 125.68it/s]
 36%|███▋      | 3582/9818 [00:28<00:49, 125.64it/s]
 37%|███▋      | 3595/9818 [00:29<00:49, 125.71it/s]
 37%|███▋      | 3608/9818 [00:29<00:49, 126.03it/s]
 37%|███▋      | 3621/9818 [00:29<00:49, 126.05it/s]
 37%|███▋      | 3634/9818 [00:29<00:49, 126.00it/s]
 37%|███▋      | 3647/9818 [00:29<00:49, 125.93it/s]
 37%|███▋      | 3660/9818 [00:29<00:48, 125.75it/s]
 37%|███▋      | 3673/9818 [00:29<00:48, 125.97it/s]
 38%|███▊      | 3686/9818 [00:29<00:48, 125.93it/s]
 38%|███▊      | 3699/9818 [00:29<00:48, 125.93it/s]
 38%|███▊      | 3712/9818 [00:29<00:48, 126.14it/s]
 38%|███▊      | 3725/9818 [00:30<00:48, 126.17it/s]
 38%|███▊      | 3738/9818 [00:30<00:48, 126.23it/s]
 38%|███▊      | 3751/9818 [00:30<00:48, 126.14it/s]
 38%|███▊      | 3764/9818 [00:30<00:47, 126.21it/s]
 38%|███▊      | 3777/9818 [00:30<00:48, 125.80it/s]
 39%|███▊      | 3790/9818 [00:30<00:47, 126.00it/s]
 39%|███▊      | 3803/9818 [00:30<00:47, 126.12it/s]
 39%|███▉      | 3816/9818 [00:30<00:47, 126.18it/s]
 39%|███▉      | 3829/9818 [00:30<00:47, 126.33it/s]
 39%|███▉      | 3842/9818 [00:31<00:47, 126.48it/s]
 39%|███▉      | 3855/9818 [00:31<00:47, 126.37it/s]
 39%|███▉      | 3868/9818 [00:31<00:47, 126.02it/s]
 40%|███▉      | 3881/9818 [00:31<00:48, 122.61it/s]
 40%|███▉      | 3894/9818 [00:31<00:49, 119.60it/s]
 40%|███▉      | 3907/9818 [00:31<00:48, 121.28it/s]
 40%|███▉      | 3920/9818 [00:31<00:48, 122.62it/s]
 40%|████      | 3933/9818 [00:31<00:47, 123.59it/s]
 40%|████      | 3946/9818 [00:31<00:47, 124.21it/s]
 40%|████      | 3959/9818 [00:31<00:46, 124.76it/s]
 40%|████      | 3972/9818 [00:32<00:46, 125.04it/s]
 41%|████      | 3985/9818 [00:32<00:46, 125.46it/s]
 41%|████      | 3998/9818 [00:32<00:46, 125.71it/s]
 41%|████      | 4011/9818 [00:32<00:46, 125.94it/s]
 41%|████      | 4024/9818 [00:32<00:45, 125.98it/s]
 41%|████      | 4037/9818 [00:32<00:45, 125.86it/s]
 41%|████▏     | 4050/9818 [00:32<00:47, 122.58it/s]
 41%|████▏     | 4063/9818 [00:32<00:46, 123.26it/s]
 42%|████▏     | 4076/9818 [00:32<00:46, 124.34it/s]
 42%|████▏     | 4089/9818 [00:33<00:45, 124.74it/s]
 42%|████▏     | 4102/9818 [00:33<00:45, 125.15it/s]
 42%|████▏     | 4115/9818 [00:33<00:45, 125.53it/s]
 42%|████▏     | 4128/9818 [00:33<00:45, 125.71it/s]
 42%|████▏     | 4141/9818 [00:33<00:45, 125.96it/s]
 42%|████▏     | 4154/9818 [00:33<00:44, 125.88it/s]
 42%|████▏     | 4167/9818 [00:33<00:44, 125.91it/s]
 43%|████▎     | 4180/9818 [00:33<00:45, 125.20it/s]
 43%|████▎     | 4193/9818 [00:33<00:44, 125.25it/s]
 43%|████▎     | 4206/9818 [00:33<00:46, 121.85it/s]
 43%|████▎     | 4219/9818 [00:34<00:45, 123.13it/s]
 43%|████▎     | 4232/9818 [00:34<00:45, 124.05it/s]
 43%|████▎     | 4245/9818 [00:34<00:44, 124.54it/s]
 43%|████▎     | 4258/9818 [00:34<00:44, 125.26it/s]
 44%|████▎     | 4271/9818 [00:34<00:44, 125.69it/s]
 44%|████▎     | 4284/9818 [00:34<00:44, 125.67it/s]
 44%|████▍     | 4297/9818 [00:34<00:43, 126.05it/s]
 44%|████▍     | 4310/9818 [00:34<00:43, 126.30it/s]
 44%|████▍     | 4323/9818 [00:34<00:43, 126.23it/s]
 44%|████▍     | 4336/9818 [00:34<00:43, 126.16it/s]
 44%|████▍     | 4349/9818 [00:35<00:43, 126.01it/s]
 44%|████▍     | 4362/9818 [00:35<00:43, 126.16it/s]
 45%|████▍     | 4375/9818 [00:35<00:44, 122.56it/s]
 45%|████▍     | 4388/9818 [00:35<00:45, 119.91it/s]
 45%|████▍     | 4401/9818 [00:35<00:44, 121.77it/s]
 45%|████▍     | 4414/9818 [00:35<00:43, 123.00it/s]
 45%|████▌     | 4427/9818 [00:35<00:43, 123.81it/s]
 45%|████▌     | 4440/9818 [00:35<00:43, 124.28it/s]
 45%|████▌     | 4453/9818 [00:35<00:42, 125.11it/s]
 45%|████▌     | 4466/9818 [00:36<00:42, 125.28it/s]
 46%|████▌     | 4479/9818 [00:36<00:42, 125.39it/s]
 46%|████▌     | 4492/9818 [00:36<00:42, 125.63it/s]
 46%|████▌     | 4505/9818 [00:36<00:42, 125.73it/s]
 46%|████▌     | 4518/9818 [00:36<00:42, 125.69it/s]
 46%|████▌     | 4531/9818 [00:36<00:43, 122.51it/s]
 46%|████▋     | 4544/9818 [00:36<00:42, 122.65it/s]
 46%|████▋     | 4557/9818 [00:36<00:42, 123.51it/s]
 47%|████▋     | 4570/9818 [00:36<00:42, 123.85it/s]
 47%|████▋     | 4583/9818 [00:36<00:42, 124.64it/s]
 47%|████▋     | 4596/9818 [00:37<00:42, 123.38it/s]
 47%|████▋     | 4609/9818 [00:37<00:41, 124.06it/s]
 47%|████▋     | 4622/9818 [00:37<00:41, 124.82it/s]
 47%|████▋     | 4635/9818 [00:37<00:41, 125.04it/s]
 47%|████▋     | 4648/9818 [00:37<00:41, 125.07it/s]
 47%|████▋     | 4661/9818 [00:37<00:41, 125.22it/s]
 48%|████▊     | 4674/9818 [00:37<00:41, 125.43it/s]
 48%|████▊     | 4687/9818 [00:37<00:40, 125.47it/s]
 48%|████▊     | 4700/9818 [00:37<00:41, 122.21it/s]
 48%|████▊     | 4713/9818 [00:38<00:41, 123.38it/s]
 48%|████▊     | 4726/9818 [00:38<00:40, 124.34it/s]
 48%|████▊     | 4739/9818 [00:38<00:40, 125.00it/s]
 48%|████▊     | 4752/9818 [00:38<00:40, 124.86it/s]
 49%|████▊     | 4765/9818 [00:38<00:40, 125.23it/s]
 49%|████▊     | 4778/9818 [00:38<00:40, 125.40it/s]
 49%|████▉     | 4791/9818 [00:38<00:39, 125.68it/s]
 49%|████▉     | 4804/9818 [00:38<00:39, 125.83it/s]
 49%|████▉     | 4817/9818 [00:38<00:39, 125.78it/s]
 49%|████▉     | 4830/9818 [00:38<00:39, 125.82it/s]
 49%|████▉     | 4843/9818 [00:39<00:39, 126.20it/s]
 49%|████▉     | 4856/9818 [00:39<00:40, 122.83it/s]
 50%|████▉     | 4869/9818 [00:39<00:41, 120.26it/s]
 50%|████▉     | 4882/9818 [00:39<00:40, 121.85it/s]
 50%|████▉     | 4895/9818 [00:39<00:40, 123.01it/s]
 50%|████▉     | 4908/9818 [00:39<00:39, 123.92it/s]
 50%|█████     | 4921/9818 [00:39<00:39, 123.51it/s]
 50%|█████     | 4934/9818 [00:39<00:39, 124.20it/s]
 50%|█████     | 4947/9818 [00:39<00:39, 124.76it/s]
 51%|█████     | 4960/9818 [00:40<00:38, 125.16it/s]
 51%|█████     | 4973/9818 [00:40<00:38, 125.30it/s]
 51%|█████     | 4986/9818 [00:40<00:38, 125.40it/s]
 51%|█████     | 4999/9818 [00:40<00:38, 125.57it/s]
 51%|█████     | 5012/9818 [00:40<00:38, 124.11it/s]
 51%|█████     | 5025/9818 [00:40<00:39, 122.50it/s]
 51%|█████▏    | 5038/9818 [00:40<00:38, 123.32it/s]
 51%|█████▏    | 5051/9818 [00:40<00:38, 124.29it/s]
 52%|█████▏    | 5064/9818 [00:40<00:38, 124.85it/s]
 52%|█████▏    | 5077/9818 [00:40<00:37, 125.28it/s]
 52%|█████▏    | 5090/9818 [00:41<00:37, 125.71it/s]
 52%|█████▏    | 5103/9818 [00:41<00:37, 125.66it/s]
 52%|█████▏    | 5116/9818 [00:41<00:37, 125.59it/s]
 52%|█████▏    | 5129/9818 [00:41<00:37, 125.60it/s]
 52%|█████▏    | 5142/9818 [00:41<00:37, 125.84it/s]
 53%|█████▎    | 5155/9818 [00:41<00:37, 125.87it/s]
 53%|█████▎    | 5168/9818 [00:41<00:36, 125.87it/s]
 53%|█████▎    | 5181/9818 [00:41<00:38, 121.89it/s]
 53%|█████▎    | 5194/9818 [00:41<00:37, 123.22it/s]
 53%|█████▎    | 5207/9818 [00:41<00:37, 124.02it/s]
 53%|█████▎    | 5220/9818 [00:42<00:36, 124.63it/s]
 53%|█████▎    | 5233/9818 [00:42<00:36, 125.00it/s]
 53%|█████▎    | 5246/9818 [00:42<00:36, 125.27it/s]
 54%|█████▎    | 5259/9818 [00:42<00:36, 125.41it/s]
 54%|█████▎    | 5272/9818 [00:42<00:36, 125.80it/s]
 54%|█████▍    | 5285/9818 [00:42<00:36, 124.60it/s]
 54%|█████▍    | 5298/9818 [00:42<00:36, 124.99it/s]
 54%|█████▍    | 5311/9818 [00:42<00:35, 125.39it/s]
 54%|█████▍    | 5324/9818 [00:42<00:35, 125.73it/s]
 54%|█████▍    | 5337/9818 [00:43<00:35, 126.21it/s]
 54%|█████▍    | 5350/9818 [00:43<00:36, 122.51it/s]
 55%|█████▍    | 5363/9818 [00:43<00:36, 121.37it/s]
 55%|█████▍    | 5376/9818 [00:43<00:38, 115.07it/s]
 55%|█████▍    | 5388/9818 [00:43<00:45, 98.17it/s] 
 55%|█████▌    | 5401/9818 [00:43<00:41, 105.18it/s]
 55%|█████▌    | 5414/9818 [00:43<00:39, 110.85it/s]
 55%|█████▌    | 5427/9818 [00:43<00:38, 115.04it/s]
 55%|█████▌    | 5440/9818 [00:43<00:37, 117.99it/s]
 56%|█████▌    | 5453/9818 [00:44<00:36, 120.44it/s]
 56%|█████▌    | 5466/9818 [00:44<00:39, 109.53it/s]
 56%|█████▌    | 5479/9818 [00:44<00:38, 113.97it/s]
 56%|█████▌    | 5492/9818 [00:44<00:36, 117.30it/s]
 56%|█████▌    | 5504/9818 [00:44<00:37, 116.53it/s]
 56%|█████▌    | 5517/9818 [00:44<00:36, 119.21it/s]
 56%|█████▋    | 5530/9818 [00:44<00:35, 121.14it/s]
 56%|█████▋    | 5543/9818 [00:44<00:34, 122.90it/s]
 57%|█████▋    | 5556/9818 [00:44<00:34, 123.54it/s]
 57%|█████▋    | 5569/9818 [00:45<00:35, 120.35it/s]
 57%|█████▋    | 5582/9818 [00:45<00:35, 120.67it/s]
 57%|█████▋    | 5595/9818 [00:45<00:34, 122.20it/s]
 57%|█████▋    | 5608/9818 [00:45<00:34, 123.20it/s]
 57%|█████▋    | 5621/9818 [00:45<00:34, 122.98it/s]
 57%|█████▋    | 5634/9818 [00:45<00:35, 117.01it/s]
 58%|█████▊    | 5646/9818 [00:45<00:36, 115.80it/s]
 58%|█████▊    | 5658/9818 [00:45<00:37, 112.33it/s]
 58%|█████▊    | 5671/9818 [00:45<00:35, 116.14it/s]
 58%|█████▊    | 5684/9818 [00:46<00:34, 118.85it/s]
 58%|█████▊    | 5697/9818 [00:46<00:34, 120.80it/s]
 58%|█████▊    | 5710/9818 [00:46<00:34, 120.36it/s]
 58%|█████▊    | 5723/9818 [00:46<00:35, 114.03it/s]
 58%|█████▊    | 5736/9818 [00:46<00:34, 117.45it/s]
 59%|█████▊    | 5749/9818 [00:46<00:33, 120.05it/s]
 59%|█████▊    | 5762/9818 [00:46<00:33, 121.80it/s]
 59%|█████▉    | 5775/9818 [00:46<00:32, 123.11it/s]
 59%|█████▉    | 5788/9818 [00:46<00:32, 124.44it/s]
 59%|█████▉    | 5801/9818 [00:46<00:32, 124.99it/s]
 59%|█████▉    | 5814/9818 [00:47<00:33, 118.68it/s]
 59%|█████▉    | 5827/9818 [00:47<00:33, 120.81it/s]
 59%|█████▉    | 5840/9818 [00:47<00:32, 122.39it/s]
 60%|█████▉    | 5853/9818 [00:47<00:32, 123.43it/s]
 60%|█████▉    | 5866/9818 [00:47<00:31, 124.16it/s]
 60%|█████▉    | 5879/9818 [00:47<00:31, 124.47it/s]
 60%|██████    | 5892/9818 [00:47<00:31, 125.12it/s]
 60%|██████    | 5905/9818 [00:47<00:31, 125.11it/s]
 60%|██████    | 5918/9818 [00:47<00:31, 125.50it/s]
 60%|██████    | 5931/9818 [00:48<00:30, 125.68it/s]
 61%|██████    | 5944/9818 [00:48<00:30, 126.01it/s]
 61%|██████    | 5957/9818 [00:48<00:30, 126.41it/s]
 61%|██████    | 5970/9818 [00:48<00:30, 126.08it/s]
 61%|██████    | 5983/9818 [00:48<00:31, 122.54it/s]
 61%|██████    | 5996/9818 [00:48<00:30, 123.41it/s]
 61%|██████    | 6009/9818 [00:48<00:30, 124.24it/s]
 61%|██████▏   | 6022/9818 [00:48<00:30, 124.81it/s]
 61%|██████▏   | 6035/9818 [00:48<00:30, 125.34it/s]
 62%|██████▏   | 6048/9818 [00:48<00:30, 125.60it/s]
 62%|██████▏   | 6061/9818 [00:49<00:30, 124.60it/s]
 62%|██████▏   | 6074/9818 [00:49<00:29, 125.18it/s]
 62%|██████▏   | 6087/9818 [00:49<00:29, 125.22it/s]
 62%|██████▏   | 6100/9818 [00:49<00:29, 125.28it/s]
 62%|██████▏   | 6113/9818 [00:49<00:29, 125.25it/s]
 62%|██████▏   | 6126/9818 [00:49<00:29, 125.37it/s]
 63%|██████▎   | 6139/9818 [00:49<00:30, 122.12it/s]
 63%|██████▎   | 6152/9818 [00:49<00:29, 123.13it/s]
 63%|██████▎   | 6165/9818 [00:49<00:29, 124.20it/s]
 63%|██████▎   | 6178/9818 [00:50<00:29, 124.52it/s]
 63%|██████▎   | 6191/9818 [00:50<00:29, 125.07it/s]
 63%|██████▎   | 6204/9818 [00:50<00:28, 125.48it/s]
 63%|██████▎   | 6217/9818 [00:50<00:28, 125.73it/s]
 63%|██████▎   | 6230/9818 [00:50<00:28, 125.86it/s]
 64%|██████▎   | 6243/9818 [00:50<00:28, 125.74it/s]
 64%|██████▎   | 6256/9818 [00:50<00:28, 125.88it/s]
 64%|██████▍   | 6269/9818 [00:50<00:28, 125.73it/s]
 64%|██████▍   | 6282/9818 [00:50<00:28, 125.73it/s]
 64%|██████▍   | 6295/9818 [00:50<00:28, 124.43it/s]
 64%|██████▍   | 6308/9818 [00:51<00:28, 122.58it/s]
 64%|██████▍   | 6321/9818 [00:51<00:28, 123.71it/s]
 65%|██████▍   | 6334/9818 [00:51<00:27, 124.47it/s]
 65%|██████▍   | 6347/9818 [00:51<00:27, 124.80it/s]
 65%|██████▍   | 6360/9818 [00:51<00:27, 125.10it/s]
 65%|██████▍   | 6373/9818 [00:51<00:27, 124.69it/s]
 65%|██████▌   | 6386/9818 [00:51<00:27, 125.03it/s]
 65%|██████▌   | 6399/9818 [00:51<00:27, 125.04it/s]
 65%|██████▌   | 6412/9818 [00:51<00:27, 125.31it/s]
 65%|██████▌   | 6425/9818 [00:51<00:27, 125.35it/s]
 66%|██████▌   | 6438/9818 [00:52<00:26, 125.72it/s]
 66%|██████▌   | 6451/9818 [00:52<00:26, 126.02it/s]
 66%|██████▌   | 6464/9818 [00:52<00:27, 122.18it/s]
 66%|██████▌   | 6477/9818 [00:52<00:27, 123.24it/s]
 66%|██████▌   | 6490/9818 [00:52<00:26, 124.06it/s]
 66%|██████▌   | 6503/9818 [00:52<00:26, 124.61it/s]
 66%|██████▋   | 6516/9818 [00:52<00:26, 125.23it/s]
 67%|██████▋   | 6529/9818 [00:52<00:26, 125.54it/s]
 67%|██████▋   | 6542/9818 [00:52<00:26, 125.64it/s]
 67%|██████▋   | 6555/9818 [00:53<00:25, 125.78it/s]
 67%|██████▋   | 6568/9818 [00:53<00:25, 125.69it/s]
 67%|██████▋   | 6581/9818 [00:53<00:25, 125.37it/s]
 67%|██████▋   | 6594/9818 [00:53<00:25, 125.58it/s]
 67%|██████▋   | 6607/9818 [00:53<00:25, 125.32it/s]
 67%|██████▋   | 6620/9818 [00:53<00:25, 123.58it/s]
 68%|██████▊   | 6633/9818 [00:53<00:26, 119.24it/s]
 68%|██████▊   | 6646/9818 [00:53<00:26, 121.27it/s]
 68%|██████▊   | 6659/9818 [00:53<00:25, 122.56it/s]
 68%|██████▊   | 6672/9818 [00:53<00:25, 123.74it/s]
 68%|██████▊   | 6685/9818 [00:54<00:25, 124.47it/s]
 68%|██████▊   | 6698/9818 [00:54<00:24, 124.89it/s]
 68%|██████▊   | 6711/9818 [00:54<00:24, 125.19it/s]
 68%|██████▊   | 6724/9818 [00:54<00:24, 125.63it/s]
 69%|██████▊   | 6737/9818 [00:54<00:24, 125.45it/s]
 69%|██████▉   | 6750/9818 [00:54<00:24, 125.73it/s]
 69%|██████▉   | 6763/9818 [00:54<00:24, 125.42it/s]
 69%|██████▉   | 6776/9818 [00:54<00:24, 125.59it/s]
 69%|██████▉   | 6789/9818 [00:54<00:24, 122.17it/s]
 69%|██████▉   | 6802/9818 [00:55<00:25, 119.84it/s]
 69%|██████▉   | 6815/9818 [00:55<00:24, 121.66it/s]
 70%|██████▉   | 6828/9818 [00:55<00:24, 122.95it/s]
 70%|██████▉   | 6841/9818 [00:55<00:24, 123.60it/s]
 70%|██████▉   | 6854/9818 [00:55<00:23, 124.50it/s]
 70%|██████▉   | 6867/9818 [00:55<00:23, 124.99it/s]
 70%|███████   | 6880/9818 [00:55<00:23, 125.09it/s]
 70%|███████   | 6893/9818 [00:55<00:23, 125.27it/s]
 70%|███████   | 6906/9818 [00:55<00:23, 125.41it/s]
 70%|███████   | 6919/9818 [00:55<00:23, 125.54it/s]
 71%|███████   | 6932/9818 [00:56<00:23, 125.44it/s]
 71%|███████   | 6945/9818 [00:56<00:23, 121.74it/s]
 71%|███████   | 6958/9818 [00:56<00:23, 123.16it/s]
 71%|███████   | 6971/9818 [00:56<00:23, 123.60it/s]
 71%|███████   | 6984/9818 [00:56<00:22, 124.62it/s]
 71%|███████▏  | 6997/9818 [00:56<00:22, 125.11it/s]
 71%|███████▏  | 7010/9818 [00:56<00:22, 125.42it/s]
 72%|███████▏  | 7023/9818 [00:56<00:22, 125.84it/s]
 72%|███████▏  | 7036/9818 [00:56<00:22, 125.93it/s]
 72%|███████▏  | 7049/9818 [00:56<00:22, 125.73it/s]
 72%|███████▏  | 7062/9818 [00:57<00:22, 124.36it/s]
 72%|███████▏  | 7075/9818 [00:57<00:22, 124.53it/s]
 72%|███████▏  | 7088/9818 [00:57<00:21, 124.89it/s]
 72%|███████▏  | 7101/9818 [00:57<00:21, 125.37it/s]
 72%|███████▏  | 7114/9818 [00:57<00:22, 122.01it/s]
 73%|███████▎  | 7127/9818 [00:57<00:21, 123.16it/s]
 73%|███████▎  | 7140/9818 [00:57<00:21, 124.17it/s]
 73%|███████▎  | 7153/9818 [00:57<00:21, 124.78it/s]
 73%|███████▎  | 7166/9818 [00:57<00:21, 125.00it/s]
 73%|███████▎  | 7179/9818 [00:58<00:21, 125.36it/s]
 73%|███████▎  | 7192/9818 [00:58<00:20, 125.72it/s]
 73%|███████▎  | 7205/9818 [00:58<00:20, 125.84it/s]
 74%|███████▎  | 7218/9818 [00:58<00:20, 125.86it/s]
 74%|███████▎  | 7231/9818 [00:58<00:20, 126.15it/s]
 74%|███████▍  | 7244/9818 [00:58<00:20, 126.06it/s]
 74%|███████▍  | 7257/9818 [00:58<00:20, 126.06it/s]
 74%|███████▍  | 7270/9818 [00:58<00:20, 122.18it/s]
 74%|███████▍  | 7283/9818 [00:58<00:21, 120.19it/s]
 74%|███████▍  | 7296/9818 [00:58<00:20, 121.82it/s]
 74%|███████▍  | 7309/9818 [00:59<00:20, 123.19it/s]
 75%|███████▍  | 7322/9818 [00:59<00:20, 123.84it/s]
 75%|███████▍  | 7335/9818 [00:59<00:19, 124.52it/s]
 75%|███████▍  | 7348/9818 [00:59<00:19, 124.76it/s]
 75%|███████▍  | 7361/9818 [00:59<00:19, 125.15it/s]
 75%|███████▌  | 7374/9818 [00:59<00:19, 125.39it/s]
 75%|███████▌  | 7387/9818 [00:59<00:19, 125.51it/s]
 75%|███████▌  | 7400/9818 [00:59<00:19, 125.74it/s]
 76%|███████▌  | 7413/9818 [00:59<00:19, 125.74it/s]
 76%|███████▌  | 7426/9818 [01:00<00:19, 125.68it/s]
 76%|███████▌  | 7439/9818 [01:00<00:19, 121.03it/s]
 76%|███████▌  | 7452/9818 [01:00<00:19, 120.10it/s]
 76%|███████▌  | 7465/9818 [01:00<00:19, 121.96it/s]
 76%|███████▌  | 7478/9818 [01:00<00:19, 123.12it/s]
 76%|███████▋  | 7491/9818 [01:00<00:18, 123.72it/s]
 76%|███████▋  | 7504/9818 [01:00<00:18, 124.20it/s]
 77%|███████▋  | 7517/9818 [01:00<00:18, 124.93it/s]
 77%|███████▋  | 7530/9818 [01:00<00:18, 125.17it/s]
 77%|███████▋  | 7543/9818 [01:00<00:18, 125.48it/s]
 77%|███████▋  | 7556/9818 [01:01<00:18, 125.52it/s]
 77%|███████▋  | 7569/9818 [01:01<00:17, 125.60it/s]
 77%|███████▋  | 7582/9818 [01:01<00:17, 125.94it/s]
 77%|███████▋  | 7595/9818 [01:01<00:18, 121.87it/s]
 77%|███████▋  | 7608/9818 [01:01<00:17, 122.96it/s]
 78%|███████▊  | 7621/9818 [01:01<00:17, 124.00it/s]
 78%|███████▊  | 7634/9818 [01:01<00:17, 124.70it/s]
 78%|███████▊  | 7647/9818 [01:01<00:17, 124.98it/s]
 78%|███████▊  | 7660/9818 [01:01<00:17, 125.17it/s]
 78%|███████▊  | 7673/9818 [01:02<00:17, 125.51it/s]
 78%|███████▊  | 7686/9818 [01:02<00:16, 125.57it/s]
 78%|███████▊  | 7699/9818 [01:02<00:16, 125.63it/s]
 79%|███████▊  | 7712/9818 [01:02<00:16, 125.81it/s]
 79%|███████▊  | 7725/9818 [01:02<00:16, 125.95it/s]
 79%|███████▉  | 7738/9818 [01:02<00:16, 126.30it/s]
 79%|███████▉  | 7751/9818 [01:02<00:16, 125.49it/s]
 79%|███████▉  | 7764/9818 [01:02<00:16, 122.90it/s]
 79%|███████▉  | 7777/9818 [01:02<00:16, 123.67it/s]
 79%|███████▉  | 7790/9818 [01:02<00:16, 124.09it/s]
 79%|███████▉  | 7803/9818 [01:03<00:16, 124.60it/s]
 80%|███████▉  | 7816/9818 [01:03<00:16, 125.03it/s]
 80%|███████▉  | 7829/9818 [01:03<00:15, 125.74it/s]
 80%|███████▉  | 7842/9818 [01:03<00:15, 125.82it/s]
 80%|████████  | 7855/9818 [01:03<00:15, 126.01it/s]
 80%|████████  | 7868/9818 [01:03<00:15, 126.00it/s]
 80%|████████  | 7881/9818 [01:03<00:15, 126.37it/s]
 80%|████████  | 7894/9818 [01:03<00:15, 126.56it/s]
 81%|████████  | 7907/9818 [01:03<00:15, 126.35it/s]
 81%|████████  | 7920/9818 [01:03<00:15, 122.87it/s]
 81%|████████  | 7933/9818 [01:04<00:15, 124.12it/s]
 81%|████████  | 7946/9818 [01:04<00:15, 124.73it/s]
 81%|████████  | 7959/9818 [01:04<00:14, 125.30it/s]
 81%|████████  | 7972/9818 [01:04<00:14, 125.48it/s]
 81%|████████▏ | 7985/9818 [01:04<00:14, 125.77it/s]
 81%|████████▏ | 7998/9818 [01:04<00:14, 125.74it/s]
 82%|████████▏ | 8011/9818 [01:04<00:14, 125.61it/s]
 82%|████████▏ | 8024/9818 [01:04<00:14, 125.98it/s]
 82%|████████▏ | 8037/9818 [01:04<00:14, 125.71it/s]
 82%|████████▏ | 8050/9818 [01:05<00:14, 126.03it/s]
 82%|████████▏ | 8063/9818 [01:05<00:13, 125.94it/s]
 82%|████████▏ | 8076/9818 [01:05<00:13, 125.93it/s]
 82%|████████▏ | 8089/9818 [01:05<00:14, 120.03it/s]
 83%|████████▎ | 8102/9818 [01:05<00:14, 120.63it/s]
 83%|████████▎ | 8115/9818 [01:05<00:13, 122.20it/s]
 83%|████████▎ | 8128/9818 [01:05<00:13, 123.32it/s]
 83%|████████▎ | 8141/9818 [01:05<00:13, 124.29it/s]
 83%|████████▎ | 8154/9818 [01:05<00:13, 124.69it/s]
 83%|████████▎ | 8167/9818 [01:05<00:13, 125.25it/s]
 83%|████████▎ | 8180/9818 [01:06<00:13, 125.16it/s]
 83%|████████▎ | 8193/9818 [01:06<00:12, 125.76it/s]
 84%|████████▎ | 8206/9818 [01:06<00:12, 125.76it/s]
 84%|████████▎ | 8219/9818 [01:06<00:12, 125.95it/s]
 84%|████████▍ | 8232/9818 [01:06<00:12, 126.09it/s]
 84%|████████▍ | 8245/9818 [01:06<00:12, 122.86it/s]
 84%|████████▍ | 8258/9818 [01:06<00:13, 119.47it/s]
 84%|████████▍ | 8271/9818 [01:06<00:12, 121.46it/s]
 84%|████████▍ | 8284/9818 [01:06<00:12, 122.83it/s]
 85%|████████▍ | 8297/9818 [01:07<00:12, 123.72it/s]
 85%|████████▍ | 8310/9818 [01:07<00:12, 124.33it/s]
 85%|████████▍ | 8323/9818 [01:07<00:11, 124.93it/s]
 85%|████████▍ | 8336/9818 [01:07<00:11, 125.38it/s]
 85%|████████▌ | 8349/9818 [01:07<00:11, 125.29it/s]
 85%|████████▌ | 8362/9818 [01:07<00:11, 125.45it/s]
 85%|████████▌ | 8375/9818 [01:07<00:11, 125.73it/s]
 85%|████████▌ | 8388/9818 [01:07<00:11, 125.88it/s]
 86%|████████▌ | 8401/9818 [01:07<00:11, 123.10it/s]
 86%|████████▌ | 8414/9818 [01:07<00:11, 119.97it/s]
 86%|████████▌ | 8427/9818 [01:08<00:11, 121.75it/s]
 86%|████████▌ | 8440/9818 [01:08<00:11, 123.04it/s]
 86%|████████▌ | 8453/9818 [01:08<00:10, 124.15it/s]
 86%|████████▌ | 8466/9818 [01:08<00:10, 124.61it/s]
 86%|████████▋ | 8479/9818 [01:08<00:10, 125.01it/s]
 86%|████████▋ | 8492/9818 [01:08<00:10, 125.19it/s]
 87%|████████▋ | 8505/9818 [01:08<00:10, 125.73it/s]
 87%|████████▋ | 8518/9818 [01:08<00:10, 125.51it/s]
 87%|████████▋ | 8531/9818 [01:08<00:10, 125.91it/s]
 87%|████████▋ | 8544/9818 [01:09<00:10, 125.81it/s]
 87%|████████▋ | 8557/9818 [01:09<00:10, 125.90it/s]
 87%|████████▋ | 8570/9818 [01:09<00:10, 122.15it/s]
 87%|████████▋ | 8583/9818 [01:09<00:10, 119.56it/s]
 88%|████████▊ | 8596/9818 [01:09<00:10, 121.39it/s]
 88%|████████▊ | 8609/9818 [01:09<00:09, 122.72it/s]
 88%|████████▊ | 8622/9818 [01:09<00:09, 123.72it/s]
 88%|████████▊ | 8635/9818 [01:09<00:09, 124.41it/s]
 88%|████████▊ | 8648/9818 [01:09<00:09, 125.07it/s]
 88%|████████▊ | 8661/9818 [01:09<00:09, 125.53it/s]
 88%|████████▊ | 8674/9818 [01:10<00:09, 125.59it/s]
 88%|████████▊ | 8687/9818 [01:10<00:09, 125.30it/s]
 89%|████████▊ | 8700/9818 [01:10<00:08, 125.62it/s]
 89%|████████▊ | 8713/9818 [01:10<00:08, 125.61it/s]
 89%|████████▉ | 8726/9818 [01:10<00:08, 122.16it/s]
 89%|████████▉ | 8739/9818 [01:10<00:08, 123.15it/s]
 89%|████████▉ | 8752/9818 [01:10<00:08, 123.88it/s]
 89%|████████▉ | 8765/9818 [01:10<00:08, 124.36it/s]
 89%|████████▉ | 8778/9818 [01:10<00:08, 124.72it/s]
 90%|████████▉ | 8791/9818 [01:10<00:08, 125.25it/s]
 90%|████████▉ | 8804/9818 [01:11<00:08, 125.48it/s]
 90%|████████▉ | 8817/9818 [01:11<00:07, 125.61it/s]
 90%|████████▉ | 8830/9818 [01:11<00:07, 125.73it/s]
 90%|█████████ | 8843/9818 [01:11<00:07, 126.05it/s]
 90%|█████████ | 8856/9818 [01:11<00:07, 125.94it/s]
 90%|█████████ | 8869/9818 [01:11<00:07, 125.90it/s]
 90%|█████████ | 8882/9818 [01:11<00:07, 126.02it/s]
 91%|█████████ | 8895/9818 [01:11<00:07, 122.61it/s]
 91%|█████████ | 8908/9818 [01:11<00:07, 120.34it/s]
 91%|█████████ | 8921/9818 [01:12<00:07, 121.80it/s]
 91%|█████████ | 8934/9818 [01:12<00:07, 122.90it/s]
 91%|█████████ | 8947/9818 [01:12<00:07, 124.14it/s]
 91%|█████████▏| 8960/9818 [01:12<00:06, 124.96it/s]
 91%|█████████▏| 8973/9818 [01:12<00:06, 125.23it/s]
 92%|█████████▏| 8986/9818 [01:12<00:06, 125.59it/s]
 92%|█████████▏| 8999/9818 [01:12<00:06, 125.93it/s]
 92%|█████████▏| 9012/9818 [01:12<00:06, 125.91it/s]
 92%|█████████▏| 9025/9818 [01:12<00:06, 125.97it/s]
 92%|█████████▏| 9038/9818 [01:12<00:06, 126.13it/s]
 92%|█████████▏| 9051/9818 [01:13<00:06, 122.32it/s]
 92%|█████████▏| 9064/9818 [01:13<00:06, 123.57it/s]
 92%|█████████▏| 9077/9818 [01:13<00:05, 124.50it/s]
 93%|█████████▎| 9090/9818 [01:13<00:05, 125.01it/s]
 93%|█████████▎| 9103/9818 [01:13<00:05, 125.63it/s]
 93%|█████████▎| 9116/9818 [01:13<00:05, 125.80it/s]
 93%|█████████▎| 9129/9818 [01:13<00:05, 126.04it/s]
 93%|█████████▎| 9142/9818 [01:13<00:05, 125.59it/s]
 93%|█████████▎| 9155/9818 [01:13<00:05, 125.76it/s]
 93%|█████████▎| 9168/9818 [01:14<00:05, 125.93it/s]
 94%|█████████▎| 9181/9818 [01:14<00:05, 126.10it/s]
 94%|█████████▎| 9194/9818 [01:14<00:04, 125.67it/s]
 94%|█████████▍| 9207/9818 [01:14<00:04, 125.75it/s]
 94%|█████████▍| 9220/9818 [01:14<00:04, 122.20it/s]
 94%|█████████▍| 9233/9818 [01:14<00:04, 123.41it/s]
 94%|█████████▍| 9246/9818 [01:14<00:04, 124.25it/s]
 94%|█████████▍| 9259/9818 [01:14<00:04, 124.82it/s]
 94%|█████████▍| 9272/9818 [01:14<00:04, 125.61it/s]
 95%|█████████▍| 9285/9818 [01:14<00:04, 125.72it/s]
 95%|█████████▍| 9298/9818 [01:15<00:04, 125.89it/s]
 95%|█████████▍| 9311/9818 [01:15<00:04, 126.12it/s]
 95%|█████████▍| 9324/9818 [01:15<00:03, 126.40it/s]
 95%|█████████▌| 9337/9818 [01:15<00:03, 126.13it/s]
 95%|█████████▌| 9350/9818 [01:15<00:03, 126.41it/s]
 95%|█████████▌| 9363/9818 [01:15<00:03, 126.36it/s]
 95%|█████████▌| 9376/9818 [01:15<00:03, 122.50it/s]
 96%|█████████▌| 9389/9818 [01:15<00:03, 123.64it/s]
 96%|█████████▌| 9402/9818 [01:15<00:03, 124.32it/s]
 96%|█████████▌| 9415/9818 [01:15<00:03, 124.93it/s]
 96%|█████████▌| 9428/9818 [01:16<00:03, 125.02it/s]
 96%|█████████▌| 9441/9818 [01:16<00:03, 125.28it/s]
 96%|█████████▋| 9454/9818 [01:16<00:02, 125.15it/s]
 96%|█████████▋| 9467/9818 [01:16<00:02, 125.23it/s]
 97%|█████████▋| 9480/9818 [01:16<00:02, 125.40it/s]
 97%|█████████▋| 9493/9818 [01:16<00:02, 125.71it/s]
 97%|█████████▋| 9506/9818 [01:16<00:02, 125.83it/s]
 97%|█████████▋| 9519/9818 [01:16<00:02, 126.00it/s]
 97%|█████████▋| 9532/9818 [01:16<00:02, 126.10it/s]
 97%|█████████▋| 9545/9818 [01:17<00:02, 120.83it/s]
 97%|█████████▋| 9558/9818 [01:17<00:02, 122.35it/s]
 97%|█████████▋| 9571/9818 [01:17<00:01, 123.60it/s]
 98%|█████████▊| 9584/9818 [01:17<00:01, 124.19it/s]
 98%|█████████▊| 9597/9818 [01:17<00:01, 124.88it/s]
 98%|█████████▊| 9610/9818 [01:17<00:01, 125.12it/s]
 98%|█████████▊| 9623/9818 [01:17<00:01, 125.38it/s]
 98%|█████████▊| 9636/9818 [01:17<00:01, 125.65it/s]
 98%|█████████▊| 9649/9818 [01:17<00:01, 125.69it/s]
 98%|█████████▊| 9662/9818 [01:17<00:01, 125.88it/s]
 99%|█████████▊| 9675/9818 [01:18<00:01, 126.10it/s]
 99%|█████████▊| 9688/9818 [01:18<00:01, 126.54it/s]
 99%|█████████▉| 9701/9818 [01:18<00:00, 122.24it/s]
 99%|█████████▉| 9714/9818 [01:18<00:00, 123.18it/s]
 99%|█████████▉| 9727/9818 [01:18<00:00, 123.99it/s]
 99%|█████████▉| 9740/9818 [01:18<00:00, 124.76it/s]
 99%|█████████▉| 9753/9818 [01:18<00:00, 124.99it/s]
 99%|█████████▉| 9766/9818 [01:18<00:00, 125.22it/s]
100%|█████████▉| 9779/9818 [01:18<00:00, 125.66it/s]
100%|█████████▉| 9792/9818 [01:19<00:00, 125.70it/s]
100%|█████████▉| 9805/9818 [01:19<00:00, 125.83it/s]
100%|██████████| 9818/9818 [01:19<00:00, 125.20it/s]/home/jy03364/.conda/envs/ciao/lib/python3.12/site-packages/transformers/data/metrics/__init__.py:61: FutureWarning: This metric will be removed from the library soon, metrics should be handled with the 🤗 Evaluate library. You can have a look at this example script for pointers: https://github.com/huggingface/transformers/blob/main/examples/pytorch/text-classification/run_glue.py
  warnings.warn(DEPRECATION_WARNING, FutureWarning)
/home/jy03364/.conda/envs/ciao/lib/python3.12/site-packages/transformers/data/metrics/__init__.py:31: FutureWarning: This metric will be removed from the library soon, metrics should be handled with the 🤗 Evaluate library. You can have a look at this example script for pointers: https://github.com/huggingface/transformers/blob/main/examples/pytorch/text-classification/run_glue.py
  warnings.warn(DEPRECATION_WARNING, FutureWarning)
INFO:src.trainer:{'eval_loss': 1.1806640625, 'eval_mnli/acc': 0.3597911892029539}
INFO:__main__:***** Eval results mnli *****
INFO:__main__:  eval_loss = 1.1806640625
INFO:__main__:  eval_mnli/acc = 0.3597911892029539

9831it [01:19, 122.14it/s]                          
9844it [01:19, 123.13it/s]
9857it [01:19, 123.85it/s]
9870it [01:19, 120.78it/s]
9883it [01:19, 122.11it/s]
9896it [01:19, 123.08it/s]
9909it [01:19, 123.83it/s]
9922it [01:20, 123.97it/s]
9935it [01:20, 124.73it/s]
9948it [01:20, 125.20it/s]
9961it [01:20, 125.31it/s]
9974it [01:20, 125.47it/s]
9987it [01:20, 125.77it/s]
10000it [01:20, 125.83it/s]
10013it [01:20, 125.80it/s]
10026it [01:20, 122.15it/s]
10039it [01:21, 119.82it/s]
10052it [01:21, 121.39it/s]
10065it [01:21, 122.75it/s]
10078it [01:21, 123.78it/s]
10091it [01:21, 124.45it/s]
10104it [01:21, 124.99it/s]
10117it [01:21, 125.03it/s]
10130it [01:21, 125.37it/s]
10143it [01:21, 125.47it/s]
10156it [01:21, 125.54it/s]
10169it [01:22, 125.76it/s]
10182it [01:22, 125.97it/s]
10195it [01:22, 126.16it/s]
10208it [01:22, 126.01it/s]
10221it [01:22, 122.24it/s]
10234it [01:22, 119.69it/s]
10247it [01:22, 121.64it/s]
10260it [01:22, 122.79it/s]
10273it [01:22, 123.52it/s]
10286it [01:23, 124.23it/s]
10299it [01:23, 125.02it/s]
10312it [01:23, 125.21it/s]
10325it [01:23, 125.35it/s]
10338it [01:23, 125.49it/s]
10351it [01:23, 125.86it/s]
10364it [01:23, 125.89it/s]
10377it [01:23, 126.19it/s]
10390it [01:23, 122.19it/s]
10403it [01:23, 120.00it/s]
10416it [01:24, 121.81it/s]
10429it [01:24, 123.16it/s]
10442it [01:24, 123.87it/s]
10455it [01:24, 123.94it/s]
10468it [01:24, 124.36it/s]
10481it [01:24, 124.78it/s]
10494it [01:24, 125.11it/s]
10507it [01:24, 125.30it/s]
10520it [01:24, 125.40it/s]
10533it [01:24, 125.22it/s]
10546it [01:25, 123.77it/s]
10559it [01:25, 121.06it/s]
10572it [01:25, 122.40it/s]
10585it [01:25, 123.47it/s]
10598it [01:25, 124.02it/s]
10611it [01:25, 124.60it/s]
10624it [01:25, 124.97it/s]
10637it [01:25, 125.35it/s]
10650it [01:25, 125.64it/s]
10663it [01:26, 125.83it/s]
10676it [01:26, 125.93it/s]
10689it [01:26, 122.97it/s]
10702it [01:26, 117.55it/s]
10714it [01:26, 94.03it/s] 
10727it [01:26, 101.88it/s]
10740it [01:26, 108.01it/s]
10753it [01:26, 112.92it/s]
10766it [01:26, 116.59it/s]
10779it [01:27, 115.85it/s]
10792it [01:27, 118.41it/s]
10805it [01:27, 111.42it/s]
10818it [01:27, 115.41it/s]
10831it [01:27, 118.00it/s]
10844it [01:27, 120.10it/s]
10857it [01:27, 118.43it/s]
10870it [01:27, 120.49it/s]
10883it [01:27, 122.03it/s]
10896it [01:28, 123.13it/s]
10909it [01:28, 123.80it/s]
10922it [01:28, 124.29it/s]
10935it [01:28, 124.79it/s]
10948it [01:28, 125.08it/s]
10961it [01:28, 125.27it/s]
10974it [01:28, 125.45it/s]
10987it [01:28, 125.61it/s]
11000it [01:28, 125.92it/s]
11013it [01:28, 122.11it/s]
11026it [01:29, 118.15it/s]
11039it [01:29, 120.27it/s]
11052it [01:29, 121.47it/s]
11065it [01:29, 122.11it/s]
11078it [01:29, 122.80it/s]
11091it [01:29, 123.49it/s]
11104it [01:29, 124.40it/s]
11117it [01:29, 124.71it/s]
11130it [01:29, 125.29it/s]
11143it [01:30, 124.94it/s]
11156it [01:30, 125.39it/s]
11169it [01:30, 122.10it/s]
11182it [01:30, 119.13it/s]
11195it [01:30, 121.24it/s]
11208it [01:30, 122.62it/s]
11221it [01:30, 123.41it/s]
11234it [01:30, 123.96it/s]
11247it [01:30, 124.34it/s]
11260it [01:31, 124.75it/s]
11273it [01:31, 125.08it/s]
11286it [01:31, 125.27it/s]
11299it [01:31, 125.57it/s]
11312it [01:31, 125.68it/s]
11325it [01:31, 125.57it/s]
11338it [01:31, 122.49it/s]
11351it [01:31, 120.06it/s]
11364it [01:31, 121.85it/s]
11377it [01:31, 123.24it/s]
11390it [01:32, 123.93it/s]
11403it [01:32, 124.59it/s]
11416it [01:32, 125.00it/s]
11429it [01:32, 125.53it/s]
11442it [01:32, 125.49it/s]
11455it [01:32, 125.41it/s]
11468it [01:32, 125.70it/s]
11481it [01:32, 117.83it/s]
11493it [01:32, 108.89it/s]
11505it [01:33, 110.94it/s]
11518it [01:33, 114.99it/s]
11531it [01:33, 118.26it/s]
11544it [01:33, 120.29it/s]
11557it [01:33, 122.23it/s]
11570it [01:33, 123.65it/s]
11583it [01:33, 124.65it/s]
11596it [01:33, 124.91it/s]
11609it [01:33, 125.50it/s]
11622it [01:33, 125.66it/s]
11635it [01:34, 125.72it/s]
11648it [01:34, 122.58it/s]
11661it [01:34, 123.78it/s]
11674it [01:34, 124.41it/s]
11687it [01:34, 124.95it/s]
11700it [01:34, 125.64it/s]
11713it [01:34, 125.93it/s]
11726it [01:34, 126.25it/s]
11739it [01:34, 126.26it/s]
11752it [01:34, 126.07it/s]
11765it [01:35, 125.95it/s]
11778it [01:35, 126.28it/s]
11791it [01:35, 126.52it/s]
11804it [01:35, 126.31it/s]
11817it [01:35, 122.64it/s]
11830it [01:35, 120.06it/s]
11843it [01:35, 121.73it/s]
11856it [01:35, 123.35it/s]
11869it [01:35, 124.42it/s]
11882it [01:36, 125.17it/s]
11895it [01:36, 125.48it/s]
11908it [01:36, 125.90it/s]
11921it [01:36, 126.19it/s]
11934it [01:36, 125.85it/s]
11947it [01:36, 126.07it/s]
11960it [01:36, 126.19it/s]
11973it [01:36, 122.78it/s]
11986it [01:36, 123.63it/s]
11999it [01:36, 124.77it/s]
12012it [01:37, 123.42it/s]
12025it [01:37, 124.42it/s]
12038it [01:37, 125.14it/s]
12051it [01:37, 125.41it/s]
12064it [01:37, 125.76it/s]
12077it [01:37, 126.01it/s]
12090it [01:37, 126.33it/s]
12103it [01:37, 126.47it/s]
12116it [01:37, 126.60it/s]
12129it [01:38, 127.07it/s]
12142it [01:38, 123.34it/s]
12155it [01:38, 124.26it/s]
12168it [01:38, 125.11it/s]
12181it [01:38, 125.59it/s]
12194it [01:38, 125.96it/s]
12207it [01:38, 126.37it/s]
12220it [01:38, 126.36it/s]
12233it [01:38, 126.34it/s]
12246it [01:38, 126.51it/s]
12259it [01:39, 126.44it/s]
12272it [01:39, 126.42it/s]INFO:src.trainer:{'eval_loss': 1.1787109375, 'eval_mnli/acc': 0.35588385124808963}
INFO:__main__:***** Test results mnli *****
INFO:__main__:  eval_loss = 1.1787109375
INFO:__main__:  eval_mnli/acc = 0.35588385124808963
INFO:__main__:****** Output Dir *******
INFO:__main__:/scratch/jy03364/MeZO_/experiments/speed_bench_h100/zo_method_matrix_smoke2/roberta-large/MNLI/fp16/mezo/run/seed16

12272it [01:39, 123.44it/s]

TASK: MNLI
K: 16
Seed: 16
Data seed: 16
Dataset mode: full
Full dev ratio: 0.1
BS: 32
LR: 1e-6
EPS: 1e-4
Step: 5; Eval step: 5000
Optimizer: sgd
Use trainer optimizer for ZO: False
Efficient zero order: True
Using adaptive h: False
Dataloader shuffle: False
Grid search tag: seed16-bs32-lr1e-6-eps1e-4-wd0-step5-evalstep5000
Tag: k16-roberta-large-mezo-zo-matrix-mezo-fp16-mnli
Result root: /scratch/jy03364/MeZO_/experiments/speed_bench_h100/zo_method_matrix_smoke2/roberta-large/MNLI/fp16/mezo
Job name: run
Output dir: /scratch/jy03364/MeZO_/experiments/speed_bench_h100/zo_method_matrix_smoke2/roberta-large/MNLI/fp16/mezo/run/seed16
Dataset mode: full
Data root: data/k-shot-1k-test
Full dev ratio: 0.1
GPU数量: 1
RobertaConfig {
  "architectures": [
    "RobertaForMaskedLM"
  ],
  "attention_probs_dropout_prob": 0.1,
  "bos_token_id": 0,
  "classifier_dropout": null,
  "dtype": "float32",
  "eos_token_id": 2,
  "finetuning_task": "mnli",
  "hidden_act": "gelu",
  "hidden_dropout_prob": 0.1,
  "hidden_size": 1024,
  "id2label": {
    "0": "LABEL_0",
    "1": "LABEL_1",
    "2": "LABEL_2"
  },
  "initializer_range": 0.02,
  "intermediate_size": 4096,
  "label2id": {
    "LABEL_0": 0,
    "LABEL_1": 1,
    "LABEL_2": 2
  },
  "layer_norm_eps": 1e-05,
  "max_position_embeddings": 514,
  "model_type": "roberta",
  "num_attention_heads": 16,
  "num_hidden_layers": 24,
  "pad_token_id": 1,
  "position_embedding_type": "absolute",
  "transformers_version": "4.56.0",
  "type_vocab_size": 1,
  "use_cache": true,
  "vocab_size": 50265
}


