[nan-guard] command=bash /scratch/jy03364/MeZO_/medium_models/mezo.sh --result_root /scratch/jy03364/MeZO_/experiments/h_sweep_14h/results/sparse_mezo16/roberta-large/mnli/h_3e-8 --job_name run_sparse_mezo16 --dataset_mode full --zo_two_point_precision fp16 --zo_quantization_bits 16 --sparse_ratio 0.25 --sparse_mask_strategy percentile_per_layer --sparse_scope trainable_only --sparse_log_active_fraction True --zo_probe_every 200 --zo_probe_num_seeds 16 --zo_probe_log_csv True
[nan-guard] cwd=/scratch/jy03364/MeZO_/medium_models max_consecutive_nan=1
WARNING:__main__:Process rank: -1, device: cuda:0, n_gpu: 1, distributed training: False, 16-bits training: False
INFO:__main__:Training/evaluation parameters DynamicTrainingArguments(
_n_gpu=1,
accelerator_config={'split_batches': False, 'dispatch_batches': None, 'even_batches': True, 'use_seedable_sampler': True, 'non_blocking': False, 'gradient_accumulation_kwargs': None, 'use_configured_state': False},
adafactor=False,
adam_beta1=0.9,
adam_beta2=0.999,
adam_epsilon=1e-08,
adaptive_h_ema_beta=0.1,
adaptive_h_estimate_num_batches=4,
adaptive_h_estimate_num_directions=3,
adaptive_h_estimate_reduce=mean,
adaptive_h_max=0.5,
adaptive_h_min=1e-05,
adaptive_h_probe_buffer_size=64,
adjust_for_init=False,
array_id=-1,
auto_find_batch_size=False,
average_tokens_across_devices=False,
batch_eval_metrics=False,
bf16=False,
bf16_full_eval=False,
binary_classification=False,
change_grad_estimate=False,
data_seed=16,
dataloader_drop_last=False,
dataloader_num_workers=0,
dataloader_persistent_workers=False,
dataloader_pin_memory=True,
dataloader_prefetch_factor=None,
dataloader_shuffle=False,
ddp_backend=None,
ddp_broadcast_buffers=None,
ddp_bucket_cap_mb=None,
ddp_find_unused_parameters=None,
ddp_timeout=1800,
debug=[],
deepspeed=None,
dh_h_growth=2.0,
dh_max_trials=10,
dh_test_h=0.01,
disable_tqdm=False,
do_eval=True,
do_predict=True,
do_train=True,
efficient_zero_order=True,
efficient_zero_order_fp16=False,
enable_additive_h_estimation=False,
enable_two_point_h_estimation=False,
eval_accumulation_steps=None,
eval_delay=0,
eval_do_concat_batches=True,
eval_on_start=False,
eval_steps=5000.0,
eval_strategy=IntervalStrategy.NO,
eval_use_gather_object=False,
evaluate_during_training=True,
exclude_embeddings=False,
exclude_first_layers=-1,
exclude_head=False,
f0_scaling=1.0,
fix_layers=0,
fp16=False,
fp16_backend=auto,
fp16_full_eval=False,
fp16_opt_level=O1,
from_linearhead=False,
fsdp=[],
fsdp_config={'min_num_params': 0, 'xla': False, 'xla_fsdp_v2': False, 'xla_fsdp_grad_ckpt': False},
fsdp_min_num_params=0,
fsdp_transformer_layer_cls_to_wrap=None,
full_determinism=False,
gradient_accumulation_steps=1,
gradient_checkpointing=False,
gradient_checkpointing_kwargs=None,
greater_is_better=None,
group_by_length=False,
h_estimation_active_source=fixed,
h_trunc_alpha=1.0,
half_precision_backend=auto,
head_tuning=False,
hf_inference_model=False,
hizoo_hessian_smooth_type=constant0,
hub_always_push=False,
hub_model_id=None,
hub_private_repo=None,
hub_revision=None,
hub_strategy=HubStrategy.EVERY_SAVE,
hub_token=<HUB_TOKEN>,
ignore_data_skip=False,
include_for_metrics=[],
include_inputs_for_metrics=False,
include_num_input_tokens_seen=False,
include_tokens_per_second=False,
initial_h=0.001,
jit_mode_eval=False,
kernel_formula=sgd,
kernel_gamma=1.0,
kernel_regularization=0.0,
kernel_solver=logistic,
label_names=None,
label_smoothing_factor=0.0,
layer_wise_optim=False,
learning_rate=1e-06,
length_column_name=length,
liger_kernel_config=None,
load_best_model_at_end=False,
load_kernels=None,
local_rank=-1,
log_file=log-USE_H0-USE_C0,
log_level=passive,
log_level_replica=warning,
log_on_each_node=True,
logging_dir=/scratch/jy03364/MeZO_/experiments/h_sweep_14h/results/sparse_mezo16/roberta-large/mnli/h_3e-8/run_sparse_mezo16/seed16/runs/Apr18_21-25-47_ra7-1,
logging_first_step=False,
logging_nan_inf_filter=True,
logging_steps=10,
logging_strategy=IntervalStrategy.STEPS,
lozo_beta1=0.9,
lozo_rank=2,
lozo_step_interval=50,
lp_early_stopping=False,
lr_scheduler_kwargs={},
lr_scheduler_type=SchedulerType.CONSTANT,
max_grad_norm=1.0,
max_steps=50000,
max_zo_forward_steps=0,
mc_tol=0.1,
measure_perf_tail=True,
measure_perf_tail_window_steps=10,
metric_for_best_model=None,
model_id=-1,
mp_parameters=,
neftune_noise_alpha=None,
no_cuda=False,
no_predict=False,
no_reparam=False,
no_train=False,
norm_running_update=False,
nu3_retry=3,
num_hvp_vecs=128,
num_prefix=10,
num_train_epochs=3.0,
only_biases=False,
optim=OptimizerNames.ADAMW_TORCH,
optim_args=None,
optim_target_modules=None,
optimize_acc=False,
optimizer=sgd,
optimizer_variant=,
output_dir=/scratch/jy03364/MeZO_/experiments/h_sweep_14h/results/sparse_mezo16/roberta-large/mnli/h_3e-8/run_sparse_mezo16/seed16,
overwrite_kernels=False,
overwrite_output_dir=True,
parallelism_config=None,
past_index=-1,
per_device_eval_batch_size=4,
per_device_train_batch_size=32,
prediction_loss_only=False,
prefix_init_by_real_act=False,
prefix_tuning=False,
prob_as_feature=False,
push_to_hub=False,
push_to_hub_model_id=None,
push_to_hub_organization=None,
push_to_hub_token=<PUSH_TO_HUB_TOKEN>,
random_model_init=False,
ray_scope=last,
recompute_norms=False,
remove_unused_columns=True,
report_to=[],
restore_callback_states_from_checkpoint=False,
resume_from_checkpoint=None,
run_name=None,
save_at_last=False,
save_logit=False,
save_logit_dir=None,
save_on_each_node=False,
save_only_model=False,
save_safetensors=True,
save_steps=500,
save_strategy=SaveStrategy.STEPS,
save_total_limit=None,
scale_lr_with_samples=False,
scale_norm_by_num_params=False,
seed=16,
skip_memory_metrics=True,
sparse_log_active_fraction=True,
sparse_mask_refresh_steps=100,
sparse_mask_strategy=percentile_per_layer,
sparse_ratio=0.25,
sparse_scope=trainable_only,
sweep=False,
sync_embedding_layers=False,
tf32=None,
tie_emb=False,
torch_compile=False,
torch_compile_backend=None,
torch_compile_mode=None,
torch_empty_cache_steps=None,
torchdynamo=None,
tpu_metrics_debug=False,
tpu_num_cores=None,
trainer=standard,
two_point_h_beta=0.5,
two_point_h_c2=1.0,
two_point_h_delta_sample_size=4096,
two_point_h_eps_num=1e-12,
two_point_h_fixed_probe_batch=True,
two_point_h_log_csv=True,
two_point_h_max=0.5,
two_point_h_min=1e-05,
two_point_h_num_directions_g=4,
two_point_h_num_directions_l=4,
two_point_h_q_l=0.5,
two_point_h_refresh_every=100,
two_point_h_window_delta=3,
two_point_h_window_g=5,
two_point_h_window_l=5,
untie_emb=False,
update_noise_every=1000,
use_adaptive_h=False,
use_c_scale=False,
use_cpu=False,
use_ipex=False,
use_legacy_prediction_loop=False,
use_liger_kernel=False,
use_mps_device=False,
use_torchao_float8=False,
use_zo_grad_est=False,
warmup_ratio=0.0,
warmup_steps=0,
weight_decay=0.0,
zero_order_clip_grad=False,
zero_order_eps=3e-08,
zero_order_optim=True,
zero_order_sample=1,
zero_order_sample_scheduler=None,
zero_order_use_trainer_optim=False,
zo_by_layer=False,
zo_method=None,
zo_probe_every=200,
zo_probe_log_csv=True,
zo_probe_num_seeds=16,
zo_quantization=None,
zo_quantization_bits=16,
zo_two_point_precision=fp16,
zo_use_true_directional_derivative=False,
zo_variant=None,
)
INFO:__main__:[zo-config] zo_two_point_precision=fp16 | zero_order_eps=3e-08 | zo_use_true_directional_derivative=False
INFO:__main__:[quzo-config] zo_quantization_bits=16 | quzo_enabled=True
INFO:__main__:[sparse-mezo-config] enabled=True | sparse_ratio=0.25 | sparse_mask_strategy=percentile_per_layer | sparse_scope=trainable_only | sparse_log_active_fraction=True | sparse_mask_refresh_steps=100
INFO:__main__:[sparse-mezo-config] ratio semantics: sparse_ratio targets the active fraction per trainable tensor; ratio=1.0 disables masking. Order: refresh thresholds+mask on the configured cadence -> sample sparse-aware direction -> apply QuZO snapping after the sparse perturb/update path when low-bit QuZO is active.
INFO:__main__:Task name: mnli, number of labels: 3, output mode: classification
INFO:__main__:[data] dataset_mode requested=full resolved=full
INFO:__main__:[data] task_dir=MNLI data_seed=16
INFO:__main__:[data] auto_download=0 original_data_root=/scratch/jy03364/MeZO_/medium_models/data/original
INFO:__main__:[data] auto_generate=0 target=/scratch/jy03364/MeZO_/medium_models/data/k-shot-1k-test/MNLI/full-16
INFO:__main__:[data] resolved_data_dir=/scratch/jy03364/MeZO_/medium_models/data/k-shot-1k-test/MNLI/full-16
WARNING:src.models:By default for RoBERTa models the input embeddings and the output embeddings are NOT tied!!!!
Some weights of RobertaModelForPromptFinetuning were not initialized from the model checkpoint at roberta-large and are newly initialized: ['classifier.bias', 'classifier.weight', 'lm_head.decoder.weight', 'roberta.pooler.dense.bias', 'roberta.pooler.dense.weight']
You should probably TRAIN this model on a down-stream task to be able to use it for predictions and inference.
INFO:src.dataset:Label contradiction to word ĠNo (440)
INFO:src.dataset:Label entailment to word ĠYes (3216)
INFO:src.dataset:Label neutral to word ĠMaybe (5359)
INFO:src.dataset:Total num_sample for mode train: 1
INFO:src.dataset:Creating/loading examples from dataset file at /scratch/jy03364/MeZO_/medium_models/data/k-shot-1k-test/MNLI/full-16
INFO:src.dataset:[FewShotDataset] Skip cache in TRAIN mode to avoid OOM on large datasets (e.g., MNLI).
INFO:src.dataset:Creating features from dataset file at /scratch/jy03364/MeZO_/medium_models/data/k-shot-1k-test/MNLI/full-16
INFO:src.dataset:Label contradiction to word ĠNo (440)
INFO:src.dataset:Label entailment to word ĠYes (3216)
INFO:src.dataset:Label neutral to word ĠMaybe (5359)
INFO:src.dataset:Total num_sample for mode dev: 1
INFO:src.dataset:Creating/loading examples from dataset file at /scratch/jy03364/MeZO_/medium_models/data/k-shot-1k-test/MNLI/full-16
/scratch/jy03364/MeZO_/medium_models/src/dataset.py:363: FutureWarning: You are using `torch.load` with `weights_only=False` (the current default value), which uses the default pickle module implicitly. It is possible to construct malicious pickle data which will execute arbitrary code during unpickling (See https://github.com/pytorch/pytorch/blob/main/SECURITY.md#untrusted-models for more details). In a future release, the default value for `weights_only` will be flipped to `True`. This limits the functions that could be executed during unpickling. Arbitrary objects will no longer be allowed to be loaded via this mode unless they are explicitly allowlisted by the user via `torch.serialization.add_safe_globals`. We recommend you start setting `weights_only=True` for any use case where you don't have full control of the loaded file. Please open an issue on GitHub for any issues related to this experimental feature.
  self.support_examples, self.query_examples = torch.load(cached_features_file)
INFO:src.dataset:Loading features from cached file /scratch/jy03364/MeZO_/medium_models/data/k-shot-1k-test/MNLI/full-16/cached_dev_RobertaTokenizerFast-roberta_256_mnli [took 0.631 s]
INFO:src.dataset:*** Example ***
INFO:src.dataset:guid: dev_matched-263856
INFO:src.dataset:features: OurInputFeatures(input_ids=[0, 487, 4132, 298, 1180, 18, 82, 32, 481, 7, 989, 5, 2946, 6, 53, 683, 51, 517, 5140, 6, 51, 189, 28, 3179, 5537, 7, 671, 116, 50264, 6, 71, 1375, 8, 1618, 5, 2946, 6, 234, 4132, 298, 1180, 18, 82, 189, 45, 28, 576, 5537, 7, 671, 4, 2], attention_mask=[1, 1, 1, 1, 1, 1, 1, 1, 1, 1, 1, 1, 1, 1, 1, 1, 1, 1, 1, 1, 1, 1, 1, 1, 1, 1, 1, 1, 1, 1, 1, 1, 1, 1, 1, 1, 1, 1, 1, 1, 1, 1, 1, 1, 1, 1, 1, 1, 1, 1, 1, 1], token_type_ids=None, label=1, mask_pos=[28], label_word_list=None, sfc_input_ids=None, sfc_attention_mask=None, sfc_mask_pos=None)
INFO:src.dataset:text: <s>Niihau's people are free to leave the island, but once they move elsewhere, they may be refused permission to return?<mask>, after moving and leaving the island, Niihau's people may not be given permission to return.</s>
WARNING:src.dataset:Input exceeds max_length limit: <s>uh-huh oh i feel that is certainly if you're going to carry one you need to be uh very comfortable with the piece and have enough uh knowledge and insight for your own self on whether or not you're going to use it in that situation and not pull it unless you intend to because i i feel like that's you know i mean i'm i'm i'm all for uh people having having firearms or having whatever form of protection they prefer because you know even though the odds is you know the criminal ends up getting the gun and shooting the people to begin with you know the people that had it in the beginning but if the if if you're talking about uh two people if you're talking about a criminal an assailant that is coming at you with a gun and you don't have a gun at all well the chances are a hundred percent they're going to get you if you if you both of you have a firearm you've at least got that fifty percent chance that you may get them first and so i believe in that but i i've not ever felt comfortable in it i guess it's  i'm glad i  i'm glad i um i'm that i'm married to someone?<mask>, i think you need to know a lot about guns if you're goign to carry one.</s>
WARNING:src.dataset:Input exceeds max_length limit: <s>we went uh and did a a thing through IBS which is a like a financial consultant  type thing here in Dallas and uh one of the things that we talked about with the counselor there was you know they work up this whole big you know proposal profile for you that every all the things that you need to work on and you need to do and then one of the things that we talked about with her was you know the need to save for our son's education we have a two year old you know and and you know we can't start saving for college when he's sixteen you know we have to do that now and and uh they have a way that they can figure you know what you know and he's two now in sixteen years when he's ready to go to college this is how much it'll cost you know and it's just really scary the thought of how much it's going to it's what it costs now is ridiculous what it's going to cost sixteen years from now is just really scary and they sat down and figured up that we needed to save like fifteen between fifteen and seventeen hundred dollars a year at a oh you know six percent interest rate to be able to have you know?<mask>, we worked with a financial consultant through IBS in Dallas.</s>
WARNING:src.dataset:Input exceeds max_length limit: <s>yes i'm i'm i have some great concerns about uh my my parents and my relatives reaching that age um around here where i live in Maryland in the Washington area there's there's and uh i used to live down in Dallas there was just so many stories about uh rest homes where the people are being abused where the people are being kept in filthy conditions in fact here in Baltimore they've actually shut a couple of them down and taken all the people out of them because they were so uh bug infested and rat infested and it i you know really concerns me that um first of all that anyone could let someone live like that but if you have to you know how do you make sure i mean i'm sure when you make your appointment and go by everybody puts on a happy face um you know how are you sure that the home is really as good as it is because once you put someone into there you know they may not like the fact that they've been put in there and they might complain about the place all the time even though it's the best place in the whole world they could be just because they want to make you feel guilty for putting them in there and you kno?<mask>, i am worried about how landlords could let people live in such poor conditions.</s>
INFO:src.dataset:Label contradiction to word ĠNo (440)
INFO:src.dataset:Label entailment to word ĠYes (3216)
INFO:src.dataset:Label neutral to word ĠMaybe (5359)
INFO:src.dataset:Total num_sample for mode test: 1
INFO:src.dataset:Creating/loading examples from dataset file at /scratch/jy03364/MeZO_/medium_models/data/k-shot-1k-test/MNLI/full-16
INFO:src.dataset:Loading features from cached file /scratch/jy03364/MeZO_/medium_models/data/k-shot-1k-test/MNLI/full-16/cached_test_RobertaTokenizerFast-roberta_256_mnli [took 0.638 s]
INFO:src.dataset:*** Example ***
INFO:src.dataset:guid: test_matched-0
INFO:src.dataset:features: OurInputFeatures(input_ids=[0, 133, 92, 659, 32, 2579, 1177, 13098, 116, 50264, 6, 961, 269, 3829, 5, 8946, 1795, 1437, 2], attention_mask=[1, 1, 1, 1, 1, 1, 1, 1, 1, 1, 1, 1, 1, 1, 1, 1, 1, 1, 1], token_type_ids=None, label=2, mask_pos=[9], label_word_list=None, sfc_input_ids=None, sfc_attention_mask=None, sfc_mask_pos=None)
INFO:src.dataset:text: <s>The new rights are nice enoug?<mask>, everyone really likes the newest benefits </s>
INFO:__main__:[quzo-config] quantized model parameters in-place at 16 bits before ZO training
huggingface/tokenizers: The current process just got forked, after parallelism has already been used. Disabling parallelism to avoid deadlocks...
To disable this warning, you can either:
	- Avoid using `tokenizers` before the fork if possible
	- Explicitly set the environment variable TOKENIZERS_PARALLELISM=(true | false)
INFO:src.trainer:[dataloader][debug] self class=Trainer, get_train_dataloader=<bound method Trainer.get_train_dataloader of <src.trainer.Trainer object at 0x146a576b1460>>
INFO:src.trainer:[dataloader][override] Trainer.get_train_dataloader active. shuffle_raw=False type=bool -> shuffle=False; data_seed=16 seed=16 local_rank=-1
INFO:src.trainer:[dataloader][override] selected sampler=SequentialSampler
INFO:src.trainer:[dataloader] sampler=SequentialSampler, batch_sampler=BatchSampler
INFO:src.trainer:[dataloader] training uses SequentialSampler (no shuffle).
INFO:src.trainer:[dataloader] args.dataloader_shuffle=False
INFO:src.trainer:[dataloader] args.data_seed=16 args.seed=16
INFO:src.trainer:***** Running training *****
INFO:src.trainer:  Num examples = 353432
INFO:src.trainer:  Num Epochs = 5
INFO:src.trainer:  Instantaneous batch size per device = 32
INFO:src.trainer:  Total train batch size (w. parallel, distributed & accumulation) = 32
INFO:src.trainer:  Gradient Accumulation steps = 1
INFO:src.trainer:  Total optimization steps = 50000
INFO:src.trainer:[zo-config] zo_two_point_precision=fp16 | zero_order_eps=3e-08 | zo_use_true_directional_derivative=False
INFO:src.trainer:[zo_probe] enabled: every=200, num_seeds=16, csv=/scratch/jy03364/MeZO_/experiments/h_sweep_14h/results/sparse_mezo16/roberta-large/mnli/h_3e-8/run_sparse_mezo16/seed16/zo_directional_probe.csv
INFO:src.trainer:[h_estimation][init] h0=1.000e-03 active_source=fixed additive=False two_point=False
You're using a RobertaTokenizerFast tokenizer. Please note that with a fast tokenizer, using the `__call__` method is faster than using a method to encode the text followed by a call to the `pad` method to get a padded encoding.
INFO:src.trainer:[sparse-mezo] global_step=0 active_fraction=0.250084 active_params=102018466/407936092 configured_ratio=0.250000 mask_strategy=percentile_per_layer scope=trainable_only
/scratch/jy03364/MeZO_/medium_models/src/trainer.py:2281: FutureWarning: `torch.cuda.amp.autocast(args...)` is deprecated. Please use `torch.amp.autocast('cuda', args...)` instead.
  return autocast(dtype=torch.float16)
INFO:src.trainer:{'loss': 1.22320556640625, 'learning_rate': 1e-06, 'global_step': 0, 'zo_forward_step': 2, 'max_steps': 50000, 'max_zo_forward_steps': 0, 'time': 1, 'eps': 3e-08, 'sparse_active_fraction': 0.25008443234289746}
INFO:src.trainer:[sparse-mezo] global_step=1 active_fraction=0.250084 active_params=102018466/407936092 configured_ratio=0.250000 mask_strategy=percentile_per_layer scope=trainable_only
INFO:src.trainer:[sparse-mezo] global_step=10 active_fraction=0.250084 active_params=102018466/407936092 configured_ratio=0.250000 mask_strategy=percentile_per_layer scope=trainable_only
INFO:src.trainer:{'loss': 1.1234588623046875, 'learning_rate': 1e-06, 'global_step': 10, 'zo_forward_step': 22, 'max_steps': 50000, 'max_zo_forward_steps': 0, 'time': 4, 'eps': 3e-08, 'sparse_active_fraction': 0.25008443234289746}
INFO:src.trainer:[sparse-mezo] global_step=20 active_fraction=0.250084 active_params=102018466/407936092 configured_ratio=0.250000 mask_strategy=percentile_per_layer scope=trainable_only
INFO:src.trainer:{'loss': 1.135345458984375, 'learning_rate': 1e-06, 'global_step': 20, 'zo_forward_step': 42, 'max_steps': 50000, 'max_zo_forward_steps': 0, 'time': 6, 'eps': 3e-08, 'sparse_active_fraction': 0.25008443234289746}
INFO:src.trainer:[sparse-mezo] global_step=30 active_fraction=0.250084 active_params=102018466/407936092 configured_ratio=0.250000 mask_strategy=percentile_per_layer scope=trainable_only
INFO:src.trainer:{'loss': 1.096405029296875, 'learning_rate': 1e-06, 'global_step': 30, 'zo_forward_step': 62, 'max_steps': 50000, 'max_zo_forward_steps': 0, 'time': 8, 'eps': 3e-08, 'sparse_active_fraction': 0.25008443234289746}
INFO:src.trainer:[sparse-mezo] global_step=40 active_fraction=0.250084 active_params=102018466/407936092 configured_ratio=0.250000 mask_strategy=percentile_per_layer scope=trainable_only
INFO:src.trainer:{'loss': 1.10272216796875, 'learning_rate': 1e-06, 'global_step': 40, 'zo_forward_step': 82, 'max_steps': 50000, 'max_zo_forward_steps': 0, 'time': 10, 'eps': 3e-08, 'sparse_active_fraction': 0.25008443234289746}
INFO:src.trainer:[sparse-mezo] global_step=50 active_fraction=0.250084 active_params=102018466/407936092 configured_ratio=0.250000 mask_strategy=percentile_per_layer scope=trainable_only
INFO:src.trainer:{'loss': 1.0962066650390625, 'learning_rate': 1e-06, 'global_step': 50, 'zo_forward_step': 102, 'max_steps': 50000, 'max_zo_forward_steps': 0, 'time': 12, 'eps': 3e-08, 'sparse_active_fraction': 0.25008443234289746}
INFO:src.trainer:[sparse-mezo] global_step=60 active_fraction=0.250084 active_params=102018466/407936092 configured_ratio=0.250000 mask_strategy=percentile_per_layer scope=trainable_only
INFO:src.trainer:{'loss': 1.0982666015625, 'learning_rate': 1e-06, 'global_step': 60, 'zo_forward_step': 122, 'max_steps': 50000, 'max_zo_forward_steps': 0, 'time': 15, 'eps': 3e-08, 'sparse_active_fraction': 0.25008443234289746}
INFO:src.trainer:[sparse-mezo] global_step=70 active_fraction=0.250084 active_params=102018466/407936092 configured_ratio=0.250000 mask_strategy=percentile_per_layer scope=trainable_only
INFO:src.trainer:{'loss': 1.1468048095703125, 'learning_rate': 1e-06, 'global_step': 70, 'zo_forward_step': 142, 'max_steps': 50000, 'max_zo_forward_steps': 0, 'time': 17, 'eps': 3e-08, 'sparse_active_fraction': 0.25008443234289746}
INFO:src.trainer:[sparse-mezo] global_step=80 active_fraction=0.250084 active_params=102018466/407936092 configured_ratio=0.250000 mask_strategy=percentile_per_layer scope=trainable_only
INFO:src.trainer:{'loss': 1.2211761474609375, 'learning_rate': 1e-06, 'global_step': 80, 'zo_forward_step': 162, 'max_steps': 50000, 'max_zo_forward_steps': 0, 'time': 19, 'eps': 3e-08, 'sparse_active_fraction': 0.25008443234289746}
WARNING:src.dataset:Input exceeds max_length limit: <s>yeah well that's well that's funny yeah not everybody enjoys it though everybody has a different things i kind of enjoy it and my husband doesn't i kind of have to sometimes i'm too busy to get out there and do it and he you know he doesn't really enjoy doing it but he'll do it and he doesn't gripe about it or anything but you know i'm kind of like you and he's kind of like your wife and you know in that he doesn't really enjoy it but i would like to have a garden though that's my thing but right now where we're living we have the trees where the uh roots are at the top of the ground everywhere all over the ground i don't know what kind of trees they are but you can't have a garden you can't till it or it'll it'll tear up a nice tiller so we're going to wait until we move we don't have a lot of sun either because it big trees back there so we're going to wait and when we move that's one of our priorities is to get a house where we can have a um garden and so i'd like to do that i have a feeling i'll be?<mask>, i would love to have a garden with vegetables and herbs.</s>
INFO:src.trainer:[sparse-mezo] global_step=90 active_fraction=0.250084 active_params=102018466/407936092 configured_ratio=0.250000 mask_strategy=percentile_per_layer scope=trainable_only
INFO:src.trainer:{'loss': 1.1188201904296875, 'learning_rate': 1e-06, 'global_step': 90, 'zo_forward_step': 182, 'max_steps': 50000, 'max_zo_forward_steps': 0, 'time': 21, 'eps': 3e-08, 'sparse_active_fraction': 0.25008443234289746}
INFO:src.trainer:[sparse-mezo] global_step=100 active_fraction=0.250143 active_params=102042551/407936092 configured_ratio=0.250000 mask_strategy=percentile_per_layer scope=trainable_only
INFO:src.trainer:{'loss': 1.2907867431640625, 'learning_rate': 1e-06, 'global_step': 100, 'zo_forward_step': 202, 'max_steps': 50000, 'max_zo_forward_steps': 0, 'time': 25, 'eps': 3e-08, 'sparse_active_fraction': 0.2501434734536801}
INFO:src.trainer:[sparse-mezo] global_step=110 active_fraction=0.250143 active_params=102042551/407936092 configured_ratio=0.250000 mask_strategy=percentile_per_layer scope=trainable_only
INFO:src.trainer:{'loss': 1.15625, 'learning_rate': 1e-06, 'global_step': 110, 'zo_forward_step': 222, 'max_steps': 50000, 'max_zo_forward_steps': 0, 'time': 27, 'eps': 3e-08, 'sparse_active_fraction': 0.2501434734536801}
INFO:src.trainer:[sparse-mezo] global_step=120 active_fraction=0.250143 active_params=102042551/407936092 configured_ratio=0.250000 mask_strategy=percentile_per_layer scope=trainable_only
INFO:src.trainer:{'loss': 1.3782730102539062, 'learning_rate': 1e-06, 'global_step': 120, 'zo_forward_step': 242, 'max_steps': 50000, 'max_zo_forward_steps': 0, 'time': 29, 'eps': 3e-08, 'sparse_active_fraction': 0.2501434734536801}
WARNING:src.dataset:Input exceeds max_length limit: <s>yeah well that's well that's funny yeah not everybody enjoys it though everybody has a different things i kind of enjoy it and my husband doesn't i kind of have to sometimes i'm too busy to get out there and do it and he you know he doesn't really enjoy doing it but he'll do it and he doesn't gripe about it or anything but you know i'm kind of like you and he's kind of like your wife and you know in that he doesn't really enjoy it but i would like to have a garden though that's my thing but right now where we're living we have the trees where the uh roots are at the top of the ground everywhere all over the ground i don't know what kind of trees they are but you can't have a garden you can't till it or it'll it'll tear up a nice tiller so we're going to wait until we move we don't have a lot of sun either because it big trees back there so we're going to wait and when we move that's one of our priorities is to get a house where we can have a um garden and so i'd like to do that i have a feeling i'll be?<mask>, my husband does not enjoy having a garden, but I do.</s>
INFO:src.trainer:[sparse-mezo] global_step=130 active_fraction=0.250143 active_params=102042551/407936092 configured_ratio=0.250000 mask_strategy=percentile_per_layer scope=trainable_only
INFO:src.trainer:{'loss': 1.3708267211914062, 'learning_rate': 1e-06, 'global_step': 130, 'zo_forward_step': 262, 'max_steps': 50000, 'max_zo_forward_steps': 0, 'time': 31, 'eps': 3e-08, 'sparse_active_fraction': 0.2501434734536801}
INFO:src.trainer:[sparse-mezo] global_step=140 active_fraction=0.250143 active_params=102042551/407936092 configured_ratio=0.250000 mask_strategy=percentile_per_layer scope=trainable_only
INFO:src.trainer:{'loss': 1.1446075439453125, 'learning_rate': 1e-06, 'global_step': 140, 'zo_forward_step': 282, 'max_steps': 50000, 'max_zo_forward_steps': 0, 'time': 33, 'eps': 3e-08, 'sparse_active_fraction': 0.2501434734536801}
INFO:src.trainer:[sparse-mezo] global_step=150 active_fraction=0.250143 active_params=102042551/407936092 configured_ratio=0.250000 mask_strategy=percentile_per_layer scope=trainable_only
INFO:src.trainer:{'loss': 1.3712310791015625, 'learning_rate': 1e-06, 'global_step': 150, 'zo_forward_step': 302, 'max_steps': 50000, 'max_zo_forward_steps': 0, 'time': 36, 'eps': 3e-08, 'sparse_active_fraction': 0.2501434734536801}
INFO:src.trainer:[sparse-mezo] global_step=160 active_fraction=0.250143 active_params=102042551/407936092 configured_ratio=0.250000 mask_strategy=percentile_per_layer scope=trainable_only
INFO:src.trainer:{'loss': 1.3937606811523438, 'learning_rate': 1e-06, 'global_step': 160, 'zo_forward_step': 322, 'max_steps': 50000, 'max_zo_forward_steps': 0, 'time': 38, 'eps': 3e-08, 'sparse_active_fraction': 0.2501434734536801}
INFO:src.trainer:[sparse-mezo] global_step=170 active_fraction=0.250143 active_params=102042551/407936092 configured_ratio=0.250000 mask_strategy=percentile_per_layer scope=trainable_only
INFO:src.trainer:{'loss': 1.577911376953125, 'learning_rate': 1e-06, 'global_step': 170, 'zo_forward_step': 342, 'max_steps': 50000, 'max_zo_forward_steps': 0, 'time': 40, 'eps': 3e-08, 'sparse_active_fraction': 0.2501434734536801}
INFO:src.trainer:[sparse-mezo] global_step=180 active_fraction=0.250143 active_params=102042551/407936092 configured_ratio=0.250000 mask_strategy=percentile_per_layer scope=trainable_only
INFO:src.trainer:{'loss': 1.20025634765625, 'learning_rate': 1e-06, 'global_step': 180, 'zo_forward_step': 362, 'max_steps': 50000, 'max_zo_forward_steps': 0, 'time': 42, 'eps': 3e-08, 'sparse_active_fraction': 0.2501434734536801}
INFO:src.trainer:[sparse-mezo] global_step=190 active_fraction=0.250143 active_params=102042551/407936092 configured_ratio=0.250000 mask_strategy=percentile_per_layer scope=trainable_only
INFO:src.trainer:{'loss': 1.7889404296875, 'learning_rate': 1e-06, 'global_step': 190, 'zo_forward_step': 382, 'max_steps': 50000, 'max_zo_forward_steps': 0, 'time': 44, 'eps': 3e-08, 'sparse_active_fraction': 0.2501434734536801}
INFO:src.trainer:[sparse-mezo] global_step=200 active_fraction=0.250231 active_params=102078408/407936092 configured_ratio=0.250000 mask_strategy=percentile_per_layer scope=trainable_only
INFO:src.trainer:[zo_probe] step=200 eps=3.000e-08 precision=fp16 n=16 mae=2.097285e+03 mse=7.193497e+06 rmse=2.682070e+03 sign_acc=0.4375 corr=-0.254905
INFO:src.trainer:{'loss': 1.176971435546875, 'learning_rate': 1e-06, 'global_step': 200, 'zo_forward_step': 402, 'max_steps': 50000, 'max_zo_forward_steps': 0, 'time': 51, 'eps': 3e-08, 'sparse_active_fraction': 0.2502313720257927}
INFO:src.trainer:[sparse-mezo] global_step=210 active_fraction=0.250231 active_params=102078408/407936092 configured_ratio=0.250000 mask_strategy=percentile_per_layer scope=trainable_only
INFO:src.trainer:{'loss': 1.4061355590820312, 'learning_rate': 1e-06, 'global_step': 210, 'zo_forward_step': 422, 'max_steps': 50000, 'max_zo_forward_steps': 0, 'time': 54, 'eps': 3e-08, 'sparse_active_fraction': 0.2502313720257927}
INFO:src.trainer:[sparse-mezo] global_step=220 active_fraction=0.250231 active_params=102078408/407936092 configured_ratio=0.250000 mask_strategy=percentile_per_layer scope=trainable_only
INFO:src.trainer:{'loss': 1.6074180603027344, 'learning_rate': 1e-06, 'global_step': 220, 'zo_forward_step': 442, 'max_steps': 50000, 'max_zo_forward_steps': 0, 'time': 56, 'eps': 3e-08, 'sparse_active_fraction': 0.2502313720257927}
INFO:src.trainer:[sparse-mezo] global_step=230 active_fraction=0.250231 active_params=102078408/407936092 configured_ratio=0.250000 mask_strategy=percentile_per_layer scope=trainable_only
INFO:src.trainer:{'loss': 1.1133880615234375, 'learning_rate': 1e-06, 'global_step': 230, 'zo_forward_step': 462, 'max_steps': 50000, 'max_zo_forward_steps': 0, 'time': 58, 'eps': 3e-08, 'sparse_active_fraction': 0.2502313720257927}
INFO:src.trainer:[sparse-mezo] global_step=240 active_fraction=0.250231 active_params=102078408/407936092 configured_ratio=0.250000 mask_strategy=percentile_per_layer scope=trainable_only
INFO:src.trainer:{'loss': 1.070465087890625, 'learning_rate': 1e-06, 'global_step': 240, 'zo_forward_step': 482, 'max_steps': 50000, 'max_zo_forward_steps': 0, 'time': 60, 'eps': 3e-08, 'sparse_active_fraction': 0.2502313720257927}
INFO:src.trainer:[sparse-mezo] global_step=250 active_fraction=0.250231 active_params=102078408/407936092 configured_ratio=0.250000 mask_strategy=percentile_per_layer scope=trainable_only
INFO:src.trainer:{'loss': 1.2130584716796875, 'learning_rate': 1e-06, 'global_step': 250, 'zo_forward_step': 502, 'max_steps': 50000, 'max_zo_forward_steps': 0, 'time': 62, 'eps': 3e-08, 'sparse_active_fraction': 0.2502313720257927}
INFO:src.trainer:[sparse-mezo] global_step=260 active_fraction=0.250231 active_params=102078408/407936092 configured_ratio=0.250000 mask_strategy=percentile_per_layer scope=trainable_only
INFO:src.trainer:{'loss': 1.230804443359375, 'learning_rate': 1e-06, 'global_step': 260, 'zo_forward_step': 522, 'max_steps': 50000, 'max_zo_forward_steps': 0, 'time': 65, 'eps': 3e-08, 'sparse_active_fraction': 0.2502313720257927}
INFO:src.trainer:[sparse-mezo] global_step=270 active_fraction=0.250231 active_params=102078408/407936092 configured_ratio=0.250000 mask_strategy=percentile_per_layer scope=trainable_only
INFO:src.trainer:{'loss': 1.19549560546875, 'learning_rate': 1e-06, 'global_step': 270, 'zo_forward_step': 542, 'max_steps': 50000, 'max_zo_forward_steps': 0, 'time': 67, 'eps': 3e-08, 'sparse_active_fraction': 0.2502313720257927}
INFO:src.trainer:[sparse-mezo] global_step=280 active_fraction=0.250231 active_params=102078408/407936092 configured_ratio=0.250000 mask_strategy=percentile_per_layer scope=trainable_only
INFO:src.trainer:{'loss': 1.077728271484375, 'learning_rate': 1e-06, 'global_step': 280, 'zo_forward_step': 562, 'max_steps': 50000, 'max_zo_forward_steps': 0, 'time': 69, 'eps': 3e-08, 'sparse_active_fraction': 0.2502313720257927}
WARNING:src.dataset:Input exceeds max_length limit: <s>well uh that's kind of obvious i mean they're even carrying it to to where now uh that they advertise on TV you know if your if you uh you know have done this or if you need this uh uh we'll sue for you and you don't have to pay us unless you but then what they don't tell you is that if you if they win you give them at least a third of the of the thing that they win so  i don't know it is uh it's getting to be more business now rather than uh actually uh dealing with the crime than with uh um the uh punishment they the the lawyers are just in it for the money  i'm i'm convinced i know i i agree with you i think you're real you're very right that the politicians should i think they should have an equal amount of you know maybe they can have a few but i think most of them should be not uh lawyers in the fact and that's way way they've gotten into politics it's because of the the law things you know the loops and everything but uh but no i know we it um we're in Maryland and uh we have the same thing overcrowding and and uh they are?<mask>, i'm not sure how we get to that point, though.</s>
INFO:src.trainer:[sparse-mezo] global_step=290 active_fraction=0.250231 active_params=102078408/407936092 configured_ratio=0.250000 mask_strategy=percentile_per_layer scope=trainable_only
INFO:src.trainer:{'loss': 1.1887664794921875, 'learning_rate': 1e-06, 'global_step': 290, 'zo_forward_step': 582, 'max_steps': 50000, 'max_zo_forward_steps': 0, 'time': 71, 'eps': 3e-08, 'sparse_active_fraction': 0.2502313720257927}
INFO:src.trainer:[sparse-mezo] global_step=300 active_fraction=0.250279 active_params=102098002/407936092 configured_ratio=0.250000 mask_strategy=percentile_per_layer scope=trainable_only
INFO:src.trainer:{'loss': 1.143280029296875, 'learning_rate': 1e-06, 'global_step': 300, 'zo_forward_step': 602, 'max_steps': 50000, 'max_zo_forward_steps': 0, 'time': 75, 'eps': 3e-08, 'sparse_active_fraction': 0.2502794040592025}
INFO:src.trainer:[sparse-mezo] global_step=310 active_fraction=0.250279 active_params=102098002/407936092 configured_ratio=0.250000 mask_strategy=percentile_per_layer scope=trainable_only
INFO:src.trainer:{'loss': 1.270538330078125, 'learning_rate': 1e-06, 'global_step': 310, 'zo_forward_step': 622, 'max_steps': 50000, 'max_zo_forward_steps': 0, 'time': 77, 'eps': 3e-08, 'sparse_active_fraction': 0.2502794040592025}
INFO:src.trainer:[sparse-mezo] global_step=320 active_fraction=0.250279 active_params=102098002/407936092 configured_ratio=0.250000 mask_strategy=percentile_per_layer scope=trainable_only
INFO:src.trainer:{'loss': 1.133636474609375, 'learning_rate': 1e-06, 'global_step': 320, 'zo_forward_step': 642, 'max_steps': 50000, 'max_zo_forward_steps': 0, 'time': 79, 'eps': 3e-08, 'sparse_active_fraction': 0.2502794040592025}
INFO:src.trainer:[sparse-mezo] global_step=330 active_fraction=0.250279 active_params=102098002/407936092 configured_ratio=0.250000 mask_strategy=percentile_per_layer scope=trainable_only
INFO:src.trainer:{'loss': 1.434295654296875, 'learning_rate': 1e-06, 'global_step': 330, 'zo_forward_step': 662, 'max_steps': 50000, 'max_zo_forward_steps': 0, 'time': 81, 'eps': 3e-08, 'sparse_active_fraction': 0.2502794040592025}
INFO:src.trainer:[sparse-mezo] global_step=340 active_fraction=0.250279 active_params=102098002/407936092 configured_ratio=0.250000 mask_strategy=percentile_per_layer scope=trainable_only
INFO:src.trainer:{'loss': 2.1299400329589844, 'learning_rate': 1e-06, 'global_step': 340, 'zo_forward_step': 682, 'max_steps': 50000, 'max_zo_forward_steps': 0, 'time': 83, 'eps': 3e-08, 'sparse_active_fraction': 0.2502794040592025}
INFO:src.trainer:[sparse-mezo] global_step=350 active_fraction=0.250279 active_params=102098002/407936092 configured_ratio=0.250000 mask_strategy=percentile_per_layer scope=trainable_only
INFO:src.trainer:{'loss': 2.7133350372314453, 'learning_rate': 1e-06, 'global_step': 350, 'zo_forward_step': 702, 'max_steps': 50000, 'max_zo_forward_steps': 0, 'time': 86, 'eps': 3e-08, 'sparse_active_fraction': 0.2502794040592025}
INFO:src.trainer:[sparse-mezo] global_step=360 active_fraction=0.250279 active_params=102098002/407936092 configured_ratio=0.250000 mask_strategy=percentile_per_layer scope=trainable_only
INFO:src.trainer:{'loss': 2.536945343017578, 'learning_rate': 1e-06, 'global_step': 360, 'zo_forward_step': 722, 'max_steps': 50000, 'max_zo_forward_steps': 0, 'time': 88, 'eps': 3e-08, 'sparse_active_fraction': 0.2502794040592025}
INFO:src.trainer:[sparse-mezo] global_step=370 active_fraction=0.250279 active_params=102098002/407936092 configured_ratio=0.250000 mask_strategy=percentile_per_layer scope=trainable_only
INFO:src.trainer:{'loss': 2.029041290283203, 'learning_rate': 1e-06, 'global_step': 370, 'zo_forward_step': 742, 'max_steps': 50000, 'max_zo_forward_steps': 0, 'time': 90, 'eps': 3e-08, 'sparse_active_fraction': 0.2502794040592025}
INFO:src.trainer:[sparse-mezo] global_step=380 active_fraction=0.250279 active_params=102098002/407936092 configured_ratio=0.250000 mask_strategy=percentile_per_layer scope=trainable_only
INFO:src.trainer:{'loss': 3.8370213508605957, 'learning_rate': 1e-06, 'global_step': 380, 'zo_forward_step': 762, 'max_steps': 50000, 'max_zo_forward_steps': 0, 'time': 92, 'eps': 3e-08, 'sparse_active_fraction': 0.2502794040592025}
INFO:src.trainer:[sparse-mezo] global_step=390 active_fraction=0.250279 active_params=102098002/407936092 configured_ratio=0.250000 mask_strategy=percentile_per_layer scope=trainable_only
INFO:src.trainer:{'loss': 3.8484153747558594, 'learning_rate': 1e-06, 'global_step': 390, 'zo_forward_step': 782, 'max_steps': 50000, 'max_zo_forward_steps': 0, 'time': 94, 'eps': 3e-08, 'sparse_active_fraction': 0.2502794040592025}
INFO:src.trainer:[sparse-mezo] global_step=400 active_fraction=0.250315 active_params=102112417/407936092 configured_ratio=0.250000 mask_strategy=percentile_per_layer scope=trainable_only
INFO:src.trainer:[zo_probe] step=400 eps=3.000e-08 precision=fp16 n=16 mae=6.103851e+03 mse=6.041088e+07 rmse=7.772444e+03 sign_acc=0.5000 corr=0.072114
INFO:src.trainer:{'loss': 2.782383918762207, 'learning_rate': 1e-06, 'global_step': 400, 'zo_forward_step': 802, 'max_steps': 50000, 'max_zo_forward_steps': 0, 'time': 101, 'eps': 3e-08, 'sparse_active_fraction': 0.25031474047655483}
INFO:src.trainer:[sparse-mezo] global_step=410 active_fraction=0.250315 active_params=102112417/407936092 configured_ratio=0.250000 mask_strategy=percentile_per_layer scope=trainable_only
INFO:src.trainer:{'loss': 2.6729183197021484, 'learning_rate': 1e-06, 'global_step': 410, 'zo_forward_step': 822, 'max_steps': 50000, 'max_zo_forward_steps': 0, 'time': 104, 'eps': 3e-08, 'sparse_active_fraction': 0.25031474047655483}
INFO:src.trainer:[sparse-mezo] global_step=420 active_fraction=0.250315 active_params=102112417/407936092 configured_ratio=0.250000 mask_strategy=percentile_per_layer scope=trainable_only
INFO:src.trainer:{'loss': 4.2985944747924805, 'learning_rate': 1e-06, 'global_step': 420, 'zo_forward_step': 842, 'max_steps': 50000, 'max_zo_forward_steps': 0, 'time': 106, 'eps': 3e-08, 'sparse_active_fraction': 0.25031474047655483}
INFO:src.trainer:[sparse-mezo] global_step=430 active_fraction=0.250315 active_params=102112417/407936092 configured_ratio=0.250000 mask_strategy=percentile_per_layer scope=trainable_only
INFO:src.trainer:{'loss': 2.7959041595458984, 'learning_rate': 1e-06, 'global_step': 430, 'zo_forward_step': 862, 'max_steps': 50000, 'max_zo_forward_steps': 0, 'time': 108, 'eps': 3e-08, 'sparse_active_fraction': 0.25031474047655483}
WARNING:src.dataset:Input exceeds max_length limit: <s>yeah i they need to have more checks and balances in their government to  get rid of the corruption but i think first though i don't know they need to i think turn these people in the repentance on the leadership of the different nations for all their uh you know the atrocities that they've commit and the drug dealings and in the just in the drug crimes because i feel like a lot of the leadership of those nations are so engrossed in the drug crimes that until they repent or they're moved from power that you know but there are so many of them that the next one to come up if you just knock one off you going to have another one and i know a lot of those nations there's uh Brazil i know is like forty percent evangelical Christian not just go to church but you know really on fire for God and they're just surpassing America Latin America by the drugs you know it's just incomprehensible and uh so i just think that i think that God's going to honor that and that he's going to put in some good leadership and i know the president of i believe Costa Rica is a Christian and he goes to no Guatemala because he goes to Virgo Church in Guatemala City our church?<mask>, i hope Latin America sheds the chains of religion and unifies around rationality and humanitarianism for the greater good.</s>
INFO:src.trainer:[sparse-mezo] global_step=440 active_fraction=0.250315 active_params=102112417/407936092 configured_ratio=0.250000 mask_strategy=percentile_per_layer scope=trainable_only
INFO:src.trainer:{'loss': 2.3328418731689453, 'learning_rate': 1e-06, 'global_step': 440, 'zo_forward_step': 882, 'max_steps': 50000, 'max_zo_forward_steps': 0, 'time': 110, 'eps': 3e-08, 'sparse_active_fraction': 0.25031474047655483}
INFO:src.trainer:[sparse-mezo] global_step=450 active_fraction=0.250315 active_params=102112417/407936092 configured_ratio=0.250000 mask_strategy=percentile_per_layer scope=trainable_only
INFO:src.trainer:{'loss': 1.5060787200927734, 'learning_rate': 1e-06, 'global_step': 450, 'zo_forward_step': 902, 'max_steps': 50000, 'max_zo_forward_steps': 0, 'time': 112, 'eps': 3e-08, 'sparse_active_fraction': 0.25031474047655483}
INFO:src.trainer:[sparse-mezo] global_step=460 active_fraction=0.250315 active_params=102112417/407936092 configured_ratio=0.250000 mask_strategy=percentile_per_layer scope=trainable_only
INFO:src.trainer:{'loss': 2.2964611053466797, 'learning_rate': 1e-06, 'global_step': 460, 'zo_forward_step': 922, 'max_steps': 50000, 'max_zo_forward_steps': 0, 'time': 115, 'eps': 3e-08, 'sparse_active_fraction': 0.25031474047655483}
INFO:src.trainer:[sparse-mezo] global_step=470 active_fraction=0.250315 active_params=102112417/407936092 configured_ratio=0.250000 mask_strategy=percentile_per_layer scope=trainable_only
INFO:src.trainer:{'loss': 8.888822555541992, 'learning_rate': 1e-06, 'global_step': 470, 'zo_forward_step': 942, 'max_steps': 50000, 'max_zo_forward_steps': 0, 'time': 117, 'eps': 3e-08, 'sparse_active_fraction': 0.25031474047655483}
INFO:src.trainer:[sparse-mezo] global_step=480 active_fraction=0.250315 active_params=102112417/407936092 configured_ratio=0.250000 mask_strategy=percentile_per_layer scope=trainable_only
INFO:src.trainer:{'loss': 14.359874725341797, 'learning_rate': 1e-06, 'global_step': 480, 'zo_forward_step': 962, 'max_steps': 50000, 'max_zo_forward_steps': 0, 'time': 119, 'eps': 3e-08, 'sparse_active_fraction': 0.25031474047655483}
INFO:src.trainer:[sparse-mezo] global_step=490 active_fraction=0.250315 active_params=102112417/407936092 configured_ratio=0.250000 mask_strategy=percentile_per_layer scope=trainable_only
INFO:src.trainer:{'loss': 5.767805576324463, 'learning_rate': 1e-06, 'global_step': 490, 'zo_forward_step': 982, 'max_steps': 50000, 'max_zo_forward_steps': 0, 'time': 121, 'eps': 3e-08, 'sparse_active_fraction': 0.25031474047655483}
INFO:src.trainer:[sparse-mezo] global_step=500 active_fraction=0.250291 active_params=102102874/407936092 configured_ratio=0.250000 mask_strategy=percentile_per_layer scope=trainable_only
INFO:src.trainer:{'loss': 8.260330200195312, 'learning_rate': 1e-06, 'global_step': 500, 'zo_forward_step': 1002, 'max_steps': 50000, 'max_zo_forward_steps': 0, 'time': 125, 'eps': 3e-08, 'sparse_active_fraction': 0.2502913471063992}
INFO:src.trainer:[sparse-mezo] global_step=510 active_fraction=0.250291 active_params=102102874/407936092 configured_ratio=0.250000 mask_strategy=percentile_per_layer scope=trainable_only
INFO:src.trainer:{'loss': 12.264404296875, 'learning_rate': 1e-06, 'global_step': 510, 'zo_forward_step': 1022, 'max_steps': 50000, 'max_zo_forward_steps': 0, 'time': 127, 'eps': 3e-08, 'sparse_active_fraction': 0.2502913471063992}
INFO:src.trainer:[sparse-mezo] global_step=520 active_fraction=0.250291 active_params=102102874/407936092 configured_ratio=0.250000 mask_strategy=percentile_per_layer scope=trainable_only
INFO:src.trainer:{'loss': 27.611328125, 'learning_rate': 1e-06, 'global_step': 520, 'zo_forward_step': 1042, 'max_steps': 50000, 'max_zo_forward_steps': 0, 'time': 129, 'eps': 3e-08, 'sparse_active_fraction': 0.2502913471063992}
INFO:src.trainer:[sparse-mezo] global_step=530 active_fraction=0.250291 active_params=102102874/407936092 configured_ratio=0.250000 mask_strategy=percentile_per_layer scope=trainable_only
INFO:src.trainer:{'loss': 31.5576171875, 'learning_rate': 1e-06, 'global_step': 530, 'zo_forward_step': 1062, 'max_steps': 50000, 'max_zo_forward_steps': 0, 'time': 131, 'eps': 3e-08, 'sparse_active_fraction': 0.2502913471063992}
INFO:src.trainer:[sparse-mezo] global_step=540 active_fraction=0.250291 active_params=102102874/407936092 configured_ratio=0.250000 mask_strategy=percentile_per_layer scope=trainable_only
INFO:src.trainer:{'loss': 34.9306640625, 'learning_rate': 1e-06, 'global_step': 540, 'zo_forward_step': 1082, 'max_steps': 50000, 'max_zo_forward_steps': 0, 'time': 133, 'eps': 3e-08, 'sparse_active_fraction': 0.2502913471063992}
INFO:src.trainer:[sparse-mezo] global_step=550 active_fraction=0.250291 active_params=102102874/407936092 configured_ratio=0.250000 mask_strategy=percentile_per_layer scope=trainable_only
INFO:src.trainer:{'loss': 11.387215614318848, 'learning_rate': 1e-06, 'global_step': 550, 'zo_forward_step': 1102, 'max_steps': 50000, 'max_zo_forward_steps': 0, 'time': 136, 'eps': 3e-08, 'sparse_active_fraction': 0.2502913471063992}
INFO:src.trainer:[sparse-mezo] global_step=560 active_fraction=0.250291 active_params=102102874/407936092 configured_ratio=0.250000 mask_strategy=percentile_per_layer scope=trainable_only
INFO:src.trainer:{'loss': 34.23828125, 'learning_rate': 1e-06, 'global_step': 560, 'zo_forward_step': 1122, 'max_steps': 50000, 'max_zo_forward_steps': 0, 'time': 138, 'eps': 3e-08, 'sparse_active_fraction': 0.2502913471063992}
INFO:src.trainer:[sparse-mezo] global_step=570 active_fraction=0.250291 active_params=102102874/407936092 configured_ratio=0.250000 mask_strategy=percentile_per_layer scope=trainable_only
INFO:src.trainer:{'loss': 21.751953125, 'learning_rate': 1e-06, 'global_step': 570, 'zo_forward_step': 1142, 'max_steps': 50000, 'max_zo_forward_steps': 0, 'time': 140, 'eps': 3e-08, 'sparse_active_fraction': 0.2502913471063992}
INFO:src.trainer:[sparse-mezo] global_step=580 active_fraction=0.250291 active_params=102102874/407936092 configured_ratio=0.250000 mask_strategy=percentile_per_layer scope=trainable_only
INFO:src.trainer:{'loss': 18.269287109375, 'learning_rate': 1e-06, 'global_step': 580, 'zo_forward_step': 1162, 'max_steps': 50000, 'max_zo_forward_steps': 0, 'time': 142, 'eps': 3e-08, 'sparse_active_fraction': 0.2502913471063992}
INFO:src.trainer:[sparse-mezo] global_step=590 active_fraction=0.250291 active_params=102102874/407936092 configured_ratio=0.250000 mask_strategy=percentile_per_layer scope=trainable_only
INFO:src.trainer:{'loss': 12.344101905822754, 'learning_rate': 1e-06, 'global_step': 590, 'zo_forward_step': 1182, 'max_steps': 50000, 'max_zo_forward_steps': 0, 'time': 144, 'eps': 3e-08, 'sparse_active_fraction': 0.2502913471063992}
WARNING:src.dataset:Input exceeds max_length limit: <s>yeah well i kind of think we're too lenient number one now i work in Massachusetts but i live in Rhode Island so the the legislature just come out and said that because of what with treating the prisoners so-called brutally because uh the state prison's overcrowded we have to release them so they took the offenders with the the minor crimes and they let them go they didn't have to serve the rest of their term and which is absolutely incredible um i think number one my opinion is that the judges are too lenient but yet you get some of the jury trials and and it comes down to the nitty gritty when people are ready to condemn a person they always kind of forgive him a little bit nobody wants to put the finger on somebody and say well that's it you know we're going to kill you so it's got to be up to the judges i think we need we have to put into place judges that are stricter than the ones that are in there now and the other thing is i'm not sure about Texas but like in Rhode Island if someone breaks into your home you have to do your utmost to leave so you can't cause a confrontation with that person you can't shoot him you?<mask>, they set the prisoners with smaller charges free for 30 days.</s>
INFO:src.trainer:[sparse-mezo] global_step=600 active_fraction=0.250264 active_params=102091774/407936092 configured_ratio=0.250000 mask_strategy=percentile_per_layer scope=trainable_only
INFO:src.trainer:[zo_probe] step=600 eps=3.000e-08 precision=fp16 n=16 mae=4.040343e+04 mse=2.179667e+09 rmse=4.668691e+04 sign_acc=0.5625 corr=-0.013836
INFO:src.trainer:{'loss': 11.926648139953613, 'learning_rate': 1e-06, 'global_step': 600, 'zo_forward_step': 1202, 'max_steps': 50000, 'max_zo_forward_steps': 0, 'time': 151, 'eps': 3e-08, 'sparse_active_fraction': 0.25026413696192396}
INFO:src.trainer:[sparse-mezo] global_step=610 active_fraction=0.250264 active_params=102091774/407936092 configured_ratio=0.250000 mask_strategy=percentile_per_layer scope=trainable_only
INFO:src.trainer:{'loss': 22.57275390625, 'learning_rate': 1e-06, 'global_step': 610, 'zo_forward_step': 1222, 'max_steps': 50000, 'max_zo_forward_steps': 0, 'time': 154, 'eps': 3e-08, 'sparse_active_fraction': 0.25026413696192396}
INFO:src.trainer:[sparse-mezo] global_step=620 active_fraction=0.250264 active_params=102091774/407936092 configured_ratio=0.250000 mask_strategy=percentile_per_layer scope=trainable_only
INFO:src.trainer:{'loss': 12.076456069946289, 'learning_rate': 1e-06, 'global_step': 620, 'zo_forward_step': 1242, 'max_steps': 50000, 'max_zo_forward_steps': 0, 'time': 156, 'eps': 3e-08, 'sparse_active_fraction': 0.25026413696192396}
INFO:src.trainer:[sparse-mezo] global_step=630 active_fraction=0.250264 active_params=102091774/407936092 configured_ratio=0.250000 mask_strategy=percentile_per_layer scope=trainable_only
INFO:src.trainer:{'loss': 19.7431640625, 'learning_rate': 1e-06, 'global_step': 630, 'zo_forward_step': 1262, 'max_steps': 50000, 'max_zo_forward_steps': 0, 'time': 158, 'eps': 3e-08, 'sparse_active_fraction': 0.25026413696192396}
INFO:src.trainer:[sparse-mezo] global_step=640 active_fraction=0.250264 active_params=102091774/407936092 configured_ratio=0.250000 mask_strategy=percentile_per_layer scope=trainable_only
INFO:src.trainer:{'loss': 36.6279296875, 'learning_rate': 1e-06, 'global_step': 640, 'zo_forward_step': 1282, 'max_steps': 50000, 'max_zo_forward_steps': 0, 'time': 160, 'eps': 3e-08, 'sparse_active_fraction': 0.25026413696192396}
INFO:src.trainer:[sparse-mezo] global_step=650 active_fraction=0.250264 active_params=102091774/407936092 configured_ratio=0.250000 mask_strategy=percentile_per_layer scope=trainable_only
INFO:src.trainer:{'loss': 24.2470703125, 'learning_rate': 1e-06, 'global_step': 650, 'zo_forward_step': 1302, 'max_steps': 50000, 'max_zo_forward_steps': 0, 'time': 162, 'eps': 3e-08, 'sparse_active_fraction': 0.25026413696192396}
INFO:src.trainer:[sparse-mezo] global_step=660 active_fraction=0.250264 active_params=102091774/407936092 configured_ratio=0.250000 mask_strategy=percentile_per_layer scope=trainable_only
INFO:src.trainer:{'loss': 15.414798736572266, 'learning_rate': 1e-06, 'global_step': 660, 'zo_forward_step': 1322, 'max_steps': 50000, 'max_zo_forward_steps': 0, 'time': 164, 'eps': 3e-08, 'sparse_active_fraction': 0.25026413696192396}
INFO:src.trainer:[sparse-mezo] global_step=670 active_fraction=0.250264 active_params=102091774/407936092 configured_ratio=0.250000 mask_strategy=percentile_per_layer scope=trainable_only
INFO:src.trainer:{'loss': 29.01171875, 'learning_rate': 1e-06, 'global_step': 670, 'zo_forward_step': 1342, 'max_steps': 50000, 'max_zo_forward_steps': 0, 'time': 167, 'eps': 3e-08, 'sparse_active_fraction': 0.25026413696192396}
INFO:src.trainer:[sparse-mezo] global_step=680 active_fraction=0.250264 active_params=102091774/407936092 configured_ratio=0.250000 mask_strategy=percentile_per_layer scope=trainable_only
INFO:src.trainer:{'loss': 13.165706634521484, 'learning_rate': 1e-06, 'global_step': 680, 'zo_forward_step': 1362, 'max_steps': 50000, 'max_zo_forward_steps': 0, 'time': 169, 'eps': 3e-08, 'sparse_active_fraction': 0.25026413696192396}
INFO:src.trainer:[sparse-mezo] global_step=690 active_fraction=0.250264 active_params=102091774/407936092 configured_ratio=0.250000 mask_strategy=percentile_per_layer scope=trainable_only
INFO:src.trainer:{'loss': 22.68017578125, 'learning_rate': 1e-06, 'global_step': 690, 'zo_forward_step': 1382, 'max_steps': 50000, 'max_zo_forward_steps': 0, 'time': 171, 'eps': 3e-08, 'sparse_active_fraction': 0.25026413696192396}
WARNING:src.trainer:NaN encountered in loss during ZO forward step.
[nan-guard] reached 1 consecutive NaN tokens on stderr; terminating child process 3054688.
[nan-guard] terminated child after 1 consecutive NaN tokens.
