[2026-05-21T01:21:29] starting int4_g128_rtnclip_k1_h1e-4_seed16_bs64_ckpt1k
[2026-05-21T01:21:33] step=1/20000 loss=1.68994 d_h=92.7734 eval_acc=None active=0.011127446370201308
[2026-05-21T01:23:54] step=100/20000 loss=1.56201 d_h=-4.88281 eval_acc=None active=0.011127446370201308
[2026-05-21T01:26:18] step=200/20000 loss=1.56055 d_h=0 eval_acc=None active=0.011028847953805834
[2026-05-21T01:28:42] step=300/20000 loss=1.56104 d_h=-53.7109 eval_acc=None active=0.011009489949925122
[2026-05-21T01:31:06] step=400/20000 loss=1.57617 d_h=166.016 eval_acc=None active=0.011014299217197534
[2026-05-21T01:33:30] step=500/20000 loss=1.59375 d_h=-48.8281 eval_acc=None active=0.01103712776833799
[2026-05-21T01:35:54] step=600/20000 loss=1.53369 d_h=83.0078 eval_acc=None active=0.01103848336297267
[2026-05-21T01:38:18] step=700/20000 loss=1.52686 d_h=-24.4141 eval_acc=None active=0.011006505954266624
[2026-05-21T01:40:42] step=800/20000 loss=1.61084 d_h=-63.4766 eval_acc=None active=0.011294125449089941
[2026-05-21T01:43:05] step=900/20000 loss=1.55469 d_h=19.5312 eval_acc=None active=0.011038848979782852
[2026-05-21T01:45:36] step=1000/20000 loss=1.56396 d_h=-24.4141 eval_acc=0.2716627634660422 active=0.011025186160829998
[2026-05-21T01:48:00] step=1100/20000 loss=1.6123 d_h=-48.8281 eval_acc=None active=0.011001904807332315
[2026-05-21T01:50:24] step=1200/20000 loss=1.56201 d_h=-63.4766 eval_acc=None active=0.011017761327146271
[2026-05-21T01:52:48] step=1300/20000 loss=1.59766 d_h=29.2969 eval_acc=None active=0.01098921790401895
[2026-05-21T01:55:11] step=1400/20000 loss=1.51172 d_h=-48.8281 eval_acc=None active=0.0109915100401751
[2026-05-21T01:57:35] step=1500/20000 loss=1.59473 d_h=-117.188 eval_acc=None active=0.010992159713122425
[2026-05-21T01:59:58] step=1600/20000 loss=1.5127 d_h=-97.6562 eval_acc=None active=0.011135352130612274
[2026-05-21T02:02:22] step=1700/20000 loss=1.60938 d_h=-39.0625 eval_acc=None active=0.01097187641746825
[2026-05-21T02:04:45] step=1800/20000 loss=1.55469 d_h=-19.5312 eval_acc=None active=0.010998341449651528
[2026-05-21T02:07:09] step=1900/20000 loss=1.57666 d_h=-34.1797 eval_acc=None active=0.010995422140044063
[2026-05-21T02:09:38] step=2000/20000 loss=1.56348 d_h=-9.76562 eval_acc=0.2857142857142857 active=0.011122558354692854
[2026-05-21T02:12:02] step=2100/20000 loss=1.57373 d_h=53.7109 eval_acc=None active=0.01099475559247473
[2026-05-21T02:14:25] step=2200/20000 loss=1.57129 d_h=48.8281 eval_acc=None active=0.010994631845246667
[2026-05-21T02:16:48] step=2300/20000 loss=1.55127 d_h=-4.88281 eval_acc=None active=0.010981978691177318
[2026-05-21T02:19:11] step=2400/20000 loss=1.53613 d_h=-68.3594 eval_acc=None active=0.010966726845318665
[2026-05-21T02:21:35] step=2500/20000 loss=1.5332 d_h=-68.3594 eval_acc=None active=0.010950057531211302
[2026-05-21T02:23:58] step=2600/20000 loss=1.58789 d_h=-78.125 eval_acc=None active=0.010969814901146215
[2026-05-21T02:26:21] step=2700/20000 loss=1.55225 d_h=-4.88281 eval_acc=None active=0.011047156918685021
[2026-05-21T02:28:44] step=2800/20000 loss=1.59131 d_h=112.305 eval_acc=None active=0.010941420537179967
[2026-05-21T02:31:07] step=2900/20000 loss=1.5708 d_h=-14.6484 eval_acc=None active=0.010990221944028454
[2026-05-21T02:33:35] step=3000/20000 loss=1.59131 d_h=-34.1797 eval_acc=0.2892271662763466 active=0.010930918897416698
[2026-05-21T02:35:58] step=3100/20000 loss=1.52441 d_h=9.76562 eval_acc=None active=0.010936400337132448
[2026-05-21T02:38:22] step=3200/20000 loss=1.55127 d_h=63.4766 eval_acc=None active=0.010955148042183855
[2026-05-21T02:40:45] step=3300/20000 loss=1.60205 d_h=83.0078 eval_acc=None active=0.010935328798634911
[2026-05-21T02:43:08] step=3400/20000 loss=1.59912 d_h=14.6484 eval_acc=None active=0.010937148445374823
[2026-05-21T02:45:32] step=3500/20000 loss=1.60498 d_h=34.1797 eval_acc=None active=0.010951202193070875
[2026-05-21T02:47:55] step=3600/20000 loss=1.60742 d_h=-87.8906 eval_acc=None active=0.010931197328679837
[2026-05-21T02:50:18] step=3700/20000 loss=1.59668 d_h=-9.76562 eval_acc=None active=0.010937196256803847
[2026-05-21T02:52:41] step=3800/20000 loss=1.58057 d_h=14.6484 eval_acc=None active=0.010933556963324022
[2026-05-21T02:55:04] step=3900/20000 loss=1.5625 d_h=-117.188 eval_acc=None active=0.01091360272279901
[2026-05-21T02:57:33] step=4000/20000 loss=1.58838 d_h=-63.4766 eval_acc=0.3009367681498829 active=0.010922717831120582
[2026-05-21T02:59:57] step=4100/20000 loss=1.53564 d_h=14.6484 eval_acc=None active=0.010967739322639173
[2026-05-21T03:02:20] step=4200/20000 loss=1.57617 d_h=-156.25 eval_acc=None active=0.01093118326649483
[2026-05-21T03:04:43] step=4300/20000 loss=1.52783 d_h=43.9453 eval_acc=None active=0.010973285448405956
[2026-05-21T03:07:06] step=4400/20000 loss=1.52051 d_h=48.8281 eval_acc=None active=0.010898902114592633
[2026-05-21T03:09:29] step=4500/20000 loss=1.58398 d_h=48.8281 eval_acc=None active=0.010894821268503585
[2026-05-21T03:11:53] step=4600/20000 loss=1.52588 d_h=34.1797 eval_acc=None active=0.011070815138740892
[2026-05-21T03:14:16] step=4700/20000 loss=1.54688 d_h=9.76562 eval_acc=None active=0.010995343391808023
[2026-05-21T03:16:39] step=4800/20000 loss=1.57715 d_h=195.312 eval_acc=None active=0.011040123013744492
[2026-05-21T03:19:03] step=4900/20000 loss=1.55371 d_h=0 eval_acc=None active=0.01093425163526337
[2026-05-21T03:21:28] step=5000/20000 loss=1.61572 d_h=-34.1797 eval_acc=0.265807962529274 active=0.010941102731798808
[2026-05-21T03:23:52] step=5100/20000 loss=1.53809 d_h=9.76562 eval_acc=None active=0.010955960836477263
[2026-05-21T03:26:16] step=5200/20000 loss=1.63379 d_h=-39.0625 eval_acc=None active=0.010900727386206548
[2026-05-21T03:28:39] step=5300/20000 loss=1.55371 d_h=19.5312 eval_acc=None active=0.010917959187714195
[2026-05-21T03:31:02] step=5400/20000 loss=1.5166 d_h=78.125 eval_acc=None active=0.010892292887639318
[2026-05-21T03:33:25] step=5500/20000 loss=1.54932 d_h=43.9453 eval_acc=None active=0.010893744105132046
[2026-05-21T03:35:48] step=5600/20000 loss=1.56104 d_h=-83.0078 eval_acc=None active=0.010935275362331884
[2026-05-21T03:38:12] step=5700/20000 loss=1.5791 d_h=39.0625 eval_acc=None active=0.010917655444518042
[2026-05-21T03:40:35] step=5800/20000 loss=1.50586 d_h=48.8281 eval_acc=None active=0.010918456989063446
[2026-05-21T03:43:00] step=5900/20000 loss=1.51367 d_h=-48.8281 eval_acc=None active=0.01086523161881174
[2026-05-21T03:45:28] step=6000/20000 loss=1.54004 d_h=-19.5312 eval_acc=0.3044496487119438 active=0.010892388510497364
[2026-05-21T03:47:51] step=6100/20000 loss=1.5459 d_h=-39.0625 eval_acc=None active=0.010854254677195231
[2026-05-21T03:50:14] step=6200/20000 loss=1.56836 d_h=-136.719 eval_acc=None active=0.010917697631073064
[2026-05-21T03:52:37] step=6300/20000 loss=1.61572 d_h=-14.6484 eval_acc=None active=0.010845142381310659
[2026-05-21T03:55:01] step=6400/20000 loss=1.64258 d_h=-58.5938 eval_acc=None active=0.010860259230193244
[2026-05-21T03:57:24] step=6500/20000 loss=1.60889 d_h=14.6484 eval_acc=None active=0.010839070329824611
[2026-05-21T03:59:47] step=6600/20000 loss=1.54297 d_h=117.188 eval_acc=None active=0.010851914729610057
[2026-05-21T04:02:10] step=6700/20000 loss=1.56787 d_h=102.539 eval_acc=None active=0.011131088476118135
[2026-05-21T04:04:34] step=6800/20000 loss=1.52979 d_h=-43.9453 eval_acc=None active=0.010991006613951847
[2026-05-21T04:06:57] step=6900/20000 loss=1.55469 d_h=9.76562 eval_acc=None active=0.010976609748941624
[2026-05-21T04:09:27] step=7000/20000 loss=1.58203 d_h=29.2969 eval_acc=0.3231850117096019 active=0.01081903734106356
[2026-05-21T04:11:50] step=7100/20000 loss=1.53564 d_h=-63.4766 eval_acc=None active=0.011026291448571552
[2026-05-21T04:14:14] step=7200/20000 loss=1.52832 d_h=-9.76562 eval_acc=None active=0.010904614174142499
[2026-05-21T04:16:37] step=7300/20000 loss=1.58545 d_h=-34.1797 eval_acc=None active=0.01101439202761858
[2026-05-21T04:19:01] step=7400/20000 loss=1.55957 d_h=-185.547 eval_acc=None active=0.010922745955490597
[2026-05-21T04:21:24] step=7500/20000 loss=1.56787 d_h=102.539 eval_acc=None active=0.01081190218839098
[2026-05-21T04:23:47] step=7600/20000 loss=1.54688 d_h=29.2969 eval_acc=None active=0.010798419365406214
[2026-05-21T04:26:10] step=7700/20000 loss=1.56787 d_h=-102.539 eval_acc=None active=0.010785153100070558
[2026-05-21T04:28:33] step=7800/20000 loss=1.50342 d_h=151.367 eval_acc=None active=0.011028291091279556
[2026-05-21T04:30:56] step=7900/20000 loss=1.60205 d_h=180.664 eval_acc=None active=0.010871517415509893
[2026-05-21T04:33:22] step=8000/20000 loss=1.60596 d_h=-4.88281 eval_acc=0.2728337236533958 active=0.010839073142261613
[2026-05-21T04:35:46] step=8100/20000 loss=1.54053 d_h=-4.88281 eval_acc=None active=0.010840681856226421
[2026-05-21T04:38:09] step=8200/20000 loss=1.61475 d_h=24.4141 eval_acc=None active=0.01085584651653803
[2026-05-21T04:40:33] step=8300/20000 loss=1.59814 d_h=73.2422 eval_acc=None active=0.010784838107126401
[2026-05-21T04:42:56] step=8400/20000 loss=1.62646 d_h=-24.4141 eval_acc=None active=0.010762842037338363
[2026-05-21T04:45:19] step=8500/20000 loss=1.66992 d_h=-136.719 eval_acc=None active=0.010922225654645335
[2026-05-21T04:47:42] step=8600/20000 loss=1.65039 d_h=-48.8281 eval_acc=None active=0.010777646705713791
[2026-05-21T04:50:05] step=8700/20000 loss=1.60498 d_h=92.7734 eval_acc=None active=0.0110881678750396
[2026-05-21T04:52:29] step=8800/20000 loss=1.55322 d_h=-24.4141 eval_acc=None active=0.010744524635148172
[2026-05-21T04:54:52] step=8900/20000 loss=1.68555 d_h=136.719 eval_acc=None active=0.010892771001929556
[2026-05-21T04:57:18] step=9000/20000 loss=1.6001 d_h=102.539 eval_acc=0.22131147540983606 active=0.010752002905134925
[2026-05-21T04:59:41] step=9100/20000 loss=1.62598 d_h=87.8906 eval_acc=None active=0.01070675360621922
[2026-05-21T05:02:05] step=9200/20000 loss=1.61475 d_h=-278.32 eval_acc=None active=0.01070786733127178
[2026-05-21T05:04:28] step=9300/20000 loss=1.625 d_h=9.76562 eval_acc=None active=0.010765120111309506
[2026-05-21T05:06:51] step=9400/20000 loss=1.53613 d_h=19.5312 eval_acc=None active=0.010693194847435417
[2026-05-21T05:09:14] step=9500/20000 loss=1.58936 d_h=83.0078 eval_acc=None active=0.010709357922882528
[2026-05-21T05:11:37] step=9600/20000 loss=1.7041 d_h=214.844 eval_acc=None active=0.010992294710098494
[2026-05-21T05:14:01] step=9700/20000 loss=1.70264 d_h=24.4141 eval_acc=None active=0.010840979974548571
[2026-05-21T05:16:24] step=9800/20000 loss=1.65137 d_h=29.2969 eval_acc=None active=0.011048737508279815
[2026-05-21T05:18:47] step=9900/20000 loss=1.69922 d_h=234.375 eval_acc=None active=0.010949871910369207
[2026-05-21T05:21:13] step=10000/20000 loss=1.71143 d_h=-63.4766 eval_acc=0.13466042154566746 active=0.010721012661816375
[2026-05-21T05:23:36] step=10100/20000 loss=1.61963 d_h=161.133 eval_acc=None active=0.010564044927893616
[2026-05-21T05:25:59] step=10200/20000 loss=1.80762 d_h=332.031 eval_acc=None active=0.010738278212568038
[2026-05-21T05:28:23] step=10300/20000 loss=1.69678 d_h=-73.2422 eval_acc=None active=0.010559235660621202
[2026-05-21T05:30:46] step=10400/20000 loss=1.7666 d_h=332.031 eval_acc=None active=0.011209952022074705
[2026-05-21T05:33:09] step=10500/20000 loss=1.88672 d_h=390.625 eval_acc=None active=0.011015969804776373
[2026-05-21T05:35:33] step=10600/20000 loss=1.73193 d_h=151.367 eval_acc=None active=0.010651837961329666
[2026-05-21T05:37:56] step=10700/20000 loss=1.82861 d_h=581.055 eval_acc=None active=0.010335402236989892
[2026-05-21T05:40:19] step=10800/20000 loss=1.74219 d_h=-556.641 eval_acc=None active=0.010571202580062207
[2026-05-21T05:42:42] step=10900/20000 loss=1.60693 d_h=219.727 eval_acc=None active=0.010696116969479884
[2026-05-21T05:45:08] step=11000/20000 loss=1.73486 d_h=-83.0078 eval_acc=0.12997658079625293 active=0.010012202601661723
[2026-05-21T05:47:31] step=11100/20000 loss=1.7583 d_h=73.2422 eval_acc=None active=0.010512270775134638
[2026-05-21T05:49:54] step=11200/20000 loss=1.72363 d_h=-634.766 eval_acc=None active=0.010413815793026237
[2026-05-21T05:52:17] step=11300/20000 loss=1.65967 d_h=4.88281 eval_acc=None active=0.010804142674704087
[2026-05-21T05:54:40] step=11400/20000 loss=1.92627 d_h=541.992 eval_acc=None active=0.010002519381065864
[2026-05-21T05:57:04] step=11500/20000 loss=1.70361 d_h=317.383 eval_acc=None active=0.00978005561425424
[2026-05-21T05:59:27] step=11600/20000 loss=1.67578 d_h=673.828 eval_acc=None active=0.009911880161384385
[2026-05-21T06:01:50] step=11700/20000 loss=1.64941 d_h=-107.422 eval_acc=None active=0.00996125811781816
[2026-05-21T06:04:13] step=11800/20000 loss=1.6792 d_h=-43.9453 eval_acc=None active=0.010559933144997553
[2026-05-21T06:06:36] step=11900/20000 loss=1.69824 d_h=-224.609 eval_acc=None active=0.009538832892643205
[2026-05-21T06:09:01] step=12000/20000 loss=1.5835 d_h=288.086 eval_acc=0.18618266978922718 active=0.010036156127602742
[2026-05-21T06:11:25] step=12100/20000 loss=1.479 d_h=-190.43 eval_acc=None active=0.010225435950234715
[2026-05-21T06:13:49] step=12200/20000 loss=1.77637 d_h=-351.562 eval_acc=None active=0.009681119705418599
[2026-05-21T06:16:12] step=12300/20000 loss=1.85938 d_h=-58.5938 eval_acc=None active=0.009430540005903867
[2026-05-21T06:18:35] step=12400/20000 loss=1.89404 d_h=-678.711 eval_acc=None active=0.00981556825627106
[2026-05-21T06:20:58] step=12500/20000 loss=1.89062 d_h=781.25 eval_acc=None active=0.009237089339198801
[2026-05-21T06:23:21] step=12600/20000 loss=1.88525 d_h=-14.6484 eval_acc=None active=0.01004974582319356
[2026-05-21T06:25:44] step=12700/20000 loss=1.95508 d_h=-468.75 eval_acc=None active=0.009093365371115688
[2026-05-21T06:28:08] step=12800/20000 loss=1.94824 d_h=507.812 eval_acc=None active=0.009207347817908879
[2026-05-21T06:30:31] step=12900/20000 loss=1.77002 d_h=708.008 eval_acc=None active=0.008960683030700113
[2026-05-21T06:32:57] step=13000/20000 loss=1.92822 d_h=952.148 eval_acc=0.2107728337236534 active=0.00905008477810097
[2026-05-21T06:35:21] step=13100/20000 loss=1.91162 d_h=-83.0078 eval_acc=None active=0.009107045064690551
[2026-05-21T06:37:44] step=13200/20000 loss=1.82324 d_h=341.797 eval_acc=None active=0.009567494438124586
[2026-05-21T06:40:07] step=13300/20000 loss=2.08203 d_h=-566.406 eval_acc=None active=0.009012729989848228
[2026-05-21T06:42:30] step=13400/20000 loss=1.83447 d_h=229.492 eval_acc=None active=0.008685224513470898
[2026-05-21T06:44:53] step=13500/20000 loss=1.91748 d_h=346.68 eval_acc=None active=0.0089821841115759
[2026-05-21T06:47:16] step=13600/20000 loss=1.74316 d_h=-253.906 eval_acc=None active=0.00868797788929528
[2026-05-21T06:49:39] step=13700/20000 loss=2.05371 d_h=576.172 eval_acc=None active=0.0089742108526769
[2026-05-21T06:52:03] step=13800/20000 loss=2.09375 d_h=-19.5312 eval_acc=None active=0.00841143095894652
[2026-05-21T06:54:26] step=13900/20000 loss=2.10254 d_h=322.266 eval_acc=None active=0.008515530502116753
[2026-05-21T06:56:52] step=14000/20000 loss=1.8291 d_h=-48.8281 eval_acc=0.21311475409836064 active=0.008552598421795352
[2026-05-21T06:59:15] step=14100/20000 loss=1.76855 d_h=-156.25 eval_acc=None active=0.008508249102720099
[2026-05-21T07:01:38] step=14200/20000 loss=1.88037 d_h=-415.039 eval_acc=None active=0.008271014416777064
[2026-05-21T07:04:01] step=14300/20000 loss=1.81201 d_h=-571.289 eval_acc=None active=0.008236458003340726
[2026-05-21T07:06:24] step=14400/20000 loss=1.6626 d_h=4.88281 eval_acc=None active=0.008543716745744894
[2026-05-21T07:08:48] step=14500/20000 loss=2.18555 d_h=585.938 eval_acc=None active=0.00849465940712928
[2026-05-21T07:11:11] step=14600/20000 loss=1.896 d_h=307.617 eval_acc=None active=0.008676244402125392
[2026-05-21T07:13:34] step=14700/20000 loss=1.96094 d_h=156.25 eval_acc=None active=0.008447061723317398
[2026-05-21T07:15:57] step=14800/20000 loss=1.92822 d_h=14.6484 eval_acc=None active=0.008199390083662127
[2026-05-21T07:18:20] step=14900/20000 loss=1.74902 d_h=-244.141 eval_acc=None active=0.008506035714799989
[2026-05-21T07:20:45] step=15000/20000 loss=1.85693 d_h=-258.789 eval_acc=0.16042154566744732 active=0.008110528324165539
[2026-05-21T07:23:09] step=15100/20000 loss=1.97021 d_h=-278.32 eval_acc=None active=0.007964886274047461
[2026-05-21T07:25:32] step=15200/20000 loss=2.02539 d_h=-58.5938 eval_acc=None active=0.008092469666179478
[2026-05-21T07:27:55] step=15300/20000 loss=2.04199 d_h=-517.578 eval_acc=None active=0.008048556274839443
[2026-05-21T07:30:18] step=15400/20000 loss=2.10254 d_h=-283.203 eval_acc=None active=0.008020370031211302
[2026-05-21T07:32:41] step=15500/20000 loss=2.02734 d_h=-253.906 eval_acc=None active=0.00818530821159606
[2026-05-21T07:35:04] step=15600/20000 loss=1.90527 d_h=107.422 eval_acc=None active=0.008110441138618495
[2026-05-21T07:37:27] step=15700/20000 loss=1.90381 d_h=180.664 eval_acc=None active=0.008397394085872477
[2026-05-21T07:39:50] step=15800/20000 loss=2.06152 d_h=-29.2969 eval_acc=None active=0.007847697649072661
[2026-05-21T07:42:13] step=15900/20000 loss=1.97412 d_h=-747.07 eval_acc=None active=0.008315794038713532
[2026-05-21T07:44:38] step=16000/20000 loss=1.86768 d_h=395.508 eval_acc=0.19086651053864168 active=0.00787216866342194
[2026-05-21T07:47:02] step=16100/20000 loss=2.07324 d_h=-68.3594 eval_acc=None active=0.0080201703481842
[2026-05-21T07:49:25] step=16200/20000 loss=1.85645 d_h=-273.438 eval_acc=None active=0.008209329236025112
[2026-05-21T07:51:48] step=16300/20000 loss=1.61328 d_h=273.438 eval_acc=None active=0.007687849979660455
[2026-05-21T07:54:11] step=16400/20000 loss=1.72607 d_h=63.4766 eval_acc=None active=0.00774212720135069
[2026-05-21T07:56:34] step=16500/20000 loss=1.69629 d_h=615.234 eval_acc=None active=0.008002024504651095
[2026-05-21T07:58:57] step=16600/20000 loss=1.7666 d_h=39.0625 eval_acc=None active=0.00770330432098321
[2026-05-21T08:01:20] step=16700/20000 loss=1.7373 d_h=-126.953 eval_acc=None active=0.007757072491576189
[2026-05-21T08:03:43] step=16800/20000 loss=1.68359 d_h=332.031 eval_acc=None active=0.007970078032752067
[2026-05-21T08:06:06] step=16900/20000 loss=1.77002 d_h=-493.164 eval_acc=None active=0.007744247778849754
[2026-05-21T08:08:32] step=17000/20000 loss=1.67871 d_h=-292.969 eval_acc=0.1873536299765808 active=0.007921324437332605
[2026-05-21T08:10:55] step=17100/20000 loss=1.63818 d_h=434.57 eval_acc=None active=0.007591644947153184
[2026-05-21T08:13:18] step=17200/20000 loss=1.59863 d_h=97.6562 eval_acc=None active=0.007653833554128388
[2026-05-21T08:15:41] step=17300/20000 loss=1.65869 d_h=-278.32 eval_acc=None active=0.007589560931335138
[2026-05-21T08:18:04] step=17400/20000 loss=1.60986 d_h=102.539 eval_acc=None active=0.007670311622519656
[2026-05-21T08:20:27] step=17500/20000 loss=1.6792 d_h=-73.2422 eval_acc=None active=0.007734781115903004
[2026-05-21T08:22:50] step=17600/20000 loss=1.77246 d_h=380.859 eval_acc=None active=0.0075767474683567084
[2026-05-21T08:25:13] step=17700/20000 loss=1.7124 d_h=-405.273 eval_acc=None active=0.0076200505608674364
[2026-05-21T08:27:36] step=17800/20000 loss=1.58691 d_h=-117.188 eval_acc=None active=0.007595107057101921
[2026-05-21T08:30:00] step=17900/20000 loss=1.68506 d_h=73.2422 eval_acc=None active=0.007778725444050053
[2026-05-21T08:32:25] step=18000/20000 loss=1.62451 d_h=43.9453 eval_acc=0.2576112412177986 active=0.007554512341423552
[2026-05-21T08:34:48] step=18100/20000 loss=1.77051 d_h=-78.125 eval_acc=None active=0.007527467947217982
[2026-05-21T08:37:11] step=18200/20000 loss=1.68506 d_h=141.602 eval_acc=None active=0.0077297974775365035
[2026-05-21T08:39:34] step=18300/20000 loss=1.62207 d_h=39.0625 eval_acc=None active=0.0077155918582423755
[2026-05-21T08:41:57] step=18400/20000 loss=1.60596 d_h=483.398 eval_acc=None active=0.0075432963426619246
[2026-05-21T08:44:20] step=18500/20000 loss=1.59277 d_h=107.422 eval_acc=None active=0.007598169800996458
[2026-05-21T08:46:43] step=18600/20000 loss=1.60938 d_h=146.484 eval_acc=None active=0.007737194186850214
[2026-05-21T08:49:06] step=18700/20000 loss=1.65918 d_h=-205.078 eval_acc=None active=0.0075227486779296145
[2026-05-21T08:51:29] step=18800/20000 loss=1.646 d_h=-249.023 eval_acc=None active=0.007530654438340581
[2026-05-21T08:53:52] step=18900/20000 loss=1.59131 d_h=63.4766 eval_acc=None active=0.007510748009244593
[2026-05-21T08:56:17] step=19000/20000 loss=1.65967 d_h=-229.492 eval_acc=0.25175644028103045 active=0.007527735128733116
[2026-05-21T08:58:40] step=19100/20000 loss=1.71143 d_h=-53.7109 eval_acc=None active=0.007446450074518331
[2026-05-21T09:01:03] step=19200/20000 loss=1.60889 d_h=-24.4141 eval_acc=None active=0.007437469963172825
[2026-05-21T09:03:26] step=19300/20000 loss=1.70459 d_h=63.4766 eval_acc=None active=0.007448356906805288
[2026-05-21T09:05:49] step=19400/20000 loss=1.65234 d_h=-97.6562 eval_acc=None active=0.007465512772513895
[2026-05-21T09:08:12] step=19500/20000 loss=1.65039 d_h=478.516 eval_acc=None active=0.0075119573571552
[2026-05-21T09:10:35] step=19600/20000 loss=1.57617 d_h=-302.734 eval_acc=None active=0.007400942031398496
[2026-05-21T09:12:58] step=19700/20000 loss=1.71777 d_h=214.844 eval_acc=None active=0.007475271928908792
[2026-05-21T09:15:22] step=19800/20000 loss=1.68848 d_h=-244.141 eval_acc=None active=0.00740678908792443
[2026-05-21T09:17:45] step=19900/20000 loss=1.63379 d_h=253.906 eval_acc=None active=0.0074629647045906175
[2026-05-21T09:20:10] step=20000/20000 loss=1.61475 d_h=4.88281 eval_acc=0.20140515222482436 active=0.007357852684099876
[2026-05-21T09:20:11] finished int4_g128_rtnclip_k1_h1e-4_seed16_bs64_ckpt1k status=complete steps=20000
