[nan-guard] command=python /scratch/jy03364/MeZO_/large_models/run.py --model_name opt-1.3b --task_name SST5 --output_dir /scratch/jy03364/MeZO_/experiments/h_sweep_14h/results/smoke5/quzo16/opt-1.3b/sst5_guard_small --overwrite_output_dir --tag smoke5-quzo16-opt13b-sst5-guard-small --num_train 16 --num_eval 32 --data_seed 42 --train_set_seed 42 --trainer zo --load_float16 --zo_quantization_bits 16 --train_as_classification --learning_rate 1e-6 --zo_eps 1e-8 --num_train_epochs 1 --per_device_train_batch_size 4 --gradient_accumulation_steps 1 --lr_scheduler_type constant --evaluation_strategy steps --save_strategy steps --eval_steps 2 --save_steps 2 --save_total_limit 1 --load_best_model_at_end --logging_steps 1 --zo_probe_every 1 --zo_probe_num_seeds 2 --zo_probe_log_csv
[nan-guard] cwd=/scratch/jy03364/MeZO_/experiments/h_sweep_14h max_consecutive_nan=100
/home/jy03364/miniconda3/envs/mezo-env/lib/python3.10/site-packages/transformers/utils/generic.py:441: FutureWarning: `torch.utils._pytree._register_pytree_node` is deprecated. Please use `torch.utils._pytree.register_pytree_node` instead.
  _torch_pytree._register_pytree_node(
/home/jy03364/miniconda3/envs/mezo-env/lib/python3.10/site-packages/transformers/utils/generic.py:309: FutureWarning: `torch.utils._pytree._register_pytree_node` is deprecated. Please use `torch.utils._pytree.register_pytree_node` instead.
  _torch_pytree._register_pytree_node(
/home/jy03364/miniconda3/envs/mezo-env/lib/python3.10/site-packages/transformers/utils/generic.py:309: FutureWarning: `torch.utils._pytree._register_pytree_node` is deprecated. Please use `torch.utils._pytree.register_pytree_node` instead.
  _torch_pytree._register_pytree_node(
/home/jy03364/miniconda3/envs/mezo-env/lib/python3.10/site-packages/transformers/deepspeed.py:23: FutureWarning: transformers.deepspeed module is deprecated and will be removed in a future version. Please import deepspeed modules directly from transformers.integrations
  warnings.warn(
2026-04-11 13:24:57,319 - INFO - [model] requested=opt-1.3b resolved=facebook/opt-1.3b family_hint=opt
2026-04-11 13:24:57,319 - INFO - [data] task_name=SST5 dataset_mode=fewshot num_k=16 data_seed=42 full_dev_ratio=0.1
Repo card metadata block was not found. Setting CardData to empty.
2026-04-11 13:24:57,580 - WARNING - Repo card metadata block was not found. Setting CardData to empty.
2026-04-11 13:24:58,136 - INFO - Sample few-shot train set 80/8544 (num_k=16, seed=42)
2026-04-11 13:24:58,136 - INFO - Loading model with FP16...
/home/jy03364/miniconda3/envs/mezo-env/lib/python3.10/site-packages/huggingface_hub/file_download.py:942: FutureWarning: `resume_download` is deprecated and will be removed in version 1.0.0. Downloads always resume when possible. If you want to force a new download, use `force_download=True`.
  warnings.warn(
2026-04-11 13:24:58,182 - INFO - [model] disabling auto device placement for training; Trainer/Accelerate will place the model
/home/jy03364/miniconda3/envs/mezo-env/lib/python3.10/site-packages/transformers/modeling_utils.py:484: FutureWarning: You are using `torch.load` with `weights_only=False` (the current default value), which uses the default pickle module implicitly. It is possible to construct malicious pickle data which will execute arbitrary code during unpickling (See https://github.com/pytorch/pytorch/blob/main/SECURITY.md#untrusted-models for more details). In a future release, the default value for `weights_only` will be flipped to `True`. This limits the functions that could be executed during unpickling. Arbitrary objects will no longer be allowed to be loaded via this mode unless they are explicitly allowlisted by the user via `torch.serialization.add_safe_globals`. We recommend you start setting `weights_only=True` for any use case where you don't have full control of the loaded file. Please open an issue on GitHub for any issues related to this experimental feature.
  return torch.load(checkpoint_file, map_location=map_location)
2026-04-11 13:25:07,480 - INFO - Done with 9.34s
2026-04-11 13:25:07,986 - INFO - [quzo-config] quantized model parameters in-place at 16 bits before ZO training
2026-04-11 13:25:07,987 - INFO - Preparing training/evaluation datasets...
2026-04-11 13:25:07,987 - INFO - Done with 0.00s
2026-04-11 13:25:08,405 - INFO - ***** Running training *****
2026-04-11 13:25:08,405 - INFO -   Num examples = 80
2026-04-11 13:25:08,405 - INFO -   Num Epochs = 1
2026-04-11 13:25:08,405 - INFO -   Instantaneous batch size per device = 4
2026-04-11 13:25:08,405 - INFO -   Total train batch size (w. parallel, distributed & accumulation) = 4
2026-04-11 13:25:08,405 - INFO -   Gradient Accumulation steps = 1
2026-04-11 13:25:08,405 - INFO -   Total optimization steps = 20
2026-04-11 13:25:08,405 - INFO -   Number of trainable parameters = 1315758080

  0%|          | 0/20 [00:00<?, ?it/s]
  5%|▌         | 1/20 [00:00<00:13,  1.44it/s]
 10%|█         | 2/20 [00:01<00:10,  1.78it/s]
 15%|█▌        | 3/20 [00:01<00:08,  1.91it/s]
 20%|██        | 4/20 [00:02<00:08,  1.99it/s]
 25%|██▌       | 5/20 [00:02<00:07,  2.03it/s]
 30%|███       | 6/20 [00:03<00:06,  2.06it/s]
 35%|███▌      | 7/20 [00:03<00:06,  2.07it/s]
 40%|████      | 8/20 [00:04<00:05,  2.09it/s]
 45%|████▌     | 9/20 [00:04<00:05,  2.10it/s]
 50%|█████     | 10/20 [00:04<00:04,  2.10it/s]
 55%|█████▌    | 11/20 [00:05<00:04,  2.10it/s]
 60%|██████    | 12/20 [00:05<00:03,  2.11it/s]
 65%|██████▌   | 13/20 [00:06<00:03,  2.11it/s]
 70%|███████   | 14/20 [00:06<00:02,  2.11it/s]
 75%|███████▌  | 15/20 [00:07<00:02,  2.11it/s]
 80%|████████  | 16/20 [00:07<00:01,  2.11it/s]
 85%|████████▌ | 17/20 [00:08<00:01,  2.10it/s]
 90%|█████████ | 18/20 [00:08<00:00,  2.10it/s]
 95%|█████████▌| 19/20 [00:09<00:00,  2.11it/s]
100%|██████████| 20/20 [00:09<00:00,  2.12it/s]2026-04-11 13:25:18,095 - INFO - 

Training completed. Do not forget to share your model on huggingface.co/models =)



                                               

100%|██████████| 20/20 [00:09<00:00,  2.12it/s]
100%|██████████| 20/20 [00:10<00:00,  2.00it/s]
2026-04-11 13:25:18,410 - INFO - There are 0 training samples and 32 validation samples

  0%|          | 0/32 [00:00<?, ?it/s]2026-04-11 13:25:18,410 - INFO - ========= Example =========
2026-04-11 13:25:18,410 - INFO - Candidate: [0, 1, 2, 3, 4]
2026-04-11 13:25:18,410 - INFO - Correct candidate: 3
2026-04-11 13:25:18,429 - INFO - === Candidate 0 ===
2026-04-11 13:25:18,429 - INFO - <s>ramsay, as in ratcatcher, remains a filmmaker with an acid viewpoint and a real gift for teasing chilly poetry out of lives and settings that might otherwise seem drab and sordid. It was terrible
2026-04-11 13:25:18,431 - INFO - Log probabilities of the option tokens: tensor([nan], dtype=torch.float16)
2026-04-11 13:25:18,438 - INFO - === Candidate 1 (without context)===
2026-04-11 13:25:18,438 - INFO - <s>ramsay, as in ratcatcher, remains a filmmaker with an acid viewpoint and a real gift for teasing chilly poetry out of lives and settings that might otherwise seem drab and sordid. It was bad
2026-04-11 13:25:18,438 - INFO - Log probabilities of the option tokens: tensor([nan], dtype=torch.float16)
2026-04-11 13:25:18,446 - INFO - === Candidate 2 (without context)===
2026-04-11 13:25:18,446 - INFO - <s>ramsay, as in ratcatcher, remains a filmmaker with an acid viewpoint and a real gift for teasing chilly poetry out of lives and settings that might otherwise seem drab and sordid. It was okay
2026-04-11 13:25:18,446 - INFO - Log probabilities of the option tokens: tensor([nan], dtype=torch.float16)
2026-04-11 13:25:18,454 - INFO - === Candidate 3 (without context)===
2026-04-11 13:25:18,454 - INFO - <s>ramsay, as in ratcatcher, remains a filmmaker with an acid viewpoint and a real gift for teasing chilly poetry out of lives and settings that might otherwise seem drab and sordid. It was good
2026-04-11 13:25:18,454 - INFO - Log probabilities of the option tokens: tensor([nan], dtype=torch.float16)
2026-04-11 13:25:18,461 - INFO - === Candidate 4 (without context)===
2026-04-11 13:25:18,462 - INFO - <s>ramsay, as in ratcatcher, remains a filmmaker with an acid viewpoint and a real gift for teasing chilly poetry out of lives and settings that might otherwise seem drab and sordid. It was great
2026-04-11 13:25:18,462 - INFO - Log probabilities of the option tokens: tensor([nan], dtype=torch.float16)
2026-04-11 13:25:18,462 - INFO - Prediction scores: [nan, nan, nan, nan, nan]
2026-04-11 13:25:18,462 - INFO - ========= Example =========
2026-04-11 13:25:18,462 - INFO - Candidate: [0, 1, 2, 3, 4]
2026-04-11 13:25:18,462 - INFO - Correct candidate: 1
2026-04-11 13:25:18,471 - INFO - === Candidate 0 ===
2026-04-11 13:25:18,472 - INFO - <s>though moonlight mile is replete with acclaimed actors and actresses and tackles a subject that's potentially moving, the movie is too predictable and too self-conscious to reach a level of high drama. It was terrible
2026-04-11 13:25:18,472 - INFO - Log probabilities of the option tokens: tensor([nan], dtype=torch.float16)
2026-04-11 13:25:18,479 - INFO - === Candidate 1 (without context)===
2026-04-11 13:25:18,479 - INFO - <s>though moonlight mile is replete with acclaimed actors and actresses and tackles a subject that's potentially moving, the movie is too predictable and too self-conscious to reach a level of high drama. It was bad
2026-04-11 13:25:18,480 - INFO - Log probabilities of the option tokens: tensor([nan], dtype=torch.float16)
2026-04-11 13:25:18,487 - INFO - === Candidate 2 (without context)===
2026-04-11 13:25:18,487 - INFO - <s>though moonlight mile is replete with acclaimed actors and actresses and tackles a subject that's potentially moving, the movie is too predictable and too self-conscious to reach a level of high drama. It was okay
2026-04-11 13:25:18,487 - INFO - Log probabilities of the option tokens: tensor([nan], dtype=torch.float16)
2026-04-11 13:25:18,495 - INFO - === Candidate 3 (without context)===
2026-04-11 13:25:18,495 - INFO - <s>though moonlight mile is replete with acclaimed actors and actresses and tackles a subject that's potentially moving, the movie is too predictable and too self-conscious to reach a level of high drama. It was good
2026-04-11 13:25:18,495 - INFO - Log probabilities of the option tokens: tensor([nan], dtype=torch.float16)
2026-04-11 13:25:18,502 - INFO - === Candidate 4 (without context)===
2026-04-11 13:25:18,503 - INFO - <s>though moonlight mile is replete with acclaimed actors and actresses and tackles a subject that's potentially moving, the movie is too predictable and too self-conscious to reach a level of high drama. It was great
2026-04-11 13:25:18,503 - INFO - Log probabilities of the option tokens: tensor([nan], dtype=torch.float16)
2026-04-11 13:25:18,503 - INFO - Prediction scores: [nan, nan, nan, nan, nan]
2026-04-11 13:25:18,503 - INFO - ========= Example =========
2026-04-11 13:25:18,503 - INFO - Candidate: [0, 1, 2, 3, 4]
2026-04-11 13:25:18,503 - INFO - Correct candidate: 1
2026-04-11 13:25:18,514 - INFO - === Candidate 0 ===
2026-04-11 13:25:18,514 - INFO - <s>too restrained to be a freak show, too mercenary and obvious to be cerebral, too dull and pretentious to be engaging... the isle defies an easy categorization. It was terrible
2026-04-11 13:25:18,514 - INFO - Log probabilities of the option tokens: tensor([nan], dtype=torch.float16)
2026-04-11 13:25:18,522 - INFO - === Candidate 1 (without context)===
2026-04-11 13:25:18,522 - INFO - <s>too restrained to be a freak show, too mercenary and obvious to be cerebral, too dull and pretentious to be engaging... the isle defies an easy categorization. It was bad
2026-04-11 13:25:18,522 - INFO - Log probabilities of the option tokens: tensor([nan], dtype=torch.float16)
2026-04-11 13:25:18,529 - INFO - === Candidate 2 (without context)===
2026-04-11 13:25:18,530 - INFO - <s>too restrained to be a freak show, too mercenary and obvious to be cerebral, too dull and pretentious to be engaging... the isle defies an easy categorization. It was okay
2026-04-11 13:25:18,530 - INFO - Log probabilities of the option tokens: tensor([nan], dtype=torch.float16)
2026-04-11 13:25:18,537 - INFO - === Candidate 3 (without context)===
2026-04-11 13:25:18,537 - INFO - <s>too restrained to be a freak show, too mercenary and obvious to be cerebral, too dull and pretentious to be engaging... the isle defies an easy categorization. It was good
2026-04-11 13:25:18,537 - INFO - Log probabilities of the option tokens: tensor([nan], dtype=torch.float16)
2026-04-11 13:25:18,545 - INFO - === Candidate 4 (without context)===
2026-04-11 13:25:18,545 - INFO - <s>too restrained to be a freak show, too mercenary and obvious to be cerebral, too dull and pretentious to be engaging... the isle defies an easy categorization. It was great
2026-04-11 13:25:18,545 - INFO - Log probabilities of the option tokens: tensor([nan], dtype=torch.float16)
2026-04-11 13:25:18,545 - INFO - Prediction scores: [nan, nan, nan, nan, nan]

  9%|▉         | 3/32 [00:00<00:01, 22.22it/s]
 19%|█▉        | 6/32 [00:00<00:01, 24.05it/s]
 28%|██▊       | 9/32 [00:00<00:00, 24.94it/s]
 38%|███▊      | 12/32 [00:00<00:00, 25.63it/s]
 47%|████▋     | 15/32 [00:00<00:00, 26.01it/s]
 56%|█████▋    | 18/32 [00:00<00:00, 26.31it/s]
 66%|██████▌   | 21/32 [00:00<00:00, 26.61it/s]
 75%|███████▌  | 24/32 [00:00<00:00, 26.56it/s]
 84%|████████▍ | 27/32 [00:01<00:00, 26.69it/s]
 94%|█████████▍| 30/32 [00:01<00:00, 26.89it/s]
100%|██████████| 32/32 [00:01<00:00, 26.20it/s]
2026-04-11 13:25:19,632 - INFO - ===== Train set 42 =====
2026-04-11 13:25:19,632 - INFO - {'accuracy': np.float64(0.21875)}
[nan-guard] child exited with code 0.
