[2026-05-21T01:21:24] starting int4_g128_rtnclip_k1_h4e-3_seed16_bs64_ckpt1k
[2026-05-21T01:21:29] step=1/20000 loss=1.66504 d_h=10.7422 eval_acc=None active=0.4465210941774904
[2026-05-21T01:23:50] step=100/20000 loss=1.67969 d_h=6.10352 eval_acc=None active=0.4465210941774904
[2026-05-21T01:26:13] step=200/20000 loss=1.5835 d_h=4.76074 eval_acc=None active=0.44653766224386576
[2026-05-21T01:28:37] step=300/20000 loss=1.66602 d_h=15.3809 eval_acc=None active=0.44656123046593754
[2026-05-21T01:31:00] step=400/20000 loss=1.60352 d_h=0.488281 eval_acc=None active=0.44652904212445643
[2026-05-21T01:33:24] step=500/20000 loss=1.63525 d_h=6.46973 eval_acc=None active=0.44649902498434035
[2026-05-21T01:35:47] step=600/20000 loss=1.63721 d_h=-12.5732 eval_acc=None active=0.44655140943592864
[2026-05-21T01:38:10] step=700/20000 loss=1.61133 d_h=-1.46484 eval_acc=None active=0.446524258169117
[2026-05-21T01:40:34] step=800/20000 loss=1.68994 d_h=-6.71387 eval_acc=None active=0.4465264293704821
[2026-05-21T01:42:57] step=900/20000 loss=1.61377 d_h=-1.58691 eval_acc=None active=0.4465080613444259
[2026-05-21T01:45:27] step=1000/20000 loss=1.64062 d_h=-9.52148 eval_acc=0.2716627634660422 active=0.4465290674363894
[2026-05-21T01:47:50] step=1100/20000 loss=1.68164 d_h=-1.95312 eval_acc=None active=0.4465124178093411
[2026-05-21T01:50:14] step=1200/20000 loss=1.66992 d_h=-7.8125 eval_acc=None active=0.4465607523516473
[2026-05-21T01:52:37] step=1300/20000 loss=1.6709 d_h=-5.61523 eval_acc=None active=0.44651397308700286
[2026-05-21T01:55:00] step=1400/20000 loss=1.53369 d_h=-5.00488 eval_acc=None active=0.4464995818468666
[2026-05-21T01:57:23] step=1500/20000 loss=1.68115 d_h=-0.610352 eval_acc=None active=0.4465266009291392
[2026-05-21T01:59:46] step=1600/20000 loss=1.57861 d_h=4.5166 eval_acc=None active=0.446516315847025
[2026-05-21T02:02:09] step=1700/20000 loss=1.68604 d_h=3.54004 eval_acc=None active=0.4464791354298664
[2026-05-21T02:04:32] step=1800/20000 loss=1.60303 d_h=0.12207 eval_acc=None active=0.44647438241133397
[2026-05-21T02:06:54] step=1900/20000 loss=1.59375 d_h=-3.17383 eval_acc=None active=0.4465340426374449
[2026-05-21T02:09:24] step=2000/20000 loss=1.604 d_h=1.58691 eval_acc=0.2728337236533958 active=0.4465237828672638
[2026-05-21T02:11:47] step=2100/20000 loss=1.64014 d_h=2.0752 eval_acc=None active=0.4465455511296547
[2026-05-21T02:14:10] step=2200/20000 loss=1.60156 d_h=-5.12695 eval_acc=None active=0.4464918054585577
[2026-05-21T02:16:33] step=2300/20000 loss=1.63623 d_h=4.02832 eval_acc=None active=0.4465026783400052
[2026-05-21T02:18:56] step=2400/20000 loss=1.63281 d_h=-8.54492 eval_acc=None active=0.44654261213298824
[2026-05-21T02:21:19] step=2500/20000 loss=1.55859 d_h=5.61523 eval_acc=None active=0.44647457365705007
[2026-05-21T02:23:41] step=2600/20000 loss=1.70068 d_h=-9.64355 eval_acc=None active=0.4464606239695231
[2026-05-21T02:26:04] step=2700/20000 loss=1.60498 d_h=8.91113 eval_acc=None active=0.4464675453769836
[2026-05-21T02:28:27] step=2800/20000 loss=1.59082 d_h=3.41797 eval_acc=None active=0.44647214371148086
[2026-05-21T02:30:50] step=2900/20000 loss=1.64551 d_h=0.488281 eval_acc=None active=0.44651159657773665
[2026-05-21T02:33:17] step=3000/20000 loss=1.71924 d_h=-4.76074 eval_acc=0.2786885245901639 active=0.44651569429844773
[2026-05-21T02:35:40] step=3100/20000 loss=1.56836 d_h=-20.0195 eval_acc=None active=0.44646475262704116
[2026-05-21T02:38:04] step=3200/20000 loss=1.63574 d_h=-3.66211 eval_acc=None active=0.446510342230834
[2026-05-21T02:40:26] step=3300/20000 loss=1.62012 d_h=-5.85938 eval_acc=None active=0.44654066311414625
[2026-05-21T02:42:49] step=3400/20000 loss=1.67041 d_h=-3.78418 eval_acc=None active=0.4464520207247358
[2026-05-21T02:45:12] step=3500/20000 loss=1.62695 d_h=-7.08008 eval_acc=None active=0.44647991166247875
[2026-05-21T02:47:35] step=3600/20000 loss=1.69141 d_h=17.8223 eval_acc=None active=0.4465121309407669
[2026-05-21T02:49:58] step=3700/20000 loss=1.73682 d_h=-18.9209 eval_acc=None active=0.4464578705936987
[2026-05-21T02:52:20] step=3800/20000 loss=1.65918 d_h=7.32422 eval_acc=None active=0.44648106476164934
[2026-05-21T02:54:43] step=3900/20000 loss=1.59082 d_h=8.30078 eval_acc=None active=0.44649550100077756
[2026-05-21T02:57:13] step=4000/20000 loss=1.61816 d_h=10.9863 eval_acc=0.3149882903981265 active=0.4464690556556533
[2026-05-21T02:59:36] step=4100/20000 loss=1.61377 d_h=-32.3486 eval_acc=None active=0.44646792505597876
[2026-05-21T03:01:59] step=4200/20000 loss=1.56494 d_h=-4.02832 eval_acc=None active=0.44649707315306136
[2026-05-21T03:04:22] step=4300/20000 loss=1.61621 d_h=22.7051 eval_acc=None active=0.4464833484604945
[2026-05-21T03:06:45] step=4400/20000 loss=1.66504 d_h=-5.85938 eval_acc=None active=0.44645477410056017
[2026-05-21T03:09:08] step=4500/20000 loss=1.59229 d_h=-0.610352 eval_acc=None active=0.4464636332771146
[2026-05-21T03:11:30] step=4600/20000 loss=1.55908 d_h=4.02832 eval_acc=None active=0.4464403772355499
[2026-05-21T03:13:53] step=4700/20000 loss=1.59229 d_h=-13.5498 eval_acc=None active=0.44648186911863175
[2026-05-21T03:16:16] step=4800/20000 loss=1.52832 d_h=0.488281 eval_acc=None active=0.44652437629147107
[2026-05-21T03:18:39] step=4900/20000 loss=1.59033 d_h=-7.93457 eval_acc=None active=0.4465128902987573
[2026-05-21T03:21:07] step=5000/20000 loss=1.63428 d_h=-13.5498 eval_acc=0.29156908665105385 active=0.4464632339110604
[2026-05-21T03:23:30] step=5100/20000 loss=1.57617 d_h=-11.4746 eval_acc=None active=0.44648384626184373
[2026-05-21T03:25:53] step=5200/20000 loss=1.59473 d_h=-0.488281 eval_acc=None active=0.44655599933311496
[2026-05-21T03:28:15] step=5300/20000 loss=1.69727 d_h=12.9395 eval_acc=None active=0.446466403527561
[2026-05-21T03:30:38] step=5400/20000 loss=1.49219 d_h=-9.76562 eval_acc=None active=0.4464731786882974
[2026-05-21T03:33:01] step=5500/20000 loss=1.61719 d_h=-0.244141 eval_acc=None active=0.44648370282755667
[2026-05-21T03:35:24] step=5600/20000 loss=1.63184 d_h=-16.1133 eval_acc=None active=0.44642783939139763
[2026-05-21T03:37:47] step=5700/20000 loss=1.58984 d_h=0 eval_acc=None active=0.44649698034264035
[2026-05-21T03:40:10] step=5800/20000 loss=1.55811 d_h=12.8174 eval_acc=None active=0.44645604250964777
[2026-05-21T03:42:33] step=5900/20000 loss=1.59961 d_h=-0.488281 eval_acc=None active=0.44649645441692104
[2026-05-21T03:44:58] step=6000/20000 loss=1.63477 d_h=11.4746 eval_acc=0.2822014051522248 active=0.44649211201419087
[2026-05-21T03:47:21] step=6100/20000 loss=1.63086 d_h=-4.88281 eval_acc=None active=0.4465072738620655
[2026-05-21T03:49:44] step=6200/20000 loss=1.56396 d_h=-3.54004 eval_acc=None active=0.4464880621049088
[2026-05-21T03:52:07] step=6300/20000 loss=1.6626 d_h=18.1885 eval_acc=None active=0.4465226691422112
[2026-05-21T03:54:30] step=6400/20000 loss=1.68555 d_h=-12.207 eval_acc=None active=0.4464555784575425
[2026-05-21T03:56:53] step=6500/20000 loss=1.63086 d_h=-9.0332 eval_acc=None active=0.44648448468504304
[2026-05-21T03:59:15] step=6600/20000 loss=1.59814 d_h=16.9678 eval_acc=None active=0.4464441459011318
[2026-05-21T04:01:38] step=6700/20000 loss=1.69629 d_h=-12.6953 eval_acc=None active=0.4464597380518676
[2026-05-21T04:04:01] step=6800/20000 loss=1.57031 d_h=-1.46484 eval_acc=None active=0.44646694632790224
[2026-05-21T04:06:24] step=6900/20000 loss=1.59277 d_h=-2.44141 eval_acc=None active=0.446462480177944
[2026-05-21T04:08:49] step=7000/20000 loss=1.58691 d_h=16.6016 eval_acc=0.30679156908665106 active=0.44646061553221206
[2026-05-21T04:11:12] step=7100/20000 loss=1.58252 d_h=7.69043 eval_acc=None active=0.4464714884136595
[2026-05-21T04:13:35] step=7200/20000 loss=1.58594 d_h=-7.56836 eval_acc=None active=0.44648125881980244
[2026-05-21T04:15:57] step=7300/20000 loss=1.65527 d_h=9.52148 eval_acc=None active=0.44646932002473144
[2026-05-21T04:18:20] step=7400/20000 loss=1.6084 d_h=21.9727 eval_acc=None active=0.4464352248509633
[2026-05-21T04:20:43] step=7500/20000 loss=1.64404 d_h=15.2588 eval_acc=None active=0.4464307193268871
[2026-05-21T04:23:06] step=7600/20000 loss=1.6416 d_h=-7.8125 eval_acc=None active=0.4464109028957751
[2026-05-21T04:25:28] step=7700/20000 loss=1.61475 d_h=-6.22559 eval_acc=None active=0.4464585849526971
[2026-05-21T04:27:51] step=7800/20000 loss=1.49854 d_h=5.98145 eval_acc=None active=0.44647968385508163
[2026-05-21T04:30:14] step=7900/20000 loss=1.63916 d_h=19.6533 eval_acc=None active=0.44645241727835294
[2026-05-21T04:32:41] step=8000/20000 loss=1.72949 d_h=-3.17383 eval_acc=0.2775175644028103 active=0.4464588802585822
[2026-05-21T04:35:05] step=8100/20000 loss=1.56152 d_h=6.5918 eval_acc=None active=0.44646458669325806
[2026-05-21T04:37:28] step=8200/20000 loss=1.65039 d_h=-11.9629 eval_acc=None active=0.44641795086290065
[2026-05-21T04:39:51] step=8300/20000 loss=1.68066 d_h=0.488281 eval_acc=None active=0.4464471383341013
[2026-05-21T04:42:14] step=8400/20000 loss=1.62158 d_h=-0.854492 eval_acc=None active=0.4464381075988898
[2026-05-21T04:44:37] step=8500/20000 loss=1.69922 d_h=23.6816 eval_acc=None active=0.4464423628160729
[2026-05-21T04:46:59] step=8600/20000 loss=1.63721 d_h=-0.854492 eval_acc=None active=0.4464277268939176
[2026-05-21T04:49:22] step=8700/20000 loss=1.62354 d_h=2.56348 eval_acc=None active=0.4464203808084699
[2026-05-21T04:51:45] step=8800/20000 loss=1.53711 d_h=-5.12695 eval_acc=None active=0.4464629076683682
[2026-05-21T04:54:08] step=8900/20000 loss=1.63672 d_h=0.732422 eval_acc=None active=0.44644720864502635
[2026-05-21T04:56:33] step=9000/20000 loss=1.52979 d_h=-0.854492 eval_acc=0.2775175644028103 active=0.4464102532228278
[2026-05-21T04:58:57] step=9100/20000 loss=1.55371 d_h=0.244141 eval_acc=None active=0.4464335289514515
[2026-05-21T05:01:19] step=9200/20000 loss=1.68115 d_h=7.93457 eval_acc=None active=0.4464231538713533
[2026-05-21T05:03:42] step=9300/20000 loss=1.66992 d_h=-8.78906 eval_acc=None active=0.44642468946195607
[2026-05-21T05:06:05] step=9400/20000 loss=1.53076 d_h=-3.05176 eval_acc=None active=0.44642131734999135
[2026-05-21T05:08:28] step=9500/20000 loss=1.5918 d_h=0.976562 eval_acc=None active=0.4464148178080811
[2026-05-21T05:10:51] step=9600/20000 loss=1.64502 d_h=-4.27246 eval_acc=None active=0.44640073593601504
[2026-05-21T05:13:14] step=9700/20000 loss=1.61279 d_h=-0.12207 eval_acc=None active=0.4464055873898425
[2026-05-21T05:15:37] step=9800/20000 loss=1.61523 d_h=-4.63867 eval_acc=None active=0.44641262410722
[2026-05-21T05:17:59] step=9900/20000 loss=1.59521 d_h=5.7373 eval_acc=None active=0.44644246406380494
[2026-05-21T05:20:24] step=10000/20000 loss=1.5874 d_h=1.83105 eval_acc=0.3149882903981265 active=0.4464251985130533
[2026-05-21T05:22:47] step=10100/20000 loss=1.57617 d_h=-9.52148 eval_acc=None active=0.44646237611777495
[2026-05-21T05:25:10] step=10200/20000 loss=1.70654 d_h=-11.8408 eval_acc=None active=0.4463944782636869
[2026-05-21T05:27:33] step=10300/20000 loss=1.57715 d_h=2.92969 eval_acc=None active=0.4463898968038116
[2026-05-21T05:29:56] step=10400/20000 loss=1.63232 d_h=6.22559 eval_acc=None active=0.44639635415916684
[2026-05-21T05:32:19] step=10500/20000 loss=1.70898 d_h=-22.7051 eval_acc=None active=0.4464232551190853
[2026-05-21T05:34:42] step=10600/20000 loss=1.54785 d_h=-10.9863 eval_acc=None active=0.4464151806124543
[2026-05-21T05:37:04] step=10700/20000 loss=1.646 d_h=-10.6201 eval_acc=None active=0.4464198042588846
[2026-05-21T05:39:27] step=10800/20000 loss=1.53857 d_h=0.610352 eval_acc=None active=0.4463945485746119
[2026-05-21T05:41:50] step=10900/20000 loss=1.59863 d_h=0.488281 eval_acc=None active=0.4463989022270901
[2026-05-21T05:44:15] step=11000/20000 loss=1.57764 d_h=-7.44629 eval_acc=0.2892271662763466 active=0.44644746457679346
[2026-05-21T05:46:38] step=11100/20000 loss=1.64697 d_h=5.49316 eval_acc=None active=0.4463917080132405
[2026-05-21T05:49:01] step=11200/20000 loss=1.65283 d_h=-2.31934 eval_acc=None active=0.446394610448226
[2026-05-21T05:51:23] step=11300/20000 loss=1.625 d_h=-3.90625 eval_acc=None active=0.44639443326469486
[2026-05-21T05:53:46] step=11400/20000 loss=1.62207 d_h=-10.7422 eval_acc=None active=0.4463857006478055
[2026-05-21T05:56:09] step=11500/20000 loss=1.67383 d_h=15.3809 eval_acc=None active=0.44641853866223397
[2026-05-21T05:58:32] step=11600/20000 loss=1.58057 d_h=-8.91113 eval_acc=None active=0.44636639889266483
[2026-05-21T06:00:54] step=11700/20000 loss=1.55615 d_h=0.854492 eval_acc=None active=0.44637170596128645
[2026-05-21T06:03:17] step=11800/20000 loss=1.6001 d_h=1.83105 eval_acc=None active=0.4464217223409196
[2026-05-21T06:05:40] step=11900/20000 loss=1.59863 d_h=-1.70898 eval_acc=None active=0.44636631170711777
[2026-05-21T06:08:05] step=12000/20000 loss=1.56738 d_h=15.3809 eval_acc=0.30327868852459017 active=0.44637830112605476
[2026-05-21T06:10:28] step=12100/20000 loss=1.6792 d_h=43.5791 eval_acc=None active=0.4463857793960415
[2026-05-21T06:12:51] step=12200/20000 loss=1.63037 d_h=-4.27246 eval_acc=None active=0.44642202045924173
[2026-05-21T06:15:14] step=12300/20000 loss=1.58936 d_h=-9.8877 eval_acc=None active=0.4463977238159865
[2026-05-21T06:17:36] step=12400/20000 loss=1.60645 d_h=-1.95312 eval_acc=None active=0.44637347779659736
[2026-05-21T06:19:59] step=12500/20000 loss=1.59619 d_h=6.46973 eval_acc=None active=0.44639575511008556
[2026-05-21T06:22:22] step=12600/20000 loss=1.62549 d_h=3.54004 eval_acc=None active=0.44639376952956256
[2026-05-21T06:24:45] step=12700/20000 loss=1.51855 d_h=-2.92969 eval_acc=None active=0.4463705359874939
[2026-05-21T06:27:07] step=12800/20000 loss=1.521 d_h=8.91113 eval_acc=None active=0.44639818786809177
[2026-05-21T06:29:30] step=12900/20000 loss=1.64258 d_h=-14.6484 eval_acc=None active=0.44636807229268066
[2026-05-21T06:31:55] step=13000/20000 loss=1.65967 d_h=13.3057 eval_acc=0.2728337236533958 active=0.44636716668796617
[2026-05-21T06:34:18] step=13100/20000 loss=1.68652 d_h=-21.7285 eval_acc=None active=0.4463837319419045
[2026-05-21T06:36:41] step=13200/20000 loss=1.6582 d_h=16.3574 eval_acc=None active=0.44633253996360484
[2026-05-21T06:39:04] step=13300/20000 loss=1.6377 d_h=7.32422 eval_acc=None active=0.4463943545164588
[2026-05-21T06:41:27] step=13400/20000 loss=1.54443 d_h=0.12207 eval_acc=None active=0.44639811193229273
[2026-05-21T06:43:49] step=13500/20000 loss=1.66553 d_h=18.6768 eval_acc=None active=0.44635676629593496
[2026-05-21T06:46:12] step=13600/20000 loss=1.54346 d_h=-11.3525 eval_acc=None active=0.44640154310543445
[2026-05-21T06:48:35] step=13700/20000 loss=1.63672 d_h=16.8457 eval_acc=None active=0.44633397993134954
[2026-05-21T06:50:58] step=13800/20000 loss=1.59033 d_h=1.83105 eval_acc=None active=0.4464067967377531
[2026-05-21T06:53:20] step=13900/20000 loss=1.63916 d_h=-26.4893 eval_acc=None active=0.4463125266619028
[2026-05-21T06:55:45] step=14000/20000 loss=1.57861 d_h=8.17871 eval_acc=0.2716627634660422 active=0.44635061830864986
[2026-05-21T06:58:08] step=14100/20000 loss=1.55029 d_h=6.46973 eval_acc=None active=0.44636133650606225
[2026-05-21T07:00:31] step=14200/20000 loss=1.64355 d_h=3.41797 eval_acc=None active=0.4463490799056101
[2026-05-21T07:02:54] step=14300/20000 loss=1.5791 d_h=-8.30078 eval_acc=None active=0.4463952938704173
[2026-05-21T07:05:16] step=14400/20000 loss=1.5708 d_h=-12.3291 eval_acc=None active=0.446360807767906
[2026-05-21T07:07:39] step=14500/20000 loss=1.52979 d_h=-10.376 eval_acc=None active=0.44635831032384876
[2026-05-21T07:10:02] step=14600/20000 loss=1.57031 d_h=-6.5918 eval_acc=None active=0.44641233442620887
[2026-05-21T07:12:25] step=14700/20000 loss=1.58496 d_h=-2.44141 eval_acc=None active=0.446354761028353
[2026-05-21T07:14:48] step=14800/20000 loss=1.70605 d_h=14.1602 eval_acc=None active=0.4463465009008798
[2026-05-21T07:17:10] step=14900/20000 loss=1.6333 d_h=4.76074 eval_acc=None active=0.4463564316159318
[2026-05-21T07:19:35] step=15000/20000 loss=1.64502 d_h=7.69043 eval_acc=0.28688524590163933 active=0.4463922986250108
[2026-05-21T07:21:58] step=15100/20000 loss=1.65137 d_h=6.10352 eval_acc=None active=0.44632761257397835
[2026-05-21T07:24:21] step=15200/20000 loss=1.56836 d_h=-3.41797 eval_acc=None active=0.4463261529191746
[2026-05-21T07:26:44] step=15300/20000 loss=1.58691 d_h=-2.68555 eval_acc=None active=0.44639202300618464
[2026-05-21T07:29:07] step=15400/20000 loss=1.63965 d_h=19.5312 eval_acc=None active=0.44636230960926476
[2026-05-21T07:31:29] step=15500/20000 loss=1.58496 d_h=-2.92969 eval_acc=None active=0.4463458765398655
[2026-05-21T07:33:52] step=15600/20000 loss=1.60889 d_h=-6.95801 eval_acc=None active=0.4463313728022492
[2026-05-21T07:36:15] step=15700/20000 loss=1.58496 d_h=-9.76562 eval_acc=None active=0.44635755940316935
[2026-05-21T07:38:38] step=15800/20000 loss=1.51904 d_h=2.56348 eval_acc=None active=0.44632722164523514
[2026-05-21T07:41:00] step=15900/20000 loss=1.56592 d_h=19.4092 eval_acc=None active=0.4463105635808758
[2026-05-21T07:43:25] step=16000/20000 loss=1.625 d_h=0.732422 eval_acc=0.27400468384074944 active=0.44634614934625466
[2026-05-21T07:45:48] step=16100/20000 loss=1.5293 d_h=12.9395 eval_acc=None active=0.44630076505036287
[2026-05-21T07:48:11] step=16200/20000 loss=1.56104 d_h=-3.05176 eval_acc=None active=0.44633743079155025
[2026-05-21T07:50:34] step=16300/20000 loss=1.56738 d_h=-6.5918 eval_acc=None active=0.4462823745248106
[2026-05-21T07:52:57] step=16400/20000 loss=1.60938 d_h=-6.34766 eval_acc=None active=0.44630572056435935
[2026-05-21T07:55:19] step=16500/20000 loss=1.57959 d_h=1.34277 eval_acc=None active=0.44634355909177637
[2026-05-21T07:57:42] step=16600/20000 loss=1.62549 d_h=-9.39941 eval_acc=None active=0.44630891549279295
[2026-05-21T08:00:05] step=16700/20000 loss=1.61377 d_h=7.69043 eval_acc=None active=0.4463404963478818
[2026-05-21T08:02:28] step=16800/20000 loss=1.56738 d_h=0.732422 eval_acc=None active=0.44632604042169455
[2026-05-21T08:04:50] step=16900/20000 loss=1.52734 d_h=-3.17383 eval_acc=None active=0.44630231751558763
[2026-05-21T08:07:15] step=17000/20000 loss=1.51758 d_h=6.34766 eval_acc=0.2716627634660422 active=0.4463276575729704
[2026-05-21T08:09:39] step=17100/20000 loss=1.62207 d_h=12.9395 eval_acc=None active=0.44629235023885466
[2026-05-21T08:12:01] step=17200/20000 loss=1.56494 d_h=0.854492 eval_acc=None active=0.4463377739088644
[2026-05-21T08:14:24] step=17300/20000 loss=1.6123 d_h=-2.68555 eval_acc=None active=0.4463105860803718
[2026-05-21T08:16:47] step=17400/20000 loss=1.57373 d_h=21.3623 eval_acc=None active=0.4463365111246508
[2026-05-21T08:19:10] step=17500/20000 loss=1.61084 d_h=2.31934 eval_acc=None active=0.4462868772364499
[2026-05-21T08:21:32] step=17600/20000 loss=1.60107 d_h=-8.17871 eval_acc=None active=0.4462828245147309
[2026-05-21T08:23:55] step=17700/20000 loss=1.55713 d_h=5.98145 eval_acc=None active=0.44629070496320883
[2026-05-21T08:26:18] step=17800/20000 loss=1.49365 d_h=4.27246 eval_acc=None active=0.44631931869726116
[2026-05-21T08:28:41] step=17900/20000 loss=1.65918 d_h=0.976562 eval_acc=None active=0.44630430872098464
[2026-05-21T08:31:08] step=18000/20000 loss=1.57959 d_h=0.610352 eval_acc=0.27634660421545665 active=0.4462906571517798
[2026-05-21T08:33:31] step=18100/20000 loss=1.60303 d_h=5.00488 eval_acc=None active=0.44631384569485644
[2026-05-21T08:35:54] step=18200/20000 loss=1.63818 d_h=6.22559 eval_acc=None active=0.4462895434267272
[2026-05-21T08:38:16] step=18300/20000 loss=1.57617 d_h=8.78906 eval_acc=None active=0.4462661777001195
[2026-05-21T08:40:39] step=18400/20000 loss=1.54199 d_h=-5.37109 eval_acc=None active=0.44630692709983294
[2026-05-21T08:43:02] step=18500/20000 loss=1.62842 d_h=-5.24902 eval_acc=None active=0.44626207716697147
[2026-05-21T08:45:25] step=18600/20000 loss=1.58643 d_h=1.83105 eval_acc=None active=0.4463148047358739
[2026-05-21T08:47:48] step=18700/20000 loss=1.55957 d_h=4.88281 eval_acc=None active=0.44627218787799156
[2026-05-21T08:50:10] step=18800/20000 loss=1.73242 d_h=0 eval_acc=None active=0.44631573284008436
[2026-05-21T08:52:33] step=18900/20000 loss=1.57227 d_h=0.976562 eval_acc=None active=0.4462722638137906
[2026-05-21T08:55:00] step=19000/20000 loss=1.60303 d_h=-2.80762 eval_acc=0.2857142857142857 active=0.4462848804061789
[2026-05-21T08:57:23] step=19100/20000 loss=1.6875 d_h=-51.0254 eval_acc=None active=0.4462926596069248
[2026-05-21T08:59:46] step=19200/20000 loss=1.63086 d_h=2.19727 eval_acc=None active=0.4463033749919002
[2026-05-21T09:02:09] step=19300/20000 loss=1.64404 d_h=-10.376 eval_acc=None active=0.44630272250651587
[2026-05-21T09:04:32] step=19400/20000 loss=1.60449 d_h=-13.4277 eval_acc=None active=0.4463195943160873
[2026-05-21T09:06:55] step=19500/20000 loss=1.6543 d_h=-2.19727 eval_acc=None active=0.44628524039811507
[2026-05-21T09:09:18] step=19600/20000 loss=1.57861 d_h=5.00488 eval_acc=None active=0.44632545824723524
[2026-05-21T09:11:41] step=19700/20000 loss=1.64844 d_h=-1.46484 eval_acc=None active=0.44630531557343117
[2026-05-21T09:14:03] step=19800/20000 loss=1.61328 d_h=8.78906 eval_acc=None active=0.44626959762351326
[2026-05-21T09:16:26] step=19900/20000 loss=1.65039 d_h=-3.41797 eval_acc=None active=0.44628378636818533
[2026-05-21T09:18:52] step=20000/20000 loss=1.64453 d_h=7.56836 eval_acc=0.275175644028103 active=0.4462586206818967
[2026-05-21T09:18:53] finished int4_g128_rtnclip_k1_h4e-3_seed16_bs64_ckpt1k status=complete steps=20000
