Submitting roberta_mnli_mezo_int8 (jobs/roberta_mnli_mezo_int8_8h.sh)
Submitted batch job 44465906
Submitting roberta_sst5_mezo_int8 (jobs/roberta_sst5_mezo_int8_8h.sh)
Submitted batch job 44465907
Submitting opt13b_mnli_mezo_int8 (jobs/opt13b_mnli_mezo_int8_8h.sh)
Submitted batch job 44465908
Submitting opt13b_sst5_mezo_int8 (jobs/opt13b_sst5_mezo_int8_8h.sh)
Submitted batch job 44465909
Submitting roberta_mnli_sparse_mezo_int8 (jobs/roberta_mnli_sparse_mezo_int8_8h.sh)
Submitted batch job 44465910
Submitting roberta_sst5_sparse_mezo_int8 (jobs/roberta_sst5_sparse_mezo_int8_8h.sh)
Submitted batch job 44465911
Submitting opt13b_mnli_sparse_mezo_int8 (jobs/opt13b_mnli_sparse_mezo_int8_8h.sh)
Submitted batch job 44465912
Submitting opt13b_sst5_sparse_mezo_int8 (jobs/opt13b_sst5_sparse_mezo_int8_8h.sh)
Submitted batch job 44465913
Base dependency job id: 44457037:44285153:44285154
Last job id in chain: 44465913
Launcher log: /scratch/jy03364/MeZO_/experiments/h_sweep_8h/logs/submit_int8_pilot_20260416_083400.log
Launcher manifest: /scratch/jy03364/MeZO_/experiments/h_sweep_8h/results/launcher_manifest.jsonl
Monitor: squeue -u jy03364 -o '%.18i %.9P %.40j %.8T %.10M %.9l %.20R'
