[nan-guard] command=python /scratch/jy03364/MeZO_/large_models/run.py --model_name opt-1.3b --task_name MNLI --output_dir /scratch/jy03364/MeZO_/experiments/h_sweep_14h/results/quzo16/opt-1.3b/mnli/h_1e-2/seed_42 --overwrite_output_dir --tag hsweep14h-quzo16-mnli-h1e-2-seed42 --dataset_mode full --num_k 16 --data_seed 42 --train_set_seed 42 --num_dev 0 --trainer zo --load_float16 --zo_quantization_bits 16 --train_as_classification --learning_rate 1e-6 --zo_eps 1e-2 --num_train_epochs 1 --per_device_train_batch_size 16 --gradient_accumulation_steps 1 --lr_scheduler_type constant --evaluation_strategy steps --save_strategy no --eval_steps 5000 --logging_steps 10 --zo_probe_every 200 --zo_probe_num_seeds 16 --zo_probe_log_csv
[nan-guard] cwd=/scratch/jy03364/MeZO_/experiments/h_sweep_14h max_consecutive_nan=100
OurArguments(
_n_gpu=1,
adafactor=False,
adam_beta1=0.9,
adam_beta2=0.999,
adam_epsilon=1e-08,
auto_find_batch_size=False,
bf16=False,
bf16_full_eval=False,
data_seed=42,
dataloader_drop_last=False,
dataloader_num_workers=0,
dataloader_pin_memory=True,
dataset_mode=full,
ddp_backend=None,
ddp_broadcast_buffers=None,
ddp_bucket_cap_mb=None,
ddp_find_unused_parameters=None,
ddp_timeout=1800,
debug=[],
deepspeed=None,
disable_tqdm=False,
dispatch_batches=None,
do_eval=True,
do_predict=False,
do_train=False,
eos_token=<EOS_TOKEN>,
eval_accumulation_steps=None,
eval_delay=0,
eval_steps=5000,
evaluation_strategy=steps,
fp16=False,
fp16_backend=auto,
fp16_full_eval=False,
fp16_opt_level=O1,
fsdp=[],
fsdp_config={'min_num_params': 0, 'xla': False, 'xla_fsdp_grad_ckpt': False},
fsdp_min_num_params=0,
fsdp_transformer_layer_cls_to_wrap=None,
full_determinism=False,
full_dev_ratio=0.1,
gradient_accumulation_steps=1,
gradient_checkpointing=False,
gradient_checkpointing_kwargs=None,
greater_is_better=None,
group_by_length=False,
half_precision_backend=auto,
head_tuning=False,
hizoo_hessian_smooth_type=constant0,
hub_always_push=False,
hub_model_id=None,
hub_private_repo=False,
hub_strategy=every_save,
hub_token=<HUB_TOKEN>,
icl_sfc=False,
ignore_data_skip=False,
include_inputs_for_metrics=False,
include_tokens_per_second=False,
jit_mode_eval=False,
label_names=None,
label_smoothing_factor=0.0,
learning_rate=1e-06,
length_column_name=length,
linear_probing=False,
load_best_model_at_end=False,
load_bfloat16=False,
load_float16=True,
load_int8=False,
local_rank=0,
log_level=passive,
log_level_replica=warning,
log_on_each_node=True,
logging_dir=/scratch/jy03364/MeZO_/experiments/h_sweep_14h/results/quzo16/opt-1.3b/mnli/h_1e-2/seed_42/runs/Apr18_20-04-18_ra5-4,
logging_first_step=False,
logging_nan_inf_filter=True,
logging_steps=10,
logging_strategy=steps,
lora=False,
lora_alpha=16,
lora_r=8,
lozo_beta1=0.9,
lozo_rank=2,
lozo_step_interval=50,
lp_early_stopping=False,
lr_scheduler_type=constant,
max_grad_norm=1.0,
max_length=2048,
max_new_tokens=50,
max_steps=-1,
measure_perf_tail=True,
measure_perf_tail_window_steps=10,
metric_for_best_model=None,
model_name=opt-1.3b,
mp_parameters=,
neftune_noise_alpha=None,
no_auto_device=False,
no_cuda=False,
no_eval=False,
no_reparam=True,
non_diff=False,
num_beams=1,
num_dev=0,
num_eval=None,
num_k=16,
num_prefix=5,
num_train=0,
num_train_epochs=1.0,
num_train_sets=None,
only_train_option=True,
optim=adamw_torch,
optim_args=None,
output_dir=/scratch/jy03364/MeZO_/experiments/h_sweep_14h/results/quzo16/opt-1.3b/mnli/h_1e-2/seed_42,
overwrite_output_dir=True,
past_index=-1,
per_device_eval_batch_size=8,
per_device_train_batch_size=16,
prediction_loss_only=False,
prefix_init_by_real_act=True,
prefix_tuning=False,
push_to_hub=False,
push_to_hub_model_id=None,
push_to_hub_organization=None,
push_to_hub_token=<PUSH_TO_HUB_TOKEN>,
ray_scope=last,
remove_unused_columns=True,
report_to=[],
result_file=None,
resume_from_checkpoint=None,
run_name=/scratch/jy03364/MeZO_/experiments/h_sweep_14h/results/quzo16/opt-1.3b/mnli/h_1e-2/seed_42,
sampling=False,
save_model=False,
save_on_each_node=False,
save_on_interrupt=False,
save_safetensors=True,
save_steps=500,
save_strategy=no,
save_total_limit=None,
seed=42,
sfc=False,
skip_memory_metrics=True,
sparse_log_active_fraction=True,
sparse_mask_strategy=percentile_per_layer,
sparse_ratio=1.0,
sparse_scope=trainable_only,
split_batches=False,
tag=hsweep14h-quzo16-mnli-h1e-2-seed42,
task_name=MNLI,
temperature=1.0,
tf32=None,
top_k=None,
top_p=0.95,
torch_compile=False,
torch_compile_backend=None,
torch_compile_mode=None,
torchdynamo=None,
tpu_metrics_debug=False,
tpu_num_cores=None,
train_as_classification=True,
train_set_seed=42,
trainer=zo,
untie_emb=False,
use_cpu=False,
use_ipex=False,
use_legacy_prediction_loop=False,
use_mps_device=False,
use_torchao_float8=False,
verbose=False,
warmup_ratio=0.0,
warmup_steps=0,
weight_decay=0.0,
zo_eps=0.01,
zo_method=None,
zo_probe_every=200,
zo_probe_log_csv=True,
zo_probe_num_seeds=16,
zo_quantization=None,
zo_quantization_bits=16,
)
{'loss': 1.5024, 'learning_rate': 1e-06, 'epoch': 0.02}
{'eval_loss': 1.30859375, 'eval_runtime': 36.8058, 'eval_samples_per_second': 266.67, 'eval_steps_per_second': 33.337, 'epoch': 0.02}
{'loss': 1.4903, 'learning_rate': 1e-06, 'epoch': 0.04}
{'eval_loss': 1.1767578125, 'eval_runtime': 36.4946, 'eval_samples_per_second': 268.944, 'eval_steps_per_second': 33.621, 'epoch': 0.04}
{'loss': 1.4104, 'learning_rate': 1e-06, 'epoch': 0.06}
{'eval_loss': 1.158203125, 'eval_runtime': 36.4482, 'eval_samples_per_second': 269.286, 'eval_steps_per_second': 33.664, 'epoch': 0.06}
{'loss': 1.4084, 'learning_rate': 1e-06, 'epoch': 0.08}
{'eval_loss': 1.150390625, 'eval_runtime': 36.4784, 'eval_samples_per_second': 269.063, 'eval_steps_per_second': 33.636, 'epoch': 0.08}
{'loss': 1.4318, 'learning_rate': 1e-06, 'epoch': 0.1}
{'eval_loss': 1.1416015625, 'eval_runtime': 36.5782, 'eval_samples_per_second': 268.329, 'eval_steps_per_second': 33.545, 'epoch': 0.1}
{'loss': 1.4085, 'learning_rate': 1e-06, 'epoch': 0.12}
{'eval_loss': 1.1396484375, 'eval_runtime': 36.4682, 'eval_samples_per_second': 269.138, 'eval_steps_per_second': 33.646, 'epoch': 0.12}
{'loss': 1.4007, 'learning_rate': 1e-06, 'epoch': 0.14}
{'eval_loss': 1.1826171875, 'eval_runtime': 36.4277, 'eval_samples_per_second': 269.438, 'eval_steps_per_second': 33.683, 'epoch': 0.14}
{'loss': 1.3907, 'learning_rate': 1e-06, 'epoch': 0.16}
{'eval_loss': 1.16796875, 'eval_runtime': 36.5702, 'eval_samples_per_second': 268.388, 'eval_steps_per_second': 33.552, 'epoch': 0.16}
{'loss': 1.4096, 'learning_rate': 1e-06, 'epoch': 0.18}
{'eval_loss': 1.1416015625, 'eval_runtime': 36.5215, 'eval_samples_per_second': 268.746, 'eval_steps_per_second': 33.597, 'epoch': 0.18}
{'loss': 1.4009, 'learning_rate': 1e-06, 'epoch': 0.2}
{'eval_loss': 1.1328125, 'eval_runtime': 36.3658, 'eval_samples_per_second': 269.897, 'eval_steps_per_second': 33.741, 'epoch': 0.2}
{'loss': 1.3904, 'learning_rate': 1e-06, 'epoch': 0.22}
{'eval_loss': 1.1435546875, 'eval_runtime': 36.3362, 'eval_samples_per_second': 270.116, 'eval_steps_per_second': 33.768, 'epoch': 0.22}
{'loss': 1.4003, 'learning_rate': 1e-06, 'epoch': 0.24}
{'eval_loss': 1.1318359375, 'eval_runtime': 36.4503, 'eval_samples_per_second': 269.271, 'eval_steps_per_second': 33.662, 'epoch': 0.24}
{'loss': 1.4243, 'learning_rate': 1e-06, 'epoch': 0.26}
{'eval_loss': 1.1220703125, 'eval_runtime': 36.3783, 'eval_samples_per_second': 269.804, 'eval_steps_per_second': 33.729, 'epoch': 0.26}
{'loss': 1.3661, 'learning_rate': 1e-06, 'epoch': 0.29}
{'eval_loss': 1.1220703125, 'eval_runtime': 36.5609, 'eval_samples_per_second': 268.456, 'eval_steps_per_second': 33.56, 'epoch': 0.29}
{'loss': 1.3733, 'learning_rate': 1e-06, 'epoch': 0.31}
{'eval_loss': 1.125, 'eval_runtime': 36.523, 'eval_samples_per_second': 268.735, 'eval_steps_per_second': 33.595, 'epoch': 0.31}
{'loss': 1.3979, 'learning_rate': 1e-06, 'epoch': 0.33}
{'eval_loss': 1.1240234375, 'eval_runtime': 36.5295, 'eval_samples_per_second': 268.687, 'eval_steps_per_second': 33.589, 'epoch': 0.33}
{'loss': 1.3919, 'learning_rate': 1e-06, 'epoch': 0.35}
{'eval_loss': 1.1201171875, 'eval_runtime': 36.5175, 'eval_samples_per_second': 268.775, 'eval_steps_per_second': 33.6, 'epoch': 0.35}
{'loss': 1.4183, 'learning_rate': 1e-06, 'epoch': 0.37}
{'eval_loss': 1.1142578125, 'eval_runtime': 36.5598, 'eval_samples_per_second': 268.464, 'eval_steps_per_second': 33.561, 'epoch': 0.37}
{'loss': 1.3944, 'learning_rate': 1e-06, 'epoch': 0.39}
{'eval_loss': 1.1103515625, 'eval_runtime': 36.3751, 'eval_samples_per_second': 269.827, 'eval_steps_per_second': 33.732, 'epoch': 0.39}
{'loss': 1.3917, 'learning_rate': 1e-06, 'epoch': 0.41}
{'eval_loss': 1.1171875, 'eval_runtime': 36.494, 'eval_samples_per_second': 268.949, 'eval_steps_per_second': 33.622, 'epoch': 0.41}
{'loss': 1.3829, 'learning_rate': 1e-06, 'epoch': 0.43}
{'eval_loss': 1.1083984375, 'eval_runtime': 36.5073, 'eval_samples_per_second': 268.85, 'eval_steps_per_second': 33.61, 'epoch': 0.43}
{'loss': 1.4091, 'learning_rate': 1e-06, 'epoch': 0.45}
{'eval_loss': 1.107421875, 'eval_runtime': 36.4787, 'eval_samples_per_second': 269.061, 'eval_steps_per_second': 33.636, 'epoch': 0.45}
{'loss': 1.3825, 'learning_rate': 1e-06, 'epoch': 0.47}
{'eval_loss': 1.1064453125, 'eval_runtime': 36.3962, 'eval_samples_per_second': 269.671, 'eval_steps_per_second': 33.712, 'epoch': 0.47}
{'loss': 1.3742, 'learning_rate': 1e-06, 'epoch': 0.49}
{'eval_loss': 1.1083984375, 'eval_runtime': 36.382, 'eval_samples_per_second': 269.776, 'eval_steps_per_second': 33.725, 'epoch': 0.49}
{'loss': 1.3622, 'learning_rate': 1e-06, 'epoch': 0.51}
{'eval_loss': 1.1162109375, 'eval_runtime': 36.4738, 'eval_samples_per_second': 269.097, 'eval_steps_per_second': 33.641, 'epoch': 0.51}
{'loss': 1.38, 'learning_rate': 1e-06, 'epoch': 0.53}
{'eval_loss': 1.107421875, 'eval_runtime': 36.65, 'eval_samples_per_second': 267.803, 'eval_steps_per_second': 33.479, 'epoch': 0.53}
{'loss': 1.3636, 'learning_rate': 1e-06, 'epoch': 0.55}
{'eval_loss': 1.099609375, 'eval_runtime': 36.5221, 'eval_samples_per_second': 268.741, 'eval_steps_per_second': 33.596, 'epoch': 0.55}
{'loss': 1.3924, 'learning_rate': 1e-06, 'epoch': 0.57}
{'eval_loss': 1.099609375, 'eval_runtime': 36.4917, 'eval_samples_per_second': 268.965, 'eval_steps_per_second': 33.624, 'epoch': 0.57}
