[nan-guard] command=python /scratch/jy03364/MeZO_/large_models/run.py --model_name opt-1.3b --task_name MNLI --output_dir /scratch/jy03364/MeZO_/experiments/h_sweep_14h/results/quzo16/opt-1.3b/mnli/h_3e-7/seed_42 --overwrite_output_dir --tag hsweep14h-quzo16-mnli-h3e-7-seed42 --dataset_mode full --num_k 16 --data_seed 42 --train_set_seed 42 --num_dev 0 --trainer zo --load_float16 --zo_quantization_bits 16 --train_as_classification --learning_rate 1e-6 --zo_eps 3e-7 --num_train_epochs 1 --per_device_train_batch_size 16 --gradient_accumulation_steps 1 --lr_scheduler_type constant --evaluation_strategy steps --save_strategy no --eval_steps 5000 --logging_steps 10 --zo_probe_every 200 --zo_probe_num_seeds 16 --zo_probe_log_csv
[nan-guard] cwd=/scratch/jy03364/MeZO_/experiments/h_sweep_14h max_consecutive_nan=100
OurArguments(
_n_gpu=1,
adafactor=False,
adam_beta1=0.9,
adam_beta2=0.999,
adam_epsilon=1e-08,
auto_find_batch_size=False,
bf16=False,
bf16_full_eval=False,
data_seed=42,
dataloader_drop_last=False,
dataloader_num_workers=0,
dataloader_pin_memory=True,
dataset_mode=full,
ddp_backend=None,
ddp_broadcast_buffers=None,
ddp_bucket_cap_mb=None,
ddp_find_unused_parameters=None,
ddp_timeout=1800,
debug=[],
deepspeed=None,
disable_tqdm=False,
dispatch_batches=None,
do_eval=True,
do_predict=False,
do_train=False,
eos_token=<EOS_TOKEN>,
eval_accumulation_steps=None,
eval_delay=0,
eval_steps=5000,
evaluation_strategy=steps,
fp16=False,
fp16_backend=auto,
fp16_full_eval=False,
fp16_opt_level=O1,
fsdp=[],
fsdp_config={'min_num_params': 0, 'xla': False, 'xla_fsdp_grad_ckpt': False},
fsdp_min_num_params=0,
fsdp_transformer_layer_cls_to_wrap=None,
full_determinism=False,
full_dev_ratio=0.1,
gradient_accumulation_steps=1,
gradient_checkpointing=False,
gradient_checkpointing_kwargs=None,
greater_is_better=None,
group_by_length=False,
half_precision_backend=auto,
head_tuning=False,
hub_always_push=False,
hub_model_id=None,
hub_private_repo=False,
hub_strategy=every_save,
hub_token=<HUB_TOKEN>,
icl_sfc=False,
ignore_data_skip=False,
include_inputs_for_metrics=False,
include_tokens_per_second=False,
jit_mode_eval=False,
label_names=None,
label_smoothing_factor=0.0,
learning_rate=1e-06,
length_column_name=length,
linear_probing=False,
load_best_model_at_end=False,
load_bfloat16=False,
load_float16=True,
load_int8=False,
local_rank=0,
log_level=passive,
log_level_replica=warning,
log_on_each_node=True,
logging_dir=/scratch/jy03364/MeZO_/experiments/h_sweep_14h/results/quzo16/opt-1.3b/mnli/h_3e-7/seed_42/runs/Apr16_22-30-05_ra5-4,
logging_first_step=False,
logging_nan_inf_filter=True,
logging_steps=10,
logging_strategy=steps,
lora=False,
lora_alpha=16,
lora_r=8,
lp_early_stopping=False,
lr_scheduler_type=constant,
max_grad_norm=1.0,
max_length=2048,
max_new_tokens=50,
max_steps=-1,
measure_perf_tail=True,
measure_perf_tail_window_steps=10,
metric_for_best_model=None,
model_name=opt-1.3b,
mp_parameters=,
neftune_noise_alpha=None,
no_auto_device=False,
no_cuda=False,
no_eval=False,
no_reparam=True,
non_diff=False,
num_beams=1,
num_dev=0,
num_eval=None,
num_k=16,
num_prefix=5,
num_train=0,
num_train_epochs=1.0,
num_train_sets=None,
only_train_option=True,
optim=adamw_torch,
optim_args=None,
output_dir=/scratch/jy03364/MeZO_/experiments/h_sweep_14h/results/quzo16/opt-1.3b/mnli/h_3e-7/seed_42,
overwrite_output_dir=True,
past_index=-1,
per_device_eval_batch_size=8,
per_device_train_batch_size=16,
prediction_loss_only=False,
prefix_init_by_real_act=True,
prefix_tuning=False,
push_to_hub=False,
push_to_hub_model_id=None,
push_to_hub_organization=None,
push_to_hub_token=<PUSH_TO_HUB_TOKEN>,
ray_scope=last,
remove_unused_columns=True,
report_to=[],
result_file=None,
resume_from_checkpoint=None,
run_name=/scratch/jy03364/MeZO_/experiments/h_sweep_14h/results/quzo16/opt-1.3b/mnli/h_3e-7/seed_42,
sampling=False,
save_model=False,
save_on_each_node=False,
save_on_interrupt=False,
save_safetensors=True,
save_steps=500,
save_strategy=no,
save_total_limit=None,
seed=42,
sfc=False,
skip_memory_metrics=True,
sparse_log_active_fraction=True,
sparse_mask_strategy=percentile_per_layer,
sparse_ratio=1.0,
sparse_scope=trainable_only,
split_batches=False,
tag=hsweep14h-quzo16-mnli-h3e-7-seed42,
task_name=MNLI,
temperature=1.0,
tf32=None,
top_k=None,
top_p=0.95,
torch_compile=False,
torch_compile_backend=None,
torch_compile_mode=None,
torchdynamo=None,
tpu_metrics_debug=False,
tpu_num_cores=None,
train_as_classification=True,
train_set_seed=42,
trainer=zo,
untie_emb=False,
use_cpu=False,
use_ipex=False,
use_legacy_prediction_loop=False,
use_mps_device=False,
use_torchao_float8=False,
verbose=False,
warmup_ratio=0.0,
warmup_steps=0,
weight_decay=0.0,
zo_eps=3e-07,
zo_probe_every=200,
zo_probe_log_csv=True,
zo_probe_num_seeds=16,
zo_quantization=None,
zo_quantization_bits=16,
)
{'loss': 1.3942, 'learning_rate': 1e-06, 'epoch': 0.02}
{'eval_loss': nan, 'eval_runtime': 36.0733, 'eval_samples_per_second': 272.085, 'eval_steps_per_second': 34.014, 'epoch': 0.02}
{'loss': 0.0, 'learning_rate': 1e-06, 'epoch': 0.04}
{'eval_loss': nan, 'eval_runtime': 35.9563, 'eval_samples_per_second': 272.97, 'eval_steps_per_second': 34.125, 'epoch': 0.04}
{'loss': 0.0, 'learning_rate': 1e-06, 'epoch': 0.06}
{'eval_loss': nan, 'eval_runtime': 35.9415, 'eval_samples_per_second': 273.083, 'eval_steps_per_second': 34.139, 'epoch': 0.06}
{'loss': 0.0, 'learning_rate': 1e-06, 'epoch': 0.08}
{'eval_loss': nan, 'eval_runtime': 35.8265, 'eval_samples_per_second': 273.959, 'eval_steps_per_second': 34.248, 'epoch': 0.08}
{'loss': 0.0, 'learning_rate': 1e-06, 'epoch': 0.1}
{'eval_loss': nan, 'eval_runtime': 36.1068, 'eval_samples_per_second': 271.832, 'eval_steps_per_second': 33.983, 'epoch': 0.1}
{'loss': 0.0, 'learning_rate': 1e-06, 'epoch': 0.12}
{'eval_loss': nan, 'eval_runtime': 36.0029, 'eval_samples_per_second': 272.617, 'eval_steps_per_second': 34.081, 'epoch': 0.12}
{'loss': 0.0, 'learning_rate': 1e-06, 'epoch': 0.14}
{'eval_loss': nan, 'eval_runtime': 35.8546, 'eval_samples_per_second': 273.744, 'eval_steps_per_second': 34.222, 'epoch': 0.14}
{'loss': 0.0, 'learning_rate': 1e-06, 'epoch': 0.16}
{'eval_loss': nan, 'eval_runtime': 36.019, 'eval_samples_per_second': 272.495, 'eval_steps_per_second': 34.065, 'epoch': 0.16}
{'loss': 0.0, 'learning_rate': 1e-06, 'epoch': 0.18}
{'eval_loss': nan, 'eval_runtime': 35.852, 'eval_samples_per_second': 273.765, 'eval_steps_per_second': 34.224, 'epoch': 0.18}
{'loss': 0.0, 'learning_rate': 1e-06, 'epoch': 0.2}
{'eval_loss': nan, 'eval_runtime': 35.8478, 'eval_samples_per_second': 273.796, 'eval_steps_per_second': 34.228, 'epoch': 0.2}
{'loss': 0.0, 'learning_rate': 1e-06, 'epoch': 0.22}
{'eval_loss': nan, 'eval_runtime': 35.9324, 'eval_samples_per_second': 273.152, 'eval_steps_per_second': 34.147, 'epoch': 0.22}
{'loss': 0.0, 'learning_rate': 1e-06, 'epoch': 0.24}
{'eval_loss': nan, 'eval_runtime': 35.9196, 'eval_samples_per_second': 273.249, 'eval_steps_per_second': 34.16, 'epoch': 0.24}
{'loss': 0.0, 'learning_rate': 1e-06, 'epoch': 0.26}
{'eval_loss': nan, 'eval_runtime': 35.9972, 'eval_samples_per_second': 272.66, 'eval_steps_per_second': 34.086, 'epoch': 0.26}
{'loss': 0.0, 'learning_rate': 1e-06, 'epoch': 0.29}
{'eval_loss': nan, 'eval_runtime': 36.012, 'eval_samples_per_second': 272.548, 'eval_steps_per_second': 34.072, 'epoch': 0.29}
{'loss': 0.0, 'learning_rate': 1e-06, 'epoch': 0.31}
{'eval_loss': nan, 'eval_runtime': 35.9116, 'eval_samples_per_second': 273.31, 'eval_steps_per_second': 34.167, 'epoch': 0.31}
{'loss': 0.0, 'learning_rate': 1e-06, 'epoch': 0.33}
{'eval_loss': nan, 'eval_runtime': 35.912, 'eval_samples_per_second': 273.307, 'eval_steps_per_second': 34.167, 'epoch': 0.33}
{'loss': 0.0, 'learning_rate': 1e-06, 'epoch': 0.35}
{'eval_loss': nan, 'eval_runtime': 35.9653, 'eval_samples_per_second': 272.902, 'eval_steps_per_second': 34.116, 'epoch': 0.35}
{'loss': 0.0, 'learning_rate': 1e-06, 'epoch': 0.37}
{'eval_loss': nan, 'eval_runtime': 35.8484, 'eval_samples_per_second': 273.792, 'eval_steps_per_second': 34.227, 'epoch': 0.37}
{'loss': 0.0, 'learning_rate': 1e-06, 'epoch': 0.39}
{'eval_loss': nan, 'eval_runtime': 35.9082, 'eval_samples_per_second': 273.336, 'eval_steps_per_second': 34.17, 'epoch': 0.39}
{'loss': 0.0, 'learning_rate': 1e-06, 'epoch': 0.41}
{'eval_loss': nan, 'eval_runtime': 35.9613, 'eval_samples_per_second': 272.933, 'eval_steps_per_second': 34.12, 'epoch': 0.41}
{'loss': 0.0, 'learning_rate': 1e-06, 'epoch': 0.43}
{'eval_loss': nan, 'eval_runtime': 35.8793, 'eval_samples_per_second': 273.556, 'eval_steps_per_second': 34.198, 'epoch': 0.43}
{'loss': 0.0, 'learning_rate': 1e-06, 'epoch': 0.45}
{'eval_loss': nan, 'eval_runtime': 35.8549, 'eval_samples_per_second': 273.742, 'eval_steps_per_second': 34.221, 'epoch': 0.45}
{'loss': 0.0, 'learning_rate': 1e-06, 'epoch': 0.47}
{'eval_loss': nan, 'eval_runtime': 35.9078, 'eval_samples_per_second': 273.339, 'eval_steps_per_second': 34.171, 'epoch': 0.47}
{'loss': 0.0, 'learning_rate': 1e-06, 'epoch': 0.49}
{'eval_loss': nan, 'eval_runtime': 35.9955, 'eval_samples_per_second': 272.673, 'eval_steps_per_second': 34.088, 'epoch': 0.49}
{'loss': 0.0, 'learning_rate': 1e-06, 'epoch': 0.51}
{'eval_loss': nan, 'eval_runtime': 35.8927, 'eval_samples_per_second': 273.454, 'eval_steps_per_second': 34.185, 'epoch': 0.51}
{'loss': 0.0, 'learning_rate': 1e-06, 'epoch': 0.53}
{'eval_loss': nan, 'eval_runtime': 35.9374, 'eval_samples_per_second': 273.114, 'eval_steps_per_second': 34.143, 'epoch': 0.53}
{'loss': 0.0, 'learning_rate': 1e-06, 'epoch': 0.55}
{'eval_loss': nan, 'eval_runtime': 35.8556, 'eval_samples_per_second': 273.737, 'eval_steps_per_second': 34.221, 'epoch': 0.55}
{'loss': 0.0, 'learning_rate': 1e-06, 'epoch': 0.57}
{'eval_loss': nan, 'eval_runtime': 36.0841, 'eval_samples_per_second': 272.003, 'eval_steps_per_second': 34.004, 'epoch': 0.57}
{'loss': 0.0, 'learning_rate': 1e-06, 'epoch': 0.59}
{'eval_loss': nan, 'eval_runtime': 35.917, 'eval_samples_per_second': 273.269, 'eval_steps_per_second': 34.162, 'epoch': 0.59}
{'loss': 0.0, 'learning_rate': 1e-06, 'epoch': 0.61}
{'eval_loss': nan, 'eval_runtime': 35.9284, 'eval_samples_per_second': 273.182, 'eval_steps_per_second': 34.151, 'epoch': 0.61}
{'loss': 0.0, 'learning_rate': 1e-06, 'epoch': 0.63}
{'eval_loss': nan, 'eval_runtime': 35.9526, 'eval_samples_per_second': 272.998, 'eval_steps_per_second': 34.128, 'epoch': 0.63}
{'loss': 0.0, 'learning_rate': 1e-06, 'epoch': 0.65}
{'eval_loss': nan, 'eval_runtime': 35.7983, 'eval_samples_per_second': 274.175, 'eval_steps_per_second': 34.275, 'epoch': 0.65}
{'loss': 0.0, 'learning_rate': 1e-06, 'epoch': 0.67}
{'eval_loss': nan, 'eval_runtime': 36.0459, 'eval_samples_per_second': 272.292, 'eval_steps_per_second': 34.04, 'epoch': 0.67}
{'loss': 0.0, 'learning_rate': 1e-06, 'epoch': 0.69}
{'eval_loss': nan, 'eval_runtime': 35.9203, 'eval_samples_per_second': 273.244, 'eval_steps_per_second': 34.159, 'epoch': 0.69}
{'loss': 0.0, 'learning_rate': 1e-06, 'epoch': 0.71}
{'eval_loss': nan, 'eval_runtime': 35.8573, 'eval_samples_per_second': 273.724, 'eval_steps_per_second': 34.219, 'epoch': 0.71}
{'loss': 0.0, 'learning_rate': 1e-06, 'epoch': 0.73}
{'eval_loss': nan, 'eval_runtime': 35.9689, 'eval_samples_per_second': 272.875, 'eval_steps_per_second': 34.113, 'epoch': 0.73}
{'loss': 0.0, 'learning_rate': 1e-06, 'epoch': 0.75}
{'eval_loss': nan, 'eval_runtime': 35.8668, 'eval_samples_per_second': 273.651, 'eval_steps_per_second': 34.21, 'epoch': 0.75}
{'loss': 0.0, 'learning_rate': 1e-06, 'epoch': 0.77}
{'eval_loss': nan, 'eval_runtime': 35.8818, 'eval_samples_per_second': 273.537, 'eval_steps_per_second': 34.196, 'epoch': 0.77}
{'loss': 0.0, 'learning_rate': 1e-06, 'epoch': 0.79}
{'eval_loss': nan, 'eval_runtime': 35.9553, 'eval_samples_per_second': 272.978, 'eval_steps_per_second': 34.126, 'epoch': 0.79}
{'loss': 0.0, 'learning_rate': 1e-06, 'epoch': 0.81}
{'eval_loss': nan, 'eval_runtime': 35.964, 'eval_samples_per_second': 272.912, 'eval_steps_per_second': 34.117, 'epoch': 0.81}
{'loss': 0.0, 'learning_rate': 1e-06, 'epoch': 0.84}
{'eval_loss': nan, 'eval_runtime': 35.9013, 'eval_samples_per_second': 273.389, 'eval_steps_per_second': 34.177, 'epoch': 0.84}
{'loss': 0.0, 'learning_rate': 1e-06, 'epoch': 0.86}
{'eval_loss': nan, 'eval_runtime': 35.9799, 'eval_samples_per_second': 272.791, 'eval_steps_per_second': 34.102, 'epoch': 0.86}
{'loss': 0.0, 'learning_rate': 1e-06, 'epoch': 0.88}
{'eval_loss': nan, 'eval_runtime': 35.8906, 'eval_samples_per_second': 273.47, 'eval_steps_per_second': 34.187, 'epoch': 0.88}
{'loss': 0.0, 'learning_rate': 1e-06, 'epoch': 0.9}
{'eval_loss': nan, 'eval_runtime': 35.8912, 'eval_samples_per_second': 273.465, 'eval_steps_per_second': 34.187, 'epoch': 0.9}
{'loss': 0.0, 'learning_rate': 1e-06, 'epoch': 0.92}
{'eval_loss': nan, 'eval_runtime': 35.9126, 'eval_samples_per_second': 273.303, 'eval_steps_per_second': 34.166, 'epoch': 0.92}
{'loss': 0.0, 'learning_rate': 1e-06, 'epoch': 0.94}
{'eval_loss': nan, 'eval_runtime': 36.0019, 'eval_samples_per_second': 272.625, 'eval_steps_per_second': 34.082, 'epoch': 0.94}
{'loss': 0.0, 'learning_rate': 1e-06, 'epoch': 0.96}
{'eval_loss': nan, 'eval_runtime': 35.9544, 'eval_samples_per_second': 272.985, 'eval_steps_per_second': 34.127, 'epoch': 0.96}
{'loss': 0.0, 'learning_rate': 1e-06, 'epoch': 0.98}
{'eval_loss': nan, 'eval_runtime': 35.9749, 'eval_samples_per_second': 272.829, 'eval_steps_per_second': 34.107, 'epoch': 0.98}
{'loss': 0.0, 'learning_rate': 1e-06, 'epoch': 1.0}
{'eval_loss': nan, 'eval_runtime': 35.919, 'eval_samples_per_second': 273.254, 'eval_steps_per_second': 34.16, 'epoch': 1.0}
{'train_runtime': 17951.6262, 'train_samples_per_second': 21.876, 'train_steps_per_second': 1.367, 'train_loss': 0.02840219420590954, 'tail_perf_window_steps': 10, 'tail_perf_measured_steps': 10, 'tail_perf_wallclock_per_step': 0.1453571319580078, 'tail_perf_samples_per_second': 110.07371832723169, 'tail_perf_max_gpu_memory_gb': 6.602973937988281, 'epoch': 1.0}
[nan-guard] child exited with code 0.
