[nan-guard] command=bash /scratch/jy03364/MeZO_/medium_models/mezo.sh --result_root /scratch/jy03364/MeZO_/experiments/h_sweep_14h/results/quzo16/roberta-large/sst5/h_3e-8 --job_name run_quzo16 --dataset_mode full --zo_two_point_precision fp16 --zo_quantization_bits 16 --zo_probe_every 200 --zo_probe_num_seeds 16 --zo_probe_log_csv True
[nan-guard] cwd=/scratch/jy03364/MeZO_/medium_models max_consecutive_nan=100
TASK: sst-5
K: 16
Seed: 16
Data seed: 16
Dataset mode: full
Full dev ratio: 0.1
BS: 32
LR: 1e-6
EPS: 3e-8
Step: 50000; Eval step: 5000
Optimizer: sgd
Use trainer optimizer for ZO: False
Efficient zero order: True
Using adaptive h: False
Dataloader shuffle: False
Grid search tag: seed16-bs32-lr1e-6-eps3e-8-wd0-step50000-evalstep5000
Tag: k16-roberta-large-mezo-hsweep14h-quzo16-sst5-fp16-h3e-8
Result root: /scratch/jy03364/MeZO_/experiments/h_sweep_14h/results/quzo16/roberta-large/sst5/h_3e-8
Job name: run_quzo16
Output dir: /scratch/jy03364/MeZO_/experiments/h_sweep_14h/results/quzo16/roberta-large/sst5/h_3e-8/run_quzo16/seed16
Dataset mode: full
Data root: data/k-shot-1k-test
Full dev ratio: 0.1
GPU数量: 1
RobertaConfig {
  "architectures": [
    "RobertaForMaskedLM"
  ],
  "attention_probs_dropout_prob": 0.1,
  "bos_token_id": 0,
  "classifier_dropout": null,
  "dtype": "float32",
  "eos_token_id": 2,
  "finetuning_task": "sst-5",
  "hidden_act": "gelu",
  "hidden_dropout_prob": 0.1,
  "hidden_size": 1024,
  "id2label": {
    "0": "LABEL_0",
    "1": "LABEL_1",
    "2": "LABEL_2",
    "3": "LABEL_3",
    "4": "LABEL_4"
  },
  "initializer_range": 0.02,
  "intermediate_size": 4096,
  "label2id": {
    "LABEL_0": 0,
    "LABEL_1": 1,
    "LABEL_2": 2,
    "LABEL_3": 3,
    "LABEL_4": 4
  },
  "layer_norm_eps": 1e-05,
  "max_position_embeddings": 514,
  "model_type": "roberta",
  "num_attention_heads": 16,
  "num_hidden_layers": 24,
  "pad_token_id": 1,
  "position_embedding_type": "absolute",
  "transformers_version": "4.56.0",
  "type_vocab_size": 1,
  "use_cache": true,
  "vocab_size": 50265
}

[nan-guard] terminated child after 100 consecutive NaN tokens.
