[nan-guard] command=python /scratch/jy03364/MeZO_/large_models/run.py --model_name opt-1.3b --task_name SST5 --output_dir /scratch/jy03364/MeZO_/experiments/h_sweep_14h/results/smoke3/quzo8/opt-1.3b/sst5 --overwrite_output_dir --tag smoke3-quzo8-opt13b-sst5 --dataset_mode full --num_k 16 --num_eval 16 --data_seed 42 --train_set_seed 42 --trainer zo --load_float16 --zo_quantization_bits 8 --train_as_classification --learning_rate 1e-6 --zo_eps 1e-8 --num_train_epochs 1 --per_device_train_batch_size 8 --gradient_accumulation_steps 1 --lr_scheduler_type constant --evaluation_strategy steps --save_strategy steps --eval_steps 2 --save_steps 2 --save_total_limit 1 --load_best_model_at_end --logging_steps 1 --zo_probe_every 1 --zo_probe_num_seeds 2 --zo_probe_log_csv
[nan-guard] cwd=/scratch/jy03364/MeZO_/experiments/h_sweep_14h max_consecutive_nan=100
/home/jy03364/miniconda3/envs/mezo-env/lib/python3.10/site-packages/transformers/utils/generic.py:441: FutureWarning: `torch.utils._pytree._register_pytree_node` is deprecated. Please use `torch.utils._pytree.register_pytree_node` instead.
  _torch_pytree._register_pytree_node(
/home/jy03364/miniconda3/envs/mezo-env/lib/python3.10/site-packages/transformers/utils/generic.py:309: FutureWarning: `torch.utils._pytree._register_pytree_node` is deprecated. Please use `torch.utils._pytree.register_pytree_node` instead.
  _torch_pytree._register_pytree_node(
/home/jy03364/miniconda3/envs/mezo-env/lib/python3.10/site-packages/transformers/utils/generic.py:309: FutureWarning: `torch.utils._pytree._register_pytree_node` is deprecated. Please use `torch.utils._pytree.register_pytree_node` instead.
  _torch_pytree._register_pytree_node(
/home/jy03364/miniconda3/envs/mezo-env/lib/python3.10/site-packages/transformers/deepspeed.py:23: FutureWarning: transformers.deepspeed module is deprecated and will be removed in a future version. Please import deepspeed modules directly from transformers.integrations
  warnings.warn(
2026-04-11 13:19:25,923 - INFO - [model] requested=opt-1.3b resolved=facebook/opt-1.3b family_hint=opt
2026-04-11 13:19:25,923 - INFO - [data] task_name=SST5 dataset_mode=full num_k=16 data_seed=42 full_dev_ratio=0.1
Repo card metadata block was not found. Setting CardData to empty.
2026-04-11 13:19:26,235 - WARNING - Repo card metadata block was not found. Setting CardData to empty.
2026-04-11 13:19:26,924 - INFO - Loading model with FP16...
/home/jy03364/miniconda3/envs/mezo-env/lib/python3.10/site-packages/huggingface_hub/file_download.py:942: FutureWarning: `resume_download` is deprecated and will be removed in version 1.0.0. Downloads always resume when possible. If you want to force a new download, use `force_download=True`.
  warnings.warn(
2026-04-11 13:19:26,968 - INFO - [model] disabling auto device placement for training; Trainer/Accelerate will place the model
/home/jy03364/miniconda3/envs/mezo-env/lib/python3.10/site-packages/transformers/modeling_utils.py:484: FutureWarning: You are using `torch.load` with `weights_only=False` (the current default value), which uses the default pickle module implicitly. It is possible to construct malicious pickle data which will execute arbitrary code during unpickling (See https://github.com/pytorch/pytorch/blob/main/SECURITY.md#untrusted-models for more details). In a future release, the default value for `weights_only` will be flipped to `True`. This limits the functions that could be executed during unpickling. Arbitrary objects will no longer be allowed to be loaded via this mode unless they are explicitly allowlisted by the user via `torch.serialization.add_safe_globals`. We recommend you start setting `weights_only=True` for any use case where you don't have full control of the loaded file. Please open an issue on GitHub for any issues related to this experimental feature.
  return torch.load(checkpoint_file, map_location=map_location)
2026-04-11 13:19:36,341 - INFO - Done with 9.42s
2026-04-11 13:19:44,822 - INFO - [quzo-config] quantized model parameters in-place at 8 bits before ZO training
2026-04-11 13:19:44,825 - INFO - Preparing training/evaluation datasets...
2026-04-11 13:19:44,825 - INFO - Done with 0.00s
2026-04-11 13:19:45,258 - INFO - ***** Running training *****
2026-04-11 13:19:45,258 - INFO -   Num examples = 7690
2026-04-11 13:19:45,258 - INFO -   Num Epochs = 1
2026-04-11 13:19:45,258 - INFO -   Instantaneous batch size per device = 8
2026-04-11 13:19:45,258 - INFO -   Total train batch size (w. parallel, distributed & accumulation) = 8
2026-04-11 13:19:45,258 - INFO -   Gradient Accumulation steps = 1
2026-04-11 13:19:45,258 - INFO -   Total optimization steps = 962
2026-04-11 13:19:45,258 - INFO -   Number of trainable parameters = 1315758080

  0%|          | 0/962 [00:00<?, ?it/s]
  0%|          | 1/962 [00:02<39:15,  2.45s/it]
  0%|          | 2/962 [00:04<32:59,  2.06s/it]
  0%|          | 3/962 [00:06<30:53,  1.93s/it]
  0%|          | 4/962 [00:07<29:53,  1.87s/it]
  1%|          | 5/962 [00:09<29:24,  1.84s/it]
  1%|          | 6/962 [00:11<29:04,  1.83s/it]
  1%|          | 7/962 [00:13<28:48,  1.81s/it]
  1%|          | 8/962 [00:14<28:38,  1.80s/it]
  1%|          | 9/962 [00:16<28:30,  1.79s/it]
  1%|          | 10/962 [00:18<28:24,  1.79s/it]
  1%|          | 11/962 [00:20<28:20,  1.79s/it]
  1%|          | 12/962 [00:22<28:15,  1.78s/it]
  1%|▏         | 13/962 [00:23<28:13,  1.78s/it]
  1%|▏         | 14/962 [00:25<28:11,  1.78s/it]
  2%|▏         | 15/962 [00:27<28:09,  1.78s/it]
  2%|▏         | 16/962 [00:29<28:05,  1.78s/it]
  2%|▏         | 17/962 [00:30<28:03,  1.78s/it]
  2%|▏         | 18/962 [00:32<28:01,  1.78s/it]
  2%|▏         | 19/962 [00:34<28:01,  1.78s/it]
  2%|▏         | 20/962 [00:36<28:01,  1.78s/it]
  2%|▏         | 21/962 [00:38<27:58,  1.78s/it]
  2%|▏         | 22/962 [00:39<27:57,  1.78s/it]
  2%|▏         | 23/962 [00:41<27:56,  1.79s/it]
  2%|▏         | 24/962 [00:43<27:53,  1.78s/it]
  3%|▎         | 25/962 [00:45<27:51,  1.78s/it]
  3%|▎         | 26/962 [00:47<27:48,  1.78s/it]
  3%|▎         | 27/962 [00:48<27:44,  1.78s/it]
  3%|▎         | 28/962 [00:50<27:42,  1.78s/it]
  3%|▎         | 29/962 [00:52<27:42,  1.78s/it]
  3%|▎         | 30/962 [00:54<27:37,  1.78s/it]
  3%|▎         | 31/962 [00:55<27:38,  1.78s/it]
  3%|▎         | 32/962 [00:57<27:35,  1.78s/it]
  3%|▎         | 33/962 [00:59<27:31,  1.78s/it]
  4%|▎         | 34/962 [01:01<27:29,  1.78s/it]
  4%|▎         | 35/962 [01:03<27:28,  1.78s/it]
  4%|▎         | 36/962 [01:04<27:29,  1.78s/it]
  4%|▍         | 37/962 [01:06<27:28,  1.78s/it]
