initial eval {'eval_acc': 0.5630733944954128, 'eval_loss': 1.016056354867867, 'eval_examples': 872}
sst-2_fp16_h0.0001_seed16 step=1 loss+=1.00129 loss-=1.01698 dh=-78.4842 sec=1.426
sst-2_fp16_h0.0001_seed16 step=25 loss+=1.27264 loss-=1.26096 dh=58.3984 sec=1.497
sst-2_fp16_h0.0001_seed16 step=50 loss+=0.594822 loss-=0.593016 dh=9.03379 sec=1.374
sst-2_fp16_h0.0001_seed16 step=75 loss+=1.23937 loss-=1.24683 dh=-37.2846 sec=1.499
sst-2_fp16_h0.0001_seed16 step=100 loss+=0.876597 loss-=0.857082 dh=97.5785 sec=1.471
sst-2_fp16_h0.0001_seed16 step=125 loss+=1.21572 loss-=1.22749 dh=-58.8373 sec=1.461
sst-2_fp16_h0.0001_seed16 step=150 loss+=0.885589 loss-=0.884388 dh=6.00328 sec=1.500
sst-2_fp16_h0.0001_seed16 step=175 loss+=0.714506 loss-=0.69126 dh=116.229 sec=1.471
sst-2_fp16_h0.0001_seed16 step=200 loss+=0.79822 loss-=0.814179 dh=-79.7941 sec=1.460
sst-2_fp16_h0.0001_seed16 step=225 loss+=0.826669 loss-=0.841428 dh=-73.7946 sec=1.376
sst-2_fp16_h0.0001_seed16 step=250 loss+=0.988357 loss-=0.986516 dh=9.20634 sec=1.460
sst-2_fp16_h0.0001_seed16 step=275 loss+=1.03367 loss-=1.03569 dh=-10.1019 sec=1.460
sst-2_fp16_h0.0001_seed16 step=300 loss+=0.692755 loss-=0.709703 dh=-84.7446 sec=1.376
sst-2_fp16_h0.0001_seed16 step=325 loss+=0.804378 loss-=0.797982 dh=31.9805 sec=1.458
sst-2_fp16_h0.0001_seed16 step=350 loss+=0.747951 loss-=0.755181 dh=-36.1459 sec=1.498
sst-2_fp16_h0.0001_seed16 step=375 loss+=0.648158 loss-=0.661902 dh=-68.7177 sec=1.460
sst-2_fp16_h0.0001_seed16 step=400 loss+=0.869318 loss-=0.876446 dh=-35.6402 sec=1.502
sst-2_fp16_h0.0001_seed16 step=425 loss+=0.983943 loss-=0.960801 dh=115.709 sec=1.502
sst-2_fp16_h0.0001_seed16 step=450 loss+=0.559268 loss-=0.567279 dh=-40.0569 sec=1.376
sst-2_fp16_h0.0001_seed16 step=475 loss+=0.614038 loss-=0.612624 dh=7.06873 sec=1.500
sst-2_fp16_h0.0001_seed16 step=500 loss+=1.1741 loss-=1.16364 dh=52.2982 sec=1.462
eval step=500 {'eval_acc': 0.6295871559633027, 'eval_loss': 0.7083868894858474, 'eval_examples': 872}
sst-2_fp16_h0.0001_seed16 step=525 loss+=0.546251 loss-=0.536185 dh=50.3279 sec=1.363
sst-2_fp16_h0.0001_seed16 step=550 loss+=0.558743 loss-=0.550019 dh=43.6209 sec=1.500
sst-2_fp16_h0.0001_seed16 step=575 loss+=0.532628 loss-=0.546196 dh=-67.8377 sec=1.503
sst-2_fp16_h0.0001_seed16 step=600 loss+=0.950043 loss-=0.936362 dh=68.4046 sec=1.460
sst-2_fp16_h0.0001_seed16 step=625 loss+=0.644024 loss-=0.651807 dh=-38.9168 sec=1.375
sst-2_fp16_h0.0001_seed16 step=650 loss+=0.812866 loss-=0.789203 dh=118.317 sec=1.376
sst-2_fp16_h0.0001_seed16 step=675 loss+=0.640725 loss-=0.654909 dh=-70.9182 sec=1.374
sst-2_fp16_h0.0001_seed16 step=700 loss+=0.372142 loss-=0.375732 dh=-17.9473 sec=1.363
sst-2_fp16_h0.0001_seed16 step=725 loss+=0.403973 loss-=0.406493 dh=-12.6002 sec=1.500
sst-2_fp16_h0.0001_seed16 step=750 loss+=0.548247 loss-=0.556125 dh=-39.391 sec=1.502
sst-2_fp16_h0.0001_seed16 step=775 loss+=0.396748 loss-=0.395463 dh=6.42326 sec=1.501
sst-2_fp16_h0.0001_seed16 step=800 loss+=0.608969 loss-=0.601522 dh=37.2379 sec=1.501
sst-2_fp16_h0.0001_seed16 step=825 loss+=0.502279 loss-=0.498464 dh=19.0732 sec=1.501
sst-2_fp16_h0.0001_seed16 step=850 loss+=0.465949 loss-=0.476299 dh=-51.7494 sec=1.376
sst-2_fp16_h0.0001_seed16 step=875 loss+=0.709157 loss-=0.704746 dh=22.0562 sec=1.458
sst-2_fp16_h0.0001_seed16 step=900 loss+=0.351697 loss-=0.346009 dh=28.4406 sec=1.500
sst-2_fp16_h0.0001_seed16 step=925 loss+=0.269436 loss-=0.270723 dh=-6.43568 sec=1.502
sst-2_fp16_h0.0001_seed16 step=950 loss+=0.372889 loss-=0.35593 dh=84.7952 sec=1.460
sst-2_fp16_h0.0001_seed16 step=975 loss+=0.63535 loss-=0.643159 dh=-39.0452 sec=1.502
sst-2_fp16_h0.0001_seed16 step=1000 loss+=0.441256 loss-=0.436004 dh=26.2632 sec=1.376
eval step=1000 {'eval_acc': 0.7247706422018348, 'eval_loss': 0.5149571534733228, 'eval_examples': 872}
sst-2_fp16_h0.0001_seed16 step=1025 loss+=0.622553 loss-=0.627186 dh=-23.1634 sec=1.500
sst-2_fp16_h0.0001_seed16 step=1050 loss+=0.561987 loss-=0.543417 dh=92.8528 sec=1.501
sst-2_fp16_h0.0001_seed16 step=1075 loss+=0.54558 loss-=0.546288 dh=-3.538 sec=1.376
sst-2_fp16_h0.0001_seed16 step=1100 loss+=0.649792 loss-=0.652497 dh=-13.5263 sec=1.503
sst-2_fp16_h0.0001_seed16 step=1125 loss+=0.71332 loss-=0.70363 dh=48.45 sec=1.501
sst-2_fp16_h0.0001_seed16 step=1150 loss+=0.409264 loss-=0.409383 dh=-0.593974 sec=1.473
sst-2_fp16_h0.0001_seed16 step=1175 loss+=0.277913 loss-=0.281443 dh=-17.6522 sec=1.501
sst-2_fp16_h0.0001_seed16 step=1200 loss+=0.433581 loss-=0.437462 dh=-19.4026 sec=1.502
sst-2_fp16_h0.0001_seed16 step=1225 loss+=0.403184 loss-=0.405831 dh=-13.2348 sec=1.500
sst-2_fp16_h0.0001_seed16 step=1250 loss+=0.430044 loss-=0.426703 dh=16.7075 sec=1.460
sst-2_fp16_h0.0001_seed16 step=1275 loss+=0.565431 loss-=0.556703 dh=43.6416 sec=1.502
sst-2_fp16_h0.0001_seed16 step=1300 loss+=0.493209 loss-=0.489525 dh=18.4182 sec=1.376
sst-2_fp16_h0.0001_seed16 step=1325 loss+=0.383278 loss-=0.390564 dh=-36.4329 sec=1.364
sst-2_fp16_h0.0001_seed16 step=1350 loss+=0.327156 loss-=0.311868 dh=76.4386 sec=1.377
sst-2_fp16_h0.0001_seed16 step=1375 loss+=0.405376 loss-=0.399947 dh=27.1432 sec=1.502
sst-2_fp16_h0.0001_seed16 step=1400 loss+=0.436058 loss-=0.442054 dh=-29.9822 sec=1.487
sst-2_fp16_h0.0001_seed16 step=1425 loss+=0.491522 loss-=0.485509 dh=30.0641 sec=1.461
sst-2_fp16_h0.0001_seed16 step=1450 loss+=0.539824 loss-=0.559446 dh=-98.1084 sec=1.502
sst-2_fp16_h0.0001_seed16 step=1475 loss+=0.366116 loss-=0.369721 dh=-18.0213 sec=1.475
sst-2_fp16_h0.0001_seed16 step=1500 loss+=0.30179 loss-=0.295115 dh=33.3751 sec=1.460
eval step=1500 {'eval_acc': 0.7844036697247706, 'eval_loss': 0.4285787138874309, 'eval_examples': 872}
sst-2_fp16_h0.0001_seed16 step=1525 loss+=0.477251 loss-=0.476576 dh=3.37634 sec=1.363
sst-2_fp16_h0.0001_seed16 step=1550 loss+=0.733373 loss-=0.727804 dh=27.8476 sec=1.375
sst-2_fp16_h0.0001_seed16 step=1575 loss+=0.509341 loss-=0.505181 dh=20.8008 sec=1.376
sst-2_fp16_h0.0001_seed16 step=1600 loss+=0.534232 loss-=0.531484 dh=13.7429 sec=1.376
sst-2_fp16_h0.0001_seed16 step=1625 loss+=0.591021 loss-=0.58047 dh=52.7571 sec=1.502
sst-2_fp16_h0.0001_seed16 step=1650 loss+=0.449498 loss-=0.421521 dh=139.885 sec=1.501
sst-2_fp16_h0.0001_seed16 step=1675 loss+=0.356973 loss-=0.362112 dh=-25.697 sec=1.502
sst-2_fp16_h0.0001_seed16 step=1700 loss+=0.731298 loss-=0.72455 dh=33.7381 sec=1.376
sst-2_fp16_h0.0001_seed16 step=1725 loss+=0.384916 loss-=0.37446 dh=52.2785 sec=1.375
sst-2_fp16_h0.0001_seed16 step=1750 loss+=0.457705 loss-=0.446866 dh=54.1946 sec=1.376
sst-2_fp16_h0.0001_seed16 step=1775 loss+=0.597173 loss-=0.612255 dh=-75.4101 sec=1.501
sst-2_fp16_h0.0001_seed16 step=1800 loss+=0.20822 loss-=0.202912 dh=26.5363 sec=1.458
sst-2_fp16_h0.0001_seed16 step=1825 loss+=0.426295 loss-=0.43796 dh=-58.3237 sec=1.460
sst-2_fp16_h0.0001_seed16 step=1850 loss+=0.335055 loss-=0.340243 dh=-25.9403 sec=1.501
sst-2_fp16_h0.0001_seed16 step=1875 loss+=0.344239 loss-=0.347646 dh=-17.0378 sec=1.375
sst-2_fp16_h0.0001_seed16 step=1900 loss+=0.409284 loss-=0.411447 dh=-10.8159 sec=1.376
sst-2_fp16_h0.0001_seed16 step=1925 loss+=0.42939 loss-=0.437552 dh=-40.8126 sec=1.459
sst-2_fp16_h0.0001_seed16 step=1950 loss+=0.70407 loss-=0.697004 dh=35.3283 sec=1.460
sst-2_fp16_h0.0001_seed16 step=1975 loss+=0.428732 loss-=0.435362 dh=-33.1491 sec=1.461
sst-2_fp16_h0.0001_seed16 step=2000 loss+=0.870931 loss-=0.848404 dh=112.632 sec=1.501
eval step=2000 {'eval_acc': 0.8256880733944955, 'eval_loss': 0.377364839491255, 'eval_examples': 872}
sst-2_fp16_h0.0001_seed16 step=2025 loss+=0.657246 loss-=0.642662 dh=72.9191 sec=1.502
sst-2_fp16_h0.0001_seed16 step=2050 loss+=0.347581 loss-=0.351831 dh=-21.2478 sec=1.458
sst-2_fp16_h0.0001_seed16 step=2075 loss+=0.290958 loss-=0.30101 dh=-50.2645 sec=1.502
sst-2_fp16_h0.0001_seed16 step=2100 loss+=0.434759 loss-=0.449904 dh=-75.7264 sec=1.459
sst-2_fp16_h0.0001_seed16 step=2125 loss+=0.662294 loss-=0.669396 dh=-35.5126 sec=1.486
sst-2_fp16_h0.0001_seed16 step=2150 loss+=0.499612 loss-=0.50335 dh=-18.689 sec=1.502
sst-2_fp16_h0.0001_seed16 step=2175 loss+=0.350759 loss-=0.351786 dh=-5.13454 sec=1.376
sst-2_fp16_h0.0001_seed16 step=2200 loss+=0.333614 loss-=0.338475 dh=-24.3071 sec=1.376
sst-2_fp16_h0.0001_seed16 step=2225 loss+=0.413532 loss-=0.392483 dh=105.246 sec=1.470
sst-2_fp16_h0.0001_seed16 step=2250 loss+=0.517449 loss-=0.511155 dh=31.4676 sec=1.473
sst-2_fp16_h0.0001_seed16 step=2275 loss+=0.408157 loss-=0.398362 dh=48.9739 sec=1.364
sst-2_fp16_h0.0001_seed16 step=2300 loss+=0.470863 loss-=0.444613 dh=131.25 sec=1.501
sst-2_fp16_h0.0001_seed16 step=2325 loss+=0.26608 loss-=0.27209 dh=-30.0506 sec=1.501
sst-2_fp16_h0.0001_seed16 step=2350 loss+=0.252246 loss-=0.25115 dh=5.47781 sec=1.460
sst-2_fp16_h0.0001_seed16 step=2375 loss+=0.351872 loss-=0.352607 dh=-3.67708 sec=1.377
sst-2_fp16_h0.0001_seed16 step=2400 loss+=0.503196 loss-=0.497008 dh=30.9407 sec=1.376
sst-2_fp16_h0.0001_seed16 step=2425 loss+=0.475708 loss-=0.467633 dh=40.3738 sec=1.459
sst-2_fp16_h0.0001_seed16 step=2450 loss+=0.469936 loss-=0.479084 dh=-45.7406 sec=1.376
sst-2_fp16_h0.0001_seed16 step=2475 loss+=0.3212 loss-=0.318859 dh=11.7075 sec=1.364
sst-2_fp16_h0.0001_seed16 step=2500 loss+=0.48378 loss-=0.484171 dh=-1.95742 sec=1.460
eval step=2500 {'eval_acc': 0.8497706422018348, 'eval_loss': 0.3421392423750132, 'eval_examples': 872}
sst-2_fp16_h0.0001_seed16 step=2525 loss+=0.376639 loss-=0.380586 dh=-19.7372 sec=1.460
sst-2_fp16_h0.0001_seed16 step=2550 loss+=0.788212 loss-=0.810908 dh=-113.48 sec=1.502
sst-2_fp16_h0.0001_seed16 step=2575 loss+=0.34366 loss-=0.356585 dh=-64.6294 sec=1.376
sst-2_fp16_h0.0001_seed16 step=2600 loss+=0.502231 loss-=0.501893 dh=1.6872 sec=1.376
sst-2_fp16_h0.0001_seed16 step=2625 loss+=0.346718 loss-=0.342185 dh=22.6656 sec=1.459
sst-2_fp16_h0.0001_seed16 step=2650 loss+=0.3611 loss-=0.336379 dh=123.603 sec=1.460
sst-2_fp16_h0.0001_seed16 step=2675 loss+=0.320425 loss-=0.325512 dh=-25.4373 sec=1.376
sst-2_fp16_h0.0001_seed16 step=2700 loss+=0.350107 loss-=0.35349 dh=-16.9155 sec=1.471
sst-2_fp16_h0.0001_seed16 step=2725 loss+=0.542995 loss-=0.530699 dh=61.4815 sec=1.473
sst-2_fp16_h0.0001_seed16 step=2750 loss+=0.46768 loss-=0.447656 dh=100.123 sec=1.502
sst-2_fp16_h0.0001_seed16 step=2775 loss+=0.395293 loss-=0.38798 dh=36.565 sec=1.376
sst-2_fp16_h0.0001_seed16 step=2800 loss+=0.396206 loss-=0.394677 dh=7.64587 sec=1.501
sst-2_fp16_h0.0001_seed16 step=2825 loss+=0.31985 loss-=0.323726 dh=-19.3806 sec=1.459
sst-2_fp16_h0.0001_seed16 step=2850 loss+=0.336827 loss-=0.341449 dh=-23.1077 sec=1.364
sst-2_fp16_h0.0001_seed16 step=2875 loss+=0.411246 loss-=0.419479 dh=-41.1649 sec=1.459
sst-2_fp16_h0.0001_seed16 step=2900 loss+=0.26734 loss-=0.275802 dh=-42.3104 sec=1.364
sst-2_fp16_h0.0001_seed16 step=2925 loss+=0.488155 loss-=0.488492 dh=-1.68391 sec=1.460
sst-2_fp16_h0.0001_seed16 step=2950 loss+=0.318123 loss-=0.315166 dh=14.7832 sec=1.502
sst-2_fp16_h0.0001_seed16 step=2975 loss+=0.191091 loss-=0.196246 dh=-25.7754 sec=1.376
sst-2_fp16_h0.0001_seed16 step=3000 loss+=0.420789 loss-=0.418028 dh=13.8029 sec=1.376
eval step=3000 {'eval_acc': 0.8704128440366973, 'eval_loss': 0.3085933211088659, 'eval_examples': 872}
sst-2_fp16_h0.0001_seed16 step=3025 loss+=0.445144 loss-=0.448035 dh=-14.4544 sec=1.502
sst-2_fp16_h0.0001_seed16 step=3050 loss+=0.268381 loss-=0.263033 dh=26.7379 sec=1.460
sst-2_fp16_h0.0001_seed16 step=3075 loss+=0.316472 loss-=0.310691 dh=28.9078 sec=1.376
sst-2_fp16_h0.0001_seed16 step=3100 loss+=0.276402 loss-=0.266902 dh=47.502 sec=1.502
sst-2_fp16_h0.0001_seed16 step=3125 loss+=0.294049 loss-=0.292616 dh=7.16508 sec=1.501
sst-2_fp16_h0.0001_seed16 step=3150 loss+=0.160009 loss-=0.160398 dh=-1.94659 sec=1.458
sst-2_fp16_h0.0001_seed16 step=3175 loss+=0.257732 loss-=0.251888 dh=29.224 sec=1.376
sst-2_fp16_h0.0001_seed16 step=3200 loss+=0.500591 loss-=0.512564 dh=-59.8678 sec=1.501
sst-2_fp16_h0.0001_seed16 step=3225 loss+=0.19281 loss-=0.186098 dh=33.5598 sec=1.502
sst-2_fp16_h0.0001_seed16 step=3250 loss+=0.421857 loss-=0.412912 dh=44.7217 sec=1.363
sst-2_fp16_h0.0001_seed16 step=3275 loss+=0.718593 loss-=0.721749 dh=-15.7805 sec=1.376
sst-2_fp16_h0.0001_seed16 step=3300 loss+=0.249391 loss-=0.245812 dh=17.895 sec=1.501
sst-2_fp16_h0.0001_seed16 step=3325 loss+=0.194739 loss-=0.186936 dh=39.0179 sec=1.472
sst-2_fp16_h0.0001_seed16 step=3350 loss+=0.319968 loss-=0.307693 dh=61.3744 sec=1.501
sst-2_fp16_h0.0001_seed16 step=3375 loss+=0.338732 loss-=0.32932 dh=47.0589 sec=1.501
sst-2_fp16_h0.0001_seed16 step=3400 loss+=0.194933 loss-=0.198066 dh=-15.6632 sec=1.502
sst-2_fp16_h0.0001_seed16 step=3425 loss+=0.307832 loss-=0.319391 dh=-57.7942 sec=1.376
sst-2_fp16_h0.0001_seed16 step=3450 loss+=0.274191 loss-=0.275649 dh=-7.28915 sec=1.376
sst-2_fp16_h0.0001_seed16 step=3475 loss+=0.347518 loss-=0.351519 dh=-20.0042 sec=1.501
sst-2_fp16_h0.0001_seed16 step=3500 loss+=0.186476 loss-=0.190573 dh=-20.4831 sec=1.501
eval step=3500 {'eval_acc': 0.8887614678899083, 'eval_loss': 0.2785734795973799, 'eval_examples': 872}
sst-2_fp16_h0.0001_seed16 step=3525 loss+=0.257823 loss-=0.259322 dh=-7.49592 sec=1.376
sst-2_fp16_h0.0001_seed16 step=3550 loss+=0.274404 loss-=0.266486 dh=39.5912 sec=1.377
sst-2_fp16_h0.0001_seed16 step=3575 loss+=0.297228 loss-=0.296435 dh=3.96283 sec=1.459
sst-2_fp16_h0.0001_seed16 step=3600 loss+=0.311632 loss-=0.30697 dh=23.3102 sec=1.376
sst-2_fp16_h0.0001_seed16 step=3625 loss+=0.208222 loss-=0.209428 dh=-6.03158 sec=1.376
sst-2_fp16_h0.0001_seed16 step=3650 loss+=0.157743 loss-=0.158324 dh=-2.90412 sec=1.501
sst-2_fp16_h0.0001_seed16 step=3675 loss+=0.148961 loss-=0.148869 dh=0.460423 sec=1.376
sst-2_fp16_h0.0001_seed16 step=3700 loss+=0.516973 loss-=0.52205 dh=-25.3838 sec=1.470
sst-2_fp16_h0.0001_seed16 step=3725 loss+=0.489142 loss-=0.490763 dh=-8.10427 sec=1.501
sst-2_fp16_h0.0001_seed16 step=3750 loss+=0.441163 loss-=0.427052 dh=70.5524 sec=1.461
sst-2_fp16_h0.0001_seed16 step=3775 loss+=0.192746 loss-=0.201676 dh=-44.6526 sec=1.376
sst-2_fp16_h0.0001_seed16 step=3800 loss+=0.331298 loss-=0.330989 dh=1.54753 sec=1.501
sst-2_fp16_h0.0001_seed16 step=3825 loss+=0.403843 loss-=0.395887 dh=39.7819 sec=1.501
sst-2_fp16_h0.0001_seed16 step=3850 loss+=0.327345 loss-=0.329575 dh=-11.1504 sec=1.459
sst-2_fp16_h0.0001_seed16 step=3875 loss+=0.412287 loss-=0.408485 dh=19.0118 sec=1.502
sst-2_fp16_h0.0001_seed16 step=3900 loss+=0.292627 loss-=0.302333 dh=-48.5294 sec=1.458
sst-2_fp16_h0.0001_seed16 step=3925 loss+=0.250809 loss-=0.248982 dh=9.13402 sec=1.502
sst-2_fp16_h0.0001_seed16 step=3950 loss+=0.277951 loss-=0.275871 dh=10.397 sec=1.461
sst-2_fp16_h0.0001_seed16 step=3975 loss+=0.48921 loss-=0.488506 dh=3.52199 sec=1.501
sst-2_fp16_h0.0001_seed16 step=4000 loss+=0.439788 loss-=0.433697 dh=30.4561 sec=1.501
eval step=4000 {'eval_acc': 0.8922018348623854, 'eval_loss': 0.26169055542447217, 'eval_examples': 872}
sst-2_fp16_h0.0001_seed16 step=4025 loss+=0.400822 loss-=0.40786 dh=-35.189 sec=1.501
sst-2_fp16_h0.0001_seed16 step=4050 loss+=0.404591 loss-=0.405636 dh=-5.2261 sec=1.376
sst-2_fp16_h0.0001_seed16 step=4075 loss+=0.296804 loss-=0.287794 dh=45.0509 sec=1.473
sst-2_fp16_h0.0001_seed16 step=4100 loss+=0.169129 loss-=0.173474 dh=-21.7252 sec=1.501
sst-2_fp16_h0.0001_seed16 step=4125 loss+=0.211113 loss-=0.206881 dh=21.16 sec=1.376
sst-2_fp16_h0.0001_seed16 step=4150 loss+=0.219549 loss-=0.223512 dh=-19.8164 sec=1.502
sst-2_fp16_h0.0001_seed16 step=4175 loss+=0.657486 loss-=0.686197 dh=-143.556 sec=1.376
sst-2_fp16_h0.0001_seed16 step=4200 loss+=0.333104 loss-=0.345804 dh=-63.5028 sec=1.375
sst-2_fp16_h0.0001_seed16 step=4225 loss+=0.233806 loss-=0.236244 dh=-12.1904 sec=1.502
sst-2_fp16_h0.0001_seed16 step=4250 loss+=0.403816 loss-=0.404957 dh=-5.70348 sec=1.376
sst-2_fp16_h0.0001_seed16 step=4275 loss+=0.445065 loss-=0.452995 dh=-39.6491 sec=1.378
sst-2_fp16_h0.0001_seed16 step=4300 loss+=0.307532 loss-=0.318237 dh=-53.5253 sec=1.377
sst-2_fp16_h0.0001_seed16 step=4325 loss+=0.236889 loss-=0.245532 dh=-43.2142 sec=1.502
sst-2_fp16_h0.0001_seed16 step=4350 loss+=0.339328 loss-=0.34741 dh=-40.4082 sec=1.377
sst-2_fp16_h0.0001_seed16 step=4375 loss+=0.24964 loss-=0.23091 dh=93.6501 sec=1.460
sst-2_fp16_h0.0001_seed16 step=4400 loss+=0.496406 loss-=0.497168 dh=-3.80827 sec=1.503
sst-2_fp16_h0.0001_seed16 step=4425 loss+=0.664907 loss-=0.655311 dh=47.9756 sec=1.461
sst-2_fp16_h0.0001_seed16 step=4450 loss+=0.220908 loss-=0.219164 dh=8.72307 sec=1.503
sst-2_fp16_h0.0001_seed16 step=4475 loss+=0.249713 loss-=0.252263 dh=-12.7467 sec=1.376
sst-2_fp16_h0.0001_seed16 step=4500 loss+=0.526762 loss-=0.534056 dh=-36.4714 sec=1.376
eval step=4500 {'eval_acc': 0.9002293577981652, 'eval_loss': 0.24715946069619524, 'eval_examples': 872}
sst-2_fp16_h0.0001_seed16 step=4525 loss+=0.307896 loss-=0.306758 dh=5.68834 sec=1.460
sst-2_fp16_h0.0001_seed16 step=4550 loss+=0.314421 loss-=0.313331 dh=5.45263 sec=1.502
sst-2_fp16_h0.0001_seed16 step=4575 loss+=0.555948 loss-=0.544593 dh=56.7731 sec=1.459
sst-2_fp16_h0.0001_seed16 step=4600 loss+=0.43172 loss-=0.419716 dh=60.0178 sec=1.501
sst-2_fp16_h0.0001_seed16 step=4625 loss+=0.373692 loss-=0.361601 dh=60.4504 sec=1.501
sst-2_fp16_h0.0001_seed16 step=4650 loss+=0.191303 loss-=0.202076 dh=-53.8658 sec=1.460
sst-2_fp16_h0.0001_seed16 step=4675 loss+=0.14135 loss-=0.149762 dh=-42.0566 sec=1.501
sst-2_fp16_h0.0001_seed16 step=4700 loss+=0.236067 loss-=0.220804 dh=76.3146 sec=1.503
sst-2_fp16_h0.0001_seed16 step=4725 loss+=0.17198 loss-=0.177774 dh=-28.9684 sec=1.502
sst-2_fp16_h0.0001_seed16 step=4750 loss+=0.228965 loss-=0.237286 dh=-41.6062 sec=1.461
sst-2_fp16_h0.0001_seed16 step=4775 loss+=0.308217 loss-=0.31096 dh=-13.7162 sec=1.460
sst-2_fp16_h0.0001_seed16 step=4800 loss+=0.354069 loss-=0.350906 dh=15.8166 sec=1.473
sst-2_fp16_h0.0001_seed16 step=4825 loss+=0.377385 loss-=0.371619 dh=28.8316 sec=1.375
sst-2_fp16_h0.0001_seed16 step=4850 loss+=0.326301 loss-=0.331437 dh=-25.6815 sec=1.502
sst-2_fp16_h0.0001_seed16 step=4875 loss+=0.277917 loss-=0.273809 dh=20.5432 sec=1.502
sst-2_fp16_h0.0001_seed16 step=4900 loss+=0.366065 loss-=0.363406 dh=13.2927 sec=1.377
sst-2_fp16_h0.0001_seed16 step=4925 loss+=0.243959 loss-=0.247575 dh=-18.0811 sec=1.375
sst-2_fp16_h0.0001_seed16 step=4950 loss+=0.32094 loss-=0.319546 dh=6.96686 sec=1.502
sst-2_fp16_h0.0001_seed16 step=4975 loss+=0.230147 loss-=0.238894 dh=-43.7365 sec=1.458
sst-2_fp16_h0.0001_seed16 step=5000 loss+=0.292651 loss-=0.289476 dh=15.8778 sec=1.459
eval step=5000 {'eval_acc': 0.9059633027522935, 'eval_loss': 0.23043561949813313, 'eval_examples': 872}
sst-2_fp16_h0.0001_seed16 step=5025 loss+=0.162814 loss-=0.16394 dh=-5.63009 sec=1.459
sst-2_fp16_h0.0001_seed16 step=5050 loss+=0.171665 loss-=0.172438 dh=-3.86251 sec=1.503
sst-2_fp16_h0.0001_seed16 step=5075 loss+=0.16797 loss-=0.171242 dh=-16.3581 sec=1.364
sst-2_fp16_h0.0001_seed16 step=5100 loss+=0.570974 loss-=0.58401 dh=-65.1793 sec=1.377
sst-2_fp16_h0.0001_seed16 step=5125 loss+=0.304263 loss-=0.290596 dh=68.3358 sec=1.376
sst-2_fp16_h0.0001_seed16 step=5150 loss+=0.423 loss-=0.425652 dh=-13.2633 sec=1.502
sst-2_fp16_h0.0001_seed16 step=5175 loss+=0.166734 loss-=0.16538 dh=6.77309 sec=1.460
sst-2_fp16_h0.0001_seed16 step=5200 loss+=0.479418 loss-=0.452203 dh=136.076 sec=1.461
sst-2_fp16_h0.0001_seed16 step=5225 loss+=0.260736 loss-=0.269973 dh=-46.188 sec=1.471
sst-2_fp16_h0.0001_seed16 step=5250 loss+=0.241915 loss-=0.245274 dh=-16.7968 sec=1.460
sst-2_fp16_h0.0001_seed16 step=5275 loss+=0.24451 loss-=0.249051 dh=-22.7026 sec=1.502
sst-2_fp16_h0.0001_seed16 step=5300 loss+=0.214806 loss-=0.217062 dh=-11.2823 sec=1.377
sst-2_fp16_h0.0001_seed16 step=5325 loss+=0.163759 loss-=0.162691 dh=5.33599 sec=1.459
sst-2_fp16_h0.0001_seed16 step=5350 loss+=0.249158 loss-=0.252838 dh=-18.4027 sec=1.501
sst-2_fp16_h0.0001_seed16 step=5375 loss+=0.170889 loss-=0.173008 dh=-10.5922 sec=1.503
sst-2_fp16_h0.0001_seed16 step=5400 loss+=0.264399 loss-=0.26408 dh=1.59665 sec=1.501
sst-2_fp16_h0.0001_seed16 step=5425 loss+=0.261802 loss-=0.253857 dh=39.7282 sec=1.458
sst-2_fp16_h0.0001_seed16 step=5450 loss+=0.384604 loss-=0.373996 dh=53.0413 sec=1.502
sst-2_fp16_h0.0001_seed16 step=5475 loss+=0.2406 loss-=0.239811 dh=3.9483 sec=1.364
sst-2_fp16_h0.0001_seed16 step=5500 loss+=0.305549 loss-=0.291587 dh=69.8124 sec=1.503
eval step=5500 {'eval_acc': 0.9105504587155964, 'eval_loss': 0.22098778206598732, 'eval_examples': 872}
sst-2_fp16_h0.0001_seed16 step=5525 loss+=0.280339 loss-=0.285705 dh=-26.8294 sec=1.375
sst-2_fp16_h0.0001_seed16 step=5550 loss+=0.32462 loss-=0.31487 dh=48.7484 sec=1.364
sst-2_fp16_h0.0001_seed16 step=5575 loss+=0.337588 loss-=0.32851 dh=45.3906 sec=1.501
sst-2_fp16_h0.0001_seed16 step=5600 loss+=0.199539 loss-=0.205928 dh=-31.9431 sec=1.486
sst-2_fp16_h0.0001_seed16 step=5625 loss+=0.194884 loss-=0.187908 dh=34.8797 sec=1.502
sst-2_fp16_h0.0001_seed16 step=5650 loss+=0.313948 loss-=0.321257 dh=-36.5471 sec=1.376
sst-2_fp16_h0.0001_seed16 step=5675 loss+=0.119011 loss-=0.120825 dh=-9.07081 sec=1.461
sst-2_fp16_h0.0001_seed16 step=5700 loss+=0.190138 loss-=0.178781 dh=56.7845 sec=1.460
sst-2_fp16_h0.0001_seed16 step=5725 loss+=0.153994 loss-=0.167231 dh=-66.1879 sec=1.502
sst-2_fp16_h0.0001_seed16 step=5750 loss+=0.21154 loss-=0.211971 dh=-2.15454 sec=1.501
sst-2_fp16_h0.0001_seed16 step=5775 loss+=0.270989 loss-=0.274216 dh=-16.1337 sec=1.460
sst-2_fp16_h0.0001_seed16 step=5800 loss+=0.346959 loss-=0.348988 dh=-10.146 sec=1.376
sst-2_fp16_h0.0001_seed16 step=5825 loss+=0.402838 loss-=0.393131 dh=48.5353 sec=1.459
sst-2_fp16_h0.0001_seed16 step=5850 loss+=0.201322 loss-=0.198417 dh=14.5222 sec=1.470
sst-2_fp16_h0.0001_seed16 step=5875 loss+=0.192509 loss-=0.18835 dh=20.7993 sec=1.501
sst-2_fp16_h0.0001_seed16 step=5900 loss+=0.357097 loss-=0.354453 dh=13.2212 sec=1.501
sst-2_fp16_h0.0001_seed16 step=5925 loss+=0.158581 loss-=0.154531 dh=20.2513 sec=1.376
sst-2_fp16_h0.0001_seed16 step=5950 loss+=0.159279 loss-=0.161951 dh=-13.3601 sec=1.459
sst-2_fp16_h0.0001_seed16 step=5975 loss+=0.222486 loss-=0.237568 dh=-75.407 sec=1.376
sst-2_fp16_h0.0001_seed16 step=6000 loss+=0.453722 loss-=0.459208 dh=-27.4289 sec=1.471
eval step=6000 {'eval_acc': 0.9139908256880734, 'eval_loss': 0.2147975813644434, 'eval_examples': 872}
sst-2_fp16_h0.0001_seed16 step=6025 loss+=0.146064 loss-=0.140191 dh=29.3651 sec=1.376
sst-2_fp16_h0.0001_seed16 step=6050 loss+=0.173545 loss-=0.175974 dh=-12.1473 sec=1.375
sst-2_fp16_h0.0001_seed16 step=6075 loss+=0.448247 loss-=0.45545 dh=-36.0167 sec=1.376
sst-2_fp16_h0.0001_seed16 step=6100 loss+=0.15996 loss-=0.162159 dh=-10.9938 sec=1.460
sst-2_fp16_h0.0001_seed16 step=6125 loss+=0.165245 loss-=0.160207 dh=25.1874 sec=1.501
sst-2_fp16_h0.0001_seed16 step=6150 loss+=0.293896 loss-=0.29821 dh=-21.572 sec=1.502
sst-2_fp16_h0.0001_seed16 step=6175 loss+=0.13814 loss-=0.13989 dh=-8.74734 sec=1.503
sst-2_fp16_h0.0001_seed16 step=6200 loss+=0.271618 loss-=0.2737 dh=-10.4107 sec=1.364
sst-2_fp16_h0.0001_seed16 step=6225 loss+=0.214127 loss-=0.22102 dh=-34.4669 sec=1.376
sst-2_fp16_h0.0001_seed16 step=6250 loss+=0.37023 loss-=0.372042 dh=-9.05954 sec=1.503
sst-2_fp16_h0.0001_seed16 step=6275 loss+=0.212403 loss-=0.213225 dh=-4.10932 sec=1.485
sst-2_fp16_h0.0001_seed16 step=6300 loss+=0.408925 loss-=0.409457 dh=-2.66329 sec=1.460
sst-2_fp16_h0.0001_seed16 step=6325 loss+=0.317166 loss-=0.314041 dh=15.6209 sec=1.501
sst-2_fp16_h0.0001_seed16 step=6350 loss+=0.378027 loss-=0.362972 dh=75.273 sec=1.459
sst-2_fp16_h0.0001_seed16 step=6375 loss+=0.277706 loss-=0.269091 dh=43.0753 sec=1.499
sst-2_fp16_h0.0001_seed16 step=6400 loss+=0.217388 loss-=0.212322 dh=25.3305 sec=1.461
sst-2_fp16_h0.0001_seed16 step=6425 loss+=0.244887 loss-=0.241112 dh=18.877 sec=1.502
sst-2_fp16_h0.0001_seed16 step=6450 loss+=0.378915 loss-=0.385157 dh=-31.2119 sec=1.377
sst-2_fp16_h0.0001_seed16 step=6475 loss+=0.168367 loss-=0.158407 dh=49.8005 sec=1.502
sst-2_fp16_h0.0001_seed16 step=6500 loss+=0.445936 loss-=0.442685 dh=16.256 sec=1.376
eval step=6500 {'eval_acc': 0.9162844036697247, 'eval_loss': 0.2079978008389285, 'eval_examples': 872}
sst-2_fp16_h0.0001_seed16 step=6525 loss+=0.252783 loss-=0.270833 dh=-90.2483 sec=1.363
sst-2_fp16_h0.0001_seed16 step=6550 loss+=0.32481 loss-=0.319353 dh=27.2844 sec=1.376
sst-2_fp16_h0.0001_seed16 step=6575 loss+=0.305221 loss-=0.309568 dh=-21.7308 sec=1.473
sst-2_fp16_h0.0001_seed16 step=6600 loss+=0.202933 loss-=0.201914 dh=5.0938 sec=1.460
sst-2_fp16_h0.0001_seed16 step=6625 loss+=0.170635 loss-=0.164713 dh=29.6068 sec=1.487
sst-2_fp16_h0.0001_seed16 step=6650 loss+=0.236036 loss-=0.245431 dh=-46.9744 sec=1.500
sst-2_fp16_h0.0001_seed16 step=6675 loss+=0.38204 loss-=0.393754 dh=-58.572 sec=1.459
sst-2_fp16_h0.0001_seed16 step=6700 loss+=0.289892 loss-=0.295478 dh=-27.9305 sec=1.364
sst-2_fp16_h0.0001_seed16 step=6725 loss+=0.19521 loss-=0.197749 dh=-12.6933 sec=1.501
sst-2_fp16_h0.0001_seed16 step=6750 loss+=0.335852 loss-=0.331474 dh=21.8916 sec=1.376
sst-2_fp16_h0.0001_seed16 step=6775 loss+=0.209054 loss-=0.208791 dh=1.31507 sec=1.501
sst-2_fp16_h0.0001_seed16 step=6800 loss+=0.112517 loss-=0.109255 dh=16.3143 sec=1.471
sst-2_fp16_h0.0001_seed16 step=6825 loss+=0.428027 loss-=0.441756 dh=-68.6422 sec=1.375
sst-2_fp16_h0.0001_seed16 step=6850 loss+=0.522595 loss-=0.502328 dh=101.336 sec=1.460
sst-2_fp16_h0.0001_seed16 step=6875 loss+=0.103531 loss-=0.100763 dh=13.8405 sec=1.377
sst-2_fp16_h0.0001_seed16 step=6900 loss+=0.275873 loss-=0.281289 dh=-27.0805 sec=1.459
sst-2_fp16_h0.0001_seed16 step=6925 loss+=0.147638 loss-=0.143763 dh=19.3739 sec=1.455
sst-2_fp16_h0.0001_seed16 step=6950 loss+=0.237843 loss-=0.22532 dh=62.6117 sec=1.460
sst-2_fp16_h0.0001_seed16 step=6975 loss+=0.122963 loss-=0.126167 dh=-16.0216 sec=1.500
sst-2_fp16_h0.0001_seed16 step=7000 loss+=0.184842 loss-=0.190602 dh=-28.8026 sec=1.458
eval step=7000 {'eval_acc': 0.9185779816513762, 'eval_loss': 0.20432784046802602, 'eval_examples': 872}
sst-2_fp16_h0.0001_seed16 step=7025 loss+=0.305847 loss-=0.288151 dh=88.4803 sec=1.362
sst-2_fp16_h0.0001_seed16 step=7050 loss+=0.297778 loss-=0.292 dh=28.8896 sec=1.377
sst-2_fp16_h0.0001_seed16 step=7075 loss+=0.637232 loss-=0.627802 dh=47.1499 sec=1.500
sst-2_fp16_h0.0001_seed16 step=7100 loss+=0.29626 loss-=0.287986 dh=41.3672 sec=1.461
sst-2_fp16_h0.0001_seed16 step=7125 loss+=0.191287 loss-=0.191067 dh=1.10334 sec=1.376
sst-2_fp16_h0.0001_seed16 step=7150 loss+=0.277089 loss-=0.271036 dh=30.2689 sec=1.376
sst-2_fp16_h0.0001_seed16 step=7175 loss+=0.434746 loss-=0.43561 dh=-4.31732 sec=1.501
sst-2_fp16_h0.0001_seed16 step=7200 loss+=0.400875 loss-=0.422696 dh=-109.105 sec=1.364
sst-2_fp16_h0.0001_seed16 step=7225 loss+=0.0644373 loss-=0.0618718 dh=12.8279 sec=1.458
sst-2_fp16_h0.0001_seed16 step=7250 loss+=0.184215 loss-=0.185384 dh=-5.84463 sec=1.941
sst-2_fp16_h0.0001_seed16 step=7275 loss+=0.156685 loss-=0.147849 dh=44.1821 sec=1.461
sst-2_fp16_h0.0001_seed16 step=7300 loss+=0.540745 loss-=0.54276 dh=-10.074 sec=1.501
sst-2_fp16_h0.0001_seed16 step=7325 loss+=0.349431 loss-=0.337437 dh=59.9712 sec=1.501
sst-2_fp16_h0.0001_seed16 step=7350 loss+=0.224199 loss-=0.220524 dh=18.3742 sec=1.459
sst-2_fp16_h0.0001_seed16 step=7375 loss+=0.585478 loss-=0.569293 dh=80.9237 sec=1.501
sst-2_fp16_h0.0001_seed16 step=7400 loss+=0.191244 loss-=0.20156 dh=-51.5816 sec=1.375
sst-2_fp16_h0.0001_seed16 step=7425 loss+=0.392003 loss-=0.398184 dh=-30.9069 sec=1.459
sst-2_fp16_h0.0001_seed16 step=7450 loss+=0.470555 loss-=0.473384 dh=-14.1452 sec=1.364
sst-2_fp16_h0.0001_seed16 step=7475 loss+=0.392992 loss-=0.395339 dh=-11.7345 sec=1.486
sst-2_fp16_h0.0001_seed16 step=7500 loss+=0.224765 loss-=0.222251 dh=12.5669 sec=1.460
eval step=7500 {'eval_acc': 0.9231651376146789, 'eval_loss': 0.20007089289853675, 'eval_examples': 872}
sst-2_fp16_h0.0001_seed16 step=7525 loss+=0.211486 loss-=0.197432 dh=70.2729 sec=1.502
sst-2_fp16_h0.0001_seed16 step=7550 loss+=0.0931352 loss-=0.0877559 dh=26.8964 sec=1.459
sst-2_fp16_h0.0001_seed16 step=7575 loss+=0.230324 loss-=0.22747 dh=14.2696 sec=1.376
sst-2_fp16_h0.0001_seed16 step=7600 loss+=0.296866 loss-=0.291004 dh=29.3124 sec=1.377
sst-2_fp16_h0.0001_seed16 step=7625 loss+=0.516285 loss-=0.512169 dh=20.5839 sec=1.309
sst-2_fp16_h0.0001_seed16 step=7650 loss+=0.252663 loss-=0.262397 dh=-48.6696 sec=1.375
sst-2_fp16_h0.0001_seed16 step=7675 loss+=0.232177 loss-=0.229447 dh=13.6526 sec=1.502
sst-2_fp16_h0.0001_seed16 step=7700 loss+=0.328308 loss-=0.330362 dh=-10.2699 sec=1.458
sst-2_fp16_h0.0001_seed16 step=7725 loss+=0.347515 loss-=0.343647 dh=19.3408 sec=1.376
sst-2_fp16_h0.0001_seed16 step=7750 loss+=0.284502 loss-=0.283507 dh=4.97468 sec=1.458
sst-2_fp16_h0.0001_seed16 step=7775 loss+=0.0697053 loss-=0.0736435 dh=-19.691 sec=1.376
sst-2_fp16_h0.0001_seed16 step=7800 loss+=0.214814 loss-=0.203884 dh=54.6499 sec=1.461
sst-2_fp16_h0.0001_seed16 step=7825 loss+=0.352583 loss-=0.353462 dh=-4.39515 sec=1.458
sst-2_fp16_h0.0001_seed16 step=7850 loss+=0.178121 loss-=0.163972 dh=70.7456 sec=1.487
sst-2_fp16_h0.0001_seed16 step=7875 loss+=0.129282 loss-=0.134056 dh=-23.8674 sec=1.502
sst-2_fp16_h0.0001_seed16 step=7900 loss+=0.297438 loss-=0.295495 dh=9.71303 sec=1.473
sst-2_fp16_h0.0001_seed16 step=7925 loss+=0.411312 loss-=0.39911 dh=61.0113 sec=1.377
sst-2_fp16_h0.0001_seed16 step=7950 loss+=0.505827 loss-=0.494145 dh=58.409 sec=1.500
sst-2_fp16_h0.0001_seed16 step=7975 loss+=0.179757 loss-=0.161538 dh=91.0951 sec=1.501
sst-2_fp16_h0.0001_seed16 step=8000 loss+=0.274587 loss-=0.281994 dh=-37.0369 sec=1.376
eval step=8000 {'eval_acc': 0.926605504587156, 'eval_loss': 0.19992268934350357, 'eval_examples': 872}
sst-2_fp16_h0.0001_seed16 step=8025 loss+=0.0644306 loss-=0.0665684 dh=-10.6886 sec=1.459
sst-2_fp16_h0.0001_seed16 step=8050 loss+=0.140379 loss-=0.139892 dh=2.43847 sec=1.501
sst-2_fp16_h0.0001_seed16 step=8075 loss+=0.122776 loss-=0.120467 dh=11.5442 sec=1.375
sst-2_fp16_h0.0001_seed16 step=8100 loss+=0.212911 loss-=0.210592 dh=11.5953 sec=1.500
sst-2_fp16_h0.0001_seed16 step=8125 loss+=0.255621 loss-=0.255858 dh=-1.18536 sec=1.460
sst-2_fp16_h0.0001_seed16 step=8150 loss+=0.0888377 loss-=0.0884888 dh=1.7447 sec=1.376
sst-2_fp16_h0.0001_seed16 step=8175 loss+=0.18217 loss-=0.193801 dh=-58.151 sec=1.460
sst-2_fp16_h0.0001_seed16 step=8200 loss+=0.302202 loss-=0.315101 dh=-64.497 sec=1.363
sst-2_fp16_h0.0001_seed16 step=8225 loss+=0.139615 loss-=0.131892 dh=38.6147 sec=1.363
sst-2_fp16_h0.0001_seed16 step=8250 loss+=0.299971 loss-=0.301699 dh=-8.63852 sec=1.376
sst-2_fp16_h0.0001_seed16 step=8275 loss+=0.0712783 loss-=0.0718328 dh=-2.77259 sec=1.500
sst-2_fp16_h0.0001_seed16 step=8300 loss+=0.624276 loss-=0.638859 dh=-72.9172 sec=1.376
sst-2_fp16_h0.0001_seed16 step=8325 loss+=0.444421 loss-=0.451025 dh=-33.0212 sec=1.459
sst-2_fp16_h0.0001_seed16 step=8350 loss+=0.0916875 loss-=0.0888716 dh=14.0797 sec=1.471
sst-2_fp16_h0.0001_seed16 step=8375 loss+=0.0819302 loss-=0.0763965 dh=27.6686 sec=1.458
sst-2_fp16_h0.0001_seed16 step=8400 loss+=0.11093 loss-=0.121364 dh=-52.1677 sec=1.376
sst-2_fp16_h0.0001_seed16 step=8425 loss+=0.135495 loss-=0.140115 dh=-23.1001 sec=1.376
sst-2_fp16_h0.0001_seed16 step=8450 loss+=0.18133 loss-=0.17517 dh=30.7995 sec=1.458
sst-2_fp16_h0.0001_seed16 step=8475 loss+=0.142779 loss-=0.140128 dh=13.2546 sec=1.501
sst-2_fp16_h0.0001_seed16 step=8500 loss+=0.217276 loss-=0.226687 dh=-47.0549 sec=1.459
eval step=8500 {'eval_acc': 0.930045871559633, 'eval_loss': 0.19543444338882632, 'eval_examples': 872}
sst-2_fp16_h0.0001_seed16 step=8525 loss+=0.169716 loss-=0.213778 dh=-220.311 sec=1.500
sst-2_fp16_h0.0001_seed16 step=8550 loss+=0.12395 loss-=0.132455 dh=-42.5205 sec=1.471
sst-2_fp16_h0.0001_seed16 step=8575 loss+=0.172142 loss-=0.175329 dh=-15.9335 sec=1.460
sst-2_fp16_h0.0001_seed16 step=8600 loss+=0.123295 loss-=0.123061 dh=1.16762 sec=1.487
sst-2_fp16_h0.0001_seed16 step=8625 loss+=0.297878 loss-=0.280338 dh=87.7036 sec=1.502
sst-2_fp16_h0.0001_seed16 step=8650 loss+=0.563306 loss-=0.546068 dh=86.1918 sec=1.363
sst-2_fp16_h0.0001_seed16 step=8675 loss+=0.109233 loss-=0.114078 dh=-24.2206 sec=1.501
sst-2_fp16_h0.0001_seed16 step=8700 loss+=0.227618 loss-=0.217506 dh=50.564 sec=1.501
sst-2_fp16_h0.0001_seed16 step=8725 loss+=0.283822 loss-=0.280678 dh=15.7226 sec=1.375
sst-2_fp16_h0.0001_seed16 step=8750 loss+=0.350425 loss-=0.35854 dh=-40.5769 sec=1.460
sst-2_fp16_h0.0001_seed16 step=8775 loss+=0.302096 loss-=0.302338 dh=-1.21193 sec=1.376
sst-2_fp16_h0.0001_seed16 step=8800 loss+=0.0784625 loss-=0.0826138 dh=-20.7565 sec=1.471
sst-2_fp16_h0.0001_seed16 step=8825 loss+=0.431713 loss-=0.429784 dh=9.64524 sec=1.501
sst-2_fp16_h0.0001_seed16 step=8850 loss+=0.13707 loss-=0.136311 dh=3.79215 sec=1.500
sst-2_fp16_h0.0001_seed16 step=8875 loss+=0.073837 loss-=0.0746333 dh=-3.98137 sec=1.471
sst-2_fp16_h0.0001_seed16 step=8900 loss+=0.168014 loss-=0.165645 dh=11.8456 sec=1.459
sst-2_fp16_h0.0001_seed16 step=8925 loss+=0.411358 loss-=0.413951 dh=-12.9621 sec=1.459
sst-2_fp16_h0.0001_seed16 step=8950 loss+=0.291923 loss-=0.290233 dh=8.4518 sec=1.459
sst-2_fp16_h0.0001_seed16 step=8975 loss+=0.103127 loss-=0.103937 dh=-4.05038 sec=1.458
sst-2_fp16_h0.0001_seed16 step=9000 loss+=0.0782957 loss-=0.079689 dh=-6.96642 sec=1.470
eval step=9000 {'eval_acc': 0.9334862385321101, 'eval_loss': 0.18628283949150198, 'eval_examples': 872}
sst-2_fp16_h0.0001_seed16 step=9025 loss+=0.152143 loss-=0.147363 dh=23.9045 sec=1.500
sst-2_fp16_h0.0001_seed16 step=9050 loss+=0.150391 loss-=0.143449 dh=34.7135 sec=1.472
sst-2_fp16_h0.0001_seed16 step=9075 loss+=0.313983 loss-=0.348926 dh=-174.714 sec=1.363
sst-2_fp16_h0.0001_seed16 step=9100 loss+=0.261605 loss-=0.279952 dh=-91.7342 sec=1.501
sst-2_fp16_h0.0001_seed16 step=9125 loss+=0.258814 loss-=0.274939 dh=-80.6222 sec=1.485
sst-2_fp16_h0.0001_seed16 step=9150 loss+=0.140081 loss-=0.163783 dh=-118.514 sec=1.459
sst-2_fp16_h0.0001_seed16 step=9175 loss+=0.230597 loss-=0.223664 dh=34.6611 sec=1.501
sst-2_fp16_h0.0001_seed16 step=9200 loss+=0.195694 loss-=0.197541 dh=-9.23266 sec=1.472
sst-2_fp16_h0.0001_seed16 step=9225 loss+=0.276006 loss-=0.282447 dh=-32.2078 sec=1.375
sst-2_fp16_h0.0001_seed16 step=9250 loss+=0.328263 loss-=0.33812 dh=-49.2854 sec=1.458
sst-2_fp16_h0.0001_seed16 step=9275 loss+=0.281739 loss-=0.29593 dh=-70.9569 sec=1.501
sst-2_fp16_h0.0001_seed16 step=9300 loss+=0.166624 loss-=0.174358 dh=-38.6681 sec=1.501
sst-2_fp16_h0.0001_seed16 step=9325 loss+=0.191319 loss-=0.200048 dh=-43.6443 sec=1.499
sst-2_fp16_h0.0001_seed16 step=9350 loss+=0.632175 loss-=0.630809 dh=6.83041 sec=1.502
sst-2_fp16_h0.0001_seed16 step=9375 loss+=0.187715 loss-=0.189738 dh=-10.1155 sec=1.375
sst-2_fp16_h0.0001_seed16 step=9400 loss+=0.161545 loss-=0.167405 dh=-29.3006 sec=1.375
sst-2_fp16_h0.0001_seed16 step=9425 loss+=0.353419 loss-=0.347609 dh=29.0482 sec=1.497
sst-2_fp16_h0.0001_seed16 step=9450 loss+=0.0531286 loss-=0.0558407 dh=-13.5603 sec=1.470
sst-2_fp16_h0.0001_seed16 step=9475 loss+=0.376836 loss-=0.377343 dh=-2.53882 sec=1.499
sst-2_fp16_h0.0001_seed16 step=9500 loss+=0.266636 loss-=0.255698 dh=54.6904 sec=1.501
eval step=9500 {'eval_acc': 0.9346330275229358, 'eval_loss': 0.18659876318009774, 'eval_examples': 872}
sst-2_fp16_h0.0001_seed16 step=9525 loss+=0.21623 loss-=0.220234 dh=-20.0227 sec=1.363
sst-2_fp16_h0.0001_seed16 step=9550 loss+=0.0888597 loss-=0.0885769 dh=1.41426 sec=1.459
sst-2_fp16_h0.0001_seed16 step=9575 loss+=0.0472082 loss-=0.0452563 dh=9.75943 sec=1.488
sst-2_fp16_h0.0001_seed16 step=9600 loss+=0.20165 loss-=0.193682 dh=39.8399 sec=1.500
sst-2_fp16_h0.0001_seed16 step=9625 loss+=0.14338 loss-=0.144245 dh=-4.32888 sec=1.500
sst-2_fp16_h0.0001_seed16 step=9650 loss+=0.0457418 loss-=0.0438922 dh=9.24777 sec=1.501
sst-2_fp16_h0.0001_seed16 step=9675 loss+=0.164406 loss-=0.16704 dh=-13.1703 sec=1.469
sst-2_fp16_h0.0001_seed16 step=9700 loss+=0.233094 loss-=0.225055 dh=40.1999 sec=1.485
sst-2_fp16_h0.0001_seed16 step=9725 loss+=0.234078 loss-=0.226753 dh=36.6261 sec=1.501
sst-2_fp16_h0.0001_seed16 step=9750 loss+=0.256602 loss-=0.24711 dh=47.4609 sec=1.376
sst-2_fp16_h0.0001_seed16 step=9775 loss+=0.249752 loss-=0.265641 dh=-79.4469 sec=1.501
sst-2_fp16_h0.0001_seed16 step=9800 loss+=0.256956 loss-=0.275812 dh=-94.282 sec=1.500
sst-2_fp16_h0.0001_seed16 step=9825 loss+=0.160174 loss-=0.153036 dh=35.6912 sec=1.487
sst-2_fp16_h0.0001_seed16 step=9850 loss+=0.394683 loss-=0.39577 dh=-5.43657 sec=1.374
sst-2_fp16_h0.0001_seed16 step=9875 loss+=0.209199 loss-=0.212895 dh=-18.4775 sec=1.762
sst-2_fp16_h0.0001_seed16 step=9900 loss+=0.104344 loss-=0.106312 dh=-9.83914 sec=1.375
sst-2_fp16_h0.0001_seed16 step=9925 loss+=0.339571 loss-=0.348717 dh=-45.7293 sec=1.500
sst-2_fp16_h0.0001_seed16 step=9950 loss+=0.0807474 loss-=0.0806053 dh=0.710359 sec=1.458
sst-2_fp16_h0.0001_seed16 step=9975 loss+=0.0498493 loss-=0.0498734 dh=-0.120255 sec=1.375
sst-2_fp16_h0.0001_seed16 step=10000 loss+=0.0854348 loss-=0.0814473 dh=19.9375 sec=1.472
eval step=10000 {'eval_acc': 0.9357798165137615, 'eval_loss': 0.18361560827539808, 'eval_examples': 872}
sst-2_fp16_h0.0001_seed16 step=10025 loss+=0.231395 loss-=0.221581 dh=49.0685 sec=1.375
sst-2_fp16_h0.0001_seed16 step=10050 loss+=0.426166 loss-=0.436906 dh=-53.7003 sec=1.469
sst-2_fp16_h0.0001_seed16 step=10075 loss+=0.156484 loss-=0.166672 dh=-50.9376 sec=1.375
sst-2_fp16_h0.0001_seed16 step=10100 loss+=0.53017 loss-=0.535309 dh=-25.6933 sec=1.499
sst-2_fp16_h0.0001_seed16 step=10125 loss+=0.184892 loss-=0.181838 dh=15.2671 sec=1.460
sst-2_fp16_h0.0001_seed16 step=10150 loss+=0.2257 loss-=0.228341 dh=-13.2072 sec=1.500
sst-2_fp16_h0.0001_seed16 step=10175 loss+=0.216714 loss-=0.21563 dh=5.41675 sec=1.501
sst-2_fp16_h0.0001_seed16 step=10200 loss+=0.0895335 loss-=0.0915288 dh=-9.97672 sec=1.501
sst-2_fp16_h0.0001_seed16 step=10225 loss+=0.344439 loss-=0.332278 dh=60.8056 sec=1.471
sst-2_fp16_h0.0001_seed16 step=10250 loss+=0.175105 loss-=0.181211 dh=-30.5304 sec=1.460
sst-2_fp16_h0.0001_seed16 step=10275 loss+=0.394312 loss-=0.370412 dh=119.498 sec=1.459
sst-2_fp16_h0.0001_seed16 step=10300 loss+=0.462295 loss-=0.468047 dh=-28.7575 sec=1.499
sst-2_fp16_h0.0001_seed16 step=10325 loss+=0.275185 loss-=0.255593 dh=97.9582 sec=1.375
sst-2_fp16_h0.0001_seed16 step=10350 loss+=0.213963 loss-=0.220813 dh=-34.2477 sec=1.499
sst-2_fp16_h0.0001_seed16 step=10375 loss+=0.166333 loss-=0.153372 dh=64.8066 sec=1.500
sst-2_fp16_h0.0001_seed16 step=10400 loss+=0.0710957 loss-=0.0765789 dh=-27.4159 sec=1.458
sst-2_fp16_h0.0001_seed16 step=10425 loss+=0.32607 loss-=0.298111 dh=139.796 sec=1.501
sst-2_fp16_h0.0001_seed16 step=10450 loss+=0.467828 loss-=0.442463 dh=126.824 sec=1.375
sst-2_fp16_h0.0001_seed16 step=10475 loss+=0.330236 loss-=0.330967 dh=-3.6565 sec=1.375
sst-2_fp16_h0.0001_seed16 step=10500 loss+=0.217816 loss-=0.228012 dh=-50.9761 sec=1.458
eval step=10500 {'eval_acc': 0.9380733944954128, 'eval_loss': 0.17956060266662646, 'eval_examples': 872}
sst-2_fp16_h0.0001_seed16 step=10525 loss+=0.155489 loss-=0.149614 dh=29.3755 sec=1.457
sst-2_fp16_h0.0001_seed16 step=10550 loss+=0.398844 loss-=0.388249 dh=52.9774 sec=1.499
sst-2_fp16_h0.0001_seed16 step=10575 loss+=0.133956 loss-=0.141514 dh=-37.7918 sec=1.375
sst-2_fp16_h0.0001_seed16 step=10600 loss+=0.319076 loss-=0.324566 dh=-27.4505 sec=1.458
sst-2_fp16_h0.0001_seed16 step=10625 loss+=0.290557 loss-=0.275996 dh=72.8063 sec=1.362
sst-2_fp16_h0.0001_seed16 step=10650 loss+=0.274805 loss-=0.253045 dh=108.799 sec=1.375
sst-2_fp16_h0.0001_seed16 step=10675 loss+=0.494168 loss-=0.488131 dh=30.1823 sec=1.499
sst-2_fp16_h0.0001_seed16 step=10700 loss+=0.291466 loss-=0.279398 dh=60.339 sec=1.375
sst-2_fp16_h0.0001_seed16 step=10725 loss+=0.181465 loss-=0.198711 dh=-86.2285 sec=1.486
sst-2_fp16_h0.0001_seed16 step=10750 loss+=0.183612 loss-=0.192834 dh=-46.1121 sec=1.501
sst-2_fp16_h0.0001_seed16 step=10775 loss+=0.164306 loss-=0.15977 dh=22.6824 sec=1.501
sst-2_fp16_h0.0001_seed16 step=10800 loss+=0.0878175 loss-=0.0931796 dh=-26.8105 sec=1.487
sst-2_fp16_h0.0001_seed16 step=10825 loss+=0.070324 loss-=0.0690913 dh=6.16378 sec=1.501
sst-2_fp16_h0.0001_seed16 step=10850 loss+=0.272238 loss-=0.252738 dh=97.4996 sec=1.375
sst-2_fp16_h0.0001_seed16 step=10875 loss+=0.417095 loss-=0.429377 dh=-61.4097 sec=1.374
sst-2_fp16_h0.0001_seed16 step=10900 loss+=0.245251 loss-=0.259783 dh=-72.6614 sec=1.499
sst-2_fp16_h0.0001_seed16 step=10925 loss+=0.274152 loss-=0.266644 dh=37.5375 sec=1.502
sst-2_fp16_h0.0001_seed16 step=10950 loss+=0.296418 loss-=0.310424 dh=-70.0328 sec=1.499
sst-2_fp16_h0.0001_seed16 step=10975 loss+=0.26412 loss-=0.260843 dh=16.3886 sec=1.376
sst-2_fp16_h0.0001_seed16 step=11000 loss+=0.170321 loss-=0.181761 dh=-57.1986 sec=1.501
eval step=11000 {'eval_acc': 0.9403669724770642, 'eval_loss': 0.1764817383997954, 'eval_examples': 872}
sst-2_fp16_h0.0001_seed16 step=11025 loss+=0.336832 loss-=0.34333 dh=-32.4925 sec=1.500
sst-2_fp16_h0.0001_seed16 step=11050 loss+=0.268225 loss-=0.271851 dh=-18.1261 sec=1.375
sst-2_fp16_h0.0001_seed16 step=11075 loss+=0.151856 loss-=0.167172 dh=-76.5797 sec=1.501
sst-2_fp16_h0.0001_seed16 step=11100 loss+=0.240171 loss-=0.232617 dh=37.7726 sec=1.502
sst-2_fp16_h0.0001_seed16 step=11125 loss+=0.243136 loss-=0.246101 dh=-14.8274 sec=1.375
sst-2_fp16_h0.0001_seed16 step=11150 loss+=0.0366524 loss-=0.0357531 dh=4.49658 sec=1.362
sst-2_fp16_h0.0001_seed16 step=11175 loss+=0.35294 loss-=0.363519 dh=-52.8948 sec=1.459
sst-2_fp16_h0.0001_seed16 step=11200 loss+=0.169211 loss-=0.176175 dh=-34.8172 sec=1.459
sst-2_fp16_h0.0001_seed16 step=11225 loss+=0.1493 loss-=0.149618 dh=-1.58847 sec=1.501
sst-2_fp16_h0.0001_seed16 step=11250 loss+=0.0630019 loss-=0.0625971 dh=2.02398 sec=1.501
sst-2_fp16_h0.0001_seed16 step=11275 loss+=0.205932 loss-=0.207272 dh=-6.6983 sec=1.458
sst-2_fp16_h0.0001_seed16 step=11300 loss+=0.406152 loss-=0.392229 dh=69.6136 sec=1.500
sst-2_fp16_h0.0001_seed16 step=11325 loss+=0.19224 loss-=0.190698 dh=7.70986 sec=1.502
sst-2_fp16_h0.0001_seed16 step=11350 loss+=0.105073 loss-=0.10742 dh=-11.732 sec=1.459
sst-2_fp16_h0.0001_seed16 step=11375 loss+=0.15216 loss-=0.153708 dh=-7.73646 sec=1.457
sst-2_fp16_h0.0001_seed16 step=11400 loss+=0.266241 loss-=0.271158 dh=-24.5823 sec=1.457
sst-2_fp16_h0.0001_seed16 step=11425 loss+=0.311757 loss-=0.306886 dh=24.3531 sec=1.374
sst-2_fp16_h0.0001_seed16 step=11450 loss+=0.205581 loss-=0.208497 dh=-14.5773 sec=1.375
sst-2_fp16_h0.0001_seed16 step=11475 loss+=0.112168 loss-=0.0831893 dh=144.893 sec=1.501
sst-2_fp16_h0.0001_seed16 step=11500 loss+=0.20603 loss-=0.218915 dh=-64.4264 sec=1.363
eval step=11500 {'eval_acc': 0.9392201834862385, 'eval_loss': 0.17753656014026817, 'eval_examples': 872}
sst-2_fp16_h0.0001_seed16 step=11525 loss+=0.188784 loss-=0.188508 dh=1.38146 sec=1.470
sst-2_fp16_h0.0001_seed16 step=11550 loss+=0.316206 loss-=0.317764 dh=-7.79038 sec=1.501
sst-2_fp16_h0.0001_seed16 step=11575 loss+=0.0664761 loss-=0.0633897 dh=15.432 sec=1.459
sst-2_fp16_h0.0001_seed16 step=11600 loss+=0.111994 loss-=0.104373 dh=38.1052 sec=1.500
sst-2_fp16_h0.0001_seed16 step=11625 loss+=0.217326 loss-=0.227614 dh=-51.4369 sec=1.501
sst-2_fp16_h0.0001_seed16 step=11650 loss+=0.0979087 loss-=0.0994396 dh=-7.65474 sec=1.500
sst-2_fp16_h0.0001_seed16 step=11675 loss+=0.264669 loss-=0.262987 dh=8.40888 sec=1.460
sst-2_fp16_h0.0001_seed16 step=11700 loss+=0.126053 loss-=0.1223 dh=18.7679 sec=1.500
sst-2_fp16_h0.0001_seed16 step=11725 loss+=0.184743 loss-=0.181974 dh=13.8471 sec=1.501
sst-2_fp16_h0.0001_seed16 step=11750 loss+=0.167198 loss-=0.198798 dh=-158 sec=1.501
sst-2_fp16_h0.0001_seed16 step=11775 loss+=0.0946893 loss-=0.094164 dh=2.62652 sec=1.499
sst-2_fp16_h0.0001_seed16 step=11800 loss+=0.238085 loss-=0.264187 dh=-130.512 sec=1.374
sst-2_fp16_h0.0001_seed16 step=11825 loss+=0.289203 loss-=0.2865 dh=13.5178 sec=1.458
sst-2_fp16_h0.0001_seed16 step=11850 loss+=0.585778 loss-=0.596585 dh=-54.0362 sec=1.459
sst-2_fp16_h0.0001_seed16 step=11875 loss+=0.212161 loss-=0.217084 dh=-24.6113 sec=1.375
sst-2_fp16_h0.0001_seed16 step=11900 loss+=0.150027 loss-=0.149976 dh=0.258204 sec=1.458
sst-2_fp16_h0.0001_seed16 step=11925 loss+=0.299975 loss-=0.319987 dh=-100.061 sec=1.375
sst-2_fp16_h0.0001_seed16 step=11950 loss+=0.538667 loss-=0.541481 dh=-14.0669 sec=1.375
sst-2_fp16_h0.0001_seed16 step=11975 loss+=0.147127 loss-=0.153757 dh=-33.151 sec=1.503
sst-2_fp16_h0.0001_seed16 step=12000 loss+=0.0982912 loss-=0.0876278 dh=53.3171 sec=1.458
eval step=12000 {'eval_acc': 0.9392201834862385, 'eval_loss': 0.18116582979858264, 'eval_examples': 872}
sst-2_fp16_h0.0001_seed16 step=12025 loss+=0.149369 loss-=0.163383 dh=-70.0713 sec=1.501
sst-2_fp16_h0.0001_seed16 step=12050 loss+=0.0951329 loss-=0.103763 dh=-43.152 sec=1.500
sst-2_fp16_h0.0001_seed16 step=12075 loss+=0.109042 loss-=0.113685 dh=-23.215 sec=1.363
sst-2_fp16_h0.0001_seed16 step=12100 loss+=0.489649 loss-=0.48879 dh=4.29687 sec=1.473
sst-2_fp16_h0.0001_seed16 step=12125 loss+=0.313184 loss-=0.261821 dh=256.814 sec=1.375
sst-2_fp16_h0.0001_seed16 step=12150 loss+=0.18412 loss-=0.180277 dh=19.218 sec=1.458
sst-2_fp16_h0.0001_seed16 step=12175 loss+=0.328302 loss-=0.323221 dh=25.4072 sec=1.459
sst-2_fp16_h0.0001_seed16 step=12200 loss+=0.403155 loss-=0.407167 dh=-20.0618 sec=1.375
sst-2_fp16_h0.0001_seed16 step=12225 loss+=0.184487 loss-=0.170331 dh=70.7773 sec=1.373
sst-2_fp16_h0.0001_seed16 step=12250 loss+=0.328936 loss-=0.347179 dh=-91.2118 sec=1.374
sst-2_fp16_h0.0001_seed16 step=12275 loss+=0.254896 loss-=0.252969 dh=9.6317 sec=1.500
sst-2_fp16_h0.0001_seed16 step=12300 loss+=0.354613 loss-=0.349484 dh=25.6459 sec=1.458
sst-2_fp16_h0.0001_seed16 step=12325 loss+=0.0677536 loss-=0.0687589 dh=-5.02654 sec=1.501
sst-2_fp16_h0.0001_seed16 step=12350 loss+=0.20545 loss-=0.195139 dh=51.5541 sec=1.374
sst-2_fp16_h0.0001_seed16 step=12375 loss+=0.150433 loss-=0.155661 dh=-26.1384 sec=1.376
sst-2_fp16_h0.0001_seed16 step=12400 loss+=0.152907 loss-=0.154671 dh=-8.82262 sec=1.499
sst-2_fp16_h0.0001_seed16 step=12425 loss+=0.149383 loss-=0.141667 dh=38.5809 sec=1.373
sst-2_fp16_h0.0001_seed16 step=12450 loss+=0.202519 loss-=0.20356 dh=-5.20181 sec=1.361
sst-2_fp16_h0.0001_seed16 step=12475 loss+=0.112036 loss-=0.113552 dh=-7.58321 sec=1.471
sst-2_fp16_h0.0001_seed16 step=12500 loss+=0.0880437 loss-=0.0912602 dh=-16.0824 sec=1.500
eval step=12500 {'eval_acc': 0.9334862385321101, 'eval_loss': 0.1838880443129552, 'eval_examples': 872}
sst-2_fp16_h0.0001_seed16 step=12525 loss+=0.344048 loss-=0.340528 dh=17.5991 sec=1.500
sst-2_fp16_h0.0001_seed16 step=12550 loss+=0.0897437 loss-=0.0866791 dh=15.3229 sec=1.501
sst-2_fp16_h0.0001_seed16 step=12575 loss+=0.08559 loss-=0.0901031 dh=-22.5653 sec=1.473
sst-2_fp16_h0.0001_seed16 step=12600 loss+=0.146585 loss-=0.150934 dh=-21.7422 sec=1.500
sst-2_fp16_h0.0001_seed16 step=12625 loss+=0.153354 loss-=0.154243 dh=-4.44077 sec=1.500
sst-2_fp16_h0.0001_seed16 step=12650 loss+=0.0538496 loss-=0.0551805 dh=-6.65423 sec=1.488
sst-2_fp16_h0.0001_seed16 step=12675 loss+=0.133392 loss-=0.127958 dh=27.1721 sec=1.375
sst-2_fp16_h0.0001_seed16 step=12700 loss+=0.226177 loss-=0.229242 dh=-15.3222 sec=1.471
sst-2_fp16_h0.0001_seed16 step=12725 loss+=0.103285 loss-=0.0964099 dh=34.3769 sec=1.500
sst-2_fp16_h0.0001_seed16 step=12750 loss+=0.0557074 loss-=0.0580522 dh=-11.7243 sec=1.375
sst-2_fp16_h0.0001_seed16 step=12775 loss+=0.337264 loss-=0.345499 dh=-41.1756 sec=1.471
sst-2_fp16_h0.0001_seed16 step=12800 loss+=0.20509 loss-=0.224773 dh=-98.4149 sec=1.471
sst-2_fp16_h0.0001_seed16 step=12825 loss+=0.130357 loss-=0.122057 dh=41.5007 sec=1.501
sst-2_fp16_h0.0001_seed16 step=12850 loss+=0.410601 loss-=0.403808 dh=33.9614 sec=1.459
sst-2_fp16_h0.0001_seed16 step=12875 loss+=0.311023 loss-=0.319255 dh=-41.1586 sec=1.500
sst-2_fp16_h0.0001_seed16 step=12900 loss+=0.260771 loss-=0.293387 dh=-163.079 sec=1.374
sst-2_fp16_h0.0001_seed16 step=12925 loss+=0.0722761 loss-=0.0683795 dh=19.483 sec=1.499
sst-2_fp16_h0.0001_seed16 step=12950 loss+=0.165032 loss-=0.140863 dh=120.844 sec=1.500
sst-2_fp16_h0.0001_seed16 step=12975 loss+=0.406064 loss-=0.388336 dh=88.6371 sec=1.500
sst-2_fp16_h0.0001_seed16 step=13000 loss+=0.489987 loss-=0.488719 dh=6.33777 sec=1.500
eval step=13000 {'eval_acc': 0.9357798165137615, 'eval_loss': 0.1850842743772381, 'eval_examples': 872}
sst-2_fp16_h0.0001_seed16 step=13025 loss+=0.423392 loss-=0.446698 dh=-116.53 sec=1.459
sst-2_fp16_h0.0001_seed16 step=13050 loss+=0.0858667 loss-=0.0855392 dh=1.63777 sec=1.487
sst-2_fp16_h0.0001_seed16 step=13075 loss+=0.116195 loss-=0.101418 dh=73.8848 sec=1.376
sst-2_fp16_h0.0001_seed16 step=13100 loss+=0.231508 loss-=0.234154 dh=-13.2285 sec=1.375
sst-2_fp16_h0.0001_seed16 step=13125 loss+=0.483267 loss-=0.489903 dh=-33.1773 sec=1.374
sst-2_fp16_h0.0001_seed16 step=13150 loss+=0.479977 loss-=0.480566 dh=-2.94463 sec=1.499
sst-2_fp16_h0.0001_seed16 step=13175 loss+=0.145152 loss-=0.159367 dh=-71.075 sec=1.499
sst-2_fp16_h0.0001_seed16 step=13200 loss+=0.266771 loss-=0.263229 dh=17.7094 sec=1.501
sst-2_fp16_h0.0001_seed16 step=13225 loss+=0.327027 loss-=0.314806 dh=61.1067 sec=1.501
sst-2_fp16_h0.0001_seed16 step=13250 loss+=0.283025 loss-=0.317211 dh=-170.931 sec=1.502
sst-2_fp16_h0.0001_seed16 step=13275 loss+=0.138261 loss-=0.147149 dh=-44.4428 sec=1.375
sst-2_fp16_h0.0001_seed16 step=13300 loss+=0.38924 loss-=0.401478 dh=-61.1916 sec=1.461
sst-2_fp16_h0.0001_seed16 step=13325 loss+=0.164792 loss-=0.160595 dh=20.9851 sec=1.459
sst-2_fp16_h0.0001_seed16 step=13350 loss+=0.305689 loss-=0.280809 dh=124.397 sec=1.375
sst-2_fp16_h0.0001_seed16 step=13375 loss+=0.128576 loss-=0.127272 dh=6.51849 sec=1.375
sst-2_fp16_h0.0001_seed16 step=13400 loss+=0.038579 loss-=0.0381127 dh=2.33144 sec=1.501
sst-2_fp16_h0.0001_seed16 step=13425 loss+=0.27107 loss-=0.263638 dh=37.1579 sec=1.458
sst-2_fp16_h0.0001_seed16 step=13450 loss+=0.190949 loss-=0.185522 dh=27.1328 sec=1.362
sst-2_fp16_h0.0001_seed16 step=13475 loss+=0.201485 loss-=0.198282 dh=16.0111 sec=1.375
sst-2_fp16_h0.0001_seed16 step=13500 loss+=0.0780444 loss-=0.082014 dh=-19.8479 sec=1.500
eval step=13500 {'eval_acc': 0.9311926605504587, 'eval_loss': 0.18816259540318417, 'eval_examples': 872}
sst-2_fp16_h0.0001_seed16 step=13525 loss+=0.0701001 loss-=0.0683002 dh=8.99955 sec=1.375
sst-2_fp16_h0.0001_seed16 step=13550 loss+=0.166961 loss-=0.164475 dh=12.43 sec=1.457
sst-2_fp16_h0.0001_seed16 step=13575 loss+=0.410364 loss-=0.42324 dh=-64.3799 sec=1.500
sst-2_fp16_h0.0001_seed16 step=13600 loss+=0.302327 loss-=0.308731 dh=-32.0214 sec=1.501
sst-2_fp16_h0.0001_seed16 step=13625 loss+=0.114791 loss-=0.111148 dh=18.211 sec=1.459
sst-2_fp16_h0.0001_seed16 step=13650 loss+=0.231341 loss-=0.22586 dh=27.4051 sec=1.502
sst-2_fp16_h0.0001_seed16 step=13675 loss+=0.718803 loss-=0.714976 dh=19.1362 sec=1.375
sst-2_fp16_h0.0001_seed16 step=13700 loss+=0.603294 loss-=0.583714 dh=97.9 sec=1.500
sst-2_fp16_h0.0001_seed16 step=13725 loss+=0.146024 loss-=0.154903 dh=-44.3948 sec=1.375
sst-2_fp16_h0.0001_seed16 step=13750 loss+=0.136067 loss-=0.145284 dh=-46.0857 sec=1.468
sst-2_fp16_h0.0001_seed16 step=13775 loss+=0.259754 loss-=0.279045 dh=-96.4572 sec=1.501
sst-2_fp16_h0.0001_seed16 step=13800 loss+=0.190064 loss-=0.189431 dh=3.16556 sec=1.471
sst-2_fp16_h0.0001_seed16 step=13825 loss+=0.0638924 loss-=0.0685569 dh=-23.3225 sec=1.460
sst-2_fp16_h0.0001_seed16 step=13850 loss+=0.377234 loss-=0.38086 dh=-18.1276 sec=1.375
sst-2_fp16_h0.0001_seed16 step=13875 loss+=0.175919 loss-=0.166141 dh=48.892 sec=1.501
sst-2_fp16_h0.0001_seed16 step=13900 loss+=0.101975 loss-=0.110216 dh=-41.2041 sec=1.500
sst-2_fp16_h0.0001_seed16 step=13925 loss+=0.0588718 loss-=0.0617594 dh=-14.4378 sec=1.501
sst-2_fp16_h0.0001_seed16 step=13950 loss+=0.352159 loss-=0.380313 dh=-140.77 sec=1.472
sst-2_fp16_h0.0001_seed16 step=13975 loss+=0.305605 loss-=0.312674 dh=-35.3465 sec=1.501
sst-2_fp16_h0.0001_seed16 step=14000 loss+=0.089674 loss-=0.0807906 dh=44.4172 sec=1.501
eval step=14000 {'eval_acc': 0.9311926605504587, 'eval_loss': 0.1926982507991835, 'eval_examples': 872}
sst-2_fp16_h0.0001_seed16 step=14025 loss+=0.118903 loss-=0.121102 dh=-10.9991 sec=1.501
sst-2_fp16_h0.0001_seed16 step=14050 loss+=0.115317 loss-=0.10823 dh=35.4363 sec=1.363
sst-2_fp16_h0.0001_seed16 step=14075 loss+=0.0694723 loss-=0.0657957 dh=18.3829 sec=1.499
sst-2_fp16_h0.0001_seed16 step=14100 loss+=0.0842812 loss-=0.0799245 dh=21.7835 sec=1.501
sst-2_fp16_h0.0001_seed16 step=14125 loss+=0.0671061 loss-=0.0643926 dh=13.5672 sec=1.457
sst-2_fp16_h0.0001_seed16 step=14150 loss+=0.278654 loss-=0.303803 dh=-125.747 sec=1.460
sst-2_fp16_h0.0001_seed16 step=14175 loss+=0.195605 loss-=0.214216 dh=-93.0526 sec=1.502
sst-2_fp16_h0.0001_seed16 step=14200 loss+=0.131985 loss-=0.134013 dh=-10.1406 sec=1.503
sst-2_fp16_h0.0001_seed16 step=14225 loss+=0.0753853 loss-=0.0743069 dh=5.39209 sec=1.375
sst-2_fp16_h0.0001_seed16 step=14250 loss+=0.135619 loss-=0.128813 dh=34.0327 sec=1.501
sst-2_fp16_h0.0001_seed16 step=14275 loss+=0.221758 loss-=0.214346 dh=37.0595 sec=1.501
sst-2_fp16_h0.0001_seed16 step=14300 loss+=0.140428 loss-=0.142519 dh=-10.4559 sec=1.501
sst-2_fp16_h0.0001_seed16 step=14325 loss+=0.178962 loss-=0.174928 dh=20.1683 sec=1.459
sst-2_fp16_h0.0001_seed16 step=14350 loss+=0.0699694 loss-=0.0683116 dh=8.28881 sec=1.471
sst-2_fp16_h0.0001_seed16 step=14375 loss+=0.118918 loss-=0.119169 dh=-1.25739 sec=1.502
sst-2_fp16_h0.0001_seed16 step=14400 loss+=0.368529 loss-=0.349718 dh=94.0542 sec=1.376
sst-2_fp16_h0.0001_seed16 step=14425 loss+=0.192715 loss-=0.192988 dh=-1.36581 sec=1.460
sst-2_fp16_h0.0001_seed16 step=14450 loss+=0.431595 loss-=0.427912 dh=18.415 sec=1.375
sst-2_fp16_h0.0001_seed16 step=14475 loss+=0.108177 loss-=0.118139 dh=-49.8066 sec=1.375
sst-2_fp16_h0.0001_seed16 step=14500 loss+=0.303375 loss-=0.303751 dh=-1.87863 sec=1.502
eval step=14500 {'eval_acc': 0.9357798165137615, 'eval_loss': 0.19375963685307823, 'eval_examples': 872}
sst-2_fp16_h0.0001_seed16 step=14525 loss+=0.197854 loss-=0.199087 dh=-6.16733 sec=1.473
sst-2_fp16_h0.0001_seed16 step=14550 loss+=0.285204 loss-=0.275591 dh=48.0648 sec=1.472
sst-2_fp16_h0.0001_seed16 step=14575 loss+=0.266474 loss-=0.261484 dh=24.9537 sec=1.375
sst-2_fp16_h0.0001_seed16 step=14600 loss+=0.097425 loss-=0.0969876 dh=2.18737 sec=1.377
sst-2_fp16_h0.0001_seed16 step=14625 loss+=0.0714886 loss-=0.0680259 dh=17.3133 sec=1.501
sst-2_fp16_h0.0001_seed16 step=14650 loss+=0.341288 loss-=0.322218 dh=95.3503 sec=1.500
sst-2_fp16_h0.0001_seed16 step=14675 loss+=0.267325 loss-=0.260547 dh=33.8897 sec=1.500
sst-2_fp16_h0.0001_seed16 step=14700 loss+=0.0684283 loss-=0.0632041 dh=26.1207 sec=1.501
sst-2_fp16_h0.0001_seed16 step=14725 loss+=0.105509 loss-=0.101604 dh=19.5235 sec=1.501
sst-2_fp16_h0.0001_seed16 step=14750 loss+=0.142964 loss-=0.139386 dh=17.8886 sec=1.501
sst-2_fp16_h0.0001_seed16 step=14775 loss+=0.445143 loss-=0.442883 dh=11.3044 sec=1.503
sst-2_fp16_h0.0001_seed16 step=14800 loss+=0.310597 loss-=0.29327 dh=86.6334 sec=1.363
sst-2_fp16_h0.0001_seed16 step=14825 loss+=0.0787303 loss-=0.0708662 dh=39.3203 sec=1.461
sst-2_fp16_h0.0001_seed16 step=14850 loss+=0.23684 loss-=0.230051 dh=33.9419 sec=1.501
sst-2_fp16_h0.0001_seed16 step=14875 loss+=0.283562 loss-=0.25535 dh=141.064 sec=1.501
sst-2_fp16_h0.0001_seed16 step=14900 loss+=0.277221 loss-=0.289987 dh=-63.8307 sec=1.376
sst-2_fp16_h0.0001_seed16 step=14925 loss+=0.372517 loss-=0.37392 dh=-7.01362 sec=1.375
sst-2_fp16_h0.0001_seed16 step=14950 loss+=0.0404118 loss-=0.0405529 dh=-0.70557 sec=1.501
sst-2_fp16_h0.0001_seed16 step=14975 loss+=0.0704663 loss-=0.0698577 dh=3.0428 sec=1.500
sst-2_fp16_h0.0001_seed16 step=15000 loss+=0.0525361 loss-=0.0532933 dh=-3.78622 sec=1.461
eval step=15000 {'eval_acc': 0.9380733944954128, 'eval_loss': 0.19026669469414229, 'eval_examples': 872}
sst-2_fp16_h0.0001_seed16 step=15025 loss+=0.397048 loss-=0.413156 dh=-80.5396 sec=1.486
sst-2_fp16_h0.0001_seed16 step=15050 loss+=0.0531497 loss-=0.0527989 dh=1.75359 sec=1.375
sst-2_fp16_h0.0001_seed16 step=15075 loss+=0.178098 loss-=0.188076 dh=-49.8897 sec=1.459
sst-2_fp16_h0.0001_seed16 step=15100 loss+=0.184935 loss-=0.189829 dh=-24.4694 sec=1.375
sst-2_fp16_h0.0001_seed16 step=15125 loss+=0.312349 loss-=0.313042 dh=-3.46424 sec=1.374
sst-2_fp16_h0.0001_seed16 step=15150 loss+=0.152194 loss-=0.135992 dh=81.0059 sec=1.502
sst-2_fp16_h0.0001_seed16 step=15175 loss+=0.090585 loss-=0.0863997 dh=20.9269 sec=1.375
sst-2_fp16_h0.0001_seed16 step=15200 loss+=0.295942 loss-=0.280222 dh=78.5992 sec=1.364
sst-2_fp16_h0.0001_seed16 step=15225 loss+=0.108836 loss-=0.104622 dh=21.0704 sec=1.460
sst-2_fp16_h0.0001_seed16 step=15250 loss+=0.23843 loss-=0.234259 dh=20.8559 sec=1.375
sst-2_fp16_h0.0001_seed16 step=15275 loss+=0.05996 loss-=0.0624718 dh=-12.5589 sec=1.500
sst-2_fp16_h0.0001_seed16 step=15300 loss+=0.371805 loss-=0.36596 dh=29.2212 sec=1.375
sst-2_fp16_h0.0001_seed16 step=15325 loss+=0.0663838 loss-=0.0676447 dh=-6.30457 sec=1.459
sst-2_fp16_h0.0001_seed16 step=15350 loss+=0.0936749 loss-=0.0904629 dh=16.0604 sec=1.375
sst-2_fp16_h0.0001_seed16 step=15375 loss+=0.223334 loss-=0.251739 dh=-142.024 sec=1.359
sst-2_fp16_h0.0001_seed16 step=15400 loss+=0.093161 loss-=0.0881636 dh=24.9867 sec=1.459
sst-2_fp16_h0.0001_seed16 step=15425 loss+=0.261217 loss-=0.257503 dh=18.569 sec=1.502
sst-2_fp16_h0.0001_seed16 step=15450 loss+=0.0942288 loss-=0.0870481 dh=35.9034 sec=1.501
sst-2_fp16_h0.0001_seed16 step=15475 loss+=0.208435 loss-=0.193083 dh=76.7602 sec=1.363
sst-2_fp16_h0.0001_seed16 step=15500 loss+=0.260305 loss-=0.273573 dh=-66.3393 sec=1.374
eval step=15500 {'eval_acc': 0.9311926605504587, 'eval_loss': 0.1936306972045947, 'eval_examples': 872}
sst-2_fp16_h0.0001_seed16 step=15525 loss+=0.312743 loss-=0.309435 dh=16.5373 sec=1.501
sst-2_fp16_h0.0001_seed16 step=15550 loss+=0.210518 loss-=0.199742 dh=53.8796 sec=1.459
sst-2_fp16_h0.0001_seed16 step=15575 loss+=0.0960865 loss-=0.0812704 dh=74.0806 sec=1.363
sst-2_fp16_h0.0001_seed16 step=15600 loss+=0.147534 loss-=0.1603 dh=-63.8311 sec=1.502
sst-2_fp16_h0.0001_seed16 step=15625 loss+=0.25775 loss-=0.264182 dh=-32.1617 sec=1.499
sst-2_fp16_h0.0001_seed16 step=15650 loss+=0.574633 loss-=0.570327 dh=21.5289 sec=1.375
sst-2_fp16_h0.0001_seed16 step=15675 loss+=0.235225 loss-=0.236237 dh=-5.05955 sec=1.501
sst-2_fp16_h0.0001_seed16 step=15700 loss+=0.18061 loss-=0.192911 dh=-61.504 sec=1.375
sst-2_fp16_h0.0001_seed16 step=15725 loss+=0.0789415 loss-=0.0768026 dh=10.6944 sec=1.374
sst-2_fp16_h0.0001_seed16 step=15750 loss+=0.191857 loss-=0.192495 dh=-3.19007 sec=1.501
sst-2_fp16_h0.0001_seed16 step=15775 loss+=0.148937 loss-=0.145514 dh=17.1148 sec=1.458
sst-2_fp16_h0.0001_seed16 step=15800 loss+=0.146344 loss-=0.124224 dh=110.601 sec=1.501
sst-2_fp16_h0.0001_seed16 step=15825 loss+=0.235287 loss-=0.236329 dh=-5.21308 sec=1.362
sst-2_fp16_h0.0001_seed16 step=15850 loss+=0.0628527 loss-=0.0657589 dh=-14.5314 sec=1.363
sst-2_fp16_h0.0001_seed16 step=15875 loss+=0.0632463 loss-=0.0692954 dh=-30.2458 sec=1.460
sst-2_fp16_h0.0001_seed16 step=15900 loss+=0.0688994 loss-=0.0689337 dh=-0.171497 sec=1.472
sst-2_fp16_h0.0001_seed16 step=15925 loss+=0.0768915 loss-=0.0757275 dh=5.81984 sec=1.460
sst-2_fp16_h0.0001_seed16 step=15950 loss+=0.0238003 loss-=0.0235516 dh=1.24358 sec=1.502
sst-2_fp16_h0.0001_seed16 step=15975 loss+=0.0946605 loss-=0.0706797 dh=119.904 sec=1.501
sst-2_fp16_h0.0001_seed16 step=16000 loss+=0.119834 loss-=0.11832 dh=7.57178 sec=1.501
eval step=16000 {'eval_acc': 0.9288990825688074, 'eval_loss': 0.19058940360170934, 'eval_examples': 872}
sst-2_fp16_h0.0001_seed16 step=16025 loss+=0.285797 loss-=0.276265 dh=47.6612 sec=1.500
sst-2_fp16_h0.0001_seed16 step=16050 loss+=0.54621 loss-=0.571723 dh=-127.569 sec=1.501
sst-2_fp16_h0.0001_seed16 step=16075 loss+=0.144905 loss-=0.14201 dh=14.4761 sec=1.371
sst-2_fp16_h0.0001_seed16 step=16100 loss+=0.0586944 loss-=0.0771669 dh=-92.3625 sec=1.471
sst-2_fp16_h0.0001_seed16 step=16125 loss+=0.241413 loss-=0.248884 dh=-37.3555 sec=1.499
sst-2_fp16_h0.0001_seed16 step=16150 loss+=0.0413163 loss-=0.0426037 dh=-6.4367 sec=1.375
sst-2_fp16_h0.0001_seed16 step=16175 loss+=0.349202 loss-=0.351807 dh=-13.0238 sec=1.501
sst-2_fp16_h0.0001_seed16 step=16200 loss+=0.225473 loss-=0.204446 dh=105.134 sec=1.474
sst-2_fp16_h0.0001_seed16 step=16225 loss+=0.207646 loss-=0.204149 dh=17.4814 sec=1.472
sst-2_fp16_h0.0001_seed16 step=16250 loss+=0.121082 loss-=0.119164 dh=9.59042 sec=1.375
sst-2_fp16_h0.0001_seed16 step=16275 loss+=0.317524 loss-=0.294849 dh=113.375 sec=1.461
sst-2_fp16_h0.0001_seed16 step=16300 loss+=0.0387806 loss-=0.0376623 dh=5.59153 sec=1.460
sst-2_fp16_h0.0001_seed16 step=16325 loss+=0.286311 loss-=0.306227 dh=-99.5806 sec=1.473
sst-2_fp16_h0.0001_seed16 step=16350 loss+=0.0815398 loss-=0.0840048 dh=-12.325 sec=1.460
sst-2_fp16_h0.0001_seed16 step=16375 loss+=0.278006 loss-=0.266743 dh=56.3131 sec=1.500
sst-2_fp16_h0.0001_seed16 step=16400 loss+=0.0674295 loss-=0.0708501 dh=-17.103 sec=1.375
sst-2_fp16_h0.0001_seed16 step=16425 loss+=0.119875 loss-=0.106905 dh=64.8489 sec=1.500
sst-2_fp16_h0.0001_seed16 step=16450 loss+=0.1845 loss-=0.177204 dh=36.4764 sec=1.459
sst-2_fp16_h0.0001_seed16 step=16475 loss+=0.136112 loss-=0.139227 dh=-15.579 sec=1.376
sst-2_fp16_h0.0001_seed16 step=16500 loss+=0.246447 loss-=0.247386 dh=-4.69821 sec=1.460
eval step=16500 {'eval_acc': 0.9323394495412844, 'eval_loss': 0.18573350250750884, 'eval_examples': 872}
sst-2_fp16_h0.0001_seed16 step=16525 loss+=0.137992 loss-=0.163271 dh=-126.395 sec=1.500
sst-2_fp16_h0.0001_seed16 step=16550 loss+=0.113158 loss-=0.116485 dh=-16.6318 sec=1.460
sst-2_fp16_h0.0001_seed16 step=16575 loss+=0.0860427 loss-=0.0809805 dh=25.3115 sec=1.470
sst-2_fp16_h0.0001_seed16 step=16600 loss+=0.60374 loss-=0.606945 dh=-16.0262 sec=1.458
sst-2_fp16_h0.0001_seed16 step=16625 loss+=0.285115 loss-=0.292182 dh=-35.3349 sec=1.497
sst-2_fp16_h0.0001_seed16 step=16650 loss+=0.367596 loss-=0.372168 dh=-22.8619 sec=1.376
sst-2_fp16_h0.0001_seed16 step=16675 loss+=0.208331 loss-=0.204572 dh=18.7939 sec=1.501
sst-2_fp16_h0.0001_seed16 step=16700 loss+=0.382226 loss-=0.375683 dh=32.7179 sec=1.502
sst-2_fp16_h0.0001_seed16 step=16725 loss+=0.209945 loss-=0.218904 dh=-44.7942 sec=1.375
sst-2_fp16_h0.0001_seed16 step=16750 loss+=0.233216 loss-=0.227367 dh=29.2467 sec=1.503
sst-2_fp16_h0.0001_seed16 step=16775 loss+=0.346938 loss-=0.34122 dh=28.5885 sec=1.460
sst-2_fp16_h0.0001_seed16 step=16800 loss+=0.530601 loss-=0.523278 dh=36.6185 sec=1.363
sst-2_fp16_h0.0001_seed16 step=16825 loss+=0.551809 loss-=0.560253 dh=-42.2192 sec=1.502
sst-2_fp16_h0.0001_seed16 step=16850 loss+=0.114786 loss-=0.120534 dh=-28.7369 sec=1.375
sst-2_fp16_h0.0001_seed16 step=16875 loss+=0.248117 loss-=0.242804 dh=26.5632 sec=1.461
sst-2_fp16_h0.0001_seed16 step=16900 loss+=0.215809 loss-=0.233337 dh=-87.6368 sec=1.501
sst-2_fp16_h0.0001_seed16 step=16925 loss+=0.190541 loss-=0.201068 dh=-52.6337 sec=1.501
sst-2_fp16_h0.0001_seed16 step=16950 loss+=0.150681 loss-=0.154031 dh=-16.7516 sec=1.375
sst-2_fp16_h0.0001_seed16 step=16975 loss+=0.341519 loss-=0.350925 dh=-47.0314 sec=1.459
sst-2_fp16_h0.0001_seed16 step=17000 loss+=0.236839 loss-=0.239687 dh=-14.24 sec=1.500
eval step=17000 {'eval_acc': 0.9323394495412844, 'eval_loss': 0.190326543512579, 'eval_examples': 872}
sst-2_fp16_h0.0001_seed16 step=17025 loss+=0.0946546 loss-=0.0958814 dh=-6.13381 sec=1.459
sst-2_fp16_h0.0001_seed16 step=17050 loss+=0.116769 loss-=0.113113 dh=18.2793 sec=1.374
sst-2_fp16_h0.0001_seed16 step=17075 loss+=0.158225 loss-=0.157573 dh=3.25797 sec=1.500
sst-2_fp16_h0.0001_seed16 step=17100 loss+=0.338067 loss-=0.336642 dh=7.12759 sec=1.461
sst-2_fp16_h0.0001_seed16 step=17125 loss+=0.296982 loss-=0.315056 dh=-90.3676 sec=1.374
sst-2_fp16_h0.0001_seed16 step=17150 loss+=0.0955104 loss-=0.0988016 dh=-16.4559 sec=1.460
sst-2_fp16_h0.0001_seed16 step=17175 loss+=0.046852 loss-=0.0482253 dh=-6.86636 sec=1.502
sst-2_fp16_h0.0001_seed16 step=17200 loss+=0.112576 loss-=0.110634 dh=9.7067 sec=1.376
sst-2_fp16_h0.0001_seed16 step=17225 loss+=0.185556 loss-=0.170121 dh=77.1728 sec=1.459
sst-2_fp16_h0.0001_seed16 step=17250 loss+=0.0953341 loss-=0.126441 dh=-155.535 sec=1.375
sst-2_fp16_h0.0001_seed16 step=17275 loss+=0.328381 loss-=0.353015 dh=-123.172 sec=1.374
sst-2_fp16_h0.0001_seed16 step=17300 loss+=0.270883 loss-=0.276905 dh=-30.1132 sec=1.375
sst-2_fp16_h0.0001_seed16 step=17325 loss+=0.0511462 loss-=0.0548685 dh=-18.6115 sec=1.460
sst-2_fp16_h0.0001_seed16 step=17350 loss+=0.22057 loss-=0.218981 dh=7.94716 sec=1.375
sst-2_fp16_h0.0001_seed16 step=17375 loss+=0.127132 loss-=0.126286 dh=4.2308 sec=1.500
sst-2_fp16_h0.0001_seed16 step=17400 loss+=0.0447897 loss-=0.0437177 dh=5.35998 sec=1.500
sst-2_fp16_h0.0001_seed16 step=17425 loss+=0.266896 loss-=0.273935 dh=-35.1923 sec=1.501
sst-2_fp16_h0.0001_seed16 step=17450 loss+=0.32737 loss-=0.318204 dh=45.8308 sec=1.502
sst-2_fp16_h0.0001_seed16 step=17475 loss+=0.0618496 loss-=0.0628444 dh=-4.97391 sec=1.459
sst-2_fp16_h0.0001_seed16 step=17500 loss+=0.13801 loss-=0.130084 dh=39.633 sec=1.459
eval step=17500 {'eval_acc': 0.9288990825688074, 'eval_loss': 0.18959449590536245, 'eval_examples': 872}
sst-2_fp16_h0.0001_seed16 step=17525 loss+=0.273572 loss-=0.293564 dh=-99.9569 sec=1.469
sst-2_fp16_h0.0001_seed16 step=17550 loss+=0.0650525 loss-=0.0705379 dh=-27.4272 sec=1.459
sst-2_fp16_h0.0001_seed16 step=17575 loss+=0.304498 loss-=0.303249 dh=6.24797 sec=1.501
sst-2_fp16_h0.0001_seed16 step=17600 loss+=0.102824 loss-=0.11074 dh=-39.5793 sec=1.500
sst-2_fp16_h0.0001_seed16 step=17625 loss+=0.110068 loss-=0.113951 dh=-19.4137 sec=1.375
sst-2_fp16_h0.0001_seed16 step=17650 loss+=0.302581 loss-=0.320929 dh=-91.7408 sec=1.500
sst-2_fp16_h0.0001_seed16 step=17675 loss+=0.145698 loss-=0.110049 dh=178.247 sec=1.375
sst-2_fp16_h0.0001_seed16 step=17700 loss+=0.101408 loss-=0.114843 dh=-67.1762 sec=1.470
sst-2_fp16_h0.0001_seed16 step=17725 loss+=0.128052 loss-=0.119593 dh=42.2935 sec=1.458
sst-2_fp16_h0.0001_seed16 step=17750 loss+=0.302198 loss-=0.334284 dh=-160.429 sec=1.460
sst-2_fp16_h0.0001_seed16 step=17775 loss+=0.209263 loss-=0.208552 dh=3.55447 sec=1.500
sst-2_fp16_h0.0001_seed16 step=17800 loss+=0.221132 loss-=0.219745 dh=6.93373 sec=1.501
sst-2_fp16_h0.0001_seed16 step=17825 loss+=0.404251 loss-=0.394043 dh=51.0376 sec=1.500
sst-2_fp16_h0.0001_seed16 step=17850 loss+=0.40847 loss-=0.415384 dh=-34.5737 sec=1.374
sst-2_fp16_h0.0001_seed16 step=17875 loss+=0.241178 loss-=0.238706 dh=12.3574 sec=1.501
sst-2_fp16_h0.0001_seed16 step=17900 loss+=0.224092 loss-=0.239234 dh=-75.7114 sec=1.460
sst-2_fp16_h0.0001_seed16 step=17925 loss+=0.0656524 loss-=0.0668014 dh=-5.74496 sec=1.362
sst-2_fp16_h0.0001_seed16 step=17950 loss+=0.368898 loss-=0.410139 dh=-206.205 sec=1.375
sst-2_fp16_h0.0001_seed16 step=17975 loss+=0.655767 loss-=0.649805 dh=29.8112 sec=1.500
sst-2_fp16_h0.0001_seed16 step=18000 loss+=0.0292127 loss-=0.0296353 dh=-2.11294 sec=1.471
eval step=18000 {'eval_acc': 0.9288990825688074, 'eval_loss': 0.1859342003723931, 'eval_examples': 872}
sst-2_fp16_h0.0001_seed16 step=18025 loss+=0.335703 loss-=0.350252 dh=-72.7471 sec=1.500
sst-2_fp16_h0.0001_seed16 step=18050 loss+=0.202995 loss-=0.224248 dh=-106.262 sec=1.376
sst-2_fp16_h0.0001_seed16 step=18075 loss+=0.176139 loss-=0.183085 dh=-34.7284 sec=1.499
sst-2_fp16_h0.0001_seed16 step=18100 loss+=0.511215 loss-=0.566588 dh=-276.861 sec=1.376
sst-2_fp16_h0.0001_seed16 step=18125 loss+=0.35491 loss-=0.396956 dh=-210.23 sec=1.499
sst-2_fp16_h0.0001_seed16 step=18150 loss+=0.0717911 loss-=0.0703843 dh=7.03408 sec=1.362
sst-2_fp16_h0.0001_seed16 step=18175 loss+=0.107308 loss-=0.0992787 dh=40.144 sec=1.460
sst-2_fp16_h0.0001_seed16 step=18200 loss+=0.171409 loss-=0.162642 dh=43.833 sec=1.459
sst-2_fp16_h0.0001_seed16 step=18225 loss+=0.298328 loss-=0.305854 dh=-37.6289 sec=1.374
sst-2_fp16_h0.0001_seed16 step=18250 loss+=0.463522 loss-=0.470969 dh=-37.2357 sec=1.501
sst-2_fp16_h0.0001_seed16 step=18275 loss+=0.320113 loss-=0.326632 dh=-32.5935 sec=1.475
sst-2_fp16_h0.0001_seed16 step=18300 loss+=0.205592 loss-=0.194022 dh=57.8502 sec=1.500
sst-2_fp16_h0.0001_seed16 step=18325 loss+=0.2054 loss-=0.190888 dh=72.5626 sec=1.460
sst-2_fp16_h0.0001_seed16 step=18350 loss+=0.120545 loss-=0.123857 dh=-16.5606 sec=1.375
sst-2_fp16_h0.0001_seed16 step=18375 loss+=0.156083 loss-=0.14625 dh=49.1624 sec=1.362
sst-2_fp16_h0.0001_seed16 step=18400 loss+=0.0703342 loss-=0.0716369 dh=-6.51374 sec=1.471
sst-2_fp16_h0.0001_seed16 step=18425 loss+=0.181554 loss-=0.187574 dh=-30.1023 sec=1.459
sst-2_fp16_h0.0001_seed16 step=18450 loss+=0.0897539 loss-=0.0983293 dh=-42.8771 sec=1.460
sst-2_fp16_h0.0001_seed16 step=18475 loss+=0.398189 loss-=0.393854 dh=21.6759 sec=1.500
sst-2_fp16_h0.0001_seed16 step=18500 loss+=0.153757 loss-=0.152733 dh=5.11932 sec=1.843
eval step=18500 {'eval_acc': 0.930045871559633, 'eval_loss': 0.18276018654893433, 'eval_examples': 872}
sst-2_fp16_h0.0001_seed16 step=18525 loss+=0.345383 loss-=0.35546 dh=-50.3825 sec=1.375
sst-2_fp16_h0.0001_seed16 step=18550 loss+=0.306409 loss-=0.302747 dh=18.3095 sec=1.502
sst-2_fp16_h0.0001_seed16 step=18575 loss+=0.659942 loss-=0.695392 dh=-177.252 sec=1.460
sst-2_fp16_h0.0001_seed16 step=18600 loss+=0.630776 loss-=0.65096 dh=-100.919 sec=1.471
sst-2_fp16_h0.0001_seed16 step=18625 loss+=0.659754 loss-=0.663273 dh=-17.5935 sec=1.502
sst-2_fp16_h0.0001_seed16 step=18650 loss+=0.0667549 loss-=0.0650721 dh=8.41402 sec=1.501
sst-2_fp16_h0.0001_seed16 step=18675 loss+=0.486465 loss-=0.497325 dh=-54.2992 sec=1.501
sst-2_fp16_h0.0001_seed16 step=18700 loss+=0.219493 loss-=0.208688 dh=54.0252 sec=1.375
sst-2_fp16_h0.0001_seed16 step=18725 loss+=0.239789 loss-=0.24634 dh=-32.7559 sec=1.471
sst-2_fp16_h0.0001_seed16 step=18750 loss+=0.167264 loss-=0.159415 dh=39.2416 sec=1.460
sst-2_fp16_h0.0001_seed16 step=18775 loss+=0.256413 loss-=0.240181 dh=81.161 sec=1.459
sst-2_fp16_h0.0001_seed16 step=18800 loss+=0.134811 loss-=0.127103 dh=38.5392 sec=1.459
sst-2_fp16_h0.0001_seed16 step=18825 loss+=0.254956 loss-=0.243254 dh=58.5091 sec=1.499
sst-2_fp16_h0.0001_seed16 step=18850 loss+=0.199173 loss-=0.192977 dh=30.9819 sec=1.375
sst-2_fp16_h0.0001_seed16 step=18875 loss+=0.120415 loss-=0.124484 dh=-20.3454 sec=1.472
sst-2_fp16_h0.0001_seed16 step=18900 loss+=0.0585717 loss-=0.0628726 dh=-21.5047 sec=1.459
sst-2_fp16_h0.0001_seed16 step=18925 loss+=0.161375 loss-=0.159441 dh=9.66872 sec=1.501
sst-2_fp16_h0.0001_seed16 step=18950 loss+=0.345805 loss-=0.347635 dh=-9.1504 sec=1.375
sst-2_fp16_h0.0001_seed16 step=18975 loss+=0.250836 loss-=0.237673 dh=65.8184 sec=1.501
sst-2_fp16_h0.0001_seed16 step=19000 loss+=0.0625561 loss-=0.0639032 dh=-6.73554 sec=1.363
eval step=19000 {'eval_acc': 0.9288990825688074, 'eval_loss': 0.1840534868880833, 'eval_examples': 872}
sst-2_fp16_h0.0001_seed16 step=19025 loss+=0.333287 loss-=0.320802 dh=62.4251 sec=1.498
sst-2_fp16_h0.0001_seed16 step=19050 loss+=0.0491815 loss-=0.0477654 dh=7.08079 sec=1.374
sst-2_fp16_h0.0001_seed16 step=19075 loss+=0.171423 loss-=0.165662 dh=28.8048 sec=1.500
sst-2_fp16_h0.0001_seed16 step=19100 loss+=0.238944 loss-=0.248486 dh=-47.7134 sec=1.375
sst-2_fp16_h0.0001_seed16 step=19125 loss+=0.072649 loss-=0.0692165 dh=17.1624 sec=1.485
sst-2_fp16_h0.0001_seed16 step=19150 loss+=0.0610619 loss-=0.0624003 dh=-6.69239 sec=1.502
sst-2_fp16_h0.0001_seed16 step=19175 loss+=0.11016 loss-=0.116103 dh=-29.7126 sec=1.363
sst-2_fp16_h0.0001_seed16 step=19200 loss+=0.0921268 loss-=0.0979908 dh=-29.3202 sec=1.459
sst-2_fp16_h0.0001_seed16 step=19225 loss+=0.0951153 loss-=0.123013 dh=-139.49 sec=1.501
sst-2_fp16_h0.0001_seed16 step=19250 loss+=0.0566794 loss-=0.0568393 dh=-0.799574 sec=1.375
sst-2_fp16_h0.0001_seed16 step=19275 loss+=0.276055 loss-=0.261705 dh=71.7514 sec=1.375
sst-2_fp16_h0.0001_seed16 step=19300 loss+=0.288324 loss-=0.296439 dh=-40.5755 sec=1.459
sst-2_fp16_h0.0001_seed16 step=19325 loss+=0.0812375 loss-=0.074679 dh=32.7927 sec=1.458
sst-2_fp16_h0.0001_seed16 step=19350 loss+=0.236396 loss-=0.239135 dh=-13.6948 sec=1.459
sst-2_fp16_h0.0001_seed16 step=19375 loss+=0.390483 loss-=0.396366 dh=-29.4146 sec=1.501
sst-2_fp16_h0.0001_seed16 step=19400 loss+=0.130086 loss-=0.128535 dh=7.75378 sec=1.375
sst-2_fp16_h0.0001_seed16 step=19425 loss+=0.196035 loss-=0.19966 dh=-18.1283 sec=1.502
sst-2_fp16_h0.0001_seed16 step=19450 loss+=0.141553 loss-=0.113299 dh=141.27 sec=1.375
sst-2_fp16_h0.0001_seed16 step=19475 loss+=0.28796 loss-=0.302192 dh=-71.1623 sec=1.503
sst-2_fp16_h0.0001_seed16 step=19500 loss+=0.205163 loss-=0.190008 dh=75.7783 sec=1.376
eval step=19500 {'eval_acc': 0.926605504587156, 'eval_loss': 0.1862659880468502, 'eval_examples': 872}
sst-2_fp16_h0.0001_seed16 step=19525 loss+=0.285383 loss-=0.283215 dh=10.838 sec=1.499
sst-2_fp16_h0.0001_seed16 step=19550 loss+=0.149112 loss-=0.157396 dh=-41.4164 sec=1.500
sst-2_fp16_h0.0001_seed16 step=19575 loss+=0.184505 loss-=0.177975 dh=32.6498 sec=1.375
sst-2_fp16_h0.0001_seed16 step=19600 loss+=0.123359 loss-=0.124119 dh=-3.79629 sec=1.459
sst-2_fp16_h0.0001_seed16 step=19625 loss+=0.0613551 loss-=0.060524 dh=4.15554 sec=1.471
sst-2_fp16_h0.0001_seed16 step=19650 loss+=0.111826 loss-=0.107542 dh=21.4241 sec=1.459
sst-2_fp16_h0.0001_seed16 step=19675 loss+=0.195019 loss-=0.194868 dh=0.757012 sec=1.458
sst-2_fp16_h0.0001_seed16 step=19700 loss+=0.246623 loss-=0.26013 dh=-67.5329 sec=1.500
sst-2_fp16_h0.0001_seed16 step=19725 loss+=0.154449 loss-=0.160737 dh=-31.4417 sec=1.471
sst-2_fp16_h0.0001_seed16 step=19750 loss+=0.373165 loss-=0.368547 dh=23.0935 sec=1.503
sst-2_fp16_h0.0001_seed16 step=19775 loss+=0.279327 loss-=0.261573 dh=88.7722 sec=1.375
sst-2_fp16_h0.0001_seed16 step=19800 loss+=0.273331 loss-=0.27288 dh=2.25062 sec=1.375
sst-2_fp16_h0.0001_seed16 step=19825 loss+=0.316255 loss-=0.303134 dh=65.6058 sec=1.501
sst-2_fp16_h0.0001_seed16 step=19850 loss+=0.0698797 loss-=0.0851797 dh=-76.4997 sec=1.501
sst-2_fp16_h0.0001_seed16 step=19875 loss+=0.197861 loss-=0.202455 dh=-22.9669 sec=1.374
sst-2_fp16_h0.0001_seed16 step=19900 loss+=0.139408 loss-=0.140591 dh=-5.91823 sec=1.457
sst-2_fp16_h0.0001_seed16 step=19925 loss+=0.0804266 loss-=0.0736626 dh=33.8202 sec=1.501
sst-2_fp16_h0.0001_seed16 step=19950 loss+=0.307764 loss-=0.31204 dh=-21.3818 sec=1.501
sst-2_fp16_h0.0001_seed16 step=19975 loss+=0.068558 loss-=0.0650274 dh=17.6532 sec=1.457
sst-2_fp16_h0.0001_seed16 step=20000 loss+=0.514838 loss-=0.524989 dh=-50.7553 sec=1.502
eval step=20000 {'eval_acc': 0.926605504587156, 'eval_loss': 0.18696682905210096, 'eval_examples': 872}
{"model": "facebook/opt-2.7b", "mode": "dense", "task_path": "mezo_option", "dataset_mode": "full", "group_size": 128, "master_dtype": "fp16", "direction_distribution": "torch.randn float32 Gaussian; unnormalized", "q": 1, "lr": 3e-07, "lr_source": "slurm/opt13b_int4_roberta_matched_h100.sbatch", "steps": 20000, "eval_every": 500, "checkpoint_every": 500, "batch_size": 16, "microbatch": 2, "train_seed": 16, "data_seed": 16, "direction_seed": 16, "id": "sst-2_fp16_h0.0001_seed16", "kind": "train", "task": "sst-2", "precision": "fp16", "quantizer": "none", "h": 0.0001, "h_policy": "predeclared_grid", "max_seq_len": 128, "status": "complete", "run_type": "full", "steps_completed": 20000, "initial_eval_acc": 0.5630733944954128, "best_eval_acc": 0.9403669724770642, "best_eval_step": 11000, "final_eval_acc": 0.926605504587156, "final_eval_step": 20000, "runtime_sec": 30132.501501083374, "median_step_sec": 1.4603155851364136, "peak_gpu_memory_gib": 11.325278759002686, "train_examples": 67349, "source_path": "/scratch/jy03364/MeZO_/experiments/large_model_extension/opt27b_radius_plateau_20260921/runs/sst-2_fp16_h0.0001_seed16/train.jsonl"}
