[nan-guard] command=python /scratch/jy03364/MeZO_/large_models/run.py --model_name opt-1.3b --task_name MNLI --output_dir /scratch/jy03364/MeZO_/experiments/h_sweep_14h/results/quzo16/opt-1.3b/mnli/h_3e-6/seed_42 --overwrite_output_dir --tag hsweep14h-quzo16-mnli-h3e-6-seed42 --dataset_mode full --num_k 16 --data_seed 42 --train_set_seed 42 --num_dev 0 --trainer zo --load_float16 --zo_quantization_bits 16 --train_as_classification --learning_rate 1e-6 --zo_eps 3e-6 --num_train_epochs 1 --per_device_train_batch_size 16 --gradient_accumulation_steps 1 --lr_scheduler_type constant --evaluation_strategy steps --save_strategy no --eval_steps 5000 --logging_steps 10 --zo_probe_every 200 --zo_probe_num_seeds 16 --zo_probe_log_csv
[nan-guard] cwd=/scratch/jy03364/MeZO_/experiments/h_sweep_14h max_consecutive_nan=100
OurArguments(
_n_gpu=1,
adafactor=False,
adam_beta1=0.9,
adam_beta2=0.999,
adam_epsilon=1e-08,
auto_find_batch_size=False,
bf16=False,
bf16_full_eval=False,
data_seed=42,
dataloader_drop_last=False,
dataloader_num_workers=0,
dataloader_pin_memory=True,
dataset_mode=full,
ddp_backend=None,
ddp_broadcast_buffers=None,
ddp_bucket_cap_mb=None,
ddp_find_unused_parameters=None,
ddp_timeout=1800,
debug=[],
deepspeed=None,
disable_tqdm=False,
dispatch_batches=None,
do_eval=True,
do_predict=False,
do_train=False,
eos_token=<EOS_TOKEN>,
eval_accumulation_steps=None,
eval_delay=0,
eval_steps=5000,
evaluation_strategy=steps,
fp16=False,
fp16_backend=auto,
fp16_full_eval=False,
fp16_opt_level=O1,
fsdp=[],
fsdp_config={'min_num_params': 0, 'xla': False, 'xla_fsdp_grad_ckpt': False},
fsdp_min_num_params=0,
fsdp_transformer_layer_cls_to_wrap=None,
full_determinism=False,
full_dev_ratio=0.1,
gradient_accumulation_steps=1,
gradient_checkpointing=False,
gradient_checkpointing_kwargs=None,
greater_is_better=None,
group_by_length=False,
half_precision_backend=auto,
head_tuning=False,
hub_always_push=False,
hub_model_id=None,
hub_private_repo=False,
hub_strategy=every_save,
hub_token=<HUB_TOKEN>,
icl_sfc=False,
ignore_data_skip=False,
include_inputs_for_metrics=False,
include_tokens_per_second=False,
jit_mode_eval=False,
label_names=None,
label_smoothing_factor=0.0,
learning_rate=1e-06,
length_column_name=length,
linear_probing=False,
load_best_model_at_end=False,
load_bfloat16=False,
load_float16=True,
load_int8=False,
local_rank=0,
log_level=passive,
log_level_replica=warning,
log_on_each_node=True,
logging_dir=/scratch/jy03364/MeZO_/experiments/h_sweep_14h/results/quzo16/opt-1.3b/mnli/h_3e-6/seed_42/runs/Apr17_08-40-18_ra5-4,
logging_first_step=False,
logging_nan_inf_filter=True,
logging_steps=10,
logging_strategy=steps,
lora=False,
lora_alpha=16,
lora_r=8,
lp_early_stopping=False,
lr_scheduler_type=constant,
max_grad_norm=1.0,
max_length=2048,
max_new_tokens=50,
max_steps=-1,
measure_perf_tail=True,
measure_perf_tail_window_steps=10,
metric_for_best_model=None,
model_name=opt-1.3b,
mp_parameters=,
neftune_noise_alpha=None,
no_auto_device=False,
no_cuda=False,
no_eval=False,
no_reparam=True,
non_diff=False,
num_beams=1,
num_dev=0,
num_eval=None,
num_k=16,
num_prefix=5,
num_train=0,
num_train_epochs=1.0,
num_train_sets=None,
only_train_option=True,
optim=adamw_torch,
optim_args=None,
output_dir=/scratch/jy03364/MeZO_/experiments/h_sweep_14h/results/quzo16/opt-1.3b/mnli/h_3e-6/seed_42,
overwrite_output_dir=True,
past_index=-1,
per_device_eval_batch_size=8,
per_device_train_batch_size=16,
prediction_loss_only=False,
prefix_init_by_real_act=True,
prefix_tuning=False,
push_to_hub=False,
push_to_hub_model_id=None,
push_to_hub_organization=None,
push_to_hub_token=<PUSH_TO_HUB_TOKEN>,
ray_scope=last,
remove_unused_columns=True,
report_to=[],
result_file=None,
resume_from_checkpoint=None,
run_name=/scratch/jy03364/MeZO_/experiments/h_sweep_14h/results/quzo16/opt-1.3b/mnli/h_3e-6/seed_42,
sampling=False,
save_model=False,
save_on_each_node=False,
save_on_interrupt=False,
save_safetensors=True,
save_steps=500,
save_strategy=no,
save_total_limit=None,
seed=42,
sfc=False,
skip_memory_metrics=True,
sparse_log_active_fraction=True,
sparse_mask_strategy=percentile_per_layer,
sparse_ratio=1.0,
sparse_scope=trainable_only,
split_batches=False,
tag=hsweep14h-quzo16-mnli-h3e-6-seed42,
task_name=MNLI,
temperature=1.0,
tf32=None,
top_k=None,
top_p=0.95,
torch_compile=False,
torch_compile_backend=None,
torch_compile_mode=None,
torchdynamo=None,
tpu_metrics_debug=False,
tpu_num_cores=None,
train_as_classification=True,
train_set_seed=42,
trainer=zo,
untie_emb=False,
use_cpu=False,
use_ipex=False,
use_legacy_prediction_loop=False,
use_mps_device=False,
use_torchao_float8=False,
verbose=False,
warmup_ratio=0.0,
warmup_steps=0,
weight_decay=0.0,
zo_eps=3e-06,
zo_probe_every=200,
zo_probe_log_csv=True,
zo_probe_num_seeds=16,
zo_quantization=None,
zo_quantization_bits=16,
)
{'loss': 1.2556, 'learning_rate': 1e-06, 'epoch': 0.02}
{'eval_loss': 1.130859375, 'eval_runtime': 36.4947, 'eval_samples_per_second': 268.943, 'eval_steps_per_second': 33.621, 'epoch': 0.02}
{'loss': 1.1687, 'learning_rate': 1e-06, 'epoch': 0.04}
{'eval_loss': 1.150390625, 'eval_runtime': 36.4368, 'eval_samples_per_second': 269.371, 'eval_steps_per_second': 33.675, 'epoch': 0.04}
{'loss': 1.179, 'learning_rate': 1e-06, 'epoch': 0.06}
{'eval_loss': 1.138671875, 'eval_runtime': 36.3946, 'eval_samples_per_second': 269.683, 'eval_steps_per_second': 33.714, 'epoch': 0.06}
{'loss': 1.1611, 'learning_rate': 1e-06, 'epoch': 0.08}
{'eval_loss': 1.1142578125, 'eval_runtime': 36.3689, 'eval_samples_per_second': 269.873, 'eval_steps_per_second': 33.738, 'epoch': 0.08}
{'loss': 1.1612, 'learning_rate': 1e-06, 'epoch': 0.1}
{'eval_loss': 1.1220703125, 'eval_runtime': 36.4772, 'eval_samples_per_second': 269.072, 'eval_steps_per_second': 33.637, 'epoch': 0.1}
{'loss': 1.1638, 'learning_rate': 1e-06, 'epoch': 0.12}
{'eval_loss': 1.130859375, 'eval_runtime': 36.4038, 'eval_samples_per_second': 269.614, 'eval_steps_per_second': 33.705, 'epoch': 0.12}
{'loss': 1.1403, 'learning_rate': 1e-06, 'epoch': 0.14}
{'eval_loss': 1.115234375, 'eval_runtime': 36.4114, 'eval_samples_per_second': 269.559, 'eval_steps_per_second': 33.698, 'epoch': 0.14}
{'loss': 1.139, 'learning_rate': 1e-06, 'epoch': 0.16}
{'eval_loss': 1.1201171875, 'eval_runtime': 36.4606, 'eval_samples_per_second': 269.194, 'eval_steps_per_second': 33.653, 'epoch': 0.16}
{'loss': 1.1288, 'learning_rate': 1e-06, 'epoch': 0.18}
{'eval_loss': 1.1201171875, 'eval_runtime': 36.4343, 'eval_samples_per_second': 269.389, 'eval_steps_per_second': 33.677, 'epoch': 0.18}
{'loss': 1.1513, 'learning_rate': 1e-06, 'epoch': 0.2}
{'eval_loss': 1.142578125, 'eval_runtime': 36.396, 'eval_samples_per_second': 269.673, 'eval_steps_per_second': 33.713, 'epoch': 0.2}
{'loss': 1.1638, 'learning_rate': 1e-06, 'epoch': 0.22}
{'eval_loss': 1.1904296875, 'eval_runtime': 36.4648, 'eval_samples_per_second': 269.164, 'eval_steps_per_second': 33.649, 'epoch': 0.22}
{'loss': 1.162, 'learning_rate': 1e-06, 'epoch': 0.24}
{'eval_loss': 1.1376953125, 'eval_runtime': 36.5118, 'eval_samples_per_second': 268.817, 'eval_steps_per_second': 33.606, 'epoch': 0.24}
{'loss': 1.1764, 'learning_rate': 1e-06, 'epoch': 0.26}
{'eval_loss': 1.1328125, 'eval_runtime': 36.4726, 'eval_samples_per_second': 269.106, 'eval_steps_per_second': 33.642, 'epoch': 0.26}
{'loss': 1.2369, 'learning_rate': 1e-06, 'epoch': 0.29}
{'eval_loss': 1.291015625, 'eval_runtime': 36.3317, 'eval_samples_per_second': 270.15, 'eval_steps_per_second': 33.772, 'epoch': 0.29}
{'loss': 1.1863, 'learning_rate': 1e-06, 'epoch': 0.31}
{'eval_loss': 1.134765625, 'eval_runtime': 36.2575, 'eval_samples_per_second': 270.702, 'eval_steps_per_second': 33.841, 'epoch': 0.31}
{'loss': 1.1745, 'learning_rate': 1e-06, 'epoch': 0.33}
{'eval_loss': 1.181640625, 'eval_runtime': 36.0474, 'eval_samples_per_second': 272.28, 'eval_steps_per_second': 34.039, 'epoch': 0.33}
{'loss': 1.2044, 'learning_rate': 1e-06, 'epoch': 0.35}
{'eval_loss': 1.2158203125, 'eval_runtime': 35.915, 'eval_samples_per_second': 273.284, 'eval_steps_per_second': 34.164, 'epoch': 0.35}
{'loss': 1.2368, 'learning_rate': 1e-06, 'epoch': 0.37}
{'eval_loss': 1.138671875, 'eval_runtime': 35.9251, 'eval_samples_per_second': 273.207, 'eval_steps_per_second': 34.154, 'epoch': 0.37}
{'loss': 1.16, 'learning_rate': 1e-06, 'epoch': 0.39}
{'eval_loss': 1.16796875, 'eval_runtime': 36.0025, 'eval_samples_per_second': 272.62, 'eval_steps_per_second': 34.081, 'epoch': 0.39}
{'loss': 1.1858, 'learning_rate': 1e-06, 'epoch': 0.41}
{'eval_loss': 1.154296875, 'eval_runtime': 35.9679, 'eval_samples_per_second': 272.882, 'eval_steps_per_second': 34.114, 'epoch': 0.41}
{'loss': 1.2332, 'learning_rate': 1e-06, 'epoch': 0.43}
{'eval_loss': 1.306640625, 'eval_runtime': 35.99, 'eval_samples_per_second': 272.715, 'eval_steps_per_second': 34.093, 'epoch': 0.43}
{'loss': 1.1992, 'learning_rate': 1e-06, 'epoch': 0.45}
{'eval_loss': 1.2109375, 'eval_runtime': 35.9236, 'eval_samples_per_second': 273.219, 'eval_steps_per_second': 34.156, 'epoch': 0.45}
{'loss': 1.2695, 'learning_rate': 1e-06, 'epoch': 0.47}
{'eval_loss': 1.1689453125, 'eval_runtime': 35.902, 'eval_samples_per_second': 273.383, 'eval_steps_per_second': 34.176, 'epoch': 0.47}
{'loss': 1.1924, 'learning_rate': 1e-06, 'epoch': 0.49}
{'eval_loss': 1.2333984375, 'eval_runtime': 36.0274, 'eval_samples_per_second': 272.431, 'eval_steps_per_second': 34.057, 'epoch': 0.49}
{'loss': 1.2562, 'learning_rate': 1e-06, 'epoch': 0.51}
{'eval_loss': 1.251953125, 'eval_runtime': 35.8972, 'eval_samples_per_second': 273.42, 'eval_steps_per_second': 34.181, 'epoch': 0.51}
{'loss': 1.1941, 'learning_rate': 1e-06, 'epoch': 0.53}
{'eval_loss': 1.1689453125, 'eval_runtime': 35.9905, 'eval_samples_per_second': 272.711, 'eval_steps_per_second': 34.092, 'epoch': 0.53}
{'loss': 1.2341, 'learning_rate': 1e-06, 'epoch': 0.55}
{'eval_loss': 1.306640625, 'eval_runtime': 35.9505, 'eval_samples_per_second': 273.015, 'eval_steps_per_second': 34.13, 'epoch': 0.55}
{'loss': 1.3834, 'learning_rate': 1e-06, 'epoch': 0.57}
{'eval_loss': 1.2021484375, 'eval_runtime': 35.9726, 'eval_samples_per_second': 272.847, 'eval_steps_per_second': 34.109, 'epoch': 0.57}
{'loss': 1.3461, 'learning_rate': 1e-06, 'epoch': 0.59}
{'eval_loss': 1.2958984375, 'eval_runtime': 35.922, 'eval_samples_per_second': 273.231, 'eval_steps_per_second': 34.157, 'epoch': 0.59}
{'loss': 1.289, 'learning_rate': 1e-06, 'epoch': 0.61}
{'eval_loss': 1.2841796875, 'eval_runtime': 35.9964, 'eval_samples_per_second': 272.666, 'eval_steps_per_second': 34.087, 'epoch': 0.61}
{'loss': 1.376, 'learning_rate': 1e-06, 'epoch': 0.63}
{'eval_loss': 1.5087890625, 'eval_runtime': 36.0121, 'eval_samples_per_second': 272.547, 'eval_steps_per_second': 34.072, 'epoch': 0.63}
{'loss': 1.5338, 'learning_rate': 1e-06, 'epoch': 0.65}
{'eval_loss': 1.359375, 'eval_runtime': 35.9353, 'eval_samples_per_second': 273.13, 'eval_steps_per_second': 34.145, 'epoch': 0.65}
{'loss': 1.2699, 'learning_rate': 1e-06, 'epoch': 0.67}
{'eval_loss': 1.390625, 'eval_runtime': 35.9565, 'eval_samples_per_second': 272.968, 'eval_steps_per_second': 34.125, 'epoch': 0.67}
{'loss': 1.4753, 'learning_rate': 1e-06, 'epoch': 0.69}
{'eval_loss': 1.4189453125, 'eval_runtime': 35.9579, 'eval_samples_per_second': 272.958, 'eval_steps_per_second': 34.123, 'epoch': 0.69}
{'loss': 1.392, 'learning_rate': 1e-06, 'epoch': 0.71}
{'eval_loss': 1.34765625, 'eval_runtime': 36.044, 'eval_samples_per_second': 272.306, 'eval_steps_per_second': 34.042, 'epoch': 0.71}
{'loss': 1.4107, 'learning_rate': 1e-06, 'epoch': 0.73}
{'eval_loss': 1.4013671875, 'eval_runtime': 36.1403, 'eval_samples_per_second': 271.581, 'eval_steps_per_second': 33.951, 'epoch': 0.73}
{'loss': 1.3195, 'learning_rate': 1e-06, 'epoch': 0.75}
{'eval_loss': 1.310546875, 'eval_runtime': 36.0684, 'eval_samples_per_second': 272.122, 'eval_steps_per_second': 34.019, 'epoch': 0.75}
{'loss': 1.4224, 'learning_rate': 1e-06, 'epoch': 0.77}
{'eval_loss': 1.548828125, 'eval_runtime': 36.1012, 'eval_samples_per_second': 271.875, 'eval_steps_per_second': 33.988, 'epoch': 0.77}
{'loss': 1.4616, 'learning_rate': 1e-06, 'epoch': 0.79}
{'eval_loss': 1.4345703125, 'eval_runtime': 35.8672, 'eval_samples_per_second': 273.649, 'eval_steps_per_second': 34.21, 'epoch': 0.79}
{'loss': 1.4796, 'learning_rate': 1e-06, 'epoch': 0.81}
{'eval_loss': 1.380859375, 'eval_runtime': 35.9513, 'eval_samples_per_second': 273.008, 'eval_steps_per_second': 34.13, 'epoch': 0.81}
{'loss': 1.3951, 'learning_rate': 1e-06, 'epoch': 0.84}
{'eval_loss': 1.3603515625, 'eval_runtime': 35.9073, 'eval_samples_per_second': 273.343, 'eval_steps_per_second': 34.171, 'epoch': 0.84}
{'loss': 1.3888, 'learning_rate': 1e-06, 'epoch': 0.86}
{'eval_loss': 1.7861328125, 'eval_runtime': 35.8749, 'eval_samples_per_second': 273.59, 'eval_steps_per_second': 34.202, 'epoch': 0.86}
{'loss': 1.5491, 'learning_rate': 1e-06, 'epoch': 0.88}
{'eval_loss': 1.6103515625, 'eval_runtime': 35.8068, 'eval_samples_per_second': 274.11, 'eval_steps_per_second': 34.267, 'epoch': 0.88}
{'loss': 1.4469, 'learning_rate': 1e-06, 'epoch': 0.9}
{'eval_loss': 1.474609375, 'eval_runtime': 36.0194, 'eval_samples_per_second': 272.492, 'eval_steps_per_second': 34.065, 'epoch': 0.9}
{'loss': 1.6263, 'learning_rate': 1e-06, 'epoch': 0.92}
{'eval_loss': 1.6513671875, 'eval_runtime': 36.325, 'eval_samples_per_second': 270.2, 'eval_steps_per_second': 33.778, 'epoch': 0.92}
{'loss': 2.0469, 'learning_rate': 1e-06, 'epoch': 0.94}
{'eval_loss': 2.431640625, 'eval_runtime': 36.1266, 'eval_samples_per_second': 271.683, 'eval_steps_per_second': 33.964, 'epoch': 0.94}
{'loss': 2.2734, 'learning_rate': 1e-06, 'epoch': 0.96}
{'eval_loss': 2.015625, 'eval_runtime': 35.9958, 'eval_samples_per_second': 272.67, 'eval_steps_per_second': 34.087, 'epoch': 0.96}
{'loss': 2.3449, 'learning_rate': 1e-06, 'epoch': 0.98}
{'eval_loss': 2.630859375, 'eval_runtime': 36.06, 'eval_samples_per_second': 272.185, 'eval_steps_per_second': 34.027, 'epoch': 0.98}
{'loss': 2.7413, 'learning_rate': 1e-06, 'epoch': 1.0}
{'eval_loss': 2.677734375, 'eval_runtime': 36.167, 'eval_samples_per_second': 271.38, 'eval_steps_per_second': 33.926, 'epoch': 1.0}
{'train_runtime': 17713.605, 'train_samples_per_second': 22.17, 'train_steps_per_second': 1.386, 'train_loss': 1.3717080008097702, 'tail_perf_window_steps': 10, 'tail_perf_measured_steps': 10, 'tail_perf_wallclock_per_step': 0.14610552787780762, 'tail_perf_samples_per_second': 109.50988804052146, 'tail_perf_max_gpu_memory_gb': 6.602973937988281, 'epoch': 1.0}
[nan-guard] child exited with code 0.
