[2026-05-21T09:20:13] starting int4_g128_rtnclip_k1_h2e-3_seed16_bs64_ckpt1k
[2026-05-21T09:20:17] step=1/20000 loss=1.66064 d_h=4.63867 eval_acc=None active=0.24211930965246378
[2026-05-21T09:22:38] step=100/20000 loss=1.62549 d_h=-21.2402 eval_acc=None active=0.24211930965246378
[2026-05-21T09:25:01] step=200/20000 loss=1.58447 d_h=-13.916 eval_acc=None active=0.24214316474310976
[2026-05-21T09:27:25] step=300/20000 loss=1.63281 d_h=-25.3906 eval_acc=None active=0.2421009753756516
[2026-05-21T09:29:48] step=400/20000 loss=1.60205 d_h=-10.0098 eval_acc=None active=0.24210770553739597
[2026-05-21T09:32:11] step=500/20000 loss=1.63037 d_h=6.10352 eval_acc=None active=0.24208697787669556
[2026-05-21T09:34:35] step=600/20000 loss=1.60596 d_h=-3.66211 eval_acc=None active=0.24206879547148144
[2026-05-21T09:36:58] step=700/20000 loss=1.60693 d_h=-33.4473 eval_acc=None active=0.2420527336437664
[2026-05-21T09:39:22] step=800/20000 loss=1.65234 d_h=-2.44141 eval_acc=None active=0.24208373232439592
[2026-05-21T09:41:45] step=900/20000 loss=1.59131 d_h=0.244141 eval_acc=None active=0.24209835980924027
[2026-05-21T09:44:14] step=1000/20000 loss=1.5752 d_h=5.37109 eval_acc=0.2611241217798595 active=0.2420603159739222
[2026-05-21T09:46:38] step=1100/20000 loss=1.60938 d_h=9.76562 eval_acc=None active=0.24205648824716328
[2026-05-21T09:49:01] step=1200/20000 loss=1.62207 d_h=0.976562 eval_acc=None active=0.24206165188149786
[2026-05-21T09:51:24] step=1300/20000 loss=1.67432 d_h=34.9121 eval_acc=None active=0.2420555967046338
[2026-05-21T09:53:48] step=1400/20000 loss=1.56934 d_h=-17.0898 eval_acc=None active=0.24204855154994528
[2026-05-21T09:56:11] step=1500/20000 loss=1.64697 d_h=6.5918 eval_acc=None active=0.24202662297864527
[2026-05-21T09:58:34] step=1600/20000 loss=1.5625 d_h=23.4375 eval_acc=None active=0.24201878190428536
[2026-05-21T10:00:58] step=1700/20000 loss=1.63525 d_h=21.7285 eval_acc=None active=0.2420266989144443
[2026-05-21T10:03:22] step=1800/20000 loss=1.61133 d_h=-1.46484 eval_acc=None active=0.24203768148093482
[2026-05-21T10:05:45] step=1900/20000 loss=1.59521 d_h=1.2207 eval_acc=None active=0.2420404207945742
[2026-05-21T10:08:15] step=2000/20000 loss=1.64209 d_h=11.9629 eval_acc=0.27049180327868855 active=0.24200730716131957
[2026-05-21T10:10:39] step=2100/20000 loss=1.63916 d_h=11.9629 eval_acc=None active=0.24202145371943667
[2026-05-21T10:13:02] step=2200/20000 loss=1.62646 d_h=-9.0332 eval_acc=None active=0.24201241735935114
[2026-05-21T10:15:26] step=2300/20000 loss=1.63379 d_h=-16.1133 eval_acc=None active=0.24202097279270945
[2026-05-21T10:17:49] step=2400/20000 loss=1.62207 d_h=-2.92969 eval_acc=None active=0.2420137251425568
[2026-05-21T10:20:13] step=2500/20000 loss=1.53174 d_h=-2.68555 eval_acc=None active=0.24199474681767127
[2026-05-21T10:22:36] step=2600/20000 loss=1.68018 d_h=5.12695 eval_acc=None active=0.24197076516736024
[2026-05-21T10:24:59] step=2700/20000 loss=1.58447 d_h=0.244141 eval_acc=None active=0.24204482225848142
[2026-05-21T10:27:23] step=2800/20000 loss=1.60059 d_h=-8.30078 eval_acc=None active=0.24198828383744203
[2026-05-21T10:29:46] step=2900/20000 loss=1.57568 d_h=-10.0098 eval_acc=None active=0.2419888097631613
[2026-05-21T10:32:12] step=3000/20000 loss=1.62305 d_h=26.3672 eval_acc=0.2681498829039813 active=0.24196679119387726
[2026-05-21T10:34:35] step=3100/20000 loss=1.50293 d_h=15.625 eval_acc=None active=0.24199507306036344
[2026-05-21T10:36:59] step=3200/20000 loss=1.5874 d_h=4.15039 eval_acc=None active=0.24196140537701954
[2026-05-21T10:39:22] step=3300/20000 loss=1.60791 d_h=0.732422 eval_acc=None active=0.24197610317278892
[2026-05-21T10:41:46] step=3400/20000 loss=1.58301 d_h=-38.0859 eval_acc=None active=0.24195290337996428
[2026-05-21T10:44:09] step=3500/20000 loss=1.59277 d_h=-11.7188 eval_acc=None active=0.2419416001956556
[2026-05-21T10:46:32] step=3600/20000 loss=1.6377 d_h=-16.6016 eval_acc=None active=0.2419701014322279
[2026-05-21T10:48:56] step=3700/20000 loss=1.58398 d_h=-2.44141 eval_acc=None active=0.2419626878482922
[2026-05-21T10:51:19] step=3800/20000 loss=1.64697 d_h=17.334 eval_acc=None active=0.24193186916363074
[2026-05-21T10:53:43] step=3900/20000 loss=1.60986 d_h=1.2207 eval_acc=None active=0.24191936788115947
[2026-05-21T10:56:13] step=4000/20000 loss=1.56885 d_h=-11.4746 eval_acc=0.28337236533957844 active=0.24192497869297727
[2026-05-21T10:58:36] step=4100/20000 loss=1.57568 d_h=-0.244141 eval_acc=None active=0.24193264820868013
[2026-05-21T11:01:00] step=4200/20000 loss=1.55762 d_h=-19.5312 eval_acc=None active=0.24194961282867264
[2026-05-21T11:03:23] step=4300/20000 loss=1.58057 d_h=29.0527 eval_acc=None active=0.24194385014525674
[2026-05-21T11:05:47] step=4400/20000 loss=1.53516 d_h=-8.30078 eval_acc=None active=0.24192288905228523
[2026-05-21T11:08:10] step=4500/20000 loss=1.60889 d_h=-17.8223 eval_acc=None active=0.24192192719883074
[2026-05-21T11:10:34] step=4600/20000 loss=1.57715 d_h=-21.4844 eval_acc=None active=0.24191972506065865
[2026-05-21T11:12:57] step=4700/20000 loss=1.57129 d_h=-27.832 eval_acc=None active=0.2419172332414754
[2026-05-21T11:15:20] step=4800/20000 loss=1.55273 d_h=9.76562 eval_acc=None active=0.2418851939591553
[2026-05-21T11:17:44] step=4900/20000 loss=1.50684 d_h=-8.30078 eval_acc=None active=0.24190432696807593
[2026-05-21T11:20:14] step=5000/20000 loss=1.6333 d_h=-10.0098 eval_acc=0.3185011709601874 active=0.24191012902560982
[2026-05-21T11:22:38] step=5100/20000 loss=1.52002 d_h=9.52148 eval_acc=None active=0.24191003902762578
[2026-05-21T11:25:01] step=5200/20000 loss=1.61182 d_h=-17.334 eval_acc=None active=0.24187847223472195
[2026-05-21T11:27:25] step=5300/20000 loss=1.60156 d_h=-3.90625 eval_acc=None active=0.24190337917680643
[2026-05-21T11:29:48] step=5400/20000 loss=1.47803 d_h=10.0098 eval_acc=None active=0.24191113869049333
[2026-05-21T11:32:11] step=5500/20000 loss=1.6123 d_h=3.41797 eval_acc=None active=0.24192509962776834
[2026-05-21T11:34:35] step=5600/20000 loss=1.59863 d_h=12.207 eval_acc=None active=0.2419034860494125
[2026-05-21T11:36:58] step=5700/20000 loss=1.60156 d_h=-6.34766 eval_acc=None active=0.24187479919199809
[2026-05-21T11:39:22] step=5800/20000 loss=1.45117 d_h=7.8125 eval_acc=None active=0.24189065571181206
[2026-05-21T11:41:45] step=5900/20000 loss=1.57178 d_h=0.244141 eval_acc=None active=0.24187007992270973
[2026-05-21T11:44:10] step=6000/20000 loss=1.61426 d_h=-29.7852 eval_acc=0.3009367681498829 active=0.24189606965303978
[2026-05-21T11:46:34] step=6100/20000 loss=1.58447 d_h=17.334 eval_acc=None active=0.24190355917277453
[2026-05-21T11:48:57] step=6200/20000 loss=1.5625 d_h=-5.37109 eval_acc=None active=0.24188788264892866
[2026-05-21T11:51:21] step=6300/20000 loss=1.6582 d_h=-11.7188 eval_acc=None active=0.24186381943794458
[2026-05-21T11:53:44] step=6400/20000 loss=1.62305 d_h=17.0898 eval_acc=None active=0.24186000858580767
[2026-05-21T11:56:07] step=6500/20000 loss=1.61182 d_h=13.916 eval_acc=None active=0.2418877842136336
[2026-05-21T11:58:31] step=6600/20000 loss=1.53906 d_h=3.90625 eval_acc=None active=0.24188148997962447
[2026-05-21T12:00:54] step=6700/20000 loss=1.60107 d_h=7.56836 eval_acc=None active=0.24190106172871728
[2026-05-21T12:03:17] step=6800/20000 loss=1.56934 d_h=-15.625 eval_acc=None active=0.24186039951455088
[2026-05-21T12:05:40] step=6900/20000 loss=1.57373 d_h=-3.17383 eval_acc=None active=0.24185982296496558
[2026-05-21T12:08:08] step=7000/20000 loss=1.62939 d_h=16.3574 eval_acc=0.3337236533957845 active=0.24184915257898223
[2026-05-21T12:10:32] step=7100/20000 loss=1.57861 d_h=-20.752 eval_acc=None active=0.24186606095023472
[2026-05-21T12:12:56] step=7200/20000 loss=1.54248 d_h=-4.15039 eval_acc=None active=0.24183878593619504
[2026-05-21T12:15:19] step=7300/20000 loss=1.59863 d_h=8.30078 eval_acc=None active=0.24187295704576217
[2026-05-21T12:17:42] step=7400/20000 loss=1.625 d_h=-65.4297 eval_acc=None active=0.241866631874946
[2026-05-21T12:20:06] step=7500/20000 loss=1.54443 d_h=-11.4746 eval_acc=None active=0.2418395396693114
[2026-05-21T12:22:29] step=7600/20000 loss=1.59863 d_h=30.7617 eval_acc=None active=0.2418216188207384
[2026-05-21T12:24:52] step=7700/20000 loss=1.59424 d_h=2.68555 eval_acc=None active=0.24183097017376812
[2026-05-21T12:27:15] step=7800/20000 loss=1.49854 d_h=9.0332 eval_acc=None active=0.24181473678739596
[2026-05-21T12:29:39] step=7900/20000 loss=1.60498 d_h=45.166 eval_acc=None active=0.2418163989376638
[2026-05-21T12:32:05] step=8000/20000 loss=1.63086 d_h=-0.488281 eval_acc=0.27400468384074944 active=0.2418325423260519
[2026-05-21T12:34:30] step=8100/20000 loss=1.55078 d_h=0.488281 eval_acc=None active=0.24186110543623823
[2026-05-21T12:36:53] step=8200/20000 loss=1.61523 d_h=-1.46484 eval_acc=None active=0.24183469102792096
[2026-05-21T12:39:16] step=8300/20000 loss=1.66211 d_h=-6.34766 eval_acc=None active=0.24180317204644616
[2026-05-21T12:41:40] step=8400/20000 loss=1.59863 d_h=-16.6016 eval_acc=None active=0.24181010470365463
[2026-05-21T12:44:03] step=8500/20000 loss=1.67529 d_h=23.1934 eval_acc=None active=0.24179896464069206
[2026-05-21T12:46:26] step=8600/20000 loss=1.61523 d_h=-2.92969 eval_acc=None active=0.241798846518338
[2026-05-21T12:48:49] step=8700/20000 loss=1.57568 d_h=-8.05664 eval_acc=None active=0.24179215010583763
[2026-05-21T12:51:13] step=8800/20000 loss=1.5415 d_h=4.15039 eval_acc=None active=0.2418134177544423
[2026-05-21T12:53:36] step=8900/20000 loss=1.61279 d_h=3.66211 eval_acc=None active=0.241856647723591
[2026-05-21T12:56:04] step=9000/20000 loss=1.48584 d_h=-5.12695 eval_acc=0.3255269320843091 active=0.24181052938164185
[2026-05-21T12:58:28] step=9100/20000 loss=1.59912 d_h=-2.68555 eval_acc=None active=0.24178468027316188
[2026-05-21T13:00:51] step=9200/20000 loss=1.67139 d_h=1.70898 eval_acc=None active=0.24180439264410478
[2026-05-21T13:03:14] step=9300/20000 loss=1.6416 d_h=3.41797 eval_acc=None active=0.24179195604768453
[2026-05-21T13:05:38] step=9400/20000 loss=1.56152 d_h=1.95312 eval_acc=None active=0.2417643604158267
[2026-05-21T13:08:01] step=9500/20000 loss=1.56689 d_h=10.0098 eval_acc=None active=0.2417687478175489
[2026-05-21T13:10:24] step=9600/20000 loss=1.65332 d_h=-16.1133 eval_acc=None active=0.24177450206365378
[2026-05-21T13:12:48] step=9700/20000 loss=1.62549 d_h=-9.52148 eval_acc=None active=0.24175029541838264
[2026-05-21T13:15:11] step=9800/20000 loss=1.57959 d_h=4.15039 eval_acc=None active=0.24176648099332576
[2026-05-21T13:17:34] step=9900/20000 loss=1.59766 d_h=8.78906 eval_acc=None active=0.24178765583150938
[2026-05-21T13:20:02] step=10000/20000 loss=1.58057 d_h=-10.0098 eval_acc=0.28454332552693207 active=0.24175911240838205
[2026-05-21T13:22:27] step=10100/20000 loss=1.54199 d_h=3.41797 eval_acc=None active=0.24177000216445152
[2026-05-21T13:24:51] step=10200/20000 loss=1.62012 d_h=13.6719 eval_acc=None active=0.24174539052825217
[2026-05-21T13:27:14] step=10300/20000 loss=1.58496 d_h=-20.5078 eval_acc=None active=0.2417620092184935
[2026-05-21T13:29:37] step=10400/20000 loss=1.62988 d_h=11.2305 eval_acc=None active=0.2417653897677692
[2026-05-21T13:32:01] step=10500/20000 loss=1.6377 d_h=3.90625 eval_acc=None active=0.24174450742303372
[2026-05-21T13:34:24] step=10600/20000 loss=1.53174 d_h=5.61523 eval_acc=None active=0.24176130892168016
[2026-05-21T13:36:48] step=10700/20000 loss=1.57617 d_h=-13.1836 eval_acc=None active=0.24173634010598163
[2026-05-21T13:39:11] step=10800/20000 loss=1.55127 d_h=-12.9395 eval_acc=None active=0.24176568507365434
[2026-05-21T13:41:34] step=10900/20000 loss=1.59766 d_h=-13.6719 eval_acc=None active=0.24174191998099243
[2026-05-21T13:44:03] step=11000/20000 loss=1.59619 d_h=-30.0293 eval_acc=0.3583138173302108 active=0.24176728253787116
[2026-05-21T13:46:27] step=11100/20000 loss=1.59619 d_h=-0.244141 eval_acc=None active=0.24173393828478243
[2026-05-21T13:48:51] step=11200/20000 loss=1.58887 d_h=3.90625 eval_acc=None active=0.24172357164199523
[2026-05-21T13:51:14] step=11300/20000 loss=1.63916 d_h=0.244141 eval_acc=None active=0.24174526396858712
[2026-05-21T13:53:37] step=11400/20000 loss=1.57129 d_h=-2.92969 eval_acc=None active=0.24169710098493793
[2026-05-21T13:56:01] step=11500/20000 loss=1.56982 d_h=6.10352 eval_acc=None active=0.24170966976589725
[2026-05-21T13:58:24] step=11600/20000 loss=1.52441 d_h=-6.34766 eval_acc=None active=0.2417387278649958
[2026-05-21T14:00:48] step=11700/20000 loss=1.54785 d_h=0.488281 eval_acc=None active=0.24170224774465052
[2026-05-21T14:03:11] step=11800/20000 loss=1.53467 d_h=-0.732422 eval_acc=None active=0.24172839778388963
[2026-05-21T14:05:34] step=11900/20000 loss=1.51562 d_h=10.7422 eval_acc=None active=0.24173839037255565
[2026-05-21T14:08:03] step=12000/20000 loss=1.51953 d_h=26.3672 eval_acc=0.373536299765808 active=0.241745050223375
[2026-05-21T14:10:26] step=12100/20000 loss=1.59473 d_h=71.2891 eval_acc=None active=0.24170431769828357
[2026-05-21T14:12:50] step=12200/20000 loss=1.53857 d_h=7.56836 eval_acc=None active=0.24171013944287648
[2026-05-21T14:15:13] step=12300/20000 loss=1.52686 d_h=-10.498 eval_acc=None active=0.2417079710539484
[2026-05-21T14:17:36] step=12400/20000 loss=1.57129 d_h=18.0664 eval_acc=None active=0.24170138432649108
[2026-05-21T14:20:00] step=12500/20000 loss=1.5835 d_h=-6.10352 eval_acc=None active=0.2416805301061256
[2026-05-21T14:22:23] step=12600/20000 loss=1.55811 d_h=9.52148 eval_acc=None active=0.2417061851564525
[2026-05-21T14:24:47] step=12700/20000 loss=1.54346 d_h=22.7051 eval_acc=None active=0.24169889250730783
[2026-05-21T14:27:10] step=12800/20000 loss=1.49951 d_h=-20.2637 eval_acc=None active=0.24167304339882786
[2026-05-21T14:29:33] step=12900/20000 loss=1.60059 d_h=-5.37109 eval_acc=None active=0.24169672693081676
[2026-05-21T14:32:01] step=13000/20000 loss=1.58496 d_h=14.6484 eval_acc=0.3477751756440281 active=0.24167405587614837
[2026-05-21T14:34:25] step=13100/20000 loss=1.58447 d_h=8.05664 eval_acc=None active=0.2416718874872203
[2026-05-21T14:36:48] step=13200/20000 loss=1.61523 d_h=6.83594 eval_acc=None active=0.2416980122145264
[2026-05-21T14:39:12] step=13300/20000 loss=1.56299 d_h=-22.2168 eval_acc=None active=0.24167805797400138
[2026-05-21T14:41:35] step=13400/20000 loss=1.50635 d_h=-5.61523 eval_acc=None active=0.24166459765051262
[2026-05-21T14:43:58] step=13500/20000 loss=1.56885 d_h=-2.19727 eval_acc=None active=0.24171519339216802
[2026-05-21T14:46:21] step=13600/20000 loss=1.48535 d_h=7.32422 eval_acc=None active=0.24169099518420786
[2026-05-21T14:48:45] step=13700/20000 loss=1.54199 d_h=-5.37109 eval_acc=None active=0.2416779061024033
[2026-05-21T14:51:08] step=13800/20000 loss=1.55029 d_h=-18.3105 eval_acc=None active=0.24166879943139274
[2026-05-21T14:53:32] step=13900/20000 loss=1.47461 d_h=-9.76562 eval_acc=None active=0.24168222881807447
[2026-05-21T14:56:02] step=14000/20000 loss=1.53564 d_h=-19.7754 eval_acc=0.41100702576112413 active=0.24167218560554243
[2026-05-21T14:58:25] step=14100/20000 loss=1.52783 d_h=-6.10352 eval_acc=None active=0.24166826788079948
[2026-05-21T15:00:48] step=14200/20000 loss=1.60303 d_h=11.9629 eval_acc=None active=0.2416681272589494
[2026-05-21T15:03:12] step=14300/20000 loss=1.57324 d_h=21.4844 eval_acc=None active=0.24166509263942487
[2026-05-21T15:05:35] step=14400/20000 loss=1.51562 d_h=0.488281 eval_acc=None active=0.24168836836804855
[2026-05-21T15:07:58] step=14500/20000 loss=1.48926 d_h=-7.32422 eval_acc=None active=0.2416545544379806
[2026-05-21T15:10:22] step=14600/20000 loss=1.52197 d_h=-29.541 eval_acc=None active=0.24168621122886846
[2026-05-21T15:12:45] step=14700/20000 loss=1.48242 d_h=-6.83594 eval_acc=None active=0.24163311241828184
[2026-05-21T15:15:08] step=14800/20000 loss=1.56982 d_h=0.732422 eval_acc=None active=0.24165465287327564
[2026-05-21T15:17:32] step=14900/20000 loss=1.56396 d_h=6.10352 eval_acc=None active=0.241651339822488
[2026-05-21T15:19:57] step=15000/20000 loss=1.60303 d_h=16.3574 eval_acc=0.4028103044496487 active=0.2416318721335642
[2026-05-21T15:22:21] step=15100/20000 loss=1.56299 d_h=-1.70898 eval_acc=None active=0.24163867541867062
[2026-05-21T15:24:45] step=15200/20000 loss=1.53223 d_h=5.37109 eval_acc=None active=0.24162220016271635
[2026-05-21T15:27:08] step=15300/20000 loss=1.52686 d_h=-0.732422 eval_acc=None active=0.24165645564539354
[2026-05-21T15:29:31] step=15400/20000 loss=1.52979 d_h=4.63867 eval_acc=None active=0.2416139456601172
[2026-05-21T15:31:54] step=15500/20000 loss=1.50928 d_h=-3.66211 eval_acc=None active=0.2416099463747012
[2026-05-21T15:34:18] step=15600/20000 loss=1.52295 d_h=-3.66211 eval_acc=None active=0.2415833941569709
[2026-05-21T15:36:41] step=15700/20000 loss=1.51074 d_h=26.3672 eval_acc=None active=0.24160520179347983
[2026-05-21T15:39:05] step=15800/20000 loss=1.49902 d_h=2.44141 eval_acc=None active=0.24162563696073208
[2026-05-21T15:41:28] step=15900/20000 loss=1.4624 d_h=0.244141 eval_acc=None active=0.2416047461786856
[2026-05-21T15:43:57] step=16000/20000 loss=1.6084 d_h=3.90625 eval_acc=0.3840749414519906 active=0.2416139484725542
[2026-05-21T15:46:22] step=16100/20000 loss=1.53418 d_h=-3.41797 eval_acc=None active=0.24158313541276674
[2026-05-21T15:48:45] step=16200/20000 loss=1.48486 d_h=-4.63867 eval_acc=None active=0.2415891849647568
[2026-05-21T15:51:09] step=16300/20000 loss=1.54883 d_h=-18.0664 eval_acc=None active=0.2415930014417677
[2026-05-21T15:53:32] step=16400/20000 loss=1.51855 d_h=13.1836 eval_acc=None active=0.24155561009183393
[2026-05-21T15:55:55] step=16500/20000 loss=1.51709 d_h=-23.1934 eval_acc=None active=0.24158967995366903
[2026-05-21T15:58:18] step=16600/20000 loss=1.54736 d_h=-6.10352 eval_acc=None active=0.24155219298087724
[2026-05-21T16:00:42] step=16700/20000 loss=1.48828 d_h=-3.41797 eval_acc=None active=0.2415495661647179
[2026-05-21T16:03:05] step=16800/20000 loss=1.521 d_h=-27.5879 eval_acc=None active=0.2415606921654955
[2026-05-21T16:05:28] step=16900/20000 loss=1.47168 d_h=11.2305 eval_acc=None active=0.24157558964429196
[2026-05-21T16:07:58] step=17000/20000 loss=1.50537 d_h=6.10352 eval_acc=0.44028103044496486 active=0.241553714509295
[2026-05-21T16:10:22] step=17100/20000 loss=1.54688 d_h=22.9492 eval_acc=None active=0.24155591383503008
[2026-05-21T16:12:45] step=17200/20000 loss=1.53271 d_h=-7.56836 eval_acc=None active=0.24156914916355873
[2026-05-21T16:15:08] step=17300/20000 loss=1.55176 d_h=0.488281 eval_acc=None active=0.24159429235035135
[2026-05-21T16:17:32] step=17400/20000 loss=1.50049 d_h=24.1699 eval_acc=None active=0.24155120019061574
[2026-05-21T16:19:55] step=17500/20000 loss=1.50049 d_h=-22.7051 eval_acc=None active=0.2415890077812257
[2026-05-21T16:22:18] step=17600/20000 loss=1.57275 d_h=-18.7988 eval_acc=None active=0.24155780660513204
[2026-05-21T16:24:41] step=17700/20000 loss=1.49805 d_h=11.7188 eval_acc=None active=0.24157312594947875
[2026-05-21T16:27:05] step=17800/20000 loss=1.42725 d_h=19.2871 eval_acc=None active=0.24154464721240243
[2026-05-21T16:29:28] step=17900/20000 loss=1.56494 d_h=-2.68555 eval_acc=None active=0.24155581539973506
[2026-05-21T16:32:03] step=18000/20000 loss=1.52344 d_h=8.78906 eval_acc=0.4168618266978923 active=0.24158010360567922
[2026-05-21T16:34:26] step=18100/20000 loss=1.52148 d_h=5.85938 eval_acc=None active=0.24155127331397777
[2026-05-21T16:36:50] step=18200/20000 loss=1.56055 d_h=3.41797 eval_acc=None active=0.24153170437732194
[2026-05-21T16:39:13] step=18300/20000 loss=1.53857 d_h=-9.52148 eval_acc=None active=0.24153032628319127
[2026-05-21T16:41:36] step=18400/20000 loss=1.49707 d_h=10.7422 eval_acc=None active=0.24157191097669412
[2026-05-21T16:44:00] step=18500/20000 loss=1.51953 d_h=6.34766 eval_acc=None active=0.24155594477183712
[2026-05-21T16:46:23] step=18600/20000 loss=1.56982 d_h=7.08008 eval_acc=None active=0.24152247395908333
[2026-05-21T16:48:46] step=18700/20000 loss=1.4668 d_h=1.46484 eval_acc=None active=0.2415495352279109
[2026-05-21T16:51:09] step=18800/20000 loss=1.55908 d_h=-10.498 eval_acc=None active=0.2415254270179348
[2026-05-21T16:53:33] step=18900/20000 loss=1.52637 d_h=3.41797 eval_acc=None active=0.24151136764536474
[2026-05-21T16:56:00] step=19000/20000 loss=1.52246 d_h=-1.46484 eval_acc=0.45550351288056207 active=0.24150143974274976
[2026-05-21T16:58:24] step=19100/20000 loss=1.45557 d_h=5.12695 eval_acc=None active=0.24150479498009245
[2026-05-21T17:00:48] step=19200/20000 loss=1.56494 d_h=-10.9863 eval_acc=None active=0.24151953496241685
[2026-05-21T17:03:11] step=19300/20000 loss=1.56885 d_h=4.63867 eval_acc=None active=0.24155370607198398
[2026-05-21T17:05:34] step=19400/20000 loss=1.51807 d_h=17.334 eval_acc=None active=0.24151083609477147
[2026-05-21T17:07:57] step=19500/20000 loss=1.5332 d_h=8.78906 eval_acc=None active=0.2415266251160974
[2026-05-21T17:10:21] step=19600/20000 loss=1.46045 d_h=-2.19727 eval_acc=None active=0.24150912894551163
[2026-05-21T17:12:44] step=19700/20000 loss=1.53271 d_h=-3.17383 eval_acc=None active=0.2415012934960257
[2026-05-21T17:15:07] step=19800/20000 loss=1.55322 d_h=15.8691 eval_acc=None active=0.24153034597025028
[2026-05-21T17:17:31] step=19900/20000 loss=1.51074 d_h=-6.34766 eval_acc=None active=0.2415224430222763
[2026-05-21T17:19:59] step=20000/20000 loss=1.56055 d_h=-15.1367 eval_acc=0.4519906323185012 active=0.24149536206638972
[2026-05-21T17:20:00] finished int4_g128_rtnclip_k1_h2e-3_seed16_bs64_ckpt1k status=complete steps=20000
