[nan-guard] command=python /scratch/jy03364/MeZO_/large_models/run.py --model_name opt-1.3b --task_name MNLI --output_dir /scratch/jy03364/MeZO_/experiments/h_sweep_14h/results/quzo16/opt-1.3b/mnli/h_3e-4/seed_42 --overwrite_output_dir --tag hsweep14h-quzo16-mnli-h3e-4-seed42 --dataset_mode full --num_k 16 --data_seed 42 --train_set_seed 42 --num_dev 0 --trainer zo --load_float16 --zo_quantization_bits 16 --train_as_classification --learning_rate 1e-6 --zo_eps 3e-4 --num_train_epochs 1 --per_device_train_batch_size 16 --gradient_accumulation_steps 1 --lr_scheduler_type constant --evaluation_strategy steps --save_strategy no --eval_steps 5000 --logging_steps 10 --zo_probe_every 200 --zo_probe_num_seeds 16 --zo_probe_log_csv
[nan-guard] cwd=/scratch/jy03364/MeZO_/experiments/h_sweep_14h max_consecutive_nan=100
OurArguments(
_n_gpu=1,
adafactor=False,
adam_beta1=0.9,
adam_beta2=0.999,
adam_epsilon=1e-08,
auto_find_batch_size=False,
bf16=False,
bf16_full_eval=False,
data_seed=42,
dataloader_drop_last=False,
dataloader_num_workers=0,
dataloader_pin_memory=True,
dataset_mode=full,
ddp_backend=None,
ddp_broadcast_buffers=None,
ddp_bucket_cap_mb=None,
ddp_find_unused_parameters=None,
ddp_timeout=1800,
debug=[],
deepspeed=None,
disable_tqdm=False,
dispatch_batches=None,
do_eval=True,
do_predict=False,
do_train=False,
eos_token=<EOS_TOKEN>,
eval_accumulation_steps=None,
eval_delay=0,
eval_steps=5000,
evaluation_strategy=steps,
fp16=False,
fp16_backend=auto,
fp16_full_eval=False,
fp16_opt_level=O1,
fsdp=[],
fsdp_config={'min_num_params': 0, 'xla': False, 'xla_fsdp_grad_ckpt': False},
fsdp_min_num_params=0,
fsdp_transformer_layer_cls_to_wrap=None,
full_determinism=False,
full_dev_ratio=0.1,
gradient_accumulation_steps=1,
gradient_checkpointing=False,
gradient_checkpointing_kwargs=None,
greater_is_better=None,
group_by_length=False,
half_precision_backend=auto,
head_tuning=False,
hub_always_push=False,
hub_model_id=None,
hub_private_repo=False,
hub_strategy=every_save,
hub_token=<HUB_TOKEN>,
icl_sfc=False,
ignore_data_skip=False,
include_inputs_for_metrics=False,
include_tokens_per_second=False,
jit_mode_eval=False,
label_names=None,
label_smoothing_factor=0.0,
learning_rate=1e-06,
length_column_name=length,
linear_probing=False,
load_best_model_at_end=False,
load_bfloat16=False,
load_float16=True,
load_int8=False,
local_rank=0,
log_level=passive,
log_level_replica=warning,
log_on_each_node=True,
logging_dir=/scratch/jy03364/MeZO_/experiments/h_sweep_14h/results/quzo16/opt-1.3b/mnli/h_3e-4/seed_42/runs/Apr18_04-45-32_ra5-4,
logging_first_step=False,
logging_nan_inf_filter=True,
logging_steps=10,
logging_strategy=steps,
lora=False,
lora_alpha=16,
lora_r=8,
lp_early_stopping=False,
lr_scheduler_type=constant,
max_grad_norm=1.0,
max_length=2048,
max_new_tokens=50,
max_steps=-1,
measure_perf_tail=True,
measure_perf_tail_window_steps=10,
metric_for_best_model=None,
model_name=opt-1.3b,
mp_parameters=,
neftune_noise_alpha=None,
no_auto_device=False,
no_cuda=False,
no_eval=False,
no_reparam=True,
non_diff=False,
num_beams=1,
num_dev=0,
num_eval=None,
num_k=16,
num_prefix=5,
num_train=0,
num_train_epochs=1.0,
num_train_sets=None,
only_train_option=True,
optim=adamw_torch,
optim_args=None,
output_dir=/scratch/jy03364/MeZO_/experiments/h_sweep_14h/results/quzo16/opt-1.3b/mnli/h_3e-4/seed_42,
overwrite_output_dir=True,
past_index=-1,
per_device_eval_batch_size=8,
per_device_train_batch_size=16,
prediction_loss_only=False,
prefix_init_by_real_act=True,
prefix_tuning=False,
push_to_hub=False,
push_to_hub_model_id=None,
push_to_hub_organization=None,
push_to_hub_token=<PUSH_TO_HUB_TOKEN>,
ray_scope=last,
remove_unused_columns=True,
report_to=[],
result_file=None,
resume_from_checkpoint=None,
run_name=/scratch/jy03364/MeZO_/experiments/h_sweep_14h/results/quzo16/opt-1.3b/mnli/h_3e-4/seed_42,
sampling=False,
save_model=False,
save_on_each_node=False,
save_on_interrupt=False,
save_safetensors=True,
save_steps=500,
save_strategy=no,
save_total_limit=None,
seed=42,
sfc=False,
skip_memory_metrics=True,
sparse_log_active_fraction=True,
sparse_mask_strategy=percentile_per_layer,
sparse_ratio=1.0,
sparse_scope=trainable_only,
split_batches=False,
tag=hsweep14h-quzo16-mnli-h3e-4-seed42,
task_name=MNLI,
temperature=1.0,
tf32=None,
top_k=None,
top_p=0.95,
torch_compile=False,
torch_compile_backend=None,
torch_compile_mode=None,
torchdynamo=None,
tpu_metrics_debug=False,
tpu_num_cores=None,
train_as_classification=True,
train_set_seed=42,
trainer=zo,
untie_emb=False,
use_cpu=False,
use_ipex=False,
use_legacy_prediction_loop=False,
use_mps_device=False,
use_torchao_float8=False,
verbose=False,
warmup_ratio=0.0,
warmup_steps=0,
weight_decay=0.0,
zo_eps=0.0003,
zo_probe_every=200,
zo_probe_log_csv=True,
zo_probe_num_seeds=16,
zo_quantization=None,
zo_quantization_bits=16,
)
{'loss': 1.1217, 'learning_rate': 1e-06, 'epoch': 0.02}
{'eval_loss': 1.1044921875, 'eval_runtime': 36.8326, 'eval_samples_per_second': 266.476, 'eval_steps_per_second': 33.313, 'epoch': 0.02}
{'loss': 1.11, 'learning_rate': 1e-06, 'epoch': 0.04}
{'eval_loss': 1.1083984375, 'eval_runtime': 36.7257, 'eval_samples_per_second': 267.252, 'eval_steps_per_second': 33.41, 'epoch': 0.04}
{'loss': 1.1186, 'learning_rate': 1e-06, 'epoch': 0.06}
{'eval_loss': 1.1015625, 'eval_runtime': 36.6463, 'eval_samples_per_second': 267.83, 'eval_steps_per_second': 33.482, 'epoch': 0.06}
{'loss': 1.1118, 'learning_rate': 1e-06, 'epoch': 0.08}
{'eval_loss': 1.09375, 'eval_runtime': 36.6505, 'eval_samples_per_second': 267.8, 'eval_steps_per_second': 33.478, 'epoch': 0.08}
{'loss': 1.1021, 'learning_rate': 1e-06, 'epoch': 0.1}
{'eval_loss': 1.09765625, 'eval_runtime': 36.5734, 'eval_samples_per_second': 268.364, 'eval_steps_per_second': 33.549, 'epoch': 0.1}
{'loss': 1.0973, 'learning_rate': 1e-06, 'epoch': 0.12}
{'eval_loss': 1.0947265625, 'eval_runtime': 36.5672, 'eval_samples_per_second': 268.41, 'eval_steps_per_second': 33.555, 'epoch': 0.12}
{'loss': 1.0989, 'learning_rate': 1e-06, 'epoch': 0.14}
{'eval_loss': 1.09375, 'eval_runtime': 36.5042, 'eval_samples_per_second': 268.873, 'eval_steps_per_second': 33.613, 'epoch': 0.14}
{'loss': 1.1028, 'learning_rate': 1e-06, 'epoch': 0.16}
{'eval_loss': 1.099609375, 'eval_runtime': 36.5777, 'eval_samples_per_second': 268.333, 'eval_steps_per_second': 33.545, 'epoch': 0.16}
{'loss': 1.1086, 'learning_rate': 1e-06, 'epoch': 0.18}
{'eval_loss': 1.140625, 'eval_runtime': 36.6645, 'eval_samples_per_second': 267.698, 'eval_steps_per_second': 33.466, 'epoch': 0.18}
{'loss': 1.1174, 'learning_rate': 1e-06, 'epoch': 0.2}
{'eval_loss': 1.1083984375, 'eval_runtime': 36.7288, 'eval_samples_per_second': 267.229, 'eval_steps_per_second': 33.407, 'epoch': 0.2}
{'loss': 1.111, 'learning_rate': 1e-06, 'epoch': 0.22}
{'eval_loss': 1.1015625, 'eval_runtime': 36.6105, 'eval_samples_per_second': 268.093, 'eval_steps_per_second': 33.515, 'epoch': 0.22}
{'loss': 1.1156, 'learning_rate': 1e-06, 'epoch': 0.24}
{'eval_loss': 1.1015625, 'eval_runtime': 36.6841, 'eval_samples_per_second': 267.555, 'eval_steps_per_second': 33.448, 'epoch': 0.24}
{'loss': 1.1097, 'learning_rate': 1e-06, 'epoch': 0.26}
{'eval_loss': 1.1083984375, 'eval_runtime': 36.6883, 'eval_samples_per_second': 267.524, 'eval_steps_per_second': 33.444, 'epoch': 0.26}
{'loss': 1.111, 'learning_rate': 1e-06, 'epoch': 0.29}
{'eval_loss': 1.11328125, 'eval_runtime': 36.7327, 'eval_samples_per_second': 267.2, 'eval_steps_per_second': 33.403, 'epoch': 0.29}
{'loss': 1.1079, 'learning_rate': 1e-06, 'epoch': 0.31}
{'eval_loss': 1.1005859375, 'eval_runtime': 36.5516, 'eval_samples_per_second': 268.525, 'eval_steps_per_second': 33.569, 'epoch': 0.31}
{'loss': 1.1071, 'learning_rate': 1e-06, 'epoch': 0.33}
{'eval_loss': 1.10546875, 'eval_runtime': 36.7022, 'eval_samples_per_second': 267.423, 'eval_steps_per_second': 33.431, 'epoch': 0.33}
{'loss': 1.1054, 'learning_rate': 1e-06, 'epoch': 0.35}
{'eval_loss': 1.099609375, 'eval_runtime': 36.6196, 'eval_samples_per_second': 268.026, 'eval_steps_per_second': 33.507, 'epoch': 0.35}
{'loss': 1.1038, 'learning_rate': 1e-06, 'epoch': 0.37}
{'eval_loss': 1.099609375, 'eval_runtime': 36.6253, 'eval_samples_per_second': 267.984, 'eval_steps_per_second': 33.501, 'epoch': 0.37}
{'loss': 1.1056, 'learning_rate': 1e-06, 'epoch': 0.39}
{'eval_loss': 1.099609375, 'eval_runtime': 36.5858, 'eval_samples_per_second': 268.274, 'eval_steps_per_second': 33.538, 'epoch': 0.39}
{'loss': 1.1048, 'learning_rate': 1e-06, 'epoch': 0.41}
{'eval_loss': 1.109375, 'eval_runtime': 36.6236, 'eval_samples_per_second': 267.996, 'eval_steps_per_second': 33.503, 'epoch': 0.41}
{'loss': 1.1064, 'learning_rate': 1e-06, 'epoch': 0.43}
{'eval_loss': 1.099609375, 'eval_runtime': 36.75, 'eval_samples_per_second': 267.075, 'eval_steps_per_second': 33.388, 'epoch': 0.43}
{'loss': 1.1033, 'learning_rate': 1e-06, 'epoch': 0.45}
{'eval_loss': 1.0986328125, 'eval_runtime': 36.6077, 'eval_samples_per_second': 268.113, 'eval_steps_per_second': 33.518, 'epoch': 0.45}
{'loss': 1.1048, 'learning_rate': 1e-06, 'epoch': 0.47}
{'eval_loss': 1.1015625, 'eval_runtime': 36.6301, 'eval_samples_per_second': 267.949, 'eval_steps_per_second': 33.497, 'epoch': 0.47}
{'loss': 1.1039, 'learning_rate': 1e-06, 'epoch': 0.49}
{'eval_loss': 1.0986328125, 'eval_runtime': 36.6248, 'eval_samples_per_second': 267.988, 'eval_steps_per_second': 33.502, 'epoch': 0.49}
{'loss': 1.1015, 'learning_rate': 1e-06, 'epoch': 0.51}
{'eval_loss': 1.10546875, 'eval_runtime': 36.5786, 'eval_samples_per_second': 268.327, 'eval_steps_per_second': 33.544, 'epoch': 0.51}
{'loss': 1.104, 'learning_rate': 1e-06, 'epoch': 0.53}
{'eval_loss': 1.09765625, 'eval_runtime': 36.6317, 'eval_samples_per_second': 267.937, 'eval_steps_per_second': 33.496, 'epoch': 0.53}
{'loss': 1.1038, 'learning_rate': 1e-06, 'epoch': 0.55}
{'eval_loss': 1.0986328125, 'eval_runtime': 36.637, 'eval_samples_per_second': 267.899, 'eval_steps_per_second': 33.491, 'epoch': 0.55}
{'loss': 1.1055, 'learning_rate': 1e-06, 'epoch': 0.57}
{'eval_loss': 1.109375, 'eval_runtime': 36.5828, 'eval_samples_per_second': 268.296, 'eval_steps_per_second': 33.54, 'epoch': 0.57}
{'loss': 1.1074, 'learning_rate': 1e-06, 'epoch': 0.59}
{'eval_loss': 1.107421875, 'eval_runtime': 36.33, 'eval_samples_per_second': 270.163, 'eval_steps_per_second': 33.774, 'epoch': 0.59}
{'loss': 1.1022, 'learning_rate': 1e-06, 'epoch': 0.61}
{'eval_loss': 1.099609375, 'eval_runtime': 36.5056, 'eval_samples_per_second': 268.863, 'eval_steps_per_second': 33.611, 'epoch': 0.61}
{'loss': 1.1039, 'learning_rate': 1e-06, 'epoch': 0.63}
{'eval_loss': 1.1083984375, 'eval_runtime': 36.1286, 'eval_samples_per_second': 271.668, 'eval_steps_per_second': 33.962, 'epoch': 0.63}
{'loss': 1.1054, 'learning_rate': 1e-06, 'epoch': 0.65}
{'eval_loss': 1.1015625, 'eval_runtime': 36.1905, 'eval_samples_per_second': 271.204, 'eval_steps_per_second': 33.904, 'epoch': 0.65}
{'loss': 1.1073, 'learning_rate': 1e-06, 'epoch': 0.67}
{'eval_loss': 1.1025390625, 'eval_runtime': 36.0762, 'eval_samples_per_second': 272.063, 'eval_steps_per_second': 34.011, 'epoch': 0.67}
{'loss': 1.1051, 'learning_rate': 1e-06, 'epoch': 0.69}
{'eval_loss': 1.1064453125, 'eval_runtime': 36.1326, 'eval_samples_per_second': 271.638, 'eval_steps_per_second': 33.958, 'epoch': 0.69}
{'loss': 1.1047, 'learning_rate': 1e-06, 'epoch': 0.71}
{'eval_loss': 1.099609375, 'eval_runtime': 36.0531, 'eval_samples_per_second': 272.238, 'eval_steps_per_second': 34.033, 'epoch': 0.71}
{'loss': 1.1036, 'learning_rate': 1e-06, 'epoch': 0.73}
{'eval_loss': 1.1015625, 'eval_runtime': 36.0929, 'eval_samples_per_second': 271.937, 'eval_steps_per_second': 33.996, 'epoch': 0.73}
{'loss': 1.1047, 'learning_rate': 1e-06, 'epoch': 0.75}
{'eval_loss': 1.103515625, 'eval_runtime': 36.1313, 'eval_samples_per_second': 271.648, 'eval_steps_per_second': 33.96, 'epoch': 0.75}
{'loss': 1.1052, 'learning_rate': 1e-06, 'epoch': 0.77}
{'eval_loss': 1.109375, 'eval_runtime': 36.0527, 'eval_samples_per_second': 272.241, 'eval_steps_per_second': 34.034, 'epoch': 0.77}
{'loss': 1.1089, 'learning_rate': 1e-06, 'epoch': 0.79}
{'eval_loss': 1.099609375, 'eval_runtime': 36.0223, 'eval_samples_per_second': 272.47, 'eval_steps_per_second': 34.062, 'epoch': 0.79}
{'loss': 1.1063, 'learning_rate': 1e-06, 'epoch': 0.81}
{'eval_loss': 1.107421875, 'eval_runtime': 35.9745, 'eval_samples_per_second': 272.832, 'eval_steps_per_second': 34.108, 'epoch': 0.81}
{'loss': 1.1064, 'learning_rate': 1e-06, 'epoch': 0.84}
{'eval_loss': 1.1044921875, 'eval_runtime': 36.1116, 'eval_samples_per_second': 271.796, 'eval_steps_per_second': 33.978, 'epoch': 0.84}
{'loss': 1.1043, 'learning_rate': 1e-06, 'epoch': 0.86}
{'eval_loss': 1.1044921875, 'eval_runtime': 36.09, 'eval_samples_per_second': 271.959, 'eval_steps_per_second': 33.998, 'epoch': 0.86}
{'loss': 1.105, 'learning_rate': 1e-06, 'epoch': 0.88}
{'eval_loss': 1.1005859375, 'eval_runtime': 36.0208, 'eval_samples_per_second': 272.482, 'eval_steps_per_second': 34.064, 'epoch': 0.88}
{'loss': 1.1051, 'learning_rate': 1e-06, 'epoch': 0.9}
{'eval_loss': 1.1015625, 'eval_runtime': 36.1679, 'eval_samples_per_second': 271.373, 'eval_steps_per_second': 33.925, 'epoch': 0.9}
{'loss': 1.1052, 'learning_rate': 1e-06, 'epoch': 0.92}
{'eval_loss': 1.1142578125, 'eval_runtime': 36.148, 'eval_samples_per_second': 271.522, 'eval_steps_per_second': 33.944, 'epoch': 0.92}
{'loss': 1.1067, 'learning_rate': 1e-06, 'epoch': 0.94}
{'eval_loss': 1.099609375, 'eval_runtime': 36.0503, 'eval_samples_per_second': 272.258, 'eval_steps_per_second': 34.036, 'epoch': 0.94}
{'loss': 1.1043, 'learning_rate': 1e-06, 'epoch': 0.96}
{'eval_loss': 1.1083984375, 'eval_runtime': 36.2366, 'eval_samples_per_second': 270.858, 'eval_steps_per_second': 33.861, 'epoch': 0.96}
{'loss': 1.1015, 'learning_rate': 1e-06, 'epoch': 0.98}
{'eval_loss': 1.1005859375, 'eval_runtime': 36.2104, 'eval_samples_per_second': 271.054, 'eval_steps_per_second': 33.885, 'epoch': 0.98}
{'loss': 1.1041, 'learning_rate': 1e-06, 'epoch': 1.0}
{'eval_loss': 1.1015625, 'eval_runtime': 36.0993, 'eval_samples_per_second': 271.889, 'eval_steps_per_second': 33.99, 'epoch': 1.0}
{'train_runtime': 17824.9976, 'train_samples_per_second': 22.031, 'train_steps_per_second': 1.377, 'train_loss': 1.1063541576479996, 'tail_perf_window_steps': 10, 'tail_perf_measured_steps': 10, 'tail_perf_wallclock_per_step': 0.14646706581115723, 'tail_perf_samples_per_second': 109.23957485861773, 'tail_perf_max_gpu_memory_gb': 6.602973937988281, 'epoch': 1.0}
[nan-guard] child exited with code 0.
