[nan-guard] command=bash /scratch/jy03364/MeZO_/medium_models/mezo.sh --result_root /scratch/jy03364/MeZO_/experiments/h_sweep_8h/results/sparse_mezo_int4_smoke/roberta-large/sst5/h_1e-4 --job_name run_sparse_mezo_int4_smoke --dataset_mode full --zo_two_point_precision fp16 --zo_quantization int4 --zo_probe_every 25 --zo_probe_num_seeds 8 --zo_probe_log_csv True --sparse_ratio 0.25 --sparse_mask_strategy percentile_per_layer --sparse_scope trainable_only --sparse_log_active_fraction True
[nan-guard] cwd=/scratch/jy03364/MeZO_/medium_models max_consecutive_nan=100
WARNING:__main__:Process rank: -1, device: cuda:0, n_gpu: 1, distributed training: False, 16-bits training: False
INFO:__main__:Training/evaluation parameters DynamicTrainingArguments(
_n_gpu=1,
accelerator_config={'split_batches': False, 'dispatch_batches': None, 'even_batches': True, 'use_seedable_sampler': True, 'non_blocking': False, 'gradient_accumulation_kwargs': None, 'use_configured_state': False},
adafactor=False,
adam_beta1=0.9,
adam_beta2=0.999,
adam_epsilon=1e-08,
adaptive_h_ema_beta=0.1,
adaptive_h_estimate_num_batches=4,
adaptive_h_estimate_num_directions=3,
adaptive_h_estimate_reduce=mean,
adaptive_h_max=0.5,
adaptive_h_min=1e-05,
adaptive_h_probe_buffer_size=64,
adjust_for_init=False,
array_id=-1,
auto_find_batch_size=False,
average_tokens_across_devices=False,
batch_eval_metrics=False,
bf16=False,
bf16_full_eval=False,
binary_classification=False,
change_grad_estimate=False,
data_seed=16,
dataloader_drop_last=False,
dataloader_num_workers=0,
dataloader_persistent_workers=False,
dataloader_pin_memory=True,
dataloader_prefetch_factor=None,
dataloader_shuffle=False,
ddp_backend=None,
ddp_broadcast_buffers=None,
ddp_bucket_cap_mb=None,
ddp_find_unused_parameters=None,
ddp_timeout=1800,
debug=[],
deepspeed=None,
dh_h_growth=2.0,
dh_max_trials=10,
dh_test_h=0.01,
disable_tqdm=False,
do_eval=True,
do_predict=True,
do_train=True,
efficient_zero_order=True,
efficient_zero_order_fp16=False,
enable_additive_h_estimation=False,
enable_two_point_h_estimation=False,
eval_accumulation_steps=None,
eval_delay=0,
eval_do_concat_batches=True,
eval_on_start=False,
eval_steps=50.0,
eval_strategy=IntervalStrategy.NO,
eval_use_gather_object=False,
evaluate_during_training=True,
exclude_embeddings=False,
exclude_first_layers=-1,
exclude_head=False,
f0_scaling=1.0,
fix_layers=0,
fp16=False,
fp16_backend=auto,
fp16_full_eval=False,
fp16_opt_level=O1,
from_linearhead=False,
fsdp=[],
fsdp_config={'min_num_params': 0, 'xla': False, 'xla_fsdp_v2': False, 'xla_fsdp_grad_ckpt': False},
fsdp_min_num_params=0,
fsdp_transformer_layer_cls_to_wrap=None,
full_determinism=False,
gradient_accumulation_steps=1,
gradient_checkpointing=False,
gradient_checkpointing_kwargs=None,
greater_is_better=None,
group_by_length=False,
h_estimation_active_source=fixed,
h_trunc_alpha=1.0,
half_precision_backend=auto,
head_tuning=False,
hf_inference_model=False,
hub_always_push=False,
hub_model_id=None,
hub_private_repo=None,
hub_revision=None,
hub_strategy=HubStrategy.EVERY_SAVE,
hub_token=<HUB_TOKEN>,
ignore_data_skip=False,
include_for_metrics=[],
include_inputs_for_metrics=False,
include_num_input_tokens_seen=False,
include_tokens_per_second=False,
initial_h=0.001,
jit_mode_eval=False,
kernel_formula=sgd,
kernel_gamma=1.0,
kernel_regularization=0.0,
kernel_solver=logistic,
label_names=None,
label_smoothing_factor=0.0,
layer_wise_optim=False,
learning_rate=1e-06,
length_column_name=length,
liger_kernel_config=None,
load_best_model_at_end=False,
load_kernels=None,
local_rank=-1,
log_file=log-USE_H0-USE_C0,
log_level=passive,
log_level_replica=warning,
log_on_each_node=True,
logging_dir=/scratch/jy03364/MeZO_/experiments/h_sweep_8h/results/sparse_mezo_int4_smoke/roberta-large/sst5/h_1e-4/run_sparse_mezo_int4_smoke/seed16/runs/Apr16_13-04-56_ra5-4,
logging_first_step=False,
logging_nan_inf_filter=True,
logging_steps=10,
logging_strategy=IntervalStrategy.STEPS,
lp_early_stopping=False,
lr_scheduler_kwargs={},
lr_scheduler_type=SchedulerType.CONSTANT,
max_grad_norm=1.0,
max_steps=50,
max_zo_forward_steps=0,
mc_tol=0.1,
measure_perf_tail=True,
measure_perf_tail_window_steps=10,
metric_for_best_model=None,
model_id=-1,
mp_parameters=,
neftune_noise_alpha=None,
no_cuda=False,
no_predict=False,
no_reparam=False,
no_train=False,
norm_running_update=False,
nu3_retry=3,
num_hvp_vecs=128,
num_prefix=10,
num_train_epochs=3.0,
only_biases=False,
optim=OptimizerNames.ADAMW_TORCH,
optim_args=None,
optim_target_modules=None,
optimize_acc=False,
optimizer=sgd,
optimizer_variant=,
output_dir=/scratch/jy03364/MeZO_/experiments/h_sweep_8h/results/sparse_mezo_int4_smoke/roberta-large/sst5/h_1e-4/run_sparse_mezo_int4_smoke/seed16,
overwrite_kernels=False,
overwrite_output_dir=True,
parallelism_config=None,
past_index=-1,
per_device_eval_batch_size=4,
per_device_train_batch_size=32,
prediction_loss_only=False,
prefix_init_by_real_act=False,
prefix_tuning=False,
prob_as_feature=False,
push_to_hub=False,
push_to_hub_model_id=None,
push_to_hub_organization=None,
push_to_hub_token=<PUSH_TO_HUB_TOKEN>,
random_model_init=False,
ray_scope=last,
recompute_norms=False,
remove_unused_columns=True,
report_to=[],
restore_callback_states_from_checkpoint=False,
resume_from_checkpoint=None,
run_name=None,
save_at_last=False,
save_logit=False,
save_logit_dir=None,
save_on_each_node=False,
save_only_model=False,
save_safetensors=True,
save_steps=500,
save_strategy=SaveStrategy.STEPS,
save_total_limit=None,
scale_lr_with_samples=False,
scale_norm_by_num_params=False,
seed=16,
skip_memory_metrics=True,
sparse_log_active_fraction=True,
sparse_mask_strategy=percentile_per_layer,
sparse_ratio=0.25,
sparse_scope=trainable_only,
sweep=False,
sync_embedding_layers=False,
tf32=None,
tie_emb=False,
torch_compile=False,
torch_compile_backend=None,
torch_compile_mode=None,
torch_empty_cache_steps=None,
torchdynamo=None,
tpu_metrics_debug=False,
tpu_num_cores=None,
trainer=standard,
two_point_h_beta=0.5,
two_point_h_c2=1.0,
two_point_h_delta_sample_size=4096,
two_point_h_eps_num=1e-12,
two_point_h_fixed_probe_batch=True,
two_point_h_log_csv=True,
two_point_h_max=0.5,
two_point_h_min=1e-05,
two_point_h_num_directions_g=4,
two_point_h_num_directions_l=4,
two_point_h_q_l=0.5,
two_point_h_refresh_every=100,
two_point_h_window_delta=3,
two_point_h_window_g=5,
two_point_h_window_l=5,
untie_emb=False,
update_noise_every=1000,
use_adaptive_h=False,
use_c_scale=False,
use_cpu=False,
use_ipex=False,
use_legacy_prediction_loop=False,
use_liger_kernel=False,
use_mps_device=False,
use_torchao_float8=False,
use_zo_grad_est=False,
warmup_ratio=0.0,
warmup_steps=0,
weight_decay=0.0,
zero_order_clip_grad=False,
zero_order_eps=0.0001,
zero_order_optim=True,
zero_order_sample=1,
zero_order_sample_scheduler=None,
zero_order_use_trainer_optim=False,
zo_by_layer=False,
zo_probe_every=25,
zo_probe_log_csv=True,
zo_probe_num_seeds=8,
zo_quantization=int4,
zo_quantization_bits=4,
zo_two_point_precision=fp16,
zo_use_true_directional_derivative=False,
zo_variant=None,
)
INFO:__main__:[zo-config] zo_two_point_precision=fp16 | zero_order_eps=0.0001 | zo_use_true_directional_derivative=False
INFO:__main__:[quzo-config] zo_quantization_bits=4 | quzo_enabled=True
INFO:__main__:[sparse-mezo-config] enabled=True | sparse_ratio=0.25 | sparse_mask_strategy=percentile_per_layer | sparse_scope=trainable_only | sparse_log_active_fraction=True
INFO:__main__:[sparse-mezo-config] ratio semantics: sparse_ratio targets the active fraction per trainable tensor; ratio=1.0 disables masking. Order: construct direction -> apply sparse mask -> apply QuZO snapping after masked perturb/update when low-bit QuZO is active.
INFO:__main__:Task name: sst-5, number of labels: 5, output mode: classification
INFO:__main__:[data] dataset_mode requested=full resolved=full
INFO:__main__:[data] task_dir=sst-5 data_seed=16
INFO:__main__:[data] auto_download=0 original_data_root=/scratch/jy03364/MeZO_/medium_models/data/original
INFO:__main__:[data] auto_generate=0 target=/scratch/jy03364/MeZO_/medium_models/data/k-shot-1k-test/sst-5/full-16
INFO:__main__:[data] resolved_data_dir=/scratch/jy03364/MeZO_/medium_models/data/k-shot-1k-test/sst-5/full-16
WARNING:src.models:By default for RoBERTa models the input embeddings and the output embeddings are NOT tied!!!!
Some weights of RobertaModelForPromptFinetuning were not initialized from the model checkpoint at roberta-large and are newly initialized: ['classifier.bias', 'classifier.weight', 'lm_head.decoder.weight', 'roberta.pooler.dense.bias', 'roberta.pooler.dense.weight']
You should probably TRAIN this model on a down-stream task to be able to use it for predictions and inference.
INFO:src.dataset:Label 0 to word Ġterrible (6587)
INFO:src.dataset:Label 1 to word Ġbad (1099)
INFO:src.dataset:Label 2 to word Ġokay (8578)
INFO:src.dataset:Label 3 to word Ġgood (205)
INFO:src.dataset:Label 4 to word Ġgreat (372)
INFO:src.dataset:Total num_sample for mode train: 1
INFO:src.dataset:Creating/loading examples from dataset file at /scratch/jy03364/MeZO_/medium_models/data/k-shot-1k-test/sst-5/full-16
INFO:src.dataset:[FewShotDataset] Skip cache in TRAIN mode to avoid OOM on large datasets (e.g., MNLI).
INFO:src.dataset:Creating features from dataset file at /scratch/jy03364/MeZO_/medium_models/data/k-shot-1k-test/sst-5/full-16
INFO:src.dataset:Label 0 to word Ġterrible (6587)
INFO:src.dataset:Label 1 to word Ġbad (1099)
INFO:src.dataset:Label 2 to word Ġokay (8578)
INFO:src.dataset:Label 3 to word Ġgood (205)
INFO:src.dataset:Label 4 to word Ġgreat (372)
INFO:src.dataset:Total num_sample for mode dev: 1
INFO:src.dataset:Creating/loading examples from dataset file at /scratch/jy03364/MeZO_/medium_models/data/k-shot-1k-test/sst-5/full-16
/scratch/jy03364/MeZO_/medium_models/src/dataset.py:363: FutureWarning: You are using `torch.load` with `weights_only=False` (the current default value), which uses the default pickle module implicitly. It is possible to construct malicious pickle data which will execute arbitrary code during unpickling (See https://github.com/pytorch/pytorch/blob/main/SECURITY.md#untrusted-models for more details). In a future release, the default value for `weights_only` will be flipped to `True`. This limits the functions that could be executed during unpickling. Arbitrary objects will no longer be allowed to be loaded via this mode unless they are explicitly allowlisted by the user via `torch.serialization.add_safe_globals`. We recommend you start setting `weights_only=True` for any use case where you don't have full control of the loaded file. Please open an issue on GitHub for any issues related to this experimental feature.
  self.support_examples, self.query_examples = torch.load(cached_features_file)
INFO:src.dataset:Loading features from cached file /scratch/jy03364/MeZO_/medium_models/data/k-shot-1k-test/sst-5/full-16/cached_dev_RobertaTokenizerFast-roberta_128_sst-5 [took 0.014 s]
INFO:src.dataset:*** Example ***
INFO:src.dataset:guid: dev-0
INFO:src.dataset:features: OurInputFeatures(input_ids=[0, 627, 936, 19, 4133, 59, 30859, 16, 51, 33, 10, 16699, 7, 9215, 88, 1368, 1638, 783, 479, 85, 21, 50264, 4, 2], attention_mask=[1, 1, 1, 1, 1, 1, 1, 1, 1, 1, 1, 1, 1, 1, 1, 1, 1, 1, 1, 1, 1, 1, 1, 1], token_type_ids=None, label=1, mask_pos=[21], label_word_list=None, sfc_input_ids=None, sfc_attention_mask=None, sfc_mask_pos=None)
INFO:src.dataset:text: <s>the problem with movies about angels is they have a tendency to slip into hokum . It was<mask>.</s>
INFO:src.dataset:Label 0 to word Ġterrible (6587)
INFO:src.dataset:Label 1 to word Ġbad (1099)
INFO:src.dataset:Label 2 to word Ġokay (8578)
INFO:src.dataset:Label 3 to word Ġgood (205)
INFO:src.dataset:Label 4 to word Ġgreat (372)
INFO:src.dataset:Total num_sample for mode test: 1
INFO:src.dataset:Creating/loading examples from dataset file at /scratch/jy03364/MeZO_/medium_models/data/k-shot-1k-test/sst-5/full-16
INFO:src.dataset:Loading features from cached file /scratch/jy03364/MeZO_/medium_models/data/k-shot-1k-test/sst-5/full-16/cached_test_RobertaTokenizerFast-roberta_128_sst-5 [took 0.014 s]
INFO:src.dataset:*** Example ***
INFO:src.dataset:guid: test-0
INFO:src.dataset:features: OurInputFeatures(input_ids=[0, 2362, 2079, 2156, 117, 1423, 257, 2258, 2156, 45, 203, 9, 932, 479, 85, 21, 50264, 4, 2], attention_mask=[1, 1, 1, 1, 1, 1, 1, 1, 1, 1, 1, 1, 1, 1, 1, 1, 1, 1, 1], token_type_ids=None, label=1, mask_pos=[16], label_word_list=None, sfc_input_ids=None, sfc_attention_mask=None, sfc_mask_pos=None)
INFO:src.dataset:text: <s>no movement , no yuks , not much of anything . It was<mask>.</s>
INFO:__main__:[quzo-config] quantized model parameters in-place at 4 bits before ZO training
huggingface/tokenizers: The current process just got forked, after parallelism has already been used. Disabling parallelism to avoid deadlocks...
To disable this warning, you can either:
	- Avoid using `tokenizers` before the fork if possible
	- Explicitly set the environment variable TOKENIZERS_PARALLELISM=(true | false)
INFO:src.trainer:[dataloader][debug] self class=Trainer, get_train_dataloader=<bound method Trainer.get_train_dataloader of <src.trainer.Trainer object at 0x148a4806aa50>>
INFO:src.trainer:[dataloader][override] Trainer.get_train_dataloader active. shuffle_raw=False type=bool -> shuffle=False; data_seed=16 seed=16 local_rank=-1
INFO:src.trainer:[dataloader][override] selected sampler=SequentialSampler
INFO:src.trainer:[dataloader] sampler=SequentialSampler, batch_sampler=BatchSampler
INFO:src.trainer:[dataloader] training uses SequentialSampler (no shuffle).
INFO:src.trainer:[dataloader] args.dataloader_shuffle=False
INFO:src.trainer:[dataloader] args.data_seed=16 args.seed=16
INFO:src.trainer:***** Running training *****
INFO:src.trainer:  Num examples = 7690
INFO:src.trainer:  Num Epochs = 1
INFO:src.trainer:  Instantaneous batch size per device = 32
INFO:src.trainer:  Total train batch size (w. parallel, distributed & accumulation) = 32
INFO:src.trainer:  Gradient Accumulation steps = 1
INFO:src.trainer:  Total optimization steps = 50
INFO:src.trainer:[zo-config] zo_two_point_precision=fp16 | zero_order_eps=0.0001 | zo_use_true_directional_derivative=False
INFO:src.trainer:[zo_probe] enabled: every=25, num_seeds=8, csv=/scratch/jy03364/MeZO_/experiments/h_sweep_8h/results/sparse_mezo_int4_smoke/roberta-large/sst5/h_1e-4/run_sparse_mezo_int4_smoke/seed16/zo_directional_probe.csv
INFO:src.trainer:[h_estimation][init] h0=1.000e-03 active_source=fixed additive=False two_point=False
You're using a RobertaTokenizerFast tokenizer. Please note that with a fast tokenizer, using the `__call__` method is faster than using a method to encode the text followed by a call to the `pad` method to get a padded encoding.
INFO:src.trainer:[sparse-mezo] global_step=0 active_fraction=0.536704 active_params=218942116/407938142 configured_ratio=0.250000 mask_strategy=percentile_per_layer scope=trainable_only
/scratch/jy03364/MeZO_/medium_models/src/trainer.py:2235: FutureWarning: `torch.cuda.amp.autocast(args...)` is deprecated. Please use `torch.amp.autocast('cuda', args...)` instead.
  return autocast(dtype=torch.float16)
INFO:src.trainer:{'loss': 1.8145599365234375, 'learning_rate': 1e-06, 'global_step': 0, 'zo_forward_step': 2, 'max_steps': 50, 'max_zo_forward_steps': 0, 'time': 3, 'eps': 0.0001, 'sparse_active_fraction': 0.5367042045310879}
INFO:src.trainer:[sparse-mezo] global_step=1 active_fraction=0.534276 active_params=217951638/407938142 configured_ratio=0.250000 mask_strategy=percentile_per_layer scope=trainable_only
INFO:src.trainer:[sparse-mezo] global_step=10 active_fraction=0.620674 active_params=253196490/407938142 configured_ratio=0.250000 mask_strategy=percentile_per_layer scope=trainable_only
INFO:src.trainer:{'loss': 1.5612030029296875, 'learning_rate': 1e-06, 'global_step': 10, 'zo_forward_step': 22, 'max_steps': 50, 'max_zo_forward_steps': 0, 'time': 36, 'eps': 0.0001, 'sparse_active_fraction': 0.6206737344016241}
INFO:src.trainer:[sparse-mezo] global_step=20 active_fraction=0.586328 active_params=239185629/407938142 configured_ratio=0.250000 mask_strategy=percentile_per_layer scope=trainable_only
INFO:src.trainer:{'loss': 1.91748046875, 'learning_rate': 1e-06, 'global_step': 20, 'zo_forward_step': 42, 'max_steps': 50, 'max_zo_forward_steps': 0, 'time': 69, 'eps': 0.0001, 'sparse_active_fraction': 0.586328181589845}
INFO:src.trainer:[sparse-mezo] global_step=30 active_fraction=0.559308 active_params=228162957/407938142 configured_ratio=0.250000 mask_strategy=percentile_per_layer scope=trainable_only
INFO:src.trainer:{'loss': 1.426788330078125, 'learning_rate': 1e-06, 'global_step': 30, 'zo_forward_step': 62, 'max_steps': 50, 'max_zo_forward_steps': 0, 'time': 125, 'eps': 0.0001, 'sparse_active_fraction': 0.5593077320041331}
INFO:src.trainer:[sparse-mezo] global_step=40 active_fraction=0.523852 active_params=213699358/407938142 configured_ratio=0.250000 mask_strategy=percentile_per_layer scope=trainable_only
INFO:src.trainer:[perf-tail] measurement enabled: start_step=41 window_steps=10 total_train_batch_size=32
INFO:src.trainer:{'loss': 1.7844696044921875, 'learning_rate': 1e-06, 'global_step': 40, 'zo_forward_step': 82, 'max_steps': 50, 'max_zo_forward_steps': 0, 'time': 185, 'eps': 0.0001, 'sparse_active_fraction': 0.5238523589686791}
/home/jy03364/.conda/envs/ciao/lib/python3.12/site-packages/transformers/trainer_pt_utils.py:476: FutureWarning: DistributedTensorGatherer is deprecated and will be removed in v5 of Transformers.
  warnings.warn(

  0%|          | 0/214 [00:00<?, ?it/s]
  2%|▏         | 5/214 [00:00<00:04, 44.59it/s]
  5%|▍         | 10/214 [00:00<00:04, 41.70it/s]
  7%|▋         | 15/214 [00:00<00:05, 38.91it/s]
  9%|▉         | 19/214 [00:00<00:05, 34.29it/s]
 11%|█         | 23/214 [00:00<00:05, 33.28it/s]
 13%|█▎        | 27/214 [00:00<00:05, 33.41it/s]
 14%|█▍        | 31/214 [00:00<00:05, 35.03it/s]
 16%|█▋        | 35/214 [00:00<00:05, 34.91it/s]
 18%|█▊        | 39/214 [00:01<00:04, 35.45it/s]
 20%|██        | 43/214 [00:01<00:04, 34.94it/s]
 22%|██▏       | 48/214 [00:01<00:04, 35.42it/s]
 24%|██▍       | 52/214 [00:01<00:04, 34.40it/s]
 27%|██▋       | 57/214 [00:01<00:04, 34.20it/s]
 29%|██▉       | 62/214 [00:01<00:04, 36.10it/s]
 31%|███       | 66/214 [00:01<00:04, 36.64it/s]
 33%|███▎      | 70/214 [00:01<00:04, 35.42it/s]
 35%|███▍      | 74/214 [00:02<00:04, 33.47it/s]
 36%|███▋      | 78/214 [00:02<00:04, 33.86it/s]
 38%|███▊      | 82/214 [00:02<00:03, 35.26it/s]
 40%|████      | 86/214 [00:02<00:03, 35.79it/s]
 42%|████▏     | 90/214 [00:02<00:03, 34.92it/s]
 44%|████▍     | 94/214 [00:02<00:03, 35.65it/s]
 46%|████▌     | 98/214 [00:02<00:03, 36.16it/s]
 48%|████▊     | 102/214 [00:02<00:03, 36.53it/s]
 50%|████▉     | 106/214 [00:02<00:02, 36.67it/s]
 51%|█████▏    | 110/214 [00:03<00:02, 35.25it/s]
 53%|█████▎    | 114/214 [00:03<00:02, 34.58it/s]
 55%|█████▌    | 118/214 [00:03<00:02, 34.68it/s]
 57%|█████▋    | 123/214 [00:03<00:02, 34.88it/s]
 59%|█████▉    | 127/214 [00:03<00:02, 36.13it/s]
 61%|██████    | 131/214 [00:03<00:02, 35.15it/s]
 63%|██████▎   | 135/214 [00:03<00:02, 35.45it/s]
 65%|██████▍   | 139/214 [00:03<00:02, 36.16it/s]
 67%|██████▋   | 143/214 [00:04<00:01, 36.98it/s]
 69%|██████▊   | 147/214 [00:04<00:01, 37.30it/s]
 71%|███████   | 151/214 [00:04<00:01, 36.02it/s]
 72%|███████▏  | 155/214 [00:04<00:01, 36.02it/s]
 74%|███████▍  | 159/214 [00:04<00:01, 34.51it/s]
 76%|███████▌  | 163/214 [00:04<00:01, 34.38it/s]
 78%|███████▊  | 167/214 [00:04<00:01, 34.67it/s]
 80%|███████▉  | 171/214 [00:04<00:01, 35.57it/s]
 82%|████████▏ | 175/214 [00:04<00:01, 36.39it/s]
 84%|████████▎ | 179/214 [00:05<00:00, 35.48it/s]
 86%|████████▌ | 183/214 [00:05<00:00, 35.77it/s]
 87%|████████▋ | 187/214 [00:05<00:00, 34.89it/s]
 90%|████████▉ | 192/214 [00:05<00:00, 36.20it/s]
 92%|█████████▏| 196/214 [00:05<00:00, 36.30it/s]
 93%|█████████▎| 200/214 [00:05<00:00, 36.14it/s]
 95%|█████████▌| 204/214 [00:05<00:00, 37.01it/s]
 97%|█████████▋| 208/214 [00:05<00:00, 37.03it/s]
 99%|█████████▉| 212/214 [00:05<00:00, 34.71it/s]INFO:src.trainer:{'eval_loss': 2.2085211277008057, 'eval_acc': 0.18618266978922718}
INFO:src.trainer:Best dev result: 0.18618266978922718
INFO:src.trainer:[sparse-mezo] global_step=50 active_fraction=0.506585 active_params=206655321/407938142 configured_ratio=0.250000 mask_strategy=percentile_per_layer scope=trainable_only
INFO:src.trainer:{'loss': 1.99609375, 'learning_rate': 1e-06, 'global_step': 50, 'zo_forward_step': 102, 'max_steps': 50, 'max_zo_forward_steps': 0, 'time': 258, 'eps': 0.0001, 'sparse_active_fraction': 0.5065849444399342}
INFO:src.trainer:[eval_loss_last5] mean=2.208521e+00 count=1 steps=[50]
INFO:src.trainer:

Training completed. Do not forget to share your model on huggingface.co/models =)


INFO:src.trainer:[perf-tail] measured_steps=11 wallclock_per_step=6.687513 samples_per_second=4.785037 max_gpu_memory_gb=4.2342
INFO:__main__:*** Validate ***

216it [00:14,  1.45it/s]                         
219it [00:15,  1.88it/s]
222it [00:15,  2.46it/s]
225it [00:15,  3.23it/s]
228it [00:15,  4.25it/s]
231it [00:15,  5.60it/s]
234it [00:15,  7.25it/s]
237it [00:15,  9.20it/s]
240it [00:15, 11.51it/s]
243it [00:16, 13.80it/s]
246it [00:16, 15.97it/s]
249it [00:16, 18.23it/s]
252it [00:16, 19.72it/s]
255it [00:16, 20.45it/s]
258it [00:16, 22.42it/s]
261it [00:16, 23.73it/s]
264it [00:16, 24.24it/s]
267it [00:16, 25.21it/s]
270it [00:17, 24.05it/s]
274it [00:17, 25.75it/s]
278it [00:17, 27.79it/s]
282it [00:17, 29.54it/s]
286it [00:17, 31.13it/s]
290it [00:17, 31.72it/s]
294it [00:17, 32.76it/s]
298it [00:17, 32.84it/s]
302it [00:18, 34.00it/s]
306it [00:18, 34.72it/s]
310it [00:18, 35.33it/s]
314it [00:18, 34.77it/s]
318it [00:18, 33.89it/s]
322it [00:18, 34.47it/s]
326it [00:18, 33.84it/s]
330it [00:18, 33.93it/s]
334it [00:18, 33.98it/s]
338it [00:19, 33.38it/s]
342it [00:19, 34.00it/s]
346it [00:19, 34.84it/s]
350it [00:19, 34.92it/s]
354it [00:19, 35.49it/s]
358it [00:19, 36.35it/s]
362it [00:19, 35.80it/s]
366it [00:19, 35.87it/s]
370it [00:19, 35.94it/s]
374it [00:20, 36.20it/s]
378it [00:20, 35.52it/s]
382it [00:20, 35.04it/s]
386it [00:20, 35.48it/s]
390it [00:20, 35.51it/s]
394it [00:20, 35.25it/s]
398it [00:20, 36.19it/s]
402it [00:20, 35.93it/s]
406it [00:21, 34.82it/s]
410it [00:21, 35.36it/s]
414it [00:21, 36.18it/s]
418it [00:21, 36.76it/s]
422it [00:21, 36.69it/s]
426it [00:21, 35.59it/s]INFO:src.trainer:{'eval_loss': 2.2085211277008057, 'eval_acc': 0.18618266978922718}
INFO:__main__:***** Eval results sst-5 *****
INFO:__main__:  eval_loss = 2.2085211277008057
INFO:__main__:  eval_acc = 0.18618266978922718

430it [00:21, 34.25it/s]
434it [00:21, 34.77it/s]
439it [00:21, 36.47it/s]
443it [00:22, 36.38it/s]
447it [00:22, 36.26it/s]
451it [00:22, 36.32it/s]
455it [00:22, 35.70it/s]
459it [00:22, 35.75it/s]
463it [00:22, 35.75it/s]
467it [00:22, 35.74it/s]
471it [00:22, 34.68it/s]
475it [00:22, 35.92it/s]
479it [00:23, 33.72it/s]
483it [00:23, 34.51it/s]
488it [00:23, 34.73it/s]
492it [00:23, 36.04it/s]
496it [00:23, 35.15it/s]
500it [00:23, 35.39it/s]
504it [00:23, 35.48it/s]
508it [00:23, 35.69it/s]
512it [00:23, 36.24it/s]
516it [00:24, 35.60it/s]
520it [00:24, 33.90it/s]
524it [00:24, 33.03it/s]
529it [00:24, 34.59it/s]
533it [00:24, 35.32it/s]
537it [00:24, 36.55it/s]
541it [00:24, 35.88it/s]
545it [00:24, 35.09it/s]
549it [00:25, 34.90it/s]
553it [00:25, 36.13it/s]
557it [00:25, 36.89it/s]
561it [00:25, 36.99it/s]
565it [00:25, 36.77it/s]
569it [00:25, 34.60it/s]
573it [00:25, 32.30it/s]
577it [00:25, 30.70it/s]
581it [00:25, 32.75it/s]
585it [00:26, 34.24it/s]
589it [00:26, 33.44it/s]
593it [00:26, 33.91it/s]
597it [00:26, 33.85it/s]
602it [00:26, 36.85it/s]
606it [00:26, 35.84it/s]
610it [00:26, 35.89it/s]
614it [00:26, 34.56it/s]
618it [00:27, 34.22it/s]
622it [00:27, 32.43it/s]
627it [00:27, 34.90it/s]
631it [00:27, 33.78it/s]
635it [00:27, 35.32it/s]
639it [00:27, 35.94it/s]
643it [00:27, 36.54it/s]
647it [00:27, 36.18it/s]
651it [00:27, 35.50it/s]
655it [00:28, 36.61it/s]
659it [00:28, 36.62it/s]
663it [00:28, 33.93it/s]
667it [00:28, 34.06it/s]
671it [00:28, 34.24it/s]
676it [00:28, 34.67it/s]
680it [00:28, 35.65it/s]
684it [00:28, 35.89it/s]
688it [00:29, 34.93it/s]
692it [00:29, 36.20it/s]
696it [00:29, 35.40it/s]
700it [00:29, 34.63it/s]
705it [00:29, 34.43it/s]
709it [00:29, 34.65it/s]
713it [00:29, 34.92it/s]
717it [00:29, 34.77it/s]
722it [00:29, 36.52it/s]
726it [00:30, 34.98it/s]
730it [00:30, 36.09it/s]
734it [00:30, 35.45it/s]
738it [00:30, 35.71it/s]
742it [00:30, 36.65it/s]
746it [00:30, 37.10it/s]
750it [00:30, 35.49it/s]
754it [00:30, 34.04it/s]
758it [00:30, 35.52it/s]
762it [00:31, 34.64it/s]
767it [00:31, 35.87it/s]
771it [00:31, 35.87it/s]
775it [00:31, 36.62it/s]
779it [00:31, 36.81it/s]
783it [00:31, 37.66it/s]
787it [00:31, 35.42it/s]
792it [00:31, 35.14it/s]
796it [00:32, 36.01it/s]
800it [00:32, 34.31it/s]
804it [00:32, 35.11it/s]
808it [00:32, 35.65it/s]
812it [00:32, 35.71it/s]
816it [00:32, 36.72it/s]
820it [00:32, 34.92it/s]
824it [00:32, 35.95it/s]
828it [00:32, 36.31it/s]
832it [00:33, 35.91it/s]
836it [00:33, 35.21it/s]
840it [00:33, 35.55it/s]
844it [00:33, 35.74it/s]
848it [00:33, 34.94it/s]
852it [00:33, 36.23it/s]
856it [00:33, 36.83it/s]
860it [00:33, 34.71it/s]
864it [00:33, 35.46it/s]
869it [00:34, 36.45it/s]
873it [00:34, 37.29it/s]
877it [00:34, 36.49it/s]
881it [00:34, 36.15it/s]
886it [00:34, 37.43it/s]
890it [00:34, 37.09it/s]
894it [00:34, 35.78it/s]
898it [00:34, 36.46it/s]
902it [00:35, 34.96it/s]
906it [00:35, 35.61it/s]
910it [00:35, 35.08it/s]
915it [00:35, 35.56it/s]
919it [00:35, 36.52it/s]
923it [00:35, 36.36it/s]
927it [00:35, 36.57it/s]
931it [00:35, 35.82it/s]
935it [00:35, 36.03it/s]
939it [00:36, 35.46it/s]
943it [00:36, 34.57it/s]
948it [00:36, 34.35it/s]
952it [00:36, 34.95it/s]
956it [00:36, 35.99it/s]
960it [00:36, 35.62it/s]
964it [00:36, 36.53it/s]
968it [00:36, 32.13it/s]
972it [00:37, 33.37it/s]
976it [00:37, 34.82it/s]
980it [00:37, 35.63it/s]INFO:src.trainer:{'eval_loss': 2.1506972312927246, 'eval_acc': 0.17285067873303167}
INFO:__main__:***** Test results sst-5 *****
INFO:__main__:  eval_loss = 2.1506972312927246
INFO:__main__:  eval_acc = 0.17285067873303167
INFO:__main__:****** Output Dir *******
INFO:__main__:/scratch/jy03364/MeZO_/experiments/h_sweep_8h/results/sparse_mezo_int4_smoke/roberta-large/sst5/h_1e-4/run_sparse_mezo_int4_smoke/seed16

981it [00:37, 26.26it/s]
[nan-guard] child exited with code 0.
