initial eval {'eval_acc': 0.5630733944954128, 'eval_loss': 1.016056354867867, 'eval_examples': 872}
sst-2_fp16_h0.001_seed16 step=1 loss+=0.833684 loss-=0.961389 dh=-63.8525 sec=1.415
sst-2_fp16_h0.001_seed16 step=25 loss+=1.31686 loss-=1.23301 dh=41.9246 sec=1.503
sst-2_fp16_h0.001_seed16 step=50 loss+=0.661228 loss-=0.570141 dh=45.5434 sec=1.378
sst-2_fp16_h0.001_seed16 step=75 loss+=1.19801 loss-=1.33744 dh=-69.7144 sec=1.509
sst-2_fp16_h0.001_seed16 step=100 loss+=0.946535 loss-=0.831696 dh=57.4196 sec=1.482
sst-2_fp16_h0.001_seed16 step=125 loss+=1.11921 loss-=1.30435 dh=-92.5684 sec=1.468
sst-2_fp16_h0.001_seed16 step=150 loss+=0.860744 loss-=0.8286 dh=16.0718 sec=1.511
sst-2_fp16_h0.001_seed16 step=175 loss+=0.8215 loss-=0.611433 dh=105.034 sec=1.478
sst-2_fp16_h0.001_seed16 step=200 loss+=0.717282 loss-=0.896889 dh=-89.804 sec=1.467
sst-2_fp16_h0.001_seed16 step=225 loss+=0.764562 loss-=0.897736 dh=-66.5873 sec=1.380
sst-2_fp16_h0.001_seed16 step=250 loss+=0.96075 loss-=0.919135 dh=20.8079 sec=1.464
sst-2_fp16_h0.001_seed16 step=275 loss+=0.961062 loss-=0.975316 dh=-7.1268 sec=1.468
sst-2_fp16_h0.001_seed16 step=300 loss+=0.634547 loss-=0.772668 dh=-69.0605 sec=1.381
sst-2_fp16_h0.001_seed16 step=325 loss+=0.78998 loss-=0.744859 dh=22.5607 sec=1.470
sst-2_fp16_h0.001_seed16 step=350 loss+=0.677972 loss-=0.719199 dh=-20.6137 sec=1.510
sst-2_fp16_h0.001_seed16 step=375 loss+=0.60265 loss-=0.736765 dh=-67.0576 sec=1.472
sst-2_fp16_h0.001_seed16 step=400 loss+=0.858355 loss-=0.915494 dh=-28.5697 sec=1.512
sst-2_fp16_h0.001_seed16 step=425 loss+=0.995444 loss-=0.864682 dh=65.3809 sec=1.512
sst-2_fp16_h0.001_seed16 step=450 loss+=0.520923 loss-=0.549951 dh=-14.5137 sec=1.381
sst-2_fp16_h0.001_seed16 step=475 loss+=0.564735 loss-=0.58348 dh=-9.37225 sec=1.508
sst-2_fp16_h0.001_seed16 step=500 loss+=1.12525 loss-=1.02497 dh=50.1414 sec=1.468
eval step=500 {'eval_acc': 0.6284403669724771, 'eval_loss': 0.7027508940039322, 'eval_examples': 872}
sst-2_fp16_h0.001_seed16 step=525 loss+=0.555136 loss-=0.513215 dh=20.9606 sec=1.366
sst-2_fp16_h0.001_seed16 step=550 loss+=0.598048 loss-=0.503128 dh=47.4601 sec=1.509
sst-2_fp16_h0.001_seed16 step=575 loss+=0.475848 loss-=0.618204 dh=-71.1778 sec=1.508
sst-2_fp16_h0.001_seed16 step=600 loss+=1.02142 loss-=0.858627 dh=81.397 sec=1.467
sst-2_fp16_h0.001_seed16 step=625 loss+=0.606618 loss-=0.645007 dh=-19.1946 sec=1.380
sst-2_fp16_h0.001_seed16 step=650 loss+=0.880711 loss-=0.6673 dh=106.705 sec=1.380
sst-2_fp16_h0.001_seed16 step=675 loss+=0.545178 loss-=0.68363 dh=-69.2259 sec=1.380
sst-2_fp16_h0.001_seed16 step=700 loss+=0.378833 loss-=0.404364 dh=-12.7659 sec=1.367
sst-2_fp16_h0.001_seed16 step=725 loss+=0.396349 loss-=0.488254 dh=-45.9526 sec=1.509
sst-2_fp16_h0.001_seed16 step=750 loss+=0.504246 loss-=0.616676 dh=-56.2151 sec=1.510
sst-2_fp16_h0.001_seed16 step=775 loss+=0.426504 loss-=0.417989 dh=4.25783 sec=1.510
sst-2_fp16_h0.001_seed16 step=800 loss+=0.588482 loss-=0.576152 dh=6.16533 sec=1.508
sst-2_fp16_h0.001_seed16 step=825 loss+=0.529038 loss-=0.490699 dh=19.1692 sec=1.510
sst-2_fp16_h0.001_seed16 step=850 loss+=0.441824 loss-=0.471064 dh=-14.6198 sec=1.381
sst-2_fp16_h0.001_seed16 step=875 loss+=0.716569 loss-=0.659598 dh=28.4857 sec=1.466
sst-2_fp16_h0.001_seed16 step=900 loss+=0.364915 loss-=0.315777 dh=24.5685 sec=1.509
sst-2_fp16_h0.001_seed16 step=925 loss+=0.271381 loss-=0.295205 dh=-11.9119 sec=1.509
sst-2_fp16_h0.001_seed16 step=950 loss+=0.438799 loss-=0.310412 dh=64.1938 sec=1.466
sst-2_fp16_h0.001_seed16 step=975 loss+=0.60106 loss-=0.702727 dh=-50.8335 sec=1.509
sst-2_fp16_h0.001_seed16 step=1000 loss+=0.498224 loss-=0.463866 dh=17.1788 sec=1.380
eval step=1000 {'eval_acc': 0.7121559633027523, 'eval_loss': 0.5236259859649106, 'eval_examples': 872}
sst-2_fp16_h0.001_seed16 step=1025 loss+=0.607755 loss-=0.651949 dh=-22.097 sec=1.508
sst-2_fp16_h0.001_seed16 step=1050 loss+=0.690133 loss-=0.454542 dh=117.795 sec=1.508
sst-2_fp16_h0.001_seed16 step=1075 loss+=0.539455 loss-=0.546992 dh=-3.76862 sec=1.379
sst-2_fp16_h0.001_seed16 step=1100 loss+=0.634421 loss-=0.712817 dh=-39.198 sec=1.509
sst-2_fp16_h0.001_seed16 step=1125 loss+=0.702484 loss-=0.670893 dh=15.7956 sec=1.508
sst-2_fp16_h0.001_seed16 step=1150 loss+=0.437811 loss-=0.42905 dh=4.38056 sec=1.481
sst-2_fp16_h0.001_seed16 step=1175 loss+=0.307011 loss-=0.293742 dh=6.63414 sec=1.507
sst-2_fp16_h0.001_seed16 step=1200 loss+=0.437674 loss-=0.435925 dh=0.874469 sec=1.507
sst-2_fp16_h0.001_seed16 step=1225 loss+=0.413319 loss-=0.417518 dh=-2.09918 sec=1.508
sst-2_fp16_h0.001_seed16 step=1250 loss+=0.47715 loss-=0.411974 dh=32.5883 sec=1.467
sst-2_fp16_h0.001_seed16 step=1275 loss+=0.591089 loss-=0.530205 dh=30.4419 sec=1.508
sst-2_fp16_h0.001_seed16 step=1300 loss+=0.550979 loss-=0.476009 dh=37.485 sec=1.379
sst-2_fp16_h0.001_seed16 step=1325 loss+=0.391294 loss-=0.415627 dh=-12.1663 sec=1.367
sst-2_fp16_h0.001_seed16 step=1350 loss+=0.388874 loss-=0.286251 dh=51.3116 sec=1.380
sst-2_fp16_h0.001_seed16 step=1375 loss+=0.428227 loss-=0.419447 dh=4.38993 sec=1.508
sst-2_fp16_h0.001_seed16 step=1400 loss+=0.435825 loss-=0.479349 dh=-21.7616 sec=1.491
sst-2_fp16_h0.001_seed16 step=1425 loss+=0.57997 loss-=0.474848 dh=52.5609 sec=1.465
sst-2_fp16_h0.001_seed16 step=1450 loss+=0.502277 loss-=0.621008 dh=-59.3656 sec=1.506
sst-2_fp16_h0.001_seed16 step=1475 loss+=0.378787 loss-=0.382532 dh=-1.87238 sec=1.477
sst-2_fp16_h0.001_seed16 step=1500 loss+=0.344875 loss-=0.295771 dh=24.5519 sec=1.465
eval step=1500 {'eval_acc': 0.7740825688073395, 'eval_loss': 0.4348229066502952, 'eval_examples': 872}
sst-2_fp16_h0.001_seed16 step=1525 loss+=0.515287 loss-=0.485173 dh=15.0568 sec=1.365
sst-2_fp16_h0.001_seed16 step=1550 loss+=0.806287 loss-=0.677424 dh=64.4317 sec=1.378
sst-2_fp16_h0.001_seed16 step=1575 loss+=0.48869 loss-=0.46447 dh=12.1097 sec=1.378
sst-2_fp16_h0.001_seed16 step=1600 loss+=0.532316 loss-=0.47802 dh=27.1483 sec=1.379
sst-2_fp16_h0.001_seed16 step=1625 loss+=0.615663 loss-=0.566323 dh=24.6698 sec=1.507
sst-2_fp16_h0.001_seed16 step=1650 loss+=0.569944 loss-=0.387082 dh=91.4309 sec=1.508
sst-2_fp16_h0.001_seed16 step=1675 loss+=0.337837 loss-=0.364498 dh=-13.3306 sec=1.506
sst-2_fp16_h0.001_seed16 step=1700 loss+=0.72961 loss-=0.695176 dh=17.2171 sec=1.379
sst-2_fp16_h0.001_seed16 step=1725 loss+=0.410337 loss-=0.327431 dh=41.4526 sec=1.378
sst-2_fp16_h0.001_seed16 step=1750 loss+=0.519631 loss-=0.461589 dh=29.021 sec=1.378
sst-2_fp16_h0.001_seed16 step=1775 loss+=0.566844 loss-=0.675895 dh=-54.5256 sec=1.505
sst-2_fp16_h0.001_seed16 step=1800 loss+=0.233619 loss-=0.190439 dh=21.5901 sec=1.465
sst-2_fp16_h0.001_seed16 step=1825 loss+=0.421491 loss-=0.439398 dh=-8.9534 sec=1.463
sst-2_fp16_h0.001_seed16 step=1850 loss+=0.361344 loss-=0.37905 dh=-8.85315 sec=1.506
sst-2_fp16_h0.001_seed16 step=1875 loss+=0.353642 loss-=0.34527 dh=4.18576 sec=1.377
sst-2_fp16_h0.001_seed16 step=1900 loss+=0.420054 loss-=0.46471 dh=-22.3276 sec=1.379
sst-2_fp16_h0.001_seed16 step=1925 loss+=0.41561 loss-=0.484901 dh=-34.6455 sec=1.465
sst-2_fp16_h0.001_seed16 step=1950 loss+=0.70046 loss-=0.652076 dh=24.1916 sec=1.462
sst-2_fp16_h0.001_seed16 step=1975 loss+=0.444874 loss-=0.499173 dh=-27.1496 sec=1.463
sst-2_fp16_h0.001_seed16 step=2000 loss+=0.90167 loss-=0.738602 dh=81.534 sec=1.501
eval step=2000 {'eval_acc': 0.8268348623853211, 'eval_loss': 0.37901244963596176, 'eval_examples': 872}
sst-2_fp16_h0.001_seed16 step=2025 loss+=0.648647 loss-=0.545757 dh=51.4448 sec=1.500
sst-2_fp16_h0.001_seed16 step=2050 loss+=0.372977 loss-=0.389525 dh=-8.274 sec=1.459
sst-2_fp16_h0.001_seed16 step=2075 loss+=0.291962 loss-=0.330883 dh=-19.4608 sec=1.501
sst-2_fp16_h0.001_seed16 step=2100 loss+=0.411782 loss-=0.495591 dh=-41.9043 sec=1.460
sst-2_fp16_h0.001_seed16 step=2125 loss+=0.591063 loss-=0.659756 dh=-34.3468 sec=1.494
sst-2_fp16_h0.001_seed16 step=2150 loss+=0.490536 loss-=0.55018 dh=-29.8219 sec=1.500
sst-2_fp16_h0.001_seed16 step=2175 loss+=0.350329 loss-=0.370249 dh=-9.9597 sec=1.379
sst-2_fp16_h0.001_seed16 step=2200 loss+=0.374593 loss-=0.388876 dh=-7.14127 sec=1.378
sst-2_fp16_h0.001_seed16 step=2225 loss+=0.461053 loss-=0.374825 dh=43.1142 sec=1.478
sst-2_fp16_h0.001_seed16 step=2250 loss+=0.490353 loss-=0.526621 dh=-18.1342 sec=1.479
sst-2_fp16_h0.001_seed16 step=2275 loss+=0.399208 loss-=0.374982 dh=12.1127 sec=1.366
sst-2_fp16_h0.001_seed16 step=2300 loss+=0.480791 loss-=0.348328 dh=66.2314 sec=1.506
sst-2_fp16_h0.001_seed16 step=2325 loss+=0.242841 loss-=0.334281 dh=-45.7199 sec=1.507
sst-2_fp16_h0.001_seed16 step=2350 loss+=0.299503 loss-=0.262025 dh=18.7388 sec=1.466
sst-2_fp16_h0.001_seed16 step=2375 loss+=0.348109 loss-=0.377457 dh=-14.6738 sec=1.379
sst-2_fp16_h0.001_seed16 step=2400 loss+=0.572376 loss-=0.502745 dh=34.8155 sec=1.378
sst-2_fp16_h0.001_seed16 step=2425 loss+=0.504865 loss-=0.446439 dh=29.2131 sec=1.467
sst-2_fp16_h0.001_seed16 step=2450 loss+=0.429053 loss-=0.494265 dh=-32.606 sec=1.378
sst-2_fp16_h0.001_seed16 step=2475 loss+=0.314933 loss-=0.3213 dh=-3.18354 sec=1.367
sst-2_fp16_h0.001_seed16 step=2500 loss+=0.469603 loss-=0.513433 dh=-21.9154 sec=1.467
eval step=2500 {'eval_acc': 0.8440366972477065, 'eval_loss': 0.34333578569797474, 'eval_examples': 872}
sst-2_fp16_h0.001_seed16 step=2525 loss+=0.377626 loss-=0.403399 dh=-12.8863 sec=1.465
sst-2_fp16_h0.001_seed16 step=2550 loss+=0.73513 loss-=0.85182 dh=-58.345 sec=1.506
sst-2_fp16_h0.001_seed16 step=2575 loss+=0.324284 loss-=0.418182 dh=-46.9491 sec=1.378
sst-2_fp16_h0.001_seed16 step=2600 loss+=0.507212 loss-=0.554012 dh=-23.3998 sec=1.378
sst-2_fp16_h0.001_seed16 step=2625 loss+=0.367986 loss-=0.342074 dh=12.9561 sec=1.466
sst-2_fp16_h0.001_seed16 step=2650 loss+=0.40709 loss-=0.314572 dh=46.2588 sec=1.466
sst-2_fp16_h0.001_seed16 step=2675 loss+=0.309797 loss-=0.350928 dh=-20.5651 sec=1.379
sst-2_fp16_h0.001_seed16 step=2700 loss+=0.356182 loss-=0.354932 dh=0.624961 sec=1.481
sst-2_fp16_h0.001_seed16 step=2725 loss+=0.598689 loss-=0.496432 dh=51.1285 sec=1.482
sst-2_fp16_h0.001_seed16 step=2750 loss+=0.53664 loss-=0.392782 dh=71.9288 sec=1.512
sst-2_fp16_h0.001_seed16 step=2775 loss+=0.420887 loss-=0.359272 dh=30.8077 sec=1.382
sst-2_fp16_h0.001_seed16 step=2800 loss+=0.37004 loss-=0.449956 dh=-39.9578 sec=1.512
sst-2_fp16_h0.001_seed16 step=2825 loss+=0.302418 loss-=0.354214 dh=-25.8976 sec=1.470
sst-2_fp16_h0.001_seed16 step=2850 loss+=0.408265 loss-=0.365869 dh=21.198 sec=1.368
sst-2_fp16_h0.001_seed16 step=2875 loss+=0.381663 loss-=0.405014 dh=-11.6754 sec=1.467
sst-2_fp16_h0.001_seed16 step=2900 loss+=0.223617 loss-=0.333915 dh=-55.1488 sec=1.366
sst-2_fp16_h0.001_seed16 step=2925 loss+=0.441855 loss-=0.464698 dh=-11.4212 sec=1.466
sst-2_fp16_h0.001_seed16 step=2950 loss+=0.339733 loss-=0.306037 dh=16.848 sec=1.508
sst-2_fp16_h0.001_seed16 step=2975 loss+=0.1894 loss-=0.240278 dh=-25.4392 sec=1.378
sst-2_fp16_h0.001_seed16 step=3000 loss+=0.415034 loss-=0.391809 dh=11.6126 sec=1.380
eval step=3000 {'eval_acc': 0.8669724770642202, 'eval_loss': 0.31077481044986105, 'eval_examples': 872}
sst-2_fp16_h0.001_seed16 step=3025 loss+=0.42536 loss-=0.447324 dh=-10.9816 sec=1.507
sst-2_fp16_h0.001_seed16 step=3050 loss+=0.290932 loss-=0.241119 dh=24.9067 sec=1.466
sst-2_fp16_h0.001_seed16 step=3075 loss+=0.319942 loss-=0.293518 dh=13.2119 sec=1.379
sst-2_fp16_h0.001_seed16 step=3100 loss+=0.307569 loss-=0.236319 dh=35.6251 sec=1.509
sst-2_fp16_h0.001_seed16 step=3125 loss+=0.293529 loss-=0.286288 dh=3.62015 sec=1.509
sst-2_fp16_h0.001_seed16 step=3150 loss+=0.173113 loss-=0.163147 dh=4.98281 sec=1.467
sst-2_fp16_h0.001_seed16 step=3175 loss+=0.28411 loss-=0.234112 dh=24.9989 sec=1.379
sst-2_fp16_h0.001_seed16 step=3200 loss+=0.502123 loss-=0.550826 dh=-24.3516 sec=1.509
sst-2_fp16_h0.001_seed16 step=3225 loss+=0.211058 loss-=0.173997 dh=18.53 sec=1.509
sst-2_fp16_h0.001_seed16 step=3250 loss+=0.512974 loss-=0.40654 dh=53.2169 sec=1.367
sst-2_fp16_h0.001_seed16 step=3275 loss+=0.692079 loss-=0.732315 dh=-20.1183 sec=1.379
sst-2_fp16_h0.001_seed16 step=3300 loss+=0.274482 loss-=0.224987 dh=24.7474 sec=1.509
sst-2_fp16_h0.001_seed16 step=3325 loss+=0.247544 loss-=0.194646 dh=26.4489 sec=1.478
sst-2_fp16_h0.001_seed16 step=3350 loss+=0.380949 loss-=0.244889 dh=68.0302 sec=1.508
sst-2_fp16_h0.001_seed16 step=3375 loss+=0.354679 loss-=0.294472 dh=30.1035 sec=1.508
sst-2_fp16_h0.001_seed16 step=3400 loss+=0.205894 loss-=0.215815 dh=-4.96053 sec=1.506
sst-2_fp16_h0.001_seed16 step=3425 loss+=0.228123 loss-=0.365642 dh=-68.7599 sec=1.379
sst-2_fp16_h0.001_seed16 step=3450 loss+=0.292216 loss-=0.300747 dh=-4.26535 sec=1.379
sst-2_fp16_h0.001_seed16 step=3475 loss+=0.410535 loss-=0.38591 dh=12.3125 sec=1.508
sst-2_fp16_h0.001_seed16 step=3500 loss+=0.184662 loss-=0.223545 dh=-19.4413 sec=1.507
eval step=3500 {'eval_acc': 0.875, 'eval_loss': 0.2849692162339909, 'eval_examples': 872}
sst-2_fp16_h0.001_seed16 step=3525 loss+=0.248025 loss-=0.300343 dh=-26.1593 sec=1.378
sst-2_fp16_h0.001_seed16 step=3550 loss+=0.359829 loss-=0.23023 dh=64.7994 sec=1.379
sst-2_fp16_h0.001_seed16 step=3575 loss+=0.288085 loss-=0.309944 dh=-10.9291 sec=1.468
sst-2_fp16_h0.001_seed16 step=3600 loss+=0.357686 loss-=0.306651 dh=25.5174 sec=1.379
sst-2_fp16_h0.001_seed16 step=3625 loss+=0.226887 loss-=0.224464 dh=1.21149 sec=1.379
sst-2_fp16_h0.001_seed16 step=3650 loss+=0.159554 loss-=0.190916 dh=-15.6808 sec=1.508
sst-2_fp16_h0.001_seed16 step=3675 loss+=0.174158 loss-=0.147603 dh=13.2772 sec=1.379
sst-2_fp16_h0.001_seed16 step=3700 loss+=0.551486 loss-=0.546127 dh=2.67964 sec=1.479
sst-2_fp16_h0.001_seed16 step=3725 loss+=0.512841 loss-=0.457437 dh=27.7023 sec=1.507
sst-2_fp16_h0.001_seed16 step=3750 loss+=0.55203 loss-=0.399299 dh=76.3654 sec=1.467
sst-2_fp16_h0.001_seed16 step=3775 loss+=0.172476 loss-=0.332651 dh=-80.0876 sec=1.379
sst-2_fp16_h0.001_seed16 step=3800 loss+=0.329928 loss-=0.352456 dh=-11.2644 sec=1.507
sst-2_fp16_h0.001_seed16 step=3825 loss+=0.392894 loss-=0.374612 dh=9.14108 sec=1.507
sst-2_fp16_h0.001_seed16 step=3850 loss+=0.326081 loss-=0.366406 dh=-20.1621 sec=1.468
sst-2_fp16_h0.001_seed16 step=3875 loss+=0.433165 loss-=0.368786 dh=32.1898 sec=1.508
sst-2_fp16_h0.001_seed16 step=3900 loss+=0.320078 loss-=0.448063 dh=-63.9924 sec=1.468
sst-2_fp16_h0.001_seed16 step=3925 loss+=0.261181 loss-=0.236554 dh=12.3133 sec=1.508
sst-2_fp16_h0.001_seed16 step=3950 loss+=0.260148 loss-=0.311493 dh=-25.6723 sec=1.468
sst-2_fp16_h0.001_seed16 step=3975 loss+=0.474905 loss-=0.465214 dh=4.8454 sec=1.508
sst-2_fp16_h0.001_seed16 step=4000 loss+=0.411079 loss-=0.441762 dh=-15.3417 sec=1.508
eval step=4000 {'eval_acc': 0.8910550458715596, 'eval_loss': 0.26584522696980917, 'eval_examples': 872}
sst-2_fp16_h0.001_seed16 step=4025 loss+=0.412251 loss-=0.415703 dh=-1.72607 sec=1.507
sst-2_fp16_h0.001_seed16 step=4050 loss+=0.455129 loss-=0.409386 dh=22.8716 sec=1.380
sst-2_fp16_h0.001_seed16 step=4075 loss+=0.332058 loss-=0.260423 dh=35.8178 sec=1.479
sst-2_fp16_h0.001_seed16 step=4100 loss+=0.169239 loss-=0.220382 dh=-25.5713 sec=1.509
sst-2_fp16_h0.001_seed16 step=4125 loss+=0.285599 loss-=0.232218 dh=26.6902 sec=1.380
sst-2_fp16_h0.001_seed16 step=4150 loss+=0.233338 loss-=0.255389 dh=-11.0254 sec=1.508
sst-2_fp16_h0.001_seed16 step=4175 loss+=0.529842 loss-=0.784878 dh=-127.518 sec=1.379
sst-2_fp16_h0.001_seed16 step=4200 loss+=0.270152 loss-=0.380857 dh=-55.3526 sec=1.377
sst-2_fp16_h0.001_seed16 step=4225 loss+=0.222427 loss-=0.221692 dh=0.367849 sec=1.509
sst-2_fp16_h0.001_seed16 step=4250 loss+=0.417468 loss-=0.487158 dh=-34.845 sec=1.379
sst-2_fp16_h0.001_seed16 step=4275 loss+=0.424388 loss-=0.507221 dh=-41.4165 sec=1.380
sst-2_fp16_h0.001_seed16 step=4300 loss+=0.311123 loss-=0.357473 dh=-23.1747 sec=1.379
sst-2_fp16_h0.001_seed16 step=4325 loss+=0.21254 loss-=0.323962 dh=-55.7112 sec=1.508
sst-2_fp16_h0.001_seed16 step=4350 loss+=0.36005 loss-=0.409266 dh=-24.6078 sec=1.379
sst-2_fp16_h0.001_seed16 step=4375 loss+=0.311594 loss-=0.194653 dh=58.4708 sec=1.467
sst-2_fp16_h0.001_seed16 step=4400 loss+=0.507473 loss-=0.45023 dh=28.6215 sec=1.510
sst-2_fp16_h0.001_seed16 step=4425 loss+=0.666967 loss-=0.602125 dh=32.421 sec=1.468
sst-2_fp16_h0.001_seed16 step=4450 loss+=0.244233 loss-=0.21947 dh=12.3817 sec=1.509
sst-2_fp16_h0.001_seed16 step=4475 loss+=0.241012 loss-=0.310098 dh=-34.543 sec=1.379
sst-2_fp16_h0.001_seed16 step=4500 loss+=0.50595 loss-=0.565761 dh=-29.9055 sec=1.380
eval step=4500 {'eval_acc': 0.8967889908256881, 'eval_loss': 0.25065714221686947, 'eval_examples': 872}
sst-2_fp16_h0.001_seed16 step=4525 loss+=0.302626 loss-=0.329537 dh=-13.4556 sec=1.468
sst-2_fp16_h0.001_seed16 step=4550 loss+=0.340724 loss-=0.279763 dh=30.4805 sec=1.508
sst-2_fp16_h0.001_seed16 step=4575 loss+=0.539886 loss-=0.565974 dh=-13.0437 sec=1.466
sst-2_fp16_h0.001_seed16 step=4600 loss+=0.414796 loss-=0.366397 dh=24.1997 sec=1.507
sst-2_fp16_h0.001_seed16 step=4625 loss+=0.385049 loss-=0.321261 dh=31.8943 sec=1.508
sst-2_fp16_h0.001_seed16 step=4650 loss+=0.171127 loss-=0.266819 dh=-47.8457 sec=1.465
sst-2_fp16_h0.001_seed16 step=4675 loss+=0.144211 loss-=0.203736 dh=-29.7626 sec=1.508
sst-2_fp16_h0.001_seed16 step=4700 loss+=0.294848 loss-=0.211466 dh=41.6908 sec=1.508
sst-2_fp16_h0.001_seed16 step=4725 loss+=0.158274 loss-=0.205076 dh=-23.4011 sec=1.508
sst-2_fp16_h0.001_seed16 step=4750 loss+=0.20602 loss-=0.259989 dh=-26.9847 sec=1.468
sst-2_fp16_h0.001_seed16 step=4775 loss+=0.297571 loss-=0.295873 dh=0.849067 sec=1.467
sst-2_fp16_h0.001_seed16 step=4800 loss+=0.395731 loss-=0.343511 dh=26.1101 sec=1.480
sst-2_fp16_h0.001_seed16 step=4825 loss+=0.411659 loss-=0.340401 dh=35.6291 sec=1.379
sst-2_fp16_h0.001_seed16 step=4850 loss+=0.279111 loss-=0.33787 dh=-29.3795 sec=1.508
sst-2_fp16_h0.001_seed16 step=4875 loss+=0.271852 loss-=0.273723 dh=-0.935483 sec=1.508
sst-2_fp16_h0.001_seed16 step=4900 loss+=0.418345 loss-=0.363623 dh=27.3607 sec=1.379
sst-2_fp16_h0.001_seed16 step=4925 loss+=0.248639 loss-=0.303341 dh=-27.3511 sec=1.379
sst-2_fp16_h0.001_seed16 step=4950 loss+=0.325204 loss-=0.303349 dh=10.9278 sec=1.507
sst-2_fp16_h0.001_seed16 step=4975 loss+=0.198368 loss-=0.262911 dh=-32.2716 sec=1.465
sst-2_fp16_h0.001_seed16 step=5000 loss+=0.302786 loss-=0.270223 dh=16.2813 sec=1.466
eval step=5000 {'eval_acc': 0.9036697247706422, 'eval_loss': 0.23451182859257683, 'eval_examples': 872}
sst-2_fp16_h0.001_seed16 step=5025 loss+=0.165309 loss-=0.192106 dh=-13.3986 sec=1.465
sst-2_fp16_h0.001_seed16 step=5050 loss+=0.17942 loss-=0.202268 dh=-11.4238 sec=1.507
sst-2_fp16_h0.001_seed16 step=5075 loss+=0.150028 loss-=0.179494 dh=-14.7327 sec=1.367
sst-2_fp16_h0.001_seed16 step=5100 loss+=0.456845 loss-=0.590064 dh=-66.6097 sec=1.380
sst-2_fp16_h0.001_seed16 step=5125 loss+=0.402091 loss-=0.267162 dh=67.4644 sec=1.378
sst-2_fp16_h0.001_seed16 step=5150 loss+=0.380439 loss-=0.38801 dh=-3.78509 sec=1.508
sst-2_fp16_h0.001_seed16 step=5175 loss+=0.191404 loss-=0.180553 dh=5.42531 sec=1.469
sst-2_fp16_h0.001_seed16 step=5200 loss+=0.605209 loss-=0.414419 dh=95.3947 sec=1.469
sst-2_fp16_h0.001_seed16 step=5225 loss+=0.239328 loss-=0.263623 dh=-12.1472 sec=1.479
sst-2_fp16_h0.001_seed16 step=5250 loss+=0.235087 loss-=0.297784 dh=-31.3485 sec=1.466
sst-2_fp16_h0.001_seed16 step=5275 loss+=0.23764 loss-=0.30732 dh=-34.8399 sec=1.509
sst-2_fp16_h0.001_seed16 step=5300 loss+=0.195909 loss-=0.244 dh=-24.0452 sec=1.379
sst-2_fp16_h0.001_seed16 step=5325 loss+=0.185784 loss-=0.204698 dh=-9.45703 sec=1.466
sst-2_fp16_h0.001_seed16 step=5350 loss+=0.260605 loss-=0.320127 dh=-29.7607 sec=1.507
sst-2_fp16_h0.001_seed16 step=5375 loss+=0.200149 loss-=0.176496 dh=11.8263 sec=1.508
sst-2_fp16_h0.001_seed16 step=5400 loss+=0.274115 loss-=0.299291 dh=-12.5879 sec=1.508
sst-2_fp16_h0.001_seed16 step=5425 loss+=0.351313 loss-=0.280233 dh=35.5401 sec=1.467
sst-2_fp16_h0.001_seed16 step=5450 loss+=0.419667 loss-=0.369181 dh=25.2432 sec=1.509
sst-2_fp16_h0.001_seed16 step=5475 loss+=0.298786 loss-=0.254981 dh=21.9023 sec=1.367
sst-2_fp16_h0.001_seed16 step=5500 loss+=0.390458 loss-=0.266452 dh=62.0032 sec=1.508
eval step=5500 {'eval_acc': 0.911697247706422, 'eval_loss': 0.22503380562977676, 'eval_examples': 872}
sst-2_fp16_h0.001_seed16 step=5525 loss+=0.280565 loss-=0.272705 dh=3.92968 sec=1.379
sst-2_fp16_h0.001_seed16 step=5550 loss+=0.315751 loss-=0.27697 dh=19.3902 sec=1.366
sst-2_fp16_h0.001_seed16 step=5575 loss+=0.35949 loss-=0.321857 dh=18.8163 sec=1.507
sst-2_fp16_h0.001_seed16 step=5600 loss+=0.204798 loss-=0.211706 dh=-3.4541 sec=1.491
sst-2_fp16_h0.001_seed16 step=5625 loss+=0.213544 loss-=0.199741 dh=6.90196 sec=1.505
sst-2_fp16_h0.001_seed16 step=5650 loss+=0.257707 loss-=0.3371 dh=-39.6962 sec=1.377
sst-2_fp16_h0.001_seed16 step=5675 loss+=0.131768 loss-=0.139927 dh=-4.07955 sec=1.464
sst-2_fp16_h0.001_seed16 step=5700 loss+=0.228627 loss-=0.168439 dh=30.0939 sec=1.465
sst-2_fp16_h0.001_seed16 step=5725 loss+=0.166662 loss-=0.215378 dh=-24.3581 sec=1.505
sst-2_fp16_h0.001_seed16 step=5750 loss+=0.214443 loss-=0.218143 dh=-1.85045 sec=1.504
sst-2_fp16_h0.001_seed16 step=5775 loss+=0.313775 loss-=0.322208 dh=-4.2165 sec=1.461
sst-2_fp16_h0.001_seed16 step=5800 loss+=0.372573 loss-=0.40737 dh=-17.3986 sec=1.377
sst-2_fp16_h0.001_seed16 step=5825 loss+=0.46182 loss-=0.356849 dh=52.4853 sec=1.464
sst-2_fp16_h0.001_seed16 step=5850 loss+=0.214774 loss-=0.230692 dh=-7.95887 sec=1.475
sst-2_fp16_h0.001_seed16 step=5875 loss+=0.235659 loss-=0.195196 dh=20.2316 sec=1.505
sst-2_fp16_h0.001_seed16 step=5900 loss+=0.326628 loss-=0.329895 dh=-1.63329 sec=1.506
sst-2_fp16_h0.001_seed16 step=5925 loss+=0.16909 loss-=0.158527 dh=5.2813 sec=1.379
sst-2_fp16_h0.001_seed16 step=5950 loss+=0.15102 loss-=0.188468 dh=-18.7238 sec=1.462
sst-2_fp16_h0.001_seed16 step=5975 loss+=0.191203 loss-=0.293257 dh=-51.0269 sec=1.378
sst-2_fp16_h0.001_seed16 step=6000 loss+=0.458209 loss-=0.46975 dh=-5.7703 sec=1.474
eval step=6000 {'eval_acc': 0.9197247706422018, 'eval_loss': 0.21787547081102268, 'eval_examples': 872}
sst-2_fp16_h0.001_seed16 step=6025 loss+=0.240521 loss-=0.140034 dh=50.2439 sec=1.378
sst-2_fp16_h0.001_seed16 step=6050 loss+=0.180782 loss-=0.182495 dh=-0.856274 sec=1.378
sst-2_fp16_h0.001_seed16 step=6075 loss+=0.422662 loss-=0.43088 dh=-4.10901 sec=1.378
sst-2_fp16_h0.001_seed16 step=6100 loss+=0.203827 loss-=0.191535 dh=6.14573 sec=1.463
sst-2_fp16_h0.001_seed16 step=6125 loss+=0.273239 loss-=0.193972 dh=39.6333 sec=1.504
sst-2_fp16_h0.001_seed16 step=6150 loss+=0.261691 loss-=0.302273 dh=-20.291 sec=1.504
sst-2_fp16_h0.001_seed16 step=6175 loss+=0.157297 loss-=0.202782 dh=-22.7424 sec=1.505
sst-2_fp16_h0.001_seed16 step=6200 loss+=0.234516 loss-=0.276706 dh=-21.0954 sec=1.365
sst-2_fp16_h0.001_seed16 step=6225 loss+=0.211532 loss-=0.241676 dh=-15.0719 sec=1.377
sst-2_fp16_h0.001_seed16 step=6250 loss+=0.353063 loss-=0.399481 dh=-23.2089 sec=1.506
sst-2_fp16_h0.001_seed16 step=6275 loss+=0.24537 loss-=0.203204 dh=21.0831 sec=1.491
sst-2_fp16_h0.001_seed16 step=6300 loss+=0.331895 loss-=0.399159 dh=-33.6319 sec=1.464
sst-2_fp16_h0.001_seed16 step=6325 loss+=0.362972 loss-=0.363337 dh=-0.182592 sec=1.505
sst-2_fp16_h0.001_seed16 step=6350 loss+=0.422267 loss-=0.336569 dh=42.8491 sec=1.466
sst-2_fp16_h0.001_seed16 step=6375 loss+=0.295608 loss-=0.241659 dh=26.9745 sec=1.505
sst-2_fp16_h0.001_seed16 step=6400 loss+=0.248575 loss-=0.181909 dh=33.3329 sec=1.465
sst-2_fp16_h0.001_seed16 step=6425 loss+=0.185806 loss-=0.186351 dh=-0.272468 sec=1.506
sst-2_fp16_h0.001_seed16 step=6450 loss+=0.368204 loss-=0.378089 dh=-4.94249 sec=1.378
sst-2_fp16_h0.001_seed16 step=6475 loss+=0.22784 loss-=0.127964 dh=49.9381 sec=1.505
sst-2_fp16_h0.001_seed16 step=6500 loss+=0.443622 loss-=0.417319 dh=13.1514 sec=1.377
eval step=6500 {'eval_acc': 0.9174311926605505, 'eval_loss': 0.2104808152343548, 'eval_examples': 872}
sst-2_fp16_h0.001_seed16 step=6525 loss+=0.228088 loss-=0.307618 dh=-39.7651 sec=1.365
sst-2_fp16_h0.001_seed16 step=6550 loss+=0.382091 loss-=0.405642 dh=-11.7756 sec=1.378
sst-2_fp16_h0.001_seed16 step=6575 loss+=0.297918 loss-=0.346327 dh=-24.2043 sec=1.476
sst-2_fp16_h0.001_seed16 step=6600 loss+=0.233617 loss-=0.252196 dh=-9.28925 sec=1.465
sst-2_fp16_h0.001_seed16 step=6625 loss+=0.257995 loss-=0.203117 dh=27.439 sec=1.494
sst-2_fp16_h0.001_seed16 step=6650 loss+=0.272299 loss-=0.296678 dh=-12.1891 sec=1.505
sst-2_fp16_h0.001_seed16 step=6675 loss+=0.401265 loss-=0.440597 dh=-19.6657 sec=1.466
sst-2_fp16_h0.001_seed16 step=6700 loss+=0.280732 loss-=0.272176 dh=4.27817 sec=1.366
sst-2_fp16_h0.001_seed16 step=6725 loss+=0.20986 loss-=0.253237 dh=-21.6885 sec=1.505
sst-2_fp16_h0.001_seed16 step=6750 loss+=0.277287 loss-=0.273857 dh=1.71513 sec=1.378
sst-2_fp16_h0.001_seed16 step=6775 loss+=0.237667 loss-=0.226368 dh=5.64973 sec=1.505
sst-2_fp16_h0.001_seed16 step=6800 loss+=0.147548 loss-=0.125852 dh=10.8482 sec=1.476
sst-2_fp16_h0.001_seed16 step=6825 loss+=0.364146 loss-=0.515399 dh=-75.6264 sec=1.377
sst-2_fp16_h0.001_seed16 step=6850 loss+=0.540961 loss-=0.423417 dh=58.772 sec=1.466
sst-2_fp16_h0.001_seed16 step=6875 loss+=0.106911 loss-=0.125628 dh=-9.35849 sec=1.377
sst-2_fp16_h0.001_seed16 step=6900 loss+=0.304739 loss-=0.266941 dh=18.8989 sec=1.464
sst-2_fp16_h0.001_seed16 step=6925 loss+=0.216797 loss-=0.142502 dh=37.1474 sec=1.465
sst-2_fp16_h0.001_seed16 step=6950 loss+=0.309134 loss-=0.205865 dh=51.6347 sec=1.464
sst-2_fp16_h0.001_seed16 step=6975 loss+=0.180727 loss-=0.139004 dh=20.8616 sec=1.505
sst-2_fp16_h0.001_seed16 step=7000 loss+=0.19832 loss-=0.210729 dh=-6.20478 sec=1.463
eval step=7000 {'eval_acc': 0.9197247706422018, 'eval_loss': 0.2033127892501823, 'eval_examples': 872}
sst-2_fp16_h0.001_seed16 step=7025 loss+=0.354396 loss-=0.335951 dh=9.22268 sec=1.365
sst-2_fp16_h0.001_seed16 step=7050 loss+=0.384459 loss-=0.275892 dh=54.2836 sec=1.379
sst-2_fp16_h0.001_seed16 step=7075 loss+=0.526837 loss-=0.55443 dh=-13.7967 sec=1.505
sst-2_fp16_h0.001_seed16 step=7100 loss+=0.370407 loss-=0.261978 dh=54.215 sec=1.464
sst-2_fp16_h0.001_seed16 step=7125 loss+=0.177619 loss-=0.215072 dh=-18.7264 sec=1.377
sst-2_fp16_h0.001_seed16 step=7150 loss+=0.258735 loss-=0.273031 dh=-7.14809 sec=1.378
sst-2_fp16_h0.001_seed16 step=7175 loss+=0.516279 loss-=0.457332 dh=29.4734 sec=1.507
sst-2_fp16_h0.001_seed16 step=7200 loss+=0.33442 loss-=0.520503 dh=-93.0418 sec=1.366
sst-2_fp16_h0.001_seed16 step=7225 loss+=0.0906081 loss-=0.0907906 dh=-0.0912632 sec=1.465
sst-2_fp16_h0.001_seed16 step=7250 loss+=0.187575 loss-=0.155076 dh=16.2495 sec=1.465
sst-2_fp16_h0.001_seed16 step=7275 loss+=0.178728 loss-=0.138912 dh=19.9081 sec=1.464
sst-2_fp16_h0.001_seed16 step=7300 loss+=0.52908 loss-=0.592735 dh=-31.8277 sec=1.505
sst-2_fp16_h0.001_seed16 step=7325 loss+=0.40361 loss-=0.325893 dh=38.8587 sec=1.504
sst-2_fp16_h0.001_seed16 step=7350 loss+=0.262969 loss-=0.220483 dh=21.2431 sec=1.463
sst-2_fp16_h0.001_seed16 step=7375 loss+=0.650945 loss-=0.484045 dh=83.45 sec=1.505
sst-2_fp16_h0.001_seed16 step=7400 loss+=0.189094 loss-=0.279906 dh=-45.4063 sec=1.377
sst-2_fp16_h0.001_seed16 step=7425 loss+=0.371402 loss-=0.35391 dh=8.74574 sec=1.464
sst-2_fp16_h0.001_seed16 step=7450 loss+=0.460883 loss-=0.449947 dh=5.46804 sec=1.365
sst-2_fp16_h0.001_seed16 step=7475 loss+=0.36904 loss-=0.450864 dh=-40.9118 sec=1.493
sst-2_fp16_h0.001_seed16 step=7500 loss+=0.179128 loss-=0.245741 dh=-33.3061 sec=1.464
eval step=7500 {'eval_acc': 0.926605504587156, 'eval_loss': 0.19713343281102358, 'eval_examples': 872}
sst-2_fp16_h0.001_seed16 step=7525 loss+=0.229673 loss-=0.228761 dh=0.456288 sec=1.505
sst-2_fp16_h0.001_seed16 step=7550 loss+=0.136869 loss-=0.0927436 dh=22.0628 sec=1.463
sst-2_fp16_h0.001_seed16 step=7575 loss+=0.215038 loss-=0.206817 dh=4.11021 sec=1.377
sst-2_fp16_h0.001_seed16 step=7600 loss+=0.330102 loss-=0.235435 dh=47.3335 sec=1.378
sst-2_fp16_h0.001_seed16 step=7625 loss+=0.495079 loss-=0.430987 dh=32.0464 sec=1.311
sst-2_fp16_h0.001_seed16 step=7650 loss+=0.223263 loss-=0.289654 dh=-33.1955 sec=1.378
sst-2_fp16_h0.001_seed16 step=7675 loss+=0.260997 loss-=0.240223 dh=10.387 sec=1.506
sst-2_fp16_h0.001_seed16 step=7700 loss+=0.407918 loss-=0.365658 dh=21.1301 sec=1.464
sst-2_fp16_h0.001_seed16 step=7725 loss+=0.396408 loss-=0.286673 dh=54.8672 sec=1.378
sst-2_fp16_h0.001_seed16 step=7750 loss+=0.270928 loss-=0.224147 dh=23.3909 sec=1.465
sst-2_fp16_h0.001_seed16 step=7775 loss+=0.0824115 loss-=0.112802 dh=-15.1953 sec=1.378
sst-2_fp16_h0.001_seed16 step=7800 loss+=0.263781 loss-=0.192953 dh=35.4142 sec=1.465
sst-2_fp16_h0.001_seed16 step=7825 loss+=0.435984 loss-=0.364429 dh=35.7774 sec=1.463
sst-2_fp16_h0.001_seed16 step=7850 loss+=0.226562 loss-=0.135701 dh=45.4305 sec=1.489
sst-2_fp16_h0.001_seed16 step=7875 loss+=0.136891 loss-=0.172836 dh=-17.9723 sec=1.507
sst-2_fp16_h0.001_seed16 step=7900 loss+=0.29002 loss-=0.290392 dh=-0.186379 sec=1.476
sst-2_fp16_h0.001_seed16 step=7925 loss+=0.379317 loss-=0.389432 dh=-5.05767 sec=1.378
sst-2_fp16_h0.001_seed16 step=7950 loss+=0.544333 loss-=0.423414 dh=60.4597 sec=1.507
sst-2_fp16_h0.001_seed16 step=7975 loss+=0.248709 loss-=0.147773 dh=50.4682 sec=1.506
sst-2_fp16_h0.001_seed16 step=8000 loss+=0.263202 loss-=0.273239 dh=-5.01815 sec=1.377
eval step=8000 {'eval_acc': 0.930045871559633, 'eval_loss': 0.19389261531541038, 'eval_examples': 872}
sst-2_fp16_h0.001_seed16 step=8025 loss+=0.0863406 loss-=0.0646957 dh=10.8225 sec=1.464
sst-2_fp16_h0.001_seed16 step=8050 loss+=0.188059 loss-=0.178885 dh=4.58673 sec=1.506
sst-2_fp16_h0.001_seed16 step=8075 loss+=0.158075 loss-=0.126759 dh=15.6579 sec=1.377
sst-2_fp16_h0.001_seed16 step=8100 loss+=0.243055 loss-=0.23796 dh=2.54729 sec=1.504
sst-2_fp16_h0.001_seed16 step=8125 loss+=0.312896 loss-=0.263523 dh=24.6865 sec=1.465
sst-2_fp16_h0.001_seed16 step=8150 loss+=0.100028 loss-=0.111515 dh=-5.74343 sec=1.378
sst-2_fp16_h0.001_seed16 step=8175 loss+=0.145328 loss-=0.237404 dh=-46.0378 sec=1.467
sst-2_fp16_h0.001_seed16 step=8200 loss+=0.265219 loss-=0.319381 dh=-27.0812 sec=1.365
sst-2_fp16_h0.001_seed16 step=8225 loss+=0.220761 loss-=0.152272 dh=34.2447 sec=1.365
sst-2_fp16_h0.001_seed16 step=8250 loss+=0.261096 loss-=0.284201 dh=-11.5524 sec=1.377
sst-2_fp16_h0.001_seed16 step=8275 loss+=0.0833288 loss-=0.0867617 dh=-1.71645 sec=1.506
sst-2_fp16_h0.001_seed16 step=8300 loss+=0.595361 loss-=0.732591 dh=-68.615 sec=1.377
sst-2_fp16_h0.001_seed16 step=8325 loss+=0.435017 loss-=0.484394 dh=-24.6882 sec=1.465
sst-2_fp16_h0.001_seed16 step=8350 loss+=0.132282 loss-=0.077334 dh=27.4739 sec=1.474
sst-2_fp16_h0.001_seed16 step=8375 loss+=0.132517 loss-=0.0798937 dh=26.3118 sec=1.464
sst-2_fp16_h0.001_seed16 step=8400 loss+=0.105152 loss-=0.178684 dh=-36.766 sec=1.378
sst-2_fp16_h0.001_seed16 step=8425 loss+=0.151261 loss-=0.172864 dh=-10.8013 sec=1.378
sst-2_fp16_h0.001_seed16 step=8450 loss+=0.179899 loss-=0.151373 dh=14.2632 sec=1.466
sst-2_fp16_h0.001_seed16 step=8475 loss+=0.117684 loss-=0.216277 dh=-49.2962 sec=1.505
sst-2_fp16_h0.001_seed16 step=8500 loss+=0.213705 loss-=0.297514 dh=-41.9046 sec=1.463
eval step=8500 {'eval_acc': 0.9334862385321101, 'eval_loss': 0.18990397551460106, 'eval_examples': 872}
sst-2_fp16_h0.001_seed16 step=8525 loss+=0.16637 loss-=0.276776 dh=-55.2028 sec=1.505
sst-2_fp16_h0.001_seed16 step=8550 loss+=0.13125 loss-=0.199563 dh=-34.1566 sec=1.478
sst-2_fp16_h0.001_seed16 step=8575 loss+=0.208195 loss-=0.233171 dh=-12.4879 sec=1.466
sst-2_fp16_h0.001_seed16 step=8600 loss+=0.137454 loss-=0.139556 dh=-1.05084 sec=1.495
sst-2_fp16_h0.001_seed16 step=8625 loss+=0.285733 loss-=0.218916 dh=33.4083 sec=1.506
sst-2_fp16_h0.001_seed16 step=8650 loss+=0.475279 loss-=0.42168 dh=26.7997 sec=1.365
sst-2_fp16_h0.001_seed16 step=8675 loss+=0.0978876 loss-=0.148176 dh=-25.1444 sec=1.505
sst-2_fp16_h0.001_seed16 step=8700 loss+=0.331146 loss-=0.233412 dh=48.8669 sec=1.505
sst-2_fp16_h0.001_seed16 step=8725 loss+=0.26569 loss-=0.285642 dh=-9.97608 sec=1.377
sst-2_fp16_h0.001_seed16 step=8750 loss+=0.286714 loss-=0.394077 dh=-53.6814 sec=1.465
sst-2_fp16_h0.001_seed16 step=8775 loss+=0.284403 loss-=0.259223 dh=12.5898 sec=1.377
sst-2_fp16_h0.001_seed16 step=8800 loss+=0.0789721 loss-=0.110097 dh=-15.5623 sec=1.479
sst-2_fp16_h0.001_seed16 step=8825 loss+=0.424822 loss-=0.407477 dh=8.67248 sec=1.506
sst-2_fp16_h0.001_seed16 step=8850 loss+=0.134732 loss-=0.13632 dh=-0.793617 sec=1.506
sst-2_fp16_h0.001_seed16 step=8875 loss+=0.0889853 loss-=0.0876157 dh=0.684842 sec=1.478
sst-2_fp16_h0.001_seed16 step=8900 loss+=0.240861 loss-=0.185075 dh=27.8932 sec=1.463
sst-2_fp16_h0.001_seed16 step=8925 loss+=0.397607 loss-=0.405754 dh=-4.07375 sec=1.465
sst-2_fp16_h0.001_seed16 step=8950 loss+=0.23176 loss-=0.253221 dh=-10.7308 sec=1.465
sst-2_fp16_h0.001_seed16 step=8975 loss+=0.147974 loss-=0.234426 dh=-43.2262 sec=1.464
sst-2_fp16_h0.001_seed16 step=9000 loss+=0.0998604 loss-=0.135481 dh=-17.8103 sec=1.476
eval step=9000 {'eval_acc': 0.9334862385321101, 'eval_loss': 0.18673687196152985, 'eval_examples': 872}
sst-2_fp16_h0.001_seed16 step=9025 loss+=0.211346 loss-=0.138597 dh=36.3743 sec=1.505
sst-2_fp16_h0.001_seed16 step=9050 loss+=0.190953 loss-=0.120147 dh=35.4029 sec=1.476
sst-2_fp16_h0.001_seed16 step=9075 loss+=0.188714 loss-=0.466966 dh=-139.126 sec=1.366
sst-2_fp16_h0.001_seed16 step=9100 loss+=0.1713 loss-=0.246531 dh=-37.6158 sec=1.505
sst-2_fp16_h0.001_seed16 step=9125 loss+=0.253366 loss-=0.339723 dh=-43.1784 sec=1.494
sst-2_fp16_h0.001_seed16 step=9150 loss+=0.0872505 loss-=0.196246 dh=-54.498 sec=1.465
sst-2_fp16_h0.001_seed16 step=9175 loss+=0.209964 loss-=0.261359 dh=-25.6976 sec=1.505
sst-2_fp16_h0.001_seed16 step=9200 loss+=0.226979 loss-=0.185398 dh=20.7904 sec=1.475
sst-2_fp16_h0.001_seed16 step=9225 loss+=0.251374 loss-=0.29001 dh=-19.3178 sec=1.378
sst-2_fp16_h0.001_seed16 step=9250 loss+=0.310401 loss-=0.27046 dh=19.9706 sec=1.463
sst-2_fp16_h0.001_seed16 step=9275 loss+=0.188933 loss-=0.28651 dh=-48.7882 sec=1.506
sst-2_fp16_h0.001_seed16 step=9300 loss+=0.126171 loss-=0.188814 dh=-31.3218 sec=1.505
sst-2_fp16_h0.001_seed16 step=9325 loss+=0.161498 loss-=0.261266 dh=-49.8844 sec=1.506
sst-2_fp16_h0.001_seed16 step=9350 loss+=0.581406 loss-=0.554976 dh=13.2149 sec=1.506
sst-2_fp16_h0.001_seed16 step=9375 loss+=0.205013 loss-=0.202656 dh=1.17863 sec=1.377
sst-2_fp16_h0.001_seed16 step=9400 loss+=0.231653 loss-=0.220412 dh=5.6204 sec=1.378
sst-2_fp16_h0.001_seed16 step=9425 loss+=0.387758 loss-=0.323402 dh=32.1778 sec=1.505
sst-2_fp16_h0.001_seed16 step=9450 loss+=0.0646954 loss-=0.0615752 dh=1.56007 sec=1.476
sst-2_fp16_h0.001_seed16 step=9475 loss+=0.398035 loss-=0.383163 dh=7.43599 sec=1.505
sst-2_fp16_h0.001_seed16 step=9500 loss+=0.306649 loss-=0.227615 dh=39.5169 sec=1.506
eval step=9500 {'eval_acc': 0.9403669724770642, 'eval_loss': 0.18076582882743447, 'eval_examples': 872}
sst-2_fp16_h0.001_seed16 step=9525 loss+=0.260177 loss-=0.252478 dh=3.8492 sec=1.364
sst-2_fp16_h0.001_seed16 step=9550 loss+=0.101804 loss-=0.122068 dh=-10.132 sec=1.463
sst-2_fp16_h0.001_seed16 step=9575 loss+=0.0677085 loss-=0.0549287 dh=6.38987 sec=1.494
sst-2_fp16_h0.001_seed16 step=9600 loss+=0.270272 loss-=0.239509 dh=15.3813 sec=1.505
sst-2_fp16_h0.001_seed16 step=9625 loss+=0.168449 loss-=0.142507 dh=12.9713 sec=1.505
sst-2_fp16_h0.001_seed16 step=9650 loss+=0.0693207 loss-=0.0462823 dh=11.5192 sec=1.506
sst-2_fp16_h0.001_seed16 step=9675 loss+=0.189225 loss-=0.218276 dh=-14.5254 sec=1.476
sst-2_fp16_h0.001_seed16 step=9700 loss+=0.282432 loss-=0.291872 dh=-4.72011 sec=1.494
sst-2_fp16_h0.001_seed16 step=9725 loss+=0.232658 loss-=0.245415 dh=-6.37874 sec=1.506
sst-2_fp16_h0.001_seed16 step=9750 loss+=0.330692 loss-=0.254159 dh=38.2667 sec=1.377
sst-2_fp16_h0.001_seed16 step=9775 loss+=0.177305 loss-=0.307245 dh=-64.9701 sec=1.506
sst-2_fp16_h0.001_seed16 step=9800 loss+=0.248179 loss-=0.226273 dh=10.953 sec=1.505
sst-2_fp16_h0.001_seed16 step=9825 loss+=0.220407 loss-=0.167858 dh=26.2746 sec=1.492
sst-2_fp16_h0.001_seed16 step=9850 loss+=0.286545 loss-=0.286887 dh=-0.171075 sec=1.377
sst-2_fp16_h0.001_seed16 step=9875 loss+=0.145672 loss-=0.272582 dh=-63.4551 sec=1.771
sst-2_fp16_h0.001_seed16 step=9900 loss+=0.119719 loss-=0.121394 dh=-0.837643 sec=1.377
sst-2_fp16_h0.001_seed16 step=9925 loss+=0.332619 loss-=0.402197 dh=-34.789 sec=1.504
sst-2_fp16_h0.001_seed16 step=9950 loss+=0.107943 loss-=0.11303 dh=-2.54381 sec=1.464
sst-2_fp16_h0.001_seed16 step=9975 loss+=0.0541605 loss-=0.0512268 dh=1.46685 sec=1.378
sst-2_fp16_h0.001_seed16 step=10000 loss+=0.151372 loss-=0.0629955 dh=44.1885 sec=1.476
eval step=10000 {'eval_acc': 0.9403669724770642, 'eval_loss': 0.18116544464116044, 'eval_examples': 872}
sst-2_fp16_h0.001_seed16 step=10025 loss+=0.303315 loss-=0.177079 dh=63.1179 sec=1.377
sst-2_fp16_h0.001_seed16 step=10050 loss+=0.364315 loss-=0.47039 dh=-53.0376 sec=1.477
sst-2_fp16_h0.001_seed16 step=10075 loss+=0.102729 loss-=0.264462 dh=-80.8663 sec=1.378
sst-2_fp16_h0.001_seed16 step=10100 loss+=0.453356 loss-=0.352942 dh=50.2069 sec=1.506
sst-2_fp16_h0.001_seed16 step=10125 loss+=0.206872 loss-=0.234747 dh=-13.9375 sec=1.464
sst-2_fp16_h0.001_seed16 step=10150 loss+=0.287056 loss-=0.264701 dh=11.1776 sec=1.505
sst-2_fp16_h0.001_seed16 step=10175 loss+=0.236443 loss-=0.194177 dh=21.1328 sec=1.506
sst-2_fp16_h0.001_seed16 step=10200 loss+=0.106802 loss-=0.0925431 dh=7.12921 sec=1.506
sst-2_fp16_h0.001_seed16 step=10225 loss+=0.394392 loss-=0.322488 dh=35.9524 sec=1.477
sst-2_fp16_h0.001_seed16 step=10250 loss+=0.133296 loss-=0.215695 dh=-41.1995 sec=1.465
sst-2_fp16_h0.001_seed16 step=10275 loss+=0.440959 loss-=0.2833 dh=78.8293 sec=1.464
sst-2_fp16_h0.001_seed16 step=10300 loss+=0.491127 loss-=0.576938 dh=-42.9053 sec=1.506
sst-2_fp16_h0.001_seed16 step=10325 loss+=0.286563 loss-=0.18507 dh=50.7464 sec=1.378
sst-2_fp16_h0.001_seed16 step=10350 loss+=0.198784 loss-=0.219115 dh=-10.1656 sec=1.504
sst-2_fp16_h0.001_seed16 step=10375 loss+=0.303329 loss-=0.182775 dh=60.2769 sec=1.506
sst-2_fp16_h0.001_seed16 step=10400 loss+=0.089838 loss-=0.172612 dh=-41.3868 sec=1.466
sst-2_fp16_h0.001_seed16 step=10425 loss+=0.510122 loss-=0.268289 dh=120.917 sec=1.506
sst-2_fp16_h0.001_seed16 step=10450 loss+=0.487198 loss-=0.423581 dh=31.8086 sec=1.378
sst-2_fp16_h0.001_seed16 step=10475 loss+=0.320114 loss-=0.314923 dh=2.59581 sec=1.378
sst-2_fp16_h0.001_seed16 step=10500 loss+=0.233505 loss-=0.342042 dh=-54.2683 sec=1.463
eval step=10500 {'eval_acc': 0.9415137614678899, 'eval_loss': 0.17588640064206146, 'eval_examples': 872}
sst-2_fp16_h0.001_seed16 step=10525 loss+=0.168215 loss-=0.137166 dh=15.5246 sec=1.464
sst-2_fp16_h0.001_seed16 step=10550 loss+=0.422568 loss-=0.387997 dh=17.2857 sec=1.505
sst-2_fp16_h0.001_seed16 step=10575 loss+=0.128921 loss-=0.189433 dh=-30.2559 sec=1.377
sst-2_fp16_h0.001_seed16 step=10600 loss+=0.304348 loss-=0.382867 dh=-39.2595 sec=1.465
sst-2_fp16_h0.001_seed16 step=10625 loss+=0.265731 loss-=0.288803 dh=-11.5357 sec=1.366
sst-2_fp16_h0.001_seed16 step=10650 loss+=0.314985 loss-=0.17427 dh=70.3576 sec=1.378
sst-2_fp16_h0.001_seed16 step=10675 loss+=0.44434 loss-=0.312475 dh=65.9329 sec=1.506
sst-2_fp16_h0.001_seed16 step=10700 loss+=0.195617 loss-=0.200545 dh=-2.46398 sec=1.377
sst-2_fp16_h0.001_seed16 step=10725 loss+=0.203555 loss-=0.237046 dh=-16.7454 sec=1.492
sst-2_fp16_h0.001_seed16 step=10750 loss+=0.104641 loss-=0.217381 dh=-56.37 sec=1.505
sst-2_fp16_h0.001_seed16 step=10775 loss+=0.153012 loss-=0.139601 dh=6.70546 sec=1.506
sst-2_fp16_h0.001_seed16 step=10800 loss+=0.0732389 loss-=0.214276 dh=-70.5185 sec=1.490
sst-2_fp16_h0.001_seed16 step=10825 loss+=0.0849847 loss-=0.0773002 dh=3.84226 sec=1.505
sst-2_fp16_h0.001_seed16 step=10850 loss+=0.406368 loss-=0.283804 dh=61.282 sec=1.377
sst-2_fp16_h0.001_seed16 step=10875 loss+=0.304776 loss-=0.452273 dh=-73.7487 sec=1.378
sst-2_fp16_h0.001_seed16 step=10900 loss+=0.215684 loss-=0.354991 dh=-69.6534 sec=1.506
sst-2_fp16_h0.001_seed16 step=10925 loss+=0.325308 loss-=0.222486 dh=51.4107 sec=1.507
sst-2_fp16_h0.001_seed16 step=10950 loss+=0.336109 loss-=0.364695 dh=-14.2929 sec=1.505
sst-2_fp16_h0.001_seed16 step=10975 loss+=0.25603 loss-=0.226422 dh=14.804 sec=1.378
sst-2_fp16_h0.001_seed16 step=11000 loss+=0.165906 loss-=0.309548 dh=-71.8209 sec=1.507
eval step=11000 {'eval_acc': 0.9438073394495413, 'eval_loss': 0.17168073178858523, 'eval_examples': 872}
sst-2_fp16_h0.001_seed16 step=11025 loss+=0.402735 loss-=0.344653 dh=29.0411 sec=1.504
sst-2_fp16_h0.001_seed16 step=11050 loss+=0.297293 loss-=0.260101 dh=18.5956 sec=1.376
sst-2_fp16_h0.001_seed16 step=11075 loss+=0.209121 loss-=0.299847 dh=-45.363 sec=1.506
sst-2_fp16_h0.001_seed16 step=11100 loss+=0.269237 loss-=0.191833 dh=38.7018 sec=1.506
sst-2_fp16_h0.001_seed16 step=11125 loss+=0.229181 loss-=0.280876 dh=-25.8477 sec=1.378
sst-2_fp16_h0.001_seed16 step=11150 loss+=0.0561232 loss-=0.0317816 dh=12.1708 sec=1.365
sst-2_fp16_h0.001_seed16 step=11175 loss+=0.329349 loss-=0.335804 dh=-3.22754 sec=1.464
sst-2_fp16_h0.001_seed16 step=11200 loss+=0.136115 loss-=0.134787 dh=0.663969 sec=1.466
sst-2_fp16_h0.001_seed16 step=11225 loss+=0.210041 loss-=0.197613 dh=6.21369 sec=1.506
sst-2_fp16_h0.001_seed16 step=11250 loss+=0.0714421 loss-=0.0765322 dh=-2.54503 sec=1.506
sst-2_fp16_h0.001_seed16 step=11275 loss+=0.17752 loss-=0.220882 dh=-21.6807 sec=1.462
sst-2_fp16_h0.001_seed16 step=11300 loss+=0.548676 loss-=0.374443 dh=87.1166 sec=1.506
sst-2_fp16_h0.001_seed16 step=11325 loss+=0.190456 loss-=0.169784 dh=10.3356 sec=1.507
sst-2_fp16_h0.001_seed16 step=11350 loss+=0.0756509 loss-=0.0955149 dh=-9.93196 sec=1.464
sst-2_fp16_h0.001_seed16 step=11375 loss+=0.198507 loss-=0.200028 dh=-0.760405 sec=1.466
sst-2_fp16_h0.001_seed16 step=11400 loss+=0.212588 loss-=0.246853 dh=-17.1323 sec=1.464
sst-2_fp16_h0.001_seed16 step=11425 loss+=0.214465 loss-=0.364356 dh=-74.9457 sec=1.377
sst-2_fp16_h0.001_seed16 step=11450 loss+=0.200437 loss-=0.214353 dh=-6.95808 sec=1.376
sst-2_fp16_h0.001_seed16 step=11475 loss+=0.207103 loss-=0.085231 dh=60.9361 sec=1.507
sst-2_fp16_h0.001_seed16 step=11500 loss+=0.137929 loss-=0.262636 dh=-62.3535 sec=1.366
eval step=11500 {'eval_acc': 0.9415137614678899, 'eval_loss': 0.17052100189596225, 'eval_examples': 872}
sst-2_fp16_h0.001_seed16 step=11525 loss+=0.162019 loss-=0.169555 dh=-3.76802 sec=1.477
sst-2_fp16_h0.001_seed16 step=11550 loss+=0.260174 loss-=0.23668 dh=11.7471 sec=1.506
sst-2_fp16_h0.001_seed16 step=11575 loss+=0.0670117 loss-=0.0465246 dh=10.2436 sec=1.465
sst-2_fp16_h0.001_seed16 step=11600 loss+=0.168975 loss-=0.10291 dh=33.0325 sec=1.505
sst-2_fp16_h0.001_seed16 step=11625 loss+=0.130763 loss-=0.259532 dh=-64.385 sec=1.506
sst-2_fp16_h0.001_seed16 step=11650 loss+=0.109723 loss-=0.119587 dh=-4.93208 sec=1.506
sst-2_fp16_h0.001_seed16 step=11675 loss+=0.310019 loss-=0.271913 dh=19.0532 sec=1.467
sst-2_fp16_h0.001_seed16 step=11700 loss+=0.163129 loss-=0.140321 dh=11.4041 sec=1.504
sst-2_fp16_h0.001_seed16 step=11725 loss+=0.264996 loss-=0.200601 dh=32.1972 sec=1.505
sst-2_fp16_h0.001_seed16 step=11750 loss+=0.123659 loss-=0.127321 dh=-1.83066 sec=1.507
sst-2_fp16_h0.001_seed16 step=11775 loss+=0.0937749 loss-=0.0899803 dh=1.89729 sec=1.505
sst-2_fp16_h0.001_seed16 step=11800 loss+=0.257143 loss-=0.324464 dh=-33.6605 sec=1.377
sst-2_fp16_h0.001_seed16 step=11825 loss+=0.309309 loss-=0.283333 dh=12.9881 sec=1.465
sst-2_fp16_h0.001_seed16 step=11850 loss+=0.568698 loss-=0.624935 dh=-28.1188 sec=1.465
sst-2_fp16_h0.001_seed16 step=11875 loss+=0.187956 loss-=0.215373 dh=-13.7084 sec=1.378
sst-2_fp16_h0.001_seed16 step=11900 loss+=0.154698 loss-=0.110961 dh=21.8686 sec=1.464
sst-2_fp16_h0.001_seed16 step=11925 loss+=0.245375 loss-=0.289543 dh=-22.084 sec=1.378
sst-2_fp16_h0.001_seed16 step=11950 loss+=0.583144 loss-=0.595825 dh=-6.34068 sec=1.378
sst-2_fp16_h0.001_seed16 step=11975 loss+=0.11146 loss-=0.140646 dh=-14.5927 sec=1.507
sst-2_fp16_h0.001_seed16 step=12000 loss+=0.168532 loss-=0.0737466 dh=47.3928 sec=1.465
eval step=12000 {'eval_acc': 0.9438073394495413, 'eval_loss': 0.17240367748682736, 'eval_examples': 872}
sst-2_fp16_h0.001_seed16 step=12025 loss+=0.145651 loss-=0.23676 dh=-45.5541 sec=1.505
sst-2_fp16_h0.001_seed16 step=12050 loss+=0.0910261 loss-=0.12678 dh=-17.8768 sec=1.506
sst-2_fp16_h0.001_seed16 step=12075 loss+=0.124609 loss-=0.124726 dh=-0.0586924 sec=1.366
sst-2_fp16_h0.001_seed16 step=12100 loss+=0.370993 loss-=0.366718 dh=2.13716 sec=1.476
sst-2_fp16_h0.001_seed16 step=12125 loss+=0.641443 loss-=0.30809 dh=166.677 sec=1.378
sst-2_fp16_h0.001_seed16 step=12150 loss+=0.209879 loss-=0.179769 dh=15.0548 sec=1.464
sst-2_fp16_h0.001_seed16 step=12175 loss+=0.358629 loss-=0.293018 dh=32.8054 sec=1.464
sst-2_fp16_h0.001_seed16 step=12200 loss+=0.402361 loss-=0.37641 dh=12.9756 sec=1.377
sst-2_fp16_h0.001_seed16 step=12225 loss+=0.25462 loss-=0.133019 dh=60.8005 sec=1.377
sst-2_fp16_h0.001_seed16 step=12250 loss+=0.251201 loss-=0.425801 dh=-87.3 sec=1.378
sst-2_fp16_h0.001_seed16 step=12275 loss+=0.275604 loss-=0.284621 dh=-4.50844 sec=1.507
sst-2_fp16_h0.001_seed16 step=12300 loss+=0.503495 loss-=0.383865 dh=59.8151 sec=1.465
sst-2_fp16_h0.001_seed16 step=12325 loss+=0.0802525 loss-=0.0665366 dh=6.85795 sec=1.506
sst-2_fp16_h0.001_seed16 step=12350 loss+=0.271894 loss-=0.254732 dh=8.58098 sec=1.378
sst-2_fp16_h0.001_seed16 step=12375 loss+=0.160071 loss-=0.209028 dh=-24.4787 sec=1.379
sst-2_fp16_h0.001_seed16 step=12400 loss+=0.189133 loss-=0.263299 dh=-37.0834 sec=1.506
sst-2_fp16_h0.001_seed16 step=12425 loss+=0.227886 loss-=0.122795 dh=52.5453 sec=1.378
sst-2_fp16_h0.001_seed16 step=12450 loss+=0.198409 loss-=0.194205 dh=2.1017 sec=1.366
sst-2_fp16_h0.001_seed16 step=12475 loss+=0.114229 loss-=0.11825 dh=-2.0101 sec=1.479
sst-2_fp16_h0.001_seed16 step=12500 loss+=0.0841492 loss-=0.171161 dh=-43.506 sec=1.508
eval step=12500 {'eval_acc': 0.9415137614678899, 'eval_loss': 0.17194130057853502, 'eval_examples': 872}
sst-2_fp16_h0.001_seed16 step=12525 loss+=0.304467 loss-=0.313742 dh=-4.63743 sec=1.507
sst-2_fp16_h0.001_seed16 step=12550 loss+=0.155539 loss-=0.0770448 dh=39.2473 sec=1.508
sst-2_fp16_h0.001_seed16 step=12575 loss+=0.0703218 loss-=0.167155 dh=-48.4167 sec=1.476
sst-2_fp16_h0.001_seed16 step=12600 loss+=0.127796 loss-=0.145753 dh=-8.97856 sec=1.507
sst-2_fp16_h0.001_seed16 step=12625 loss+=0.16038 loss-=0.152995 dh=3.69252 sec=1.507
sst-2_fp16_h0.001_seed16 step=12650 loss+=0.0527882 loss-=0.0453299 dh=3.72913 sec=1.494
sst-2_fp16_h0.001_seed16 step=12675 loss+=0.113642 loss-=0.0980441 dh=7.79883 sec=1.378
sst-2_fp16_h0.001_seed16 step=12700 loss+=0.229765 loss-=0.28494 dh=-27.5878 sec=1.479
sst-2_fp16_h0.001_seed16 step=12725 loss+=0.143945 loss-=0.067789 dh=38.0781 sec=1.505
sst-2_fp16_h0.001_seed16 step=12750 loss+=0.0431576 loss-=0.073445 dh=-15.1437 sec=1.378
sst-2_fp16_h0.001_seed16 step=12775 loss+=0.179342 loss-=0.305707 dh=-63.1827 sec=1.478
sst-2_fp16_h0.001_seed16 step=12800 loss+=0.249127 loss-=0.294569 dh=-22.7208 sec=1.475
sst-2_fp16_h0.001_seed16 step=12825 loss+=0.176379 loss-=0.121426 dh=27.4764 sec=1.507
sst-2_fp16_h0.001_seed16 step=12850 loss+=0.405174 loss-=0.245496 dh=79.839 sec=1.464
sst-2_fp16_h0.001_seed16 step=12875 loss+=0.2751 loss-=0.265163 dh=4.96859 sec=1.504
sst-2_fp16_h0.001_seed16 step=12900 loss+=0.239179 loss-=0.411743 dh=-86.2819 sec=1.378
sst-2_fp16_h0.001_seed16 step=12925 loss+=0.0722915 loss-=0.05247 dh=9.91071 sec=1.506
sst-2_fp16_h0.001_seed16 step=12950 loss+=0.214085 loss-=0.16368 dh=25.2023 sec=1.507
sst-2_fp16_h0.001_seed16 step=12975 loss+=0.318956 loss-=0.29661 dh=11.1729 sec=1.505
sst-2_fp16_h0.001_seed16 step=13000 loss+=0.389072 loss-=0.447439 dh=-29.1836 sec=1.506
eval step=13000 {'eval_acc': 0.9426605504587156, 'eval_loss': 0.17515276178745381, 'eval_examples': 872}
sst-2_fp16_h0.001_seed16 step=13025 loss+=0.340486 loss-=0.497134 dh=-78.324 sec=1.464
sst-2_fp16_h0.001_seed16 step=13050 loss+=0.0972407 loss-=0.089459 dh=3.89086 sec=1.490
sst-2_fp16_h0.001_seed16 step=13075 loss+=0.248601 loss-=0.057746 dh=95.4277 sec=1.378
sst-2_fp16_h0.001_seed16 step=13100 loss+=0.248774 loss-=0.185792 dh=31.4909 sec=1.378
sst-2_fp16_h0.001_seed16 step=13125 loss+=0.390847 loss-=0.418096 dh=-13.6245 sec=1.378
sst-2_fp16_h0.001_seed16 step=13150 loss+=0.394082 loss-=0.49366 dh=-49.789 sec=1.507
sst-2_fp16_h0.001_seed16 step=13175 loss+=0.15351 loss-=0.245538 dh=-46.0138 sec=1.505
sst-2_fp16_h0.001_seed16 step=13200 loss+=0.198053 loss-=0.229759 dh=-15.853 sec=1.506
sst-2_fp16_h0.001_seed16 step=13225 loss+=0.40178 loss-=0.290564 dh=55.6079 sec=1.506
sst-2_fp16_h0.001_seed16 step=13250 loss+=0.233517 loss-=0.216975 dh=8.27068 sec=1.508
sst-2_fp16_h0.001_seed16 step=13275 loss+=0.118347 loss-=0.153133 dh=-17.393 sec=1.378
sst-2_fp16_h0.001_seed16 step=13300 loss+=0.264764 loss-=0.371789 dh=-53.5125 sec=1.466
sst-2_fp16_h0.001_seed16 step=13325 loss+=0.134118 loss-=0.158453 dh=-12.1678 sec=1.465
sst-2_fp16_h0.001_seed16 step=13350 loss+=0.370332 loss-=0.337071 dh=16.6306 sec=1.378
sst-2_fp16_h0.001_seed16 step=13375 loss+=0.167519 loss-=0.152457 dh=7.53085 sec=1.378
sst-2_fp16_h0.001_seed16 step=13400 loss+=0.0476448 loss-=0.031251 dh=8.19692 sec=1.507
sst-2_fp16_h0.001_seed16 step=13425 loss+=0.296637 loss-=0.231929 dh=32.3542 sec=1.465
sst-2_fp16_h0.001_seed16 step=13450 loss+=0.27192 loss-=0.156683 dh=57.6184 sec=1.366
sst-2_fp16_h0.001_seed16 step=13475 loss+=0.180179 loss-=0.216842 dh=-18.3315 sec=1.377
sst-2_fp16_h0.001_seed16 step=13500 loss+=0.0955888 loss-=0.101627 dh=-3.01895 sec=1.507
eval step=13500 {'eval_acc': 0.9426605504587156, 'eval_loss': 0.1753411657356341, 'eval_examples': 872}
sst-2_fp16_h0.001_seed16 step=13525 loss+=0.0601871 loss-=0.0546733 dh=2.75689 sec=1.378
sst-2_fp16_h0.001_seed16 step=13550 loss+=0.220148 loss-=0.190997 dh=14.5756 sec=1.464
sst-2_fp16_h0.001_seed16 step=13575 loss+=0.344799 loss-=0.386738 dh=-20.9696 sec=1.506
sst-2_fp16_h0.001_seed16 step=13600 loss+=0.3152 loss-=0.385494 dh=-35.1471 sec=1.506
sst-2_fp16_h0.001_seed16 step=13625 loss+=0.103782 loss-=0.0975591 dh=3.11165 sec=1.466
sst-2_fp16_h0.001_seed16 step=13650 loss+=0.246721 loss-=0.229057 dh=8.83233 sec=1.507
sst-2_fp16_h0.001_seed16 step=13675 loss+=0.704856 loss-=0.678329 dh=13.2639 sec=1.378
sst-2_fp16_h0.001_seed16 step=13700 loss+=0.446357 loss-=0.453292 dh=-3.46792 sec=1.507
sst-2_fp16_h0.001_seed16 step=13725 loss+=0.0791169 loss-=0.148412 dh=-34.6476 sec=1.379
sst-2_fp16_h0.001_seed16 step=13750 loss+=0.0943524 loss-=0.167661 dh=-36.6541 sec=1.477
sst-2_fp16_h0.001_seed16 step=13775 loss+=0.135684 loss-=0.215997 dh=-40.1565 sec=1.507
sst-2_fp16_h0.001_seed16 step=13800 loss+=0.221344 loss-=0.161316 dh=30.0139 sec=1.477
sst-2_fp16_h0.001_seed16 step=13825 loss+=0.0505665 loss-=0.110542 dh=-29.9877 sec=1.465
sst-2_fp16_h0.001_seed16 step=13850 loss+=0.429005 loss-=0.615112 dh=-93.0535 sec=1.379
sst-2_fp16_h0.001_seed16 step=13875 loss+=0.244256 loss-=0.179082 dh=32.5868 sec=1.507
sst-2_fp16_h0.001_seed16 step=13900 loss+=0.104116 loss-=0.19861 dh=-47.2472 sec=1.507
sst-2_fp16_h0.001_seed16 step=13925 loss+=0.0524396 loss-=0.0694444 dh=-8.50242 sec=1.508
sst-2_fp16_h0.001_seed16 step=13950 loss+=0.250933 loss-=0.357865 dh=-53.4659 sec=1.478
sst-2_fp16_h0.001_seed16 step=13975 loss+=0.211752 loss-=0.304288 dh=-46.2679 sec=1.507
sst-2_fp16_h0.001_seed16 step=14000 loss+=0.238077 loss-=0.0951483 dh=71.4643 sec=1.507
eval step=14000 {'eval_acc': 0.9415137614678899, 'eval_loss': 0.17365693220539755, 'eval_examples': 872}
sst-2_fp16_h0.001_seed16 step=14025 loss+=0.140229 loss-=0.168449 dh=-14.1104 sec=1.507
sst-2_fp16_h0.001_seed16 step=14050 loss+=0.106996 loss-=0.0563734 dh=25.3114 sec=1.366
sst-2_fp16_h0.001_seed16 step=14075 loss+=0.0644596 loss-=0.0936024 dh=-14.5714 sec=1.507
sst-2_fp16_h0.001_seed16 step=14100 loss+=0.0856394 loss-=0.153549 dh=-33.955 sec=1.507
sst-2_fp16_h0.001_seed16 step=14125 loss+=0.121557 loss-=0.0904934 dh=15.5319 sec=1.467
sst-2_fp16_h0.001_seed16 step=14150 loss+=0.220696 loss-=0.350691 dh=-64.9974 sec=1.466
sst-2_fp16_h0.001_seed16 step=14175 loss+=0.126356 loss-=0.189144 dh=-31.3939 sec=1.508
sst-2_fp16_h0.001_seed16 step=14200 loss+=0.164985 loss-=0.167871 dh=-1.44291 sec=1.505
sst-2_fp16_h0.001_seed16 step=14225 loss+=0.0803679 loss-=0.100729 dh=-10.1807 sec=1.379
sst-2_fp16_h0.001_seed16 step=14250 loss+=0.17317 loss-=0.192224 dh=-9.52704 sec=1.506
sst-2_fp16_h0.001_seed16 step=14275 loss+=0.156509 loss-=0.156994 dh=-0.242601 sec=1.507
sst-2_fp16_h0.001_seed16 step=14300 loss+=0.121563 loss-=0.17727 dh=-27.8536 sec=1.507
sst-2_fp16_h0.001_seed16 step=14325 loss+=0.168694 loss-=0.161755 dh=3.46978 sec=1.466
sst-2_fp16_h0.001_seed16 step=14350 loss+=0.0733259 loss-=0.0590698 dh=7.12805 sec=1.477
sst-2_fp16_h0.001_seed16 step=14375 loss+=0.121492 loss-=0.0950923 dh=13.1999 sec=1.508
sst-2_fp16_h0.001_seed16 step=14400 loss+=0.477739 loss-=0.328287 dh=74.7262 sec=1.378
sst-2_fp16_h0.001_seed16 step=14425 loss+=0.209774 loss-=0.26659 dh=-28.4081 sec=1.466
sst-2_fp16_h0.001_seed16 step=14450 loss+=0.427397 loss-=0.344166 dh=41.6155 sec=1.378
sst-2_fp16_h0.001_seed16 step=14475 loss+=0.0563496 loss-=0.138374 dh=-41.0122 sec=1.379
sst-2_fp16_h0.001_seed16 step=14500 loss+=0.456192 loss-=0.318501 dh=68.8451 sec=1.507
eval step=14500 {'eval_acc': 0.9426605504587156, 'eval_loss': 0.17665175536707248, 'eval_examples': 872}
sst-2_fp16_h0.001_seed16 step=14525 loss+=0.20824 loss-=0.135616 dh=36.312 sec=1.477
sst-2_fp16_h0.001_seed16 step=14550 loss+=0.272937 loss-=0.121687 dh=75.625 sec=1.477
sst-2_fp16_h0.001_seed16 step=14575 loss+=0.226961 loss-=0.29221 dh=-32.6246 sec=1.378
sst-2_fp16_h0.001_seed16 step=14600 loss+=0.0950276 loss-=0.0561585 dh=19.4345 sec=1.379
sst-2_fp16_h0.001_seed16 step=14625 loss+=0.145175 loss-=0.15523 dh=-5.02755 sec=1.507
sst-2_fp16_h0.001_seed16 step=14650 loss+=0.406355 loss-=0.13671 dh=134.823 sec=1.506
sst-2_fp16_h0.001_seed16 step=14675 loss+=0.259654 loss-=0.18675 dh=36.4519 sec=1.507
sst-2_fp16_h0.001_seed16 step=14700 loss+=0.0631922 loss-=0.0664851 dh=-1.64643 sec=1.506
sst-2_fp16_h0.001_seed16 step=14725 loss+=0.171274 loss-=0.114645 dh=28.3143 sec=1.506
sst-2_fp16_h0.001_seed16 step=14750 loss+=0.147995 loss-=0.111723 dh=18.1359 sec=1.506
sst-2_fp16_h0.001_seed16 step=14775 loss+=0.54204 loss-=0.407041 dh=67.4992 sec=1.507
sst-2_fp16_h0.001_seed16 step=14800 loss+=0.334329 loss-=0.185799 dh=74.2653 sec=1.367
sst-2_fp16_h0.001_seed16 step=14825 loss+=0.119064 loss-=0.118613 dh=0.225486 sec=1.467
sst-2_fp16_h0.001_seed16 step=14850 loss+=0.236675 loss-=0.143387 dh=46.6441 sec=1.506
sst-2_fp16_h0.001_seed16 step=14875 loss+=0.504861 loss-=0.241522 dh=131.669 sec=1.506
sst-2_fp16_h0.001_seed16 step=14900 loss+=0.213023 loss-=0.317066 dh=-52.0216 sec=1.378
sst-2_fp16_h0.001_seed16 step=14925 loss+=0.42689 loss-=0.494058 dh=-33.5838 sec=1.378
sst-2_fp16_h0.001_seed16 step=14950 loss+=0.0387377 loss-=0.0328779 dh=2.92993 sec=1.506
sst-2_fp16_h0.001_seed16 step=14975 loss+=0.176424 loss-=0.0954364 dh=40.4936 sec=1.507
sst-2_fp16_h0.001_seed16 step=15000 loss+=0.0432922 loss-=0.0599642 dh=-8.33597 sec=1.465
eval step=15000 {'eval_acc': 0.9403669724770642, 'eval_loss': 0.17276161797707815, 'eval_examples': 872}
sst-2_fp16_h0.001_seed16 step=15025 loss+=0.307184 loss-=0.427275 dh=-60.0455 sec=1.494
sst-2_fp16_h0.001_seed16 step=15050 loss+=0.0748354 loss-=0.0489426 dh=12.9464 sec=1.379
sst-2_fp16_h0.001_seed16 step=15075 loss+=0.140676 loss-=0.162003 dh=-10.6636 sec=1.465
sst-2_fp16_h0.001_seed16 step=15100 loss+=0.304367 loss-=0.162042 dh=71.1622 sec=1.378
sst-2_fp16_h0.001_seed16 step=15125 loss+=0.367113 loss-=0.344983 dh=11.0647 sec=1.377
sst-2_fp16_h0.001_seed16 step=15150 loss+=0.153256 loss-=0.0773641 dh=37.9458 sec=1.519
sst-2_fp16_h0.001_seed16 step=15175 loss+=0.128764 loss-=0.125452 dh=1.65585 sec=1.379
sst-2_fp16_h0.001_seed16 step=15200 loss+=0.264678 loss-=0.285545 dh=-10.4334 sec=1.367
sst-2_fp16_h0.001_seed16 step=15225 loss+=0.188526 loss-=0.140953 dh=23.7869 sec=1.466
sst-2_fp16_h0.001_seed16 step=15250 loss+=0.243802 loss-=0.236072 dh=3.86477 sec=1.378
sst-2_fp16_h0.001_seed16 step=15275 loss+=0.0607709 loss-=0.0656619 dh=-2.44553 sec=1.507
sst-2_fp16_h0.001_seed16 step=15300 loss+=0.447573 loss-=0.29703 dh=75.2713 sec=1.378
sst-2_fp16_h0.001_seed16 step=15325 loss+=0.0591331 loss-=0.0918891 dh=-16.378 sec=1.464
sst-2_fp16_h0.001_seed16 step=15350 loss+=0.104791 loss-=0.10491 dh=-0.0594862 sec=1.377
sst-2_fp16_h0.001_seed16 step=15375 loss+=0.152273 loss-=0.289533 dh=-68.6303 sec=1.366
sst-2_fp16_h0.001_seed16 step=15400 loss+=0.122217 loss-=0.0664449 dh=27.886 sec=1.466
sst-2_fp16_h0.001_seed16 step=15425 loss+=0.30284 loss-=0.274411 dh=14.2143 sec=1.507
sst-2_fp16_h0.001_seed16 step=15450 loss+=0.160845 loss-=0.115095 dh=22.8751 sec=1.506
sst-2_fp16_h0.001_seed16 step=15475 loss+=0.185908 loss-=0.0720965 dh=56.9059 sec=1.366
sst-2_fp16_h0.001_seed16 step=15500 loss+=0.227504 loss-=0.437623 dh=-105.06 sec=1.379
eval step=15500 {'eval_acc': 0.9426605504587156, 'eval_loss': 0.172249020002526, 'eval_examples': 872}
sst-2_fp16_h0.001_seed16 step=15525 loss+=0.372836 loss-=0.380177 dh=-3.67087 sec=1.506
sst-2_fp16_h0.001_seed16 step=15550 loss+=0.298717 loss-=0.239029 dh=29.8439 sec=1.465
sst-2_fp16_h0.001_seed16 step=15575 loss+=0.167436 loss-=0.10813 dh=29.653 sec=1.365
sst-2_fp16_h0.001_seed16 step=15600 loss+=0.178194 loss-=0.275841 dh=-48.8238 sec=1.507
sst-2_fp16_h0.001_seed16 step=15625 loss+=0.203137 loss-=0.238615 dh=-17.7389 sec=1.505
sst-2_fp16_h0.001_seed16 step=15650 loss+=0.538343 loss-=0.656051 dh=-58.8538 sec=1.379
sst-2_fp16_h0.001_seed16 step=15675 loss+=0.310306 loss-=0.227084 dh=41.6112 sec=1.506
sst-2_fp16_h0.001_seed16 step=15700 loss+=0.177582 loss-=0.391206 dh=-106.812 sec=1.379
sst-2_fp16_h0.001_seed16 step=15725 loss+=0.0713402 loss-=0.0724535 dh=-0.556614 sec=1.376
sst-2_fp16_h0.001_seed16 step=15750 loss+=0.180818 loss-=0.171445 dh=4.68638 sec=1.509
sst-2_fp16_h0.001_seed16 step=15775 loss+=0.181364 loss-=0.103958 dh=38.7028 sec=1.466
sst-2_fp16_h0.001_seed16 step=15800 loss+=0.250124 loss-=0.0971204 dh=76.5016 sec=1.506
sst-2_fp16_h0.001_seed16 step=15825 loss+=0.255764 loss-=0.244304 dh=5.7299 sec=1.366
sst-2_fp16_h0.001_seed16 step=15850 loss+=0.0708851 loss-=0.102112 dh=-15.6133 sec=1.366
sst-2_fp16_h0.001_seed16 step=15875 loss+=0.0382118 loss-=0.0962494 dh=-29.0188 sec=1.464
sst-2_fp16_h0.001_seed16 step=15900 loss+=0.0843589 loss-=0.173977 dh=-44.809 sec=1.476
sst-2_fp16_h0.001_seed16 step=15925 loss+=0.0916249 loss-=0.119214 dh=-13.7944 sec=1.465
sst-2_fp16_h0.001_seed16 step=15950 loss+=0.02758 loss-=0.0252424 dh=1.16877 sec=1.507
sst-2_fp16_h0.001_seed16 step=15975 loss+=0.275888 loss-=0.0830982 dh=96.395 sec=1.506
sst-2_fp16_h0.001_seed16 step=16000 loss+=0.209432 loss-=0.122389 dh=43.5215 sec=1.506
eval step=16000 {'eval_acc': 0.9426605504587156, 'eval_loss': 0.17184330864036199, 'eval_examples': 872}
sst-2_fp16_h0.001_seed16 step=16025 loss+=0.26687 loss-=0.280536 dh=-6.83289 sec=1.505
sst-2_fp16_h0.001_seed16 step=16050 loss+=0.360356 loss-=0.559982 dh=-99.8132 sec=1.505
sst-2_fp16_h0.001_seed16 step=16075 loss+=0.129985 loss-=0.185816 dh=-27.9158 sec=1.379
sst-2_fp16_h0.001_seed16 step=16100 loss+=0.0502793 loss-=0.23984 dh=-94.7804 sec=1.477
sst-2_fp16_h0.001_seed16 step=16125 loss+=0.241287 loss-=0.242543 dh=-0.628123 sec=1.505
sst-2_fp16_h0.001_seed16 step=16150 loss+=0.0599804 loss-=0.0527213 dh=3.62958 sec=1.379
sst-2_fp16_h0.001_seed16 step=16175 loss+=0.403142 loss-=0.409332 dh=-3.09475 sec=1.507
sst-2_fp16_h0.001_seed16 step=16200 loss+=0.305789 loss-=0.206076 dh=49.8563 sec=1.477
sst-2_fp16_h0.001_seed16 step=16225 loss+=0.223996 loss-=0.244578 dh=-10.2906 sec=1.478
sst-2_fp16_h0.001_seed16 step=16250 loss+=0.154116 loss-=0.136583 dh=8.76644 sec=1.378
sst-2_fp16_h0.001_seed16 step=16275 loss+=0.347878 loss-=0.181262 dh=83.3082 sec=1.465
sst-2_fp16_h0.001_seed16 step=16300 loss+=0.053145 loss-=0.0284827 dh=12.3312 sec=1.466
sst-2_fp16_h0.001_seed16 step=16325 loss+=0.331457 loss-=0.359652 dh=-14.0976 sec=1.478
sst-2_fp16_h0.001_seed16 step=16350 loss+=0.0908391 loss-=0.122782 dh=-15.9716 sec=1.468
sst-2_fp16_h0.001_seed16 step=16375 loss+=0.284226 loss-=0.238845 dh=22.6906 sec=1.508
sst-2_fp16_h0.001_seed16 step=16400 loss+=0.0611395 loss-=0.109923 dh=-24.3915 sec=1.378
sst-2_fp16_h0.001_seed16 step=16425 loss+=0.191383 loss-=0.126689 dh=32.3469 sec=1.507
sst-2_fp16_h0.001_seed16 step=16450 loss+=0.339739 loss-=0.117287 dh=111.226 sec=1.466
sst-2_fp16_h0.001_seed16 step=16475 loss+=0.0864716 loss-=0.151119 dh=-32.3235 sec=1.379
sst-2_fp16_h0.001_seed16 step=16500 loss+=0.220587 loss-=0.206186 dh=7.20014 sec=1.465
eval step=16500 {'eval_acc': 0.9461009174311926, 'eval_loss': 0.163230100085365, 'eval_examples': 872}
sst-2_fp16_h0.001_seed16 step=16525 loss+=0.0896964 loss-=0.105934 dh=-8.11882 sec=1.506
sst-2_fp16_h0.001_seed16 step=16550 loss+=0.0864571 loss-=0.218574 dh=-66.0584 sec=1.467
sst-2_fp16_h0.001_seed16 step=16575 loss+=0.124336 loss-=0.115132 dh=4.60237 sec=1.476
sst-2_fp16_h0.001_seed16 step=16600 loss+=0.605534 loss-=0.567556 dh=18.9889 sec=1.465
sst-2_fp16_h0.001_seed16 step=16625 loss+=0.220574 loss-=0.287603 dh=-33.5146 sec=1.506
sst-2_fp16_h0.001_seed16 step=16650 loss+=0.328617 loss-=0.353011 dh=-12.197 sec=1.378
sst-2_fp16_h0.001_seed16 step=16675 loss+=0.163057 loss-=0.195155 dh=-16.0494 sec=1.505
sst-2_fp16_h0.001_seed16 step=16700 loss+=0.42356 loss-=0.45735 dh=-16.8955 sec=1.507
sst-2_fp16_h0.001_seed16 step=16725 loss+=0.180053 loss-=0.197984 dh=-8.96576 sec=1.378
sst-2_fp16_h0.001_seed16 step=16750 loss+=0.258305 loss-=0.131577 dh=63.364 sec=1.507
sst-2_fp16_h0.001_seed16 step=16775 loss+=0.390394 loss-=0.286861 dh=51.7664 sec=1.466
sst-2_fp16_h0.001_seed16 step=16800 loss+=0.464233 loss-=0.470823 dh=-3.29504 sec=1.366
sst-2_fp16_h0.001_seed16 step=16825 loss+=0.468166 loss-=0.470354 dh=-1.09363 sec=1.507
sst-2_fp16_h0.001_seed16 step=16850 loss+=0.11714 loss-=0.144946 dh=-13.9033 sec=1.378
sst-2_fp16_h0.001_seed16 step=16875 loss+=0.238526 loss-=0.147211 dh=45.6575 sec=1.467
sst-2_fp16_h0.001_seed16 step=16900 loss+=0.372746 loss-=0.303105 dh=34.8207 sec=1.506
sst-2_fp16_h0.001_seed16 step=16925 loss+=0.14255 loss-=0.287818 dh=-72.6339 sec=1.508
sst-2_fp16_h0.001_seed16 step=16950 loss+=0.128335 loss-=0.159109 dh=-15.3867 sec=1.379
sst-2_fp16_h0.001_seed16 step=16975 loss+=0.393016 loss-=0.422266 dh=-14.6253 sec=1.466
sst-2_fp16_h0.001_seed16 step=17000 loss+=0.309342 loss-=0.270721 dh=19.3108 sec=1.507
eval step=17000 {'eval_acc': 0.944954128440367, 'eval_loss': 0.16672603464140684, 'eval_examples': 872}
sst-2_fp16_h0.001_seed16 step=17025 loss+=0.0729755 loss-=0.0627059 dh=5.13482 sec=1.467
sst-2_fp16_h0.001_seed16 step=17050 loss+=0.155345 loss-=0.0941584 dh=30.5933 sec=1.377
sst-2_fp16_h0.001_seed16 step=17075 loss+=0.068799 loss-=0.0866438 dh=-8.92237 sec=1.507
sst-2_fp16_h0.001_seed16 step=17100 loss+=0.341295 loss-=0.400272 dh=-29.4885 sec=1.465
sst-2_fp16_h0.001_seed16 step=17125 loss+=0.205456 loss-=0.423233 dh=-108.888 sec=1.378
sst-2_fp16_h0.001_seed16 step=17150 loss+=0.129632 loss-=0.14465 dh=-7.509 sec=1.466
sst-2_fp16_h0.001_seed16 step=17175 loss+=0.0910899 loss-=0.0900472 dh=0.521372 sec=1.507
sst-2_fp16_h0.001_seed16 step=17200 loss+=0.216536 loss-=0.156154 dh=30.1911 sec=1.379
sst-2_fp16_h0.001_seed16 step=17225 loss+=0.255856 loss-=0.201115 dh=27.3702 sec=1.465
sst-2_fp16_h0.001_seed16 step=17250 loss+=0.197242 loss-=0.291923 dh=-47.3404 sec=1.379
sst-2_fp16_h0.001_seed16 step=17275 loss+=0.34685 loss-=0.194933 dh=75.9584 sec=1.379
sst-2_fp16_h0.001_seed16 step=17300 loss+=0.231695 loss-=0.375882 dh=-72.0935 sec=1.379
sst-2_fp16_h0.001_seed16 step=17325 loss+=0.0461091 loss-=0.0631382 dh=-8.51454 sec=1.466
sst-2_fp16_h0.001_seed16 step=17350 loss+=0.23484 loss-=0.180638 dh=27.1008 sec=1.378
sst-2_fp16_h0.001_seed16 step=17375 loss+=0.145483 loss-=0.13586 dh=4.81154 sec=1.507
sst-2_fp16_h0.001_seed16 step=17400 loss+=0.0713969 loss-=0.0588387 dh=6.27911 sec=1.506
sst-2_fp16_h0.001_seed16 step=17425 loss+=0.254152 loss-=0.28808 dh=-16.9638 sec=1.506
sst-2_fp16_h0.001_seed16 step=17450 loss+=0.392839 loss-=0.33499 dh=28.9244 sec=1.507
sst-2_fp16_h0.001_seed16 step=17475 loss+=0.114795 loss-=0.0639162 dh=25.4396 sec=1.466
sst-2_fp16_h0.001_seed16 step=17500 loss+=0.155518 loss-=0.121655 dh=16.9315 sec=1.465
eval step=17500 {'eval_acc': 0.9461009174311926, 'eval_loss': 0.16697162670967675, 'eval_examples': 872}
sst-2_fp16_h0.001_seed16 step=17525 loss+=0.0793575 loss-=0.117068 dh=-18.8554 sec=1.479
sst-2_fp16_h0.001_seed16 step=17550 loss+=0.0355968 loss-=0.0971394 dh=-30.7713 sec=1.468
sst-2_fp16_h0.001_seed16 step=17575 loss+=0.291783 loss-=0.271815 dh=9.98367 sec=1.506
sst-2_fp16_h0.001_seed16 step=17600 loss+=0.137926 loss-=0.154406 dh=-8.23978 sec=1.504
sst-2_fp16_h0.001_seed16 step=17625 loss+=0.142749 loss-=0.183001 dh=-20.1262 sec=1.379
sst-2_fp16_h0.001_seed16 step=17650 loss+=0.253641 loss-=0.306254 dh=-26.3067 sec=1.506
sst-2_fp16_h0.001_seed16 step=17675 loss+=0.142687 loss-=0.0859254 dh=28.3809 sec=1.378
sst-2_fp16_h0.001_seed16 step=17700 loss+=0.100274 loss-=0.138084 dh=-18.9049 sec=1.478
sst-2_fp16_h0.001_seed16 step=17725 loss+=0.138322 loss-=0.0658806 dh=36.2208 sec=1.467
sst-2_fp16_h0.001_seed16 step=17750 loss+=0.272128 loss-=0.391549 dh=-59.7104 sec=1.465
sst-2_fp16_h0.001_seed16 step=17775 loss+=0.153349 loss-=0.211764 dh=-29.2076 sec=1.506
sst-2_fp16_h0.001_seed16 step=17800 loss+=0.234679 loss-=0.210435 dh=12.1222 sec=1.506
sst-2_fp16_h0.001_seed16 step=17825 loss+=0.175784 loss-=0.281619 dh=-52.9175 sec=1.506
sst-2_fp16_h0.001_seed16 step=17850 loss+=0.269766 loss-=0.402504 dh=-66.369 sec=1.378
sst-2_fp16_h0.001_seed16 step=17875 loss+=0.232541 loss-=0.186596 dh=22.9721 sec=1.505
sst-2_fp16_h0.001_seed16 step=17900 loss+=0.17437 loss-=0.276306 dh=-50.9676 sec=1.466
sst-2_fp16_h0.001_seed16 step=17925 loss+=0.0632514 loss-=0.0491667 dh=7.04235 sec=1.365
sst-2_fp16_h0.001_seed16 step=17950 loss+=0.237332 loss-=0.502041 dh=-132.355 sec=1.379
sst-2_fp16_h0.001_seed16 step=17975 loss+=0.709841 loss-=0.707121 dh=1.36018 sec=1.507
sst-2_fp16_h0.001_seed16 step=18000 loss+=0.0420946 loss-=0.0532312 dh=-5.56832 sec=1.587
eval step=18000 {'eval_acc': 0.944954128440367, 'eval_loss': 0.16611328409448556, 'eval_examples': 872}
sst-2_fp16_h0.001_seed16 step=18025 loss+=0.260915 loss-=0.397981 dh=-68.533 sec=1.507
sst-2_fp16_h0.001_seed16 step=18050 loss+=0.0928674 loss-=0.241423 dh=-74.2776 sec=1.388
sst-2_fp16_h0.001_seed16 step=18075 loss+=0.134422 loss-=0.166692 dh=-16.1349 sec=1.507
sst-2_fp16_h0.001_seed16 step=18100 loss+=0.493507 loss-=0.659719 dh=-83.1057 sec=1.378
sst-2_fp16_h0.001_seed16 step=18125 loss+=0.163509 loss-=0.461254 dh=-148.873 sec=1.506
sst-2_fp16_h0.001_seed16 step=18150 loss+=0.122232 loss-=0.124457 dh=-1.11233 sec=1.366
sst-2_fp16_h0.001_seed16 step=18175 loss+=0.156869 loss-=0.0689257 dh=43.9717 sec=1.466
sst-2_fp16_h0.001_seed16 step=18200 loss+=0.268191 loss-=0.166721 dh=50.7349 sec=1.466
sst-2_fp16_h0.001_seed16 step=18225 loss+=0.301468 loss-=0.358421 dh=-28.4766 sec=1.379
sst-2_fp16_h0.001_seed16 step=18250 loss+=0.348722 loss-=0.454246 dh=-52.7624 sec=1.508
sst-2_fp16_h0.001_seed16 step=18275 loss+=0.23831 loss-=0.368469 dh=-65.0792 sec=1.477
sst-2_fp16_h0.001_seed16 step=18300 loss+=0.31944 loss-=0.309047 dh=5.19638 sec=1.506
sst-2_fp16_h0.001_seed16 step=18325 loss+=0.264699 loss-=0.11586 dh=74.4195 sec=1.466
sst-2_fp16_h0.001_seed16 step=18350 loss+=0.257515 loss-=0.248826 dh=4.34475 sec=1.377
sst-2_fp16_h0.001_seed16 step=18375 loss+=0.081165 loss-=0.11742 dh=-18.1273 sec=1.365
sst-2_fp16_h0.001_seed16 step=18400 loss+=0.0331548 loss-=0.057705 dh=-12.2751 sec=1.476
sst-2_fp16_h0.001_seed16 step=18425 loss+=0.192237 loss-=0.243575 dh=-25.6693 sec=1.466
sst-2_fp16_h0.001_seed16 step=18450 loss+=0.0494156 loss-=0.15281 dh=-51.6974 sec=1.465
sst-2_fp16_h0.001_seed16 step=18475 loss+=0.377301 loss-=0.250677 dh=63.3121 sec=1.506
sst-2_fp16_h0.001_seed16 step=18500 loss+=0.13062 loss-=0.120062 dh=5.27917 sec=1.505
eval step=18500 {'eval_acc': 0.9369266055045872, 'eval_loss': 0.16586983334828476, 'eval_examples': 872}
sst-2_fp16_h0.001_seed16 step=18525 loss+=0.490988 loss-=0.313675 dh=88.6564 sec=1.378
sst-2_fp16_h0.001_seed16 step=18550 loss+=0.321008 loss-=0.327286 dh=-3.13903 sec=1.507
sst-2_fp16_h0.001_seed16 step=18575 loss+=0.467719 loss-=0.518669 dh=-25.4748 sec=1.466
sst-2_fp16_h0.001_seed16 step=18600 loss+=0.284855 loss-=0.426759 dh=-70.9521 sec=1.479
sst-2_fp16_h0.001_seed16 step=18625 loss+=0.548925 loss-=0.595385 dh=-23.2302 sec=1.507
sst-2_fp16_h0.001_seed16 step=18650 loss+=0.0684521 loss-=0.199351 dh=-65.4495 sec=1.505
sst-2_fp16_h0.001_seed16 step=18675 loss+=0.399886 loss-=0.398046 dh=0.919953 sec=1.507
sst-2_fp16_h0.001_seed16 step=18700 loss+=0.402463 loss-=0.205822 dh=98.3206 sec=1.378
sst-2_fp16_h0.001_seed16 step=18725 loss+=0.225886 loss-=0.261274 dh=-17.6937 sec=1.476
sst-2_fp16_h0.001_seed16 step=18750 loss+=0.206467 loss-=0.0952687 dh=55.5991 sec=1.465
sst-2_fp16_h0.001_seed16 step=18775 loss+=0.268659 loss-=0.204441 dh=32.1089 sec=1.466
sst-2_fp16_h0.001_seed16 step=18800 loss+=0.0963955 loss-=0.112547 dh=-8.07567 sec=1.467
sst-2_fp16_h0.001_seed16 step=18825 loss+=0.339315 loss-=0.17636 dh=81.4776 sec=1.506
sst-2_fp16_h0.001_seed16 step=18850 loss+=0.188988 loss-=0.152665 dh=18.1617 sec=1.378
sst-2_fp16_h0.001_seed16 step=18875 loss+=0.0993913 loss-=0.115197 dh=-7.90278 sec=1.477
sst-2_fp16_h0.001_seed16 step=18900 loss+=0.0765608 loss-=0.162893 dh=-43.1663 sec=1.466
sst-2_fp16_h0.001_seed16 step=18925 loss+=0.201639 loss-=0.204847 dh=-1.60384 sec=1.506
sst-2_fp16_h0.001_seed16 step=18950 loss+=0.425825 loss-=0.415355 dh=5.23524 sec=1.379
sst-2_fp16_h0.001_seed16 step=18975 loss+=0.201284 loss-=0.190927 dh=5.17866 sec=1.507
sst-2_fp16_h0.001_seed16 step=19000 loss+=0.088537 loss-=0.0741923 dh=7.17234 sec=1.366
eval step=19000 {'eval_acc': 0.9392201834862385, 'eval_loss': 0.16994232274677365, 'eval_examples': 872}
sst-2_fp16_h0.001_seed16 step=19025 loss+=0.272088 loss-=0.14839 dh=61.8491 sec=1.505
sst-2_fp16_h0.001_seed16 step=19050 loss+=0.141045 loss-=0.054397 dh=43.3239 sec=1.378
sst-2_fp16_h0.001_seed16 step=19075 loss+=0.240197 loss-=0.210222 dh=14.9875 sec=1.505
sst-2_fp16_h0.001_seed16 step=19100 loss+=0.251407 loss-=0.285344 dh=-16.9682 sec=1.379
sst-2_fp16_h0.001_seed16 step=19125 loss+=0.211659 loss-=0.079795 dh=65.9322 sec=1.494
sst-2_fp16_h0.001_seed16 step=19150 loss+=0.0491374 loss-=0.0420268 dh=3.55531 sec=1.506
sst-2_fp16_h0.001_seed16 step=19175 loss+=0.109183 loss-=0.190855 dh=-40.8358 sec=1.366
sst-2_fp16_h0.001_seed16 step=19200 loss+=0.051705 loss-=0.147499 dh=-47.8969 sec=1.465
sst-2_fp16_h0.001_seed16 step=19225 loss+=0.0697785 loss-=0.205647 dh=-67.9343 sec=1.505
sst-2_fp16_h0.001_seed16 step=19250 loss+=0.0667831 loss-=0.0652783 dh=0.752395 sec=1.379
sst-2_fp16_h0.001_seed16 step=19275 loss+=0.521083 loss-=0.26982 dh=125.631 sec=1.379
sst-2_fp16_h0.001_seed16 step=19300 loss+=0.424442 loss-=0.382317 dh=21.0628 sec=1.465
sst-2_fp16_h0.001_seed16 step=19325 loss+=0.118125 loss-=0.154548 dh=-18.2118 sec=1.465
sst-2_fp16_h0.001_seed16 step=19350 loss+=0.272323 loss-=0.221217 dh=25.5528 sec=1.466
sst-2_fp16_h0.001_seed16 step=19375 loss+=0.336913 loss-=0.354312 dh=-8.69979 sec=1.505
sst-2_fp16_h0.001_seed16 step=19400 loss+=0.16588 loss-=0.170481 dh=-2.3003 sec=1.378
sst-2_fp16_h0.001_seed16 step=19425 loss+=0.145477 loss-=0.164102 dh=-9.31252 sec=1.506
sst-2_fp16_h0.001_seed16 step=19450 loss+=0.211038 loss-=0.0811266 dh=64.9557 sec=1.378
sst-2_fp16_h0.001_seed16 step=19475 loss+=0.231041 loss-=0.14462 dh=43.2104 sec=1.508
sst-2_fp16_h0.001_seed16 step=19500 loss+=0.147732 loss-=0.0932667 dh=27.2328 sec=1.379
eval step=19500 {'eval_acc': 0.9415137614678899, 'eval_loss': 0.16748276602000495, 'eval_examples': 872}
sst-2_fp16_h0.001_seed16 step=19525 loss+=0.328973 loss-=0.319398 dh=4.78786 sec=1.505
sst-2_fp16_h0.001_seed16 step=19550 loss+=0.114891 loss-=0.153111 dh=-19.1104 sec=1.506
sst-2_fp16_h0.001_seed16 step=19575 loss+=0.0957327 loss-=0.104548 dh=-4.40767 sec=1.378
sst-2_fp16_h0.001_seed16 step=19600 loss+=0.128534 loss-=0.126399 dh=1.06745 sec=1.464
sst-2_fp16_h0.001_seed16 step=19625 loss+=0.0881773 loss-=0.0524696 dh=17.8539 sec=1.477
sst-2_fp16_h0.001_seed16 step=19650 loss+=0.214128 loss-=0.206535 dh=3.79679 sec=1.465
sst-2_fp16_h0.001_seed16 step=19675 loss+=0.164503 loss-=0.198072 dh=-16.7844 sec=1.465
sst-2_fp16_h0.001_seed16 step=19700 loss+=0.133226 loss-=0.15807 dh=-12.422 sec=1.506
sst-2_fp16_h0.001_seed16 step=19725 loss+=0.147814 loss-=0.145817 dh=0.998578 sec=1.476
sst-2_fp16_h0.001_seed16 step=19750 loss+=0.385191 loss-=0.188883 dh=98.1537 sec=1.506
sst-2_fp16_h0.001_seed16 step=19775 loss+=0.211243 loss-=0.24374 dh=-16.2482 sec=1.378
sst-2_fp16_h0.001_seed16 step=19800 loss+=0.323812 loss-=0.332362 dh=-4.27508 sec=1.378
sst-2_fp16_h0.001_seed16 step=19825 loss+=0.330087 loss-=0.270263 dh=29.9117 sec=1.507
sst-2_fp16_h0.001_seed16 step=19850 loss+=0.0474245 loss-=0.0550701 dh=-3.82278 sec=1.507
sst-2_fp16_h0.001_seed16 step=19875 loss+=0.159923 loss-=0.27747 dh=-58.7732 sec=1.378
sst-2_fp16_h0.001_seed16 step=19900 loss+=0.200543 loss-=0.12006 dh=40.2418 sec=1.464
sst-2_fp16_h0.001_seed16 step=19925 loss+=0.0412515 loss-=0.0402205 dh=0.515494 sec=1.506
sst-2_fp16_h0.001_seed16 step=19950 loss+=0.401986 loss-=0.335469 dh=33.2585 sec=1.507
sst-2_fp16_h0.001_seed16 step=19975 loss+=0.0737438 loss-=0.0599197 dh=6.91207 sec=1.462
sst-2_fp16_h0.001_seed16 step=20000 loss+=0.516577 loss-=0.558767 dh=-21.0947 sec=1.506
eval step=20000 {'eval_acc': 0.9369266055045872, 'eval_loss': 0.16854946904841367, 'eval_examples': 872}
{"model": "facebook/opt-2.7b", "mode": "dense", "task_path": "mezo_option", "dataset_mode": "full", "group_size": 128, "master_dtype": "fp16", "direction_distribution": "torch.randn float32 Gaussian; unnormalized", "q": 1, "lr": 3e-07, "lr_source": "slurm/opt13b_int4_roberta_matched_h100.sbatch", "steps": 20000, "eval_every": 500, "checkpoint_every": 500, "batch_size": 16, "microbatch": 2, "train_seed": 16, "data_seed": 16, "direction_seed": 16, "id": "sst-2_fp16_h0.001_seed16", "kind": "train", "task": "sst-2", "precision": "fp16", "quantizer": "none", "h": 0.001, "h_policy": "predeclared_grid", "max_seq_len": 128, "status": "complete", "run_type": "full", "steps_completed": 20000, "initial_eval_acc": 0.5630733944954128, "best_eval_acc": 0.9461009174311926, "best_eval_step": 16500, "final_eval_acc": 0.9369266055045872, "final_eval_step": 20000, "runtime_sec": 30141.61516213417, "median_step_sec": 1.4667388200759888, "peak_gpu_memory_gib": 11.325278759002686, "train_examples": 67349, "source_path": "/scratch/jy03364/MeZO_/experiments/large_model_extension/opt27b_radius_plateau_20260921/runs/sst-2_fp16_h0.001_seed16/train.jsonl"}
