initial eval {'eval_acc': 0.5630733944954128, 'eval_loss': 1.016056354867867, 'eval_examples': 872}
sst-2_fp16_h0.03_seed16 step=1 loss+=0.685703 loss-=2.10537 dh=-23.6611 sec=1.432
sst-2_fp16_h0.03_seed16 step=25 loss+=3.38502 loss-=1.10199 dh=38.0506 sec=1.505
sst-2_fp16_h0.03_seed16 step=50 loss+=1.28516 loss-=1.62627 dh=-5.68508 sec=1.378
sst-2_fp16_h0.03_seed16 step=75 loss+=2.82939 loss-=1.52157 dh=21.7969 sec=1.507
sst-2_fp16_h0.03_seed16 step=100 loss+=1.16706 loss-=0.692102 dh=7.91598 sec=1.478
sst-2_fp16_h0.03_seed16 step=125 loss+=0.901617 loss-=2.03586 dh=-18.904 sec=1.465
sst-2_fp16_h0.03_seed16 step=150 loss+=2.18369 loss-=1.10924 dh=17.9074 sec=1.507
sst-2_fp16_h0.03_seed16 step=175 loss+=1.18215 loss-=0.801421 dh=6.34549 sec=1.476
sst-2_fp16_h0.03_seed16 step=200 loss+=1.08711 loss-=0.666511 dh=7.01002 sec=1.465
sst-2_fp16_h0.03_seed16 step=225 loss+=0.791533 loss-=1.85355 dh=-17.7002 sec=1.377
sst-2_fp16_h0.03_seed16 step=250 loss+=1.27865 loss-=0.829046 dh=7.49337 sec=1.464
sst-2_fp16_h0.03_seed16 step=275 loss+=1.3039 loss-=1.73477 dh=-7.18119 sec=1.468
sst-2_fp16_h0.03_seed16 step=300 loss+=1.66167 loss-=1.81361 dh=-2.53238 sec=1.378
sst-2_fp16_h0.03_seed16 step=325 loss+=1.48999 loss-=2.15217 dh=-11.0363 sec=1.465
sst-2_fp16_h0.03_seed16 step=350 loss+=0.903032 loss-=1.58783 dh=-11.4133 sec=1.507
sst-2_fp16_h0.03_seed16 step=375 loss+=1.83334 loss-=0.889276 dh=15.7344 sec=1.467
sst-2_fp16_h0.03_seed16 step=400 loss+=0.940785 loss-=0.960712 dh=-0.332131 sec=1.508
sst-2_fp16_h0.03_seed16 step=425 loss+=0.645362 loss-=0.80891 dh=-2.72579 sec=1.506
sst-2_fp16_h0.03_seed16 step=450 loss+=0.675414 loss-=0.783561 dh=-1.80245 sec=1.379
sst-2_fp16_h0.03_seed16 step=475 loss+=0.801082 loss-=1.02702 dh=-3.76558 sec=1.507
sst-2_fp16_h0.03_seed16 step=500 loss+=2.55355 loss-=0.756151 dh=29.9566 sec=1.468
eval step=500 {'eval_acc': 0.5619266055045872, 'eval_loss': 1.0116020758943889, 'eval_examples': 872}
sst-2_fp16_h0.03_seed16 step=525 loss+=0.834113 loss-=0.813358 dh=0.345907 sec=1.365
sst-2_fp16_h0.03_seed16 step=550 loss+=1.32441 loss-=0.783445 dh=9.01611 sec=1.506
sst-2_fp16_h0.03_seed16 step=575 loss+=1.59268 loss-=1.34034 dh=4.20565 sec=1.507
sst-2_fp16_h0.03_seed16 step=600 loss+=0.587916 loss-=1.04033 dh=-7.54022 sec=1.466
sst-2_fp16_h0.03_seed16 step=625 loss+=0.76893 loss-=0.821428 dh=-0.874978 sec=1.378
sst-2_fp16_h0.03_seed16 step=650 loss+=0.989616 loss-=0.892821 dh=1.61324 sec=1.378
sst-2_fp16_h0.03_seed16 step=675 loss+=0.741528 loss-=0.686859 dh=0.911136 sec=1.378
sst-2_fp16_h0.03_seed16 step=700 loss+=1.47119 loss-=0.742301 dh=12.1481 sec=1.365
sst-2_fp16_h0.03_seed16 step=725 loss+=1.25068 loss-=1.39971 dh=-2.48389 sec=1.507
sst-2_fp16_h0.03_seed16 step=750 loss+=2.45392 loss-=1.43995 dh=16.8995 sec=1.508
sst-2_fp16_h0.03_seed16 step=775 loss+=0.791024 loss-=0.998089 dh=-3.45109 sec=1.507
sst-2_fp16_h0.03_seed16 step=800 loss+=1.86696 loss-=2.07628 dh=-3.4887 sec=1.508
sst-2_fp16_h0.03_seed16 step=825 loss+=0.656348 loss-=3.78908 dh=-52.2122 sec=1.507
sst-2_fp16_h0.03_seed16 step=850 loss+=0.79295 loss-=1.11324 dh=-5.33816 sec=1.379
sst-2_fp16_h0.03_seed16 step=875 loss+=2.56819 loss-=1.38657 dh=19.6937 sec=1.465
sst-2_fp16_h0.03_seed16 step=900 loss+=0.791733 loss-=0.917252 dh=-2.092 sec=1.508
sst-2_fp16_h0.03_seed16 step=925 loss+=1.10424 loss-=2.12237 dh=-16.9687 sec=1.507
sst-2_fp16_h0.03_seed16 step=950 loss+=0.878069 loss-=1.33312 dh=-7.58413 sec=1.466
sst-2_fp16_h0.03_seed16 step=975 loss+=1.09383 loss-=1.0591 dh=0.578938 sec=1.507
sst-2_fp16_h0.03_seed16 step=1000 loss+=3.11449 loss-=2.26696 dh=14.1255 sec=1.378
eval step=1000 {'eval_acc': 0.5642201834862385, 'eval_loss': 1.0075859293051133, 'eval_examples': 872}
sst-2_fp16_h0.03_seed16 step=1025 loss+=1.40672 loss-=2.10356 dh=-11.6139 sec=1.507
sst-2_fp16_h0.03_seed16 step=1050 loss+=1.35872 loss-=3.09283 dh=-28.9018 sec=1.506
sst-2_fp16_h0.03_seed16 step=1075 loss+=3.5603 loss-=2.17263 dh=23.1278 sec=1.377
sst-2_fp16_h0.03_seed16 step=1100 loss+=0.836423 loss-=4.13201 dh=-54.9265 sec=1.507
sst-2_fp16_h0.03_seed16 step=1125 loss+=0.99397 loss-=1.12974 dh=-2.26276 sec=1.508
sst-2_fp16_h0.03_seed16 step=1150 loss+=1.31821 loss-=0.816122 dh=8.36815 sec=1.480
sst-2_fp16_h0.03_seed16 step=1175 loss+=0.952229 loss-=0.777631 dh=2.90997 sec=1.507
sst-2_fp16_h0.03_seed16 step=1200 loss+=2.15857 loss-=1.00965 dh=19.1487 sec=1.506
sst-2_fp16_h0.03_seed16 step=1225 loss+=0.490032 loss-=0.463121 dh=0.448525 sec=1.507
sst-2_fp16_h0.03_seed16 step=1250 loss+=1.07781 loss-=0.606084 dh=7.86203 sec=1.466
sst-2_fp16_h0.03_seed16 step=1275 loss+=0.759524 loss-=1.03976 dh=-4.67052 sec=1.507
sst-2_fp16_h0.03_seed16 step=1300 loss+=1.1442 loss-=1.48785 dh=-5.72749 sec=1.379
sst-2_fp16_h0.03_seed16 step=1325 loss+=1.37239 loss-=0.976989 dh=6.59008 sec=1.366
sst-2_fp16_h0.03_seed16 step=1350 loss+=1.18636 loss-=0.814022 dh=6.20567 sec=1.379
sst-2_fp16_h0.03_seed16 step=1375 loss+=1.51676 loss-=2.1275 dh=-10.1791 sec=1.508
sst-2_fp16_h0.03_seed16 step=1400 loss+=0.850786 loss-=2.70467 dh=-30.8981 sec=1.492
sst-2_fp16_h0.03_seed16 step=1425 loss+=1.6826 loss-=0.899939 dh=13.0443 sec=1.464
sst-2_fp16_h0.03_seed16 step=1450 loss+=1.01251 loss-=2.02564 dh=-16.8856 sec=1.508
sst-2_fp16_h0.03_seed16 step=1475 loss+=2.47844 loss-=1.15882 dh=21.9937 sec=1.479
sst-2_fp16_h0.03_seed16 step=1500 loss+=0.637235 loss-=0.601335 dh=0.598322 sec=1.465
eval step=1500 {'eval_acc': 0.5653669724770642, 'eval_loss': 1.0041129426013917, 'eval_examples': 872}
sst-2_fp16_h0.03_seed16 step=1525 loss+=1.08562 loss-=2.16311 dh=-17.9582 sec=1.365
sst-2_fp16_h0.03_seed16 step=1550 loss+=0.757822 loss-=0.663649 dh=1.56956 sec=1.378
sst-2_fp16_h0.03_seed16 step=1575 loss+=0.966532 loss-=0.915787 dh=0.84576 sec=1.378
sst-2_fp16_h0.03_seed16 step=1600 loss+=1.66664 loss-=2.66099 dh=-16.5726 sec=1.378
sst-2_fp16_h0.03_seed16 step=1625 loss+=1.23877 loss-=2.85986 dh=-27.0181 sec=1.508
sst-2_fp16_h0.03_seed16 step=1650 loss+=0.811388 loss-=2.7332 dh=-32.0302 sec=1.508
sst-2_fp16_h0.03_seed16 step=1675 loss+=0.725687 loss-=0.753349 dh=-0.461029 sec=1.508
sst-2_fp16_h0.03_seed16 step=1700 loss+=2.34805 loss-=0.603626 dh=29.0738 sec=1.378
sst-2_fp16_h0.03_seed16 step=1725 loss+=0.614019 loss-=0.587621 dh=0.439963 sec=1.378
sst-2_fp16_h0.03_seed16 step=1750 loss+=2.39602 loss-=1.22203 dh=19.5665 sec=1.378
sst-2_fp16_h0.03_seed16 step=1775 loss+=2.56696 loss-=0.848524 dh=28.6406 sec=1.508
sst-2_fp16_h0.03_seed16 step=1800 loss+=1.10519 loss-=0.900495 dh=3.41151 sec=1.469
sst-2_fp16_h0.03_seed16 step=1825 loss+=0.920049 loss-=0.933247 dh=-0.219975 sec=1.465
sst-2_fp16_h0.03_seed16 step=1850 loss+=2.49967 loss-=2.11678 dh=6.38144 sec=1.509
sst-2_fp16_h0.03_seed16 step=1875 loss+=0.899956 loss-=2.6946 dh=-29.9107 sec=1.378
sst-2_fp16_h0.03_seed16 step=1900 loss+=0.880681 loss-=0.644149 dh=3.9422 sec=1.379
sst-2_fp16_h0.03_seed16 step=1925 loss+=0.609787 loss-=0.734441 dh=-2.07756 sec=1.467
sst-2_fp16_h0.03_seed16 step=1950 loss+=4.10971 loss-=0.730342 dh=56.3229 sec=1.466
sst-2_fp16_h0.03_seed16 step=1975 loss+=0.609285 loss-=1.02413 dh=-6.91414 sec=1.468
sst-2_fp16_h0.03_seed16 step=2000 loss+=0.727489 loss-=2.50544 dh=-29.6325 sec=1.509
eval step=2000 {'eval_acc': 0.5653669724770642, 'eval_loss': 0.9962992867873555, 'eval_examples': 872}
sst-2_fp16_h0.03_seed16 step=2025 loss+=1.13358 loss-=0.568878 dh=9.41164 sec=1.507
sst-2_fp16_h0.03_seed16 step=2050 loss+=0.730379 loss-=2.89699 dh=-36.1102 sec=1.466
sst-2_fp16_h0.03_seed16 step=2075 loss+=1.37944 loss-=0.677241 dh=11.7032 sec=1.509
sst-2_fp16_h0.03_seed16 step=2100 loss+=0.997938 loss-=4.3738 dh=-56.2643 sec=1.468
sst-2_fp16_h0.03_seed16 step=2125 loss+=0.988487 loss-=0.972356 dh=0.268851 sec=1.494
sst-2_fp16_h0.03_seed16 step=2150 loss+=1.53205 loss-=2.70313 dh=-19.518 sec=1.507
sst-2_fp16_h0.03_seed16 step=2175 loss+=0.835677 loss-=0.829931 dh=0.0957712 sec=1.378
sst-2_fp16_h0.03_seed16 step=2200 loss+=0.747557 loss-=0.967395 dh=-3.66398 sec=1.378
sst-2_fp16_h0.03_seed16 step=2225 loss+=1.25207 loss-=1.45143 dh=-3.32269 sec=1.479
sst-2_fp16_h0.03_seed16 step=2250 loss+=0.614538 loss-=1.79051 dh=-19.5996 sec=1.481
sst-2_fp16_h0.03_seed16 step=2275 loss+=0.88563 loss-=0.822322 dh=1.05513 sec=1.365
sst-2_fp16_h0.03_seed16 step=2300 loss+=0.836628 loss-=1.1791 dh=-5.70782 sec=1.507
sst-2_fp16_h0.03_seed16 step=2325 loss+=2.09625 loss-=0.898188 dh=19.9676 sec=1.506
sst-2_fp16_h0.03_seed16 step=2350 loss+=0.857048 loss-=0.933668 dh=-1.277 sec=1.466
sst-2_fp16_h0.03_seed16 step=2375 loss+=0.889079 loss-=0.724225 dh=2.74756 sec=1.378
sst-2_fp16_h0.03_seed16 step=2400 loss+=1.54362 loss-=1.32873 dh=3.58151 sec=1.378
sst-2_fp16_h0.03_seed16 step=2425 loss+=2.88327 loss-=1.55533 dh=22.1324 sec=1.465
sst-2_fp16_h0.03_seed16 step=2450 loss+=0.83402 loss-=2.50815 dh=-27.9022 sec=1.378
sst-2_fp16_h0.03_seed16 step=2475 loss+=1.46887 loss-=0.986032 dh=8.04728 sec=1.365
sst-2_fp16_h0.03_seed16 step=2500 loss+=2.29238 loss-=0.998491 dh=21.5648 sec=1.466
eval step=2500 {'eval_acc': 0.5653669724770642, 'eval_loss': 0.9909364031029677, 'eval_examples': 872}
sst-2_fp16_h0.03_seed16 step=2525 loss+=0.690552 loss-=1.56595 dh=-14.5899 sec=1.467
sst-2_fp16_h0.03_seed16 step=2550 loss+=2.3165 loss-=2.15372 dh=2.71304 sec=1.508
sst-2_fp16_h0.03_seed16 step=2575 loss+=1.47879 loss-=1.06914 dh=6.82741 sec=1.374
sst-2_fp16_h0.03_seed16 step=2600 loss+=2.31432 loss-=1.0093 dh=21.7503 sec=1.378
sst-2_fp16_h0.03_seed16 step=2625 loss+=0.915754 loss-=1.61326 dh=-11.6251 sec=1.498
sst-2_fp16_h0.03_seed16 step=2650 loss+=1.89922 loss-=1.96449 dh=-1.08779 sec=1.466
sst-2_fp16_h0.03_seed16 step=2675 loss+=0.778268 loss-=0.824021 dh=-0.762544 sec=1.379
sst-2_fp16_h0.03_seed16 step=2700 loss+=0.871788 loss-=1.03769 dh=-2.76508 sec=1.478
sst-2_fp16_h0.03_seed16 step=2725 loss+=2.38878 loss-=0.796867 dh=26.5319 sec=1.481
sst-2_fp16_h0.03_seed16 step=2750 loss+=0.776627 loss-=0.869827 dh=-1.55332 sec=1.508
sst-2_fp16_h0.03_seed16 step=2775 loss+=4.90915 loss-=1.26056 dh=60.8099 sec=1.378
sst-2_fp16_h0.03_seed16 step=2800 loss+=0.682665 loss-=1.01825 dh=-5.59315 sec=1.507
sst-2_fp16_h0.03_seed16 step=2825 loss+=2.56832 loss-=1.79951 dh=12.8135 sec=1.466
sst-2_fp16_h0.03_seed16 step=2850 loss+=1.82116 loss-=0.742914 dh=17.9708 sec=1.367
sst-2_fp16_h0.03_seed16 step=2875 loss+=1.16085 loss-=0.925273 dh=3.92631 sec=1.466
sst-2_fp16_h0.03_seed16 step=2900 loss+=0.649207 loss-=1.95137 dh=-21.7027 sec=1.365
sst-2_fp16_h0.03_seed16 step=2925 loss+=0.636819 loss-=0.499358 dh=2.29102 sec=1.466
sst-2_fp16_h0.03_seed16 step=2950 loss+=2.25857 loss-=1.60925 dh=10.822 sec=1.508
sst-2_fp16_h0.03_seed16 step=2975 loss+=2.30219 loss-=2.25716 dh=0.750632 sec=1.378
sst-2_fp16_h0.03_seed16 step=3000 loss+=1.15157 loss-=2.5446 dh=-23.2171 sec=1.379
eval step=3000 {'eval_acc': 0.5665137614678899, 'eval_loss': 0.9908106601305751, 'eval_examples': 872}
sst-2_fp16_h0.03_seed16 step=3025 loss+=0.652154 loss-=0.729904 dh=-1.29584 sec=1.507
sst-2_fp16_h0.03_seed16 step=3050 loss+=0.93056 loss-=0.83462 dh=1.599 sec=1.468
sst-2_fp16_h0.03_seed16 step=3075 loss+=0.628276 loss-=0.856941 dh=-3.81108 sec=1.379
sst-2_fp16_h0.03_seed16 step=3100 loss+=0.650089 loss-=1.24666 dh=-9.94281 sec=1.508
sst-2_fp16_h0.03_seed16 step=3125 loss+=1.38331 loss-=1.33552 dh=0.796368 sec=1.508
sst-2_fp16_h0.03_seed16 step=3150 loss+=1.61309 loss-=2.76805 dh=-19.2493 sec=1.469
sst-2_fp16_h0.03_seed16 step=3175 loss+=0.962789 loss-=0.830524 dh=2.20441 sec=1.379
sst-2_fp16_h0.03_seed16 step=3200 loss+=2.36263 loss-=0.656991 dh=28.4273 sec=1.507
sst-2_fp16_h0.03_seed16 step=3225 loss+=1.15654 loss-=1.33168 dh=-2.919 sec=1.507
sst-2_fp16_h0.03_seed16 step=3250 loss+=1.70377 loss-=1.34122 dh=6.04257 sec=1.366
sst-2_fp16_h0.03_seed16 step=3275 loss+=0.893341 loss-=1.33875 dh=-7.42349 sec=1.378
sst-2_fp16_h0.03_seed16 step=3300 loss+=1.18728 loss-=3.50373 dh=-38.6076 sec=1.506
sst-2_fp16_h0.03_seed16 step=3325 loss+=0.872965 loss-=1.53984 dh=-11.1147 sec=1.481
sst-2_fp16_h0.03_seed16 step=3350 loss+=0.796054 loss-=0.695148 dh=1.68176 sec=1.508
sst-2_fp16_h0.03_seed16 step=3375 loss+=1.22648 loss-=0.818056 dh=6.80699 sec=1.507
sst-2_fp16_h0.03_seed16 step=3400 loss+=2.27348 loss-=1.60759 dh=11.0981 sec=1.507
sst-2_fp16_h0.03_seed16 step=3425 loss+=1.23182 loss-=0.854649 dh=6.28624 sec=1.378
sst-2_fp16_h0.03_seed16 step=3450 loss+=0.756769 loss-=1.59856 dh=-14.0298 sec=1.378
sst-2_fp16_h0.03_seed16 step=3475 loss+=0.729326 loss-=0.948083 dh=-3.64596 sec=1.509
sst-2_fp16_h0.03_seed16 step=3500 loss+=2.24177 loss-=1.71493 dh=8.78064 sec=1.508
eval step=3500 {'eval_acc': 0.5688073394495413, 'eval_loss': 0.9856671899367004, 'eval_examples': 872}
sst-2_fp16_h0.03_seed16 step=3525 loss+=1.46623 loss-=1.34608 dh=2.00245 sec=1.378
sst-2_fp16_h0.03_seed16 step=3550 loss+=0.805795 loss-=1.9473 dh=-19.0251 sec=1.378
sst-2_fp16_h0.03_seed16 step=3575 loss+=0.99957 loss-=1.69372 dh=-11.5692 sec=1.466
sst-2_fp16_h0.03_seed16 step=3600 loss+=2.78514 loss-=0.974914 dh=30.1705 sec=1.378
sst-2_fp16_h0.03_seed16 step=3625 loss+=1.37843 loss-=1.24275 dh=2.26134 sec=1.378
sst-2_fp16_h0.03_seed16 step=3650 loss+=0.647794 loss-=0.638949 dh=0.147403 sec=1.508
sst-2_fp16_h0.03_seed16 step=3675 loss+=0.952852 loss-=0.809801 dh=2.38419 sec=1.378
sst-2_fp16_h0.03_seed16 step=3700 loss+=0.761915 loss-=1.42754 dh=-11.0937 sec=1.478
sst-2_fp16_h0.03_seed16 step=3725 loss+=1.16262 loss-=0.957201 dh=3.42357 sec=1.507
sst-2_fp16_h0.03_seed16 step=3750 loss+=1.24828 loss-=1.30373 dh=-0.924122 sec=1.468
sst-2_fp16_h0.03_seed16 step=3775 loss+=0.623944 loss-=0.796039 dh=-2.86825 sec=1.379
sst-2_fp16_h0.03_seed16 step=3800 loss+=1.39815 loss-=3.14391 dh=-29.096 sec=1.507
sst-2_fp16_h0.03_seed16 step=3825 loss+=1.0721 loss-=0.907333 dh=2.74609 sec=1.507
sst-2_fp16_h0.03_seed16 step=3850 loss+=1.71939 loss-=0.575813 dh=19.0596 sec=1.465
sst-2_fp16_h0.03_seed16 step=3875 loss+=1.80091 loss-=1.5894 dh=3.5252 sec=1.506
sst-2_fp16_h0.03_seed16 step=3900 loss+=1.1008 loss-=2.05143 dh=-15.8439 sec=1.466
sst-2_fp16_h0.03_seed16 step=3925 loss+=0.688472 loss-=0.570547 dh=1.96542 sec=1.509
sst-2_fp16_h0.03_seed16 step=3950 loss+=2.11855 loss-=1.2125 dh=15.1008 sec=1.466
sst-2_fp16_h0.03_seed16 step=3975 loss+=0.660434 loss-=1.00282 dh=-5.70637 sec=1.508
sst-2_fp16_h0.03_seed16 step=4000 loss+=2.70021 loss-=0.606371 dh=34.8972 sec=1.507
eval step=4000 {'eval_acc': 0.5676605504587156, 'eval_loss': 0.9905780016779985, 'eval_examples': 872}
sst-2_fp16_h0.03_seed16 step=4025 loss+=1.10759 loss-=0.942086 dh=2.75834 sec=1.507
sst-2_fp16_h0.03_seed16 step=4050 loss+=1.84493 loss-=1.29664 dh=9.13804 sec=1.378
sst-2_fp16_h0.03_seed16 step=4075 loss+=0.909143 loss-=1.6123 dh=-11.7193 sec=1.479
sst-2_fp16_h0.03_seed16 step=4100 loss+=0.92752 loss-=1.06409 dh=-2.27612 sec=1.507
sst-2_fp16_h0.03_seed16 step=4125 loss+=0.713566 loss-=0.923441 dh=-3.49792 sec=1.378
sst-2_fp16_h0.03_seed16 step=4150 loss+=0.520538 loss-=0.538929 dh=-0.306523 sec=1.508
sst-2_fp16_h0.03_seed16 step=4175 loss+=0.633071 loss-=0.969369 dh=-5.60497 sec=1.378
sst-2_fp16_h0.03_seed16 step=4200 loss+=0.91098 loss-=0.801625 dh=1.82258 sec=1.375
sst-2_fp16_h0.03_seed16 step=4225 loss+=0.874206 loss-=0.699313 dh=2.91488 sec=1.508
sst-2_fp16_h0.03_seed16 step=4250 loss+=3.39693 loss-=2.79967 dh=9.95432 sec=1.378
sst-2_fp16_h0.03_seed16 step=4275 loss+=0.735063 loss-=1.12106 dh=-6.43331 sec=1.379
sst-2_fp16_h0.03_seed16 step=4300 loss+=2.2507 loss-=2.57949 dh=-5.47987 sec=1.378
sst-2_fp16_h0.03_seed16 step=4325 loss+=1.64569 loss-=1.80869 dh=-2.71678 sec=1.507
sst-2_fp16_h0.03_seed16 step=4350 loss+=0.6358 loss-=0.717653 dh=-1.36421 sec=1.378
sst-2_fp16_h0.03_seed16 step=4375 loss+=1.27813 loss-=0.884555 dh=6.55966 sec=1.466
sst-2_fp16_h0.03_seed16 step=4400 loss+=1.07733 loss-=0.900565 dh=2.9461 sec=1.508
sst-2_fp16_h0.03_seed16 step=4425 loss+=1.76632 loss-=0.879386 dh=14.7823 sec=1.466
sst-2_fp16_h0.03_seed16 step=4450 loss+=0.576966 loss-=1.02378 dh=-7.44699 sec=1.508
sst-2_fp16_h0.03_seed16 step=4475 loss+=0.890018 loss-=1.41541 dh=-8.7566 sec=1.379
sst-2_fp16_h0.03_seed16 step=4500 loss+=2.05633 loss-=1.23349 dh=13.714 sec=1.378
eval step=4500 {'eval_acc': 0.569954128440367, 'eval_loss': 0.9864568735885118, 'eval_examples': 872}
sst-2_fp16_h0.03_seed16 step=4525 loss+=2.29665 loss-=0.74056 dh=25.9349 sec=1.466
sst-2_fp16_h0.03_seed16 step=4550 loss+=1.6174 loss-=2.25951 dh=-10.7018 sec=1.508
sst-2_fp16_h0.03_seed16 step=4575 loss+=0.662831 loss-=1.98928 dh=-22.1075 sec=1.466
sst-2_fp16_h0.03_seed16 step=4600 loss+=1.01373 loss-=4.81028 dh=-63.2759 sec=1.508
sst-2_fp16_h0.03_seed16 step=4625 loss+=0.8054 loss-=4.32482 dh=-58.657 sec=1.508
sst-2_fp16_h0.03_seed16 step=4650 loss+=0.546168 loss-=0.77011 dh=-3.73238 sec=1.466
sst-2_fp16_h0.03_seed16 step=4675 loss+=1.05784 loss-=1.20999 dh=-2.5359 sec=1.508
sst-2_fp16_h0.03_seed16 step=4700 loss+=0.755284 loss-=1.44122 dh=-11.4322 sec=1.508
sst-2_fp16_h0.03_seed16 step=4725 loss+=2.64415 loss-=1.46053 dh=19.727 sec=1.509
sst-2_fp16_h0.03_seed16 step=4750 loss+=1.05445 loss-=1.15368 dh=-1.65381 sec=1.467
sst-2_fp16_h0.03_seed16 step=4775 loss+=3.42731 loss-=3.20676 dh=3.67581 sec=1.465
sst-2_fp16_h0.03_seed16 step=4800 loss+=0.688347 loss-=2.53954 dh=-30.8532 sec=1.480
sst-2_fp16_h0.03_seed16 step=4825 loss+=0.769189 loss-=1.46945 dh=-11.671 sec=1.379
sst-2_fp16_h0.03_seed16 step=4850 loss+=1.42857 loss-=2.47172 dh=-17.3859 sec=1.508
sst-2_fp16_h0.03_seed16 step=4875 loss+=0.994306 loss-=0.990223 dh=0.0680596 sec=1.508
sst-2_fp16_h0.03_seed16 step=4900 loss+=1.40361 loss-=0.922607 dh=8.01673 sec=1.378
sst-2_fp16_h0.03_seed16 step=4925 loss+=0.76655 loss-=0.720124 dh=0.773754 sec=1.378
sst-2_fp16_h0.03_seed16 step=4950 loss+=1.06619 loss-=2.16978 dh=-18.3931 sec=1.508
sst-2_fp16_h0.03_seed16 step=4975 loss+=0.847743 loss-=2.4776 dh=-27.1643 sec=1.466
sst-2_fp16_h0.03_seed16 step=5000 loss+=1.31052 loss-=1.50238 dh=-3.19769 sec=1.466
eval step=5000 {'eval_acc': 0.5688073394495413, 'eval_loss': 0.9896720498821638, 'eval_examples': 872}
sst-2_fp16_h0.03_seed16 step=5025 loss+=0.940364 loss-=0.900338 dh=0.66709 sec=1.465
sst-2_fp16_h0.03_seed16 step=5050 loss+=0.665408 loss-=1.17519 dh=-8.4964 sec=1.507
sst-2_fp16_h0.03_seed16 step=5075 loss+=0.868247 loss-=0.721111 dh=2.45227 sec=1.365
sst-2_fp16_h0.03_seed16 step=5100 loss+=1.2379 loss-=0.72306 dh=8.58068 sec=1.379
sst-2_fp16_h0.03_seed16 step=5125 loss+=0.653218 loss-=0.622036 dh=0.5197 sec=1.378
sst-2_fp16_h0.03_seed16 step=5150 loss+=0.615937 loss-=0.916081 dh=-5.0024 sec=1.506
sst-2_fp16_h0.03_seed16 step=5175 loss+=1.24411 loss-=0.612044 dh=10.5345 sec=1.465
sst-2_fp16_h0.03_seed16 step=5200 loss+=0.479727 loss-=2.74998 dh=-37.8376 sec=1.467
sst-2_fp16_h0.03_seed16 step=5225 loss+=1.04155 loss-=2.11034 dh=-17.8132 sec=1.479
sst-2_fp16_h0.03_seed16 step=5250 loss+=0.957247 loss-=0.881995 dh=1.2542 sec=1.465
sst-2_fp16_h0.03_seed16 step=5275 loss+=1.36465 loss-=1.01687 dh=5.79625 sec=1.508
sst-2_fp16_h0.03_seed16 step=5300 loss+=1.80416 loss-=1.96179 dh=-2.62719 sec=1.378
sst-2_fp16_h0.03_seed16 step=5325 loss+=0.839289 loss-=0.804268 dh=0.583678 sec=1.466
sst-2_fp16_h0.03_seed16 step=5350 loss+=1.00284 loss-=1.174 dh=-2.85265 sec=1.507
sst-2_fp16_h0.03_seed16 step=5375 loss+=0.93782 loss-=1.55477 dh=-10.2825 sec=1.508
sst-2_fp16_h0.03_seed16 step=5400 loss+=1.10466 loss-=1.29966 dh=-3.25 sec=1.507
sst-2_fp16_h0.03_seed16 step=5425 loss+=0.670002 loss-=1.20748 dh=-8.9579 sec=1.468
sst-2_fp16_h0.03_seed16 step=5450 loss+=0.611369 loss-=1.00372 dh=-6.53919 sec=1.508
sst-2_fp16_h0.03_seed16 step=5475 loss+=0.899197 loss-=1.04442 dh=-2.4203 sec=1.366
sst-2_fp16_h0.03_seed16 step=5500 loss+=0.785692 loss-=1.02695 dh=-4.02102 sec=1.508
eval step=5500 {'eval_acc': 0.5688073394495413, 'eval_loss': 0.9846133180624814, 'eval_examples': 872}
sst-2_fp16_h0.03_seed16 step=5525 loss+=1.47008 loss-=0.900795 dh=9.48803 sec=1.379
sst-2_fp16_h0.03_seed16 step=5550 loss+=1.51572 loss-=0.980515 dh=8.92015 sec=1.366
sst-2_fp16_h0.03_seed16 step=5575 loss+=0.719256 loss-=0.666746 dh=0.875176 sec=1.508
sst-2_fp16_h0.03_seed16 step=5600 loss+=1.16991 loss-=1.85971 dh=-11.4968 sec=1.497
sst-2_fp16_h0.03_seed16 step=5625 loss+=0.908375 loss-=0.831194 dh=1.28635 sec=1.507
sst-2_fp16_h0.03_seed16 step=5650 loss+=1.71451 loss-=0.640949 dh=17.8928 sec=1.379
sst-2_fp16_h0.03_seed16 step=5675 loss+=1.20597 loss-=0.646544 dh=9.32373 sec=1.469
sst-2_fp16_h0.03_seed16 step=5700 loss+=1.72659 loss-=1.41741 dh=5.15301 sec=1.469
sst-2_fp16_h0.03_seed16 step=5725 loss+=1.54016 loss-=1.91282 dh=-6.2111 sec=1.507
sst-2_fp16_h0.03_seed16 step=5750 loss+=0.740933 loss-=1.04959 dh=-5.14427 sec=1.508
sst-2_fp16_h0.03_seed16 step=5775 loss+=0.804804 loss-=0.97925 dh=-2.90743 sec=1.466
sst-2_fp16_h0.03_seed16 step=5800 loss+=0.758088 loss-=0.82415 dh=-1.10104 sec=1.378
sst-2_fp16_h0.03_seed16 step=5825 loss+=1.12294 loss-=1.36954 dh=-4.10994 sec=1.465
sst-2_fp16_h0.03_seed16 step=5850 loss+=1.18604 loss-=1.01876 dh=2.78794 sec=1.479
sst-2_fp16_h0.03_seed16 step=5875 loss+=4.03765 loss-=1.8519 dh=36.4292 sec=1.508
sst-2_fp16_h0.03_seed16 step=5900 loss+=0.670023 loss-=2.06789 dh=-23.2977 sec=1.507
sst-2_fp16_h0.03_seed16 step=5925 loss+=1.28112 loss-=1.99443 dh=-11.8884 sec=1.379
sst-2_fp16_h0.03_seed16 step=5950 loss+=0.748067 loss-=1.39952 dh=-10.8575 sec=1.467
sst-2_fp16_h0.03_seed16 step=5975 loss+=0.755432 loss-=0.637149 dh=1.97138 sec=1.379
sst-2_fp16_h0.03_seed16 step=6000 loss+=0.707457 loss-=1.12479 dh=-6.95555 sec=1.481
eval step=6000 {'eval_acc': 0.5711009174311926, 'eval_loss': 0.9869928045770786, 'eval_examples': 872}
sst-2_fp16_h0.03_seed16 step=6025 loss+=0.862319 loss-=1.39798 dh=-8.92776 sec=1.378
sst-2_fp16_h0.03_seed16 step=6050 loss+=0.847919 loss-=1.3674 dh=-8.6581 sec=1.378
sst-2_fp16_h0.03_seed16 step=6075 loss+=2.49294 loss-=2.0024 dh=8.17551 sec=1.379
sst-2_fp16_h0.03_seed16 step=6100 loss+=1.64957 loss-=0.800833 dh=14.1457 sec=1.464
sst-2_fp16_h0.03_seed16 step=6125 loss+=0.936721 loss-=1.37995 dh=-7.38719 sec=1.508
sst-2_fp16_h0.03_seed16 step=6150 loss+=1.11325 loss-=2.71343 dh=-26.6697 sec=1.507
sst-2_fp16_h0.03_seed16 step=6175 loss+=0.868704 loss-=0.785404 dh=1.38834 sec=1.507
sst-2_fp16_h0.03_seed16 step=6200 loss+=0.943245 loss-=1.70465 dh=-12.6901 sec=1.366
sst-2_fp16_h0.03_seed16 step=6225 loss+=0.703581 loss-=0.493188 dh=3.50655 sec=1.378
sst-2_fp16_h0.03_seed16 step=6250 loss+=2.91788 loss-=0.75849 dh=35.9898 sec=1.509
sst-2_fp16_h0.03_seed16 step=6275 loss+=0.83718 loss-=0.662206 dh=2.91624 sec=1.493
sst-2_fp16_h0.03_seed16 step=6300 loss+=0.939026 loss-=2.18422 dh=-20.7533 sec=1.467
sst-2_fp16_h0.03_seed16 step=6325 loss+=2.69938 loss-=0.894214 dh=30.0861 sec=1.506
sst-2_fp16_h0.03_seed16 step=6350 loss+=1.96765 loss-=2.20486 dh=-3.95348 sec=1.466
sst-2_fp16_h0.03_seed16 step=6375 loss+=0.990919 loss-=1.55235 dh=-9.35723 sec=1.507
sst-2_fp16_h0.03_seed16 step=6400 loss+=2.23278 loss-=0.657252 dh=26.2587 sec=1.468
sst-2_fp16_h0.03_seed16 step=6425 loss+=0.946319 loss-=2.11643 dh=-19.5019 sec=1.507
sst-2_fp16_h0.03_seed16 step=6450 loss+=0.677489 loss-=1.31158 dh=-10.5681 sec=1.379
sst-2_fp16_h0.03_seed16 step=6475 loss+=0.931127 loss-=1.40784 dh=-7.94527 sec=1.507
sst-2_fp16_h0.03_seed16 step=6500 loss+=1.1363 loss-=0.732849 dh=6.72424 sec=1.378
eval step=6500 {'eval_acc': 0.5722477064220184, 'eval_loss': 0.9809824724685947, 'eval_examples': 872}
sst-2_fp16_h0.03_seed16 step=6525 loss+=1.68914 loss-=2.19607 dh=-8.44892 sec=1.365
sst-2_fp16_h0.03_seed16 step=6550 loss+=2.24481 loss-=0.762804 dh=24.7 sec=1.378
sst-2_fp16_h0.03_seed16 step=6575 loss+=0.949602 loss-=2.05469 dh=-18.4182 sec=1.481
sst-2_fp16_h0.03_seed16 step=6600 loss+=0.875028 loss-=2.67809 dh=-30.051 sec=1.467
sst-2_fp16_h0.03_seed16 step=6625 loss+=1.33271 loss-=1.00458 dh=5.46898 sec=1.494
sst-2_fp16_h0.03_seed16 step=6650 loss+=1.17358 loss-=0.654543 dh=8.65069 sec=1.508
sst-2_fp16_h0.03_seed16 step=6675 loss+=2.21632 loss-=0.936484 dh=21.3306 sec=1.469
sst-2_fp16_h0.03_seed16 step=6700 loss+=0.937404 loss-=2.07625 dh=-18.9808 sec=1.419
sst-2_fp16_h0.03_seed16 step=6725 loss+=0.919941 loss-=0.598644 dh=5.35496 sec=1.508
sst-2_fp16_h0.03_seed16 step=6750 loss+=0.994892 loss-=1.97157 dh=-16.2779 sec=1.378
sst-2_fp16_h0.03_seed16 step=6775 loss+=0.705748 loss-=1.7444 dh=-17.3108 sec=1.507
sst-2_fp16_h0.03_seed16 step=6800 loss+=1.51697 loss-=0.826591 dh=11.5063 sec=1.478
sst-2_fp16_h0.03_seed16 step=6825 loss+=2.09446 loss-=1.62852 dh=7.76566 sec=1.378
sst-2_fp16_h0.03_seed16 step=6850 loss+=0.768074 loss-=1.20644 dh=-7.30617 sec=1.465
sst-2_fp16_h0.03_seed16 step=6875 loss+=0.659932 loss-=0.995643 dh=-5.59518 sec=1.378
sst-2_fp16_h0.03_seed16 step=6900 loss+=1.35205 loss-=0.720693 dh=10.5227 sec=1.464
sst-2_fp16_h0.03_seed16 step=6925 loss+=0.788592 loss-=0.831436 dh=-0.714072 sec=1.464
sst-2_fp16_h0.03_seed16 step=6950 loss+=0.660204 loss-=1.29975 dh=-10.6591 sec=1.467
sst-2_fp16_h0.03_seed16 step=6975 loss+=1.45134 loss-=3.78907 dh=-38.9622 sec=1.507
sst-2_fp16_h0.03_seed16 step=7000 loss+=1.58853 loss-=1.47025 dh=1.97148 sec=1.465
eval step=7000 {'eval_acc': 0.5722477064220184, 'eval_loss': 0.9648171831840872, 'eval_examples': 872}
sst-2_fp16_h0.03_seed16 step=7025 loss+=2.38838 loss-=0.867786 dh=25.3432 sec=1.366
sst-2_fp16_h0.03_seed16 step=7050 loss+=0.487658 loss-=0.659178 dh=-2.85867 sec=1.379
sst-2_fp16_h0.03_seed16 step=7075 loss+=1.55749 loss-=0.652571 dh=15.0819 sec=1.507
sst-2_fp16_h0.03_seed16 step=7100 loss+=2.97037 loss-=1.52968 dh=24.0116 sec=1.467
sst-2_fp16_h0.03_seed16 step=7125 loss+=0.827621 loss-=1.1652 dh=-5.62631 sec=1.379
sst-2_fp16_h0.03_seed16 step=7150 loss+=2.16081 loss-=1.99487 dh=2.76572 sec=1.379
sst-2_fp16_h0.03_seed16 step=7175 loss+=0.809708 loss-=0.828146 dh=-0.307303 sec=1.509
sst-2_fp16_h0.03_seed16 step=7200 loss+=0.709125 loss-=1.90936 dh=-20.0038 sec=1.367
sst-2_fp16_h0.03_seed16 step=7225 loss+=1.30047 loss-=1.4511 dh=-2.51052 sec=1.466
sst-2_fp16_h0.03_seed16 step=7250 loss+=0.992641 loss-=1.10156 dh=-1.81531 sec=1.467
sst-2_fp16_h0.03_seed16 step=7275 loss+=1.20418 loss-=1.90871 dh=-11.7421 sec=1.466
sst-2_fp16_h0.03_seed16 step=7300 loss+=2.12564 loss-=2.32325 dh=-3.29365 sec=1.508
sst-2_fp16_h0.03_seed16 step=7325 loss+=2.44785 loss-=2.17277 dh=4.58481 sec=1.507
sst-2_fp16_h0.03_seed16 step=7350 loss+=0.767827 loss-=1.42089 dh=-10.8844 sec=1.469
sst-2_fp16_h0.03_seed16 step=7375 loss+=1.3465 loss-=0.749331 dh=9.95274 sec=1.507
sst-2_fp16_h0.03_seed16 step=7400 loss+=0.756328 loss-=0.869368 dh=-1.884 sec=1.378
sst-2_fp16_h0.03_seed16 step=7425 loss+=0.885556 loss-=1.35834 dh=-7.87972 sec=1.466
sst-2_fp16_h0.03_seed16 step=7450 loss+=0.505333 loss-=0.759361 dh=-4.2338 sec=1.366
sst-2_fp16_h0.03_seed16 step=7475 loss+=0.748571 loss-=0.880622 dh=-2.20085 sec=1.495
sst-2_fp16_h0.03_seed16 step=7500 loss+=1.07518 loss-=0.621091 dh=7.56819 sec=1.467
eval step=7500 {'eval_acc': 0.573394495412844, 'eval_loss': 0.953635040904532, 'eval_examples': 872}
sst-2_fp16_h0.03_seed16 step=7525 loss+=0.988982 loss-=0.710175 dh=4.64679 sec=1.507
sst-2_fp16_h0.03_seed16 step=7550 loss+=1.2898 loss-=1.58852 dh=-4.97871 sec=1.466
sst-2_fp16_h0.03_seed16 step=7575 loss+=0.764648 loss-=0.384578 dh=6.3345 sec=1.378
sst-2_fp16_h0.03_seed16 step=7600 loss+=1.12501 loss-=2.23207 dh=-18.4511 sec=1.379
sst-2_fp16_h0.03_seed16 step=7625 loss+=0.908264 loss-=1.50961 dh=-10.0224 sec=1.312
sst-2_fp16_h0.03_seed16 step=7650 loss+=0.776464 loss-=0.785571 dh=-0.151779 sec=1.378
sst-2_fp16_h0.03_seed16 step=7675 loss+=1.47232 loss-=1.17478 dh=4.95891 sec=1.509
sst-2_fp16_h0.03_seed16 step=7700 loss+=1.08746 loss-=1.01354 dh=1.23187 sec=1.467
sst-2_fp16_h0.03_seed16 step=7725 loss+=1.57264 loss-=0.973806 dh=9.9806 sec=1.377
sst-2_fp16_h0.03_seed16 step=7750 loss+=2.17042 loss-=0.657963 dh=25.2077 sec=1.466
sst-2_fp16_h0.03_seed16 step=7775 loss+=1.33828 loss-=1.18279 dh=2.59157 sec=1.378
sst-2_fp16_h0.03_seed16 step=7800 loss+=0.981331 loss-=0.757059 dh=3.73786 sec=1.466
sst-2_fp16_h0.03_seed16 step=7825 loss+=1.68203 loss-=0.856804 dh=13.7538 sec=1.466
sst-2_fp16_h0.03_seed16 step=7850 loss+=0.804217 loss-=0.946601 dh=-2.37306 sec=1.496
sst-2_fp16_h0.03_seed16 step=7875 loss+=0.79304 loss-=0.854229 dh=-1.01981 sec=1.506
sst-2_fp16_h0.03_seed16 step=7900 loss+=0.718658 loss-=1.89412 dh=-19.591 sec=1.479
sst-2_fp16_h0.03_seed16 step=7925 loss+=0.665903 loss-=1.18117 dh=-8.58777 sec=1.379
sst-2_fp16_h0.03_seed16 step=7950 loss+=1.47696 loss-=0.759357 dh=11.9601 sec=1.506
sst-2_fp16_h0.03_seed16 step=7975 loss+=0.789109 loss-=0.941217 dh=-2.53513 sec=1.507
sst-2_fp16_h0.03_seed16 step=8000 loss+=1.13035 loss-=2.16063 dh=-17.1715 sec=1.378
eval step=8000 {'eval_acc': 0.573394495412844, 'eval_loss': 0.951093164714771, 'eval_examples': 872}
sst-2_fp16_h0.03_seed16 step=8025 loss+=0.862737 loss-=1.19249 dh=-5.49582 sec=1.466
sst-2_fp16_h0.03_seed16 step=8050 loss+=2.20626 loss-=0.863695 dh=22.3761 sec=1.507
sst-2_fp16_h0.03_seed16 step=8075 loss+=0.743878 loss-=0.753094 dh=-0.153598 sec=1.378
sst-2_fp16_h0.03_seed16 step=8100 loss+=1.59528 loss-=1.88586 dh=-4.84293 sec=1.506
sst-2_fp16_h0.03_seed16 step=8125 loss+=0.887392 loss-=0.889946 dh=-0.0425623 sec=1.788
sst-2_fp16_h0.03_seed16 step=8150 loss+=0.760639 loss-=0.912591 dh=-2.53253 sec=1.379
sst-2_fp16_h0.03_seed16 step=8175 loss+=0.991925 loss-=0.986167 dh=0.0959627 sec=1.466
sst-2_fp16_h0.03_seed16 step=8200 loss+=1.57267 loss-=0.723553 dh=14.152 sec=1.366
sst-2_fp16_h0.03_seed16 step=8225 loss+=1.93169 loss-=0.998674 dh=15.5502 sec=1.366
sst-2_fp16_h0.03_seed16 step=8250 loss+=0.686609 loss-=2.83598 dh=-35.8228 sec=1.378
sst-2_fp16_h0.03_seed16 step=8275 loss+=0.675444 loss-=2.12159 dh=-24.1024 sec=1.507
sst-2_fp16_h0.03_seed16 step=8300 loss+=0.961837 loss-=1.21683 dh=-4.2498 sec=1.379
sst-2_fp16_h0.03_seed16 step=8325 loss+=0.950156 loss-=1.18506 dh=-3.91503 sec=1.465
sst-2_fp16_h0.03_seed16 step=8350 loss+=1.21662 loss-=0.92849 dh=4.80224 sec=1.479
sst-2_fp16_h0.03_seed16 step=8375 loss+=0.730822 loss-=0.60296 dh=2.13103 sec=1.469
sst-2_fp16_h0.03_seed16 step=8400 loss+=0.743798 loss-=2.09109 dh=-22.4549 sec=1.377
sst-2_fp16_h0.03_seed16 step=8425 loss+=1.34993 loss-=2.96347 dh=-26.8923 sec=1.378
sst-2_fp16_h0.03_seed16 step=8450 loss+=1.0331 loss-=1.23988 dh=-3.44626 sec=1.466
sst-2_fp16_h0.03_seed16 step=8475 loss+=1.11913 loss-=1.41491 dh=-4.92964 sec=1.507
sst-2_fp16_h0.03_seed16 step=8500 loss+=2.19832 loss-=1.85587 dh=5.70748 sec=1.467
eval step=8500 {'eval_acc': 0.569954128440367, 'eval_loss': 0.9582418449374702, 'eval_examples': 872}
sst-2_fp16_h0.03_seed16 step=8525 loss+=3.53746 loss-=0.770525 dh=46.1156 sec=1.507
sst-2_fp16_h0.03_seed16 step=8550 loss+=1.08927 loss-=0.783611 dh=5.09429 sec=1.477
sst-2_fp16_h0.03_seed16 step=8575 loss+=1.224 loss-=0.871026 dh=5.88291 sec=1.465
sst-2_fp16_h0.03_seed16 step=8600 loss+=2.27226 loss-=1.5795 dh=11.546 sec=1.495
sst-2_fp16_h0.03_seed16 step=8625 loss+=0.700261 loss-=0.560052 dh=2.33683 sec=1.508
sst-2_fp16_h0.03_seed16 step=8650 loss+=2.83341 loss-=0.774949 dh=34.3076 sec=1.365
sst-2_fp16_h0.03_seed16 step=8675 loss+=2.47607 loss-=1.21899 dh=20.9514 sec=1.508
sst-2_fp16_h0.03_seed16 step=8700 loss+=1.38523 loss-=0.690538 dh=11.5783 sec=1.507
sst-2_fp16_h0.03_seed16 step=8725 loss+=0.656684 loss-=1.13587 dh=-7.98651 sec=1.378
sst-2_fp16_h0.03_seed16 step=8750 loss+=0.925961 loss-=1.27278 dh=-5.78031 sec=1.466
sst-2_fp16_h0.03_seed16 step=8775 loss+=1.01403 loss-=0.938917 dh=1.25183 sec=1.378
sst-2_fp16_h0.03_seed16 step=8800 loss+=1.36315 loss-=1.29872 dh=1.07372 sec=1.479
sst-2_fp16_h0.03_seed16 step=8825 loss+=0.625664 loss-=0.775287 dh=-2.49373 sec=1.507
sst-2_fp16_h0.03_seed16 step=8850 loss+=0.75053 loss-=0.993097 dh=-4.04279 sec=1.507
sst-2_fp16_h0.03_seed16 step=8875 loss+=0.846592 loss-=1.41875 dh=-9.53595 sec=1.480
sst-2_fp16_h0.03_seed16 step=8900 loss+=1.52583 loss-=1.07781 dh=7.46697 sec=1.467
sst-2_fp16_h0.03_seed16 step=8925 loss+=0.866289 loss-=1.00857 dh=-2.37144 sec=1.466
sst-2_fp16_h0.03_seed16 step=8950 loss+=1.19534 loss-=2.12467 dh=-15.4888 sec=1.466
sst-2_fp16_h0.03_seed16 step=8975 loss+=1.37854 loss-=0.822556 dh=9.26641 sec=1.467
sst-2_fp16_h0.03_seed16 step=9000 loss+=3.37567 loss-=0.8207 dh=42.5828 sec=1.480
eval step=9000 {'eval_acc': 0.573394495412844, 'eval_loss': 0.9462033095673461, 'eval_examples': 872}
sst-2_fp16_h0.03_seed16 step=9025 loss+=0.726227 loss-=0.849256 dh=-2.05049 sec=1.507
sst-2_fp16_h0.03_seed16 step=9050 loss+=0.902033 loss-=3.00854 dh=-35.1084 sec=1.478
sst-2_fp16_h0.03_seed16 step=9075 loss+=0.917787 loss-=0.708299 dh=3.49146 sec=1.366
sst-2_fp16_h0.03_seed16 step=9100 loss+=1.65528 loss-=0.993863 dh=11.0237 sec=1.506
sst-2_fp16_h0.03_seed16 step=9125 loss+=0.847012 loss-=0.725228 dh=2.02974 sec=1.494
sst-2_fp16_h0.03_seed16 step=9150 loss+=1.55776 loss-=1.98659 dh=-7.1472 sec=1.467
sst-2_fp16_h0.03_seed16 step=9175 loss+=0.963496 loss-=0.892796 dh=1.17834 sec=1.508
sst-2_fp16_h0.03_seed16 step=9200 loss+=0.7341 loss-=0.904834 dh=-2.84555 sec=1.478
sst-2_fp16_h0.03_seed16 step=9225 loss+=0.691255 loss-=0.866646 dh=-2.92318 sec=1.378
sst-2_fp16_h0.03_seed16 step=9250 loss+=0.879657 loss-=0.754613 dh=2.08407 sec=1.466
sst-2_fp16_h0.03_seed16 step=9275 loss+=1.05383 loss-=0.840001 dh=3.56387 sec=1.509
sst-2_fp16_h0.03_seed16 step=9300 loss+=0.798036 loss-=0.941815 dh=-2.39632 sec=1.507
sst-2_fp16_h0.03_seed16 step=9325 loss+=1.90792 loss-=0.799996 dh=18.4653 sec=1.508
sst-2_fp16_h0.03_seed16 step=9350 loss+=2.24159 loss-=2.02461 dh=3.61636 sec=1.520
sst-2_fp16_h0.03_seed16 step=9375 loss+=1.43452 loss-=0.767105 dh=11.1236 sec=1.379
sst-2_fp16_h0.03_seed16 step=9400 loss+=2.77126 loss-=2.76499 dh=0.104616 sec=1.379
sst-2_fp16_h0.03_seed16 step=9425 loss+=0.652768 loss-=2.09328 dh=-24.0085 sec=1.507
sst-2_fp16_h0.03_seed16 step=9450 loss+=0.557409 loss-=1.10449 dh=-9.11796 sec=1.478
sst-2_fp16_h0.03_seed16 step=9475 loss+=0.785289 loss-=1.55221 dh=-12.782 sec=1.508
sst-2_fp16_h0.03_seed16 step=9500 loss+=0.733535 loss-=1.34896 dh=-10.257 sec=1.507
eval step=9500 {'eval_acc': 0.5756880733944955, 'eval_loss': 0.9337787788324998, 'eval_examples': 872}
sst-2_fp16_h0.03_seed16 step=9525 loss+=0.806277 loss-=1.21137 dh=-6.7516 sec=1.366
sst-2_fp16_h0.03_seed16 step=9550 loss+=1.63445 loss-=1.38208 dh=4.20627 sec=1.466
sst-2_fp16_h0.03_seed16 step=9575 loss+=0.92777 loss-=0.577881 dh=5.83148 sec=1.494
sst-2_fp16_h0.03_seed16 step=9600 loss+=0.684562 loss-=0.817402 dh=-2.21401 sec=1.507
sst-2_fp16_h0.03_seed16 step=9625 loss+=1.37994 loss-=1.75698 dh=-6.28409 sec=1.507
sst-2_fp16_h0.03_seed16 step=9650 loss+=0.931086 loss-=2.02216 dh=-18.1846 sec=1.508
sst-2_fp16_h0.03_seed16 step=9675 loss+=3.08004 loss-=0.973387 dh=35.1109 sec=1.480
sst-2_fp16_h0.03_seed16 step=9700 loss+=0.799612 loss-=1.37132 dh=-9.52839 sec=1.492
sst-2_fp16_h0.03_seed16 step=9725 loss+=1.30137 loss-=1.03164 dh=4.49554 sec=1.507
sst-2_fp16_h0.03_seed16 step=9750 loss+=1.22952 loss-=1.42407 dh=-3.24246 sec=1.378
sst-2_fp16_h0.03_seed16 step=9775 loss+=1.27549 loss-=1.30391 dh=-0.473738 sec=1.507
sst-2_fp16_h0.03_seed16 step=9800 loss+=1.22271 loss-=0.961749 dh=4.34941 sec=1.506
sst-2_fp16_h0.03_seed16 step=9825 loss+=1.15775 loss-=1.33662 dh=-2.98122 sec=1.493
sst-2_fp16_h0.03_seed16 step=9850 loss+=1.00015 loss-=0.947701 dh=0.874151 sec=1.379
sst-2_fp16_h0.03_seed16 step=9875 loss+=0.873886 loss-=1.03352 dh=-2.66048 sec=1.772
sst-2_fp16_h0.03_seed16 step=9900 loss+=0.843189 loss-=0.947779 dh=-1.74317 sec=1.377
sst-2_fp16_h0.03_seed16 step=9925 loss+=0.912238 loss-=0.715918 dh=3.272 sec=1.507
sst-2_fp16_h0.03_seed16 step=9950 loss+=1.22723 loss-=0.735275 dh=8.19918 sec=1.466
sst-2_fp16_h0.03_seed16 step=9975 loss+=0.836802 loss-=0.995442 dh=-2.64399 sec=1.377
sst-2_fp16_h0.03_seed16 step=10000 loss+=2.33681 loss-=1.22465 dh=18.5359 sec=1.478
eval step=10000 {'eval_acc': 0.5745412844036697, 'eval_loss': 0.9294785295288429, 'eval_examples': 872}
sst-2_fp16_h0.03_seed16 step=10025 loss+=0.727879 loss-=0.714429 dh=0.224168 sec=1.378
sst-2_fp16_h0.03_seed16 step=10050 loss+=0.820625 loss-=1.03303 dh=-3.54012 sec=1.479
sst-2_fp16_h0.03_seed16 step=10075 loss+=1.09346 loss-=1.78861 dh=-11.5859 sec=1.378
sst-2_fp16_h0.03_seed16 step=10100 loss+=1.18279 loss-=1.24125 dh=-0.974292 sec=1.507
sst-2_fp16_h0.03_seed16 step=10125 loss+=1.40971 loss-=0.817911 dh=9.86324 sec=1.467
sst-2_fp16_h0.03_seed16 step=10150 loss+=0.857279 loss-=2.58346 dh=-28.7696 sec=1.507
sst-2_fp16_h0.03_seed16 step=10175 loss+=1.68278 loss-=0.729554 dh=15.8871 sec=1.508
sst-2_fp16_h0.03_seed16 step=10200 loss+=0.990346 loss-=1.07909 dh=-1.47902 sec=1.509
sst-2_fp16_h0.03_seed16 step=10225 loss+=1.13143 loss-=0.840422 dh=4.85006 sec=1.478
sst-2_fp16_h0.03_seed16 step=10250 loss+=0.872878 loss-=0.980722 dh=-1.7974 sec=1.466
sst-2_fp16_h0.03_seed16 step=10275 loss+=0.602875 loss-=0.922774 dh=-5.33164 sec=1.470
sst-2_fp16_h0.03_seed16 step=10300 loss+=1.24499 loss-=0.75523 dh=8.16262 sec=1.508
sst-2_fp16_h0.03_seed16 step=10325 loss+=1.60783 loss-=1.40613 dh=3.36171 sec=1.378
sst-2_fp16_h0.03_seed16 step=10350 loss+=0.831235 loss-=2.00743 dh=-19.6032 sec=1.508
sst-2_fp16_h0.03_seed16 step=10375 loss+=1.19342 loss-=1.49482 dh=-5.02323 sec=1.507
sst-2_fp16_h0.03_seed16 step=10400 loss+=1.31856 loss-=1.21341 dh=1.7526 sec=1.466
sst-2_fp16_h0.03_seed16 step=10425 loss+=0.614499 loss-=2.38444 dh=-29.499 sec=1.507
sst-2_fp16_h0.03_seed16 step=10450 loss+=0.924031 loss-=1.49496 dh=-9.51548 sec=1.378
sst-2_fp16_h0.03_seed16 step=10475 loss+=0.883384 loss-=0.902042 dh=-0.310969 sec=1.379
sst-2_fp16_h0.03_seed16 step=10500 loss+=0.864779 loss-=0.583899 dh=4.68134 sec=1.467
eval step=10500 {'eval_acc': 0.5791284403669725, 'eval_loss': 0.9147926922268106, 'eval_examples': 872}
sst-2_fp16_h0.03_seed16 step=10525 loss+=1.35555 loss-=0.663398 dh=11.5359 sec=1.466
sst-2_fp16_h0.03_seed16 step=10550 loss+=1.21255 loss-=0.726542 dh=8.10009 sec=1.507
sst-2_fp16_h0.03_seed16 step=10575 loss+=1.98247 loss-=0.813376 dh=19.485 sec=1.378
sst-2_fp16_h0.03_seed16 step=10600 loss+=2.4391 loss-=1.05535 dh=23.0625 sec=1.465
sst-2_fp16_h0.03_seed16 step=10625 loss+=1.4337 loss-=2.28287 dh=-14.1528 sec=1.366
sst-2_fp16_h0.03_seed16 step=10650 loss+=1.09983 loss-=0.730064 dh=6.16277 sec=1.378
sst-2_fp16_h0.03_seed16 step=10675 loss+=1.36481 loss-=1.94901 dh=-9.73663 sec=1.507
sst-2_fp16_h0.03_seed16 step=10700 loss+=2.89387 loss-=1.38554 dh=25.1388 sec=1.378
sst-2_fp16_h0.03_seed16 step=10725 loss+=0.711173 loss-=0.89006 dh=-2.98146 sec=1.493
sst-2_fp16_h0.03_seed16 step=10750 loss+=0.822726 loss-=2.88683 dh=-34.4017 sec=1.508
sst-2_fp16_h0.03_seed16 step=10775 loss+=1.05041 loss-=0.819886 dh=3.84209 sec=1.507
sst-2_fp16_h0.03_seed16 step=10800 loss+=0.694796 loss-=1.28823 dh=-9.89058 sec=1.494
sst-2_fp16_h0.03_seed16 step=10825 loss+=1.08094 loss-=2.68328 dh=-26.7057 sec=1.507
sst-2_fp16_h0.03_seed16 step=10850 loss+=0.694075 loss-=1.62302 dh=-15.4825 sec=1.378
sst-2_fp16_h0.03_seed16 step=10875 loss+=0.592287 loss-=0.550906 dh=0.689683 sec=1.378
sst-2_fp16_h0.03_seed16 step=10900 loss+=2.08551 loss-=0.722287 dh=22.7203 sec=1.507
sst-2_fp16_h0.03_seed16 step=10925 loss+=2.73585 loss-=1.73154 dh=16.7385 sec=1.506
sst-2_fp16_h0.03_seed16 step=10950 loss+=0.798806 loss-=0.82051 dh=-0.361727 sec=1.507
sst-2_fp16_h0.03_seed16 step=10975 loss+=0.997131 loss-=1.7345 dh=-12.2894 sec=1.378
sst-2_fp16_h0.03_seed16 step=11000 loss+=1.91907 loss-=0.925141 dh=16.5655 sec=1.506
eval step=11000 {'eval_acc': 0.5791284403669725, 'eval_loss': 0.9114265349926427, 'eval_examples': 872}
sst-2_fp16_h0.03_seed16 step=11025 loss+=0.829008 loss-=0.798622 dh=0.506445 sec=1.507
sst-2_fp16_h0.03_seed16 step=11050 loss+=0.665718 loss-=0.789134 dh=-2.05694 sec=1.377
sst-2_fp16_h0.03_seed16 step=11075 loss+=0.686917 loss-=2.0605 dh=-22.8931 sec=1.507
sst-2_fp16_h0.03_seed16 step=11100 loss+=0.965262 loss-=1.82258 dh=-14.2887 sec=1.507
sst-2_fp16_h0.03_seed16 step=11125 loss+=1.57671 loss-=4.20702 dh=-43.8384 sec=1.378
sst-2_fp16_h0.03_seed16 step=11150 loss+=0.819982 loss-=0.694179 dh=2.09673 sec=1.365
sst-2_fp16_h0.03_seed16 step=11175 loss+=2.65017 loss-=0.731131 dh=31.9839 sec=1.468
sst-2_fp16_h0.03_seed16 step=11200 loss+=2.28916 loss-=1.64879 dh=10.6728 sec=1.468
sst-2_fp16_h0.03_seed16 step=11225 loss+=1.97416 loss-=1.00423 dh=16.1656 sec=1.508
sst-2_fp16_h0.03_seed16 step=11250 loss+=1.25773 loss-=1.08914 dh=2.80991 sec=1.507
sst-2_fp16_h0.03_seed16 step=11275 loss+=0.942753 loss-=0.593839 dh=5.81525 sec=1.465
sst-2_fp16_h0.03_seed16 step=11300 loss+=1.32796 loss-=0.939498 dh=6.47436 sec=1.508
sst-2_fp16_h0.03_seed16 step=11325 loss+=3.17145 loss-=1.29688 dh=31.2429 sec=1.508
sst-2_fp16_h0.03_seed16 step=11350 loss+=1.7345 loss-=1.41536 dh=5.319 sec=1.467
sst-2_fp16_h0.03_seed16 step=11375 loss+=1.79107 loss-=0.756243 dh=17.2472 sec=1.466
sst-2_fp16_h0.03_seed16 step=11400 loss+=1.30063 loss-=0.416017 dh=14.7436 sec=1.465
sst-2_fp16_h0.03_seed16 step=11425 loss+=0.919702 loss-=0.748343 dh=2.85599 sec=1.378
sst-2_fp16_h0.03_seed16 step=11450 loss+=1.02882 loss-=1.61358 dh=-9.7459 sec=1.378
sst-2_fp16_h0.03_seed16 step=11475 loss+=0.728097 loss-=0.867078 dh=-2.31635 sec=1.508
sst-2_fp16_h0.03_seed16 step=11500 loss+=1.93218 loss-=2.78535 dh=-14.2194 sec=1.366
eval step=11500 {'eval_acc': 0.5814220183486238, 'eval_loss': 0.9014462308868458, 'eval_examples': 872}
sst-2_fp16_h0.03_seed16 step=11525 loss+=1.71505 loss-=1.05093 dh=11.0687 sec=1.478
sst-2_fp16_h0.03_seed16 step=11550 loss+=2.63986 loss-=0.9841 dh=27.5959 sec=1.508
sst-2_fp16_h0.03_seed16 step=11575 loss+=0.590826 loss-=1.21181 dh=-10.3497 sec=1.465
sst-2_fp16_h0.03_seed16 step=11600 loss+=1.24871 loss-=1.34696 dh=-1.63755 sec=1.507
sst-2_fp16_h0.03_seed16 step=11625 loss+=1.65564 loss-=1.5131 dh=2.37568 sec=1.508
sst-2_fp16_h0.03_seed16 step=11650 loss+=0.521743 loss-=0.61545 dh=-1.5618 sec=1.506
sst-2_fp16_h0.03_seed16 step=11675 loss+=1.04031 loss-=2.55741 dh=-25.285 sec=1.467
sst-2_fp16_h0.03_seed16 step=11700 loss+=1.06151 loss-=0.800439 dh=4.35112 sec=1.506
sst-2_fp16_h0.03_seed16 step=11725 loss+=2.27497 loss-=0.760231 dh=25.2457 sec=1.507
sst-2_fp16_h0.03_seed16 step=11750 loss+=4.20095 loss-=0.662027 dh=58.982 sec=1.508
sst-2_fp16_h0.03_seed16 step=11775 loss+=1.78703 loss-=0.779819 dh=16.7869 sec=1.507
sst-2_fp16_h0.03_seed16 step=11800 loss+=0.767976 loss-=0.760248 dh=0.128802 sec=1.379
sst-2_fp16_h0.03_seed16 step=11825 loss+=1.12109 loss-=0.732794 dh=6.47163 sec=1.467
sst-2_fp16_h0.03_seed16 step=11850 loss+=1.42413 loss-=1.28652 dh=2.29348 sec=1.467
sst-2_fp16_h0.03_seed16 step=11875 loss+=2.00949 loss-=1.43868 dh=9.51347 sec=1.378
sst-2_fp16_h0.03_seed16 step=11900 loss+=2.87289 loss-=0.903651 dh=32.8207 sec=1.467
sst-2_fp16_h0.03_seed16 step=11925 loss+=1.1065 loss-=1.06171 dh=0.746484 sec=1.378
sst-2_fp16_h0.03_seed16 step=11950 loss+=0.843338 loss-=0.75742 dh=1.43196 sec=1.379
sst-2_fp16_h0.03_seed16 step=11975 loss+=2.04497 loss-=1.84289 dh=3.368 sec=1.508
sst-2_fp16_h0.03_seed16 step=12000 loss+=1.40244 loss-=1.22012 dh=3.03864 sec=1.467
eval step=12000 {'eval_acc': 0.5791284403669725, 'eval_loss': 0.9082675543859379, 'eval_examples': 872}
sst-2_fp16_h0.03_seed16 step=12025 loss+=1.19004 loss-=0.5964 dh=9.89404 sec=1.507
sst-2_fp16_h0.03_seed16 step=12050 loss+=0.941453 loss-=0.820159 dh=2.02158 sec=1.508
sst-2_fp16_h0.03_seed16 step=12075 loss+=1.35204 loss-=1.70189 dh=-5.83072 sec=1.366
sst-2_fp16_h0.03_seed16 step=12100 loss+=1.94792 loss-=2.11633 dh=-2.80685 sec=1.477
sst-2_fp16_h0.03_seed16 step=12125 loss+=1.10308 loss-=0.846493 dh=4.27645 sec=1.378
sst-2_fp16_h0.03_seed16 step=12150 loss+=1.08937 loss-=2.26201 dh=-19.544 sec=1.467
sst-2_fp16_h0.03_seed16 step=12175 loss+=0.669252 loss-=1.47209 dh=-13.3807 sec=1.468
sst-2_fp16_h0.03_seed16 step=12200 loss+=1.38543 loss-=0.755053 dh=10.5063 sec=1.379
sst-2_fp16_h0.03_seed16 step=12225 loss+=0.618443 loss-=1.25918 dh=-10.6789 sec=1.378
sst-2_fp16_h0.03_seed16 step=12250 loss+=1.4283 loss-=0.893295 dh=8.91683 sec=1.378
sst-2_fp16_h0.03_seed16 step=12275 loss+=0.968571 loss-=1.12008 dh=-2.52513 sec=1.506
sst-2_fp16_h0.03_seed16 step=12300 loss+=1.43269 loss-=1.99829 dh=-9.42655 sec=1.466
sst-2_fp16_h0.03_seed16 step=12325 loss+=1.78175 loss-=1.01496 dh=12.7798 sec=1.507
sst-2_fp16_h0.03_seed16 step=12350 loss+=0.812199 loss-=2.17188 dh=-22.6613 sec=1.379
sst-2_fp16_h0.03_seed16 step=12375 loss+=0.780358 loss-=0.670563 dh=1.82992 sec=1.378
sst-2_fp16_h0.03_seed16 step=12400 loss+=0.931642 loss-=0.750011 dh=3.02718 sec=1.508
sst-2_fp16_h0.03_seed16 step=12425 loss+=1.57638 loss-=2.21143 dh=-10.584 sec=1.378
sst-2_fp16_h0.03_seed16 step=12450 loss+=0.726887 loss-=1.57807 dh=-14.1864 sec=1.366
sst-2_fp16_h0.03_seed16 step=12475 loss+=0.661139 loss-=1.72299 dh=-17.6975 sec=1.479
sst-2_fp16_h0.03_seed16 step=12500 loss+=1.12399 loss-=3.19214 dh=-34.4692 sec=1.507
eval step=12500 {'eval_acc': 0.5791284403669725, 'eval_loss': 0.9087166549261967, 'eval_examples': 872}
sst-2_fp16_h0.03_seed16 step=12525 loss+=0.733063 loss-=1.7327 dh=-16.6606 sec=1.507
sst-2_fp16_h0.03_seed16 step=12550 loss+=0.862669 loss-=0.979228 dh=-1.94265 sec=1.507
sst-2_fp16_h0.03_seed16 step=12575 loss+=2.72424 loss-=2.31478 dh=6.82435 sec=1.478
sst-2_fp16_h0.03_seed16 step=12600 loss+=2.02698 loss-=1.55993 dh=7.78417 sec=1.506
sst-2_fp16_h0.03_seed16 step=12625 loss+=0.710691 loss-=1.00846 dh=-4.96278 sec=1.507
sst-2_fp16_h0.03_seed16 step=12650 loss+=0.773293 loss-=1.24099 dh=-7.79501 sec=1.495
sst-2_fp16_h0.03_seed16 step=12675 loss+=0.701104 loss-=1.04601 dh=-5.7484 sec=1.378
sst-2_fp16_h0.03_seed16 step=12700 loss+=2.47709 loss-=1.20843 dh=21.1445 sec=1.479
sst-2_fp16_h0.03_seed16 step=12725 loss+=1.9957 loss-=1.45379 dh=9.03186 sec=1.508
sst-2_fp16_h0.03_seed16 step=12750 loss+=0.764855 loss-=0.808265 dh=-0.723507 sec=1.378
sst-2_fp16_h0.03_seed16 step=12775 loss+=1.73061 loss-=0.526309 dh=20.0717 sec=1.479
sst-2_fp16_h0.03_seed16 step=12800 loss+=0.720096 loss-=2.90806 dh=-36.4661 sec=1.479
sst-2_fp16_h0.03_seed16 step=12825 loss+=2.2888 loss-=1.41838 dh=14.5069 sec=1.508
sst-2_fp16_h0.03_seed16 step=12850 loss+=1.31155 loss-=1.51943 dh=-3.4647 sec=1.465
sst-2_fp16_h0.03_seed16 step=12875 loss+=1.39128 loss-=0.713411 dh=11.2978 sec=1.507
sst-2_fp16_h0.03_seed16 step=12900 loss+=1.06906 loss-=1.0456 dh=0.390887 sec=1.377
sst-2_fp16_h0.03_seed16 step=12925 loss+=1.92938 loss-=1.21752 dh=11.8643 sec=1.509
sst-2_fp16_h0.03_seed16 step=12950 loss+=2.347 loss-=0.597766 dh=29.1539 sec=1.507
sst-2_fp16_h0.03_seed16 step=12975 loss+=0.97168 loss-=1.69757 dh=-12.0982 sec=1.507
sst-2_fp16_h0.03_seed16 step=13000 loss+=2.009 loss-=1.14994 dh=14.3176 sec=1.506
eval step=13000 {'eval_acc': 0.5802752293577982, 'eval_loss': 0.8973389808419631, 'eval_examples': 872}
sst-2_fp16_h0.03_seed16 step=13025 loss+=1.68112 loss-=1.16065 dh=8.67454 sec=1.466
sst-2_fp16_h0.03_seed16 step=13050 loss+=1.08603 loss-=2.67654 dh=-26.5085 sec=1.493
sst-2_fp16_h0.03_seed16 step=13075 loss+=0.760083 loss-=0.948463 dh=-3.13966 sec=1.378
sst-2_fp16_h0.03_seed16 step=13100 loss+=1.07281 loss-=1.23604 dh=-2.7205 sec=1.379
sst-2_fp16_h0.03_seed16 step=13125 loss+=3.25216 loss-=2.61685 dh=10.5884 sec=1.378
sst-2_fp16_h0.03_seed16 step=13150 loss+=2.04316 loss-=0.940539 dh=18.3769 sec=1.507
sst-2_fp16_h0.03_seed16 step=13175 loss+=1.42563 loss-=0.734113 dh=11.5253 sec=1.508
sst-2_fp16_h0.03_seed16 step=13200 loss+=1.03494 loss-=1.99618 dh=-16.0207 sec=1.508
sst-2_fp16_h0.03_seed16 step=13225 loss+=1.41397 loss-=0.868032 dh=9.09901 sec=1.508
sst-2_fp16_h0.03_seed16 step=13250 loss+=0.633027 loss-=2.56495 dh=-32.1988 sec=1.508
sst-2_fp16_h0.03_seed16 step=13275 loss+=0.870129 loss-=0.893041 dh=-0.381867 sec=1.378
sst-2_fp16_h0.03_seed16 step=13300 loss+=0.761229 loss-=2.72952 dh=-32.8048 sec=1.468
sst-2_fp16_h0.03_seed16 step=13325 loss+=0.935142 loss-=1.22305 dh=-4.7985 sec=1.467
sst-2_fp16_h0.03_seed16 step=13350 loss+=0.879409 loss-=0.769227 dh=1.83636 sec=1.379
sst-2_fp16_h0.03_seed16 step=13375 loss+=0.939325 loss-=1.4515 dh=-8.5362 sec=1.379
sst-2_fp16_h0.03_seed16 step=13400 loss+=0.94584 loss-=1.04766 dh=-1.69695 sec=1.509
sst-2_fp16_h0.03_seed16 step=13425 loss+=0.702794 loss-=0.690303 dh=0.208183 sec=1.467
sst-2_fp16_h0.03_seed16 step=13450 loss+=0.762532 loss-=0.942195 dh=-2.99437 sec=1.365
sst-2_fp16_h0.03_seed16 step=13475 loss+=1.33534 loss-=2.73648 dh=-23.3523 sec=1.378
sst-2_fp16_h0.03_seed16 step=13500 loss+=2.34608 loss-=1.65527 dh=11.5136 sec=1.508
eval step=13500 {'eval_acc': 0.5791284403669725, 'eval_loss': 0.9033683769313038, 'eval_examples': 872}
sst-2_fp16_h0.03_seed16 step=13525 loss+=1.72952 loss-=1.24177 dh=8.12927 sec=1.379
sst-2_fp16_h0.03_seed16 step=13550 loss+=1.23138 loss-=0.643303 dh=9.80124 sec=1.466
sst-2_fp16_h0.03_seed16 step=13575 loss+=2.33249 loss-=3.37626 dh=-17.3961 sec=1.508
sst-2_fp16_h0.03_seed16 step=13600 loss+=1.41653 loss-=0.741995 dh=11.2422 sec=1.508
sst-2_fp16_h0.03_seed16 step=13625 loss+=0.940274 loss-=1.34427 dh=-6.7332 sec=1.466
sst-2_fp16_h0.03_seed16 step=13650 loss+=1.7902 loss-=1.37992 dh=6.83807 sec=1.508
sst-2_fp16_h0.03_seed16 step=13675 loss+=1.10523 loss-=1.47856 dh=-6.22225 sec=1.379
sst-2_fp16_h0.03_seed16 step=13700 loss+=0.911277 loss-=1.28389 dh=-6.21019 sec=1.507
sst-2_fp16_h0.03_seed16 step=13725 loss+=0.953551 loss-=0.655259 dh=4.97153 sec=1.379
sst-2_fp16_h0.03_seed16 step=13750 loss+=1.44086 loss-=4.13858 dh=-44.9621 sec=1.478
sst-2_fp16_h0.03_seed16 step=13775 loss+=0.884092 loss-=0.595171 dh=4.81535 sec=1.508
sst-2_fp16_h0.03_seed16 step=13800 loss+=0.758827 loss-=1.73074 dh=-16.1986 sec=1.477
sst-2_fp16_h0.03_seed16 step=13825 loss+=3.18159 loss-=0.966805 dh=36.9131 sec=1.468
sst-2_fp16_h0.03_seed16 step=13850 loss+=1.46767 loss-=1.319 dh=2.47784 sec=1.378
sst-2_fp16_h0.03_seed16 step=13875 loss+=1.47969 loss-=0.830911 dh=10.8131 sec=1.507
sst-2_fp16_h0.03_seed16 step=13900 loss+=1.00159 loss-=1.73635 dh=-12.246 sec=1.507
sst-2_fp16_h0.03_seed16 step=13925 loss+=0.954743 loss-=0.738936 dh=3.59678 sec=1.507
sst-2_fp16_h0.03_seed16 step=13950 loss+=2.61913 loss-=0.513605 dh=35.092 sec=1.480
sst-2_fp16_h0.03_seed16 step=13975 loss+=2.96792 loss-=1.66424 dh=21.7281 sec=1.509
sst-2_fp16_h0.03_seed16 step=14000 loss+=1.31091 loss-=1.61031 dh=-4.99007 sec=1.506
eval step=14000 {'eval_acc': 0.5814220183486238, 'eval_loss': 0.8874762390372813, 'eval_examples': 872}
sst-2_fp16_h0.03_seed16 step=14025 loss+=1.81477 loss-=0.895038 dh=15.3289 sec=1.509
sst-2_fp16_h0.03_seed16 step=14050 loss+=0.87332 loss-=1.54768 dh=-11.2394 sec=1.366
sst-2_fp16_h0.03_seed16 step=14075 loss+=1.39693 loss-=0.802047 dh=9.91467 sec=1.507
sst-2_fp16_h0.03_seed16 step=14100 loss+=1.01537 loss-=0.78711 dh=3.80437 sec=1.507
sst-2_fp16_h0.03_seed16 step=14125 loss+=0.837917 loss-=0.723037 dh=1.91466 sec=1.466
sst-2_fp16_h0.03_seed16 step=14150 loss+=1.43136 loss-=0.905988 dh=8.75619 sec=1.468
sst-2_fp16_h0.03_seed16 step=14175 loss+=0.672252 loss-=1.63246 dh=-16.0034 sec=1.507
sst-2_fp16_h0.03_seed16 step=14200 loss+=0.933693 loss-=1.45603 dh=-8.7056 sec=1.507
sst-2_fp16_h0.03_seed16 step=14225 loss+=0.94306 loss-=3.20292 dh=-37.6644 sec=1.378
sst-2_fp16_h0.03_seed16 step=14250 loss+=0.779559 loss-=0.696962 dh=1.37661 sec=1.507
sst-2_fp16_h0.03_seed16 step=14275 loss+=0.738139 loss-=2.55488 dh=-30.279 sec=1.507
sst-2_fp16_h0.03_seed16 step=14300 loss+=0.936972 loss-=1.51074 dh=-9.5628 sec=1.509
sst-2_fp16_h0.03_seed16 step=14325 loss+=0.79242 loss-=0.954471 dh=-2.70085 sec=1.467
sst-2_fp16_h0.03_seed16 step=14350 loss+=0.811543 loss-=0.564077 dh=4.12444 sec=1.480
sst-2_fp16_h0.03_seed16 step=14375 loss+=0.8864 loss-=0.757785 dh=2.14358 sec=1.508
sst-2_fp16_h0.03_seed16 step=14400 loss+=1.13183 loss-=0.858275 dh=4.55924 sec=1.379
sst-2_fp16_h0.03_seed16 step=14425 loss+=1.47768 loss-=1.12171 dh=5.93287 sec=1.466
sst-2_fp16_h0.03_seed16 step=14450 loss+=0.840651 loss-=1.24819 dh=-6.79233 sec=1.378
sst-2_fp16_h0.03_seed16 step=14475 loss+=0.929044 loss-=0.79642 dh=2.21041 sec=1.379
sst-2_fp16_h0.03_seed16 step=14500 loss+=2.45166 loss-=0.876007 dh=26.2609 sec=1.508
eval step=14500 {'eval_acc': 0.5837155963302753, 'eval_loss': 0.8779146304811188, 'eval_examples': 872}
sst-2_fp16_h0.03_seed16 step=14525 loss+=1.4048 loss-=1.69717 dh=-4.87284 sec=1.480
sst-2_fp16_h0.03_seed16 step=14550 loss+=0.908187 loss-=1.12433 dh=-3.60245 sec=1.477
sst-2_fp16_h0.03_seed16 step=14575 loss+=0.63839 loss-=1.52601 dh=-14.7937 sec=1.377
sst-2_fp16_h0.03_seed16 step=14600 loss+=0.673068 loss-=1.77901 dh=-18.4324 sec=1.379
sst-2_fp16_h0.03_seed16 step=14625 loss+=0.973182 loss-=1.00893 dh=-0.595871 sec=1.507
sst-2_fp16_h0.03_seed16 step=14650 loss+=4.69081 loss-=0.704115 dh=66.4449 sec=1.508
sst-2_fp16_h0.03_seed16 step=14675 loss+=0.772867 loss-=1.1115 dh=-5.64391 sec=1.508
sst-2_fp16_h0.03_seed16 step=14700 loss+=1.20251 loss-=1.7655 dh=-9.38313 sec=1.508
sst-2_fp16_h0.03_seed16 step=14725 loss+=1.2811 loss-=0.922813 dh=5.97148 sec=1.509
sst-2_fp16_h0.03_seed16 step=14750 loss+=0.842561 loss-=3.0009 dh=-35.9724 sec=1.508
sst-2_fp16_h0.03_seed16 step=14775 loss+=0.660719 loss-=1.99928 dh=-22.3093 sec=1.507
sst-2_fp16_h0.03_seed16 step=14800 loss+=1.97252 loss-=1.78933 dh=3.05303 sec=1.366
sst-2_fp16_h0.03_seed16 step=14825 loss+=1.01397 loss-=0.614202 dh=6.6628 sec=1.466
sst-2_fp16_h0.03_seed16 step=14850 loss+=1.35674 loss-=0.797669 dh=9.31782 sec=1.506
sst-2_fp16_h0.03_seed16 step=14875 loss+=0.994156 loss-=0.629159 dh=6.08329 sec=1.508
sst-2_fp16_h0.03_seed16 step=14900 loss+=2.17341 loss-=0.6838 dh=24.8268 sec=1.378
sst-2_fp16_h0.03_seed16 step=14925 loss+=1.38914 loss-=0.682964 dh=11.7697 sec=1.377
sst-2_fp16_h0.03_seed16 step=14950 loss+=1.16818 loss-=1.36581 dh=-3.29377 sec=1.507
sst-2_fp16_h0.03_seed16 step=14975 loss+=1.24972 loss-=0.731084 dh=8.64393 sec=1.508
sst-2_fp16_h0.03_seed16 step=15000 loss+=0.622707 loss-=0.452294 dh=2.84021 sec=1.467
eval step=15000 {'eval_acc': 0.5871559633027523, 'eval_loss': 0.8713995123446552, 'eval_examples': 872}
sst-2_fp16_h0.03_seed16 step=15025 loss+=0.741035 loss-=0.987099 dh=-4.10107 sec=1.491
sst-2_fp16_h0.03_seed16 step=15050 loss+=0.853643 loss-=0.793054 dh=1.00981 sec=1.378
sst-2_fp16_h0.03_seed16 step=15075 loss+=0.824118 loss-=0.576721 dh=4.12328 sec=1.465
sst-2_fp16_h0.03_seed16 step=15100 loss+=1.20127 loss-=2.91796 dh=-28.6114 sec=1.378
sst-2_fp16_h0.03_seed16 step=15125 loss+=1.58399 loss-=1.0291 dh=9.24811 sec=1.378
sst-2_fp16_h0.03_seed16 step=15150 loss+=1.64796 loss-=3.55335 dh=-31.7566 sec=1.506
sst-2_fp16_h0.03_seed16 step=15175 loss+=0.838741 loss-=0.919282 dh=-1.34234 sec=1.379
sst-2_fp16_h0.03_seed16 step=15200 loss+=0.747789 loss-=0.544381 dh=3.39013 sec=1.367
sst-2_fp16_h0.03_seed16 step=15225 loss+=1.35704 loss-=0.909221 dh=7.46363 sec=1.466
sst-2_fp16_h0.03_seed16 step=15250 loss+=0.830953 loss-=0.638627 dh=3.20544 sec=1.412
sst-2_fp16_h0.03_seed16 step=15275 loss+=2.17539 loss-=0.827592 dh=22.4633 sec=1.509
sst-2_fp16_h0.03_seed16 step=15300 loss+=0.841455 loss-=0.673685 dh=2.79617 sec=1.379
sst-2_fp16_h0.03_seed16 step=15325 loss+=4.23393 loss-=1.24681 dh=49.7853 sec=1.466
sst-2_fp16_h0.03_seed16 step=15350 loss+=1.00352 loss-=1.96736 dh=-16.064 sec=1.378
sst-2_fp16_h0.03_seed16 step=15375 loss+=1.24382 loss-=1.6944 dh=-7.50957 sec=1.366
sst-2_fp16_h0.03_seed16 step=15400 loss+=0.918399 loss-=1.22723 dh=-5.14723 sec=1.468
sst-2_fp16_h0.03_seed16 step=15425 loss+=1.11624 loss-=1.14246 dh=-0.436974 sec=1.507
sst-2_fp16_h0.03_seed16 step=15450 loss+=2.63272 loss-=0.753882 dh=31.3139 sec=1.507
sst-2_fp16_h0.03_seed16 step=15475 loss+=1.40396 loss-=1.08192 dh=5.36734 sec=1.366
sst-2_fp16_h0.03_seed16 step=15500 loss+=1.08048 loss-=1.42502 dh=-5.74238 sec=1.378
eval step=15500 {'eval_acc': 0.591743119266055, 'eval_loss': 0.857990064461707, 'eval_examples': 872}
sst-2_fp16_h0.03_seed16 step=15525 loss+=2.73813 loss-=4.76217 dh=-33.734 sec=1.506
sst-2_fp16_h0.03_seed16 step=15550 loss+=1.91229 loss-=1.90237 dh=0.165422 sec=1.465
sst-2_fp16_h0.03_seed16 step=15575 loss+=1.79784 loss-=0.712766 dh=18.0845 sec=1.366
sst-2_fp16_h0.03_seed16 step=15600 loss+=0.962387 loss-=0.754757 dh=3.46051 sec=1.508
sst-2_fp16_h0.03_seed16 step=15625 loss+=0.76097 loss-=1.25971 dh=-8.31228 sec=1.507
sst-2_fp16_h0.03_seed16 step=15650 loss+=1.17672 loss-=0.822353 dh=5.90618 sec=1.378
sst-2_fp16_h0.03_seed16 step=15675 loss+=1.1818 loss-=0.863921 dh=5.29805 sec=1.507
sst-2_fp16_h0.03_seed16 step=15700 loss+=1.66412 loss-=0.985572 dh=11.3092 sec=1.379
sst-2_fp16_h0.03_seed16 step=15725 loss+=0.774345 loss-=1.10516 dh=-5.51363 sec=1.377
sst-2_fp16_h0.03_seed16 step=15750 loss+=2.26361 loss-=1.696 dh=9.46014 sec=1.508
sst-2_fp16_h0.03_seed16 step=15775 loss+=1.35656 loss-=1.60671 dh=-4.16917 sec=1.465
sst-2_fp16_h0.03_seed16 step=15800 loss+=0.862199 loss-=0.922235 dh=-1.0006 sec=1.507
sst-2_fp16_h0.03_seed16 step=15825 loss+=0.932815 loss-=1.93472 dh=-16.6985 sec=1.365
sst-2_fp16_h0.03_seed16 step=15850 loss+=1.0275 loss-=0.93875 dh=1.47917 sec=1.366
sst-2_fp16_h0.03_seed16 step=15875 loss+=2.99115 loss-=1.7838 dh=20.1224 sec=1.466
sst-2_fp16_h0.03_seed16 step=15900 loss+=1.96778 loss-=0.677197 dh=21.5097 sec=1.478
sst-2_fp16_h0.03_seed16 step=15925 loss+=1.06921 loss-=2.11556 dh=-17.4392 sec=1.468
sst-2_fp16_h0.03_seed16 step=15950 loss+=1.9783 loss-=1.5701 dh=6.80344 sec=1.507
sst-2_fp16_h0.03_seed16 step=15975 loss+=1.28148 loss-=1.49685 dh=-3.5895 sec=1.507
sst-2_fp16_h0.03_seed16 step=16000 loss+=0.767272 loss-=0.554403 dh=3.54782 sec=1.507
eval step=16000 {'eval_acc': 0.5905963302752294, 'eval_loss': 0.8451870886999857, 'eval_examples': 872}
sst-2_fp16_h0.03_seed16 step=16025 loss+=0.581702 loss-=1.14718 dh=-9.42457 sec=1.506
sst-2_fp16_h0.03_seed16 step=16050 loss+=1.94929 loss-=0.781922 dh=19.4561 sec=1.509
sst-2_fp16_h0.03_seed16 step=16075 loss+=1.219 loss-=0.979643 dh=3.98927 sec=1.377
sst-2_fp16_h0.03_seed16 step=16100 loss+=1.60093 loss-=1.48232 dh=1.97677 sec=1.478
sst-2_fp16_h0.03_seed16 step=16125 loss+=1.03609 loss-=0.995778 dh=0.671873 sec=1.507
sst-2_fp16_h0.03_seed16 step=16150 loss+=1.48824 loss-=1.53946 dh=-0.853737 sec=1.377
sst-2_fp16_h0.03_seed16 step=16175 loss+=2.68042 loss-=1.54317 dh=18.9542 sec=1.508
sst-2_fp16_h0.03_seed16 step=16200 loss+=1.72074 loss-=1.79628 dh=-1.25906 sec=1.477
sst-2_fp16_h0.03_seed16 step=16225 loss+=1.37985 loss-=1.28338 dh=1.60787 sec=1.478
sst-2_fp16_h0.03_seed16 step=16250 loss+=1.00789 loss-=1.01668 dh=-0.146493 sec=1.377
sst-2_fp16_h0.03_seed16 step=16275 loss+=1.46482 loss-=0.973784 dh=8.18398 sec=1.466
sst-2_fp16_h0.03_seed16 step=16300 loss+=1.0328 loss-=1.66895 dh=-10.6025 sec=1.465
sst-2_fp16_h0.03_seed16 step=16325 loss+=1.07874 loss-=1.08951 dh=-0.179382 sec=1.478
sst-2_fp16_h0.03_seed16 step=16350 loss+=0.838719 loss-=0.539812 dh=4.98178 sec=1.467
sst-2_fp16_h0.03_seed16 step=16375 loss+=0.738658 loss-=1.80315 dh=-17.7415 sec=1.507
sst-2_fp16_h0.03_seed16 step=16400 loss+=1.1191 loss-=1.56095 dh=-7.36425 sec=1.378
sst-2_fp16_h0.03_seed16 step=16425 loss+=0.966936 loss-=1.08042 dh=-1.89136 sec=1.507
sst-2_fp16_h0.03_seed16 step=16450 loss+=1.59825 loss-=0.808933 dh=13.1553 sec=1.467
sst-2_fp16_h0.03_seed16 step=16475 loss+=2.23254 loss-=1.33886 dh=14.8947 sec=1.378
sst-2_fp16_h0.03_seed16 step=16500 loss+=0.673895 loss-=1.04721 dh=-6.22188 sec=1.466
eval step=16500 {'eval_acc': 0.5894495412844036, 'eval_loss': 0.8511053929051999, 'eval_examples': 872}
sst-2_fp16_h0.03_seed16 step=16525 loss+=0.567405 loss-=0.73398 dh=-2.77625 sec=1.507
sst-2_fp16_h0.03_seed16 step=16550 loss+=0.979787 loss-=2.8823 dh=-31.7085 sec=1.467
sst-2_fp16_h0.03_seed16 step=16575 loss+=1.09719 loss-=0.892197 dh=3.41656 sec=1.479
sst-2_fp16_h0.03_seed16 step=16600 loss+=1.00432 loss-=0.693218 dh=5.18506 sec=1.465
sst-2_fp16_h0.03_seed16 step=16625 loss+=1.78255 loss-=1.01516 dh=12.7898 sec=1.506
sst-2_fp16_h0.03_seed16 step=16650 loss+=0.559665 loss-=0.680269 dh=-2.01006 sec=1.378
sst-2_fp16_h0.03_seed16 step=16675 loss+=0.651213 loss-=0.977323 dh=-5.43516 sec=1.505
sst-2_fp16_h0.03_seed16 step=16700 loss+=1.07232 loss-=1.05353 dh=0.313191 sec=1.506
sst-2_fp16_h0.03_seed16 step=16725 loss+=1.6495 loss-=1.04878 dh=10.0121 sec=1.377
sst-2_fp16_h0.03_seed16 step=16750 loss+=1.0708 loss-=2.03527 dh=-16.0745 sec=1.507
sst-2_fp16_h0.03_seed16 step=16775 loss+=1.76701 loss-=1.07457 dh=11.5406 sec=1.465
sst-2_fp16_h0.03_seed16 step=16800 loss+=1.01521 loss-=0.780572 dh=3.91063 sec=1.365
sst-2_fp16_h0.03_seed16 step=16825 loss+=0.80915 loss-=3.0524 dh=-37.3875 sec=1.507
sst-2_fp16_h0.03_seed16 step=16850 loss+=0.747015 loss-=0.747571 dh=-0.00925958 sec=1.378
sst-2_fp16_h0.03_seed16 step=16875 loss+=1.13584 loss-=1.50698 dh=-6.18555 sec=1.469
sst-2_fp16_h0.03_seed16 step=16900 loss+=1.66074 loss-=1.16201 dh=8.31213 sec=1.506
sst-2_fp16_h0.03_seed16 step=16925 loss+=2.49737 loss-=0.943607 dh=25.896 sec=1.507
sst-2_fp16_h0.03_seed16 step=16950 loss+=1.01463 loss-=1.28025 dh=-4.42706 sec=1.376
sst-2_fp16_h0.03_seed16 step=16975 loss+=2.13642 loss-=1.3644 dh=12.8671 sec=1.467
sst-2_fp16_h0.03_seed16 step=17000 loss+=0.834912 loss-=3.08309 dh=-37.4696 sec=1.506
eval step=17000 {'eval_acc': 0.5928899082568807, 'eval_loss': 0.8441486804609384, 'eval_examples': 872}
sst-2_fp16_h0.03_seed16 step=17025 loss+=0.999703 loss-=1.02492 dh=-0.420275 sec=1.466
sst-2_fp16_h0.03_seed16 step=17050 loss+=0.821284 loss-=0.701786 dh=1.99164 sec=1.378
sst-2_fp16_h0.03_seed16 step=17075 loss+=0.93958 loss-=1.12035 dh=-3.01277 sec=1.507
sst-2_fp16_h0.03_seed16 step=17100 loss+=0.877968 loss-=1.12818 dh=-4.17021 sec=1.467
sst-2_fp16_h0.03_seed16 step=17125 loss+=2.26132 loss-=2.7744 dh=-8.55143 sec=1.377
sst-2_fp16_h0.03_seed16 step=17150 loss+=0.729008 loss-=0.748635 dh=-0.327109 sec=1.468
sst-2_fp16_h0.03_seed16 step=17175 loss+=1.32576 loss-=1.23722 dh=1.47574 sec=1.507
sst-2_fp16_h0.03_seed16 step=17200 loss+=0.737745 loss-=0.73753 dh=0.00358659 sec=1.378
sst-2_fp16_h0.03_seed16 step=17225 loss+=1.07175 loss-=1.19434 dh=-2.04323 sec=1.468
sst-2_fp16_h0.03_seed16 step=17250 loss+=1.45307 loss-=0.76871 dh=11.406 sec=1.379
sst-2_fp16_h0.03_seed16 step=17275 loss+=2.67064 loss-=0.911119 dh=29.3254 sec=1.378
sst-2_fp16_h0.03_seed16 step=17300 loss+=0.760476 loss-=1.14932 dh=-6.48073 sec=1.377
sst-2_fp16_h0.03_seed16 step=17325 loss+=0.714609 loss-=1.48835 dh=-12.8957 sec=1.467
sst-2_fp16_h0.03_seed16 step=17350 loss+=1.04086 loss-=2.25225 dh=-20.1899 sec=1.377
sst-2_fp16_h0.03_seed16 step=17375 loss+=2.01938 loss-=1.83541 dh=3.06616 sec=1.507
sst-2_fp16_h0.03_seed16 step=17400 loss+=0.907506 loss-=2.66717 dh=-29.3277 sec=1.504
sst-2_fp16_h0.03_seed16 step=17425 loss+=2.12236 loss-=1.03469 dh=18.1277 sec=1.506
sst-2_fp16_h0.03_seed16 step=17450 loss+=2.03146 loss-=1.03046 dh=16.6834 sec=1.507
sst-2_fp16_h0.03_seed16 step=17475 loss+=0.821613 loss-=1.12109 dh=-4.99125 sec=1.466
sst-2_fp16_h0.03_seed16 step=17500 loss+=0.680182 loss-=0.994799 dh=-5.24362 sec=1.473
eval step=17500 {'eval_acc': 0.5940366972477065, 'eval_loss': 0.8407134352563752, 'eval_examples': 872}
sst-2_fp16_h0.03_seed16 step=17525 loss+=0.818572 loss-=1.28409 dh=-7.75868 sec=1.477
sst-2_fp16_h0.03_seed16 step=17550 loss+=1.4179 loss-=1.31666 dh=1.68729 sec=1.465
sst-2_fp16_h0.03_seed16 step=17575 loss+=0.698208 loss-=1.15968 dh=-7.69113 sec=1.506
sst-2_fp16_h0.03_seed16 step=17600 loss+=1.1568 loss-=1.0171 dh=2.32833 sec=1.508
sst-2_fp16_h0.03_seed16 step=17625 loss+=1.27899 loss-=2.10931 dh=-13.8388 sec=1.379
sst-2_fp16_h0.03_seed16 step=17650 loss+=0.756886 loss-=1.0846 dh=-5.46195 sec=1.506
sst-2_fp16_h0.03_seed16 step=17675 loss+=1.04553 loss-=0.703486 dh=5.70068 sec=1.378
sst-2_fp16_h0.03_seed16 step=17700 loss+=1.1447 loss-=0.999861 dh=2.41403 sec=1.479
sst-2_fp16_h0.03_seed16 step=17725 loss+=0.872261 loss-=0.620331 dh=4.19882 sec=1.467
sst-2_fp16_h0.03_seed16 step=17750 loss+=1.0697 loss-=2.67565 dh=-26.7658 sec=1.468
sst-2_fp16_h0.03_seed16 step=17775 loss+=0.756552 loss-=0.695474 dh=1.01797 sec=1.507
sst-2_fp16_h0.03_seed16 step=17800 loss+=1.84465 loss-=2.83546 dh=-16.5135 sec=1.507
sst-2_fp16_h0.03_seed16 step=17825 loss+=1.75197 loss-=0.968522 dh=13.0574 sec=1.507
sst-2_fp16_h0.03_seed16 step=17850 loss+=1.28475 loss-=0.693847 dh=9.84835 sec=1.378
sst-2_fp16_h0.03_seed16 step=17875 loss+=0.678758 loss-=0.594866 dh=1.39819 sec=1.506
sst-2_fp16_h0.03_seed16 step=17900 loss+=0.730069 loss-=3.42787 dh=-44.9634 sec=1.467
sst-2_fp16_h0.03_seed16 step=17925 loss+=0.983587 loss-=1.29005 dh=-5.10767 sec=1.365
sst-2_fp16_h0.03_seed16 step=17950 loss+=0.643958 loss-=0.998043 dh=-5.90141 sec=1.379
sst-2_fp16_h0.03_seed16 step=17975 loss+=1.98611 loss-=0.964864 dh=17.0208 sec=1.508
sst-2_fp16_h0.03_seed16 step=18000 loss+=0.714314 loss-=0.881754 dh=-2.79067 sec=1.480
eval step=18000 {'eval_acc': 0.5940366972477065, 'eval_loss': 0.8308545870924318, 'eval_examples': 872}
sst-2_fp16_h0.03_seed16 step=18025 loss+=1.48373 loss-=0.753395 dh=12.1723 sec=1.507
sst-2_fp16_h0.03_seed16 step=18050 loss+=0.760028 loss-=1.48705 dh=-12.1171 sec=1.378
sst-2_fp16_h0.03_seed16 step=18075 loss+=0.743066 loss-=1.55119 dh=-13.4687 sec=1.508
sst-2_fp16_h0.03_seed16 step=18100 loss+=0.876387 loss-=1.36665 dh=-8.1711 sec=1.378
sst-2_fp16_h0.03_seed16 step=18125 loss+=0.890275 loss-=0.786313 dh=1.7327 sec=1.506
sst-2_fp16_h0.03_seed16 step=18150 loss+=0.672105 loss-=0.755391 dh=-1.3881 sec=1.365
sst-2_fp16_h0.03_seed16 step=18175 loss+=1.74627 loss-=0.981423 dh=12.7475 sec=1.465
sst-2_fp16_h0.03_seed16 step=18200 loss+=3.17887 loss-=1.99752 dh=19.6892 sec=1.465
sst-2_fp16_h0.03_seed16 step=18225 loss+=2.6175 loss-=0.966583 dh=27.5153 sec=1.377
sst-2_fp16_h0.03_seed16 step=18250 loss+=0.852342 loss-=1.80008 dh=-15.7957 sec=1.507
sst-2_fp16_h0.03_seed16 step=18275 loss+=1.65234 loss-=0.789919 dh=14.3737 sec=1.479
sst-2_fp16_h0.03_seed16 step=18300 loss+=2.75953 loss-=0.734204 dh=33.7555 sec=1.508
sst-2_fp16_h0.03_seed16 step=18325 loss+=2.32756 loss-=1.17652 dh=19.1839 sec=1.465
sst-2_fp16_h0.03_seed16 step=18350 loss+=0.980238 loss-=0.797393 dh=3.04741 sec=1.378
sst-2_fp16_h0.03_seed16 step=18375 loss+=0.659802 loss-=1.54431 dh=-14.7417 sec=1.365
sst-2_fp16_h0.03_seed16 step=18400 loss+=2.38616 loss-=1.12017 dh=21.0997 sec=1.478
sst-2_fp16_h0.03_seed16 step=18425 loss+=1.96992 loss-=0.725154 dh=20.7461 sec=1.466
sst-2_fp16_h0.03_seed16 step=18450 loss+=2.17409 loss-=0.84441 dh=22.1612 sec=1.467
sst-2_fp16_h0.03_seed16 step=18475 loss+=0.883801 loss-=1.30224 dh=-6.974 sec=1.506
sst-2_fp16_h0.03_seed16 step=18500 loss+=0.946564 loss-=1.14184 dh=-3.25453 sec=1.507
eval step=18500 {'eval_acc': 0.5928899082568807, 'eval_loss': 0.8322299092478298, 'eval_examples': 872}
sst-2_fp16_h0.03_seed16 step=18525 loss+=0.751425 loss-=0.792621 dh=-0.686593 sec=1.378
sst-2_fp16_h0.03_seed16 step=18550 loss+=2.25219 loss-=0.78318 dh=24.4835 sec=1.505
sst-2_fp16_h0.03_seed16 step=18575 loss+=1.18163 loss-=1.42558 dh=-4.06582 sec=1.466
sst-2_fp16_h0.03_seed16 step=18600 loss+=1.32025 loss-=1.93162 dh=-10.1895 sec=1.479
sst-2_fp16_h0.03_seed16 step=18625 loss+=0.751903 loss-=0.699757 dh=0.869108 sec=1.504
sst-2_fp16_h0.03_seed16 step=18650 loss+=0.775422 loss-=1.09157 dh=-5.26918 sec=1.506
sst-2_fp16_h0.03_seed16 step=18675 loss+=0.985535 loss-=0.918559 dh=1.11627 sec=1.507
sst-2_fp16_h0.03_seed16 step=18700 loss+=2.7701 loss-=0.726344 dh=34.0626 sec=1.378
sst-2_fp16_h0.03_seed16 step=18725 loss+=1.65137 loss-=0.664632 dh=16.4457 sec=1.479
sst-2_fp16_h0.03_seed16 step=18750 loss+=1.53161 loss-=0.661638 dh=14.4996 sec=1.466
sst-2_fp16_h0.03_seed16 step=18775 loss+=3.59783 loss-=1.01705 dh=43.013 sec=1.466
sst-2_fp16_h0.03_seed16 step=18800 loss+=1.09155 loss-=1.30842 dh=-3.61456 sec=1.466
sst-2_fp16_h0.03_seed16 step=18825 loss+=0.698873 loss-=0.839621 dh=-2.34581 sec=1.506
sst-2_fp16_h0.03_seed16 step=18850 loss+=2.76023 loss-=0.751052 dh=33.4863 sec=1.378
sst-2_fp16_h0.03_seed16 step=18875 loss+=1.31265 loss-=2.88705 dh=-26.2401 sec=1.479
sst-2_fp16_h0.03_seed16 step=18900 loss+=1.40165 loss-=3.66617 dh=-37.7419 sec=1.466
sst-2_fp16_h0.03_seed16 step=18925 loss+=0.713294 loss-=1.10966 dh=-6.60618 sec=1.508
sst-2_fp16_h0.03_seed16 step=18950 loss+=0.792174 loss-=0.785425 dh=0.112492 sec=1.378
sst-2_fp16_h0.03_seed16 step=18975 loss+=0.797705 loss-=0.507663 dh=4.83403 sec=1.507
sst-2_fp16_h0.03_seed16 step=19000 loss+=0.628348 loss-=0.707649 dh=-1.3217 sec=1.365
eval step=19000 {'eval_acc': 0.5974770642201835, 'eval_loss': 0.8234148990755917, 'eval_examples': 872}
sst-2_fp16_h0.03_seed16 step=19025 loss+=0.838481 loss-=1.19925 dh=-6.01278 sec=1.507
sst-2_fp16_h0.03_seed16 step=19050 loss+=0.853602 loss-=0.768172 dh=1.42383 sec=1.377
sst-2_fp16_h0.03_seed16 step=19075 loss+=0.63507 loss-=0.763729 dh=-2.14433 sec=1.506
sst-2_fp16_h0.03_seed16 step=19100 loss+=0.510871 loss-=2.07578 dh=-26.0818 sec=1.378
sst-2_fp16_h0.03_seed16 step=19125 loss+=0.715255 loss-=1.56266 dh=-14.1235 sec=1.494
sst-2_fp16_h0.03_seed16 step=19150 loss+=1.35243 loss-=0.694063 dh=10.9728 sec=1.507
sst-2_fp16_h0.03_seed16 step=19175 loss+=1.28613 loss-=0.868049 dh=6.96805 sec=1.366
sst-2_fp16_h0.03_seed16 step=19200 loss+=2.08499 loss-=1.07333 dh=16.861 sec=1.466
sst-2_fp16_h0.03_seed16 step=19225 loss+=1.04037 loss-=0.803809 dh=3.94268 sec=1.508
sst-2_fp16_h0.03_seed16 step=19250 loss+=1.35398 loss-=0.966829 dh=6.45248 sec=1.378
sst-2_fp16_h0.03_seed16 step=19275 loss+=0.928473 loss-=1.54532 dh=-10.2808 sec=1.377
sst-2_fp16_h0.03_seed16 step=19300 loss+=1.24186 loss-=1.36251 dh=-2.01088 sec=1.466
sst-2_fp16_h0.03_seed16 step=19325 loss+=1.62747 loss-=1.10649 dh=8.68296 sec=1.482
sst-2_fp16_h0.03_seed16 step=19350 loss+=0.832374 loss-=1.21162 dh=-6.32071 sec=1.467
sst-2_fp16_h0.03_seed16 step=19375 loss+=0.961123 loss-=0.72002 dh=4.01838 sec=1.508
sst-2_fp16_h0.03_seed16 step=19400 loss+=1.76739 loss-=0.681934 dh=18.0909 sec=1.378
sst-2_fp16_h0.03_seed16 step=19425 loss+=0.704589 loss-=0.804209 dh=-1.66034 sec=1.507
sst-2_fp16_h0.03_seed16 step=19450 loss+=0.534255 loss-=0.557165 dh=-0.381828 sec=1.376
sst-2_fp16_h0.03_seed16 step=19475 loss+=0.800947 loss-=1.15426 dh=-5.88848 sec=1.507
sst-2_fp16_h0.03_seed16 step=19500 loss+=0.668284 loss-=1.48581 dh=-13.6255 sec=1.378
eval step=19500 {'eval_acc': 0.5951834862385321, 'eval_loss': 0.8243798093908731, 'eval_examples': 872}
sst-2_fp16_h0.03_seed16 step=19525 loss+=2.23511 loss-=0.952021 dh=21.3848 sec=1.506
sst-2_fp16_h0.03_seed16 step=19550 loss+=3.44663 loss-=0.866261 dh=43.0062 sec=1.505
sst-2_fp16_h0.03_seed16 step=19575 loss+=1.07636 loss-=1.29223 dh=-3.59788 sec=1.378
sst-2_fp16_h0.03_seed16 step=19600 loss+=0.967137 loss-=0.922862 dh=0.737914 sec=1.465
sst-2_fp16_h0.03_seed16 step=19625 loss+=2.40816 loss-=0.718717 dh=28.1574 sec=1.480
sst-2_fp16_h0.03_seed16 step=19650 loss+=0.851027 loss-=0.94231 dh=-1.52137 sec=1.466
sst-2_fp16_h0.03_seed16 step=19675 loss+=0.672708 loss-=1.03902 dh=-6.10513 sec=1.465
sst-2_fp16_h0.03_seed16 step=19700 loss+=2.40942 loss-=0.758649 dh=27.5129 sec=1.507
sst-2_fp16_h0.03_seed16 step=19725 loss+=1.14529 loss-=3.00763 dh=-31.0391 sec=1.477
sst-2_fp16_h0.03_seed16 step=19750 loss+=0.798958 loss-=1.33683 dh=-8.96454 sec=1.508
sst-2_fp16_h0.03_seed16 step=19775 loss+=1.44842 loss-=0.833693 dh=10.2455 sec=1.378
sst-2_fp16_h0.03_seed16 step=19800 loss+=0.671045 loss-=1.07348 dh=-6.70734 sec=1.378
sst-2_fp16_h0.03_seed16 step=19825 loss+=1.18121 loss-=1.04802 dh=2.21978 sec=1.506
sst-2_fp16_h0.03_seed16 step=19850 loss+=1.18086 loss-=1.10405 dh=1.28018 sec=1.506
sst-2_fp16_h0.03_seed16 step=19875 loss+=0.82363 loss-=1.68326 dh=-14.3272 sec=1.377
sst-2_fp16_h0.03_seed16 step=19900 loss+=2.19036 loss-=1.11357 dh=17.9466 sec=1.467
sst-2_fp16_h0.03_seed16 step=19925 loss+=0.910575 loss-=1.42941 dh=-8.6472 sec=1.508
sst-2_fp16_h0.03_seed16 step=19950 loss+=1.06291 loss-=1.80632 dh=-12.3901 sec=1.506
sst-2_fp16_h0.03_seed16 step=19975 loss+=0.71199 loss-=1.39406 dh=-11.3679 sec=1.466
sst-2_fp16_h0.03_seed16 step=20000 loss+=0.873362 loss-=0.885754 dh=-0.206524 sec=1.507
eval step=20000 {'eval_acc': 0.5974770642201835, 'eval_loss': 0.8196234078330219, 'eval_examples': 872}
{"model": "facebook/opt-2.7b", "mode": "dense", "task_path": "mezo_option", "dataset_mode": "full", "group_size": 128, "master_dtype": "fp16", "direction_distribution": "torch.randn float32 Gaussian; unnormalized", "q": 1, "lr": 3e-07, "lr_source": "slurm/opt13b_int4_roberta_matched_h100.sbatch", "steps": 20000, "eval_every": 500, "checkpoint_every": 500, "batch_size": 16, "microbatch": 2, "train_seed": 16, "data_seed": 16, "direction_seed": 16, "id": "sst-2_fp16_h0.03_seed16", "kind": "train", "task": "sst-2", "precision": "fp16", "quantizer": "none", "h": 0.03, "h_policy": "predeclared_grid", "max_seq_len": 128, "status": "complete", "run_type": "full", "steps_completed": 20000, "initial_eval_acc": 0.5630733944954128, "best_eval_acc": 0.5974770642201835, "best_eval_step": 19000, "final_eval_acc": 0.5974770642201835, "final_eval_step": 20000, "runtime_sec": 30110.456449985504, "median_step_sec": 1.4671937227249146, "peak_gpu_memory_gib": 11.325278759002686, "train_examples": 67349, "source_path": "/scratch/jy03364/MeZO_/experiments/large_model_extension/opt27b_radius_plateau_20260921/runs/sst-2_fp16_h0.03_seed16/train.jsonl"}
