TASK: sst-5
K: 16
Seed: 16
Data seed: 16
Dataset mode: full
Full dev ratio: 0.1
BS: 8
LR: 1e-6
EPS: 1e-8
Step: 1; Eval step: 1
Optimizer: sgd
Use trainer optimizer for ZO: False
Efficient zero order: True
Using adaptive h: False
Dataloader shuffle: False
Grid search tag: seed16-bs8-lr1e-6-eps1e-8-wd0-step1-evalstep1
Tag: k16-roberta-large-mezo-smoke-quzo16-sst5
Result root: /scratch/jy03364/MeZO_/experiments/h_sweep_14h/results/smoke/quzo16/roberta-large/sst5/h_1e-8
Job name: smoke_run
Output dir: /scratch/jy03364/MeZO_/experiments/h_sweep_14h/results/smoke/quzo16/roberta-large/sst5/h_1e-8/smoke_run/seed16
Dataset mode: full
Data root: data/k-shot-1k-test
Full dev ratio: 0.1
GPU数量: 1
RobertaConfig {
  "architectures": [
    "RobertaForMaskedLM"
  ],
  "attention_probs_dropout_prob": 0.1,
  "bos_token_id": 0,
  "classifier_dropout": null,
  "dtype": "float32",
  "eos_token_id": 2,
  "finetuning_task": "sst-5",
  "hidden_act": "gelu",
  "hidden_dropout_prob": 0.1,
  "hidden_size": 1024,
  "id2label": {
    "0": "LABEL_0",
    "1": "LABEL_1",
    "2": "LABEL_2",
    "3": "LABEL_3",
    "4": "LABEL_4"
  },
  "initializer_range": 0.02,
  "intermediate_size": 4096,
  "label2id": {
    "LABEL_0": 0,
    "LABEL_1": 1,
    "LABEL_2": 2,
    "LABEL_3": 3,
    "LABEL_4": 4
  },
  "layer_norm_eps": 1e-05,
  "max_position_embeddings": 514,
  "model_type": "roberta",
  "num_attention_heads": 16,
  "num_hidden_layers": 24,
  "pad_token_id": 1,
  "position_embedding_type": "absolute",
  "transformers_version": "4.56.0",
  "type_vocab_size": 1,
  "use_cache": true,
  "vocab_size": 50265
}

