[nan-guard] command=python /scratch/jy03364/MeZO_/large_models/run.py --model_name opt-1.3b --task_name SST5 --output_dir /scratch/jy03364/MeZO_/experiments/h_sweep_8h/results/mezo_int8/opt-1.3b/sst5/h_3e-4/seed_42 --overwrite_output_dir --tag hsweep8h-mezo_int8-sst5-h3e-4-seed42 --dataset_mode full --num_k 16 --data_seed 42 --train_set_seed 42 --trainer zo --load_float16 --zo_quantization int8 --train_as_classification --learning_rate 1e-6 --zo_eps 3e-4 --num_train_epochs 5 --per_device_train_batch_size 16 --gradient_accumulation_steps 1 --lr_scheduler_type constant --evaluation_strategy steps --save_strategy no --eval_steps 1000 --logging_steps 10 --zo_probe_every 200 --zo_probe_num_seeds 16 --zo_probe_log_csv --max_steps 10000
[nan-guard] cwd=/scratch/jy03364/MeZO_/experiments/h_sweep_8h max_consecutive_nan=100
OurArguments(
_n_gpu=1,
adafactor=False,
adam_beta1=0.9,
adam_beta2=0.999,
adam_epsilon=1e-08,
auto_find_batch_size=False,
bf16=False,
bf16_full_eval=False,
data_seed=42,
dataloader_drop_last=False,
dataloader_num_workers=0,
dataloader_pin_memory=True,
dataset_mode=full,
ddp_backend=None,
ddp_broadcast_buffers=None,
ddp_bucket_cap_mb=None,
ddp_find_unused_parameters=None,
ddp_timeout=1800,
debug=[],
deepspeed=None,
disable_tqdm=False,
dispatch_batches=None,
do_eval=True,
do_predict=False,
do_train=False,
eos_token=<EOS_TOKEN>,
eval_accumulation_steps=None,
eval_delay=0,
eval_steps=1000,
evaluation_strategy=steps,
fp16=False,
fp16_backend=auto,
fp16_full_eval=False,
fp16_opt_level=O1,
fsdp=[],
fsdp_config={'min_num_params': 0, 'xla': False, 'xla_fsdp_grad_ckpt': False},
fsdp_min_num_params=0,
fsdp_transformer_layer_cls_to_wrap=None,
full_determinism=False,
full_dev_ratio=0.1,
gradient_accumulation_steps=1,
gradient_checkpointing=False,
gradient_checkpointing_kwargs=None,
greater_is_better=None,
group_by_length=False,
half_precision_backend=auto,
head_tuning=False,
hub_always_push=False,
hub_model_id=None,
hub_private_repo=False,
hub_strategy=every_save,
hub_token=<HUB_TOKEN>,
icl_sfc=False,
ignore_data_skip=False,
include_inputs_for_metrics=False,
include_tokens_per_second=False,
jit_mode_eval=False,
label_names=None,
label_smoothing_factor=0.0,
learning_rate=1e-06,
length_column_name=length,
linear_probing=False,
load_best_model_at_end=False,
load_bfloat16=False,
load_float16=True,
load_int8=False,
local_rank=0,
log_level=passive,
log_level_replica=warning,
log_on_each_node=True,
logging_dir=/scratch/jy03364/MeZO_/experiments/h_sweep_8h/results/mezo_int8/opt-1.3b/sst5/h_3e-4/seed_42/runs/Apr18_12-20-12_ra7-1,
logging_first_step=False,
logging_nan_inf_filter=True,
logging_steps=10,
logging_strategy=steps,
lora=False,
lora_alpha=16,
lora_r=8,
lp_early_stopping=False,
lr_scheduler_type=constant,
max_grad_norm=1.0,
max_length=2048,
max_new_tokens=50,
max_steps=10000,
measure_perf_tail=True,
measure_perf_tail_window_steps=10,
metric_for_best_model=None,
model_name=opt-1.3b,
mp_parameters=,
neftune_noise_alpha=None,
no_auto_device=False,
no_cuda=False,
no_eval=False,
no_reparam=True,
non_diff=False,
num_beams=1,
num_dev=None,
num_eval=None,
num_k=16,
num_prefix=5,
num_train=0,
num_train_epochs=5.0,
num_train_sets=None,
only_train_option=True,
optim=adamw_torch,
optim_args=None,
output_dir=/scratch/jy03364/MeZO_/experiments/h_sweep_8h/results/mezo_int8/opt-1.3b/sst5/h_3e-4/seed_42,
overwrite_output_dir=True,
past_index=-1,
per_device_eval_batch_size=8,
per_device_train_batch_size=16,
prediction_loss_only=False,
prefix_init_by_real_act=True,
prefix_tuning=False,
push_to_hub=False,
push_to_hub_model_id=None,
push_to_hub_organization=None,
push_to_hub_token=<PUSH_TO_HUB_TOKEN>,
ray_scope=last,
remove_unused_columns=True,
report_to=[],
result_file=None,
resume_from_checkpoint=None,
run_name=/scratch/jy03364/MeZO_/experiments/h_sweep_8h/results/mezo_int8/opt-1.3b/sst5/h_3e-4/seed_42,
sampling=False,
save_model=False,
save_on_each_node=False,
save_on_interrupt=False,
save_safetensors=True,
save_steps=500,
save_strategy=no,
save_total_limit=None,
seed=42,
sfc=False,
skip_memory_metrics=True,
sparse_log_active_fraction=True,
sparse_mask_strategy=percentile_per_layer,
sparse_ratio=1.0,
sparse_scope=trainable_only,
split_batches=False,
tag=hsweep8h-mezo_int8-sst5-h3e-4-seed42,
task_name=SST5,
temperature=1.0,
tf32=None,
top_k=None,
top_p=0.95,
torch_compile=False,
torch_compile_backend=None,
torch_compile_mode=None,
torchdynamo=None,
tpu_metrics_debug=False,
tpu_num_cores=None,
train_as_classification=True,
train_set_seed=42,
trainer=zo,
untie_emb=False,
use_cpu=False,
use_ipex=False,
use_legacy_prediction_loop=False,
use_mps_device=False,
use_torchao_float8=False,
verbose=False,
warmup_ratio=0.0,
warmup_steps=0,
weight_decay=0.0,
zo_eps=0.0003,
zo_probe_every=200,
zo_probe_log_csv=True,
zo_probe_num_seeds=16,
zo_quantization=int8,
zo_quantization_bits=8,
)
{'loss': 2.6196, 'learning_rate': 1e-06, 'epoch': 1.04}
{'eval_loss': 2.181640625, 'eval_runtime': 2.6675, 'eval_samples_per_second': 320.153, 'eval_steps_per_second': 40.113, 'epoch': 1.04}
{'loss': 3.2122, 'learning_rate': 1e-06, 'epoch': 2.08}
{'eval_loss': 3.408203125, 'eval_runtime': 2.6271, 'eval_samples_per_second': 325.075, 'eval_steps_per_second': 40.73, 'epoch': 2.08}
{'loss': 4.3926, 'learning_rate': 1e-06, 'epoch': 3.12}
{'eval_loss': 5.86328125, 'eval_runtime': 2.6361, 'eval_samples_per_second': 323.958, 'eval_steps_per_second': 40.59, 'epoch': 3.12}
{'loss': 6.2875, 'learning_rate': 1e-06, 'epoch': 4.16}
{'eval_loss': 8.3828125, 'eval_runtime': 2.6162, 'eval_samples_per_second': 326.423, 'eval_steps_per_second': 40.898, 'epoch': 4.16}
{'loss': 8.5597, 'learning_rate': 1e-06, 'epoch': 5.2}
{'eval_loss': 7.63671875, 'eval_runtime': 2.6035, 'eval_samples_per_second': 328.016, 'eval_steps_per_second': 41.098, 'epoch': 5.2}
{'loss': 9.639, 'learning_rate': 1e-06, 'epoch': 6.24}
{'eval_loss': 8.4375, 'eval_runtime': 2.5989, 'eval_samples_per_second': 328.6, 'eval_steps_per_second': 41.171, 'epoch': 6.24}
{'loss': 9.4524, 'learning_rate': 1e-06, 'epoch': 7.28}
{'eval_loss': 9.203125, 'eval_runtime': 2.5997, 'eval_samples_per_second': 328.496, 'eval_steps_per_second': 41.158, 'epoch': 7.28}
{'loss': 13.9893, 'learning_rate': 1e-06, 'epoch': 8.32}
{'eval_loss': 17.09375, 'eval_runtime': 2.5903, 'eval_samples_per_second': 329.691, 'eval_steps_per_second': 41.308, 'epoch': 8.32}
{'loss': 22.7009, 'learning_rate': 1e-06, 'epoch': 9.36}
{'eval_loss': 17.921875, 'eval_runtime': 2.5956, 'eval_samples_per_second': 329.022, 'eval_steps_per_second': 41.224, 'epoch': 9.36}
{'loss': 19.1669, 'learning_rate': 1e-06, 'epoch': 10.4}
{'eval_loss': 20.15625, 'eval_runtime': 2.6026, 'eval_samples_per_second': 328.134, 'eval_steps_per_second': 41.113, 'epoch': 10.4}
{'loss': 24.5537, 'learning_rate': 1e-06, 'epoch': 11.43}
{'eval_loss': 23.375, 'eval_runtime': 2.5985, 'eval_samples_per_second': 328.646, 'eval_steps_per_second': 41.177, 'epoch': 11.43}
{'loss': 25.7336, 'learning_rate': 1e-06, 'epoch': 12.47}
{'eval_loss': 37.625, 'eval_runtime': 2.6009, 'eval_samples_per_second': 328.35, 'eval_steps_per_second': 41.14, 'epoch': 12.47}
{'loss': 29.1319, 'learning_rate': 1e-06, 'epoch': 13.51}
{'eval_loss': 25.140625, 'eval_runtime': 2.5911, 'eval_samples_per_second': 329.591, 'eval_steps_per_second': 41.295, 'epoch': 13.51}
{'loss': 27.3862, 'learning_rate': 1e-06, 'epoch': 14.55}
{'eval_loss': 33.4375, 'eval_runtime': 2.5871, 'eval_samples_per_second': 330.103, 'eval_steps_per_second': 41.359, 'epoch': 14.55}
{'loss': 31.9302, 'learning_rate': 1e-06, 'epoch': 15.59}
{'eval_loss': 1.609375, 'eval_runtime': 2.5871, 'eval_samples_per_second': 330.105, 'eval_steps_per_second': 41.36, 'epoch': 15.59}
{'loss': 1.6094, 'learning_rate': 1e-06, 'epoch': 16.63}
{'eval_loss': 1.609375, 'eval_runtime': 2.5952, 'eval_samples_per_second': 329.065, 'eval_steps_per_second': 41.229, 'epoch': 16.63}
{'loss': 1.6094, 'learning_rate': 1e-06, 'epoch': 17.67}
{'eval_loss': 1.609375, 'eval_runtime': 2.5904, 'eval_samples_per_second': 329.68, 'eval_steps_per_second': 41.306, 'epoch': 17.67}
{'loss': 1.6094, 'learning_rate': 1e-06, 'epoch': 18.71}
{'eval_loss': 1.609375, 'eval_runtime': 2.5983, 'eval_samples_per_second': 328.671, 'eval_steps_per_second': 41.18, 'epoch': 18.71}
{'loss': 1.6094, 'learning_rate': 1e-06, 'epoch': 19.75}
{'eval_loss': 1.609375, 'eval_runtime': 2.5969, 'eval_samples_per_second': 328.857, 'eval_steps_per_second': 41.203, 'epoch': 19.75}
{'loss': 1.6094, 'learning_rate': 1e-06, 'epoch': 20.79}
{'eval_loss': 1.609375, 'eval_runtime': 2.5962, 'eval_samples_per_second': 328.946, 'eval_steps_per_second': 41.215, 'epoch': 20.79}
{'train_runtime': 11896.101, 'train_samples_per_second': 13.45, 'train_steps_per_second': 0.841, 'train_loss': 12.34013291015625, 'tail_perf_window_steps': 10, 'tail_perf_measured_steps': 10, 'tail_perf_wallclock_per_step': 5.3205845832824705, 'tail_perf_samples_per_second': 3.0071883548797924, 'tail_perf_max_gpu_memory_gb': 6.509463310241699, 'epoch': 20.79}
[nan-guard] child exited with code 0.
