[nan-guard] command=python /scratch/jy03364/MeZO_/large_models/run.py --model_name opt-1.3b --task_name MNLI --output_dir /scratch/jy03364/MeZO_/experiments/h_sweep_14h/results/quzo16/opt-1.3b/mnli/h_3e-3/seed_42 --overwrite_output_dir --tag hsweep14h-quzo16-mnli-h3e-3-seed42 --dataset_mode full --num_k 16 --data_seed 42 --train_set_seed 42 --num_dev 0 --trainer zo --load_float16 --zo_quantization_bits 16 --train_as_classification --learning_rate 1e-6 --zo_eps 3e-3 --num_train_epochs 1 --per_device_train_batch_size 16 --gradient_accumulation_steps 1 --lr_scheduler_type constant --evaluation_strategy steps --save_strategy no --eval_steps 5000 --logging_steps 10 --zo_probe_every 200 --zo_probe_num_seeds 16 --zo_probe_log_csv
[nan-guard] cwd=/scratch/jy03364/MeZO_/experiments/h_sweep_14h max_consecutive_nan=100
OurArguments(
_n_gpu=1,
adafactor=False,
adam_beta1=0.9,
adam_beta2=0.999,
adam_epsilon=1e-08,
auto_find_batch_size=False,
bf16=False,
bf16_full_eval=False,
data_seed=42,
dataloader_drop_last=False,
dataloader_num_workers=0,
dataloader_pin_memory=True,
dataset_mode=full,
ddp_backend=None,
ddp_broadcast_buffers=None,
ddp_bucket_cap_mb=None,
ddp_find_unused_parameters=None,
ddp_timeout=1800,
debug=[],
deepspeed=None,
disable_tqdm=False,
dispatch_batches=None,
do_eval=True,
do_predict=False,
do_train=False,
eos_token=<EOS_TOKEN>,
eval_accumulation_steps=None,
eval_delay=0,
eval_steps=5000,
evaluation_strategy=steps,
fp16=False,
fp16_backend=auto,
fp16_full_eval=False,
fp16_opt_level=O1,
fsdp=[],
fsdp_config={'min_num_params': 0, 'xla': False, 'xla_fsdp_grad_ckpt': False},
fsdp_min_num_params=0,
fsdp_transformer_layer_cls_to_wrap=None,
full_determinism=False,
full_dev_ratio=0.1,
gradient_accumulation_steps=1,
gradient_checkpointing=False,
gradient_checkpointing_kwargs=None,
greater_is_better=None,
group_by_length=False,
half_precision_backend=auto,
head_tuning=False,
hub_always_push=False,
hub_model_id=None,
hub_private_repo=False,
hub_strategy=every_save,
hub_token=<HUB_TOKEN>,
icl_sfc=False,
ignore_data_skip=False,
include_inputs_for_metrics=False,
include_tokens_per_second=False,
jit_mode_eval=False,
label_names=None,
label_smoothing_factor=0.0,
learning_rate=1e-06,
length_column_name=length,
linear_probing=False,
load_best_model_at_end=False,
load_bfloat16=False,
load_float16=True,
load_int8=False,
local_rank=0,
log_level=passive,
log_level_replica=warning,
log_on_each_node=True,
logging_dir=/scratch/jy03364/MeZO_/experiments/h_sweep_14h/results/quzo16/opt-1.3b/mnli/h_3e-3/seed_42/runs/Apr18_15-00-09_ra5-4,
logging_first_step=False,
logging_nan_inf_filter=True,
logging_steps=10,
logging_strategy=steps,
lora=False,
lora_alpha=16,
lora_r=8,
lp_early_stopping=False,
lr_scheduler_type=constant,
max_grad_norm=1.0,
max_length=2048,
max_new_tokens=50,
max_steps=-1,
measure_perf_tail=True,
measure_perf_tail_window_steps=10,
metric_for_best_model=None,
model_name=opt-1.3b,
mp_parameters=,
neftune_noise_alpha=None,
no_auto_device=False,
no_cuda=False,
no_eval=False,
no_reparam=True,
non_diff=False,
num_beams=1,
num_dev=0,
num_eval=None,
num_k=16,
num_prefix=5,
num_train=0,
num_train_epochs=1.0,
num_train_sets=None,
only_train_option=True,
optim=adamw_torch,
optim_args=None,
output_dir=/scratch/jy03364/MeZO_/experiments/h_sweep_14h/results/quzo16/opt-1.3b/mnli/h_3e-3/seed_42,
overwrite_output_dir=True,
past_index=-1,
per_device_eval_batch_size=8,
per_device_train_batch_size=16,
prediction_loss_only=False,
prefix_init_by_real_act=True,
prefix_tuning=False,
push_to_hub=False,
push_to_hub_model_id=None,
push_to_hub_organization=None,
push_to_hub_token=<PUSH_TO_HUB_TOKEN>,
ray_scope=last,
remove_unused_columns=True,
report_to=[],
result_file=None,
resume_from_checkpoint=None,
run_name=/scratch/jy03364/MeZO_/experiments/h_sweep_14h/results/quzo16/opt-1.3b/mnli/h_3e-3/seed_42,
sampling=False,
save_model=False,
save_on_each_node=False,
save_on_interrupt=False,
save_safetensors=True,
save_steps=500,
save_strategy=no,
save_total_limit=None,
seed=42,
sfc=False,
skip_memory_metrics=True,
sparse_log_active_fraction=True,
sparse_mask_strategy=percentile_per_layer,
sparse_ratio=1.0,
sparse_scope=trainable_only,
split_batches=False,
tag=hsweep14h-quzo16-mnli-h3e-3-seed42,
task_name=MNLI,
temperature=1.0,
tf32=None,
top_k=None,
top_p=0.95,
torch_compile=False,
torch_compile_backend=None,
torch_compile_mode=None,
torchdynamo=None,
tpu_metrics_debug=False,
tpu_num_cores=None,
train_as_classification=True,
train_set_seed=42,
trainer=zo,
untie_emb=False,
use_cpu=False,
use_ipex=False,
use_legacy_prediction_loop=False,
use_mps_device=False,
use_torchao_float8=False,
verbose=False,
warmup_ratio=0.0,
warmup_steps=0,
weight_decay=0.0,
zo_eps=0.003,
zo_probe_every=200,
zo_probe_log_csv=True,
zo_probe_num_seeds=16,
zo_quantization=None,
zo_quantization_bits=16,
)
{'loss': 1.2044, 'learning_rate': 1e-06, 'epoch': 0.02}
{'eval_loss': 1.173828125, 'eval_runtime': 36.6247, 'eval_samples_per_second': 267.988, 'eval_steps_per_second': 33.502, 'epoch': 0.02}
{'loss': 1.1615, 'learning_rate': 1e-06, 'epoch': 0.04}
{'eval_loss': 1.1748046875, 'eval_runtime': 36.4236, 'eval_samples_per_second': 269.468, 'eval_steps_per_second': 33.687, 'epoch': 0.04}
{'loss': 1.1507, 'learning_rate': 1e-06, 'epoch': 0.06}
{'eval_loss': 1.1484375, 'eval_runtime': 36.3954, 'eval_samples_per_second': 269.677, 'eval_steps_per_second': 33.713, 'epoch': 0.06}
{'loss': 1.1518, 'learning_rate': 1e-06, 'epoch': 0.08}
{'eval_loss': 1.14453125, 'eval_runtime': 36.3405, 'eval_samples_per_second': 270.084, 'eval_steps_per_second': 33.764, 'epoch': 0.08}
{'loss': 1.1504, 'learning_rate': 1e-06, 'epoch': 0.1}
{'eval_loss': 1.1669921875, 'eval_runtime': 36.441, 'eval_samples_per_second': 269.34, 'eval_steps_per_second': 33.671, 'epoch': 0.1}
{'loss': 1.1487, 'learning_rate': 1e-06, 'epoch': 0.12}
{'eval_loss': 1.1591796875, 'eval_runtime': 36.3253, 'eval_samples_per_second': 270.198, 'eval_steps_per_second': 33.778, 'epoch': 0.12}
{'loss': 1.1529, 'learning_rate': 1e-06, 'epoch': 0.14}
{'eval_loss': 1.1884765625, 'eval_runtime': 36.3198, 'eval_samples_per_second': 270.238, 'eval_steps_per_second': 33.783, 'epoch': 0.14}
{'loss': 1.1462, 'learning_rate': 1e-06, 'epoch': 0.16}
{'eval_loss': 1.19140625, 'eval_runtime': 36.3939, 'eval_samples_per_second': 269.688, 'eval_steps_per_second': 33.714, 'epoch': 0.16}
{'loss': 1.1516, 'learning_rate': 1e-06, 'epoch': 0.18}
{'eval_loss': 1.2373046875, 'eval_runtime': 36.3707, 'eval_samples_per_second': 269.86, 'eval_steps_per_second': 33.736, 'epoch': 0.18}
{'loss': 1.1489, 'learning_rate': 1e-06, 'epoch': 0.2}
{'eval_loss': 1.2021484375, 'eval_runtime': 36.3396, 'eval_samples_per_second': 270.091, 'eval_steps_per_second': 33.765, 'epoch': 0.2}
{'loss': 1.1416, 'learning_rate': 1e-06, 'epoch': 0.22}
{'eval_loss': 1.236328125, 'eval_runtime': 36.3923, 'eval_samples_per_second': 269.7, 'eval_steps_per_second': 33.716, 'epoch': 0.22}
{'loss': 1.1458, 'learning_rate': 1e-06, 'epoch': 0.24}
{'eval_loss': 1.20703125, 'eval_runtime': 36.4494, 'eval_samples_per_second': 269.278, 'eval_steps_per_second': 33.663, 'epoch': 0.24}
{'loss': 1.1517, 'learning_rate': 1e-06, 'epoch': 0.26}
{'eval_loss': 1.1591796875, 'eval_runtime': 36.5201, 'eval_samples_per_second': 268.756, 'eval_steps_per_second': 33.598, 'epoch': 0.26}
{'loss': 1.1488, 'learning_rate': 1e-06, 'epoch': 0.29}
{'eval_loss': 1.1357421875, 'eval_runtime': 36.3157, 'eval_samples_per_second': 270.269, 'eval_steps_per_second': 33.787, 'epoch': 0.29}
{'loss': 1.1439, 'learning_rate': 1e-06, 'epoch': 0.31}
{'eval_loss': 1.1279296875, 'eval_runtime': 36.4011, 'eval_samples_per_second': 269.635, 'eval_steps_per_second': 33.708, 'epoch': 0.31}
{'loss': 1.1433, 'learning_rate': 1e-06, 'epoch': 0.33}
{'eval_loss': 1.1171875, 'eval_runtime': 36.5672, 'eval_samples_per_second': 268.41, 'eval_steps_per_second': 33.555, 'epoch': 0.33}
{'loss': 1.1451, 'learning_rate': 1e-06, 'epoch': 0.35}
{'eval_loss': 1.115234375, 'eval_runtime': 36.4595, 'eval_samples_per_second': 269.203, 'eval_steps_per_second': 33.654, 'epoch': 0.35}
{'loss': 1.1519, 'learning_rate': 1e-06, 'epoch': 0.37}
{'eval_loss': 1.13671875, 'eval_runtime': 36.3758, 'eval_samples_per_second': 269.822, 'eval_steps_per_second': 33.731, 'epoch': 0.37}
{'loss': 1.1548, 'learning_rate': 1e-06, 'epoch': 0.39}
{'eval_loss': 1.1181640625, 'eval_runtime': 36.401, 'eval_samples_per_second': 269.635, 'eval_steps_per_second': 33.708, 'epoch': 0.39}
{'loss': 1.1447, 'learning_rate': 1e-06, 'epoch': 0.41}
{'eval_loss': 1.1181640625, 'eval_runtime': 36.4598, 'eval_samples_per_second': 269.201, 'eval_steps_per_second': 33.654, 'epoch': 0.41}
{'loss': 1.1425, 'learning_rate': 1e-06, 'epoch': 0.43}
{'eval_loss': 1.1318359375, 'eval_runtime': 36.3669, 'eval_samples_per_second': 269.889, 'eval_steps_per_second': 33.74, 'epoch': 0.43}
{'loss': 1.1393, 'learning_rate': 1e-06, 'epoch': 0.45}
{'eval_loss': 1.107421875, 'eval_runtime': 36.4948, 'eval_samples_per_second': 268.942, 'eval_steps_per_second': 33.621, 'epoch': 0.45}
{'loss': 1.1403, 'learning_rate': 1e-06, 'epoch': 0.47}
{'eval_loss': 1.1044921875, 'eval_runtime': 36.4014, 'eval_samples_per_second': 269.633, 'eval_steps_per_second': 33.708, 'epoch': 0.47}
{'loss': 1.1408, 'learning_rate': 1e-06, 'epoch': 0.49}
{'eval_loss': 1.109375, 'eval_runtime': 36.5172, 'eval_samples_per_second': 268.778, 'eval_steps_per_second': 33.601, 'epoch': 0.49}
{'loss': 1.141, 'learning_rate': 1e-06, 'epoch': 0.51}
{'eval_loss': 1.109375, 'eval_runtime': 36.5177, 'eval_samples_per_second': 268.774, 'eval_steps_per_second': 33.6, 'epoch': 0.51}
{'loss': 1.1404, 'learning_rate': 1e-06, 'epoch': 0.53}
{'eval_loss': 1.1123046875, 'eval_runtime': 36.396, 'eval_samples_per_second': 269.673, 'eval_steps_per_second': 33.713, 'epoch': 0.53}
{'loss': 1.1409, 'learning_rate': 1e-06, 'epoch': 0.55}
{'eval_loss': 1.111328125, 'eval_runtime': 36.4514, 'eval_samples_per_second': 269.263, 'eval_steps_per_second': 33.661, 'epoch': 0.55}
{'loss': 1.1445, 'learning_rate': 1e-06, 'epoch': 0.57}
{'eval_loss': 1.1083984375, 'eval_runtime': 36.4562, 'eval_samples_per_second': 269.227, 'eval_steps_per_second': 33.657, 'epoch': 0.57}
{'loss': 1.1431, 'learning_rate': 1e-06, 'epoch': 0.59}
{'eval_loss': 1.1083984375, 'eval_runtime': 36.4237, 'eval_samples_per_second': 269.468, 'eval_steps_per_second': 33.687, 'epoch': 0.59}
{'loss': 1.1442, 'learning_rate': 1e-06, 'epoch': 0.61}
{'eval_loss': 1.109375, 'eval_runtime': 36.629, 'eval_samples_per_second': 267.957, 'eval_steps_per_second': 33.498, 'epoch': 0.61}
{'loss': 1.1511, 'learning_rate': 1e-06, 'epoch': 0.63}
{'eval_loss': 1.1103515625, 'eval_runtime': 36.504, 'eval_samples_per_second': 268.874, 'eval_steps_per_second': 33.613, 'epoch': 0.63}
{'loss': 1.1459, 'learning_rate': 1e-06, 'epoch': 0.65}
{'eval_loss': 1.1123046875, 'eval_runtime': 36.568, 'eval_samples_per_second': 268.404, 'eval_steps_per_second': 33.554, 'epoch': 0.65}
{'loss': 1.1349, 'learning_rate': 1e-06, 'epoch': 0.67}
{'eval_loss': 1.103515625, 'eval_runtime': 36.4398, 'eval_samples_per_second': 269.349, 'eval_steps_per_second': 33.672, 'epoch': 0.67}
{'loss': 1.1446, 'learning_rate': 1e-06, 'epoch': 0.69}
{'eval_loss': 1.10546875, 'eval_runtime': 36.4847, 'eval_samples_per_second': 269.017, 'eval_steps_per_second': 33.631, 'epoch': 0.69}
{'loss': 1.1437, 'learning_rate': 1e-06, 'epoch': 0.71}
{'eval_loss': 1.1064453125, 'eval_runtime': 36.4368, 'eval_samples_per_second': 269.371, 'eval_steps_per_second': 33.675, 'epoch': 0.71}
{'loss': 1.1373, 'learning_rate': 1e-06, 'epoch': 0.73}
{'eval_loss': 1.1083984375, 'eval_runtime': 36.6278, 'eval_samples_per_second': 267.966, 'eval_steps_per_second': 33.499, 'epoch': 0.73}
{'loss': 1.1382, 'learning_rate': 1e-06, 'epoch': 0.75}
{'eval_loss': 1.11328125, 'eval_runtime': 36.5839, 'eval_samples_per_second': 268.287, 'eval_steps_per_second': 33.539, 'epoch': 0.75}
{'loss': 1.1407, 'learning_rate': 1e-06, 'epoch': 0.77}
{'eval_loss': 1.1025390625, 'eval_runtime': 36.4073, 'eval_samples_per_second': 269.589, 'eval_steps_per_second': 33.702, 'epoch': 0.77}
{'loss': 1.1388, 'learning_rate': 1e-06, 'epoch': 0.79}
{'eval_loss': 1.1015625, 'eval_runtime': 36.2184, 'eval_samples_per_second': 270.995, 'eval_steps_per_second': 33.878, 'epoch': 0.79}
{'loss': 1.1393, 'learning_rate': 1e-06, 'epoch': 0.81}
{'eval_loss': 1.0947265625, 'eval_runtime': 36.0283, 'eval_samples_per_second': 272.424, 'eval_steps_per_second': 34.057, 'epoch': 0.81}
{'loss': 1.1336, 'learning_rate': 1e-06, 'epoch': 0.84}
{'eval_loss': 1.0966796875, 'eval_runtime': 36.0363, 'eval_samples_per_second': 272.364, 'eval_steps_per_second': 34.049, 'epoch': 0.84}
{'loss': 1.1332, 'learning_rate': 1e-06, 'epoch': 0.86}
{'eval_loss': 1.09765625, 'eval_runtime': 35.9357, 'eval_samples_per_second': 273.127, 'eval_steps_per_second': 34.144, 'epoch': 0.86}
{'loss': 1.1266, 'learning_rate': 1e-06, 'epoch': 0.88}
{'eval_loss': 1.1005859375, 'eval_runtime': 36.0053, 'eval_samples_per_second': 272.599, 'eval_steps_per_second': 34.078, 'epoch': 0.88}
{'loss': 1.132, 'learning_rate': 1e-06, 'epoch': 0.9}
{'eval_loss': 1.099609375, 'eval_runtime': 35.987, 'eval_samples_per_second': 272.737, 'eval_steps_per_second': 34.096, 'epoch': 0.9}
{'loss': 1.1306, 'learning_rate': 1e-06, 'epoch': 0.92}
{'eval_loss': 1.1044921875, 'eval_runtime': 35.9039, 'eval_samples_per_second': 273.368, 'eval_steps_per_second': 34.175, 'epoch': 0.92}
{'loss': 1.1322, 'learning_rate': 1e-06, 'epoch': 0.94}
{'eval_loss': 1.1044921875, 'eval_runtime': 36.0344, 'eval_samples_per_second': 272.378, 'eval_steps_per_second': 34.051, 'epoch': 0.94}
{'loss': 1.144, 'learning_rate': 1e-06, 'epoch': 0.96}
{'eval_loss': 1.1005859375, 'eval_runtime': 36.1296, 'eval_samples_per_second': 271.661, 'eval_steps_per_second': 33.961, 'epoch': 0.96}
{'loss': 1.1334, 'learning_rate': 1e-06, 'epoch': 0.98}
{'eval_loss': 1.10546875, 'eval_runtime': 36.1559, 'eval_samples_per_second': 271.463, 'eval_steps_per_second': 33.936, 'epoch': 0.98}
{'loss': 1.1334, 'learning_rate': 1e-06, 'epoch': 1.0}
{'eval_loss': 1.1005859375, 'eval_runtime': 36.171, 'eval_samples_per_second': 271.35, 'eval_steps_per_second': 33.922, 'epoch': 1.0}
{'train_runtime': 17770.8806, 'train_samples_per_second': 22.098, 'train_steps_per_second': 1.381, 'train_loss': 1.1442668372680187, 'tail_perf_window_steps': 10, 'tail_perf_measured_steps': 10, 'tail_perf_wallclock_per_step': 0.14763233661651612, 'tail_perf_samples_per_second': 108.37734040314598, 'tail_perf_max_gpu_memory_gb': 6.602973937988281, 'epoch': 1.0}
[nan-guard] child exited with code 0.
