[2026-05-21T09:19:09] starting int4_g128_rtnclip_k1_h1p5e-3_seed16_bs64_ckpt1k
[2026-05-21T09:19:12] step=1/20000 loss=1.76562 d_h=59.8958 eval_acc=None active=0.18069697082535352
[2026-05-21T09:21:33] step=100/20000 loss=1.58057 d_h=-6.83594 eval_acc=None active=0.18069697082535352
[2026-05-21T09:23:57] step=200/20000 loss=1.5542 d_h=24.4141 eval_acc=None active=0.18068961349015783
[2026-05-21T09:26:20] step=300/20000 loss=1.67334 d_h=-7.48698 eval_acc=None active=0.1806742378970711
[2026-05-21T09:28:43] step=400/20000 loss=1.5708 d_h=-6.1849 eval_acc=None active=0.18068353862623476
[2026-05-21T09:31:06] step=500/20000 loss=1.60156 d_h=4.55729 eval_acc=None active=0.18063891087589637
[2026-05-21T09:33:30] step=600/20000 loss=1.57666 d_h=3.58073 eval_acc=None active=0.18065541425622067
[2026-05-21T09:35:53] step=700/20000 loss=1.51514 d_h=2.92969 eval_acc=None active=0.18065019999802004
[2026-05-21T09:38:16] step=800/20000 loss=1.64453 d_h=-3.25521 eval_acc=None active=0.18061269615060624
[2026-05-21T09:40:39] step=900/20000 loss=1.62939 d_h=17.9036 eval_acc=None active=0.18065482083201337
[2026-05-21T09:43:09] step=1000/20000 loss=1.68506 d_h=27.6693 eval_acc=0.25995316159250587 active=0.18061040120201308
[2026-05-21T09:45:32] step=1100/20000 loss=1.67139 d_h=-44.5964 eval_acc=None active=0.1806132417633845
[2026-05-21T09:47:55] step=1200/20000 loss=1.64307 d_h=-4.23177 eval_acc=None active=0.18057667164505514
[2026-05-21T09:50:18] step=1300/20000 loss=1.69141 d_h=-2.60417 eval_acc=None active=0.18060952934654265
[2026-05-21T09:52:42] step=1400/20000 loss=1.55469 d_h=-25.3906 eval_acc=None active=0.18060397478346485
[2026-05-21T09:55:05] step=1500/20000 loss=1.60596 d_h=-6.1849 eval_acc=None active=0.1806074509555986
[2026-05-21T09:57:28] step=1600/20000 loss=1.50732 d_h=4.88281 eval_acc=None active=0.18059957894443165
[2026-05-21T09:59:51] step=1700/20000 loss=1.6084 d_h=12.3698 eval_acc=None active=0.18060132828024653
[2026-05-21T10:02:15] step=1800/20000 loss=1.63379 d_h=-21.4844 eval_acc=None active=0.18057386483292776
[2026-05-21T10:04:38] step=1900/20000 loss=1.6333 d_h=-30.2734 eval_acc=None active=0.18058729421960948
[2026-05-21T10:07:08] step=2000/20000 loss=1.62891 d_h=-15.625 eval_acc=0.2646370023419204 active=0.18055917547446937
[2026-05-21T10:09:31] step=2100/20000 loss=1.61816 d_h=14.3229 eval_acc=None active=0.1805520796959148
[2026-05-21T10:11:55] step=2200/20000 loss=1.60889 d_h=4.23177 eval_acc=None active=0.18056564407957262
[2026-05-21T10:14:18] step=2300/20000 loss=1.59814 d_h=-2.27865 eval_acc=None active=0.1805599995185108
[2026-05-21T10:16:41] step=2400/20000 loss=1.55859 d_h=20.1823 eval_acc=None active=0.18054085807227918
[2026-05-21T10:19:05] step=2500/20000 loss=1.56055 d_h=-9.11458 eval_acc=None active=0.18052776899047462
[2026-05-21T10:21:28] step=2600/20000 loss=1.6167 d_h=0.325521 eval_acc=None active=0.18051357180849148
[2026-05-21T10:23:51] step=2700/20000 loss=1.54883 d_h=1.30208 eval_acc=None active=0.18052463874809205
[2026-05-21T10:26:14] step=2800/20000 loss=1.68262 d_h=26.6927 eval_acc=None active=0.18054361707297756
[2026-05-21T10:28:38] step=2900/20000 loss=1.60156 d_h=-20.8333 eval_acc=None active=0.18053902717579126
[2026-05-21T10:31:03] step=3000/20000 loss=1.68311 d_h=-8.13802 eval_acc=0.24355971896955503 active=0.1805134030622714
[2026-05-21T10:33:26] step=3100/20000 loss=1.52246 d_h=-16.276 eval_acc=None active=0.18052465562271405
[2026-05-21T10:35:50] step=3200/20000 loss=1.59424 d_h=-7.48698 eval_acc=None active=0.18049695593068715
[2026-05-21T10:38:13] step=3300/20000 loss=1.6377 d_h=14.3229 eval_acc=None active=0.18050894253718716
[2026-05-21T10:40:36] step=3400/20000 loss=1.58252 d_h=1.6276 eval_acc=None active=0.18050970752005155
[2026-05-21T10:42:59] step=3500/20000 loss=1.6748 d_h=-14.974 eval_acc=None active=0.1804960475135357
[2026-05-21T10:45:23] step=3600/20000 loss=1.69629 d_h=27.9948 eval_acc=None active=0.18047469267938399
[2026-05-21T10:47:46] step=3700/20000 loss=1.60254 d_h=-24.0885 eval_acc=None active=0.18049436005133485
[2026-05-21T10:50:09] step=3800/20000 loss=1.6377 d_h=20.1823 eval_acc=None active=0.1804641516655027
[2026-05-21T10:52:32] step=3900/20000 loss=1.55078 d_h=-5.85938 eval_acc=None active=0.18049369912863952
[2026-05-21T10:55:02] step=4000/20000 loss=1.5791 d_h=1.95312 eval_acc=0.30210772833723654 active=0.18048335217291134
[2026-05-21T10:57:26] step=4100/20000 loss=1.56934 d_h=18.8802 eval_acc=None active=0.1804936766291435
[2026-05-21T10:59:49] step=4200/20000 loss=1.58984 d_h=8.46354 eval_acc=None active=0.1804858889910866
[2026-05-21T11:02:13] step=4300/20000 loss=1.57031 d_h=-14.974 eval_acc=None active=0.1804539762684316
[2026-05-21T11:04:36] step=4400/20000 loss=1.53174 d_h=-16.6016 eval_acc=None active=0.18044337900581026
[2026-05-21T11:06:59] step=4500/20000 loss=1.62891 d_h=-7.8125 eval_acc=None active=0.18043430327160673
[2026-05-21T11:09:22] step=4600/20000 loss=1.50244 d_h=30.9245 eval_acc=None active=0.18047340177080035
[2026-05-21T11:11:46] step=4700/20000 loss=1.54639 d_h=-11.3932 eval_acc=None active=0.1804505647823489
[2026-05-21T11:14:09] step=4800/20000 loss=1.56055 d_h=11.7188 eval_acc=None active=0.18045806555183164
[2026-05-21T11:16:33] step=4900/20000 loss=1.5127 d_h=27.9948 eval_acc=None active=0.18043095084670102
[2026-05-21T11:19:03] step=5000/20000 loss=1.62549 d_h=2.92969 eval_acc=0.33021077283372363 active=0.18045211162269964
[2026-05-21T11:21:27] step=5100/20000 loss=1.55664 d_h=6.51042 eval_acc=None active=0.18041974047281342
[2026-05-21T11:23:50] step=5200/20000 loss=1.56885 d_h=-2.92969 eval_acc=None active=0.18043421327362266
[2026-05-21T11:26:14] step=5300/20000 loss=1.6084 d_h=-2.60417 eval_acc=None active=0.18041430121965268
[2026-05-21T11:28:37] step=5400/20000 loss=1.49854 d_h=-28.9714 eval_acc=None active=0.18040169306457535
[2026-05-21T11:31:00] step=5500/20000 loss=1.57324 d_h=-0.651042 eval_acc=None active=0.18039369168130634
[2026-05-21T11:33:24] step=5600/20000 loss=1.57959 d_h=5.53385 eval_acc=None active=0.1803862471605636
[2026-05-21T11:35:47] step=5700/20000 loss=1.59717 d_h=-17.9036 eval_acc=None active=0.18041817675784064
[2026-05-21T11:38:11] step=5800/20000 loss=1.54346 d_h=12.6953 eval_acc=None active=0.18037646831710968
[2026-05-21T11:40:34] step=5900/20000 loss=1.5752 d_h=5.20833 eval_acc=None active=0.18040893508985398
[2026-05-21T11:43:00] step=6000/20000 loss=1.64648 d_h=0.651042 eval_acc=0.26229508196721313 active=0.18038821586646459
[2026-05-21T11:45:24] step=6100/20000 loss=1.57422 d_h=3.90625 eval_acc=None active=0.18035470286715577
[2026-05-21T11:47:47] step=6200/20000 loss=1.56445 d_h=-9.76562 eval_acc=None active=0.18039094111791895
[2026-05-21T11:50:11] step=6300/20000 loss=1.64893 d_h=-14.6484 eval_acc=None active=0.1803553862893471
[2026-05-21T11:52:34] step=6400/20000 loss=1.63818 d_h=-12.6953 eval_acc=None active=0.18036771601316132
[2026-05-21T11:54:58] step=6500/20000 loss=1.62842 d_h=12.6953 eval_acc=None active=0.18038517843450308
[2026-05-21T11:57:21] step=6600/20000 loss=1.5459 d_h=22.1354 eval_acc=None active=0.18035704281474094
[2026-05-21T11:59:44] step=6700/20000 loss=1.61719 d_h=9.11458 eval_acc=None active=0.18037289933455491
[2026-05-21T12:02:07] step=6800/20000 loss=1.54443 d_h=18.5547 eval_acc=None active=0.1803510045124989
[2026-05-21T12:04:31] step=6900/20000 loss=1.60352 d_h=13.6719 eval_acc=None active=0.1803306340312977
[2026-05-21T12:06:57] step=7000/20000 loss=1.60205 d_h=-32.2266 eval_acc=0.3255269320843091 active=0.18037780141224838
[2026-05-21T12:09:21] step=7100/20000 loss=1.56299 d_h=-0.325521 eval_acc=None active=0.18033207681147942
[2026-05-21T12:11:44] step=7200/20000 loss=1.55859 d_h=-10.4167 eval_acc=None active=0.18034731740759008
[2026-05-21T12:14:07] step=7300/20000 loss=1.62988 d_h=3.90625 eval_acc=None active=0.18032747285210812
[2026-05-21T12:16:31] step=7400/20000 loss=1.57568 d_h=2.92969 eval_acc=None active=0.18033515924243296
[2026-05-21T12:18:55] step=7500/20000 loss=1.54102 d_h=6.51042 eval_acc=None active=0.18033905728011693
[2026-05-21T12:21:18] step=7600/20000 loss=1.57422 d_h=-2.60417 eval_acc=None active=0.1803242413619935
[2026-05-21T12:23:41] step=7700/20000 loss=1.58496 d_h=9.76562 eval_acc=None active=0.18031434720862252
[2026-05-21T12:26:05] step=7800/20000 loss=1.49463 d_h=-9.4401 eval_acc=None active=0.18032013239153444
[2026-05-21T12:28:28] step=7900/20000 loss=1.60498 d_h=-10.0911 eval_acc=None active=0.1803136665988682
[2026-05-21T12:30:54] step=8000/20000 loss=1.63428 d_h=-0.325521 eval_acc=0.2728337236533958 active=0.18033260554963568
[2026-05-21T12:33:18] step=8100/20000 loss=1.54053 d_h=-1.6276 eval_acc=None active=0.18030421118566944
[2026-05-21T12:35:41] step=8200/20000 loss=1.60889 d_h=8.13802 eval_acc=None active=0.18031359910038014
[2026-05-21T12:38:05] step=8300/20000 loss=1.5874 d_h=8.13802 eval_acc=None active=0.18027845770004752
[2026-05-21T12:40:28] step=8400/20000 loss=1.59375 d_h=-10.4167 eval_acc=None active=0.18029972253621518
[2026-05-21T12:42:52] step=8500/20000 loss=1.67822 d_h=-8.78906 eval_acc=None active=0.18028069077502665
[2026-05-21T12:45:15] step=8600/20000 loss=1.61035 d_h=9.11458 eval_acc=None active=0.1803111016563229
[2026-05-21T12:47:38] step=8700/20000 loss=1.58105 d_h=-14.974 eval_acc=None active=0.18031145321094807
[2026-05-21T12:50:02] step=8800/20000 loss=1.51025 d_h=3.58073 eval_acc=None active=0.1802760165047303
[2026-05-21T12:52:25] step=8900/20000 loss=1.66113 d_h=2.60417 eval_acc=None active=0.18030279934229473
[2026-05-21T12:54:51] step=9000/20000 loss=1.48633 d_h=-8.46354 eval_acc=0.2611241217798595 active=0.18027153066771304
[2026-05-21T12:57:15] step=9100/20000 loss=1.55127 d_h=-13.9974 eval_acc=None active=0.18029625198895544
[2026-05-21T12:59:38] step=9200/20000 loss=1.6543 d_h=5.85938 eval_acc=None active=0.18027592931918324
[2026-05-21T13:02:01] step=9300/20000 loss=1.62842 d_h=10.7422 eval_acc=None active=0.18026259555535956
[2026-05-21T13:04:25] step=9400/20000 loss=1.54834 d_h=-14.6484 eval_acc=None active=0.1802619205704792
[2026-05-21T13:06:48] step=9500/20000 loss=1.59766 d_h=-18.2292 eval_acc=None active=0.18029229489009446
[2026-05-21T13:09:12] step=9600/20000 loss=1.62793 d_h=32.5521 eval_acc=None active=0.18027827489164241
[2026-05-21T13:11:35] step=9700/20000 loss=1.62646 d_h=4.88281 eval_acc=None active=0.18028113795250986
[2026-05-21T13:13:59] step=9800/20000 loss=1.61035 d_h=-17.5781 eval_acc=None active=0.18027645524490252
[2026-05-21T13:16:22] step=9900/20000 loss=1.58594 d_h=9.76562 eval_acc=None active=0.18025218953845434
[2026-05-21T13:18:48] step=10000/20000 loss=1.58301 d_h=3.25521 eval_acc=0.2646370023419204 active=0.1802604918524825
[2026-05-21T13:21:12] step=10100/20000 loss=1.53613 d_h=-10.4167 eval_acc=None active=0.18023270497490856
[2026-05-21T13:23:35] step=10200/20000 loss=1.59961 d_h=0.651042 eval_acc=None active=0.1802268157318276
[2026-05-21T13:25:59] step=10300/20000 loss=1.55615 d_h=-6.83594 eval_acc=None active=0.18024288880929068
[2026-05-21T13:28:22] step=10400/20000 loss=1.64209 d_h=-28.9714 eval_acc=None active=0.18021617628265127
[2026-05-21T13:30:46] step=10500/20000 loss=1.62012 d_h=-13.0208 eval_acc=None active=0.18023506742198975
[2026-05-21T13:33:10] step=10600/20000 loss=1.5127 d_h=-0.651042 eval_acc=None active=0.18022352799297295
[2026-05-21T13:35:33] step=10700/20000 loss=1.60303 d_h=10.0911 eval_acc=None active=0.18023753955411398
[2026-05-21T13:37:56] step=10800/20000 loss=1.55469 d_h=11.7188 eval_acc=None active=0.18022909099336176
[2026-05-21T13:40:20] step=10900/20000 loss=1.61475 d_h=-38.0859 eval_acc=None active=0.1802182377989733
[2026-05-21T13:42:46] step=11000/20000 loss=1.5332 d_h=-3.25521 eval_acc=0.25995316159250587 active=0.18023073908144457
[2026-05-21T13:45:10] step=11100/20000 loss=1.5752 d_h=-1.95312 eval_acc=None active=0.18018420449881922
[2026-05-21T13:47:33] step=11200/20000 loss=1.61865 d_h=9.4401 eval_acc=None active=0.18020573932893902
[2026-05-21T13:49:57] step=11300/20000 loss=1.65771 d_h=-6.83594 eval_acc=None active=0.18017469564931746
[2026-05-21T13:52:21] step=11400/20000 loss=1.59131 d_h=7.48698 eval_acc=None active=0.1801851410403407
[2026-05-21T13:54:45] step=11500/20000 loss=1.60986 d_h=-0.976562 eval_acc=None active=0.18018741348943784
[2026-05-21T13:57:08] step=11600/20000 loss=1.54639 d_h=15.2995 eval_acc=None active=0.18018880283331654
[2026-05-21T13:59:32] step=11700/20000 loss=1.55908 d_h=-5.53385 eval_acc=None active=0.18018369826015898
[2026-05-21T14:01:56] step=11800/20000 loss=1.58789 d_h=3.25521 eval_acc=None active=0.180167830490597
[2026-05-21T14:04:19] step=11900/20000 loss=1.52148 d_h=4.55729 eval_acc=None active=0.18018163393139994
[2026-05-21T14:06:46] step=12000/20000 loss=1.5 d_h=-7.8125 eval_acc=0.25995316159250587 active=0.18017396160326007
[2026-05-21T14:09:10] step=12100/20000 loss=1.62109 d_h=33.8542 eval_acc=None active=0.18015478640778446
[2026-05-21T14:11:34] step=12200/20000 loss=1.57959 d_h=27.0182 eval_acc=None active=0.18017306162341964
[2026-05-21T14:13:58] step=12300/20000 loss=1.56592 d_h=13.9974 eval_acc=None active=0.18017590218479107
[2026-05-21T14:16:21] step=12400/20000 loss=1.57275 d_h=2.92969 eval_acc=None active=0.18016659020587938
[2026-05-21T14:18:44] step=12500/20000 loss=1.62549 d_h=-2.27865 eval_acc=None active=0.18017008606507215
[2026-05-21T14:21:08] step=12600/20000 loss=1.58545 d_h=2.27865 eval_acc=None active=0.1802002916384673
[2026-05-21T14:23:31] step=12700/20000 loss=1.52148 d_h=-1.30208 eval_acc=None active=0.1801685842237134
[2026-05-21T14:25:54] step=12800/20000 loss=1.52979 d_h=-19.2057 eval_acc=None active=0.1801576832178959
[2026-05-21T14:28:18] step=12900/20000 loss=1.61084 d_h=-9.4401 eval_acc=None active=0.18019817949827924
[2026-05-21T14:30:46] step=13000/20000 loss=1.60449 d_h=-1.95312 eval_acc=0.2728337236533958 active=0.18014223450144717
[2026-05-21T14:33:10] step=13100/20000 loss=1.60547 d_h=1.30208 eval_acc=None active=0.18017002981633212
[2026-05-21T14:35:33] step=13200/20000 loss=1.64795 d_h=80.4036 eval_acc=None active=0.18017283944089652
[2026-05-21T14:37:57] step=13300/20000 loss=1.62305 d_h=-37.1094 eval_acc=None active=0.18013486029162948
[2026-05-21T14:40:21] step=13400/20000 loss=1.44824 d_h=2.60417 eval_acc=None active=0.18018208954619416
[2026-05-21T14:42:44] step=13500/20000 loss=1.59473 d_h=7.16146 eval_acc=None active=0.18015814727000115
[2026-05-21T14:45:08] step=13600/20000 loss=1.54639 d_h=-32.8776 eval_acc=None active=0.18015204146927108
[2026-05-21T14:47:32] step=13700/20000 loss=1.57764 d_h=-17.9036 eval_acc=None active=0.1801357068351669
[2026-05-21T14:49:55] step=13800/20000 loss=1.57568 d_h=21.8099 eval_acc=None active=0.18014737563628574
[2026-05-21T14:52:19] step=13900/20000 loss=1.60107 d_h=12.0443 eval_acc=None active=0.18010795933171098
[2026-05-21T14:54:47] step=14000/20000 loss=1.52734 d_h=-3.90625 eval_acc=0.3091334894613583 active=0.18012578455742592
[2026-05-21T14:57:12] step=14100/20000 loss=1.51367 d_h=-7.16146 eval_acc=None active=0.18014698470754256
[2026-05-21T14:59:35] step=14200/20000 loss=1.60059 d_h=7.16146 eval_acc=None active=0.18012997508855802
[2026-05-21T15:01:59] step=14300/20000 loss=1.56543 d_h=31.25 eval_acc=None active=0.1801081871391081
[2026-05-21T15:04:22] step=14400/20000 loss=1.54053 d_h=12.6953 eval_acc=None active=0.18013299564589752
[2026-05-21T15:06:46] step=14500/20000 loss=1.4502 d_h=-15.625 eval_acc=None active=0.18009432744956513
[2026-05-21T15:09:09] step=14600/20000 loss=1.60693 d_h=56.9661 eval_acc=None active=0.18011841878491922
[2026-05-21T15:11:33] step=14700/20000 loss=1.52539 d_h=32.5521 eval_acc=None active=0.18011145800334072
[2026-05-21T15:13:57] step=14800/20000 loss=1.604 d_h=-4.88281 eval_acc=None active=0.18010712403792156
[2026-05-21T15:16:21] step=14900/20000 loss=1.58691 d_h=-27.3438 eval_acc=None active=0.18011223423595313
[2026-05-21T15:18:51] step=15000/20000 loss=1.61475 d_h=5.53385 eval_acc=0.3629976580796253 active=0.18009042659944416
[2026-05-21T15:21:16] step=15100/20000 loss=1.58301 d_h=-25.3906 eval_acc=None active=0.18012378210228092
[2026-05-21T15:23:41] step=15200/20000 loss=1.55078 d_h=-13.0208 eval_acc=None active=0.18012987665326297
[2026-05-21T15:26:06] step=15300/20000 loss=1.55469 d_h=-8.46354 eval_acc=None active=0.18010426097705412
[2026-05-21T15:28:30] step=15400/20000 loss=1.54688 d_h=0.651042 eval_acc=None active=0.18011952688509777
[2026-05-21T15:30:53] step=15500/20000 loss=1.58936 d_h=-2.27865 eval_acc=None active=0.18011692256843448
[2026-05-21T15:33:17] step=15600/20000 loss=1.56982 d_h=-0.325521 eval_acc=None active=0.18008067869279729
[2026-05-21T15:35:40] step=15700/20000 loss=1.51855 d_h=13.0208 eval_acc=None active=0.18009063190734528
[2026-05-21T15:38:04] step=15800/20000 loss=1.47705 d_h=-16.6016 eval_acc=None active=0.18008492828510642
[2026-05-21T15:40:27] step=15900/20000 loss=1.46094 d_h=-13.0208 eval_acc=None active=0.18008209897348298
[2026-05-21T15:42:54] step=16000/20000 loss=1.63232 d_h=2.27865 eval_acc=0.3231850117096019 active=0.1800863288787331
[2026-05-21T15:45:19] step=16100/20000 loss=1.52832 d_h=3.25521 eval_acc=None active=0.18009755612724274
[2026-05-21T15:47:43] step=16200/20000 loss=1.604 d_h=31.5755 eval_acc=None active=0.18008672261991332
[2026-05-21T15:50:07] step=16300/20000 loss=1.55322 d_h=-4.23177 eval_acc=None active=0.18008302989013047
[2026-05-21T15:52:31] step=16400/20000 loss=1.55664 d_h=1.95312 eval_acc=None active=0.18007399353004494
[2026-05-21T15:54:55] step=16500/20000 loss=1.52197 d_h=-12.0443 eval_acc=None active=0.18005606986903494
[2026-05-21T15:57:19] step=16600/20000 loss=1.56055 d_h=9.11458 eval_acc=None active=0.18003398942613685
[2026-05-21T15:59:43] step=16700/20000 loss=1.57227 d_h=-35.1562 eval_acc=None active=0.18005585893625983
[2026-05-21T16:02:06] step=16800/20000 loss=1.54004 d_h=15.625 eval_acc=None active=0.18005058561688217
[2026-05-21T16:04:30] step=16900/20000 loss=1.52588 d_h=17.2526 eval_acc=None active=0.18004134957376955
[2026-05-21T16:06:58] step=17000/20000 loss=1.53613 d_h=15.625 eval_acc=0.3875878220140515 active=0.18009201562634997
[2026-05-21T16:09:23] step=17100/20000 loss=1.57861 d_h=-10.7422 eval_acc=None active=0.1800649571699594
[2026-05-21T16:11:47] step=17200/20000 loss=1.54492 d_h=27.3438 eval_acc=None active=0.1800398617945958
[2026-05-21T16:14:12] step=17300/20000 loss=1.57959 d_h=-6.1849 eval_acc=None active=0.1800466257055842
[2026-05-21T16:16:36] step=17400/20000 loss=1.54834 d_h=-15.9505 eval_acc=None active=0.18007201638683293
[2026-05-21T16:19:00] step=17500/20000 loss=1.54883 d_h=9.76562 eval_acc=None active=0.18005925073528353
[2026-05-21T16:21:25] step=17600/20000 loss=1.56934 d_h=20.1823 eval_acc=None active=0.1800186897688492
[2026-05-21T16:23:48] step=17700/20000 loss=1.55371 d_h=-5.20833 eval_acc=None active=0.18004630227532903
[2026-05-21T16:26:11] step=17800/20000 loss=1.55469 d_h=3.90625 eval_acc=None active=0.18003299101100134
[2026-05-21T16:28:36] step=17900/20000 loss=1.58691 d_h=-15.625 eval_acc=None active=0.18000620536099993
[2026-05-21T16:31:05] step=18000/20000 loss=1.56299 d_h=-5.53385 eval_acc=0.36885245901639346 active=0.17999450281063703
[2026-05-21T16:33:29] step=18100/20000 loss=1.55518 d_h=-14.6484 eval_acc=None active=0.18001424049351294
[2026-05-21T16:35:53] step=18200/20000 loss=1.58643 d_h=-8.78906 eval_acc=None active=0.17999101257631828
[2026-05-21T16:38:17] step=18300/20000 loss=1.54785 d_h=-10.4167 eval_acc=None active=0.18001562421251763
[2026-05-21T16:40:40] step=18400/20000 loss=1.50586 d_h=1.30208 eval_acc=None active=0.1800195559994456
[2026-05-21T16:43:04] step=18500/20000 loss=1.54688 d_h=7.16146 eval_acc=None active=0.18001330113955447
[2026-05-21T16:45:27] step=18600/20000 loss=1.57324 d_h=-4.55729 eval_acc=None active=0.180012370222907
[2026-05-21T16:47:51] step=18700/20000 loss=1.58008 d_h=18.2292 eval_acc=None active=0.17999825178915993
[2026-05-21T16:50:14] step=18800/20000 loss=1.73828 d_h=7.8125 eval_acc=None active=0.17996062419451805
[2026-05-21T16:52:39] step=18900/20000 loss=1.5376 d_h=0.976562 eval_acc=None active=0.17998836888553696
[2026-05-21T16:55:09] step=19000/20000 loss=1.54736 d_h=5.53385 eval_acc=0.4168618266978923 active=0.17997993157453274
[2026-05-21T16:57:32] step=19100/20000 loss=1.51367 d_h=9.76562 eval_acc=None active=0.17995977765098062
[2026-05-21T16:59:56] step=19200/20000 loss=1.63281 d_h=-16.9271 eval_acc=None active=0.1799720933126098
[2026-05-21T17:02:19] step=19300/20000 loss=1.57861 d_h=-8.13802 eval_acc=None active=0.17997524324205139
[2026-05-21T17:04:43] step=19400/20000 loss=1.5498 d_h=0 eval_acc=None active=0.17997362046590157
[2026-05-21T17:07:07] step=19500/20000 loss=1.58643 d_h=-10.0911 eval_acc=None active=0.17996684530516516
[2026-05-21T17:09:30] step=19600/20000 loss=1.47852 d_h=7.16146 eval_acc=None active=0.17995111815745327
[2026-05-21T17:11:54] step=19700/20000 loss=1.56055 d_h=1.30208 eval_acc=None active=0.17997470887902112
[2026-05-21T17:14:17] step=19800/20000 loss=1.54346 d_h=12.0443 eval_acc=None active=0.1799874576559485
[2026-05-21T17:16:40] step=19900/20000 loss=1.56348 d_h=10.4167 eval_acc=None active=0.1799503812989589
[2026-05-21T17:19:07] step=20000/20000 loss=1.53467 d_h=-13.9974 eval_acc=0.3747072599531616 active=0.17996887025980618
[2026-05-21T17:19:08] finished int4_g128_rtnclip_k1_h1p5e-3_seed16_bs64_ckpt1k status=complete steps=20000
