[nan-guard] command=python /scratch/jy03364/MeZO_/large_models/run.py --model_name opt-1.3b --task_name MNLI --output_dir /scratch/jy03364/MeZO_/experiments/h_sweep_8h/results/mezo_int8/opt-1.3b/mnli/h_1e-5/seed_42 --overwrite_output_dir --tag hsweep8h-mezo_int8-mnli-h1e-5-seed42 --dataset_mode full --num_k 16 --data_seed 42 --train_set_seed 42 --trainer zo --load_float16 --zo_quantization int8 --train_as_classification --learning_rate 1e-6 --zo_eps 1e-5 --num_train_epochs 1 --per_device_train_batch_size 16 --gradient_accumulation_steps 1 --lr_scheduler_type constant --evaluation_strategy steps --save_strategy no --eval_steps 1000 --logging_steps 10 --zo_probe_every 200 --zo_probe_num_seeds 16 --zo_probe_log_csv --max_steps 10000 --num_dev 0
[nan-guard] cwd=/scratch/jy03364/MeZO_/experiments/h_sweep_8h max_consecutive_nan=100
OurArguments(
_n_gpu=1,
adafactor=False,
adam_beta1=0.9,
adam_beta2=0.999,
adam_epsilon=1e-08,
auto_find_batch_size=False,
bf16=False,
bf16_full_eval=False,
data_seed=42,
dataloader_drop_last=False,
dataloader_num_workers=0,
dataloader_pin_memory=True,
dataset_mode=full,
ddp_backend=None,
ddp_broadcast_buffers=None,
ddp_bucket_cap_mb=None,
ddp_find_unused_parameters=None,
ddp_timeout=1800,
debug=[],
deepspeed=None,
disable_tqdm=False,
dispatch_batches=None,
do_eval=True,
do_predict=False,
do_train=False,
eos_token=<EOS_TOKEN>,
eval_accumulation_steps=None,
eval_delay=0,
eval_steps=1000,
evaluation_strategy=steps,
fp16=False,
fp16_backend=auto,
fp16_full_eval=False,
fp16_opt_level=O1,
fsdp=[],
fsdp_config={'min_num_params': 0, 'xla': False, 'xla_fsdp_grad_ckpt': False},
fsdp_min_num_params=0,
fsdp_transformer_layer_cls_to_wrap=None,
full_determinism=False,
full_dev_ratio=0.1,
gradient_accumulation_steps=1,
gradient_checkpointing=False,
gradient_checkpointing_kwargs=None,
greater_is_better=None,
group_by_length=False,
half_precision_backend=auto,
head_tuning=False,
hub_always_push=False,
hub_model_id=None,
hub_private_repo=False,
hub_strategy=every_save,
hub_token=<HUB_TOKEN>,
icl_sfc=False,
ignore_data_skip=False,
include_inputs_for_metrics=False,
include_tokens_per_second=False,
jit_mode_eval=False,
label_names=None,
label_smoothing_factor=0.0,
learning_rate=1e-06,
length_column_name=length,
linear_probing=False,
load_best_model_at_end=False,
load_bfloat16=False,
load_float16=True,
load_int8=False,
local_rank=0,
log_level=passive,
log_level_replica=warning,
log_on_each_node=True,
logging_dir=/scratch/jy03364/MeZO_/experiments/h_sweep_8h/results/mezo_int8/opt-1.3b/mnli/h_1e-5/seed_42/runs/Apr18_01-31-00_ra8-4,
logging_first_step=False,
logging_nan_inf_filter=True,
logging_steps=10,
logging_strategy=steps,
lora=False,
lora_alpha=16,
lora_r=8,
lp_early_stopping=False,
lr_scheduler_type=constant,
max_grad_norm=1.0,
max_length=2048,
max_new_tokens=50,
max_steps=10000,
measure_perf_tail=True,
measure_perf_tail_window_steps=10,
metric_for_best_model=None,
model_name=opt-1.3b,
mp_parameters=,
neftune_noise_alpha=None,
no_auto_device=False,
no_cuda=False,
no_eval=False,
no_reparam=True,
non_diff=False,
num_beams=1,
num_dev=0,
num_eval=None,
num_k=16,
num_prefix=5,
num_train=0,
num_train_epochs=1.0,
num_train_sets=None,
only_train_option=True,
optim=adamw_torch,
optim_args=None,
output_dir=/scratch/jy03364/MeZO_/experiments/h_sweep_8h/results/mezo_int8/opt-1.3b/mnli/h_1e-5/seed_42,
overwrite_output_dir=True,
past_index=-1,
per_device_eval_batch_size=8,
per_device_train_batch_size=16,
prediction_loss_only=False,
prefix_init_by_real_act=True,
prefix_tuning=False,
push_to_hub=False,
push_to_hub_model_id=None,
push_to_hub_organization=None,
push_to_hub_token=<PUSH_TO_HUB_TOKEN>,
ray_scope=last,
remove_unused_columns=True,
report_to=[],
result_file=None,
resume_from_checkpoint=None,
run_name=/scratch/jy03364/MeZO_/experiments/h_sweep_8h/results/mezo_int8/opt-1.3b/mnli/h_1e-5/seed_42,
sampling=False,
save_model=False,
save_on_each_node=False,
save_on_interrupt=False,
save_safetensors=True,
save_steps=500,
save_strategy=no,
save_total_limit=None,
seed=42,
sfc=False,
skip_memory_metrics=True,
sparse_log_active_fraction=True,
sparse_mask_strategy=percentile_per_layer,
sparse_ratio=1.0,
sparse_scope=trainable_only,
split_batches=False,
tag=hsweep8h-mezo_int8-mnli-h1e-5-seed42,
task_name=MNLI,
temperature=1.0,
tf32=None,
top_k=None,
top_p=0.95,
torch_compile=False,
torch_compile_backend=None,
torch_compile_mode=None,
torchdynamo=None,
tpu_metrics_debug=False,
tpu_num_cores=None,
train_as_classification=True,
train_set_seed=42,
trainer=zo,
untie_emb=False,
use_cpu=False,
use_ipex=False,
use_legacy_prediction_loop=False,
use_mps_device=False,
use_torchao_float8=False,
verbose=False,
warmup_ratio=0.0,
warmup_steps=0,
weight_decay=0.0,
zo_eps=1e-05,
zo_probe_every=200,
zo_probe_log_csv=True,
zo_probe_num_seeds=16,
zo_quantization=int8,
zo_quantization_bits=8,
)
{'loss': 1.2573, 'learning_rate': 1e-06, 'epoch': 0.02}
{'eval_loss': 1.18359375, 'eval_runtime': 35.8652, 'eval_samples_per_second': 273.664, 'eval_steps_per_second': 34.211, 'epoch': 0.02}
{'loss': 1.2382, 'learning_rate': 1e-06, 'epoch': 0.04}
{'eval_loss': 1.3046875, 'eval_runtime': 35.6693, 'eval_samples_per_second': 275.167, 'eval_steps_per_second': 34.399, 'epoch': 0.04}
{'loss': 1.3364, 'learning_rate': 1e-06, 'epoch': 0.06}
{'eval_loss': 1.4287109375, 'eval_runtime': 35.5666, 'eval_samples_per_second': 275.961, 'eval_steps_per_second': 34.499, 'epoch': 0.06}
{'loss': 1.5741, 'learning_rate': 1e-06, 'epoch': 0.08}
{'eval_loss': 1.6611328125, 'eval_runtime': 35.5892, 'eval_samples_per_second': 275.786, 'eval_steps_per_second': 34.477, 'epoch': 0.08}
{'loss': 1.6131, 'learning_rate': 1e-06, 'epoch': 0.1}
{'eval_loss': 1.8193359375, 'eval_runtime': 35.6625, 'eval_samples_per_second': 275.219, 'eval_steps_per_second': 34.406, 'epoch': 0.1}
{'loss': 1.9448, 'learning_rate': 1e-06, 'epoch': 0.12}
{'eval_loss': 2.833984375, 'eval_runtime': 35.5785, 'eval_samples_per_second': 275.869, 'eval_steps_per_second': 34.487, 'epoch': 0.12}
{'loss': 2.2774, 'learning_rate': 1e-06, 'epoch': 0.14}
{'eval_loss': 1.0986328125, 'eval_runtime': 35.3132, 'eval_samples_per_second': 277.942, 'eval_steps_per_second': 34.746, 'epoch': 0.14}
{'loss': 1.0986, 'learning_rate': 1e-06, 'epoch': 0.16}
{'eval_loss': 1.0986328125, 'eval_runtime': 35.4937, 'eval_samples_per_second': 276.528, 'eval_steps_per_second': 34.57, 'epoch': 0.16}
{'loss': 1.0986, 'learning_rate': 1e-06, 'epoch': 0.18}
{'eval_loss': 1.0986328125, 'eval_runtime': 35.5663, 'eval_samples_per_second': 275.963, 'eval_steps_per_second': 34.499, 'epoch': 0.18}
{'loss': 1.0986, 'learning_rate': 1e-06, 'epoch': 0.2}
{'eval_loss': 1.0986328125, 'eval_runtime': 35.3687, 'eval_samples_per_second': 277.505, 'eval_steps_per_second': 34.692, 'epoch': 0.2}
{'loss': 1.0986, 'learning_rate': 1e-06, 'epoch': 0.22}
{'eval_loss': 1.0986328125, 'eval_runtime': 35.5348, 'eval_samples_per_second': 276.208, 'eval_steps_per_second': 34.53, 'epoch': 0.22}
{'loss': 1.0986, 'learning_rate': 1e-06, 'epoch': 0.24}
{'eval_loss': 1.0986328125, 'eval_runtime': 35.5766, 'eval_samples_per_second': 275.883, 'eval_steps_per_second': 34.489, 'epoch': 0.24}
{'loss': 1.0986, 'learning_rate': 1e-06, 'epoch': 0.26}
{'eval_loss': 1.0986328125, 'eval_runtime': 35.5346, 'eval_samples_per_second': 276.209, 'eval_steps_per_second': 34.53, 'epoch': 0.26}
{'loss': 1.0986, 'learning_rate': 1e-06, 'epoch': 0.29}
{'eval_loss': 1.0986328125, 'eval_runtime': 35.5728, 'eval_samples_per_second': 275.913, 'eval_steps_per_second': 34.493, 'epoch': 0.29}
{'loss': 1.0986, 'learning_rate': 1e-06, 'epoch': 0.31}
{'eval_loss': 1.0986328125, 'eval_runtime': 35.6466, 'eval_samples_per_second': 275.342, 'eval_steps_per_second': 34.421, 'epoch': 0.31}
{'loss': 1.0986, 'learning_rate': 1e-06, 'epoch': 0.33}
{'eval_loss': 1.0986328125, 'eval_runtime': 35.5783, 'eval_samples_per_second': 275.87, 'eval_steps_per_second': 34.487, 'epoch': 0.33}
{'loss': 1.0986, 'learning_rate': 1e-06, 'epoch': 0.35}
{'eval_loss': 1.0986328125, 'eval_runtime': 35.5668, 'eval_samples_per_second': 275.959, 'eval_steps_per_second': 34.498, 'epoch': 0.35}
{'loss': 1.0986, 'learning_rate': 1e-06, 'epoch': 0.37}
{'eval_loss': 1.0986328125, 'eval_runtime': 35.6687, 'eval_samples_per_second': 275.171, 'eval_steps_per_second': 34.4, 'epoch': 0.37}
{'loss': 1.0986, 'learning_rate': 1e-06, 'epoch': 0.39}
{'eval_loss': 1.0986328125, 'eval_runtime': 35.5552, 'eval_samples_per_second': 276.05, 'eval_steps_per_second': 34.51, 'epoch': 0.39}
{'loss': 1.0986, 'learning_rate': 1e-06, 'epoch': 0.41}
{'eval_loss': 1.0986328125, 'eval_runtime': 35.6282, 'eval_samples_per_second': 275.484, 'eval_steps_per_second': 34.439, 'epoch': 0.41}
{'train_runtime': 16398.2726, 'train_samples_per_second': 9.757, 'train_steps_per_second': 0.61, 'train_loss': 1.276174951171875, 'tail_perf_window_steps': 10, 'tail_perf_measured_steps': 10, 'tail_perf_wallclock_per_step': 27.61831169128418, 'tail_perf_samples_per_second': 0.5793257813456172, 'tail_perf_max_gpu_memory_gb': 6.751974582672119, 'epoch': 0.41}
[nan-guard] child exited with code 0.
