[2026-05-21T09:21:41] starting int4_g128_rtnclip_k1_h3e-3_seed16_bs64_ckpt1k
[2026-05-21T09:21:44] step=1/20000 loss=1.73193 d_h=12.8581 eval_acc=None active=0.35390880931767127
[2026-05-21T09:24:06] step=100/20000 loss=1.61572 d_h=-1.13932 eval_acc=None active=0.35390880931767127
[2026-05-21T09:26:29] step=200/20000 loss=1.62061 d_h=13.8346 eval_acc=None active=0.3539164113348861
[2026-05-21T09:28:53] step=300/20000 loss=1.64697 d_h=6.67318 eval_acc=None active=0.353920222187023
[2026-05-21T09:31:16] step=400/20000 loss=1.60156 d_h=-1.30208 eval_acc=None active=0.35390173885104975
[2026-05-21T09:33:40] step=500/20000 loss=1.69092 d_h=16.7643 eval_acc=None active=0.35390816808203496
[2026-05-21T09:36:04] step=600/20000 loss=1.67139 d_h=34.668 eval_acc=None active=0.353892311562221
[2026-05-21T09:38:28] step=700/20000 loss=1.61768 d_h=-25.8789 eval_acc=None active=0.35388504984988334
[2026-05-21T09:40:51] step=800/20000 loss=1.68018 d_h=-11.556 eval_acc=None active=0.3538847264196282
[2026-05-21T09:43:14] step=900/20000 loss=1.66748 d_h=13.5091 eval_acc=None active=0.353884332678448
[2026-05-21T09:45:44] step=1000/20000 loss=1.59814 d_h=-5.37109 eval_acc=0.2716627634660422 active=0.35388058088748814
[2026-05-21T09:48:07] step=1100/20000 loss=1.66113 d_h=4.23177 eval_acc=None active=0.3538641759424589
[2026-05-21T09:50:31] step=1200/20000 loss=1.60303 d_h=-6.34766 eval_acc=None active=0.3538685239700631
[2026-05-21T09:52:54] step=1300/20000 loss=1.66406 d_h=8.13802 eval_acc=None active=0.35387227857345993
[2026-05-21T09:55:18] step=1400/20000 loss=1.55176 d_h=-7.16146 eval_acc=None active=0.353854416786064
[2026-05-21T09:57:41] step=1500/20000 loss=1.65771 d_h=14.1602 eval_acc=None active=0.35383168104534457
[2026-05-21T10:00:04] step=1600/20000 loss=1.55127 d_h=0.16276 eval_acc=None active=0.3538363440658929
[2026-05-21T10:02:28] step=1700/20000 loss=1.63379 d_h=-2.60417 eval_acc=None active=0.3538676324275336
[2026-05-21T10:04:52] step=1800/20000 loss=1.58691 d_h=-6.1849 eval_acc=None active=0.35385987572628375
[2026-05-21T10:07:16] step=1900/20000 loss=1.62109 d_h=-1.30208 eval_acc=None active=0.3538446463799211
[2026-05-21T10:09:44] step=2000/20000 loss=1.60645 d_h=-9.4401 eval_acc=0.2716627634660422 active=0.35383212822282784
[2026-05-21T10:12:08] step=2100/20000 loss=1.6582 d_h=-6.1849 eval_acc=None active=0.3538559242522967
[2026-05-21T10:14:31] step=2200/20000 loss=1.62793 d_h=-10.0911 eval_acc=None active=0.35387268356438817
[2026-05-21T10:16:55] step=2300/20000 loss=1.62744 d_h=-10.2539 eval_acc=None active=0.35385689735549924
[2026-05-21T10:19:19] step=2400/20000 loss=1.59766 d_h=7.16146 eval_acc=None active=0.3538547992774962
[2026-05-21T10:21:42] step=2500/20000 loss=1.57129 d_h=6.51042 eval_acc=None active=0.3538326963351021
[2026-05-21T10:24:06] step=2600/20000 loss=1.59521 d_h=4.06901 eval_acc=None active=0.35385596362641475
[2026-05-21T10:26:29] step=2700/20000 loss=1.55371 d_h=3.58073 eval_acc=None active=0.35385154247544853
[2026-05-21T10:28:53] step=2800/20000 loss=1.59619 d_h=-4.72005 eval_acc=None active=0.3537998330087406
[2026-05-21T10:31:16] step=2900/20000 loss=1.58203 d_h=-9.11458 eval_acc=None active=0.35383740997951646
[2026-05-21T10:33:42] step=3000/20000 loss=1.64062 d_h=7.48698 eval_acc=0.2716627634660422 active=0.35386099226377327
[2026-05-21T10:36:06] step=3100/20000 loss=1.57422 d_h=35.4818 eval_acc=None active=0.35383481691260116
[2026-05-21T10:38:30] step=3200/20000 loss=1.67139 d_h=8.30078 eval_acc=None active=0.3538310482470193
[2026-05-21T10:40:53] step=3300/20000 loss=1.62354 d_h=9.60286 eval_acc=None active=0.3538110490075022
[2026-05-21T10:43:17] step=3400/20000 loss=1.57568 d_h=-14.8112 eval_acc=None active=0.35380485883366214
[2026-05-21T10:45:40] step=3500/20000 loss=1.73682 d_h=25.8789 eval_acc=None active=0.35382961109171157
[2026-05-21T10:48:04] step=3600/20000 loss=1.65869 d_h=12.5326 eval_acc=None active=0.3538289417317052
[2026-05-21T10:50:27] step=3700/20000 loss=1.64502 d_h=-21.6471 eval_acc=None active=0.3538579660815598
[2026-05-21T10:52:51] step=3800/20000 loss=1.63232 d_h=-2.11589 eval_acc=None active=0.3538232437343404
[2026-05-21T10:55:14] step=3900/20000 loss=1.64502 d_h=-10.2539 eval_acc=None active=0.35383283133207816
[2026-05-21T10:57:40] step=4000/20000 loss=1.604 d_h=-2.44141 eval_acc=0.2716627634660422 active=0.35381519735207934
[2026-05-21T11:00:04] step=4100/20000 loss=1.59473 d_h=-0.325521 eval_acc=None active=0.3538231199871123
[2026-05-21T11:02:28] step=4200/20000 loss=1.58984 d_h=12.0443 eval_acc=None active=0.3538134508287014
[2026-05-21T11:04:51] step=4300/20000 loss=1.57178 d_h=5.69661 eval_acc=None active=0.35380631005115487
[2026-05-21T11:07:15] step=4400/20000 loss=1.51318 d_h=-6.67318 eval_acc=None active=0.3537750976253132
[2026-05-21T11:09:38] step=4500/20000 loss=1.60742 d_h=-1.30208 eval_acc=None active=0.3538101771520318
[2026-05-21T11:12:02] step=4600/20000 loss=1.52686 d_h=-6.34766 eval_acc=None active=0.3538081071983988
[2026-05-21T11:14:26] step=4700/20000 loss=1.5957 d_h=20.5078 eval_acc=None active=0.35379272879287504
[2026-05-21T11:16:50] step=4800/20000 loss=1.56885 d_h=-3.74349 eval_acc=None active=0.3537836896203525
[2026-05-21T11:19:15] step=4900/20000 loss=1.58936 d_h=14.1602 eval_acc=None active=0.3538022545169988
[2026-05-21T11:21:41] step=5000/20000 loss=1.63623 d_h=-3.41797 eval_acc=0.2716627634660422 active=0.3537366403617559
[2026-05-21T11:24:05] step=5100/20000 loss=1.58252 d_h=-2.76693 eval_acc=None active=0.3537878829639216
[2026-05-21T11:26:28] step=5200/20000 loss=1.63086 d_h=8.13802 eval_acc=None active=0.35377743757289837
[2026-05-21T11:28:52] step=5300/20000 loss=1.63281 d_h=12.6953 eval_acc=None active=0.35379506874046024
[2026-05-21T11:31:16] step=5400/20000 loss=1.47803 d_h=-7.64974 eval_acc=None active=0.3537478226112735
[2026-05-21T11:33:39] step=5500/20000 loss=1.5918 d_h=7.48698 eval_acc=None active=0.3537998161341186
[2026-05-21T11:36:03] step=5600/20000 loss=1.62549 d_h=-1.46484 eval_acc=None active=0.35380482789685513
[2026-05-21T11:38:26] step=5700/20000 loss=1.64355 d_h=3.58073 eval_acc=None active=0.3537780788085347
[2026-05-21T11:40:50] step=5800/20000 loss=1.56445 d_h=-10.0911 eval_acc=None active=0.35375208907820466
[2026-05-21T11:43:14] step=5900/20000 loss=1.60449 d_h=-5.53385 eval_acc=None active=0.3537501794334807
[2026-05-21T11:45:40] step=6000/20000 loss=1.64453 d_h=4.23177 eval_acc=0.2716627634660422 active=0.3537492569541442
[2026-05-21T11:48:05] step=6100/20000 loss=1.61279 d_h=6.67318 eval_acc=None active=0.35378213153025373
[2026-05-21T11:50:28] step=6200/20000 loss=1.58984 d_h=5.85938 eval_acc=None active=0.3537256606077024
[2026-05-21T11:52:52] step=6300/20000 loss=1.68652 d_h=-0.325521 eval_acc=None active=0.35375945485071136
[2026-05-21T11:55:16] step=6400/20000 loss=1.70801 d_h=10.4167 eval_acc=None active=0.3537680102840696
[2026-05-21T11:57:39] step=6500/20000 loss=1.61523 d_h=0.976562 eval_acc=None active=0.3537389746844671
[2026-05-21T12:00:03] step=6600/20000 loss=1.59277 d_h=-9.4401 eval_acc=None active=0.35373976497926446
[2026-05-21T12:02:26] step=6700/20000 loss=1.6167 d_h=1.13932 eval_acc=None active=0.3537856442640685
[2026-05-21T12:04:50] step=6800/20000 loss=1.55908 d_h=-1.79036 eval_acc=None active=0.35375730896127927
[2026-05-21T12:07:14] step=6900/20000 loss=1.58447 d_h=4.39453 eval_acc=None active=0.353720955400599
[2026-05-21T12:09:43] step=7000/20000 loss=1.60742 d_h=9.11458 eval_acc=0.27400468384074944 active=0.3537482388519497
[2026-05-21T12:12:07] step=7100/20000 loss=1.57861 d_h=-0.813802 eval_acc=None active=0.35374114869826917
[2026-05-21T12:14:30] step=7200/20000 loss=1.61279 d_h=-7.97526 eval_acc=None active=0.35372003854613654
[2026-05-21T12:16:54] step=7300/20000 loss=1.56543 d_h=3.90625 eval_acc=None active=0.35376070076030297
[2026-05-21T12:19:18] step=7400/20000 loss=1.54541 d_h=-6.67318 eval_acc=None active=0.35374261116550987
[2026-05-21T12:21:41] step=7500/20000 loss=1.55225 d_h=6.02214 eval_acc=None active=0.35372277504733896
[2026-05-21T12:24:05] step=7600/20000 loss=1.58252 d_h=-16.1133 eval_acc=None active=0.35369784841819546
[2026-05-21T12:26:28] step=7700/20000 loss=1.61133 d_h=-2.27865 eval_acc=None active=0.3537125546512758
[2026-05-21T12:28:52] step=7800/20000 loss=1.5625 d_h=-17.9036 eval_acc=None active=0.3537376584639504
[2026-05-21T12:31:15] step=7900/20000 loss=1.54785 d_h=-3.90625 eval_acc=None active=0.3536987905845909
[2026-05-21T12:33:41] step=8000/20000 loss=1.69971 d_h=23.6003 eval_acc=0.2728337236533958 active=0.35372244599220976
[2026-05-21T12:36:05] step=8100/20000 loss=1.56055 d_h=-7.16146 eval_acc=None active=0.353702944554042
[2026-05-21T12:38:29] step=8200/20000 loss=1.63232 d_h=3.09245 eval_acc=None active=0.3536852177636221
[2026-05-21T12:40:53] step=8300/20000 loss=1.625 d_h=9.76562 eval_acc=None active=0.3536939166312675
[2026-05-21T12:43:16] step=8400/20000 loss=1.5957 d_h=-6.83594 eval_acc=None active=0.35371960543083836
[2026-05-21T12:45:40] step=8500/20000 loss=1.67041 d_h=-6.34766 eval_acc=None active=0.35368572118984537
[2026-05-21T12:48:03] step=8600/20000 loss=1.65283 d_h=-1.79036 eval_acc=None active=0.35368113410509605
[2026-05-21T12:50:27] step=8700/20000 loss=1.63281 d_h=24.7396 eval_acc=None active=0.3536748145591539
[2026-05-21T12:52:51] step=8800/20000 loss=1.5498 d_h=15.9505 eval_acc=None active=0.35364141405732513
[2026-05-21T12:55:15] step=8900/20000 loss=1.70459 d_h=-15.1367 eval_acc=None active=0.3537103075141117
[2026-05-21T12:57:43] step=9000/20000 loss=1.50732 d_h=-4.06901 eval_acc=0.27985948477751754 active=0.35365600216805143
[2026-05-21T13:00:08] step=9100/20000 loss=1.55811 d_h=-2.44141 eval_acc=None active=0.3536864411737177
[2026-05-21T13:02:31] step=9200/20000 loss=1.68262 d_h=-21.8099 eval_acc=None active=0.3537197010536964
[2026-05-21T13:04:55] step=9300/20000 loss=1.64062 d_h=0.651042 eval_acc=None active=0.35366518758729804
[2026-05-21T13:07:18] step=9400/20000 loss=1.61133 d_h=24.7396 eval_acc=None active=0.3536744236304107
[2026-05-21T13:09:42] step=9500/20000 loss=1.61719 d_h=-4.23177 eval_acc=None active=0.3536549953156049
[2026-05-21T13:12:06] step=9600/20000 loss=1.69043 d_h=24.0885 eval_acc=None active=0.35364150686774615
[2026-05-21T13:14:30] step=9700/20000 loss=1.64307 d_h=-0.813802 eval_acc=None active=0.35366346075097915
[2026-05-21T13:16:54] step=9800/20000 loss=1.63281 d_h=-14.6484 eval_acc=None active=0.35367076464987185
[2026-05-21T13:19:17] step=9900/20000 loss=1.61133 d_h=2.27865 eval_acc=None active=0.35365179194986035
[2026-05-21T13:21:43] step=10000/20000 loss=1.58008 d_h=-4.88281 eval_acc=0.2728337236533958 active=0.3536565084067117
[2026-05-21T13:24:09] step=10100/20000 loss=1.55127 d_h=0.813802 eval_acc=None active=0.35365145726985714
[2026-05-21T13:26:32] step=10200/20000 loss=1.6333 d_h=7.97526 eval_acc=None active=0.35362909839569595
[2026-05-21T13:28:56] step=10300/20000 loss=1.58008 d_h=3.25521 eval_acc=None active=0.3536507541606068
[2026-05-21T13:31:20] step=10400/20000 loss=1.65869 d_h=-1.13932 eval_acc=None active=0.35366184078726637
[2026-05-21T13:33:44] step=10500/20000 loss=1.67773 d_h=-8.46354 eval_acc=None active=0.3536433799507891
[2026-05-21T13:36:08] step=10600/20000 loss=1.60889 d_h=-6.34766 eval_acc=None active=0.35365869648269876
[2026-05-21T13:38:31] step=10700/20000 loss=1.61523 d_h=5.53385 eval_acc=None active=0.353615292142456
[2026-05-21T13:40:55] step=10800/20000 loss=1.56445 d_h=-6.51042 eval_acc=None active=0.35367294991342196
[2026-05-21T13:43:19] step=10900/20000 loss=1.57666 d_h=-5.37109 eval_acc=None active=0.35366999404213345
[2026-05-21T13:45:48] step=11000/20000 loss=1.61035 d_h=4.88281 eval_acc=0.30210772833723654 active=0.35364666768964376
[2026-05-21T13:48:13] step=11100/20000 loss=1.5625 d_h=-2.60417 eval_acc=None active=0.3536776466832143
[2026-05-21T13:50:37] step=11200/20000 loss=1.63477 d_h=9.11458 eval_acc=None active=0.35363684665963485
[2026-05-21T13:53:00] step=11300/20000 loss=1.67871 d_h=4.88281 eval_acc=None active=0.3536736220858653
[2026-05-21T13:55:24] step=11400/20000 loss=1.5918 d_h=2.92969 eval_acc=None active=0.3535944154225945
[2026-05-21T13:57:49] step=11500/20000 loss=1.66943 d_h=-0.813802 eval_acc=None active=0.35360240274367855
[2026-05-21T14:00:12] step=11600/20000 loss=1.60693 d_h=7.97526 eval_acc=None active=0.3536355754381102
[2026-05-21T14:02:36] step=11700/20000 loss=1.60498 d_h=-6.67318 eval_acc=None active=0.3536385425591467
[2026-05-21T14:05:00] step=11800/20000 loss=1.61182 d_h=-0.813802 eval_acc=None active=0.353589296787252
[2026-05-21T14:07:23] step=11900/20000 loss=1.57227 d_h=8.13802 eval_acc=None active=0.35361353999420414
[2026-05-21T14:09:50] step=12000/20000 loss=1.50684 d_h=4.23177 eval_acc=0.2716627634660422 active=0.35362390663699134
[2026-05-21T14:12:14] step=12100/20000 loss=1.70898 d_h=50.1302 eval_acc=None active=0.35360966445601616
[2026-05-21T14:14:38] step=12200/20000 loss=1.56055 d_h=-13.6719 eval_acc=None active=0.353611214108804
[2026-05-21T14:17:02] step=12300/20000 loss=1.59863 d_h=12.0443 eval_acc=None active=0.3536228097865608
[2026-05-21T14:19:26] step=12400/20000 loss=1.60352 d_h=-14.6484 eval_acc=None active=0.3536268990699608
[2026-05-21T14:21:50] step=12500/20000 loss=1.55371 d_h=-2.60417 eval_acc=None active=0.3535879524423653
[2026-05-21T14:24:13] step=12600/20000 loss=1.65332 d_h=16.9271 eval_acc=None active=0.35362394882354636
[2026-05-21T14:26:37] step=12700/20000 loss=1.54639 d_h=-6.34766 eval_acc=None active=0.3536135146822711
[2026-05-21T14:29:01] step=12800/20000 loss=1.55273 d_h=-6.51042 eval_acc=None active=0.353571471561537
[2026-05-21T14:31:24] step=12900/20000 loss=1.67871 d_h=3.58073 eval_acc=None active=0.35356655260922154
[2026-05-21T14:33:53] step=13000/20000 loss=1.66504 d_h=4.55729 eval_acc=0.27400468384074944 active=0.3536295933846082
[2026-05-21T14:36:17] step=13100/20000 loss=1.6123 d_h=-0.976562 eval_acc=None active=0.35359324263636494
[2026-05-21T14:38:40] step=13200/20000 loss=1.59668 d_h=2.92969 eval_acc=None active=0.35358050229674853
[2026-05-21T14:41:04] step=13300/20000 loss=1.62695 d_h=-28.9714 eval_acc=None active=0.353597393793379
[2026-05-21T14:43:28] step=13400/20000 loss=1.52441 d_h=-25.7161 eval_acc=None active=0.3536050745588299
[2026-05-21T14:45:52] step=13500/20000 loss=1.58643 d_h=4.39453 eval_acc=None active=0.3535819732013003
[2026-05-21T14:48:15] step=13600/20000 loss=1.53564 d_h=7.64974 eval_acc=None active=0.3535605227442905
[2026-05-21T14:50:39] step=13700/20000 loss=1.59912 d_h=5.69661 eval_acc=None active=0.35359385574763125
[2026-05-21T14:53:03] step=13800/20000 loss=1.54297 d_h=16.6016 eval_acc=None active=0.3535889902316188
[2026-05-21T14:55:26] step=13900/20000 loss=1.58252 d_h=9.27734 eval_acc=None active=0.3535918842292933
[2026-05-21T14:57:52] step=14000/20000 loss=1.58936 d_h=6.34766 eval_acc=0.2716627634660422 active=0.35359800971708233
[2026-05-21T15:00:17] step=14100/20000 loss=1.55811 d_h=6.34766 eval_acc=None active=0.3535682681957924
[2026-05-21T15:02:40] step=14200/20000 loss=1.65137 d_h=-9.4401 eval_acc=None active=0.3535604214965585
[2026-05-21T15:05:04] step=14300/20000 loss=1.61328 d_h=16.9271 eval_acc=None active=0.35356799257696625
[2026-05-21T15:07:27] step=14400/20000 loss=1.60742 d_h=3.58073 eval_acc=None active=0.353599280938607
[2026-05-21T15:09:51] step=14500/20000 loss=1.5166 d_h=-16.6016 eval_acc=None active=0.35358546906049304
[2026-05-21T15:12:15] step=14600/20000 loss=1.59131 d_h=-5.37109 eval_acc=None active=0.35359124018121996
[2026-05-21T15:14:39] step=14700/20000 loss=1.56445 d_h=-21.1589 eval_acc=None active=0.353575378036532
[2026-05-21T15:17:03] step=14800/20000 loss=1.67188 d_h=-5.20833 eval_acc=None active=0.3535809410369208
[2026-05-21T15:19:27] step=14900/20000 loss=1.62598 d_h=-6.51042 eval_acc=None active=0.3536031086653659
[2026-05-21T15:21:58] step=15000/20000 loss=1.59375 d_h=-7.8125 eval_acc=0.3430913348946136 active=0.353581385401967
[2026-05-21T15:24:22] step=15100/20000 loss=1.63281 d_h=6.51042 eval_acc=None active=0.35356771414570315
[2026-05-21T15:26:45] step=15200/20000 loss=1.61768 d_h=-6.67318 eval_acc=None active=0.35355612409282033
[2026-05-21T15:29:09] step=15300/20000 loss=1.56689 d_h=-4.39453 eval_acc=None active=0.353563447678772
[2026-05-21T15:31:33] step=15400/20000 loss=1.55615 d_h=0.813802 eval_acc=None active=0.35354084693502863
[2026-05-21T15:33:57] step=15500/20000 loss=1.55078 d_h=-1.30208 eval_acc=None active=0.35359337763334103
[2026-05-21T15:36:21] step=15600/20000 loss=1.58691 d_h=2.60417 eval_acc=None active=0.35357295652827375
[2026-05-21T15:38:44] step=15700/20000 loss=1.56152 d_h=13.6719 eval_acc=None active=0.3535797991874982
[2026-05-21T15:41:09] step=15800/20000 loss=1.60986 d_h=0.813802 eval_acc=None active=0.353543535624802
[2026-05-21T15:43:32] step=15900/20000 loss=1.53662 d_h=0.813802 eval_acc=None active=0.3535637232975981
[2026-05-21T15:45:59] step=16000/20000 loss=1.65967 d_h=-6.34766 eval_acc=0.32669789227166274 active=0.3535516579428621
[2026-05-21T15:48:24] step=16100/20000 loss=1.5459 d_h=-8.46354 eval_acc=None active=0.3535591840242779
[2026-05-21T15:50:48] step=16200/20000 loss=1.58057 d_h=28.4831 eval_acc=None active=0.35351116447491576
[2026-05-21T15:53:12] step=16300/20000 loss=1.56201 d_h=-11.2305 eval_acc=None active=0.35357379463450017
[2026-05-21T15:55:36] step=16400/20000 loss=1.58252 d_h=3.74349 eval_acc=None active=0.35351797900977017
[2026-05-21T15:58:00] step=16500/20000 loss=1.57666 d_h=7.97526 eval_acc=None active=0.3535580365499813
[2026-05-21T16:00:23] step=16600/20000 loss=1.63037 d_h=7.64974 eval_acc=None active=0.35353922134644183
[2026-05-21T16:02:47] step=16700/20000 loss=1.63574 d_h=1.95312 eval_acc=None active=0.35351196039458715
[2026-05-21T16:05:11] step=16800/20000 loss=1.52441 d_h=1.30208 eval_acc=None active=0.3535484292651845
[2026-05-21T16:07:34] step=16900/20000 loss=1.51514 d_h=4.72005 eval_acc=None active=0.35351689903396166
[2026-05-21T16:10:02] step=17000/20000 loss=1.61279 d_h=11.556 eval_acc=0.2716627634660422 active=0.35352879564247763
[2026-05-21T16:12:26] step=17100/20000 loss=1.54834 d_h=0.488281 eval_acc=None active=0.3535418341004162
[2026-05-21T16:14:49] step=17200/20000 loss=1.57861 d_h=3.09245 eval_acc=None active=0.3535074661202589
[2026-05-21T16:17:13] step=17300/20000 loss=1.6377 d_h=-13.9974 eval_acc=None active=0.353533565535632
[2026-05-21T16:19:36] step=17400/20000 loss=1.51953 d_h=2.60417 eval_acc=None active=0.3535310090303977
[2026-05-21T16:22:00] step=17500/20000 loss=1.57568 d_h=3.74349 eval_acc=None active=0.3535245741745385
[2026-05-21T16:24:24] step=17600/20000 loss=1.56592 d_h=3.09245 eval_acc=None active=0.35353105965426374
[2026-05-21T16:26:47] step=17700/20000 loss=1.60986 d_h=-5.04557 eval_acc=None active=0.35353670421532557
[2026-05-21T16:29:11] step=17800/20000 loss=1.51465 d_h=-12.6953 eval_acc=None active=0.3535022124879403
[2026-05-21T16:31:35] step=17900/20000 loss=1.62793 d_h=-12.0443 eval_acc=None active=0.35349739759579385
[2026-05-21T16:34:02] step=18000/20000 loss=1.60889 d_h=11.8815 eval_acc=0.27400468384074944 active=0.353485725982238
[2026-05-21T16:36:26] step=18100/20000 loss=1.58643 d_h=2.76693 eval_acc=None active=0.353505657723267
[2026-05-21T16:38:50] step=18200/20000 loss=1.67285 d_h=0 eval_acc=None active=0.3535185724339775
[2026-05-21T16:41:13] step=18300/20000 loss=1.63281 d_h=11.7188 eval_acc=None active=0.35352239453586237
[2026-05-21T16:43:37] step=18400/20000 loss=1.48779 d_h=1.46484 eval_acc=None active=0.3535133778628359
[2026-05-21T16:46:00] step=18500/20000 loss=1.62061 d_h=9.27734 eval_acc=None active=0.3535183868131354
[2026-05-21T16:48:24] step=18600/20000 loss=1.59668 d_h=4.88281 eval_acc=None active=0.3535220232941782
[2026-05-21T16:50:48] step=18700/20000 loss=1.56592 d_h=11.8815 eval_acc=None active=0.3535306124767805
[2026-05-21T16:53:11] step=18800/20000 loss=1.6875 d_h=-26.0417 eval_acc=None active=0.3535263460098494
[2026-05-21T16:55:35] step=18900/20000 loss=1.6377 d_h=-19.8568 eval_acc=None active=0.3535040461968652
[2026-05-21T16:58:01] step=19000/20000 loss=1.58936 d_h=-11.556 eval_acc=0.3161592505854801 active=0.35352450105117644
[2026-05-21T17:00:25] step=19100/20000 loss=1.61523 d_h=19.5312 eval_acc=None active=0.35350614708730527
[2026-05-21T17:02:49] step=19200/20000 loss=1.68262 d_h=-14.974 eval_acc=None active=0.3535000469114492
[2026-05-21T17:05:12] step=19300/20000 loss=1.68213 d_h=-1.13932 eval_acc=None active=0.3535271897409498
[2026-05-21T17:07:36] step=19400/20000 loss=1.64746 d_h=17.5781 eval_acc=None active=0.3535187946165006
[2026-05-21T17:10:00] step=19500/20000 loss=1.63574 d_h=-0.976562 eval_acc=None active=0.3534993381773248
[2026-05-21T17:12:24] step=19600/20000 loss=1.51562 d_h=4.88281 eval_acc=None active=0.3534715597370619
[2026-05-21T17:14:47] step=19700/20000 loss=1.57422 d_h=-10.0911 eval_acc=None active=0.35348837248545634
[2026-05-21T17:17:11] step=19800/20000 loss=1.62695 d_h=-14.3229 eval_acc=None active=0.35349622199712727
[2026-05-21T17:19:34] step=19900/20000 loss=1.65869 d_h=20.6706 eval_acc=None active=0.3534830738541457
[2026-05-21T17:22:01] step=20000/20000 loss=1.57275 d_h=4.06901 eval_acc=0.32786885245901637 active=0.35347890301007256
[2026-05-21T17:22:03] finished int4_g128_rtnclip_k1_h3e-3_seed16_bs64_ckpt1k status=complete steps=20000
