WARNING:__main__:Process rank: -1, device: cuda:0, n_gpu: 1, distributed training: False, 16-bits training: False
INFO:__main__:Training/evaluation parameters DynamicTrainingArguments(
_n_gpu=1,
accelerator_config={'split_batches': False, 'dispatch_batches': None, 'even_batches': True, 'use_seedable_sampler': True, 'non_blocking': False, 'gradient_accumulation_kwargs': None, 'use_configured_state': False},
adafactor=False,
adam_beta1=0.9,
adam_beta2=0.999,
adam_epsilon=1e-08,
adaptive_h_ema_beta=0.1,
adaptive_h_estimate_num_batches=4,
adaptive_h_estimate_num_directions=3,
adaptive_h_estimate_reduce=mean,
adaptive_h_max=0.5,
adaptive_h_min=1e-05,
adaptive_h_probe_buffer_size=64,
adjust_for_init=False,
array_id=-1,
auto_find_batch_size=False,
average_tokens_across_devices=False,
batch_eval_metrics=False,
bf16=False,
bf16_full_eval=False,
binary_classification=False,
change_grad_estimate=False,
data_seed=16,
dataloader_drop_last=False,
dataloader_num_workers=0,
dataloader_persistent_workers=False,
dataloader_pin_memory=True,
dataloader_prefetch_factor=None,
dataloader_shuffle=False,
ddp_backend=None,
ddp_broadcast_buffers=None,
ddp_bucket_cap_mb=None,
ddp_find_unused_parameters=None,
ddp_timeout=1800,
debug=[],
deepspeed=None,
dh_h_growth=2.0,
dh_max_trials=10,
dh_test_h=0.01,
disable_tqdm=False,
do_eval=True,
do_predict=True,
do_train=True,
efficient_zero_order=True,
efficient_zero_order_fp16=False,
enable_additive_h_estimation=False,
enable_two_point_h_estimation=False,
eval_accumulation_steps=None,
eval_delay=0,
eval_do_concat_batches=True,
eval_on_start=False,
eval_steps=5000.0,
eval_strategy=IntervalStrategy.NO,
eval_use_gather_object=False,
evaluate_during_training=True,
exclude_embeddings=False,
exclude_first_layers=-1,
exclude_head=False,
f0_scaling=1.0,
fix_layers=0,
fp16=False,
fp16_backend=auto,
fp16_full_eval=False,
fp16_opt_level=O1,
from_linearhead=False,
fsdp=[],
fsdp_config={'min_num_params': 0, 'xla': False, 'xla_fsdp_v2': False, 'xla_fsdp_grad_ckpt': False},
fsdp_min_num_params=0,
fsdp_transformer_layer_cls_to_wrap=None,
full_determinism=False,
gradient_accumulation_steps=1,
gradient_checkpointing=False,
gradient_checkpointing_kwargs=None,
greater_is_better=None,
group_by_length=False,
h_estimation_active_source=fixed,
h_trunc_alpha=1.0,
half_precision_backend=auto,
head_tuning=False,
hf_inference_model=False,
hizoo_hessian_smooth_type=constant0,
hub_always_push=False,
hub_model_id=None,
hub_private_repo=None,
hub_revision=None,
hub_strategy=HubStrategy.EVERY_SAVE,
hub_token=<HUB_TOKEN>,
ignore_data_skip=False,
include_for_metrics=[],
include_inputs_for_metrics=False,
include_num_input_tokens_seen=False,
include_tokens_per_second=False,
initial_h=0.001,
jit_mode_eval=False,
kernel_formula=sgd,
kernel_gamma=1.0,
kernel_regularization=0.0,
kernel_solver=logistic,
label_names=None,
label_smoothing_factor=0.0,
layer_wise_optim=False,
learning_rate=1e-06,
length_column_name=length,
liger_kernel_config=None,
load_best_model_at_end=False,
load_kernels=None,
local_rank=-1,
log_file=log-USE_H0-USE_C0,
log_level=passive,
log_level_replica=warning,
log_on_each_node=True,
logging_dir=/scratch/jy03364/MeZO_/experiments/speed_bench_h100/zo_method_matrix_20260418/roberta-large/BoolQ/int8/sparse_mezo/run/seed16/runs/Apr18_20-21-08_ra7-1,
logging_first_step=False,
logging_nan_inf_filter=True,
logging_steps=10,
logging_strategy=IntervalStrategy.STEPS,
lozo_beta1=0.9,
lozo_rank=2,
lozo_step_interval=50,
lp_early_stopping=False,
lr_scheduler_kwargs={},
lr_scheduler_type=SchedulerType.CONSTANT,
max_grad_norm=1.0,
max_steps=5,
max_zo_forward_steps=0,
mc_tol=0.1,
measure_perf_tail=True,
measure_perf_tail_window_steps=3,
metric_for_best_model=None,
model_id=-1,
mp_parameters=,
neftune_noise_alpha=None,
no_cuda=False,
no_predict=False,
no_reparam=False,
no_train=False,
norm_running_update=False,
nu3_retry=3,
num_hvp_vecs=128,
num_prefix=10,
num_train_epochs=3.0,
only_biases=False,
optim=OptimizerNames.ADAMW_TORCH,
optim_args=None,
optim_target_modules=None,
optimize_acc=False,
optimizer=sgd,
optimizer_variant=,
output_dir=/scratch/jy03364/MeZO_/experiments/speed_bench_h100/zo_method_matrix_20260418/roberta-large/BoolQ/int8/sparse_mezo/run/seed16,
overwrite_kernels=False,
overwrite_output_dir=True,
parallelism_config=None,
past_index=-1,
per_device_eval_batch_size=4,
per_device_train_batch_size=32,
prediction_loss_only=False,
prefix_init_by_real_act=False,
prefix_tuning=False,
prob_as_feature=False,
push_to_hub=False,
push_to_hub_model_id=None,
push_to_hub_organization=None,
push_to_hub_token=<PUSH_TO_HUB_TOKEN>,
random_model_init=False,
ray_scope=last,
recompute_norms=False,
remove_unused_columns=True,
report_to=[],
restore_callback_states_from_checkpoint=False,
resume_from_checkpoint=None,
run_name=None,
save_at_last=False,
save_logit=False,
save_logit_dir=None,
save_on_each_node=False,
save_only_model=False,
save_safetensors=True,
save_steps=500,
save_strategy=SaveStrategy.STEPS,
save_total_limit=None,
scale_lr_with_samples=False,
scale_norm_by_num_params=False,
seed=16,
skip_memory_metrics=True,
sparse_log_active_fraction=True,
sparse_mask_refresh_steps=0,
sparse_mask_strategy=percentile_per_layer,
sparse_ratio=0.25,
sparse_scope=trainable_only,
sweep=False,
sync_embedding_layers=False,
tf32=None,
tie_emb=False,
torch_compile=False,
torch_compile_backend=None,
torch_compile_mode=None,
torch_empty_cache_steps=None,
torchdynamo=None,
tpu_metrics_debug=False,
tpu_num_cores=None,
trainer=standard,
two_point_h_beta=0.5,
two_point_h_c2=1.0,
two_point_h_delta_sample_size=4096,
two_point_h_eps_num=1e-12,
two_point_h_fixed_probe_batch=True,
two_point_h_log_csv=True,
two_point_h_max=0.5,
two_point_h_min=1e-05,
two_point_h_num_directions_g=4,
two_point_h_num_directions_l=4,
two_point_h_q_l=0.5,
two_point_h_refresh_every=100,
two_point_h_window_delta=3,
two_point_h_window_g=5,
two_point_h_window_l=5,
untie_emb=False,
update_noise_every=1000,
use_adaptive_h=False,
use_c_scale=False,
use_cpu=False,
use_ipex=False,
use_legacy_prediction_loop=False,
use_liger_kernel=False,
use_mps_device=False,
use_torchao_float8=False,
use_zo_grad_est=False,
warmup_ratio=0.0,
warmup_steps=0,
weight_decay=0.0,
zero_order_clip_grad=False,
zero_order_eps=0.0001,
zero_order_optim=True,
zero_order_sample=1,
zero_order_sample_scheduler=None,
zero_order_use_trainer_optim=False,
zo_by_layer=False,
zo_method=sparse_mezo,
zo_probe_every=0,
zo_probe_log_csv=True,
zo_probe_num_seeds=16,
zo_quantization=int8,
zo_quantization_bits=8,
zo_two_point_precision=fp16,
zo_use_true_directional_derivative=False,
zo_variant=None,
)
INFO:__main__:[zo-config] zo_two_point_precision=fp16 | zero_order_eps=0.0001 | zo_use_true_directional_derivative=False
INFO:__main__:[quzo-config] zo_quantization_bits=8 | quzo_enabled=True
INFO:__main__:[sparse-mezo-config] enabled=True | sparse_ratio=0.25 | sparse_mask_strategy=percentile_per_layer | sparse_scope=trainable_only | sparse_log_active_fraction=True | sparse_mask_refresh_steps=0
INFO:__main__:[sparse-mezo-config] ratio semantics: sparse_ratio targets the active fraction per trainable tensor; ratio=1.0 disables masking. Order: refresh thresholds+mask on the configured cadence -> sample sparse-aware direction -> apply QuZO snapping after the sparse perturb/update path when low-bit QuZO is active.
INFO:__main__:Task name: boolq, number of labels: 2, output mode: classification
INFO:__main__:[data] dataset_mode requested=full resolved=full
INFO:__main__:[data] task_dir=BoolQ data_seed=16
INFO:__main__:[data] auto_download=0 original_data_root=/scratch/jy03364/MeZO_/medium_models/data/original
INFO:__main__:[data] auto_generate=0 target=/scratch/jy03364/MeZO_/medium_models/data/k-shot-1k-test/BoolQ/full-16
INFO:__main__:[data] resolved_data_dir=/scratch/jy03364/MeZO_/medium_models/data/k-shot-1k-test/BoolQ/full-16
WARNING:src.models:By default for RoBERTa models the input embeddings and the output embeddings are NOT tied!!!!
Some weights of RobertaModelForPromptFinetuning were not initialized from the model checkpoint at roberta-large and are newly initialized: ['classifier.bias', 'classifier.weight', 'lm_head.decoder.weight', 'roberta.pooler.dense.bias', 'roberta.pooler.dense.weight']
You should probably TRAIN this model on a down-stream task to be able to use it for predictions and inference.
INFO:src.dataset:Label 0 to word ĠNo (440)
INFO:src.dataset:Label 1 to word ĠYes (3216)
INFO:src.dataset:Total num_sample for mode train: 1
INFO:src.dataset:Creating/loading examples from dataset file at /scratch/jy03364/MeZO_/medium_models/data/k-shot-1k-test/BoolQ/full-16
INFO:src.dataset:[FewShotDataset] Skip cache in TRAIN mode to avoid OOM on large datasets (e.g., MNLI).
INFO:src.dataset:Creating features from dataset file at /scratch/jy03364/MeZO_/medium_models/data/k-shot-1k-test/BoolQ/full-16
INFO:src.dataset:Label 0 to word ĠNo (440)
INFO:src.dataset:Label 1 to word ĠYes (3216)
INFO:src.dataset:Total num_sample for mode dev: 1
INFO:src.dataset:Creating/loading examples from dataset file at /scratch/jy03364/MeZO_/medium_models/data/k-shot-1k-test/BoolQ/full-16
/scratch/jy03364/MeZO_/medium_models/src/dataset.py:363: FutureWarning: You are using `torch.load` with `weights_only=False` (the current default value), which uses the default pickle module implicitly. It is possible to construct malicious pickle data which will execute arbitrary code during unpickling (See https://github.com/pytorch/pytorch/blob/main/SECURITY.md#untrusted-models for more details). In a future release, the default value for `weights_only` will be flipped to `True`. This limits the functions that could be executed during unpickling. Arbitrary objects will no longer be allowed to be loaded via this mode unless they are explicitly allowlisted by the user via `torch.serialization.add_safe_globals`. We recommend you start setting `weights_only=True` for any use case where you don't have full control of the loaded file. Please open an issue on GitHub for any issues related to this experimental feature.
  self.support_examples, self.query_examples = torch.load(cached_features_file)
INFO:src.dataset:Loading features from cached file /scratch/jy03364/MeZO_/medium_models/data/k-shot-1k-test/BoolQ/full-16/cached_dev_RobertaTokenizerFast-roberta_512_boolq [took 0.024 s]
INFO:src.dataset:*** Example ***
INFO:src.dataset:guid: dev-3697
INFO:src.dataset:features: OurInputFeatures(input_ids=[0, 1121, 392, 193, 6, 5, 651, 21, 7867, 13, 10, 507, 3821, 191, 17402, 9, 820, 7585, 6, 61, 4760, 10, 3793, 18660, 4, 10426, 423, 6, 14309, 36, 7083, 4060, 14968, 43, 8842, 11, 5, 18588, 3757, 9, 22296, 1499, 9754, 11, 3417, 6, 663, 19, 69, 3128, 12630, 10, 3421, 1040, 7, 465, 69, 1150, 4858, 9059, 36, 19843, 344, 4, 580, 43, 54, 16, 956, 30, 39, 284, 4, 44217, 31, 5, 188, 2271, 45363, 5761, 58, 1146, 7, 22296, 1499, 9754, 223, 10, 92, 26020, 8, 32, 2037, 11, 10, 2227, 3050, 3329, 34800, 36, 495, 8295, 12715, 43, 8, 4645, 31103, 5193, 36, 39767, 21194, 459, 660, 5557, 43, 1060, 2702, 750, 19, 8133, 8432, 4393, 36, 16750, 1916, 21636, 43, 16, 1487, 25, 157, 25, 5, 30490, 9, 925, 4, 19127, 718, 906, 36, 18322, 5075, 322, 1596, 14490, 36191, 77, 5, 5237, 9, 27383, 38814, 13772, 2911, 990, 33312, 4245, 8, 27383, 4858, 9059, 25, 51, 6197, 8, 32887, 1626, 15, 358, 3768, 108, 1372, 41677, 30, 18246, 106, 11, 10, 2559, 41653, 88, 49, 308, 2559, 527, 17788, 6, 981, 7, 951, 442, 5, 7017, 9802, 4, 15680, 35, 32, 51, 202, 442, 5, 311, 683, 2115, 10, 86, 31652, 35, 50264, 4, 2], attention_mask=[1, 1, 1, 1, 1, 1, 1, 1, 1, 1, 1, 1, 1, 1, 1, 1, 1, 1, 1, 1, 1, 1, 1, 1, 1, 1, 1, 1, 1, 1, 1, 1, 1, 1, 1, 1, 1, 1, 1, 1, 1, 1, 1, 1, 1, 1, 1, 1, 1, 1, 1, 1, 1, 1, 1, 1, 1, 1, 1, 1, 1, 1, 1, 1, 1, 1, 1, 1, 1, 1, 1, 1, 1, 1, 1, 1, 1, 1, 1, 1, 1, 1, 1, 1, 1, 1, 1, 1, 1, 1, 1, 1, 1, 1, 1, 1, 1, 1, 1, 1, 1, 1, 1, 1, 1, 1, 1, 1, 1, 1, 1, 1, 1, 1, 1, 1, 1, 1, 1, 1, 1, 1, 1, 1, 1, 1, 1, 1, 1, 1, 1, 1, 1, 1, 1, 1, 1, 1, 1, 1, 1, 1, 1, 1, 1, 1, 1, 1, 1, 1, 1, 1, 1, 1, 1, 1, 1, 1, 1, 1, 1, 1, 1, 1, 1, 1, 1, 1, 1, 1, 1, 1, 1, 1, 1, 1, 1, 1, 1, 1, 1, 1, 1, 1, 1, 1, 1, 1, 1, 1, 1, 1, 1, 1, 1, 1, 1, 1, 1, 1, 1, 1, 1, 1, 1, 1, 1, 1, 1, 1, 1, 1, 1], token_type_ids=None, label=0, mask_pos=[210], label_word_list=None, sfc_input_ids=None, sfc_attention_mask=None, sfc_mask_pos=None)
INFO:src.dataset:text: <s>In May 2017, the series was renewed for a final seventh season consisting of 22 episodes, which marked a soft reboot. Years later, Lucy (Alison Fernandez) arrives in the fictional neighborhood of Hyperion Heights in Seattle, Washington with her Once Upon a Time book to find her father Henry Mills (Andrew J. West) who is needed by his family. Characters from the New Enchanted Forest were brought to Hyperion Heights under a new curse and are caught in a rising conflict involving Cinderella (Dania Ramirez) and Lady Tremaine (Gabrielle Anwar) whose dangerous history with Mother Gothel (Emma Booth) is revealed as well as the agendas of Dr. Facilier (Daniel Francis). Two worlds collide when the arrival of Wish Realm Rumplestiltskin and Wish Henry Mills as they plot and culminates on every characters' happy endings by separating them in a separate realms into their own separate storybooks, leading to someone making the ultimate sacrifice. Question: are they still making the show once upon a time Answer:<mask>.</s>
Token indices sequence length is longer than the specified maximum sequence length for this model (886 > 512). Running this sequence through the model will result in indexing errors
INFO:src.dataset:Label 0 to word ĠNo (440)
INFO:src.dataset:Label 1 to word ĠYes (3216)
INFO:src.dataset:Total num_sample for mode test: 1
INFO:src.dataset:Creating/loading examples from dataset file at /scratch/jy03364/MeZO_/medium_models/data/k-shot-1k-test/BoolQ/full-16
INFO:src.dataset:Loading features from cached file /scratch/jy03364/MeZO_/medium_models/data/k-shot-1k-test/BoolQ/full-16/cached_test_RobertaTokenizerFast-roberta_512_boolq [took 0.025 s]
INFO:src.dataset:*** Example ***
INFO:src.dataset:guid: test-0
INFO:src.dataset:features: OurInputFeatures(input_ids=[0, 3684, 36782, 1411, 149, 23, 513, 103, 9, 209, 2402, 35, 24, 782, 7, 28, 3831, 6, 4786, 6, 16380, 6, 39903, 6, 41146, 6, 8, 7685, 4, 404, 9, 209, 2402, 2703, 1915, 8, 41, 2112, 4, 20, 746, 1280, 9, 1007, 8135, 88, 5, 609, 1118, 7, 5, 1007, 703, 30, 6574, 5, 5203, 24731, 2423, 16, 684, 25, 5, 1007, 2394, 36, 368, 45518, 18261, 1835, 15, 1007, 5221, 17809, 322, 17907, 11603, 11, 10, 3010, 266, 30, 496, 23649, 10202, 477, 7, 6473, 775, 13, 7636, 24731, 2622, 11, 5, 382, 35, 65, 1933, 9, 11422, 12, 20118, 1007, 16, 1552, 7, 1045, 112, 4, 246, 1007, 2833, 31, 5, 5203, 24731, 4, 20, 1007, 2394, 13, 4696, 438, 1728, 24731, 2622, 11, 2910, 16, 55, 9879, 6, 19, 65, 1933, 9, 11422, 12, 20118, 1007, 1552, 7, 1045, 290, 31, 5, 24731, 4, 2169, 2394, 2785, 32, 45, 2773, 2622, 6, 4634, 3617, 215, 690, 33, 57, 5129, 14, 32, 31515, 4, 286, 4327, 6, 10, 2559, 2658, 690, 14, 931, 9, 24731, 31, 4696, 438, 1728, 6, 61, 3441, 10, 10602, 2147, 7, 1733, 1152, 6608, 6, 2886, 31, 290, 7, 361, 2833, 9, 1007, 13, 349, 1933, 42435, 6, 25, 1118, 7, 7636, 6, 61, 129, 2886, 59, 112, 4, 3079, 2833, 9, 2423, 1007, 13, 349, 1933, 9, 1007, 42435, 4, 83, 3503, 589, 9, 886, 10817, 892, 6, 71, 18999, 411, 2559, 3218, 6, 4633, 14, 5591, 24731, 31, 7636, 2939, 203, 540, 14304, 87, 5591, 9358, 4, 15680, 35, 473, 24731, 185, 55, 1007, 146, 14, 9108, 31652, 35, 50264, 4, 2], attention_mask=[1, 1, 1, 1, 1, 1, 1, 1, 1, 1, 1, 1, 1, 1, 1, 1, 1, 1, 1, 1, 1, 1, 1, 1, 1, 1, 1, 1, 1, 1, 1, 1, 1, 1, 1, 1, 1, 1, 1, 1, 1, 1, 1, 1, 1, 1, 1, 1, 1, 1, 1, 1, 1, 1, 1, 1, 1, 1, 1, 1, 1, 1, 1, 1, 1, 1, 1, 1, 1, 1, 1, 1, 1, 1, 1, 1, 1, 1, 1, 1, 1, 1, 1, 1, 1, 1, 1, 1, 1, 1, 1, 1, 1, 1, 1, 1, 1, 1, 1, 1, 1, 1, 1, 1, 1, 1, 1, 1, 1, 1, 1, 1, 1, 1, 1, 1, 1, 1, 1, 1, 1, 1, 1, 1, 1, 1, 1, 1, 1, 1, 1, 1, 1, 1, 1, 1, 1, 1, 1, 1, 1, 1, 1, 1, 1, 1, 1, 1, 1, 1, 1, 1, 1, 1, 1, 1, 1, 1, 1, 1, 1, 1, 1, 1, 1, 1, 1, 1, 1, 1, 1, 1, 1, 1, 1, 1, 1, 1, 1, 1, 1, 1, 1, 1, 1, 1, 1, 1, 1, 1, 1, 1, 1, 1, 1, 1, 1, 1, 1, 1, 1, 1, 1, 1, 1, 1, 1, 1, 1, 1, 1, 1, 1, 1, 1, 1, 1, 1, 1, 1, 1, 1, 1, 1, 1, 1, 1, 1, 1, 1, 1, 1, 1, 1, 1, 1, 1, 1, 1, 1, 1, 1, 1, 1, 1, 1, 1, 1, 1, 1, 1, 1, 1, 1, 1, 1, 1, 1, 1, 1, 1, 1, 1, 1, 1, 1, 1, 1, 1, 1, 1, 1, 1], token_type_ids=None, label=0, mask_pos=[270], label_word_list=None, sfc_input_ids=None, sfc_attention_mask=None, sfc_mask_pos=None)
INFO:src.dataset:text: <s>All biomass goes through at least some of these steps: it needs to be grown, collected, dried, fermented, distilled, and burned. All of these steps require resources and an infrastructure. The total amount of energy input into the process compared to the energy released by burning the resulting ethanol fuel is known as the energy balance (or ``energy returned on energy invested''). Figures compiled in a 2007 report by National Geographic Magazine point to modest results for corn ethanol produced in the US: one unit of fossil-fuel energy is required to create 1.3 energy units from the resulting ethanol. The energy balance for sugarcane ethanol produced in Brazil is more favorable, with one unit of fossil-fuel energy required to create 8 from the ethanol. Energy balance estimates are not easily produced, thus numerous such reports have been generated that are contradictory. For instance, a separate survey reports that production of ethanol from sugarcane, which requires a tropical climate to grow productively, returns from 8 to 9 units of energy for each unit expended, as compared to corn, which only returns about 1.34 units of fuel energy for each unit of energy expended. A 2006 University of California Berkeley study, after analyzing six separate studies, concluded that producing ethanol from corn uses much less petroleum than producing gasoline. Question: does ethanol take more energy make that produces Answer:<mask>.</s>
INFO:__main__:[quzo-config] quantized model parameters in-place at 8 bits before ZO training
huggingface/tokenizers: The current process just got forked, after parallelism has already been used. Disabling parallelism to avoid deadlocks...
To disable this warning, you can either:
	- Avoid using `tokenizers` before the fork if possible
	- Explicitly set the environment variable TOKENIZERS_PARALLELISM=(true | false)
INFO:src.trainer:[dataloader][debug] self class=Trainer, get_train_dataloader=<bound method Trainer.get_train_dataloader of <src.trainer.Trainer object at 0x14634dc4bfe0>>
INFO:src.trainer:[dataloader][override] Trainer.get_train_dataloader active. shuffle_raw=False type=bool -> shuffle=False; data_seed=16 seed=16 local_rank=-1
INFO:src.trainer:[dataloader][override] selected sampler=SequentialSampler
INFO:src.trainer:[dataloader] sampler=SequentialSampler, batch_sampler=BatchSampler
INFO:src.trainer:[dataloader] training uses SequentialSampler (no shuffle).
INFO:src.trainer:[dataloader] args.dataloader_shuffle=False
INFO:src.trainer:[dataloader] args.data_seed=16 args.seed=16
INFO:src.trainer:***** Running training *****
INFO:src.trainer:  Num examples = 8485
INFO:src.trainer:  Num Epochs = 1
INFO:src.trainer:  Instantaneous batch size per device = 32
INFO:src.trainer:  Total train batch size (w. parallel, distributed & accumulation) = 32
INFO:src.trainer:  Gradient Accumulation steps = 1
INFO:src.trainer:  Total optimization steps = 5
INFO:src.trainer:[zo-config] zo_two_point_precision=fp16 | zero_order_eps=0.0001 | zo_use_true_directional_derivative=False
INFO:src.trainer:[h_estimation][init] h0=1.000e-03 active_source=fixed additive=False two_point=False
You're using a RobertaTokenizerFast tokenizer. Please note that with a fast tokenizer, using the `__call__` method is faster than using a method to encode the text followed by a call to the `pad` method to get a padded encoding.
INFO:src.trainer:[sparse-mezo] global_step=0 active_fraction=0.285070 active_params=116290021/407935067 configured_ratio=0.250000 mask_strategy=percentile_per_layer scope=trainable_only
/scratch/jy03364/MeZO_/medium_models/src/trainer.py:2281: FutureWarning: `torch.cuda.amp.autocast(args...)` is deprecated. Please use `torch.amp.autocast('cuda', args...)` instead.
  return autocast(dtype=torch.float16)
INFO:src.trainer:{'loss': 0.676483154296875, 'learning_rate': 1e-06, 'global_step': 0, 'zo_forward_step': 2, 'max_steps': 5, 'max_zo_forward_steps': 0, 'time': 4, 'eps': 0.0001, 'sparse_active_fraction': 0.2850699300141314}
INFO:src.trainer:[sparse-mezo] global_step=1 active_fraction=0.285070 active_params=116290021/407935067 configured_ratio=0.250000 mask_strategy=percentile_per_layer scope=trainable_only
INFO:src.trainer:[perf-tail] measurement enabled: start_step=3 window_steps=3 total_train_batch_size=32
INFO:src.trainer:

Training completed. Do not forget to share your model on huggingface.co/models =)


INFO:src.trainer:[perf-tail] measured_steps=4 wallclock_per_step=1.474854 samples_per_second=21.697069 max_gpu_memory_gb=4.2337
INFO:__main__:evaluate_during_training=True but no in-memory best checkpoint was recorded; keeping the current model weights.
INFO:__main__:*** Validate ***
/home/jy03364/.conda/envs/ciao/lib/python3.12/site-packages/transformers/trainer_pt_utils.py:476: FutureWarning: DistributedTensorGatherer is deprecated and will be removed in v5 of Transformers.
  warnings.warn(

  0%|          | 0/236 [00:00<?, ?it/s]
  2%|▏         | 5/236 [00:00<00:05, 45.76it/s]
  4%|▍         | 10/236 [00:00<00:05, 41.06it/s]
  6%|▋         | 15/236 [00:00<00:05, 37.84it/s]
  8%|▊         | 19/236 [00:00<00:05, 36.96it/s]
 10%|▉         | 23/236 [00:00<00:05, 36.99it/s]
 11%|█▏        | 27/236 [00:00<00:05, 36.82it/s]
 13%|█▎        | 31/236 [00:00<00:05, 35.23it/s]
 15%|█▍        | 35/236 [00:00<00:05, 33.54it/s]
 17%|█▋        | 40/236 [00:01<00:05, 35.32it/s]
 19%|█▊        | 44/236 [00:01<00:05, 35.25it/s]
 20%|██        | 48/236 [00:01<00:05, 35.47it/s]
 22%|██▏       | 52/236 [00:01<00:05, 36.65it/s]
 24%|██▎       | 56/236 [00:01<00:04, 36.63it/s]
 25%|██▌       | 60/236 [00:01<00:04, 36.75it/s]
 27%|██▋       | 64/236 [00:01<00:04, 36.62it/s]
 29%|██▉       | 68/236 [00:01<00:04, 34.39it/s]
 31%|███       | 73/236 [00:02<00:04, 34.92it/s]
 33%|███▎      | 77/236 [00:02<00:04, 34.97it/s]
 34%|███▍      | 81/236 [00:02<00:04, 33.23it/s]
 36%|███▋      | 86/236 [00:02<00:04, 34.12it/s]
 38%|███▊      | 90/236 [00:02<00:04, 35.06it/s]
 40%|███▉      | 94/236 [00:02<00:04, 34.95it/s]
 42%|████▏     | 98/236 [00:02<00:03, 34.67it/s]
 43%|████▎     | 102/236 [00:02<00:03, 34.10it/s]
 45%|████▍     | 106/236 [00:02<00:03, 34.39it/s]
 47%|████▋     | 110/236 [00:03<00:03, 35.03it/s]
 48%|████▊     | 114/236 [00:03<00:03, 34.61it/s]
 50%|█████     | 118/236 [00:03<00:03, 33.04it/s]
 52%|█████▏    | 122/236 [00:03<00:03, 34.58it/s]
 53%|█████▎    | 126/236 [00:03<00:03, 35.56it/s]
 55%|█████▌    | 130/236 [00:03<00:02, 35.39it/s]
 57%|█████▋    | 134/236 [00:03<00:02, 35.14it/s]
 58%|█████▊    | 138/236 [00:03<00:02, 34.69it/s]
 61%|██████    | 143/236 [00:04<00:02, 36.70it/s]
 63%|██████▎   | 148/236 [00:04<00:02, 37.29it/s]
 64%|██████▍   | 152/236 [00:04<00:02, 36.28it/s]
 66%|██████▌   | 156/236 [00:04<00:02, 36.04it/s]
 68%|██████▊   | 161/236 [00:04<00:02, 37.18it/s]
 70%|██████▉   | 165/236 [00:04<00:01, 35.50it/s]
 72%|███████▏  | 169/236 [00:04<00:01, 35.62it/s]
 73%|███████▎  | 173/236 [00:04<00:01, 36.52it/s]
 75%|███████▌  | 178/236 [00:04<00:01, 39.21it/s]
 77%|███████▋  | 182/236 [00:05<00:01, 38.53it/s]
 79%|███████▉  | 186/236 [00:05<00:01, 37.50it/s]
 81%|████████  | 190/236 [00:05<00:01, 36.52it/s]
 82%|████████▏ | 194/236 [00:05<00:01, 36.19it/s]
 84%|████████▍ | 199/236 [00:05<00:00, 37.70it/s]
 86%|████████▌ | 203/236 [00:05<00:00, 38.32it/s]
 88%|████████▊ | 207/236 [00:05<00:00, 38.36it/s]
 89%|████████▉ | 211/236 [00:05<00:00, 37.15it/s]
 91%|█████████ | 215/236 [00:05<00:00, 37.32it/s]
 93%|█████████▎| 219/236 [00:06<00:00, 37.92it/s]
 94%|█████████▍| 223/236 [00:06<00:00, 37.18it/s]
 96%|█████████▌| 227/236 [00:06<00:00, 36.92it/s]
 98%|█████████▊| 231/236 [00:06<00:00, 36.17it/s]
100%|█████████▉| 235/236 [00:06<00:00, 35.94it/s]INFO:src.trainer:{'eval_loss': 0.6571998596191406, 'eval_acc': 0.6231422505307855}
INFO:__main__:***** Eval results boolq *****
INFO:__main__:  eval_loss = 0.6571998596191406
INFO:__main__:  eval_acc = 0.6231422505307855

239it [00:06, 33.83it/s]                         
243it [00:06, 34.24it/s]
247it [00:06, 34.22it/s]
251it [00:07, 33.69it/s]
256it [00:07, 35.39it/s]
260it [00:07, 35.03it/s]
264it [00:07, 34.79it/s]
268it [00:07, 36.17it/s]
272it [00:07, 36.70it/s]
276it [00:07, 36.90it/s]
280it [00:07, 36.36it/s]
284it [00:07, 36.75it/s]
288it [00:08, 33.84it/s]
292it [00:08, 33.20it/s]
296it [00:08, 31.78it/s]
300it [00:08, 33.56it/s]
304it [00:08, 34.33it/s]
308it [00:08, 33.29it/s]
312it [00:08, 33.38it/s]
316it [00:08, 32.55it/s]
320it [00:09, 33.45it/s]
324it [00:09, 34.71it/s]
328it [00:09, 32.38it/s]
333it [00:09, 35.11it/s]
337it [00:09, 35.93it/s]
341it [00:09, 36.37it/s]
346it [00:09, 37.86it/s]
350it [00:09, 37.14it/s]
354it [00:09, 36.63it/s]
359it [00:10, 38.09it/s]
363it [00:10, 37.47it/s]
367it [00:10, 35.30it/s]
371it [00:10, 35.33it/s]
376it [00:10, 36.86it/s]
380it [00:10, 35.13it/s]
384it [00:10, 33.84it/s]
388it [00:10, 34.88it/s]
393it [00:11, 36.65it/s]
397it [00:11, 36.01it/s]
401it [00:11, 35.38it/s]
405it [00:11, 35.76it/s]
409it [00:11, 34.83it/s]
414it [00:11, 36.55it/s]
418it [00:11, 35.70it/s]
422it [00:11, 34.04it/s]
426it [00:11, 34.31it/s]
430it [00:12, 34.62it/s]
435it [00:12, 35.77it/s]
439it [00:12, 36.11it/s]
443it [00:12, 35.90it/s]
447it [00:12, 35.73it/s]
451it [00:12, 34.93it/s]
456it [00:12, 37.55it/s]
461it [00:12, 38.38it/s]
465it [00:13, 37.28it/s]
469it [00:13, 36.08it/s]
473it [00:13, 35.03it/s]
477it [00:13, 35.91it/s]
481it [00:13, 34.24it/s]
486it [00:13, 36.20it/s]
490it [00:13, 36.06it/s]
494it [00:13, 35.15it/s]
498it [00:13, 33.83it/s]
502it [00:14, 34.28it/s]
506it [00:14, 34.57it/s]
511it [00:14, 35.44it/s]
515it [00:14, 36.21it/s]
519it [00:14, 36.70it/s]
523it [00:14, 35.88it/s]
527it [00:14, 37.00it/s]
531it [00:14, 37.82it/s]
535it [00:14, 37.08it/s]
539it [00:15, 37.90it/s]
543it [00:15, 36.92it/s]
547it [00:15, 36.65it/s]
551it [00:15, 36.97it/s]
555it [00:15, 35.80it/s]
559it [00:15, 35.68it/s]
563it [00:15, 33.37it/s]
567it [00:15, 34.13it/s]
571it [00:16, 33.71it/s]
575it [00:16, 34.84it/s]
579it [00:16, 32.92it/s]
583it [00:16, 34.40it/s]
587it [00:16, 34.33it/s]
591it [00:16, 34.48it/s]
595it [00:16, 34.71it/s]
600it [00:16, 36.25it/s]
604it [00:16, 36.41it/s]
608it [00:17, 35.80it/s]
612it [00:17, 35.73it/s]
616it [00:17, 36.51it/s]
620it [00:17, 36.90it/s]
624it [00:17, 36.34it/s]
628it [00:17, 35.76it/s]
632it [00:17, 35.94it/s]
636it [00:17, 35.78it/s]
641it [00:17, 37.24it/s]
646it [00:18, 38.21it/s]
651it [00:18, 38.77it/s]
655it [00:18, 37.80it/s]
659it [00:18, 35.61it/s]
663it [00:18, 36.59it/s]
667it [00:18, 36.46it/s]
671it [00:18, 36.79it/s]
675it [00:18, 36.18it/s]
679it [00:19, 35.94it/s]
684it [00:19, 36.78it/s]
688it [00:19, 36.95it/s]
693it [00:19, 38.02it/s]
697it [00:19, 35.95it/s]
701it [00:19, 36.90it/s]
706it [00:19, 35.80it/s]
711it [00:19, 37.47it/s]
715it [00:19, 35.35it/s]
719it [00:20, 36.15it/s]
723it [00:20, 34.28it/s]
727it [00:20, 35.39it/s]
731it [00:20, 35.93it/s]
735it [00:20, 35.24it/s]
739it [00:20, 33.37it/s]
743it [00:20, 35.10it/s]
747it [00:20, 36.43it/s]
751it [00:20, 37.42it/s]
755it [00:21, 36.34it/s]
759it [00:21, 36.28it/s]
763it [00:21, 36.13it/s]
767it [00:21, 34.88it/s]
771it [00:21, 36.07it/s]
775it [00:21, 32.31it/s]
779it [00:21, 33.51it/s]
783it [00:21, 34.23it/s]
788it [00:22, 35.24it/s]
792it [00:22, 35.29it/s]
797it [00:22, 36.99it/s]
801it [00:22, 37.38it/s]
805it [00:22, 35.45it/s]
809it [00:22, 35.34it/s]
813it [00:22, 34.04it/s]
817it [00:22, 34.96it/s]
821it [00:22, 35.09it/s]
825it [00:23, 35.18it/s]
829it [00:23, 33.57it/s]
833it [00:23, 34.62it/s]
837it [00:23, 35.69it/s]
841it [00:23, 36.11it/s]
845it [00:23, 35.77it/s]
850it [00:23, 36.44it/s]
854it [00:23, 37.25it/s]
858it [00:24, 37.72it/s]
862it [00:24, 38.03it/s]
866it [00:24, 37.07it/s]
870it [00:24, 37.69it/s]
874it [00:24, 35.42it/s]
878it [00:24, 36.08it/s]
882it [00:24, 36.16it/s]
887it [00:24, 37.61it/s]
891it [00:24, 37.78it/s]
895it [00:25, 37.70it/s]
899it [00:25, 36.83it/s]
903it [00:25, 37.29it/s]
907it [00:25, 37.11it/s]
911it [00:25, 37.93it/s]
916it [00:25, 38.32it/s]
921it [00:25, 39.01it/s]
925it [00:25, 36.94it/s]
929it [00:25, 37.75it/s]
933it [00:26, 35.53it/s]
938it [00:26, 37.68it/s]
942it [00:26, 37.27it/s]
946it [00:26, 36.85it/s]
950it [00:26, 33.50it/s]
954it [00:26, 33.84it/s]
958it [00:26, 32.51it/s]
962it [00:26, 33.88it/s]
966it [00:27, 33.91it/s]
970it [00:27, 33.78it/s]
974it [00:27, 33.25it/s]
978it [00:27, 34.31it/s]
983it [00:27, 36.68it/s]
987it [00:27, 35.88it/s]
991it [00:27, 34.60it/s]
995it [00:27, 32.59it/s]
999it [00:27, 33.45it/s]
1003it [00:28, 34.35it/s]
1007it [00:28, 35.11it/s]
1012it [00:28, 36.78it/s]
1016it [00:28, 36.83it/s]
1020it [00:28, 37.69it/s]
1024it [00:28, 36.99it/s]
1028it [00:28, 36.37it/s]
1033it [00:28, 37.58it/s]
1037it [00:29, 34.94it/s]
1041it [00:29, 34.80it/s]
1045it [00:29, 35.15it/s]
1049it [00:29, 35.78it/s]
1053it [00:29, 36.33it/s]INFO:src.trainer:{'eval_loss': 0.6592205762863159, 'eval_acc': 0.6207951070336392}
INFO:__main__:***** Test results boolq *****
INFO:__main__:  eval_loss = 0.6592205762863159
INFO:__main__:  eval_acc = 0.6207951070336392
INFO:__main__:****** Output Dir *******
INFO:__main__:/scratch/jy03364/MeZO_/experiments/speed_bench_h100/zo_method_matrix_20260418/roberta-large/BoolQ/int8/sparse_mezo/run/seed16

1054it [00:29, 35.74it/s]

TASK: BoolQ
K: 16
Seed: 16
Data seed: 16
Dataset mode: full
Full dev ratio: 0.1
BS: 32
LR: 1e-6
EPS: 1e-4
Step: 5; Eval step: 5000
Optimizer: sgd
Use trainer optimizer for ZO: False
Efficient zero order: True
Using adaptive h: False
Dataloader shuffle: False
Grid search tag: seed16-bs32-lr1e-6-eps1e-4-wd0-step5-evalstep5000
Tag: k16-roberta-large-mezo-zo-matrix-sparse_mezo-int8-boolq
Result root: /scratch/jy03364/MeZO_/experiments/speed_bench_h100/zo_method_matrix_20260418/roberta-large/BoolQ/int8/sparse_mezo
Job name: run
Output dir: /scratch/jy03364/MeZO_/experiments/speed_bench_h100/zo_method_matrix_20260418/roberta-large/BoolQ/int8/sparse_mezo/run/seed16
Dataset mode: full
Data root: data/k-shot-1k-test
Full dev ratio: 0.1
GPU数量: 1
RobertaConfig {
  "architectures": [
    "RobertaForMaskedLM"
  ],
  "attention_probs_dropout_prob": 0.1,
  "bos_token_id": 0,
  "classifier_dropout": null,
  "dtype": "float32",
  "eos_token_id": 2,
  "finetuning_task": "boolq",
  "hidden_act": "gelu",
  "hidden_dropout_prob": 0.1,
  "hidden_size": 1024,
  "initializer_range": 0.02,
  "intermediate_size": 4096,
  "layer_norm_eps": 1e-05,
  "max_position_embeddings": 514,
  "model_type": "roberta",
  "num_attention_heads": 16,
  "num_hidden_layers": 24,
  "pad_token_id": 1,
  "position_embedding_type": "absolute",
  "transformers_version": "4.56.0",
  "type_vocab_size": 1,
  "use_cache": true,
  "vocab_size": 50265
}


