[2026-05-21T01:21:24] starting int4_g128_rtnclip_k1_h1e-5_seed16_bs64_ckpt1k
[2026-05-21T01:21:28] step=1/20000 loss=2.01758 d_h=195.312 eval_acc=None active=0.0011379091983339572
[2026-05-21T01:23:49] step=100/20000 loss=1.81641 d_h=0 eval_acc=None active=0.0011379091983339572
[2026-05-21T01:26:12] step=200/20000 loss=1.58105 d_h=781.25 eval_acc=None active=0.0011935982633988998
[2026-05-21T01:28:36] step=300/20000 loss=2.04785 d_h=1855.47 eval_acc=None active=0.0010498658580047806
[2026-05-21T01:31:00] step=400/20000 loss=2.30859 d_h=-585.938 eval_acc=None active=0.001093787686655819
[2026-05-21T01:33:24] step=500/20000 loss=2.13867 d_h=-1367.19 eval_acc=None active=0.0008788359390749647
[2026-05-21T01:35:47] step=600/20000 loss=2.12305 d_h=1562.5 eval_acc=None active=0.0007987208586527661
[2026-05-21T01:38:10] step=700/20000 loss=1.91699 d_h=-3515.62 eval_acc=None active=0.0008508578157849264
[2026-05-21T01:40:34] step=800/20000 loss=2.18164 d_h=585.938 eval_acc=None active=0.0006747205112605478
[2026-05-21T01:42:57] step=900/20000 loss=2.80078 d_h=-4296.88 eval_acc=None active=0.0005742461993851338
[2026-05-21T01:45:27] step=1000/20000 loss=3.41797 d_h=-6835.94 eval_acc=0.16393442622950818 active=0.0005645657912262765
[2026-05-21T01:47:50] step=1100/20000 loss=7.0957 d_h=-25976.6 eval_acc=None active=0.00041209233163177144
[2026-05-21T01:50:14] step=1200/20000 loss=4.09961 d_h=-976.562 eval_acc=None active=0.0003321291228076491
[2026-05-21T01:52:36] step=1300/20000 loss=5.66211 d_h=1367.19 eval_acc=None active=0.00026198413155545315
[2026-05-21T01:55:00] step=1400/20000 loss=4.05469 d_h=2734.38 eval_acc=None active=0.000251668112634277
[2026-05-21T01:57:22] step=1500/20000 loss=6.07617 d_h=-15820.3 eval_acc=None active=0.00021433301144054373
[2026-05-21T01:59:45] step=1600/20000 loss=3.80273 d_h=-6835.94 eval_acc=None active=0.00019585530034127235
[2026-05-21T02:02:08] step=1700/20000 loss=7.78906 d_h=-4687.5 eval_acc=None active=0.0002147548769907554
[2026-05-21T02:04:31] step=1800/20000 loss=13.1133 d_h=-15234.4 eval_acc=None active=0.00018986762196526797
[2026-05-21T02:06:54] step=1900/20000 loss=16.043 d_h=-14453.1 eval_acc=None active=0.00018177905314920945
[2026-05-21T02:09:21] step=2000/20000 loss=8.92578 d_h=-2734.38 eval_acc=0.1791569086651054 active=0.000163382902722979
[2026-05-21T02:11:45] step=2100/20000 loss=8.77344 d_h=-3906.25 eval_acc=None active=0.0001687912190766927
[2026-05-21T02:14:07] step=2200/20000 loss=11.25 d_h=10156.2 eval_acc=None active=0.0001582670798174121
[2026-05-21T02:16:30] step=2300/20000 loss=18.4688 d_h=-15625 eval_acc=None active=0.00016177700119517324
[2026-05-21T02:18:53] step=2400/20000 loss=12.7148 d_h=-5859.37 eval_acc=None active=0.0001499816404112548
[2026-05-21T02:21:16] step=2500/20000 loss=7.01953 d_h=10156.2 eval_acc=None active=0.00012884898878265128
[2026-05-21T02:23:38] step=2600/20000 loss=5.09766 d_h=2343.75 eval_acc=None active=0.00014296742252973532
[2026-05-21T02:26:01] step=2700/20000 loss=6.03906 d_h=13671.9 eval_acc=None active=0.00014410364707830543
[2026-05-21T02:28:24] step=2800/20000 loss=11.3281 d_h=10156.2 eval_acc=None active=0.0001374719206289779
[2026-05-21T02:30:47] step=2900/20000 loss=19.9844 d_h=4687.5 eval_acc=None active=0.0001445986359905538
[2026-05-21T02:33:12] step=3000/20000 loss=18.9922 d_h=-10156.2 eval_acc=0.15105386416861827 active=0.00012240569561241827
[2026-05-21T02:35:34] step=3100/20000 loss=22.2656 d_h=-3125 eval_acc=None active=0.00012078291946260403
[2026-05-21T02:37:58] step=3200/20000 loss=19.9609 d_h=2343.75 eval_acc=None active=0.00013053363854649655
[2026-05-21T02:40:20] step=3300/20000 loss=8.44531 d_h=13281.2 eval_acc=None active=0.00012561749866802984
[2026-05-21T02:42:43] step=3400/20000 loss=13.9805 d_h=1171.88 eval_acc=None active=0.00011355776880597874
[2026-05-21T02:45:06] step=3500/20000 loss=12.0625 d_h=1562.5 eval_acc=None active=0.00010619762117328571
[2026-05-21T02:47:29] step=3600/20000 loss=19.625 d_h=-3125 eval_acc=None active=0.0001078063351380929
[2026-05-21T02:49:51] step=3700/20000 loss=21.7578 d_h=8593.75 eval_acc=None active=0.00010740415664689111
[2026-05-21T02:52:14] step=3800/20000 loss=23.2891 d_h=33593.8 eval_acc=None active=0.00010494046183365493
[2026-05-21T02:54:37] step=3900/20000 loss=20.3125 d_h=0 eval_acc=None active=0.00010244020533940039
[2026-05-21T02:57:04] step=4000/20000 loss=20.0625 d_h=-4687.5 eval_acc=0.25995316159250587 active=9.841279555337961e-05
[2026-05-21T02:59:28] step=4100/20000 loss=31.8984 d_h=13281.2 eval_acc=None active=9.718376058376293e-05
[2026-05-21T03:01:51] step=4200/20000 loss=37.4375 d_h=0 eval_acc=None active=0.00010521608065979322
[2026-05-21T03:04:13] step=4300/20000 loss=28.4609 d_h=-3906.25 eval_acc=None active=0.00010020713036027993
[2026-05-21T03:06:36] step=4400/20000 loss=29.3203 d_h=13281.2 eval_acc=None active=9.594066342913919e-05
[2026-05-21T03:08:59] step=4500/20000 loss=45.2344 d_h=-20312.5 eval_acc=None active=9.874466311954612e-05
[2026-05-21T03:11:22] step=4600/20000 loss=73.2812 d_h=15625 eval_acc=None active=0.00010062337103648878
[2026-05-21T03:13:45] step=4700/20000 loss=16.4688 d_h=25000 eval_acc=None active=9.687158007660628e-05
[2026-05-21T03:16:07] step=4800/20000 loss=33.125 d_h=-18750 eval_acc=None active=9.650033839242002e-05
[2026-05-21T03:18:30] step=4900/20000 loss=39.2188 d_h=15625 eval_acc=None active=9.454569467643925e-05
[2026-05-21T03:20:55] step=5000/20000 loss=47.2031 d_h=-26562.5 eval_acc=0.25995316159250587 active=9.391570878812315e-05
[2026-05-21T03:23:18] step=5100/20000 loss=40.6719 d_h=10937.5 eval_acc=None active=9.729907050082078e-05
[2026-05-21T03:25:41] step=5200/20000 loss=53.7812 d_h=-9375 eval_acc=None active=9.218324759525386e-05
[2026-05-21T03:28:03] step=5300/20000 loss=48.9375 d_h=-15625 eval_acc=None active=9.286385734959537e-05
[2026-05-21T03:30:26] step=5400/20000 loss=31.3984 d_h=-30468.7 eval_acc=None active=0.0001026652002995133
[2026-05-21T03:32:28] finished int4_g128_rtnclip_k1_h1e-5_seed16_bs64_ckpt1k status=failed steps=5485
