RobertaConfig {
  "architectures": [
    "RobertaForMaskedLM"
  ],
  "attention_probs_dropout_prob": 0.1,
  "bos_token_id": 0,
  "classifier_dropout": null,
  "dtype": "float32",
  "eos_token_id": 2,
  "finetuning_task": "sst-5",
  "hidden_act": "gelu",
  "hidden_dropout_prob": 0.1,
  "hidden_size": 1024,
  "id2label": {
    "0": "LABEL_0",
    "1": "LABEL_1",
    "2": "LABEL_2",
    "3": "LABEL_3",
    "4": "LABEL_4"
  },
  "initializer_range": 0.02,
  "intermediate_size": 4096,
  "label2id": {
    "LABEL_0": 0,
    "LABEL_1": 1,
    "LABEL_2": 2,
    "LABEL_3": 3,
    "LABEL_4": 4
  },
  "layer_norm_eps": 1e-05,
  "max_position_embeddings": 514,
  "model_type": "roberta",
  "num_attention_heads": 16,
  "num_hidden_layers": 24,
  "pad_token_id": 1,
  "position_embedding_type": "absolute",
  "transformers_version": "4.56.0",
  "type_vocab_size": 1,
  "use_cache": true,
  "vocab_size": 50265
}

[2026-05-21T01:21:24] starting int4_g128_rtnclip_k1_h3e-5_seed16_bs64_ckpt1k
[2026-05-21T01:21:28] step=1/20000 loss=1.62744 d_h=16.276 eval_acc=None active=0.0032892350711344067
[2026-05-21T01:23:49] step=100/20000 loss=1.55029 d_h=-113.932 eval_acc=None active=0.0032892350711344067
[2026-05-21T01:26:12] step=200/20000 loss=1.52588 d_h=48.8281 eval_acc=None active=0.0033616159498027244
[2026-05-21T01:28:36] step=300/20000 loss=1.61572 d_h=-146.484 eval_acc=None active=0.003276981283119258
[2026-05-21T01:31:00] step=400/20000 loss=1.55908 d_h=113.932 eval_acc=None active=0.0032712607862583876
[2026-05-21T01:33:25] step=500/20000 loss=1.62891 d_h=227.865 eval_acc=None active=0.003376499366414192
[2026-05-21T01:35:48] step=600/20000 loss=1.62451 d_h=48.8281 eval_acc=None active=0.0032908409726622122
[2026-05-21T01:38:12] step=700/20000 loss=1.59619 d_h=48.8281 eval_acc=None active=0.0033514461776056217
[2026-05-21T01:40:36] step=800/20000 loss=1.6792 d_h=309.245 eval_acc=None active=0.0032669043213432018
[2026-05-21T01:42:59] step=900/20000 loss=1.58887 d_h=358.073 eval_acc=None active=0.003265236546201365
[2026-05-21T01:45:29] step=1000/20000 loss=1.58594 d_h=0 eval_acc=0.275175644028103 active=0.00336302216830343
[2026-05-21T01:47:53] step=1100/20000 loss=1.66943 d_h=341.797 eval_acc=None active=0.0032574404708334533
[2026-05-21T01:50:17] step=1200/20000 loss=1.5835 d_h=48.8281 eval_acc=None active=0.003315551044156611
[2026-05-21T01:52:40] step=1300/20000 loss=1.6792 d_h=-341.797 eval_acc=None active=0.003254853028792155
[2026-05-21T01:55:04] step=1400/20000 loss=1.52539 d_h=-32.5521 eval_acc=None active=0.0032468741450191515
[2026-05-21T01:57:27] step=1500/20000 loss=1.66699 d_h=0 eval_acc=None active=0.0033074484131555455
[2026-05-21T01:59:50] step=1600/20000 loss=1.54492 d_h=32.5521 eval_acc=None active=0.003244888564496155
[2026-05-21T02:02:14] step=1700/20000 loss=1.61816 d_h=97.6562 eval_acc=None active=0.0032523358976758922
[2026-05-21T02:04:37] step=1800/20000 loss=1.57764 d_h=16.276 eval_acc=None active=0.0032832980166244276
[2026-05-21T02:07:00] step=1900/20000 loss=1.59619 d_h=81.3802 eval_acc=None active=0.0032914990829205426
[2026-05-21T02:09:25] step=2000/20000 loss=1.60254 d_h=0 eval_acc=0.2576112412177986 active=0.003287480110445526
[2026-05-21T02:11:49] step=2100/20000 loss=1.62451 d_h=-16.276 eval_acc=None active=0.00325225152456585
[2026-05-21T02:14:11] step=2200/20000 loss=1.64893 d_h=81.3802 eval_acc=None active=0.00327272044106212
[2026-05-21T02:16:35] step=2300/20000 loss=1.67969 d_h=195.312 eval_acc=None active=0.0032358606417216256
[2026-05-21T02:18:58] step=2400/20000 loss=1.55664 d_h=65.1042 eval_acc=None active=0.003299677649720646
[2026-05-21T02:21:21] step=2500/20000 loss=1.58105 d_h=0 eval_acc=None active=0.003247279135947355
[2026-05-21T02:23:44] step=2600/20000 loss=1.62354 d_h=-16.276 eval_acc=None active=0.003265222484016358
[2026-05-21T02:26:07] step=2700/20000 loss=1.55469 d_h=97.6562 eval_acc=None active=0.0032965333451530684
[2026-05-21T02:28:30] step=2800/20000 loss=1.80322 d_h=927.734 eval_acc=None active=0.003211949302335628
[2026-05-21T02:30:53] step=2900/20000 loss=1.5835 d_h=-48.8281 eval_acc=None active=0.0033800177251029576
[2026-05-21T02:33:23] step=3000/20000 loss=1.66943 d_h=-179.036 eval_acc=0.28337236533957844 active=0.003283615822005587
[2026-05-21T02:35:47] step=3100/20000 loss=1.47705 d_h=179.036 eval_acc=None active=0.003397952635860957
[2026-05-21T02:38:10] step=3200/20000 loss=1.62207 d_h=97.6562 eval_acc=None active=0.0031848149101460126
[2026-05-21T02:40:33] step=3300/20000 loss=1.6543 d_h=65.1042 eval_acc=None active=0.0032039591688146187
[2026-05-21T02:42:56] step=3400/20000 loss=1.56738 d_h=65.1042 eval_acc=None active=0.0032437832767546007
[2026-05-21T02:45:19] step=3500/20000 loss=1.66309 d_h=-65.1042 eval_acc=None active=0.003184246797871728
[2026-05-21T02:47:42] step=3600/20000 loss=1.63721 d_h=-146.484 eval_acc=None active=0.003332673160621202
[2026-05-21T02:50:06] step=3700/20000 loss=1.65088 d_h=-537.109 eval_acc=None active=0.0032371881119862916
[2026-05-21T02:52:29] step=3800/20000 loss=1.61377 d_h=309.245 eval_acc=None active=0.0032709457933142298
[2026-05-21T02:54:52] step=3900/20000 loss=1.59766 d_h=0 eval_acc=None active=0.0032698151936396626
[2026-05-21T02:57:17] step=4000/20000 loss=1.71484 d_h=-1171.88 eval_acc=0.20960187353629978 active=0.003522318600063359
[2026-05-21T02:59:41] step=4100/20000 loss=1.53809 d_h=-162.76 eval_acc=None active=0.003335724654767733
[2026-05-21T03:02:04] step=4200/20000 loss=1.62402 d_h=-162.76 eval_acc=None active=0.003127196513298102
[2026-05-21T03:04:27] step=4300/20000 loss=1.57959 d_h=146.484 eval_acc=None active=0.0031849470946850793
[2026-05-21T03:06:50] step=4400/20000 loss=1.64551 d_h=813.802 eval_acc=None active=0.0033951120744895313
[2026-05-21T03:09:13] step=4500/20000 loss=1.82568 d_h=309.245 eval_acc=None active=0.003185315523932264
[2026-05-21T03:11:36] step=4600/20000 loss=1.73584 d_h=764.974 eval_acc=None active=0.003204915397395098
[2026-05-21T03:13:59] step=4700/20000 loss=1.70215 d_h=-488.281 eval_acc=None active=0.002994052933214296
[2026-05-21T03:16:22] step=4800/20000 loss=1.82764 d_h=-667.318 eval_acc=None active=0.0028623436960012096
[2026-05-21T03:18:45] step=4900/20000 loss=2.01562 d_h=585.938 eval_acc=None active=0.0028115960827477466
[2026-05-21T03:21:11] step=5000/20000 loss=1.65381 d_h=-797.526 eval_acc=0.24004683840749413 active=0.002728055454057829
[2026-05-21T03:23:34] step=5100/20000 loss=1.78857 d_h=-211.589 eval_acc=None active=0.0027915293447426776
[2026-05-21T03:25:57] step=5200/20000 loss=2.11426 d_h=-97.6562 eval_acc=None active=0.0025601670272585894
[2026-05-21T03:28:20] step=5300/20000 loss=1.87256 d_h=797.526 eval_acc=None active=0.002812372315360136
[2026-05-21T03:30:43] step=5400/20000 loss=1.91504 d_h=-1074.22 eval_acc=None active=0.0025972602588702014
[2026-05-21T03:33:06] step=5500/20000 loss=2.04297 d_h=846.354 eval_acc=None active=0.0026928718671701754
[2026-05-21T03:35:29] step=5600/20000 loss=2.55859 d_h=390.625 eval_acc=None active=0.002361977404206146
[2026-05-21T03:37:52] step=5700/20000 loss=2.32031 d_h=-1432.29 eval_acc=None active=0.002353270099249777
[2026-05-21T03:40:15] step=5800/20000 loss=1.74707 d_h=553.385 eval_acc=None active=0.0024076963801010856
[2026-05-21T03:42:38] step=5900/20000 loss=1.81348 d_h=-2278.65 eval_acc=None active=0.002371356881605852
[2026-05-21T03:45:03] step=6000/20000 loss=2.1377 d_h=-1985.68 eval_acc=0.1920374707259953 active=0.002408852291708666
[2026-05-21T03:47:26] step=6100/20000 loss=2.83594 d_h=-1692.71 eval_acc=None active=0.0023320980735031535
[2026-05-21T03:49:49] step=6200/20000 loss=2.98438 d_h=520.833 eval_acc=None active=0.0023868168478026093
[2026-05-21T03:52:12] step=6300/20000 loss=2.25488 d_h=-1529.95 eval_acc=None active=0.0021060878236327505
[2026-05-21T03:54:35] step=6400/20000 loss=2.09277 d_h=-944.01 eval_acc=None active=0.0021598644315367335
[2026-05-21T03:56:58] step=6500/20000 loss=2.26758 d_h=716.146 eval_acc=None active=0.0022205483847161822
[2026-05-21T03:59:21] step=6600/20000 loss=2.56836 d_h=-911.458 eval_acc=None active=0.0019854764628272326
[2026-05-21T04:01:44] step=6700/20000 loss=2.63184 d_h=1139.32 eval_acc=None active=0.002129900727723699
[2026-05-21T04:04:07] step=6800/20000 loss=2.26367 d_h=260.417 eval_acc=None active=0.0019051335750079198
[2026-05-21T04:06:30] step=6900/20000 loss=1.82227 d_h=-162.76 eval_acc=None active=0.001872357434193474
[2026-05-21T04:08:55] step=7000/20000 loss=1.83789 d_h=130.208 eval_acc=0.24941451990632318 active=0.0018444074352734498
[2026-05-21T04:11:19] step=7100/20000 loss=1.98193 d_h=-797.526 eval_acc=None active=0.0018140190534732023
[2026-05-21T04:13:42] step=7200/20000 loss=2.5293 d_h=-1692.71 eval_acc=None active=0.002054653975750943
[2026-05-21T04:16:05] step=7300/20000 loss=2.50488 d_h=-3157.55 eval_acc=None active=0.0016862978519281168
[2026-05-21T04:18:28] step=7400/20000 loss=3.48242 d_h=2083.33 eval_acc=None active=0.0016173678334605304
[2026-05-21T04:20:51] step=7500/20000 loss=2.31738 d_h=-2050.78 eval_acc=None active=0.0015821870590098782
[2026-05-21T04:23:14] step=7600/20000 loss=2.78027 d_h=1985.68 eval_acc=None active=0.0016043856242620165
[2026-05-21T04:25:36] step=7700/20000 loss=2.92871 d_h=32.5521 eval_acc=None active=0.0016548435565043344
[2026-05-21T04:27:59] step=7800/20000 loss=3.2832 d_h=1106.77 eval_acc=None active=0.0014812683820882412
[2026-05-21T04:30:22] step=7900/20000 loss=4.41016 d_h=130.208 eval_acc=None active=0.0013936328451242693
[2026-05-21T04:32:48] step=8000/20000 loss=3.30469 d_h=-2083.33 eval_acc=0.16510538641686182 active=0.0013001080650793422
[2026-05-21T04:35:11] step=8100/20000 loss=3.39746 d_h=-162.76 eval_acc=None active=0.001344609255752671
[2026-05-21T04:37:34] step=8200/20000 loss=3.4375 d_h=-3645.83 eval_acc=None active=0.0012662322613973447
[2026-05-21T04:39:57] step=8300/20000 loss=4.48633 d_h=325.521 eval_acc=None active=0.0012618954835411688
[2026-05-21T04:42:20] step=8400/20000 loss=3.66895 d_h=-813.802 eval_acc=None active=0.001240920328384644
[2026-05-21T04:44:43] step=8500/20000 loss=5.08594 d_h=520.833 eval_acc=None active=0.0011754242954957808
[2026-05-21T04:47:06] step=8600/20000 loss=5.35938 d_h=-3906.25 eval_acc=None active=0.0011899083460530484
[2026-05-21T04:49:29] step=8700/20000 loss=4.20898 d_h=-3059.9 eval_acc=None active=0.001116216871742073
[2026-05-21T04:51:52] step=8800/20000 loss=3.60547 d_h=585.938 eval_acc=None active=0.0011375970178268008
[2026-05-21T04:54:15] step=8900/20000 loss=2.79004 d_h=32.5521 eval_acc=None active=0.0008844495633297814
[2026-05-21T04:56:41] step=9000/20000 loss=2.89648 d_h=-2669.27 eval_acc=0.13700234192037472 active=0.0010143363413659533
[2026-05-21T04:59:04] step=9100/20000 loss=4.13086 d_h=2799.48 eval_acc=None active=0.0009639740319816836
[2026-05-21T05:01:27] step=9200/20000 loss=4.63867 d_h=-4882.81 eval_acc=None active=0.000917026021117127
[2026-05-21T05:03:50] step=9300/20000 loss=2.83887 d_h=227.865 eval_acc=None active=0.0007985380502476744
[2026-05-21T05:06:13] step=9400/20000 loss=7.56836 d_h=-5013.02 eval_acc=None active=0.0007549424642887999
[2026-05-21T05:08:36] step=9500/20000 loss=8.95312 d_h=-520.833 eval_acc=None active=0.0008437789118523745
[2026-05-21T05:10:59] step=9600/20000 loss=3.49219 d_h=-5338.54 eval_acc=None active=0.0008505737596477839
[2026-05-21T05:13:22] step=9700/20000 loss=5.10742 d_h=-2018.23 eval_acc=None active=0.0008031813837370043
[2026-05-21T05:15:45] step=9800/20000 loss=4.83984 d_h=6510.42 eval_acc=None active=0.0007022177078233447
[2026-05-21T05:18:07] step=9900/20000 loss=8.42188 d_h=-3125 eval_acc=None active=0.0007642347561414624
[2026-05-21T05:20:33] step=10000/20000 loss=9.93359 d_h=-1953.12 eval_acc=0.15105386416861827 active=0.0006462670861172709
[2026-05-21T05:22:57] step=10100/20000 loss=3.14062 d_h=3776.04 eval_acc=None active=0.0006513744717118337
[2026-05-21T05:25:19] step=10200/20000 loss=6.98438 d_h=-2994.79 eval_acc=None active=0.0006522688266782824
[2026-05-21T05:27:42] step=10300/20000 loss=5.37109 d_h=-260.417 eval_acc=None active=0.0006349132779425741
[2026-05-21T05:30:05] step=10400/20000 loss=4.23047 d_h=-1692.71 eval_acc=None active=0.000565882011742937
[2026-05-21T05:32:28] step=10500/20000 loss=5.98438 d_h=5208.33 eval_acc=None active=0.0005967063212784033
[2026-05-21T05:34:51] step=10600/20000 loss=6.48047 d_h=520.833 eval_acc=None active=0.0005766648952063474
[2026-05-21T05:37:14] step=10700/20000 loss=10.0859 d_h=-781.25 eval_acc=None active=0.0005685116403392564
[2026-05-21T05:39:37] step=10800/20000 loss=11.5547 d_h=1822.92 eval_acc=None active=0.0005383651281211301
[2026-05-21T05:42:00] step=10900/20000 loss=7.00977 d_h=3580.73 eval_acc=None active=0.0005186358825562307
[2026-05-21T05:44:25] step=11000/20000 loss=5.07812 d_h=2083.33 eval_acc=0.15339578454332553 active=0.000496257321336002
[2026-05-21T05:46:48] step=11100/20000 loss=8.68359 d_h=-5598.96 eval_acc=None active=0.0004910261885133773
[2026-05-21T05:49:11] step=11200/20000 loss=15.5938 d_h=260.417 eval_acc=None active=0.0004612818547864528
[2026-05-21T05:51:34] step=11300/20000 loss=12.5898 d_h=-5859.38 eval_acc=None active=0.000503651218212712
[2026-05-21T05:53:57] step=11400/20000 loss=9.25781 d_h=3645.83 eval_acc=None active=0.0004461987551478847
[2026-05-21T05:56:20] step=11500/20000 loss=11.2969 d_h=11979.2 eval_acc=None active=0.00044017170265386055
[2026-05-21T05:58:43] step=11600/20000 loss=12.2227 d_h=1953.12 eval_acc=None active=0.00044072856518014
[2026-05-21T06:01:06] step=11700/20000 loss=12.0156 d_h=3125 eval_acc=None active=0.000424469866874982
[2026-05-21T06:03:29] step=11800/20000 loss=6.13867 d_h=1627.6 eval_acc=None active=0.00046367242623765226
[2026-05-21T06:05:52] step=11900/20000 loss=11.1172 d_h=7031.25 eval_acc=None active=0.0004321450074518331
[2026-05-21T06:08:18] step=12000/20000 loss=13.8672 d_h=15885.4 eval_acc=0.14988290398126464 active=0.00045150863620654896
[2026-05-21T06:10:41] step=12100/20000 loss=14.4258 d_h=-2213.54 eval_acc=None active=0.0004350193180672753
[2026-05-21T06:13:04] step=12200/20000 loss=17.25 d_h=-9375 eval_acc=None active=0.0004261095176468047
[2026-05-21T06:15:27] step=12300/20000 loss=12.6172 d_h=-4687.5 eval_acc=None active=0.00039642705753391126
[2026-05-21T06:17:49] step=12400/20000 loss=11.3672 d_h=2083.33 eval_acc=None active=0.00038726695022031507
[2026-05-21T06:20:12] step=12500/20000 loss=14.293 d_h=2994.79 eval_acc=None active=0.0004059584065316937
[2026-05-21T06:22:35] step=12600/20000 loss=8.57422 d_h=-3515.62 eval_acc=None active=0.00041649379553897995
[2026-05-21T06:24:58] step=12700/20000 loss=12.3828 d_h=-1562.5 eval_acc=None active=0.0004017903748956023
[2026-05-21T06:27:22] step=12800/20000 loss=8.96875 d_h=-2083.33 eval_acc=None active=0.00038207800395271147
[2026-05-21T06:29:44] step=12900/20000 loss=10.8906 d_h=-6770.83 eval_acc=None active=0.00041010393867177376
[2026-05-21T06:32:10] step=13000/20000 loss=11 d_h=-1041.67 eval_acc=0.14754098360655737 active=0.0003702798307317916
[2026-05-21T06:34:33] step=13100/20000 loss=8.97656 d_h=-3645.83 eval_acc=None active=0.00038169832495752094
[2026-05-21T06:36:56] step=13200/20000 loss=14.7188 d_h=-1562.5 eval_acc=None active=0.00035516298184920655
[2026-05-21T06:39:19] step=13300/20000 loss=15.2344 d_h=-520.833 eval_acc=None active=0.00036277624881202663
[2026-05-21T06:41:42] step=13400/20000 loss=17.7188 d_h=-7291.67 eval_acc=None active=0.00036923079173026524
[2026-05-21T06:44:05] step=13500/20000 loss=10.7695 d_h=-2734.38 eval_acc=None active=0.00036846862130288284
[2026-05-21T06:46:28] step=13600/20000 loss=9.08594 d_h=1302.08 eval_acc=None active=0.0003497574779324943
[2026-05-21T06:48:51] step=13700/20000 loss=9.53516 d_h=-4817.71 eval_acc=None active=0.0003582172884327391
[2026-05-21T06:51:14] step=13800/20000 loss=12.625 d_h=-1562.5 eval_acc=None active=0.00036093410257610227
[2026-05-21T06:53:37] step=13900/20000 loss=4.79492 d_h=-716.146 eval_acc=None active=0.0003376302495824094
[2026-05-21T06:56:02] step=14000/20000 loss=8.19531 d_h=-3645.83 eval_acc=0.25175644028103045 active=0.00035893164743109755
[2026-05-21T06:58:25] step=14100/20000 loss=10.0586 d_h=1953.12 eval_acc=None active=0.00035576203093050715
[2026-05-21T07:00:48] step=14200/20000 loss=5.21289 d_h=-2408.85 eval_acc=None active=0.0003558689035365608
[2026-05-21T07:03:11] step=14300/20000 loss=16.0234 d_h=781.25 eval_acc=None active=0.0003326662982749186
[2026-05-21T07:05:34] step=14400/20000 loss=15.5781 d_h=260.417 eval_acc=None active=0.00034483290074302335
[2026-05-21T07:07:57] step=14500/20000 loss=15.6875 d_h=6770.83 eval_acc=None active=0.0003365868354548858
[2026-05-21T07:10:19] step=14600/20000 loss=6.91602 d_h=-7356.77 eval_acc=None active=0.0003294601200933099
[2026-05-21T07:12:42] step=14700/20000 loss=11.707 d_h=-2473.96 eval_acc=None active=0.0003255705197203583
[2026-05-21T07:15:05] step=14800/20000 loss=5.79102 d_h=-2018.23 eval_acc=None active=0.00033636746536877576
[2026-05-21T07:17:28] step=14900/20000 loss=13.3125 d_h=5468.75 eval_acc=None active=0.0003266392457808945
[2026-05-21T07:19:53] step=15000/20000 loss=11.6055 d_h=-14192.7 eval_acc=0.12763466042154567 active=0.00031826662082769344
[2026-05-21T07:22:16] step=15100/20000 loss=8.98047 d_h=3255.21 eval_acc=None active=0.00032146154926129654
[2026-05-21T07:24:39] step=15200/20000 loss=3.73145 d_h=-423.177 eval_acc=None active=0.00031005149234657143
[2026-05-21T07:27:02] step=15300/20000 loss=12.5312 d_h=6770.83 eval_acc=None active=0.00031313392330011805
[2026-05-21T07:29:25] step=15400/20000 loss=11.4766 d_h=2083.33 eval_acc=None active=0.00031741726485326726
[2026-05-21T07:31:47] step=15500/20000 loss=27.3984 d_h=-5989.58 eval_acc=None active=0.00029796082567750483
[2026-05-21T07:34:10] step=15600/20000 loss=10.3008 d_h=-1171.88 eval_acc=None active=0.00031129177706419375
[2026-05-21T07:36:33] step=15700/20000 loss=16.3125 d_h=520.833 eval_acc=None active=0.000307326240892204
[2026-05-21T07:38:56] step=15800/20000 loss=20.7031 d_h=-4687.5 eval_acc=None active=0.00031912160167612245
[2026-05-21T07:41:18] step=15900/20000 loss=16.4922 d_h=-781.25 eval_acc=None active=0.00029747989895026353
[2026-05-21T07:43:43] step=16000/20000 loss=19.9609 d_h=781.25 eval_acc=0.18969555035128804 active=0.00028877259399389456
[2026-05-21T07:46:06] step=16100/20000 loss=19.125 d_h=-520.833 eval_acc=None active=0.0002946983987558679
[2026-05-21T07:48:29] step=16200/20000 loss=13.4453 d_h=-2604.17 eval_acc=None active=0.00028530204673415314
[2026-05-21T07:50:53] step=16300/20000 loss=8.08203 d_h=130.208 eval_acc=None active=0.00028311397074705526
[2026-05-21T07:53:16] step=16400/20000 loss=10.7031 d_h=4166.67 eval_acc=None active=0.00029327530563315384
[2026-05-21T07:55:38] step=16500/20000 loss=17.0391 d_h=-11718.8 eval_acc=None active=0.00030146793461826454
[2026-05-21T07:58:01] step=16600/20000 loss=23.5312 d_h=3645.83 eval_acc=None active=0.0003070028106370417
[2026-05-21T08:00:24] step=16700/20000 loss=12.6562 d_h=260.417 eval_acc=None active=0.0003170685226650923
[2026-05-21T08:02:47] step=16800/20000 loss=18.9609 d_h=-4427.08 eval_acc=None active=0.00028051527895775133
[2026-05-21T08:05:10] step=16900/20000 loss=23.6328 d_h=-781.25 eval_acc=None active=0.0002951118269950753
[2026-05-21T08:07:34] step=17000/20000 loss=24.6406 d_h=3125 eval_acc=0.15105386416861827 active=0.00028678138859689544
[2026-05-21T08:09:58] step=17100/20000 loss=27.5938 d_h=-7812.5 eval_acc=None active=0.0002780909582625349
[2026-05-21T08:12:21] step=17200/20000 loss=26.7578 d_h=1302.08 eval_acc=None active=0.00028751262221726233
[2026-05-21T08:14:44] step=17300/20000 loss=22.2578 d_h=7031.25 eval_acc=None active=0.0002773794117011779
[2026-05-21T08:17:07] step=17400/20000 loss=17.1328 d_h=-2343.75 eval_acc=None active=0.00026570779814532154
[2026-05-21T08:19:30] step=17500/20000 loss=18.7188 d_h=-6770.83 eval_acc=None active=0.0002691952200270714
[2026-05-21T08:21:52] step=17600/20000 loss=11.6758 d_h=-130.208 eval_acc=None active=0.0002801496621475679
[2026-05-21T08:24:15] step=17700/20000 loss=16.3594 d_h=-2604.17 eval_acc=None active=0.0002676315050542868
[2026-05-21T08:26:38] step=17800/20000 loss=13.168 d_h=-5859.38 eval_acc=None active=0.00025972011976931714
[2026-05-21T08:29:01] step=17900/20000 loss=14.4141 d_h=7552.08 eval_acc=None active=0.0002611122760850157
[2026-05-21T08:31:26] step=18000/20000 loss=12.918 d_h=6380.21 eval_acc=0.18969555035128804 active=0.00027256170711776055
[2026-05-21T08:33:49] step=18100/20000 loss=14.9023 d_h=-1953.12 eval_acc=None active=0.000265423742008179
[2026-05-21T08:36:11] step=18200/20000 loss=8.30859 d_h=-390.625 eval_acc=None active=0.0002635815957722547
[2026-05-21T08:38:34] step=18300/20000 loss=8.33984 d_h=2994.79 eval_acc=None active=0.00025283246155286123
[2026-05-21T08:40:57] step=18400/20000 loss=22.3047 d_h=-3906.25 eval_acc=None active=0.0002681068069075253
[2026-05-21T08:43:20] step=18500/20000 loss=8.01562 d_h=-3385.42 eval_acc=None active=0.00026692558336693256
[2026-05-21T08:45:42] step=18600/20000 loss=12.5625 d_h=3125 eval_acc=None active=0.00026276880147884686
[2026-05-21T08:48:05] step=18700/20000 loss=15.8359 d_h=3385.42 eval_acc=None active=0.0002642087692235694
[2026-05-21T08:50:28] step=18800/20000 loss=13.6914 d_h=4036.46 eval_acc=None active=0.00025099875262794114
[2026-05-21T08:52:51] step=18900/20000 loss=26.8125 d_h=2083.33 eval_acc=None active=0.00026510874906402094
[2026-05-21T08:55:16] step=19000/20000 loss=13.5078 d_h=260.417 eval_acc=0.15105386416861827 active=0.00024816381613051866
[2026-05-21T08:57:38] step=19100/20000 loss=9.08594 d_h=1562.5 eval_acc=None active=0.00024707540301097255
[2026-05-21T09:00:01] step=19200/20000 loss=15.7227 d_h=8723.96 eval_acc=None active=0.0002556983348572992
[2026-05-21T09:02:24] step=19300/20000 loss=18.5078 d_h=-9114.58 eval_acc=None active=0.00023939744999712008
[2026-05-21T09:04:47] step=19400/20000 loss=29.6719 d_h=-2083.33 eval_acc=None active=0.00024761257847824206
[2026-05-21T09:07:10] step=19500/20000 loss=18.7422 d_h=-260.417 eval_acc=None active=0.0002614750804581977
[2026-05-21T09:09:33] step=19600/20000 loss=21.7734 d_h=-1302.08 eval_acc=None active=0.0002532374524810644
[2026-05-21T09:11:55] step=19700/20000 loss=18.8984 d_h=6510.42 eval_acc=None active=0.0002502506443855658
[2026-05-21T09:14:18] step=19800/20000 loss=21.2344 d_h=1562.5 eval_acc=None active=0.0002471907129280304
[2026-05-21T09:16:41] step=19900/20000 loss=16.2344 d_h=0 eval_acc=None active=0.00025059094926273653
[2026-05-21T09:19:07] step=20000/20000 loss=14.0977 d_h=5338.54 eval_acc=0.25995316159250587 active=0.0002442432789505515
[2026-05-21T09:19:08] finished int4_g128_rtnclip_k1_h3e-5_seed16_bs64_ckpt1k status=complete steps=20000
RobertaConfig {
  "architectures": [
    "RobertaForMaskedLM"
  ],
  "attention_probs_dropout_prob": 0.1,
  "bos_token_id": 0,
  "classifier_dropout": null,
  "dtype": "float32",
  "eos_token_id": 2,
  "finetuning_task": "sst-5",
  "hidden_act": "gelu",
  "hidden_dropout_prob": 0.1,
  "hidden_size": 1024,
  "id2label": {
    "0": "LABEL_0",
    "1": "LABEL_1",
    "2": "LABEL_2",
    "3": "LABEL_3",
    "4": "LABEL_4"
  },
  "initializer_range": 0.02,
  "intermediate_size": 4096,
  "label2id": {
    "LABEL_0": 0,
    "LABEL_1": 1,
    "LABEL_2": 2,
    "LABEL_3": 3,
    "LABEL_4": 4
  },
  "layer_norm_eps": 1e-05,
  "max_position_embeddings": 514,
  "model_type": "roberta",
  "num_attention_heads": 16,
  "num_hidden_layers": 24,
  "pad_token_id": 1,
  "position_embedding_type": "absolute",
  "transformers_version": "4.56.0",
  "type_vocab_size": 1,
  "use_cache": true,
  "vocab_size": 50265
}

[2026-05-21T09:19:09] starting int4_g128_rtnclip_k1_h1p5e-3_seed16_bs64_ckpt1k
[2026-05-21T09:19:12] step=1/20000 loss=1.76562 d_h=59.8958 eval_acc=None active=0.18069697082535352
[2026-05-21T09:21:33] step=100/20000 loss=1.58057 d_h=-6.83594 eval_acc=None active=0.18069697082535352
[2026-05-21T09:23:57] step=200/20000 loss=1.5542 d_h=24.4141 eval_acc=None active=0.18068961349015783
[2026-05-21T09:26:20] step=300/20000 loss=1.67334 d_h=-7.48698 eval_acc=None active=0.1806742378970711
[2026-05-21T09:28:43] step=400/20000 loss=1.5708 d_h=-6.1849 eval_acc=None active=0.18068353862623476
[2026-05-21T09:31:06] step=500/20000 loss=1.60156 d_h=4.55729 eval_acc=None active=0.18063891087589637
[2026-05-21T09:33:30] step=600/20000 loss=1.57666 d_h=3.58073 eval_acc=None active=0.18065541425622067
[2026-05-21T09:35:53] step=700/20000 loss=1.51514 d_h=2.92969 eval_acc=None active=0.18065019999802004
[2026-05-21T09:38:16] step=800/20000 loss=1.64453 d_h=-3.25521 eval_acc=None active=0.18061269615060624
[2026-05-21T09:40:39] step=900/20000 loss=1.62939 d_h=17.9036 eval_acc=None active=0.18065482083201337
[2026-05-21T09:43:09] step=1000/20000 loss=1.68506 d_h=27.6693 eval_acc=0.25995316159250587 active=0.18061040120201308
[2026-05-21T09:45:32] step=1100/20000 loss=1.67139 d_h=-44.5964 eval_acc=None active=0.1806132417633845
[2026-05-21T09:47:55] step=1200/20000 loss=1.64307 d_h=-4.23177 eval_acc=None active=0.18057667164505514
[2026-05-21T09:50:18] step=1300/20000 loss=1.69141 d_h=-2.60417 eval_acc=None active=0.18060952934654265
[2026-05-21T09:52:42] step=1400/20000 loss=1.55469 d_h=-25.3906 eval_acc=None active=0.18060397478346485
[2026-05-21T09:55:05] step=1500/20000 loss=1.60596 d_h=-6.1849 eval_acc=None active=0.1806074509555986
[2026-05-21T09:57:28] step=1600/20000 loss=1.50732 d_h=4.88281 eval_acc=None active=0.18059957894443165
[2026-05-21T09:59:51] step=1700/20000 loss=1.6084 d_h=12.3698 eval_acc=None active=0.18060132828024653
[2026-05-21T10:02:15] step=1800/20000 loss=1.63379 d_h=-21.4844 eval_acc=None active=0.18057386483292776
[2026-05-21T10:04:38] step=1900/20000 loss=1.6333 d_h=-30.2734 eval_acc=None active=0.18058729421960948
[2026-05-21T10:07:08] step=2000/20000 loss=1.62891 d_h=-15.625 eval_acc=0.2646370023419204 active=0.18055917547446937
[2026-05-21T10:09:31] step=2100/20000 loss=1.61816 d_h=14.3229 eval_acc=None active=0.1805520796959148
[2026-05-21T10:11:55] step=2200/20000 loss=1.60889 d_h=4.23177 eval_acc=None active=0.18056564407957262
[2026-05-21T10:14:18] step=2300/20000 loss=1.59814 d_h=-2.27865 eval_acc=None active=0.1805599995185108
[2026-05-21T10:16:41] step=2400/20000 loss=1.55859 d_h=20.1823 eval_acc=None active=0.18054085807227918
[2026-05-21T10:19:05] step=2500/20000 loss=1.56055 d_h=-9.11458 eval_acc=None active=0.18052776899047462
[2026-05-21T10:21:28] step=2600/20000 loss=1.6167 d_h=0.325521 eval_acc=None active=0.18051357180849148
[2026-05-21T10:23:51] step=2700/20000 loss=1.54883 d_h=1.30208 eval_acc=None active=0.18052463874809205
[2026-05-21T10:26:14] step=2800/20000 loss=1.68262 d_h=26.6927 eval_acc=None active=0.18054361707297756
[2026-05-21T10:28:38] step=2900/20000 loss=1.60156 d_h=-20.8333 eval_acc=None active=0.18053902717579126
[2026-05-21T10:31:03] step=3000/20000 loss=1.68311 d_h=-8.13802 eval_acc=0.24355971896955503 active=0.1805134030622714
[2026-05-21T10:33:26] step=3100/20000 loss=1.52246 d_h=-16.276 eval_acc=None active=0.18052465562271405
[2026-05-21T10:35:50] step=3200/20000 loss=1.59424 d_h=-7.48698 eval_acc=None active=0.18049695593068715
[2026-05-21T10:38:13] step=3300/20000 loss=1.6377 d_h=14.3229 eval_acc=None active=0.18050894253718716
[2026-05-21T10:40:36] step=3400/20000 loss=1.58252 d_h=1.6276 eval_acc=None active=0.18050970752005155
[2026-05-21T10:42:59] step=3500/20000 loss=1.6748 d_h=-14.974 eval_acc=None active=0.1804960475135357
[2026-05-21T10:45:23] step=3600/20000 loss=1.69629 d_h=27.9948 eval_acc=None active=0.18047469267938399
[2026-05-21T10:47:46] step=3700/20000 loss=1.60254 d_h=-24.0885 eval_acc=None active=0.18049436005133485
[2026-05-21T10:50:09] step=3800/20000 loss=1.6377 d_h=20.1823 eval_acc=None active=0.1804641516655027
[2026-05-21T10:52:32] step=3900/20000 loss=1.55078 d_h=-5.85938 eval_acc=None active=0.18049369912863952
[2026-05-21T10:55:02] step=4000/20000 loss=1.5791 d_h=1.95312 eval_acc=0.30210772833723654 active=0.18048335217291134
[2026-05-21T10:57:26] step=4100/20000 loss=1.56934 d_h=18.8802 eval_acc=None active=0.1804936766291435
[2026-05-21T10:59:49] step=4200/20000 loss=1.58984 d_h=8.46354 eval_acc=None active=0.1804858889910866
[2026-05-21T11:02:13] step=4300/20000 loss=1.57031 d_h=-14.974 eval_acc=None active=0.1804539762684316
[2026-05-21T11:04:36] step=4400/20000 loss=1.53174 d_h=-16.6016 eval_acc=None active=0.18044337900581026
[2026-05-21T11:06:59] step=4500/20000 loss=1.62891 d_h=-7.8125 eval_acc=None active=0.18043430327160673
[2026-05-21T11:09:22] step=4600/20000 loss=1.50244 d_h=30.9245 eval_acc=None active=0.18047340177080035
[2026-05-21T11:11:46] step=4700/20000 loss=1.54639 d_h=-11.3932 eval_acc=None active=0.1804505647823489
[2026-05-21T11:14:09] step=4800/20000 loss=1.56055 d_h=11.7188 eval_acc=None active=0.18045806555183164
[2026-05-21T11:16:33] step=4900/20000 loss=1.5127 d_h=27.9948 eval_acc=None active=0.18043095084670102
[2026-05-21T11:19:03] step=5000/20000 loss=1.62549 d_h=2.92969 eval_acc=0.33021077283372363 active=0.18045211162269964
[2026-05-21T11:21:27] step=5100/20000 loss=1.55664 d_h=6.51042 eval_acc=None active=0.18041974047281342
[2026-05-21T11:23:50] step=5200/20000 loss=1.56885 d_h=-2.92969 eval_acc=None active=0.18043421327362266
[2026-05-21T11:26:14] step=5300/20000 loss=1.6084 d_h=-2.60417 eval_acc=None active=0.18041430121965268
[2026-05-21T11:28:37] step=5400/20000 loss=1.49854 d_h=-28.9714 eval_acc=None active=0.18040169306457535
[2026-05-21T11:31:00] step=5500/20000 loss=1.57324 d_h=-0.651042 eval_acc=None active=0.18039369168130634
[2026-05-21T11:33:24] step=5600/20000 loss=1.57959 d_h=5.53385 eval_acc=None active=0.1803862471605636
[2026-05-21T11:35:47] step=5700/20000 loss=1.59717 d_h=-17.9036 eval_acc=None active=0.18041817675784064
[2026-05-21T11:38:11] step=5800/20000 loss=1.54346 d_h=12.6953 eval_acc=None active=0.18037646831710968
[2026-05-21T11:40:34] step=5900/20000 loss=1.5752 d_h=5.20833 eval_acc=None active=0.18040893508985398
[2026-05-21T11:43:00] step=6000/20000 loss=1.64648 d_h=0.651042 eval_acc=0.26229508196721313 active=0.18038821586646459
[2026-05-21T11:45:24] step=6100/20000 loss=1.57422 d_h=3.90625 eval_acc=None active=0.18035470286715577
[2026-05-21T11:47:47] step=6200/20000 loss=1.56445 d_h=-9.76562 eval_acc=None active=0.18039094111791895
[2026-05-21T11:50:11] step=6300/20000 loss=1.64893 d_h=-14.6484 eval_acc=None active=0.1803553862893471
[2026-05-21T11:52:34] step=6400/20000 loss=1.63818 d_h=-12.6953 eval_acc=None active=0.18036771601316132
[2026-05-21T11:54:58] step=6500/20000 loss=1.62842 d_h=12.6953 eval_acc=None active=0.18038517843450308
[2026-05-21T11:57:21] step=6600/20000 loss=1.5459 d_h=22.1354 eval_acc=None active=0.18035704281474094
[2026-05-21T11:59:44] step=6700/20000 loss=1.61719 d_h=9.11458 eval_acc=None active=0.18037289933455491
[2026-05-21T12:02:07] step=6800/20000 loss=1.54443 d_h=18.5547 eval_acc=None active=0.1803510045124989
[2026-05-21T12:04:31] step=6900/20000 loss=1.60352 d_h=13.6719 eval_acc=None active=0.1803306340312977
[2026-05-21T12:06:57] step=7000/20000 loss=1.60205 d_h=-32.2266 eval_acc=0.3255269320843091 active=0.18037780141224838
[2026-05-21T12:09:21] step=7100/20000 loss=1.56299 d_h=-0.325521 eval_acc=None active=0.18033207681147942
[2026-05-21T12:11:44] step=7200/20000 loss=1.55859 d_h=-10.4167 eval_acc=None active=0.18034731740759008
[2026-05-21T12:14:07] step=7300/20000 loss=1.62988 d_h=3.90625 eval_acc=None active=0.18032747285210812
[2026-05-21T12:16:31] step=7400/20000 loss=1.57568 d_h=2.92969 eval_acc=None active=0.18033515924243296
[2026-05-21T12:18:55] step=7500/20000 loss=1.54102 d_h=6.51042 eval_acc=None active=0.18033905728011693
[2026-05-21T12:21:18] step=7600/20000 loss=1.57422 d_h=-2.60417 eval_acc=None active=0.1803242413619935
[2026-05-21T12:23:41] step=7700/20000 loss=1.58496 d_h=9.76562 eval_acc=None active=0.18031434720862252
[2026-05-21T12:26:05] step=7800/20000 loss=1.49463 d_h=-9.4401 eval_acc=None active=0.18032013239153444
[2026-05-21T12:28:28] step=7900/20000 loss=1.60498 d_h=-10.0911 eval_acc=None active=0.1803136665988682
[2026-05-21T12:30:54] step=8000/20000 loss=1.63428 d_h=-0.325521 eval_acc=0.2728337236533958 active=0.18033260554963568
[2026-05-21T12:33:18] step=8100/20000 loss=1.54053 d_h=-1.6276 eval_acc=None active=0.18030421118566944
[2026-05-21T12:35:41] step=8200/20000 loss=1.60889 d_h=8.13802 eval_acc=None active=0.18031359910038014
[2026-05-21T12:38:05] step=8300/20000 loss=1.5874 d_h=8.13802 eval_acc=None active=0.18027845770004752
[2026-05-21T12:40:28] step=8400/20000 loss=1.59375 d_h=-10.4167 eval_acc=None active=0.18029972253621518
[2026-05-21T12:42:52] step=8500/20000 loss=1.67822 d_h=-8.78906 eval_acc=None active=0.18028069077502665
[2026-05-21T12:45:15] step=8600/20000 loss=1.61035 d_h=9.11458 eval_acc=None active=0.1803111016563229
[2026-05-21T12:47:38] step=8700/20000 loss=1.58105 d_h=-14.974 eval_acc=None active=0.18031145321094807
[2026-05-21T12:50:02] step=8800/20000 loss=1.51025 d_h=3.58073 eval_acc=None active=0.1802760165047303
[2026-05-21T12:52:25] step=8900/20000 loss=1.66113 d_h=2.60417 eval_acc=None active=0.18030279934229473
[2026-05-21T12:54:51] step=9000/20000 loss=1.48633 d_h=-8.46354 eval_acc=0.2611241217798595 active=0.18027153066771304
[2026-05-21T12:57:15] step=9100/20000 loss=1.55127 d_h=-13.9974 eval_acc=None active=0.18029625198895544
[2026-05-21T12:59:38] step=9200/20000 loss=1.6543 d_h=5.85938 eval_acc=None active=0.18027592931918324
[2026-05-21T13:02:01] step=9300/20000 loss=1.62842 d_h=10.7422 eval_acc=None active=0.18026259555535956
[2026-05-21T13:04:25] step=9400/20000 loss=1.54834 d_h=-14.6484 eval_acc=None active=0.1802619205704792
[2026-05-21T13:06:48] step=9500/20000 loss=1.59766 d_h=-18.2292 eval_acc=None active=0.18029229489009446
[2026-05-21T13:09:12] step=9600/20000 loss=1.62793 d_h=32.5521 eval_acc=None active=0.18027827489164241
[2026-05-21T13:11:35] step=9700/20000 loss=1.62646 d_h=4.88281 eval_acc=None active=0.18028113795250986
[2026-05-21T13:13:59] step=9800/20000 loss=1.61035 d_h=-17.5781 eval_acc=None active=0.18027645524490252
[2026-05-21T13:16:22] step=9900/20000 loss=1.58594 d_h=9.76562 eval_acc=None active=0.18025218953845434
[2026-05-21T13:18:48] step=10000/20000 loss=1.58301 d_h=3.25521 eval_acc=0.2646370023419204 active=0.1802604918524825
[2026-05-21T13:21:12] step=10100/20000 loss=1.53613 d_h=-10.4167 eval_acc=None active=0.18023270497490856
[2026-05-21T13:23:35] step=10200/20000 loss=1.59961 d_h=0.651042 eval_acc=None active=0.1802268157318276
[2026-05-21T13:25:59] step=10300/20000 loss=1.55615 d_h=-6.83594 eval_acc=None active=0.18024288880929068
[2026-05-21T13:28:22] step=10400/20000 loss=1.64209 d_h=-28.9714 eval_acc=None active=0.18021617628265127
[2026-05-21T13:30:46] step=10500/20000 loss=1.62012 d_h=-13.0208 eval_acc=None active=0.18023506742198975
[2026-05-21T13:33:10] step=10600/20000 loss=1.5127 d_h=-0.651042 eval_acc=None active=0.18022352799297295
[2026-05-21T13:35:33] step=10700/20000 loss=1.60303 d_h=10.0911 eval_acc=None active=0.18023753955411398
[2026-05-21T13:37:56] step=10800/20000 loss=1.55469 d_h=11.7188 eval_acc=None active=0.18022909099336176
[2026-05-21T13:40:20] step=10900/20000 loss=1.61475 d_h=-38.0859 eval_acc=None active=0.1802182377989733
[2026-05-21T13:42:46] step=11000/20000 loss=1.5332 d_h=-3.25521 eval_acc=0.25995316159250587 active=0.18023073908144457
[2026-05-21T13:45:10] step=11100/20000 loss=1.5752 d_h=-1.95312 eval_acc=None active=0.18018420449881922
[2026-05-21T13:47:33] step=11200/20000 loss=1.61865 d_h=9.4401 eval_acc=None active=0.18020573932893902
[2026-05-21T13:49:57] step=11300/20000 loss=1.65771 d_h=-6.83594 eval_acc=None active=0.18017469564931746
[2026-05-21T13:52:21] step=11400/20000 loss=1.59131 d_h=7.48698 eval_acc=None active=0.1801851410403407
[2026-05-21T13:54:45] step=11500/20000 loss=1.60986 d_h=-0.976562 eval_acc=None active=0.18018741348943784
[2026-05-21T13:57:08] step=11600/20000 loss=1.54639 d_h=15.2995 eval_acc=None active=0.18018880283331654
[2026-05-21T13:59:32] step=11700/20000 loss=1.55908 d_h=-5.53385 eval_acc=None active=0.18018369826015898
[2026-05-21T14:01:56] step=11800/20000 loss=1.58789 d_h=3.25521 eval_acc=None active=0.180167830490597
[2026-05-21T14:04:19] step=11900/20000 loss=1.52148 d_h=4.55729 eval_acc=None active=0.18018163393139994
[2026-05-21T14:06:46] step=12000/20000 loss=1.5 d_h=-7.8125 eval_acc=0.25995316159250587 active=0.18017396160326007
[2026-05-21T14:09:10] step=12100/20000 loss=1.62109 d_h=33.8542 eval_acc=None active=0.18015478640778446
[2026-05-21T14:11:34] step=12200/20000 loss=1.57959 d_h=27.0182 eval_acc=None active=0.18017306162341964
[2026-05-21T14:13:58] step=12300/20000 loss=1.56592 d_h=13.9974 eval_acc=None active=0.18017590218479107
[2026-05-21T14:16:21] step=12400/20000 loss=1.57275 d_h=2.92969 eval_acc=None active=0.18016659020587938
[2026-05-21T14:18:44] step=12500/20000 loss=1.62549 d_h=-2.27865 eval_acc=None active=0.18017008606507215
[2026-05-21T14:21:08] step=12600/20000 loss=1.58545 d_h=2.27865 eval_acc=None active=0.1802002916384673
[2026-05-21T14:23:31] step=12700/20000 loss=1.52148 d_h=-1.30208 eval_acc=None active=0.1801685842237134
[2026-05-21T14:25:54] step=12800/20000 loss=1.52979 d_h=-19.2057 eval_acc=None active=0.1801576832178959
[2026-05-21T14:28:18] step=12900/20000 loss=1.61084 d_h=-9.4401 eval_acc=None active=0.18019817949827924
[2026-05-21T14:30:46] step=13000/20000 loss=1.60449 d_h=-1.95312 eval_acc=0.2728337236533958 active=0.18014223450144717
[2026-05-21T14:33:10] step=13100/20000 loss=1.60547 d_h=1.30208 eval_acc=None active=0.18017002981633212
[2026-05-21T14:35:33] step=13200/20000 loss=1.64795 d_h=80.4036 eval_acc=None active=0.18017283944089652
[2026-05-21T14:37:57] step=13300/20000 loss=1.62305 d_h=-37.1094 eval_acc=None active=0.18013486029162948
[2026-05-21T14:40:21] step=13400/20000 loss=1.44824 d_h=2.60417 eval_acc=None active=0.18018208954619416
[2026-05-21T14:42:44] step=13500/20000 loss=1.59473 d_h=7.16146 eval_acc=None active=0.18015814727000115
[2026-05-21T14:45:08] step=13600/20000 loss=1.54639 d_h=-32.8776 eval_acc=None active=0.18015204146927108
[2026-05-21T14:47:32] step=13700/20000 loss=1.57764 d_h=-17.9036 eval_acc=None active=0.1801357068351669
[2026-05-21T14:49:55] step=13800/20000 loss=1.57568 d_h=21.8099 eval_acc=None active=0.18014737563628574
[2026-05-21T14:52:19] step=13900/20000 loss=1.60107 d_h=12.0443 eval_acc=None active=0.18010795933171098
[2026-05-21T14:54:47] step=14000/20000 loss=1.52734 d_h=-3.90625 eval_acc=0.3091334894613583 active=0.18012578455742592
[2026-05-21T14:57:12] step=14100/20000 loss=1.51367 d_h=-7.16146 eval_acc=None active=0.18014698470754256
[2026-05-21T14:59:35] step=14200/20000 loss=1.60059 d_h=7.16146 eval_acc=None active=0.18012997508855802
[2026-05-21T15:01:59] step=14300/20000 loss=1.56543 d_h=31.25 eval_acc=None active=0.1801081871391081
[2026-05-21T15:04:22] step=14400/20000 loss=1.54053 d_h=12.6953 eval_acc=None active=0.18013299564589752
[2026-05-21T15:06:46] step=14500/20000 loss=1.4502 d_h=-15.625 eval_acc=None active=0.18009432744956513
[2026-05-21T15:09:09] step=14600/20000 loss=1.60693 d_h=56.9661 eval_acc=None active=0.18011841878491922
[2026-05-21T15:11:33] step=14700/20000 loss=1.52539 d_h=32.5521 eval_acc=None active=0.18011145800334072
[2026-05-21T15:13:57] step=14800/20000 loss=1.604 d_h=-4.88281 eval_acc=None active=0.18010712403792156
[2026-05-21T15:16:21] step=14900/20000 loss=1.58691 d_h=-27.3438 eval_acc=None active=0.18011223423595313
[2026-05-21T15:18:51] step=15000/20000 loss=1.61475 d_h=5.53385 eval_acc=0.3629976580796253 active=0.18009042659944416
[2026-05-21T15:21:16] step=15100/20000 loss=1.58301 d_h=-25.3906 eval_acc=None active=0.18012378210228092
[2026-05-21T15:23:41] step=15200/20000 loss=1.55078 d_h=-13.0208 eval_acc=None active=0.18012987665326297
[2026-05-21T15:26:06] step=15300/20000 loss=1.55469 d_h=-8.46354 eval_acc=None active=0.18010426097705412
[2026-05-21T15:28:30] step=15400/20000 loss=1.54688 d_h=0.651042 eval_acc=None active=0.18011952688509777
[2026-05-21T15:30:53] step=15500/20000 loss=1.58936 d_h=-2.27865 eval_acc=None active=0.18011692256843448
[2026-05-21T15:33:17] step=15600/20000 loss=1.56982 d_h=-0.325521 eval_acc=None active=0.18008067869279729
[2026-05-21T15:35:40] step=15700/20000 loss=1.51855 d_h=13.0208 eval_acc=None active=0.18009063190734528
[2026-05-21T15:38:04] step=15800/20000 loss=1.47705 d_h=-16.6016 eval_acc=None active=0.18008492828510642
[2026-05-21T15:40:27] step=15900/20000 loss=1.46094 d_h=-13.0208 eval_acc=None active=0.18008209897348298
[2026-05-21T15:42:54] step=16000/20000 loss=1.63232 d_h=2.27865 eval_acc=0.3231850117096019 active=0.1800863288787331
[2026-05-21T15:45:19] step=16100/20000 loss=1.52832 d_h=3.25521 eval_acc=None active=0.18009755612724274
[2026-05-21T15:47:43] step=16200/20000 loss=1.604 d_h=31.5755 eval_acc=None active=0.18008672261991332
[2026-05-21T15:50:07] step=16300/20000 loss=1.55322 d_h=-4.23177 eval_acc=None active=0.18008302989013047
[2026-05-21T15:52:31] step=16400/20000 loss=1.55664 d_h=1.95312 eval_acc=None active=0.18007399353004494
[2026-05-21T15:54:55] step=16500/20000 loss=1.52197 d_h=-12.0443 eval_acc=None active=0.18005606986903494
[2026-05-21T15:57:19] step=16600/20000 loss=1.56055 d_h=9.11458 eval_acc=None active=0.18003398942613685
[2026-05-21T15:59:43] step=16700/20000 loss=1.57227 d_h=-35.1562 eval_acc=None active=0.18005585893625983
[2026-05-21T16:02:06] step=16800/20000 loss=1.54004 d_h=15.625 eval_acc=None active=0.18005058561688217
[2026-05-21T16:04:30] step=16900/20000 loss=1.52588 d_h=17.2526 eval_acc=None active=0.18004134957376955
[2026-05-21T16:06:58] step=17000/20000 loss=1.53613 d_h=15.625 eval_acc=0.3875878220140515 active=0.18009201562634997
[2026-05-21T16:09:23] step=17100/20000 loss=1.57861 d_h=-10.7422 eval_acc=None active=0.1800649571699594
[2026-05-21T16:11:47] step=17200/20000 loss=1.54492 d_h=27.3438 eval_acc=None active=0.1800398617945958
[2026-05-21T16:14:12] step=17300/20000 loss=1.57959 d_h=-6.1849 eval_acc=None active=0.1800466257055842
[2026-05-21T16:16:36] step=17400/20000 loss=1.54834 d_h=-15.9505 eval_acc=None active=0.18007201638683293
[2026-05-21T16:19:00] step=17500/20000 loss=1.54883 d_h=9.76562 eval_acc=None active=0.18005925073528353
[2026-05-21T16:21:25] step=17600/20000 loss=1.56934 d_h=20.1823 eval_acc=None active=0.1800186897688492
[2026-05-21T16:23:48] step=17700/20000 loss=1.55371 d_h=-5.20833 eval_acc=None active=0.18004630227532903
[2026-05-21T16:26:11] step=17800/20000 loss=1.55469 d_h=3.90625 eval_acc=None active=0.18003299101100134
[2026-05-21T16:28:36] step=17900/20000 loss=1.58691 d_h=-15.625 eval_acc=None active=0.18000620536099993
[2026-05-21T16:31:05] step=18000/20000 loss=1.56299 d_h=-5.53385 eval_acc=0.36885245901639346 active=0.17999450281063703
[2026-05-21T16:33:29] step=18100/20000 loss=1.55518 d_h=-14.6484 eval_acc=None active=0.18001424049351294
[2026-05-21T16:35:53] step=18200/20000 loss=1.58643 d_h=-8.78906 eval_acc=None active=0.17999101257631828
[2026-05-21T16:38:17] step=18300/20000 loss=1.54785 d_h=-10.4167 eval_acc=None active=0.18001562421251763
[2026-05-21T16:40:40] step=18400/20000 loss=1.50586 d_h=1.30208 eval_acc=None active=0.1800195559994456
[2026-05-21T16:43:04] step=18500/20000 loss=1.54688 d_h=7.16146 eval_acc=None active=0.18001330113955447
[2026-05-21T16:45:27] step=18600/20000 loss=1.57324 d_h=-4.55729 eval_acc=None active=0.180012370222907
[2026-05-21T16:47:51] step=18700/20000 loss=1.58008 d_h=18.2292 eval_acc=None active=0.17999825178915993
[2026-05-21T16:50:14] step=18800/20000 loss=1.73828 d_h=7.8125 eval_acc=None active=0.17996062419451805
[2026-05-21T16:52:39] step=18900/20000 loss=1.5376 d_h=0.976562 eval_acc=None active=0.17998836888553696
[2026-05-21T16:55:09] step=19000/20000 loss=1.54736 d_h=5.53385 eval_acc=0.4168618266978923 active=0.17997993157453274
[2026-05-21T16:57:32] step=19100/20000 loss=1.51367 d_h=9.76562 eval_acc=None active=0.17995977765098062
[2026-05-21T16:59:56] step=19200/20000 loss=1.63281 d_h=-16.9271 eval_acc=None active=0.1799720933126098
[2026-05-21T17:02:19] step=19300/20000 loss=1.57861 d_h=-8.13802 eval_acc=None active=0.17997524324205139
[2026-05-21T17:04:43] step=19400/20000 loss=1.5498 d_h=0 eval_acc=None active=0.17997362046590157
[2026-05-21T17:07:07] step=19500/20000 loss=1.58643 d_h=-10.0911 eval_acc=None active=0.17996684530516516
[2026-05-21T17:09:30] step=19600/20000 loss=1.47852 d_h=7.16146 eval_acc=None active=0.17995111815745327
[2026-05-21T17:11:54] step=19700/20000 loss=1.56055 d_h=1.30208 eval_acc=None active=0.17997470887902112
[2026-05-21T17:14:17] step=19800/20000 loss=1.54346 d_h=12.0443 eval_acc=None active=0.1799874576559485
[2026-05-21T17:16:40] step=19900/20000 loss=1.56348 d_h=10.4167 eval_acc=None active=0.1799503812989589
[2026-05-21T17:19:07] step=20000/20000 loss=1.53467 d_h=-13.9974 eval_acc=0.3747072599531616 active=0.17996887025980618
[2026-05-21T17:19:08] finished int4_g128_rtnclip_k1_h1p5e-3_seed16_bs64_ckpt1k status=complete steps=20000
