RobertaConfig {
  "architectures": [
    "RobertaForMaskedLM"
  ],
  "attention_probs_dropout_prob": 0.1,
  "bos_token_id": 0,
  "classifier_dropout": null,
  "dtype": "float32",
  "eos_token_id": 2,
  "finetuning_task": "sst-5",
  "hidden_act": "gelu",
  "hidden_dropout_prob": 0.1,
  "hidden_size": 1024,
  "id2label": {
    "0": "LABEL_0",
    "1": "LABEL_1",
    "2": "LABEL_2",
    "3": "LABEL_3",
    "4": "LABEL_4"
  },
  "initializer_range": 0.02,
  "intermediate_size": 4096,
  "label2id": {
    "LABEL_0": 0,
    "LABEL_1": 1,
    "LABEL_2": 2,
    "LABEL_3": 3,
    "LABEL_4": 4
  },
  "layer_norm_eps": 1e-05,
  "max_position_embeddings": 514,
  "model_type": "roberta",
  "num_attention_heads": 16,
  "num_hidden_layers": 24,
  "pad_token_id": 1,
  "position_embedding_type": "absolute",
  "transformers_version": "4.56.0",
  "type_vocab_size": 1,
  "use_cache": true,
  "vocab_size": 50265
}

[2026-05-21T01:21:29] starting int4_g128_rtnclip_k1_h1e-2_seed16_bs64_ckpt1k
[2026-05-21T01:21:33] step=1/20000 loss=1.9165 d_h=-14.0137 eval_acc=None active=0.7236143010396567
[2026-05-21T01:23:54] step=100/20000 loss=1.68311 d_h=3.17383 eval_acc=None active=0.7236143010396567
[2026-05-21T01:26:18] step=200/20000 loss=1.9082 d_h=7.51953 eval_acc=None active=0.7235954099003182
[2026-05-21T01:28:42] step=300/20000 loss=1.7002 d_h=-12.9883 eval_acc=None active=0.7236165172400139
[2026-05-21T01:31:06] step=400/20000 loss=1.81201 d_h=-12.2559 eval_acc=None active=0.7236229914699911
[2026-05-21T01:33:30] step=500/20000 loss=1.69775 d_h=5.22461 eval_acc=None active=0.7236354786902773
[2026-05-21T01:35:54] step=600/20000 loss=1.74561 d_h=4.24805 eval_acc=None active=0.7236234667718443
[2026-05-21T01:38:18] step=700/20000 loss=1.80029 d_h=22.9004 eval_acc=None active=0.7235683373817426
[2026-05-21T01:40:42] step=800/20000 loss=1.69043 d_h=-4.58984 eval_acc=None active=0.7236170966020361
[2026-05-21T01:43:05] step=900/20000 loss=1.86621 d_h=-7.51953 eval_acc=None active=0.7236271735638121
[2026-05-21T01:45:36] step=1000/20000 loss=1.73096 d_h=-4.05273 eval_acc=0.2459016393442623 active=0.7236433647636293
[2026-05-21T01:48:00] step=1100/20000 loss=1.75879 d_h=-7.32422 eval_acc=None active=0.7235864635382168
[2026-05-21T01:50:24] step=1200/20000 loss=2.00391 d_h=1.95312 eval_acc=None active=0.7236185393822179
[2026-05-21T01:52:47] step=1300/20000 loss=1.8125 d_h=-9.96094 eval_acc=None active=0.7236333524879043
[2026-05-21T01:55:10] step=1400/20000 loss=1.77441 d_h=4.58984 eval_acc=None active=0.7235894137846313
[2026-05-21T01:57:33] step=1500/20000 loss=1.83203 d_h=13.8672 eval_acc=None active=0.7236168125458989
[2026-05-21T01:59:57] step=1600/20000 loss=1.55078 d_h=0.195312 eval_acc=None active=0.7236025084913098
[2026-05-21T02:02:20] step=1700/20000 loss=1.68652 d_h=5.27344 eval_acc=None active=0.7235692936103232
[2026-05-21T02:04:43] step=1800/20000 loss=1.82666 d_h=-11.6699 eval_acc=None active=0.7236093258386013
[2026-05-21T02:07:07] step=1900/20000 loss=1.75293 d_h=7.42188 eval_acc=None active=0.7236134544961192
[2026-05-21T02:09:37] step=2000/20000 loss=1.77441 d_h=10.3516 eval_acc=0.25526932084309134 active=0.723624898302278
[2026-05-21T02:12:01] step=2100/20000 loss=1.75049 d_h=-3.17383 eval_acc=None active=0.7235814517754803
[2026-05-21T02:14:24] step=2200/20000 loss=1.84375 d_h=-8.49609 eval_acc=None active=0.7236077199370734
[2026-05-21T02:16:47] step=2300/20000 loss=1.80713 d_h=-15.6738 eval_acc=None active=0.7236421385410967
[2026-05-21T02:19:10] step=2400/20000 loss=1.67578 d_h=10.4492 eval_acc=None active=0.7235487346958428
[2026-05-21T02:21:34] step=2500/20000 loss=1.58838 d_h=-0.0488281 eval_acc=None active=0.7235808611637099
[2026-05-21T02:23:57] step=2600/20000 loss=1.71484 d_h=-10.9375 eval_acc=None active=0.723630877543343
[2026-05-21T02:26:20] step=2700/20000 loss=1.75586 d_h=7.71484 eval_acc=None active=0.7236022328724837
[2026-05-21T02:28:43] step=2800/20000 loss=1.76611 d_h=5.22461 eval_acc=None active=0.7236404482664588
[2026-05-21T02:31:06] step=2900/20000 loss=1.64844 d_h=-13.5742 eval_acc=None active=0.7236170544154811
[2026-05-21T02:33:34] step=3000/20000 loss=1.79053 d_h=-9.81445 eval_acc=0.24004683840749413 active=0.7236040750187196
[2026-05-21T02:35:57] step=3100/20000 loss=1.57227 d_h=0.390625 eval_acc=None active=0.7236042803266207
[2026-05-21T02:38:21] step=3200/20000 loss=1.66943 d_h=-1.80664 eval_acc=None active=0.723569107989481
[2026-05-21T02:40:44] step=3300/20000 loss=1.68848 d_h=-2.73438 eval_acc=None active=0.723598863572956
[2026-05-21T02:43:07] step=3400/20000 loss=1.83936 d_h=-0.927734 eval_acc=None active=0.7236219368061155
[2026-05-21T02:45:31] step=3500/20000 loss=1.76855 d_h=4.78516 eval_acc=None active=0.7236101751945756
[2026-05-21T02:47:54] step=3600/20000 loss=1.72607 d_h=-1.61133 eval_acc=None active=0.7236314878421723
[2026-05-21T02:50:17] step=3700/20000 loss=1.75439 d_h=-12.1582 eval_acc=None active=0.7235555914172522
[2026-05-21T02:52:40] step=3800/20000 loss=1.81934 d_h=11.2305 eval_acc=None active=0.7235956236455303
[2026-05-21T02:55:04] step=3900/20000 loss=1.71729 d_h=-6.68945 eval_acc=None active=0.7236011810210451
[2026-05-21T02:57:32] step=4000/20000 loss=1.66602 d_h=-4.29688 eval_acc=0.18032786885245902 active=0.7236204574642529
[2026-05-21T02:59:55] step=4100/20000 loss=1.67432 d_h=8.1543 eval_acc=None active=0.723620904641736
[2026-05-21T03:02:19] step=4200/20000 loss=1.61865 d_h=-6.29883 eval_acc=None active=0.7236034112835873
[2026-05-21T03:04:42] step=4300/20000 loss=1.75488 d_h=-13.4766 eval_acc=None active=0.7236010432116321
[2026-05-21T03:07:06] step=4400/20000 loss=1.73096 d_h=-10.1074 eval_acc=None active=0.7235550401795999
[2026-05-21T03:09:29] step=4500/20000 loss=1.66699 d_h=3.51562 eval_acc=None active=0.7235960961349466
[2026-05-21T03:11:52] step=4600/20000 loss=1.60889 d_h=-9.61914 eval_acc=None active=0.7236276038666734
[2026-05-21T03:14:15] step=4700/20000 loss=1.67188 d_h=4.6875 eval_acc=None active=0.7236100345727255
[2026-05-21T03:16:39] step=4800/20000 loss=1.66406 d_h=-4.88281 eval_acc=None active=0.7236214755664473
[2026-05-21T03:19:02] step=4900/20000 loss=1.58008 d_h=-2.83203 eval_acc=None active=0.7236211240118221
[2026-05-21T03:21:32] step=5000/20000 loss=1.88379 d_h=10.9375 eval_acc=0.2576112412177986 active=0.7236039906456095
[2026-05-21T03:23:56] step=5100/20000 loss=1.61816 d_h=6.34766 eval_acc=None active=0.7236058215420974
[2026-05-21T03:26:19] step=5200/20000 loss=1.86475 d_h=4.54102 eval_acc=None active=0.7235924034051637
[2026-05-21T03:28:42] step=5300/20000 loss=1.84277 d_h=-15.7227 eval_acc=None active=0.7236237423906704
[2026-05-21T03:31:06] step=5400/20000 loss=1.80908 d_h=-14.1113 eval_acc=None active=0.7235846298292918
[2026-05-21T03:33:29] step=5500/20000 loss=1.69287 d_h=-1.41602 eval_acc=None active=0.723628818839458
[2026-05-21T03:35:52] step=5600/20000 loss=1.68555 d_h=-7.12891 eval_acc=None active=0.7235888231728609
[2026-05-21T03:38:15] step=5700/20000 loss=1.75244 d_h=18.2129 eval_acc=None active=0.7236241642562207
[2026-05-21T03:40:39] step=5800/20000 loss=1.63037 d_h=1.2207 eval_acc=None active=0.7236026716126559
[2026-05-21T03:43:02] step=5900/20000 loss=1.6084 d_h=4.39453 eval_acc=None active=0.7235942455513996
[2026-05-21T03:45:27] step=6000/20000 loss=1.64307 d_h=6.10352 eval_acc=0.21311475409836064 active=0.7235755653448362
[2026-05-21T03:47:51] step=6100/20000 loss=1.77197 d_h=-0.341797 eval_acc=None active=0.7236092386530542
[2026-05-21T03:50:14] step=6200/20000 loss=1.58057 d_h=2.39258 eval_acc=None active=0.7236072502600942
[2026-05-21T03:52:38] step=6300/20000 loss=1.78809 d_h=6.44531 eval_acc=None active=0.7235924455917188
[2026-05-21T03:55:01] step=6400/20000 loss=1.73926 d_h=4.78516 eval_acc=None active=0.7236232530266322
[2026-05-21T03:57:24] step=6500/20000 loss=1.63086 d_h=-0.976562 eval_acc=None active=0.7235598297598134
[2026-05-21T03:59:47] step=6600/20000 loss=1.71533 d_h=-9.42383 eval_acc=None active=0.7236277248014644
[2026-05-21T04:02:11] step=6700/20000 loss=1.76953 d_h=10.1562 eval_acc=None active=0.723604735941415
[2026-05-21T04:04:34] step=6800/20000 loss=1.53467 d_h=-1.61133 eval_acc=None active=0.7235526046091567
[2026-05-21T04:06:58] step=6900/20000 loss=1.77881 d_h=-6.00586 eval_acc=None active=0.7235917790441494
[2026-05-21T04:09:23] step=7000/20000 loss=1.65186 d_h=5.22461 eval_acc=0.22014051522248243 active=0.7235578610539124
[2026-05-21T04:11:47] step=7100/20000 loss=1.71729 d_h=-0.927734 eval_acc=None active=0.723561109418649
[2026-05-21T04:14:10] step=7200/20000 loss=1.75 d_h=5.76172 eval_acc=None active=0.7235772781189701
[2026-05-21T04:16:34] step=7300/20000 loss=1.60303 d_h=1.02539 eval_acc=None active=0.7236089377222951
[2026-05-21T04:18:57] step=7400/20000 loss=1.80518 d_h=13.1348 eval_acc=None active=0.7236172203492641
[2026-05-21T04:21:20] step=7500/20000 loss=1.73828 d_h=5.17578 eval_acc=None active=0.7236063587175647
[2026-05-21T04:23:43] step=7600/20000 loss=1.55762 d_h=-4.58984 eval_acc=None active=0.7236262820212828
[2026-05-21T04:26:06] step=7700/20000 loss=1.6792 d_h=-4.24805 eval_acc=None active=0.723591002811537
[2026-05-21T04:28:30] step=7800/20000 loss=1.69824 d_h=8.39844 eval_acc=None active=0.7235625409490828
[2026-05-21T04:30:53] step=7900/20000 loss=1.78076 d_h=1.61133 eval_acc=None active=0.7235855494961912
[2026-05-21T04:33:19] step=8000/20000 loss=1.69775 d_h=-0.634766 eval_acc=0.23185011709601874 active=0.7235913740532212
[2026-05-21T04:35:43] step=8100/20000 loss=1.66895 d_h=-9.96094 eval_acc=None active=0.7235766368833338
[2026-05-21T04:38:06] step=8200/20000 loss=1.77979 d_h=12.4512 eval_acc=None active=0.7236100936339026
[2026-05-21T04:40:29] step=8300/20000 loss=1.63965 d_h=-6.64062 eval_acc=None active=0.723583060489445
[2026-05-21T04:42:52] step=8400/20000 loss=1.61182 d_h=2.58789 eval_acc=None active=0.7236096380191084
[2026-05-21T04:45:16] step=8500/20000 loss=1.75537 d_h=-1.70898 eval_acc=None active=0.7236056471710034
[2026-05-21T04:47:39] step=8600/20000 loss=1.79395 d_h=-8.20312 eval_acc=None active=0.7235699910946994
[2026-05-21T04:50:02] step=8700/20000 loss=1.71582 d_h=2.34375 eval_acc=None active=0.7235782934087276
[2026-05-21T04:52:25] step=8800/20000 loss=1.6416 d_h=-0.878906 eval_acc=None active=0.7235958964519195
[2026-05-21T04:54:49] step=8900/20000 loss=1.79053 d_h=-6.68945 eval_acc=None active=0.7236046318812459
[2026-05-21T04:57:15] step=9000/20000 loss=1.57764 d_h=-2.29492 eval_acc=0.21779859484777517 active=0.7235725391626228
[2026-05-21T04:59:39] step=9100/20000 loss=1.73242 d_h=5.17578 eval_acc=None active=0.7236139044860395
[2026-05-21T05:02:02] step=9200/20000 loss=1.67773 d_h=-6.73828 eval_acc=None active=0.7236001460442286
[2026-05-21T05:04:26] step=9300/20000 loss=1.92627 d_h=-7.56836 eval_acc=None active=0.7236031919135011
[2026-05-21T05:06:49] step=9400/20000 loss=1.61963 d_h=0.0488281 eval_acc=None active=0.723565069329947
[2026-05-21T05:09:12] step=9500/20000 loss=1.73633 d_h=1.95312 eval_acc=None active=0.723567004286604
[2026-05-21T05:11:35] step=9600/20000 loss=1.71826 d_h=0.634766 eval_acc=None active=0.7236151532080681
[2026-05-21T05:13:59] step=9700/20000 loss=1.71533 d_h=-6.39648 eval_acc=None active=0.7235654433840683
[2026-05-21T05:16:22] step=9800/20000 loss=1.66016 d_h=-3.71094 eval_acc=None active=0.7235894362841272
[2026-05-21T05:18:46] step=9900/20000 loss=1.61475 d_h=-0.634766 eval_acc=None active=0.7235672658432452
[2026-05-21T05:21:12] step=10000/20000 loss=1.7251 d_h=1.80664 eval_acc=0.2423887587822014 active=0.7235922852828096
[2026-05-21T05:23:36] step=10100/20000 loss=1.61084 d_h=0.537109 eval_acc=None active=0.7235670155363519
[2026-05-21T05:25:59] step=10200/20000 loss=1.73145 d_h=-3.61328 eval_acc=None active=0.7236113986046713
[2026-05-21T05:28:22] step=10300/20000 loss=1.63379 d_h=2.63672 eval_acc=None active=0.7235824614403638
[2026-05-21T05:30:45] step=10400/20000 loss=1.84473 d_h=7.22656 eval_acc=None active=0.7235492859334951
[2026-05-21T05:33:08] step=10500/20000 loss=1.70508 d_h=2.05078 eval_acc=None active=0.7235234424498891
[2026-05-21T05:35:32] step=10600/20000 loss=1.67529 d_h=-12.5488 eval_acc=None active=0.7235795730675633
[2026-05-21T05:37:55] step=10700/20000 loss=1.69971 d_h=-11.9629 eval_acc=None active=0.7235785662151167
[2026-05-21T05:40:18] step=10800/20000 loss=1.72168 d_h=13.3789 eval_acc=None active=0.723592864644832
[2026-05-21T05:42:41] step=10900/20000 loss=1.74658 d_h=1.12305 eval_acc=None active=0.7235862919795597
[2026-05-21T05:45:07] step=11000/20000 loss=1.59326 d_h=-1.41602 eval_acc=0.15456674473067916 active=0.7235488078192048
[2026-05-21T05:47:30] step=11100/20000 loss=1.72217 d_h=8.74023 eval_acc=None active=0.7235647993359948
[2026-05-21T05:49:53] step=11200/20000 loss=1.71924 d_h=-5.81055 eval_acc=None active=0.7235604006845247
[2026-05-21T05:52:16] step=11300/20000 loss=1.74902 d_h=-9.27734 eval_acc=None active=0.7235643240341416
[2026-05-21T05:54:39] step=11400/20000 loss=1.72705 d_h=-6.10352 eval_acc=None active=0.7236092245908692
[2026-05-21T05:57:03] step=11500/20000 loss=1.83594 d_h=6.64062 eval_acc=None active=0.7236088139750669
[2026-05-21T05:59:26] step=11600/20000 loss=1.71045 d_h=9.61914 eval_acc=None active=0.7235969004919289
[2026-05-21T06:01:49] step=11700/20000 loss=1.74609 d_h=8.78906 eval_acc=None active=0.7235722972930406
[2026-05-21T06:04:12] step=11800/20000 loss=1.75195 d_h=8.20312 eval_acc=None active=0.7235951905302321
[2026-05-21T06:06:35] step=11900/20000 loss=1.73096 d_h=13.916 eval_acc=None active=0.723578853083691
[2026-05-21T06:09:01] step=12000/20000 loss=1.53613 d_h=-4.00391 eval_acc=0.1885245901639344 active=0.7235926199628129
[2026-05-21T06:11:25] step=12100/20000 loss=1.57812 d_h=20.2148 eval_acc=None active=0.7235845735805518
[2026-05-21T06:13:48] step=12200/20000 loss=1.84131 d_h=-13.8184 eval_acc=None active=0.7235499665432494
[2026-05-21T06:16:11] step=12300/20000 loss=1.67773 d_h=0 eval_acc=None active=0.7235698898469675
[2026-05-21T06:18:34] step=12400/20000 loss=1.72705 d_h=0.537109 eval_acc=None active=0.7235878247577254
[2026-05-21T06:20:57] step=12500/20000 loss=1.70508 d_h=12.207 eval_acc=None active=0.7235462963129626
[2026-05-21T06:23:21] step=12600/20000 loss=1.83154 d_h=17.8223 eval_acc=None active=0.7235904318868257
[2026-05-21T06:25:44] step=12700/20000 loss=1.71191 d_h=-5.37109 eval_acc=None active=0.7235719457384154
[2026-05-21T06:28:07] step=12800/20000 loss=1.70312 d_h=15.918 eval_acc=None active=0.7235578638663493
[2026-05-21T06:30:30] step=12900/20000 loss=1.63867 d_h=1.46484 eval_acc=None active=0.7235905500091798
[2026-05-21T06:32:56] step=13000/20000 loss=1.65527 d_h=3.22266 eval_acc=0.1522248243559719 active=0.7235447213482418
[2026-05-21T06:35:20] step=13100/20000 loss=1.66846 d_h=5.61523 eval_acc=None active=0.7235704495219307
[2026-05-21T06:37:43] step=13200/20000 loss=1.71875 d_h=-5.56641 eval_acc=None active=0.7235787068369669
[2026-05-21T06:40:07] step=13300/20000 loss=1.69775 d_h=3.66211 eval_acc=None active=0.7235121139536475
[2026-05-21T06:42:30] step=13400/20000 loss=1.646 d_h=-14.4043 eval_acc=None active=0.7235696592271333
[2026-05-21T06:44:53] step=13500/20000 loss=1.72217 d_h=8.1543 eval_acc=None active=0.723553150221935
[2026-05-21T06:47:16] step=13600/20000 loss=1.57422 d_h=0.976562 eval_acc=None active=0.7235567698283558
[2026-05-21T06:49:39] step=13700/20000 loss=1.67871 d_h=7.22656 eval_acc=None active=0.7235493618692941
[2026-05-21T06:52:03] step=13800/20000 loss=1.59912 d_h=-3.56445 eval_acc=None active=0.7235591463376221
[2026-05-21T06:54:26] step=13900/20000 loss=1.60791 d_h=0.439453 eval_acc=None active=0.7235768703156049
[2026-05-21T06:56:52] step=14000/20000 loss=1.6167 d_h=11.2793 eval_acc=0.1522248243559719 active=0.7235588875934179
[2026-05-21T06:59:15] step=14100/20000 loss=1.72852 d_h=0.0976562 eval_acc=None active=0.7235786168389828
[2026-05-21T07:01:38] step=14200/20000 loss=1.70264 d_h=-7.27539 eval_acc=None active=0.7235759197118985
[2026-05-21T07:04:01] step=14300/20000 loss=1.73193 d_h=-6.29883 eval_acc=None active=0.7235607578640239
[2026-05-21T07:06:25] step=14400/20000 loss=1.61475 d_h=5.32227 eval_acc=None active=0.7236069943283271
[2026-05-21T07:08:48] step=14500/20000 loss=1.71924 d_h=-1.61133 eval_acc=None active=0.7235742294372606
[2026-05-21T07:11:11] step=14600/20000 loss=1.56836 d_h=2.83203 eval_acc=None active=0.7235674486516502
[2026-05-21T07:13:35] step=14700/20000 loss=1.60547 d_h=-1.85547 eval_acc=None active=0.7235415264198082
[2026-05-21T07:15:58] step=14800/20000 loss=1.79639 d_h=18.6035 eval_acc=None active=0.7235493731190421
[2026-05-21T07:18:21] step=14900/20000 loss=1.70459 d_h=-1.51367 eval_acc=None active=0.7235874141419232
[2026-05-21T07:20:47] step=15000/20000 loss=1.72559 d_h=-1.95312 eval_acc=0.1885245901639344 active=0.7235779024799844
[2026-05-21T07:23:10] step=15100/20000 loss=1.71191 d_h=0.195312 eval_acc=None active=0.7235591969614881
[2026-05-21T07:25:33] step=15200/20000 loss=1.59082 d_h=5.17578 eval_acc=None active=0.7235567613910449
[2026-05-21T07:27:56] step=15300/20000 loss=1.73291 d_h=7.66602 eval_acc=None active=0.7235422576534286
[2026-05-21T07:30:20] step=15400/20000 loss=1.68408 d_h=-2.49023 eval_acc=None active=0.7235951764680472
[2026-05-21T07:32:43] step=15500/20000 loss=1.63184 d_h=-6.44531 eval_acc=None active=0.7235654996328083
[2026-05-21T07:35:06] step=15600/20000 loss=1.62744 d_h=-2.29492 eval_acc=None active=0.7235522193052876
[2026-05-21T07:37:29] step=15700/20000 loss=1.63623 d_h=0.732422 eval_acc=None active=0.7235595147668692
[2026-05-21T07:39:53] step=15800/20000 loss=1.67529 d_h=-2.39258 eval_acc=None active=0.723561196604196
[2026-05-21T07:42:15] step=15900/20000 loss=1.66602 d_h=-8.98438 eval_acc=None active=0.7235445835388288
[2026-05-21T07:44:41] step=16000/20000 loss=1.71387 d_h=-0.878906 eval_acc=0.16978922716627634 active=0.7235340622120064
[2026-05-21T07:47:04] step=16100/20000 loss=1.70605 d_h=-2.44141 eval_acc=None active=0.7235438269932754
[2026-05-21T07:49:28] step=16200/20000 loss=1.57812 d_h=-2.34375 eval_acc=None active=0.7235178175758863
[2026-05-21T07:51:51] step=16300/20000 loss=1.60205 d_h=-0.830078 eval_acc=None active=0.7235546351886718
[2026-05-21T07:54:14] step=16400/20000 loss=1.66064 d_h=-3.66211 eval_acc=None active=0.7235653083870921
[2026-05-21T07:56:37] step=16500/20000 loss=1.59863 d_h=1.36719 eval_acc=None active=0.72358284955667
[2026-05-21T07:59:00] step=16600/20000 loss=1.79639 d_h=-5.41992 eval_acc=None active=0.7235687929965369
[2026-05-21T08:01:24] step=16700/20000 loss=1.77002 d_h=-7.86133 eval_acc=None active=0.7235320991309795
[2026-05-21T08:03:47] step=16800/20000 loss=1.68311 d_h=-1.12305 eval_acc=None active=0.7235614412862151
[2026-05-21T08:06:10] step=16900/20000 loss=1.72363 d_h=-13.0859 eval_acc=None active=0.7235302991712985
[2026-05-21T08:08:36] step=17000/20000 loss=1.75879 d_h=6.73828 eval_acc=0.1522248243559719 active=0.723553172721431
[2026-05-21T08:10:59] step=17100/20000 loss=1.78174 d_h=-3.85742 eval_acc=None active=0.7235492690588731
[2026-05-21T08:13:22] step=17200/20000 loss=1.64355 d_h=-4.39453 eval_acc=None active=0.7235641327884256
[2026-05-21T08:15:46] step=17300/20000 loss=1.72852 d_h=8.78906 eval_acc=None active=0.7235640343531304
[2026-05-21T08:18:09] step=17400/20000 loss=1.6416 d_h=-12.0117 eval_acc=None active=0.7235300601141534
[2026-05-21T08:20:32] step=17500/20000 loss=1.86084 d_h=29.1504 eval_acc=None active=0.7235594613305661
[2026-05-21T08:22:55] step=17600/20000 loss=1.75488 d_h=9.08203 eval_acc=None active=0.7236402092093137
[2026-05-21T08:25:18] step=17700/20000 loss=1.61572 d_h=3.4668 eval_acc=None active=0.7235517805651154
[2026-05-21T08:27:41] step=17800/20000 loss=1.55713 d_h=3.66211 eval_acc=None active=0.7235763725142557
[2026-05-21T08:30:04] step=17900/20000 loss=1.72852 d_h=-7.91016 eval_acc=None active=0.7235900240834605
[2026-05-21T08:32:30] step=18000/20000 loss=1.6543 d_h=0 eval_acc=0.17681498829039813 active=0.7235847085775279
[2026-05-21T08:34:53] step=18100/20000 loss=1.77734 d_h=8.88672 eval_acc=None active=0.7235874816404112
[2026-05-21T08:37:16] step=18200/20000 loss=1.70654 d_h=4.24805 eval_acc=None active=0.7235671645955131
[2026-05-21T08:39:39] step=18300/20000 loss=1.77588 d_h=4.15039 eval_acc=None active=0.7235578976155934
[2026-05-21T08:42:02] step=18400/20000 loss=1.65479 d_h=6.10352 eval_acc=None active=0.7235948417880439
[2026-05-21T08:44:25] step=18500/20000 loss=1.85547 d_h=-18.5547 eval_acc=None active=0.7235608309873859
[2026-05-21T08:46:48] step=18600/20000 loss=1.68896 d_h=-3.75977 eval_acc=None active=0.7235842923368516
[2026-05-21T08:49:12] step=18700/20000 loss=1.82568 d_h=-14.7949 eval_acc=None active=0.7235705507696628
[2026-05-21T08:51:35] step=18800/20000 loss=1.81592 d_h=4.73633 eval_acc=None active=0.7235439676151254
[2026-05-21T08:53:58] step=18900/20000 loss=1.71875 d_h=-3.80859 eval_acc=None active=0.7235915540491893
[2026-05-21T08:56:23] step=19000/20000 loss=1.68604 d_h=1.31836 eval_acc=0.18384074941451992 active=0.7235468756749849
[2026-05-21T08:58:46] step=19100/20000 loss=1.60791 d_h=0.0488281 eval_acc=None active=0.723541217051738
[2026-05-21T09:01:10] step=19200/20000 loss=1.75342 d_h=13.0371 eval_acc=None active=0.7235966220606659
[2026-05-21T09:03:33] step=19300/20000 loss=1.69043 d_h=-0.488281 eval_acc=None active=0.7235338034678023
[2026-05-21T09:05:56] step=19400/20000 loss=1.77734 d_h=-2.34375 eval_acc=None active=0.7235681967598926
[2026-05-21T09:08:19] step=19500/20000 loss=1.68164 d_h=-0.195312 eval_acc=None active=0.7236046628180529
[2026-05-21T09:10:43] step=19600/20000 loss=1.68799 d_h=-10.8887 eval_acc=None active=0.7234910600502549
[2026-05-21T09:13:06] step=19700/20000 loss=1.90088 d_h=23.9746 eval_acc=None active=0.7235940908673646
[2026-05-21T09:15:29] step=19800/20000 loss=1.63281 d_h=8.59375 eval_acc=None active=0.7235738778826354
[2026-05-21T09:17:52] step=19900/20000 loss=1.71387 d_h=3.125 eval_acc=None active=0.7235544608175777
[2026-05-21T09:20:18] step=20000/20000 loss=1.70605 d_h=11.4258 eval_acc=0.24004683840749413 active=0.7235799780584915
[2026-05-21T09:20:19] finished int4_g128_rtnclip_k1_h1e-2_seed16_bs64_ckpt1k status=complete steps=20000
