TASK: SST-5
K: 16
Seed: 16
Data seed: 16
Dataset mode: full
Full dev ratio: 0.1
BS: 64
LR: 1e-06
EPS: 3e-07
Step: 20000; Eval step: 1000
Optimizer: sgd
Use trainer optimizer for ZO: False
Efficient zero order: True
Using adaptive h: False
Dataloader shuffle: True
Grid search tag: seed16-bs64-lr1e-06-eps3e-07-wd0-step20000-evalstep1000
Tag: k16-roberta-large-mezo-latest_main_roberta_sst5_fp32_fp16_left_tail_seed16_bs64_ckpt1k
Result root: /scratch/jy03364/MeZO_/experiments/main_latest/mezo/roberta-large/sst5/fp32_fp16_h_sweep_left_tail_seed16_bs64_ckpt1k_20260519/fp16/h_left_tail_checkpointed/results
Job name: fp16_h3e-7_seed16_bs64_ckpt1k
Output dir: /scratch/jy03364/MeZO_/experiments/main_latest/mezo/roberta-large/sst5/fp32_fp16_h_sweep_left_tail_seed16_bs64_ckpt1k_20260519/fp16/h_left_tail_checkpointed/results/fp16_h3e-7_seed16_bs64_ckpt1k/seed16
Dataset mode: full
Data root: data/k-shot-1k-test
Full dev ratio: 0.1
Dataloader shuffle: True
Keep checkpoints: True
GPU数量: 1
RobertaConfig {
  "architectures": [
    "RobertaForMaskedLM"
  ],
  "attention_probs_dropout_prob": 0.1,
  "bos_token_id": 0,
  "classifier_dropout": null,
  "dtype": "float16",
  "eos_token_id": 2,
  "finetuning_task": "sst-5",
  "hidden_act": "gelu",
  "hidden_dropout_prob": 0.1,
  "hidden_size": 1024,
  "id2label": {
    "0": "LABEL_0",
    "1": "LABEL_1",
    "2": "LABEL_2",
    "3": "LABEL_3",
    "4": "LABEL_4"
  },
  "initializer_range": 0.02,
  "intermediate_size": 4096,
  "label2id": {
    "LABEL_0": 0,
    "LABEL_1": 1,
    "LABEL_2": 2,
    "LABEL_3": 3,
    "LABEL_4": 4
  },
  "layer_norm_eps": 1e-05,
  "max_position_embeddings": 514,
  "model_type": "roberta",
  "num_attention_heads": 16,
  "num_hidden_layers": 24,
  "pad_token_id": 1,
  "position_embedding_type": "absolute",
  "transformers_version": "4.56.0",
  "type_vocab_size": 1,
  "use_cache": true,
  "vocab_size": 50265
}

KEEP_CHECKPOINTS=True; preserving checkpoint directories under /scratch/jy03364/MeZO_/experiments/main_latest/mezo/roberta-large/sst5/fp32_fp16_h_sweep_left_tail_seed16_bs64_ckpt1k_20260519/fp16/h_left_tail_checkpointed/results/fp16_h3e-7_seed16_bs64_ckpt1k/seed16
