[nan-guard] command=bash /scratch/jy03364/MeZO_/medium_models/mezo.sh --result_root /scratch/jy03364/MeZO_/experiments/h_sweep_14h/results/quzo16/roberta-large/mnli/h_3e-7 --job_name run_quzo16 --dataset_mode full --zo_two_point_precision fp16 --zo_quantization_bits 16 --zo_probe_every 200 --zo_probe_num_seeds 16 --zo_probe_log_csv True
[nan-guard] cwd=/scratch/jy03364/MeZO_/medium_models max_consecutive_nan=100
WARNING:__main__:Process rank: -1, device: cuda:0, n_gpu: 1, distributed training: False, 16-bits training: False
INFO:__main__:Training/evaluation parameters DynamicTrainingArguments(
_n_gpu=1,
accelerator_config={'split_batches': False, 'dispatch_batches': None, 'even_batches': True, 'use_seedable_sampler': True, 'non_blocking': False, 'gradient_accumulation_kwargs': None, 'use_configured_state': False},
adafactor=False,
adam_beta1=0.9,
adam_beta2=0.999,
adam_epsilon=1e-08,
adaptive_h_ema_beta=0.1,
adaptive_h_estimate_num_batches=4,
adaptive_h_estimate_num_directions=3,
adaptive_h_estimate_reduce=mean,
adaptive_h_max=0.5,
adaptive_h_min=1e-05,
adaptive_h_probe_buffer_size=64,
adjust_for_init=False,
array_id=-1,
auto_find_batch_size=False,
average_tokens_across_devices=False,
batch_eval_metrics=False,
bf16=False,
bf16_full_eval=False,
binary_classification=False,
change_grad_estimate=False,
data_seed=16,
dataloader_drop_last=False,
dataloader_num_workers=0,
dataloader_persistent_workers=False,
dataloader_pin_memory=True,
dataloader_prefetch_factor=None,
dataloader_shuffle=False,
ddp_backend=None,
ddp_broadcast_buffers=None,
ddp_bucket_cap_mb=None,
ddp_find_unused_parameters=None,
ddp_timeout=1800,
debug=[],
deepspeed=None,
dh_h_growth=2.0,
dh_max_trials=10,
dh_test_h=0.01,
disable_tqdm=False,
do_eval=True,
do_predict=True,
do_train=True,
efficient_zero_order=True,
efficient_zero_order_fp16=False,
enable_additive_h_estimation=False,
enable_two_point_h_estimation=False,
eval_accumulation_steps=None,
eval_delay=0,
eval_do_concat_batches=True,
eval_on_start=False,
eval_steps=5000.0,
eval_strategy=IntervalStrategy.NO,
eval_use_gather_object=False,
evaluate_during_training=True,
exclude_embeddings=False,
exclude_first_layers=-1,
exclude_head=False,
f0_scaling=1.0,
fix_layers=0,
fp16=False,
fp16_backend=auto,
fp16_full_eval=False,
fp16_opt_level=O1,
from_linearhead=False,
fsdp=[],
fsdp_config={'min_num_params': 0, 'xla': False, 'xla_fsdp_v2': False, 'xla_fsdp_grad_ckpt': False},
fsdp_min_num_params=0,
fsdp_transformer_layer_cls_to_wrap=None,
full_determinism=False,
gradient_accumulation_steps=1,
gradient_checkpointing=False,
gradient_checkpointing_kwargs=None,
greater_is_better=None,
group_by_length=False,
h_estimation_active_source=fixed,
h_trunc_alpha=1.0,
half_precision_backend=auto,
head_tuning=False,
hf_inference_model=False,
hub_always_push=False,
hub_model_id=None,
hub_private_repo=None,
hub_revision=None,
hub_strategy=HubStrategy.EVERY_SAVE,
hub_token=<HUB_TOKEN>,
ignore_data_skip=False,
include_for_metrics=[],
include_inputs_for_metrics=False,
include_num_input_tokens_seen=False,
include_tokens_per_second=False,
initial_h=0.001,
jit_mode_eval=False,
kernel_formula=sgd,
kernel_gamma=1.0,
kernel_regularization=0.0,
kernel_solver=logistic,
label_names=None,
label_smoothing_factor=0.0,
layer_wise_optim=False,
learning_rate=1e-06,
length_column_name=length,
liger_kernel_config=None,
load_best_model_at_end=False,
load_kernels=None,
local_rank=-1,
log_file=log-USE_H0-USE_C0,
log_level=passive,
log_level_replica=warning,
log_on_each_node=True,
logging_dir=/scratch/jy03364/MeZO_/experiments/h_sweep_14h/results/quzo16/roberta-large/mnli/h_3e-7/run_quzo16/seed16/runs/Apr13_02-19-04_ra7-2,
logging_first_step=False,
logging_nan_inf_filter=True,
logging_steps=10,
logging_strategy=IntervalStrategy.STEPS,
lp_early_stopping=False,
lr_scheduler_kwargs={},
lr_scheduler_type=SchedulerType.CONSTANT,
max_grad_norm=1.0,
max_steps=50000,
max_zo_forward_steps=0,
mc_tol=0.1,
metric_for_best_model=None,
model_id=-1,
mp_parameters=,
neftune_noise_alpha=None,
no_cuda=False,
no_predict=False,
no_reparam=False,
no_train=False,
norm_running_update=False,
nu3_retry=3,
num_hvp_vecs=128,
num_prefix=10,
num_train_epochs=3.0,
only_biases=False,
optim=OptimizerNames.ADAMW_TORCH,
optim_args=None,
optim_target_modules=None,
optimize_acc=False,
optimizer=sgd,
optimizer_variant=,
output_dir=/scratch/jy03364/MeZO_/experiments/h_sweep_14h/results/quzo16/roberta-large/mnli/h_3e-7/run_quzo16/seed16,
overwrite_kernels=False,
overwrite_output_dir=True,
parallelism_config=None,
past_index=-1,
per_device_eval_batch_size=4,
per_device_train_batch_size=32,
prediction_loss_only=False,
prefix_init_by_real_act=False,
prefix_tuning=False,
prob_as_feature=False,
push_to_hub=False,
push_to_hub_model_id=None,
push_to_hub_organization=None,
push_to_hub_token=<PUSH_TO_HUB_TOKEN>,
random_model_init=False,
ray_scope=last,
recompute_norms=False,
remove_unused_columns=True,
report_to=[],
restore_callback_states_from_checkpoint=False,
resume_from_checkpoint=None,
run_name=None,
save_at_last=False,
save_logit=False,
save_logit_dir=None,
save_on_each_node=False,
save_only_model=False,
save_safetensors=True,
save_steps=500,
save_strategy=SaveStrategy.STEPS,
save_total_limit=None,
scale_lr_with_samples=False,
scale_norm_by_num_params=False,
seed=16,
skip_memory_metrics=True,
sweep=False,
sync_embedding_layers=False,
tf32=None,
tie_emb=False,
torch_compile=False,
torch_compile_backend=None,
torch_compile_mode=None,
torch_empty_cache_steps=None,
torchdynamo=None,
tpu_metrics_debug=False,
tpu_num_cores=None,
trainer=standard,
two_point_h_beta=0.5,
two_point_h_c2=1.0,
two_point_h_delta_sample_size=4096,
two_point_h_eps_num=1e-12,
two_point_h_fixed_probe_batch=True,
two_point_h_log_csv=True,
two_point_h_max=0.5,
two_point_h_min=1e-05,
two_point_h_num_directions_g=4,
two_point_h_num_directions_l=4,
two_point_h_q_l=0.5,
two_point_h_refresh_every=100,
two_point_h_window_delta=3,
two_point_h_window_g=5,
two_point_h_window_l=5,
untie_emb=False,
update_noise_every=1000,
use_adaptive_h=False,
use_c_scale=False,
use_cpu=False,
use_ipex=False,
use_legacy_prediction_loop=False,
use_liger_kernel=False,
use_mps_device=False,
use_torchao_float8=False,
use_zo_grad_est=False,
warmup_ratio=0.0,
warmup_steps=0,
weight_decay=0.0,
zero_order_clip_grad=False,
zero_order_eps=3e-07,
zero_order_optim=True,
zero_order_sample=1,
zero_order_sample_scheduler=None,
zero_order_use_trainer_optim=False,
zo_by_layer=False,
zo_probe_every=200,
zo_probe_log_csv=True,
zo_probe_num_seeds=16,
zo_quantization_bits=16,
zo_two_point_precision=fp16,
zo_use_true_directional_derivative=False,
zo_variant=None,
)
INFO:__main__:[zo-config] zo_two_point_precision=fp16 | zero_order_eps=3e-07 | zo_use_true_directional_derivative=False
INFO:__main__:[quzo-config] zo_quantization_bits=16 | quzo_enabled=True
INFO:__main__:Task name: mnli, number of labels: 3, output mode: classification
INFO:__main__:[data] dataset_mode requested=full resolved=full
INFO:__main__:[data] task_dir=MNLI data_seed=16
INFO:__main__:[data] auto_download=0 original_data_root=/scratch/jy03364/MeZO_/medium_models/data/original
INFO:__main__:[data] auto_generate=0 target=/scratch/jy03364/MeZO_/medium_models/data/k-shot-1k-test/MNLI/full-16
INFO:__main__:[data] resolved_data_dir=/scratch/jy03364/MeZO_/medium_models/data/k-shot-1k-test/MNLI/full-16
WARNING:src.models:By default for RoBERTa models the input embeddings and the output embeddings are NOT tied!!!!
Some weights of RobertaModelForPromptFinetuning were not initialized from the model checkpoint at roberta-large and are newly initialized: ['classifier.bias', 'classifier.weight', 'lm_head.decoder.weight', 'roberta.pooler.dense.bias', 'roberta.pooler.dense.weight']
You should probably TRAIN this model on a down-stream task to be able to use it for predictions and inference.
INFO:src.dataset:Label contradiction to word ĠNo (440)
INFO:src.dataset:Label entailment to word ĠYes (3216)
INFO:src.dataset:Label neutral to word ĠMaybe (5359)
INFO:src.dataset:Total num_sample for mode train: 1
INFO:src.dataset:Creating/loading examples from dataset file at /scratch/jy03364/MeZO_/medium_models/data/k-shot-1k-test/MNLI/full-16
INFO:src.dataset:[FewShotDataset] Skip cache in TRAIN mode to avoid OOM on large datasets (e.g., MNLI).
INFO:src.dataset:Creating features from dataset file at /scratch/jy03364/MeZO_/medium_models/data/k-shot-1k-test/MNLI/full-16
INFO:src.dataset:Label contradiction to word ĠNo (440)
INFO:src.dataset:Label entailment to word ĠYes (3216)
INFO:src.dataset:Label neutral to word ĠMaybe (5359)
INFO:src.dataset:Total num_sample for mode dev: 1
INFO:src.dataset:Creating/loading examples from dataset file at /scratch/jy03364/MeZO_/medium_models/data/k-shot-1k-test/MNLI/full-16
/scratch/jy03364/MeZO_/medium_models/src/dataset.py:363: FutureWarning: You are using `torch.load` with `weights_only=False` (the current default value), which uses the default pickle module implicitly. It is possible to construct malicious pickle data which will execute arbitrary code during unpickling (See https://github.com/pytorch/pytorch/blob/main/SECURITY.md#untrusted-models for more details). In a future release, the default value for `weights_only` will be flipped to `True`. This limits the functions that could be executed during unpickling. Arbitrary objects will no longer be allowed to be loaded via this mode unless they are explicitly allowlisted by the user via `torch.serialization.add_safe_globals`. We recommend you start setting `weights_only=True` for any use case where you don't have full control of the loaded file. Please open an issue on GitHub for any issues related to this experimental feature.
  self.support_examples, self.query_examples = torch.load(cached_features_file)
INFO:src.dataset:Loading features from cached file /scratch/jy03364/MeZO_/medium_models/data/k-shot-1k-test/MNLI/full-16/cached_dev_RobertaTokenizerFast-roberta_256_mnli [took 0.630 s]
INFO:src.dataset:*** Example ***
INFO:src.dataset:guid: dev_matched-263856
INFO:src.dataset:features: OurInputFeatures(input_ids=[0, 487, 4132, 298, 1180, 18, 82, 32, 481, 7, 989, 5, 2946, 6, 53, 683, 51, 517, 5140, 6, 51, 189, 28, 3179, 5537, 7, 671, 116, 50264, 6, 71, 1375, 8, 1618, 5, 2946, 6, 234, 4132, 298, 1180, 18, 82, 189, 45, 28, 576, 5537, 7, 671, 4, 2], attention_mask=[1, 1, 1, 1, 1, 1, 1, 1, 1, 1, 1, 1, 1, 1, 1, 1, 1, 1, 1, 1, 1, 1, 1, 1, 1, 1, 1, 1, 1, 1, 1, 1, 1, 1, 1, 1, 1, 1, 1, 1, 1, 1, 1, 1, 1, 1, 1, 1, 1, 1, 1, 1], token_type_ids=None, label=1, mask_pos=[28], label_word_list=None, sfc_input_ids=None, sfc_attention_mask=None, sfc_mask_pos=None)
INFO:src.dataset:text: <s>Niihau's people are free to leave the island, but once they move elsewhere, they may be refused permission to return?<mask>, after moving and leaving the island, Niihau's people may not be given permission to return.</s>
WARNING:src.dataset:Input exceeds max_length limit: <s>uh-huh oh i feel that is certainly if you're going to carry one you need to be uh very comfortable with the piece and have enough uh knowledge and insight for your own self on whether or not you're going to use it in that situation and not pull it unless you intend to because i i feel like that's you know i mean i'm i'm i'm all for uh people having having firearms or having whatever form of protection they prefer because you know even though the odds is you know the criminal ends up getting the gun and shooting the people to begin with you know the people that had it in the beginning but if the if if you're talking about uh two people if you're talking about a criminal an assailant that is coming at you with a gun and you don't have a gun at all well the chances are a hundred percent they're going to get you if you if you both of you have a firearm you've at least got that fifty percent chance that you may get them first and so i believe in that but i i've not ever felt comfortable in it i guess it's  i'm glad i  i'm glad i um i'm that i'm married to someone?<mask>, i think you need to know a lot about guns if you're goign to carry one.</s>
WARNING:src.dataset:Input exceeds max_length limit: <s>we went uh and did a a thing through IBS which is a like a financial consultant  type thing here in Dallas and uh one of the things that we talked about with the counselor there was you know they work up this whole big you know proposal profile for you that every all the things that you need to work on and you need to do and then one of the things that we talked about with her was you know the need to save for our son's education we have a two year old you know and and you know we can't start saving for college when he's sixteen you know we have to do that now and and uh they have a way that they can figure you know what you know and he's two now in sixteen years when he's ready to go to college this is how much it'll cost you know and it's just really scary the thought of how much it's going to it's what it costs now is ridiculous what it's going to cost sixteen years from now is just really scary and they sat down and figured up that we needed to save like fifteen between fifteen and seventeen hundred dollars a year at a oh you know six percent interest rate to be able to have you know?<mask>, we worked with a financial consultant through IBS in Dallas.</s>
WARNING:src.dataset:Input exceeds max_length limit: <s>yes i'm i'm i have some great concerns about uh my my parents and my relatives reaching that age um around here where i live in Maryland in the Washington area there's there's and uh i used to live down in Dallas there was just so many stories about uh rest homes where the people are being abused where the people are being kept in filthy conditions in fact here in Baltimore they've actually shut a couple of them down and taken all the people out of them because they were so uh bug infested and rat infested and it i you know really concerns me that um first of all that anyone could let someone live like that but if you have to you know how do you make sure i mean i'm sure when you make your appointment and go by everybody puts on a happy face um you know how are you sure that the home is really as good as it is because once you put someone into there you know they may not like the fact that they've been put in there and they might complain about the place all the time even though it's the best place in the whole world they could be just because they want to make you feel guilty for putting them in there and you kno?<mask>, i am worried about how landlords could let people live in such poor conditions.</s>
INFO:src.dataset:Label contradiction to word ĠNo (440)
INFO:src.dataset:Label entailment to word ĠYes (3216)
INFO:src.dataset:Label neutral to word ĠMaybe (5359)
INFO:src.dataset:Total num_sample for mode test: 1
INFO:src.dataset:Creating/loading examples from dataset file at /scratch/jy03364/MeZO_/medium_models/data/k-shot-1k-test/MNLI/full-16
INFO:src.dataset:Loading features from cached file /scratch/jy03364/MeZO_/medium_models/data/k-shot-1k-test/MNLI/full-16/cached_test_RobertaTokenizerFast-roberta_256_mnli [took 0.641 s]
INFO:src.dataset:*** Example ***
INFO:src.dataset:guid: test_matched-0
INFO:src.dataset:features: OurInputFeatures(input_ids=[0, 133, 92, 659, 32, 2579, 1177, 13098, 116, 50264, 6, 961, 269, 3829, 5, 8946, 1795, 1437, 2], attention_mask=[1, 1, 1, 1, 1, 1, 1, 1, 1, 1, 1, 1, 1, 1, 1, 1, 1, 1, 1], token_type_ids=None, label=2, mask_pos=[9], label_word_list=None, sfc_input_ids=None, sfc_attention_mask=None, sfc_mask_pos=None)
INFO:src.dataset:text: <s>The new rights are nice enoug?<mask>, everyone really likes the newest benefits </s>
INFO:__main__:[quzo-config] quantized model parameters in-place at 16 bits before ZO training
INFO:src.trainer:[dataloader][debug] self class=Trainer, get_train_dataloader=<bound method Trainer.get_train_dataloader of <src.trainer.Trainer object at 0x14c85a896930>>
INFO:src.trainer:[dataloader][override] Trainer.get_train_dataloader active. shuffle_raw=False type=bool -> shuffle=False; data_seed=16 seed=16 local_rank=-1
INFO:src.trainer:[dataloader][override] selected sampler=SequentialSampler
INFO:src.trainer:[dataloader] sampler=SequentialSampler, batch_sampler=BatchSampler
INFO:src.trainer:[dataloader] training uses SequentialSampler (no shuffle).
INFO:src.trainer:[dataloader] args.dataloader_shuffle=False
INFO:src.trainer:[dataloader] args.data_seed=16 args.seed=16
INFO:src.trainer:***** Running training *****
INFO:src.trainer:  Num examples = 353432
INFO:src.trainer:  Num Epochs = 5
INFO:src.trainer:  Instantaneous batch size per device = 32
INFO:src.trainer:  Total train batch size (w. parallel, distributed & accumulation) = 32
INFO:src.trainer:  Gradient Accumulation steps = 1
INFO:src.trainer:  Total optimization steps = 50000
INFO:src.trainer:[zo-config] zo_two_point_precision=fp16 | zero_order_eps=3e-07 | zo_use_true_directional_derivative=False
INFO:src.trainer:[zo_probe] enabled: every=200, num_seeds=16, csv=/scratch/jy03364/MeZO_/experiments/h_sweep_14h/results/quzo16/roberta-large/mnli/h_3e-7/run_quzo16/seed16/zo_directional_probe.csv
INFO:src.trainer:[h_estimation][init] h0=1.000e-03 active_source=fixed additive=False two_point=False
You're using a RobertaTokenizerFast tokenizer. Please note that with a fast tokenizer, using the `__call__` method is faster than using a method to encode the text followed by a call to the `pad` method to get a padded encoding.
/scratch/jy03364/MeZO_/medium_models/src/trainer.py:2057: FutureWarning: `torch.cuda.amp.autocast(args...)` is deprecated. Please use `torch.amp.autocast('cuda', args...)` instead.
  return autocast(dtype=torch.float16)
INFO:src.trainer:{'loss': 1.2231292724609375, 'learning_rate': 1e-06, 'global_step': 0, 'zo_forward_step': 2, 'max_steps': 50000, 'max_zo_forward_steps': 0, 'time': 0, 'eps': 3e-07}
INFO:src.trainer:{'loss': 1.18231201171875, 'learning_rate': 1e-06, 'global_step': 10, 'zo_forward_step': 22, 'max_steps': 50000, 'max_zo_forward_steps': 0, 'time': 1, 'eps': 3e-07}
INFO:src.trainer:{'loss': 1.2989273071289062, 'learning_rate': 1e-06, 'global_step': 20, 'zo_forward_step': 42, 'max_steps': 50000, 'max_zo_forward_steps': 0, 'time': 1, 'eps': 3e-07}
INFO:src.trainer:{'loss': 1.2420501708984375, 'learning_rate': 1e-06, 'global_step': 30, 'zo_forward_step': 62, 'max_steps': 50000, 'max_zo_forward_steps': 0, 'time': 2, 'eps': 3e-07}
INFO:src.trainer:{'loss': 1.138275146484375, 'learning_rate': 1e-06, 'global_step': 40, 'zo_forward_step': 82, 'max_steps': 50000, 'max_zo_forward_steps': 0, 'time': 3, 'eps': 3e-07}
INFO:src.trainer:{'loss': 1.2528762817382812, 'learning_rate': 1e-06, 'global_step': 50, 'zo_forward_step': 102, 'max_steps': 50000, 'max_zo_forward_steps': 0, 'time': 4, 'eps': 3e-07}
INFO:src.trainer:{'loss': 1.2176055908203125, 'learning_rate': 1e-06, 'global_step': 60, 'zo_forward_step': 122, 'max_steps': 50000, 'max_zo_forward_steps': 0, 'time': 4, 'eps': 3e-07}
INFO:src.trainer:{'loss': 1.181396484375, 'learning_rate': 1e-06, 'global_step': 70, 'zo_forward_step': 142, 'max_steps': 50000, 'max_zo_forward_steps': 0, 'time': 5, 'eps': 3e-07}
INFO:src.trainer:{'loss': 1.15557861328125, 'learning_rate': 1e-06, 'global_step': 80, 'zo_forward_step': 162, 'max_steps': 50000, 'max_zo_forward_steps': 0, 'time': 6, 'eps': 3e-07}
WARNING:src.dataset:Input exceeds max_length limit: <s>yeah well that's well that's funny yeah not everybody enjoys it though everybody has a different things i kind of enjoy it and my husband doesn't i kind of have to sometimes i'm too busy to get out there and do it and he you know he doesn't really enjoy doing it but he'll do it and he doesn't gripe about it or anything but you know i'm kind of like you and he's kind of like your wife and you know in that he doesn't really enjoy it but i would like to have a garden though that's my thing but right now where we're living we have the trees where the uh roots are at the top of the ground everywhere all over the ground i don't know what kind of trees they are but you can't have a garden you can't till it or it'll it'll tear up a nice tiller so we're going to wait until we move we don't have a lot of sun either because it big trees back there so we're going to wait and when we move that's one of our priorities is to get a house where we can have a um garden and so i'd like to do that i have a feeling i'll be?<mask>, i would love to have a garden with vegetables and herbs.</s>
INFO:src.trainer:{'loss': 1.197296142578125, 'learning_rate': 1e-06, 'global_step': 90, 'zo_forward_step': 182, 'max_steps': 50000, 'max_zo_forward_steps': 0, 'time': 7, 'eps': 3e-07}
INFO:src.trainer:{'loss': 1.252899169921875, 'learning_rate': 1e-06, 'global_step': 100, 'zo_forward_step': 202, 'max_steps': 50000, 'max_zo_forward_steps': 0, 'time': 7, 'eps': 3e-07}
INFO:src.trainer:{'loss': 1.164215087890625, 'learning_rate': 1e-06, 'global_step': 110, 'zo_forward_step': 222, 'max_steps': 50000, 'max_zo_forward_steps': 0, 'time': 8, 'eps': 3e-07}
INFO:src.trainer:{'loss': 1.054840087890625, 'learning_rate': 1e-06, 'global_step': 120, 'zo_forward_step': 242, 'max_steps': 50000, 'max_zo_forward_steps': 0, 'time': 9, 'eps': 3e-07}
WARNING:src.dataset:Input exceeds max_length limit: <s>yeah well that's well that's funny yeah not everybody enjoys it though everybody has a different things i kind of enjoy it and my husband doesn't i kind of have to sometimes i'm too busy to get out there and do it and he you know he doesn't really enjoy doing it but he'll do it and he doesn't gripe about it or anything but you know i'm kind of like you and he's kind of like your wife and you know in that he doesn't really enjoy it but i would like to have a garden though that's my thing but right now where we're living we have the trees where the uh roots are at the top of the ground everywhere all over the ground i don't know what kind of trees they are but you can't have a garden you can't till it or it'll it'll tear up a nice tiller so we're going to wait until we move we don't have a lot of sun either because it big trees back there so we're going to wait and when we move that's one of our priorities is to get a house where we can have a um garden and so i'd like to do that i have a feeling i'll be?<mask>, my husband does not enjoy having a garden, but I do.</s>
INFO:src.trainer:{'loss': 1.2071533203125, 'learning_rate': 1e-06, 'global_step': 130, 'zo_forward_step': 262, 'max_steps': 50000, 'max_zo_forward_steps': 0, 'time': 10, 'eps': 3e-07}
INFO:src.trainer:{'loss': 1.1273040771484375, 'learning_rate': 1e-06, 'global_step': 140, 'zo_forward_step': 282, 'max_steps': 50000, 'max_zo_forward_steps': 0, 'time': 10, 'eps': 3e-07}
INFO:src.trainer:{'loss': 1.1587066650390625, 'learning_rate': 1e-06, 'global_step': 150, 'zo_forward_step': 302, 'max_steps': 50000, 'max_zo_forward_steps': 0, 'time': 11, 'eps': 3e-07}
INFO:src.trainer:{'loss': 1.15631103515625, 'learning_rate': 1e-06, 'global_step': 160, 'zo_forward_step': 322, 'max_steps': 50000, 'max_zo_forward_steps': 0, 'time': 12, 'eps': 3e-07}
INFO:src.trainer:{'loss': 1.3437652587890625, 'learning_rate': 1e-06, 'global_step': 170, 'zo_forward_step': 342, 'max_steps': 50000, 'max_zo_forward_steps': 0, 'time': 13, 'eps': 3e-07}
INFO:src.trainer:{'loss': 1.2014617919921875, 'learning_rate': 1e-06, 'global_step': 180, 'zo_forward_step': 362, 'max_steps': 50000, 'max_zo_forward_steps': 0, 'time': 13, 'eps': 3e-07}
INFO:src.trainer:{'loss': 1.4254150390625, 'learning_rate': 1e-06, 'global_step': 190, 'zo_forward_step': 382, 'max_steps': 50000, 'max_zo_forward_steps': 0, 'time': 14, 'eps': 3e-07}
INFO:src.trainer:[zo_probe] step=200 eps=3.000e-07 precision=fp16 n=16 mae=1.600817e+02 mse=3.453717e+04 rmse=1.858418e+02 sign_acc=0.5625 corr=-0.010488
INFO:src.trainer:{'loss': 1.1449432373046875, 'learning_rate': 1e-06, 'global_step': 200, 'zo_forward_step': 402, 'max_steps': 50000, 'max_zo_forward_steps': 0, 'time': 17, 'eps': 3e-07}
INFO:src.trainer:{'loss': 1.1250152587890625, 'learning_rate': 1e-06, 'global_step': 210, 'zo_forward_step': 422, 'max_steps': 50000, 'max_zo_forward_steps': 0, 'time': 17, 'eps': 3e-07}
INFO:src.trainer:{'loss': 1.1899337768554688, 'learning_rate': 1e-06, 'global_step': 220, 'zo_forward_step': 442, 'max_steps': 50000, 'max_zo_forward_steps': 0, 'time': 18, 'eps': 3e-07}
INFO:src.trainer:{'loss': 1.175628662109375, 'learning_rate': 1e-06, 'global_step': 230, 'zo_forward_step': 462, 'max_steps': 50000, 'max_zo_forward_steps': 0, 'time': 19, 'eps': 3e-07}
INFO:src.trainer:{'loss': 1.1706390380859375, 'learning_rate': 1e-06, 'global_step': 240, 'zo_forward_step': 482, 'max_steps': 50000, 'max_zo_forward_steps': 0, 'time': 20, 'eps': 3e-07}
INFO:src.trainer:{'loss': 1.31207275390625, 'learning_rate': 1e-06, 'global_step': 250, 'zo_forward_step': 502, 'max_steps': 50000, 'max_zo_forward_steps': 0, 'time': 20, 'eps': 3e-07}
INFO:src.trainer:{'loss': 1.28375244140625, 'learning_rate': 1e-06, 'global_step': 260, 'zo_forward_step': 522, 'max_steps': 50000, 'max_zo_forward_steps': 0, 'time': 21, 'eps': 3e-07}
INFO:src.trainer:{'loss': 1.286712646484375, 'learning_rate': 1e-06, 'global_step': 270, 'zo_forward_step': 542, 'max_steps': 50000, 'max_zo_forward_steps': 0, 'time': 22, 'eps': 3e-07}
INFO:src.trainer:{'loss': 1.1635589599609375, 'learning_rate': 1e-06, 'global_step': 280, 'zo_forward_step': 562, 'max_steps': 50000, 'max_zo_forward_steps': 0, 'time': 23, 'eps': 3e-07}
WARNING:src.dataset:Input exceeds max_length limit: <s>well uh that's kind of obvious i mean they're even carrying it to to where now uh that they advertise on TV you know if your if you uh you know have done this or if you need this uh uh we'll sue for you and you don't have to pay us unless you but then what they don't tell you is that if you if they win you give them at least a third of the of the thing that they win so  i don't know it is uh it's getting to be more business now rather than uh actually uh dealing with the crime than with uh um the uh punishment they the the lawyers are just in it for the money  i'm i'm convinced i know i i agree with you i think you're real you're very right that the politicians should i think they should have an equal amount of you know maybe they can have a few but i think most of them should be not uh lawyers in the fact and that's way way they've gotten into politics it's because of the the law things you know the loops and everything but uh but no i know we it um we're in Maryland and uh we have the same thing overcrowding and and uh they are?<mask>, i'm not sure how we get to that point, though.</s>
INFO:src.trainer:{'loss': 1.2403717041015625, 'learning_rate': 1e-06, 'global_step': 290, 'zo_forward_step': 582, 'max_steps': 50000, 'max_zo_forward_steps': 0, 'time': 23, 'eps': 3e-07}
INFO:src.trainer:{'loss': 0.9959945678710938, 'learning_rate': 1e-06, 'global_step': 300, 'zo_forward_step': 602, 'max_steps': 50000, 'max_zo_forward_steps': 0, 'time': 24, 'eps': 3e-07}
INFO:src.trainer:{'loss': 1.3353424072265625, 'learning_rate': 1e-06, 'global_step': 310, 'zo_forward_step': 622, 'max_steps': 50000, 'max_zo_forward_steps': 0, 'time': 25, 'eps': 3e-07}
INFO:src.trainer:{'loss': 1.308502197265625, 'learning_rate': 1e-06, 'global_step': 320, 'zo_forward_step': 642, 'max_steps': 50000, 'max_zo_forward_steps': 0, 'time': 26, 'eps': 3e-07}
INFO:src.trainer:{'loss': 0.9903411865234375, 'learning_rate': 1e-06, 'global_step': 330, 'zo_forward_step': 662, 'max_steps': 50000, 'max_zo_forward_steps': 0, 'time': 26, 'eps': 3e-07}
INFO:src.trainer:{'loss': 1.2428131103515625, 'learning_rate': 1e-06, 'global_step': 340, 'zo_forward_step': 682, 'max_steps': 50000, 'max_zo_forward_steps': 0, 'time': 27, 'eps': 3e-07}
INFO:src.trainer:{'loss': 1.5834503173828125, 'learning_rate': 1e-06, 'global_step': 350, 'zo_forward_step': 702, 'max_steps': 50000, 'max_zo_forward_steps': 0, 'time': 28, 'eps': 3e-07}
INFO:src.trainer:{'loss': 1.1844940185546875, 'learning_rate': 1e-06, 'global_step': 360, 'zo_forward_step': 722, 'max_steps': 50000, 'max_zo_forward_steps': 0, 'time': 28, 'eps': 3e-07}
INFO:src.trainer:{'loss': 1.2470550537109375, 'learning_rate': 1e-06, 'global_step': 370, 'zo_forward_step': 742, 'max_steps': 50000, 'max_zo_forward_steps': 0, 'time': 29, 'eps': 3e-07}
INFO:src.trainer:{'loss': 1.234405517578125, 'learning_rate': 1e-06, 'global_step': 380, 'zo_forward_step': 762, 'max_steps': 50000, 'max_zo_forward_steps': 0, 'time': 30, 'eps': 3e-07}
INFO:src.trainer:{'loss': 1.2275848388671875, 'learning_rate': 1e-06, 'global_step': 390, 'zo_forward_step': 782, 'max_steps': 50000, 'max_zo_forward_steps': 0, 'time': 31, 'eps': 3e-07}
INFO:src.trainer:[zo_probe] step=400 eps=3.000e-07 precision=fp16 n=16 mae=1.483903e+02 mse=3.442537e+04 rmse=1.855408e+02 sign_acc=0.3750 corr=0.048541
INFO:src.trainer:{'loss': 1.1646728515625, 'learning_rate': 1e-06, 'global_step': 400, 'zo_forward_step': 802, 'max_steps': 50000, 'max_zo_forward_steps': 0, 'time': 33, 'eps': 3e-07}
INFO:src.trainer:{'loss': 1.20965576171875, 'learning_rate': 1e-06, 'global_step': 410, 'zo_forward_step': 822, 'max_steps': 50000, 'max_zo_forward_steps': 0, 'time': 34, 'eps': 3e-07}
INFO:src.trainer:{'loss': 1.3220977783203125, 'learning_rate': 1e-06, 'global_step': 420, 'zo_forward_step': 842, 'max_steps': 50000, 'max_zo_forward_steps': 0, 'time': 34, 'eps': 3e-07}
INFO:src.trainer:{'loss': 1.2572021484375, 'learning_rate': 1e-06, 'global_step': 430, 'zo_forward_step': 862, 'max_steps': 50000, 'max_zo_forward_steps': 0, 'time': 35, 'eps': 3e-07}
WARNING:src.dataset:Input exceeds max_length limit: <s>yeah i they need to have more checks and balances in their government to  get rid of the corruption but i think first though i don't know they need to i think turn these people in the repentance on the leadership of the different nations for all their uh you know the atrocities that they've commit and the drug dealings and in the just in the drug crimes because i feel like a lot of the leadership of those nations are so engrossed in the drug crimes that until they repent or they're moved from power that you know but there are so many of them that the next one to come up if you just knock one off you going to have another one and i know a lot of those nations there's uh Brazil i know is like forty percent evangelical Christian not just go to church but you know really on fire for God and they're just surpassing America Latin America by the drugs you know it's just incomprehensible and uh so i just think that i think that God's going to honor that and that he's going to put in some good leadership and i know the president of i believe Costa Rica is a Christian and he goes to no Guatemala because he goes to Virgo Church in Guatemala City our church?<mask>, i hope Latin America sheds the chains of religion and unifies around rationality and humanitarianism for the greater good.</s>
INFO:src.trainer:{'loss': 1.14532470703125, 'learning_rate': 1e-06, 'global_step': 440, 'zo_forward_step': 882, 'max_steps': 50000, 'max_zo_forward_steps': 0, 'time': 36, 'eps': 3e-07}
INFO:src.trainer:{'loss': 1.0968017578125, 'learning_rate': 1e-06, 'global_step': 450, 'zo_forward_step': 902, 'max_steps': 50000, 'max_zo_forward_steps': 0, 'time': 37, 'eps': 3e-07}
INFO:src.trainer:{'loss': 1.229217529296875, 'learning_rate': 1e-06, 'global_step': 460, 'zo_forward_step': 922, 'max_steps': 50000, 'max_zo_forward_steps': 0, 'time': 37, 'eps': 3e-07}
INFO:src.trainer:{'loss': 1.169464111328125, 'learning_rate': 1e-06, 'global_step': 470, 'zo_forward_step': 942, 'max_steps': 50000, 'max_zo_forward_steps': 0, 'time': 38, 'eps': 3e-07}
INFO:src.trainer:{'loss': 1.13665771484375, 'learning_rate': 1e-06, 'global_step': 480, 'zo_forward_step': 962, 'max_steps': 50000, 'max_zo_forward_steps': 0, 'time': 39, 'eps': 3e-07}
INFO:src.trainer:{'loss': 1.2080841064453125, 'learning_rate': 1e-06, 'global_step': 490, 'zo_forward_step': 982, 'max_steps': 50000, 'max_zo_forward_steps': 0, 'time': 40, 'eps': 3e-07}
INFO:src.trainer:{'loss': 1.14959716796875, 'learning_rate': 1e-06, 'global_step': 500, 'zo_forward_step': 1002, 'max_steps': 50000, 'max_zo_forward_steps': 0, 'time': 41, 'eps': 3e-07}
INFO:src.trainer:{'loss': 1.285675048828125, 'learning_rate': 1e-06, 'global_step': 510, 'zo_forward_step': 1022, 'max_steps': 50000, 'max_zo_forward_steps': 0, 'time': 41, 'eps': 3e-07}
INFO:src.trainer:{'loss': 1.0549468994140625, 'learning_rate': 1e-06, 'global_step': 520, 'zo_forward_step': 1042, 'max_steps': 50000, 'max_zo_forward_steps': 0, 'time': 42, 'eps': 3e-07}
INFO:src.trainer:{'loss': 1.205078125, 'learning_rate': 1e-06, 'global_step': 530, 'zo_forward_step': 1062, 'max_steps': 50000, 'max_zo_forward_steps': 0, 'time': 43, 'eps': 3e-07}
INFO:src.trainer:{'loss': 1.139801025390625, 'learning_rate': 1e-06, 'global_step': 540, 'zo_forward_step': 1082, 'max_steps': 50000, 'max_zo_forward_steps': 0, 'time': 44, 'eps': 3e-07}
INFO:src.trainer:{'loss': 1.0571441650390625, 'learning_rate': 1e-06, 'global_step': 550, 'zo_forward_step': 1102, 'max_steps': 50000, 'max_zo_forward_steps': 0, 'time': 44, 'eps': 3e-07}
INFO:src.trainer:{'loss': 1.0421600341796875, 'learning_rate': 1e-06, 'global_step': 560, 'zo_forward_step': 1122, 'max_steps': 50000, 'max_zo_forward_steps': 0, 'time': 45, 'eps': 3e-07}
INFO:src.trainer:{'loss': 1.16290283203125, 'learning_rate': 1e-06, 'global_step': 570, 'zo_forward_step': 1142, 'max_steps': 50000, 'max_zo_forward_steps': 0, 'time': 46, 'eps': 3e-07}
INFO:src.trainer:{'loss': 1.0755767822265625, 'learning_rate': 1e-06, 'global_step': 580, 'zo_forward_step': 1162, 'max_steps': 50000, 'max_zo_forward_steps': 0, 'time': 47, 'eps': 3e-07}
INFO:src.trainer:{'loss': 1.1582794189453125, 'learning_rate': 1e-06, 'global_step': 590, 'zo_forward_step': 1182, 'max_steps': 50000, 'max_zo_forward_steps': 0, 'time': 47, 'eps': 3e-07}
WARNING:src.dataset:Input exceeds max_length limit: <s>yeah well i kind of think we're too lenient number one now i work in Massachusetts but i live in Rhode Island so the the legislature just come out and said that because of what with treating the prisoners so-called brutally because uh the state prison's overcrowded we have to release them so they took the offenders with the the minor crimes and they let them go they didn't have to serve the rest of their term and which is absolutely incredible um i think number one my opinion is that the judges are too lenient but yet you get some of the jury trials and and it comes down to the nitty gritty when people are ready to condemn a person they always kind of forgive him a little bit nobody wants to put the finger on somebody and say well that's it you know we're going to kill you so it's got to be up to the judges i think we need we have to put into place judges that are stricter than the ones that are in there now and the other thing is i'm not sure about Texas but like in Rhode Island if someone breaks into your home you have to do your utmost to leave so you can't cause a confrontation with that person you can't shoot him you?<mask>, they set the prisoners with smaller charges free for 30 days.</s>
INFO:src.trainer:[zo_probe] step=600 eps=3.000e-07 precision=fp16 n=16 mae=2.192893e+02 mse=7.131249e+04 rmse=2.670440e+02 sign_acc=0.5000 corr=0.176319
INFO:src.trainer:{'loss': 1.185821533203125, 'learning_rate': 1e-06, 'global_step': 600, 'zo_forward_step': 1202, 'max_steps': 50000, 'max_zo_forward_steps': 0, 'time': 49, 'eps': 3e-07}
INFO:src.trainer:{'loss': 1.1888275146484375, 'learning_rate': 1e-06, 'global_step': 610, 'zo_forward_step': 1222, 'max_steps': 50000, 'max_zo_forward_steps': 0, 'time': 50, 'eps': 3e-07}
INFO:src.trainer:{'loss': 1.045501708984375, 'learning_rate': 1e-06, 'global_step': 620, 'zo_forward_step': 1242, 'max_steps': 50000, 'max_zo_forward_steps': 0, 'time': 51, 'eps': 3e-07}
INFO:src.trainer:{'loss': 1.1647186279296875, 'learning_rate': 1e-06, 'global_step': 630, 'zo_forward_step': 1262, 'max_steps': 50000, 'max_zo_forward_steps': 0, 'time': 52, 'eps': 3e-07}
INFO:src.trainer:{'loss': 1.2149200439453125, 'learning_rate': 1e-06, 'global_step': 640, 'zo_forward_step': 1282, 'max_steps': 50000, 'max_zo_forward_steps': 0, 'time': 52, 'eps': 3e-07}
INFO:src.trainer:{'loss': 1.09869384765625, 'learning_rate': 1e-06, 'global_step': 650, 'zo_forward_step': 1302, 'max_steps': 50000, 'max_zo_forward_steps': 0, 'time': 53, 'eps': 3e-07}
INFO:src.trainer:{'loss': 1.0802764892578125, 'learning_rate': 1e-06, 'global_step': 660, 'zo_forward_step': 1322, 'max_steps': 50000, 'max_zo_forward_steps': 0, 'time': 54, 'eps': 3e-07}
INFO:src.trainer:{'loss': 1.34521484375, 'learning_rate': 1e-06, 'global_step': 670, 'zo_forward_step': 1342, 'max_steps': 50000, 'max_zo_forward_steps': 0, 'time': 54, 'eps': 3e-07}
INFO:src.trainer:{'loss': 1.17169189453125, 'learning_rate': 1e-06, 'global_step': 680, 'zo_forward_step': 1362, 'max_steps': 50000, 'max_zo_forward_steps': 0, 'time': 55, 'eps': 3e-07}
INFO:src.trainer:{'loss': 1.3311386108398438, 'learning_rate': 1e-06, 'global_step': 690, 'zo_forward_step': 1382, 'max_steps': 50000, 'max_zo_forward_steps': 0, 'time': 56, 'eps': 3e-07}
INFO:src.trainer:{'loss': 1.361114501953125, 'learning_rate': 1e-06, 'global_step': 700, 'zo_forward_step': 1402, 'max_steps': 50000, 'max_zo_forward_steps': 0, 'time': 57, 'eps': 3e-07}
INFO:src.trainer:{'loss': 1.3201446533203125, 'learning_rate': 1e-06, 'global_step': 710, 'zo_forward_step': 1422, 'max_steps': 50000, 'max_zo_forward_steps': 0, 'time': 57, 'eps': 3e-07}
INFO:src.trainer:{'loss': 1.20050048828125, 'learning_rate': 1e-06, 'global_step': 720, 'zo_forward_step': 1442, 'max_steps': 50000, 'max_zo_forward_steps': 0, 'time': 58, 'eps': 3e-07}
INFO:src.trainer:{'loss': 1.2679901123046875, 'learning_rate': 1e-06, 'global_step': 730, 'zo_forward_step': 1462, 'max_steps': 50000, 'max_zo_forward_steps': 0, 'time': 59, 'eps': 3e-07}
INFO:src.trainer:{'loss': 1.0949859619140625, 'learning_rate': 1e-06, 'global_step': 740, 'zo_forward_step': 1482, 'max_steps': 50000, 'max_zo_forward_steps': 0, 'time': 60, 'eps': 3e-07}
INFO:src.trainer:{'loss': 1.100860595703125, 'learning_rate': 1e-06, 'global_step': 750, 'zo_forward_step': 1502, 'max_steps': 50000, 'max_zo_forward_steps': 0, 'time': 60, 'eps': 3e-07}
INFO:src.trainer:{'loss': 1.134307861328125, 'learning_rate': 1e-06, 'global_step': 760, 'zo_forward_step': 1522, 'max_steps': 50000, 'max_zo_forward_steps': 0, 'time': 61, 'eps': 3e-07}
INFO:src.trainer:{'loss': 1.22967529296875, 'learning_rate': 1e-06, 'global_step': 770, 'zo_forward_step': 1542, 'max_steps': 50000, 'max_zo_forward_steps': 0, 'time': 62, 'eps': 3e-07}
INFO:src.trainer:{'loss': 1.1741485595703125, 'learning_rate': 1e-06, 'global_step': 780, 'zo_forward_step': 1562, 'max_steps': 50000, 'max_zo_forward_steps': 0, 'time': 63, 'eps': 3e-07}
INFO:src.trainer:{'loss': 1.1686553955078125, 'learning_rate': 1e-06, 'global_step': 790, 'zo_forward_step': 1582, 'max_steps': 50000, 'max_zo_forward_steps': 0, 'time': 63, 'eps': 3e-07}
INFO:src.trainer:[zo_probe] step=800 eps=3.000e-07 precision=fp16 n=16 mae=2.766533e+02 mse=1.281540e+05 rmse=3.579861e+02 sign_acc=0.4375 corr=-0.273203
INFO:src.trainer:{'loss': 1.137115478515625, 'learning_rate': 1e-06, 'global_step': 800, 'zo_forward_step': 1602, 'max_steps': 50000, 'max_zo_forward_steps': 0, 'time': 66, 'eps': 3e-07}
INFO:src.trainer:{'loss': 1.2031097412109375, 'learning_rate': 1e-06, 'global_step': 810, 'zo_forward_step': 1622, 'max_steps': 50000, 'max_zo_forward_steps': 0, 'time': 66, 'eps': 3e-07}
INFO:src.trainer:{'loss': 1.1885528564453125, 'learning_rate': 1e-06, 'global_step': 820, 'zo_forward_step': 1642, 'max_steps': 50000, 'max_zo_forward_steps': 0, 'time': 67, 'eps': 3e-07}
WARNING:src.dataset:Input exceeds max_length limit: <s>but it's not but it's not set up as a giveaway if it were set up as giveaway and it was something that i mean our our President and our leaders could be seeking God saying God is it your will for us to bless this nation with this money is it your will this money and your will for us to give to them and i believe if we gave it no strings attached that God would bless our nation but because we're our motive is interest our motive is not pure it just backfires i mean none of these nations have paid us back it be do you understand it's i guess it's a principle of giving and receiving you give it no strings attached and they may never give you anything back but because there's no strings attached it like gives them a freedom to give us something back and it might not be money it might be um no taxes on our things our computers going into their nation it might come back in another way but it would be come back bu t because we're loaning it i think that's the problem and i don't mean give it to everybody that asks use a lot of discernment don't give money to every nation you know what i'm saying i think we?<mask>, instead of loaning money, we should give it away no strings attached.</s>
INFO:src.trainer:{'loss': 1.141845703125, 'learning_rate': 1e-06, 'global_step': 830, 'zo_forward_step': 1662, 'max_steps': 50000, 'max_zo_forward_steps': 0, 'time': 68, 'eps': 3e-07}
INFO:src.trainer:{'loss': 1.249420166015625, 'learning_rate': 1e-06, 'global_step': 840, 'zo_forward_step': 1682, 'max_steps': 50000, 'max_zo_forward_steps': 0, 'time': 69, 'eps': 3e-07}
INFO:src.trainer:{'loss': 1.089599609375, 'learning_rate': 1e-06, 'global_step': 850, 'zo_forward_step': 1702, 'max_steps': 50000, 'max_zo_forward_steps': 0, 'time': 69, 'eps': 3e-07}
INFO:src.trainer:{'loss': 1.1830596923828125, 'learning_rate': 1e-06, 'global_step': 860, 'zo_forward_step': 1722, 'max_steps': 50000, 'max_zo_forward_steps': 0, 'time': 70, 'eps': 3e-07}
INFO:src.trainer:{'loss': 1.0861053466796875, 'learning_rate': 1e-06, 'global_step': 870, 'zo_forward_step': 1742, 'max_steps': 50000, 'max_zo_forward_steps': 0, 'time': 71, 'eps': 3e-07}
INFO:src.trainer:{'loss': 1.1082916259765625, 'learning_rate': 1e-06, 'global_step': 880, 'zo_forward_step': 1762, 'max_steps': 50000, 'max_zo_forward_steps': 0, 'time': 72, 'eps': 3e-07}
INFO:src.trainer:{'loss': 1.18389892578125, 'learning_rate': 1e-06, 'global_step': 890, 'zo_forward_step': 1782, 'max_steps': 50000, 'max_zo_forward_steps': 0, 'time': 72, 'eps': 3e-07}
INFO:src.trainer:{'loss': 1.2536163330078125, 'learning_rate': 1e-06, 'global_step': 900, 'zo_forward_step': 1802, 'max_steps': 50000, 'max_zo_forward_steps': 0, 'time': 73, 'eps': 3e-07}
INFO:src.trainer:{'loss': 1.0858917236328125, 'learning_rate': 1e-06, 'global_step': 910, 'zo_forward_step': 1822, 'max_steps': 50000, 'max_zo_forward_steps': 0, 'time': 74, 'eps': 3e-07}
INFO:src.trainer:{'loss': 1.148651123046875, 'learning_rate': 1e-06, 'global_step': 920, 'zo_forward_step': 1842, 'max_steps': 50000, 'max_zo_forward_steps': 0, 'time': 74, 'eps': 3e-07}
INFO:src.trainer:{'loss': 1.159423828125, 'learning_rate': 1e-06, 'global_step': 930, 'zo_forward_step': 1862, 'max_steps': 50000, 'max_zo_forward_steps': 0, 'time': 75, 'eps': 3e-07}
INFO:src.trainer:{'loss': 1.11651611328125, 'learning_rate': 1e-06, 'global_step': 940, 'zo_forward_step': 1882, 'max_steps': 50000, 'max_zo_forward_steps': 0, 'time': 76, 'eps': 3e-07}
INFO:src.trainer:{'loss': 1.1983642578125, 'learning_rate': 1e-06, 'global_step': 950, 'zo_forward_step': 1902, 'max_steps': 50000, 'max_zo_forward_steps': 0, 'time': 77, 'eps': 3e-07}
INFO:src.trainer:{'loss': 1.223236083984375, 'learning_rate': 1e-06, 'global_step': 960, 'zo_forward_step': 1922, 'max_steps': 50000, 'max_zo_forward_steps': 0, 'time': 77, 'eps': 3e-07}
INFO:src.trainer:{'loss': 1.35528564453125, 'learning_rate': 1e-06, 'global_step': 970, 'zo_forward_step': 1942, 'max_steps': 50000, 'max_zo_forward_steps': 0, 'time': 78, 'eps': 3e-07}
INFO:src.trainer:{'loss': 1.317626953125, 'learning_rate': 1e-06, 'global_step': 980, 'zo_forward_step': 1962, 'max_steps': 50000, 'max_zo_forward_steps': 0, 'time': 79, 'eps': 3e-07}
INFO:src.trainer:{'loss': 1.1741180419921875, 'learning_rate': 1e-06, 'global_step': 990, 'zo_forward_step': 1982, 'max_steps': 50000, 'max_zo_forward_steps': 0, 'time': 80, 'eps': 3e-07}
INFO:src.trainer:[zo_probe] step=1000 eps=3.000e-07 precision=fp16 n=16 mae=2.885211e+02 mse=1.203317e+05 rmse=3.468886e+02 sign_acc=0.7500 corr=0.538762
INFO:src.trainer:{'loss': 1.1243438720703125, 'learning_rate': 1e-06, 'global_step': 1000, 'zo_forward_step': 2002, 'max_steps': 50000, 'max_zo_forward_steps': 0, 'time': 82, 'eps': 3e-07}
INFO:src.trainer:{'loss': 1.1834869384765625, 'learning_rate': 1e-06, 'global_step': 1010, 'zo_forward_step': 2022, 'max_steps': 50000, 'max_zo_forward_steps': 0, 'time': 83, 'eps': 3e-07}
INFO:src.trainer:{'loss': 1.3138275146484375, 'learning_rate': 1e-06, 'global_step': 1020, 'zo_forward_step': 2042, 'max_steps': 50000, 'max_zo_forward_steps': 0, 'time': 84, 'eps': 3e-07}
INFO:src.trainer:{'loss': 1.235198974609375, 'learning_rate': 1e-06, 'global_step': 1030, 'zo_forward_step': 2062, 'max_steps': 50000, 'max_zo_forward_steps': 0, 'time': 85, 'eps': 3e-07}
INFO:src.trainer:{'loss': 1.0762176513671875, 'learning_rate': 1e-06, 'global_step': 1040, 'zo_forward_step': 2082, 'max_steps': 50000, 'max_zo_forward_steps': 0, 'time': 85, 'eps': 3e-07}
INFO:src.trainer:{'loss': 1.2000808715820312, 'learning_rate': 1e-06, 'global_step': 1050, 'zo_forward_step': 2102, 'max_steps': 50000, 'max_zo_forward_steps': 0, 'time': 86, 'eps': 3e-07}
INFO:src.trainer:{'loss': 1.273284912109375, 'learning_rate': 1e-06, 'global_step': 1060, 'zo_forward_step': 2122, 'max_steps': 50000, 'max_zo_forward_steps': 0, 'time': 87, 'eps': 3e-07}
INFO:src.trainer:{'loss': 1.27227783203125, 'learning_rate': 1e-06, 'global_step': 1070, 'zo_forward_step': 2142, 'max_steps': 50000, 'max_zo_forward_steps': 0, 'time': 88, 'eps': 3e-07}
INFO:src.trainer:{'loss': 1.498626708984375, 'learning_rate': 1e-06, 'global_step': 1080, 'zo_forward_step': 2162, 'max_steps': 50000, 'max_zo_forward_steps': 0, 'time': 88, 'eps': 3e-07}
INFO:src.trainer:{'loss': 1.434814453125, 'learning_rate': 1e-06, 'global_step': 1090, 'zo_forward_step': 2182, 'max_steps': 50000, 'max_zo_forward_steps': 0, 'time': 89, 'eps': 3e-07}
INFO:src.trainer:{'loss': 1.033203125, 'learning_rate': 1e-06, 'global_step': 1100, 'zo_forward_step': 2202, 'max_steps': 50000, 'max_zo_forward_steps': 0, 'time': 90, 'eps': 3e-07}
INFO:src.trainer:{'loss': 1.2855987548828125, 'learning_rate': 1e-06, 'global_step': 1110, 'zo_forward_step': 2222, 'max_steps': 50000, 'max_zo_forward_steps': 0, 'time': 90, 'eps': 3e-07}
INFO:src.trainer:{'loss': 1.2434921264648438, 'learning_rate': 1e-06, 'global_step': 1120, 'zo_forward_step': 2242, 'max_steps': 50000, 'max_zo_forward_steps': 0, 'time': 91, 'eps': 3e-07}
INFO:src.trainer:{'loss': 1.1205596923828125, 'learning_rate': 1e-06, 'global_step': 1130, 'zo_forward_step': 2262, 'max_steps': 50000, 'max_zo_forward_steps': 0, 'time': 92, 'eps': 3e-07}
INFO:src.trainer:{'loss': 1.2606735229492188, 'learning_rate': 1e-06, 'global_step': 1140, 'zo_forward_step': 2282, 'max_steps': 50000, 'max_zo_forward_steps': 0, 'time': 93, 'eps': 3e-07}
INFO:src.trainer:{'loss': 1.2239151000976562, 'learning_rate': 1e-06, 'global_step': 1150, 'zo_forward_step': 2302, 'max_steps': 50000, 'max_zo_forward_steps': 0, 'time': 93, 'eps': 3e-07}
INFO:src.trainer:{'loss': 1.1553726196289062, 'learning_rate': 1e-06, 'global_step': 1160, 'zo_forward_step': 2322, 'max_steps': 50000, 'max_zo_forward_steps': 0, 'time': 94, 'eps': 3e-07}
INFO:src.trainer:{'loss': 1.1034622192382812, 'learning_rate': 1e-06, 'global_step': 1170, 'zo_forward_step': 2342, 'max_steps': 50000, 'max_zo_forward_steps': 0, 'time': 95, 'eps': 3e-07}
WARNING:src.dataset:Input exceeds max_length limit: <s>yeah i they need to have more checks and balances in their government to  get rid of the corruption but i think first though i don't know they need to i think turn these people in the repentance on the leadership of the different nations for all their uh you know the atrocities that they've commit and the drug dealings and in the just in the drug crimes because i feel like a lot of the leadership of those nations are so engrossed in the drug crimes that until they repent or they're moved from power that you know but there are so many of them that the next one to come up if you just knock one off you going to have another one and i know a lot of those nations there's uh Brazil i know is like forty percent evangelical Christian not just go to church but you know really on fire for God and they're just surpassing America Latin America by the drugs you know it's just incomprehensible and uh so i just think that i think that God's going to honor that and that he's going to put in some good leadership and i know the president of i believe Costa Rica is a Christian and he goes to no Guatemala because he goes to Virgo Church in Guatemala City our church?<mask>, i have faith that God will see that good leadership will rise to power in South America.</s>
INFO:src.trainer:{'loss': 1.0361480712890625, 'learning_rate': 1e-06, 'global_step': 1180, 'zo_forward_step': 2362, 'max_steps': 50000, 'max_zo_forward_steps': 0, 'time': 96, 'eps': 3e-07}
INFO:src.trainer:{'loss': 1.1987991333007812, 'learning_rate': 1e-06, 'global_step': 1190, 'zo_forward_step': 2382, 'max_steps': 50000, 'max_zo_forward_steps': 0, 'time': 96, 'eps': 3e-07}
INFO:src.trainer:[zo_probe] step=1200 eps=3.000e-07 precision=fp16 n=16 mae=3.408973e+02 mse=2.156606e+05 rmse=4.643927e+02 sign_acc=0.3125 corr=-0.540320
INFO:src.trainer:{'loss': 1.1756668090820312, 'learning_rate': 1e-06, 'global_step': 1200, 'zo_forward_step': 2402, 'max_steps': 50000, 'max_zo_forward_steps': 0, 'time': 99, 'eps': 3e-07}
INFO:src.trainer:{'loss': 1.1644973754882812, 'learning_rate': 1e-06, 'global_step': 1210, 'zo_forward_step': 2422, 'max_steps': 50000, 'max_zo_forward_steps': 0, 'time': 99, 'eps': 3e-07}
INFO:src.trainer:{'loss': 1.218994140625, 'learning_rate': 1e-06, 'global_step': 1220, 'zo_forward_step': 2442, 'max_steps': 50000, 'max_zo_forward_steps': 0, 'time': 100, 'eps': 3e-07}
INFO:src.trainer:{'loss': 1.23272705078125, 'learning_rate': 1e-06, 'global_step': 1230, 'zo_forward_step': 2462, 'max_steps': 50000, 'max_zo_forward_steps': 0, 'time': 101, 'eps': 3e-07}
INFO:src.trainer:{'loss': 1.256439208984375, 'learning_rate': 1e-06, 'global_step': 1240, 'zo_forward_step': 2482, 'max_steps': 50000, 'max_zo_forward_steps': 0, 'time': 102, 'eps': 3e-07}
INFO:src.trainer:{'loss': 1.2574996948242188, 'learning_rate': 1e-06, 'global_step': 1250, 'zo_forward_step': 2502, 'max_steps': 50000, 'max_zo_forward_steps': 0, 'time': 102, 'eps': 3e-07}
INFO:src.trainer:{'loss': 1.275787353515625, 'learning_rate': 1e-06, 'global_step': 1260, 'zo_forward_step': 2522, 'max_steps': 50000, 'max_zo_forward_steps': 0, 'time': 103, 'eps': 3e-07}
INFO:src.trainer:{'loss': 1.1609878540039062, 'learning_rate': 1e-06, 'global_step': 1270, 'zo_forward_step': 2542, 'max_steps': 50000, 'max_zo_forward_steps': 0, 'time': 104, 'eps': 3e-07}
INFO:src.trainer:{'loss': 1.2347869873046875, 'learning_rate': 1e-06, 'global_step': 1280, 'zo_forward_step': 2562, 'max_steps': 50000, 'max_zo_forward_steps': 0, 'time': 105, 'eps': 3e-07}
INFO:src.trainer:{'loss': 1.2010498046875, 'learning_rate': 1e-06, 'global_step': 1290, 'zo_forward_step': 2582, 'max_steps': 50000, 'max_zo_forward_steps': 0, 'time': 105, 'eps': 3e-07}
INFO:src.trainer:{'loss': 1.339508056640625, 'learning_rate': 1e-06, 'global_step': 1300, 'zo_forward_step': 2602, 'max_steps': 50000, 'max_zo_forward_steps': 0, 'time': 106, 'eps': 3e-07}
INFO:src.trainer:{'loss': 1.3000869750976562, 'learning_rate': 1e-06, 'global_step': 1310, 'zo_forward_step': 2622, 'max_steps': 50000, 'max_zo_forward_steps': 0, 'time': 107, 'eps': 3e-07}
INFO:src.trainer:{'loss': 1.2059173583984375, 'learning_rate': 1e-06, 'global_step': 1320, 'zo_forward_step': 2642, 'max_steps': 50000, 'max_zo_forward_steps': 0, 'time': 107, 'eps': 3e-07}
INFO:src.trainer:{'loss': 1.1221160888671875, 'learning_rate': 1e-06, 'global_step': 1330, 'zo_forward_step': 2662, 'max_steps': 50000, 'max_zo_forward_steps': 0, 'time': 108, 'eps': 3e-07}
WARNING:src.dataset:Input exceeds max_length limit: <s>that there's good people in the homes but it's just as it doesn't matter if it is like you say the best place they still don't want to go to these homes and my grandmother's real there i mean she cries every day this has been over a year and she tries to make me feel really guilty but i have to you know i have to put my foot down where where my life begins i mean if that was my mother i would really feel i feel a lot more responsible i would probably take care of my mother i don't really um when my father when something if anything happens to him i don't want him put in a nursing home just for the fact i don't really want to go and visit him at a nursing home and hopefully that he he can uh get along with uh in-house help so he he's going to probably hopefully set it up so that he will uh be able to pay someone to come in and stay with him probably for sixteen hours a day because i think that's the best situation is when you're you get that old and you've been independent your whole life you don't want to go into a home because uh like i say my father's eighty?<mask>, i'm very excited to eventually go and visit my father at a nursing home.</s>
INFO:src.trainer:{'loss': 1.09051513671875, 'learning_rate': 1e-06, 'global_step': 1340, 'zo_forward_step': 2682, 'max_steps': 50000, 'max_zo_forward_steps': 0, 'time': 109, 'eps': 3e-07}
INFO:src.trainer:{'loss': 1.08099365234375, 'learning_rate': 1e-06, 'global_step': 1350, 'zo_forward_step': 2702, 'max_steps': 50000, 'max_zo_forward_steps': 0, 'time': 110, 'eps': 3e-07}
INFO:src.trainer:{'loss': 1.1196441650390625, 'learning_rate': 1e-06, 'global_step': 1360, 'zo_forward_step': 2722, 'max_steps': 50000, 'max_zo_forward_steps': 0, 'time': 110, 'eps': 3e-07}
INFO:src.trainer:{'loss': 1.0788421630859375, 'learning_rate': 1e-06, 'global_step': 1370, 'zo_forward_step': 2742, 'max_steps': 50000, 'max_zo_forward_steps': 0, 'time': 111, 'eps': 3e-07}
INFO:src.trainer:{'loss': 1.2502593994140625, 'learning_rate': 1e-06, 'global_step': 1380, 'zo_forward_step': 2762, 'max_steps': 50000, 'max_zo_forward_steps': 0, 'time': 112, 'eps': 3e-07}
INFO:src.trainer:{'loss': 1.337646484375, 'learning_rate': 1e-06, 'global_step': 1390, 'zo_forward_step': 2782, 'max_steps': 50000, 'max_zo_forward_steps': 0, 'time': 113, 'eps': 3e-07}
INFO:src.trainer:[zo_probe] step=1400 eps=3.000e-07 precision=fp16 n=16 mae=3.808512e+02 mse=2.338537e+05 rmse=4.835842e+02 sign_acc=0.2500 corr=-0.033934
INFO:src.trainer:{'loss': 1.1501998901367188, 'learning_rate': 1e-06, 'global_step': 1400, 'zo_forward_step': 2802, 'max_steps': 50000, 'max_zo_forward_steps': 0, 'time': 115, 'eps': 3e-07}
INFO:src.trainer:{'loss': 1.3838348388671875, 'learning_rate': 1e-06, 'global_step': 1410, 'zo_forward_step': 2822, 'max_steps': 50000, 'max_zo_forward_steps': 0, 'time': 116, 'eps': 3e-07}
INFO:src.trainer:{'loss': 1.15740966796875, 'learning_rate': 1e-06, 'global_step': 1420, 'zo_forward_step': 2842, 'max_steps': 50000, 'max_zo_forward_steps': 0, 'time': 116, 'eps': 3e-07}
INFO:src.trainer:{'loss': 1.0434417724609375, 'learning_rate': 1e-06, 'global_step': 1430, 'zo_forward_step': 2862, 'max_steps': 50000, 'max_zo_forward_steps': 0, 'time': 117, 'eps': 3e-07}
INFO:src.trainer:{'loss': 1.1441650390625, 'learning_rate': 1e-06, 'global_step': 1440, 'zo_forward_step': 2882, 'max_steps': 50000, 'max_zo_forward_steps': 0, 'time': 118, 'eps': 3e-07}
WARNING:src.dataset:Input exceeds max_length limit: <s>and i guess that's when you get into relationships and people people are attracted to people who compliment them most often i mean they say opposites attract and i'm not too sure i believe that very much but uh i think that people when they get into relationships you know if there's somebody who like like if you got two people who hate to cook they're going to eat out all the time and that you know that's not that big a deal but you know if you get somebody who likes to cook and someone who doesn't like to cook then the person who doesn't who doesn't like to cook probably likes to do something else you know so i think that people end up i think that that women are more diverse now than they ever were as far as what they have learned and what they're capable of and and uh what they're willing to do and so i feel like it you know that men have gotten to be that way too they've gotten a little bit more relaxed in their thinking about uh women and you know what they expect of them so i think that you know it's a slow evolution but i think it's it's it's a good process i think it's it's working you?<mask>, people tend to be more attracted to those who offer many compliments.</s>
INFO:src.trainer:{'loss': 1.272491455078125, 'learning_rate': 1e-06, 'global_step': 1450, 'zo_forward_step': 2902, 'max_steps': 50000, 'max_zo_forward_steps': 0, 'time': 119, 'eps': 3e-07}
INFO:src.trainer:{'loss': 1.251739501953125, 'learning_rate': 1e-06, 'global_step': 1460, 'zo_forward_step': 2922, 'max_steps': 50000, 'max_zo_forward_steps': 0, 'time': 119, 'eps': 3e-07}
INFO:src.trainer:{'loss': 1.08380126953125, 'learning_rate': 1e-06, 'global_step': 1470, 'zo_forward_step': 2942, 'max_steps': 50000, 'max_zo_forward_steps': 0, 'time': 120, 'eps': 3e-07}
INFO:src.trainer:{'loss': 1.12811279296875, 'learning_rate': 1e-06, 'global_step': 1480, 'zo_forward_step': 2962, 'max_steps': 50000, 'max_zo_forward_steps': 0, 'time': 121, 'eps': 3e-07}
INFO:src.trainer:{'loss': 1.2087249755859375, 'learning_rate': 1e-06, 'global_step': 1490, 'zo_forward_step': 2982, 'max_steps': 50000, 'max_zo_forward_steps': 0, 'time': 122, 'eps': 3e-07}
INFO:src.trainer:{'loss': 1.0962905883789062, 'learning_rate': 1e-06, 'global_step': 1500, 'zo_forward_step': 3002, 'max_steps': 50000, 'max_zo_forward_steps': 0, 'time': 122, 'eps': 3e-07}
INFO:src.trainer:{'loss': 1.1388702392578125, 'learning_rate': 1e-06, 'global_step': 1510, 'zo_forward_step': 3022, 'max_steps': 50000, 'max_zo_forward_steps': 0, 'time': 123, 'eps': 3e-07}
INFO:src.trainer:{'loss': 1.3581008911132812, 'learning_rate': 1e-06, 'global_step': 1520, 'zo_forward_step': 3042, 'max_steps': 50000, 'max_zo_forward_steps': 0, 'time': 124, 'eps': 3e-07}
INFO:src.trainer:{'loss': 1.2565460205078125, 'learning_rate': 1e-06, 'global_step': 1530, 'zo_forward_step': 3062, 'max_steps': 50000, 'max_zo_forward_steps': 0, 'time': 125, 'eps': 3e-07}
INFO:src.trainer:{'loss': 1.2266769409179688, 'learning_rate': 1e-06, 'global_step': 1540, 'zo_forward_step': 3082, 'max_steps': 50000, 'max_zo_forward_steps': 0, 'time': 125, 'eps': 3e-07}
INFO:src.trainer:{'loss': 1.10552978515625, 'learning_rate': 1e-06, 'global_step': 1550, 'zo_forward_step': 3102, 'max_steps': 50000, 'max_zo_forward_steps': 0, 'time': 126, 'eps': 3e-07}
INFO:src.trainer:{'loss': 1.16534423828125, 'learning_rate': 1e-06, 'global_step': 1560, 'zo_forward_step': 3122, 'max_steps': 50000, 'max_zo_forward_steps': 0, 'time': 127, 'eps': 3e-07}
INFO:src.trainer:{'loss': 1.0619277954101562, 'learning_rate': 1e-06, 'global_step': 1570, 'zo_forward_step': 3142, 'max_steps': 50000, 'max_zo_forward_steps': 0, 'time': 128, 'eps': 3e-07}
INFO:src.trainer:{'loss': 1.0184783935546875, 'learning_rate': 1e-06, 'global_step': 1580, 'zo_forward_step': 3162, 'max_steps': 50000, 'max_zo_forward_steps': 0, 'time': 128, 'eps': 3e-07}
INFO:src.trainer:{'loss': 1.299346923828125, 'learning_rate': 1e-06, 'global_step': 1590, 'zo_forward_step': 3182, 'max_steps': 50000, 'max_zo_forward_steps': 0, 'time': 129, 'eps': 3e-07}
INFO:src.trainer:[zo_probe] step=1600 eps=3.000e-07 precision=fp16 n=16 mae=6.355974e+02 mse=5.467986e+05 rmse=7.394583e+02 sign_acc=0.3750 corr=-0.239466
INFO:src.trainer:{'loss': 1.2283477783203125, 'learning_rate': 1e-06, 'global_step': 1600, 'zo_forward_step': 3202, 'max_steps': 50000, 'max_zo_forward_steps': 0, 'time': 131, 'eps': 3e-07}
INFO:src.trainer:{'loss': 1.1479339599609375, 'learning_rate': 1e-06, 'global_step': 1610, 'zo_forward_step': 3222, 'max_steps': 50000, 'max_zo_forward_steps': 0, 'time': 132, 'eps': 3e-07}
INFO:src.trainer:{'loss': 1.2307586669921875, 'learning_rate': 1e-06, 'global_step': 1620, 'zo_forward_step': 3242, 'max_steps': 50000, 'max_zo_forward_steps': 0, 'time': 133, 'eps': 3e-07}
INFO:src.trainer:{'loss': 1.0693893432617188, 'learning_rate': 1e-06, 'global_step': 1630, 'zo_forward_step': 3262, 'max_steps': 50000, 'max_zo_forward_steps': 0, 'time': 133, 'eps': 3e-07}
INFO:src.trainer:{'loss': 1.2128677368164062, 'learning_rate': 1e-06, 'global_step': 1640, 'zo_forward_step': 3282, 'max_steps': 50000, 'max_zo_forward_steps': 0, 'time': 134, 'eps': 3e-07}
INFO:src.trainer:{'loss': 1.446990966796875, 'learning_rate': 1e-06, 'global_step': 1650, 'zo_forward_step': 3302, 'max_steps': 50000, 'max_zo_forward_steps': 0, 'time': 135, 'eps': 3e-07}
INFO:src.trainer:{'loss': 1.5005340576171875, 'learning_rate': 1e-06, 'global_step': 1660, 'zo_forward_step': 3322, 'max_steps': 50000, 'max_zo_forward_steps': 0, 'time': 136, 'eps': 3e-07}
INFO:src.trainer:{'loss': 1.4057388305664062, 'learning_rate': 1e-06, 'global_step': 1670, 'zo_forward_step': 3342, 'max_steps': 50000, 'max_zo_forward_steps': 0, 'time': 136, 'eps': 3e-07}
INFO:src.trainer:{'loss': 1.1380538940429688, 'learning_rate': 1e-06, 'global_step': 1680, 'zo_forward_step': 3362, 'max_steps': 50000, 'max_zo_forward_steps': 0, 'time': 137, 'eps': 3e-07}
INFO:src.trainer:{'loss': 1.9326324462890625, 'learning_rate': 1e-06, 'global_step': 1690, 'zo_forward_step': 3382, 'max_steps': 50000, 'max_zo_forward_steps': 0, 'time': 138, 'eps': 3e-07}
INFO:src.trainer:{'loss': 1.3104782104492188, 'learning_rate': 1e-06, 'global_step': 1700, 'zo_forward_step': 3402, 'max_steps': 50000, 'max_zo_forward_steps': 0, 'time': 139, 'eps': 3e-07}
INFO:src.trainer:{'loss': 1.268218994140625, 'learning_rate': 1e-06, 'global_step': 1710, 'zo_forward_step': 3422, 'max_steps': 50000, 'max_zo_forward_steps': 0, 'time': 139, 'eps': 3e-07}
INFO:src.trainer:{'loss': 1.4405059814453125, 'learning_rate': 1e-06, 'global_step': 1720, 'zo_forward_step': 3442, 'max_steps': 50000, 'max_zo_forward_steps': 0, 'time': 140, 'eps': 3e-07}
INFO:src.trainer:{'loss': 1.421112060546875, 'learning_rate': 1e-06, 'global_step': 1730, 'zo_forward_step': 3462, 'max_steps': 50000, 'max_zo_forward_steps': 0, 'time': 141, 'eps': 3e-07}
INFO:src.trainer:{'loss': 1.359548568725586, 'learning_rate': 1e-06, 'global_step': 1740, 'zo_forward_step': 3482, 'max_steps': 50000, 'max_zo_forward_steps': 0, 'time': 142, 'eps': 3e-07}
INFO:src.trainer:{'loss': 1.8224563598632812, 'learning_rate': 1e-06, 'global_step': 1750, 'zo_forward_step': 3502, 'max_steps': 50000, 'max_zo_forward_steps': 0, 'time': 142, 'eps': 3e-07}
INFO:src.trainer:{'loss': 1.5806102752685547, 'learning_rate': 1e-06, 'global_step': 1760, 'zo_forward_step': 3522, 'max_steps': 50000, 'max_zo_forward_steps': 0, 'time': 143, 'eps': 3e-07}
INFO:src.trainer:{'loss': 1.5293731689453125, 'learning_rate': 1e-06, 'global_step': 1770, 'zo_forward_step': 3542, 'max_steps': 50000, 'max_zo_forward_steps': 0, 'time': 144, 'eps': 3e-07}
INFO:src.trainer:{'loss': 1.1431427001953125, 'learning_rate': 1e-06, 'global_step': 1780, 'zo_forward_step': 3562, 'max_steps': 50000, 'max_zo_forward_steps': 0, 'time': 145, 'eps': 3e-07}
INFO:src.trainer:{'loss': 1.2164154052734375, 'learning_rate': 1e-06, 'global_step': 1790, 'zo_forward_step': 3582, 'max_steps': 50000, 'max_zo_forward_steps': 0, 'time': 146, 'eps': 3e-07}
INFO:src.trainer:[zo_probe] step=1800 eps=3.000e-07 precision=fp16 n=16 mae=4.671705e+02 mse=2.789048e+05 rmse=5.281144e+02 sign_acc=0.6875 corr=0.450206
INFO:src.trainer:{'loss': 1.110443115234375, 'learning_rate': 1e-06, 'global_step': 1800, 'zo_forward_step': 3602, 'max_steps': 50000, 'max_zo_forward_steps': 0, 'time': 148, 'eps': 3e-07}
INFO:src.trainer:{'loss': 1.12841796875, 'learning_rate': 1e-06, 'global_step': 1810, 'zo_forward_step': 3622, 'max_steps': 50000, 'max_zo_forward_steps': 0, 'time': 148, 'eps': 3e-07}
INFO:src.trainer:{'loss': 1.4960403442382812, 'learning_rate': 1e-06, 'global_step': 1820, 'zo_forward_step': 3642, 'max_steps': 50000, 'max_zo_forward_steps': 0, 'time': 149, 'eps': 3e-07}
INFO:src.trainer:{'loss': 1.4156112670898438, 'learning_rate': 1e-06, 'global_step': 1830, 'zo_forward_step': 3662, 'max_steps': 50000, 'max_zo_forward_steps': 0, 'time': 150, 'eps': 3e-07}
INFO:src.trainer:{'loss': 1.1775760650634766, 'learning_rate': 1e-06, 'global_step': 1840, 'zo_forward_step': 3682, 'max_steps': 50000, 'max_zo_forward_steps': 0, 'time': 151, 'eps': 3e-07}
INFO:src.trainer:{'loss': 1.3191070556640625, 'learning_rate': 1e-06, 'global_step': 1850, 'zo_forward_step': 3702, 'max_steps': 50000, 'max_zo_forward_steps': 0, 'time': 151, 'eps': 3e-07}
INFO:src.trainer:{'loss': 1.5638313293457031, 'learning_rate': 1e-06, 'global_step': 1860, 'zo_forward_step': 3722, 'max_steps': 50000, 'max_zo_forward_steps': 0, 'time': 152, 'eps': 3e-07}
INFO:src.trainer:{'loss': 1.2250518798828125, 'learning_rate': 1e-06, 'global_step': 1870, 'zo_forward_step': 3742, 'max_steps': 50000, 'max_zo_forward_steps': 0, 'time': 153, 'eps': 3e-07}
INFO:src.trainer:{'loss': 1.4583511352539062, 'learning_rate': 1e-06, 'global_step': 1880, 'zo_forward_step': 3762, 'max_steps': 50000, 'max_zo_forward_steps': 0, 'time': 154, 'eps': 3e-07}
INFO:src.trainer:{'loss': 1.3606414794921875, 'learning_rate': 1e-06, 'global_step': 1890, 'zo_forward_step': 3782, 'max_steps': 50000, 'max_zo_forward_steps': 0, 'time': 154, 'eps': 3e-07}
INFO:src.trainer:{'loss': 1.4984817504882812, 'learning_rate': 1e-06, 'global_step': 1900, 'zo_forward_step': 3802, 'max_steps': 50000, 'max_zo_forward_steps': 0, 'time': 155, 'eps': 3e-07}
INFO:src.trainer:{'loss': 1.9642868041992188, 'learning_rate': 1e-06, 'global_step': 1910, 'zo_forward_step': 3822, 'max_steps': 50000, 'max_zo_forward_steps': 0, 'time': 156, 'eps': 3e-07}
WARNING:src.dataset:Input exceeds max_length limit: <s>that there's good people in the homes but it's just as it doesn't matter if it is like you say the best place they still don't want to go to these homes and my grandmother's real there i mean she cries every day this has been over a year and she tries to make me feel really guilty but i have to you know i have to put my foot down where where my life begins i mean if that was my mother i would really feel i feel a lot more responsible i would probably take care of my mother i don't really um when my father when something if anything happens to him i don't want him put in a nursing home just for the fact i don't really want to go and visit him at a nursing home and hopefully that he he can uh get along with uh in-house help so he he's going to probably hopefully set it up so that he will uh be able to pay someone to come in and stay with him probably for sixteen hours a day because i think that's the best situation is when you're you get that old and you've been independent your whole life you don't want to go into a home because uh like i say my father's eighty?<mask>, my grandmother cries daily because she wants me to take care of her. </s>
INFO:src.trainer:{'loss': 1.8139266967773438, 'learning_rate': 1e-06, 'global_step': 1920, 'zo_forward_step': 3842, 'max_steps': 50000, 'max_zo_forward_steps': 0, 'time': 157, 'eps': 3e-07}
INFO:src.trainer:{'loss': 2.1886138916015625, 'learning_rate': 1e-06, 'global_step': 1930, 'zo_forward_step': 3862, 'max_steps': 50000, 'max_zo_forward_steps': 0, 'time': 157, 'eps': 3e-07}
INFO:src.trainer:{'loss': 1.75299072265625, 'learning_rate': 1e-06, 'global_step': 1940, 'zo_forward_step': 3882, 'max_steps': 50000, 'max_zo_forward_steps': 0, 'time': 158, 'eps': 3e-07}
INFO:src.trainer:{'loss': 1.8697509765625, 'learning_rate': 1e-06, 'global_step': 1950, 'zo_forward_step': 3902, 'max_steps': 50000, 'max_zo_forward_steps': 0, 'time': 159, 'eps': 3e-07}
INFO:src.trainer:{'loss': 1.6145782470703125, 'learning_rate': 1e-06, 'global_step': 1960, 'zo_forward_step': 3922, 'max_steps': 50000, 'max_zo_forward_steps': 0, 'time': 160, 'eps': 3e-07}
INFO:src.trainer:{'loss': 1.7345352172851562, 'learning_rate': 1e-06, 'global_step': 1970, 'zo_forward_step': 3942, 'max_steps': 50000, 'max_zo_forward_steps': 0, 'time': 160, 'eps': 3e-07}
INFO:src.trainer:{'loss': 1.7068939208984375, 'learning_rate': 1e-06, 'global_step': 1980, 'zo_forward_step': 3962, 'max_steps': 50000, 'max_zo_forward_steps': 0, 'time': 161, 'eps': 3e-07}
INFO:src.trainer:{'loss': 1.1143951416015625, 'learning_rate': 1e-06, 'global_step': 1990, 'zo_forward_step': 3982, 'max_steps': 50000, 'max_zo_forward_steps': 0, 'time': 162, 'eps': 3e-07}
INFO:src.trainer:[zo_probe] step=2000 eps=3.000e-07 precision=fp16 n=16 mae=9.803469e+02 mse=1.329610e+06 rmse=1.153087e+03 sign_acc=0.2500 corr=-0.310735
INFO:src.trainer:{'loss': 1.9312667846679688, 'learning_rate': 1e-06, 'global_step': 2000, 'zo_forward_step': 4002, 'max_steps': 50000, 'max_zo_forward_steps': 0, 'time': 164, 'eps': 3e-07}
INFO:src.trainer:{'loss': 1.604410171508789, 'learning_rate': 1e-06, 'global_step': 2010, 'zo_forward_step': 4022, 'max_steps': 50000, 'max_zo_forward_steps': 0, 'time': 165, 'eps': 3e-07}
INFO:src.trainer:{'loss': 1.644674301147461, 'learning_rate': 1e-06, 'global_step': 2020, 'zo_forward_step': 4042, 'max_steps': 50000, 'max_zo_forward_steps': 0, 'time': 165, 'eps': 3e-07}
INFO:src.trainer:{'loss': 2.3790435791015625, 'learning_rate': 1e-06, 'global_step': 2030, 'zo_forward_step': 4062, 'max_steps': 50000, 'max_zo_forward_steps': 0, 'time': 166, 'eps': 3e-07}
INFO:src.trainer:{'loss': 1.7835731506347656, 'learning_rate': 1e-06, 'global_step': 2040, 'zo_forward_step': 4082, 'max_steps': 50000, 'max_zo_forward_steps': 0, 'time': 167, 'eps': 3e-07}
INFO:src.trainer:{'loss': 2.324136734008789, 'learning_rate': 1e-06, 'global_step': 2050, 'zo_forward_step': 4102, 'max_steps': 50000, 'max_zo_forward_steps': 0, 'time': 168, 'eps': 3e-07}
INFO:src.trainer:{'loss': 1.2151374816894531, 'learning_rate': 1e-06, 'global_step': 2060, 'zo_forward_step': 4122, 'max_steps': 50000, 'max_zo_forward_steps': 0, 'time': 168, 'eps': 3e-07}
INFO:src.trainer:{'loss': 1.769805908203125, 'learning_rate': 1e-06, 'global_step': 2070, 'zo_forward_step': 4142, 'max_steps': 50000, 'max_zo_forward_steps': 0, 'time': 169, 'eps': 3e-07}
INFO:src.trainer:{'loss': 1.7202529907226562, 'learning_rate': 1e-06, 'global_step': 2080, 'zo_forward_step': 4162, 'max_steps': 50000, 'max_zo_forward_steps': 0, 'time': 170, 'eps': 3e-07}
INFO:src.trainer:{'loss': 1.734375, 'learning_rate': 1e-06, 'global_step': 2090, 'zo_forward_step': 4182, 'max_steps': 50000, 'max_zo_forward_steps': 0, 'time': 170, 'eps': 3e-07}
INFO:src.trainer:{'loss': 2.3246192932128906, 'learning_rate': 1e-06, 'global_step': 2100, 'zo_forward_step': 4202, 'max_steps': 50000, 'max_zo_forward_steps': 0, 'time': 171, 'eps': 3e-07}
INFO:src.trainer:{'loss': 1.2813568115234375, 'learning_rate': 1e-06, 'global_step': 2110, 'zo_forward_step': 4222, 'max_steps': 50000, 'max_zo_forward_steps': 0, 'time': 172, 'eps': 3e-07}
INFO:src.trainer:{'loss': 1.4895782470703125, 'learning_rate': 1e-06, 'global_step': 2120, 'zo_forward_step': 4242, 'max_steps': 50000, 'max_zo_forward_steps': 0, 'time': 173, 'eps': 3e-07}
INFO:src.trainer:{'loss': 1.2971649169921875, 'learning_rate': 1e-06, 'global_step': 2130, 'zo_forward_step': 4262, 'max_steps': 50000, 'max_zo_forward_steps': 0, 'time': 174, 'eps': 3e-07}
INFO:src.trainer:{'loss': 1.1414566040039062, 'learning_rate': 1e-06, 'global_step': 2140, 'zo_forward_step': 4282, 'max_steps': 50000, 'max_zo_forward_steps': 0, 'time': 174, 'eps': 3e-07}
INFO:src.trainer:{'loss': 2.0271873474121094, 'learning_rate': 1e-06, 'global_step': 2150, 'zo_forward_step': 4302, 'max_steps': 50000, 'max_zo_forward_steps': 0, 'time': 175, 'eps': 3e-07}
INFO:src.trainer:{'loss': 1.662750244140625, 'learning_rate': 1e-06, 'global_step': 2160, 'zo_forward_step': 4322, 'max_steps': 50000, 'max_zo_forward_steps': 0, 'time': 176, 'eps': 3e-07}
INFO:src.trainer:{'loss': 2.507415771484375, 'learning_rate': 1e-06, 'global_step': 2170, 'zo_forward_step': 4342, 'max_steps': 50000, 'max_zo_forward_steps': 0, 'time': 177, 'eps': 3e-07}
WARNING:src.trainer:NaN encountered in loss during ZO forward step.
WARNING:src.trainer:projected_grad became invalid. loss1: nan, loss2: nan, eps: 3e-07
WARNING:src.trainer:NaN encountered in loss during ZO forward step.
WARNING:src.trainer:projected_grad became invalid. loss1: nan, loss2: nan, eps: 3e-07
WARNING:src.trainer:NaN encountered in loss during ZO forward step.
WARNING:src.trainer:projected_grad became invalid. loss1: nan, loss2: nan, eps: 3e-07
WARNING:src.trainer:NaN encountered in loss during ZO forward step.
WARNING:src.trainer:projected_grad became invalid. loss1: nan, loss2: nan, eps: 3e-07
WARNING:src.trainer:NaN encountered in loss during ZO forward step.
WARNING:src.trainer:projected_grad became invalid. loss1: nan, loss2: nan, eps: 3e-07
WARNING:src.trainer:NaN encountered in loss during ZO forward step.
WARNING:src.trainer:projected_grad became invalid. loss1: nan, loss2: nan, eps: 3e-07
WARNING:src.trainer:NaN encountered in loss during ZO forward step.
WARNING:src.trainer:projected_grad became invalid. loss1: nan, loss2: nan, eps: 3e-07
INFO:src.trainer:{'loss': nan, 'learning_rate': 1e-06, 'global_step': 2180, 'zo_forward_step': 4362, 'max_steps': 50000, 'max_zo_forward_steps': 0, 'time': 177, 'eps': 3e-07}
WARNING:src.trainer:NaN encountered in loss during ZO forward step.
WARNING:src.trainer:projected_grad became invalid. loss1: nan, loss2: nan, eps: 3e-07
WARNING:src.trainer:NaN encountered in loss during ZO forward step.
WARNING:src.trainer:projected_grad became invalid. loss1: nan, loss2: nan, eps: 3e-07
WARNING:src.trainer:NaN encountered in loss during ZO forward step.
WARNING:src.trainer:projected_grad became invalid. loss1: nan, loss2: nan, eps: 3e-07
WARNING:src.trainer:NaN encountered in loss during ZO forward step.
WARNING:src.trainer:projected_grad became invalid. loss1: nan, loss2: nan, eps: 3e-07
WARNING:src.trainer:NaN encountered in loss during ZO forward step.
WARNING:src.trainer:projected_grad became invalid. loss1: nan, loss2: nan, eps: 3e-07
WARNING:src.trainer:NaN encountered in loss during ZO forward step.
WARNING:src.trainer:projected_grad became invalid. loss1: nan, loss2: nan, eps: 3e-07
WARNING:src.trainer:NaN encountered in loss during ZO forward step.
WARNING:src.trainer:projected_grad became invalid. loss1: nan, loss2: nan, eps: 3e-07
WARNING:src.trainer:NaN encountered in loss during ZO forward step.
WARNING:src.trainer:projected_grad became invalid. loss1: nan, loss2: nan, eps: 3e-07
WARNING:src.trainer:NaN encountered in loss during ZO forward step.
WARNING:src.trainer:projected_grad became invalid. loss1: nan, loss2: nan, eps: 3e-07
WARNING:src.trainer:NaN encountered in loss during ZO forward step.
WARNING:src.trainer:projected_grad became invalid. loss1: nan, loss2: nan, eps: 3e-07
INFO:src.trainer:{'loss': nan, 'learning_rate': 1e-06, 'global_step': 2190, 'zo_forward_step': 4382, 'max_steps': 50000, 'max_zo_forward_steps': 0, 'time': 178, 'eps': 3e-07}
WARNING:src.trainer:NaN encountered in loss during ZO forward step.
WARNING:src.trainer:projected_grad became invalid. loss1: nan, loss2: nan, eps: 3e-07
WARNING:src.trainer:NaN encountered in loss during ZO forward step.
WARNING:src.trainer:projected_grad became invalid. loss1: nan, loss2: nan, eps: 3e-07
WARNING:src.trainer:NaN encountered in loss during ZO forward step.
WARNING:src.trainer:projected_grad became invalid. loss1: nan, loss2: nan, eps: 3e-07
WARNING:src.trainer:NaN encountered in loss during ZO forward step.
WARNING:src.trainer:projected_grad became invalid. loss1: nan, loss2: nan, eps: 3e-07
WARNING:src.trainer:NaN encountered in loss during ZO forward step.
WARNING:src.trainer:projected_grad became invalid. loss1: nan, loss2: nan, eps: 3e-07
WARNING:src.trainer:NaN encountered in loss during ZO forward step.
WARNING:src.trainer:projected_grad became invalid. loss1: nan, loss2: nan, eps: 3e-07
WARNING:src.trainer:NaN encountered in loss during ZO forward step.
WARNING:src.trainer:projected_grad became invalid. loss1: nan, loss2: nan, eps: 3e-07
WARNING:src.trainer:NaN encountered in loss during ZO forward step.
WARNING:src.trainer:projected_grad became invalid. loss1: nan, loss2: nan, eps: 3e-07
WARNING:src.trainer:NaN encountered in loss during ZO forward step.
WARNING:src.trainer:projected_grad became invalid. loss1: nan, loss2: nan, eps: 3e-07
WARNING:src.trainer:[zo_probe] step=2200: no finite probe pairs; skipping row.
WARNING:src.trainer:NaN encountered in loss during ZO forward step.
WARNING:src.trainer:projected_grad became invalid. loss1: nan, loss2: nan, eps: 3e-07
INFO:src.trainer:{'loss': nan, 'learning_rate': 1e-06, 'global_step': 2200, 'zo_forward_step': 4402, 'max_steps': 50000, 'max_zo_forward_steps': 0, 'time': 180, 'eps': 3e-07}
WARNING:src.trainer:NaN encountered in loss during ZO forward step.
WARNING:src.trainer:projected_grad became invalid. loss1: nan, loss2: nan, eps: 3e-07
WARNING:src.trainer:NaN encountered in loss during ZO forward step.
WARNING:src.trainer:projected_grad became invalid. loss1: nan, loss2: nan, eps: 3e-07
WARNING:src.trainer:NaN encountered in loss during ZO forward step.
WARNING:src.trainer:projected_grad became invalid. loss1: nan, loss2: nan, eps: 3e-07
WARNING:src.trainer:NaN encountered in loss during ZO forward step.
WARNING:src.trainer:projected_grad became invalid. loss1: nan, loss2: nan, eps: 3e-07
WARNING:src.trainer:NaN encountered in loss during ZO forward step.
WARNING:src.trainer:projected_grad became invalid. loss1: nan, loss2: nan, eps: 3e-07
WARNING:src.trainer:NaN encountered in loss during ZO forward step.
[nan-guard] reached 100 consecutive NaN tokens on stderr; terminating child process 1722387.
[nan-guard] terminated child after 100 consecutive NaN tokens.
