./mezo.sh: line 33: jq: command not found
WARNING:__main__:Process rank: -1, device: cuda:0, n_gpu: 1, distributed training: False, 16-bits training: False
INFO:__main__:Training/evaluation parameters DynamicTrainingArguments(
_n_gpu=1,
accelerator_config={'split_batches': False, 'dispatch_batches': None, 'even_batches': True, 'use_seedable_sampler': True, 'non_blocking': False, 'gradient_accumulation_kwargs': None, 'use_configured_state': False},
adafactor=False,
adam_beta1=0.9,
adam_beta2=0.999,
adam_epsilon=1e-08,
adaptive_h_ema_beta=0.1,
adaptive_h_estimate_num_batches=4,
adaptive_h_estimate_num_directions=3,
adaptive_h_estimate_reduce=mean,
adaptive_h_max=0.5,
adaptive_h_min=1e-05,
adaptive_h_probe_buffer_size=64,
adjust_for_init=False,
array_id=-1,
auto_find_batch_size=False,
average_tokens_across_devices=False,
batch_eval_metrics=False,
bf16=False,
bf16_full_eval=False,
binary_classification=False,
change_grad_estimate=False,
data_seed=16,
dataloader_drop_last=False,
dataloader_num_workers=0,
dataloader_persistent_workers=False,
dataloader_pin_memory=True,
dataloader_prefetch_factor=None,
dataloader_shuffle=False,
ddp_backend=None,
ddp_broadcast_buffers=None,
ddp_bucket_cap_mb=None,
ddp_find_unused_parameters=None,
ddp_timeout=1800,
debug=[],
deepspeed=None,
dh_h_growth=2.0,
dh_max_trials=10,
dh_test_h=0.01,
disable_tqdm=False,
do_eval=True,
do_predict=True,
do_train=True,
efficient_zero_order=True,
efficient_zero_order_fp16=False,
enable_additive_h_estimation=False,
enable_two_point_h_estimation=False,
eval_accumulation_steps=None,
eval_delay=0,
eval_do_concat_batches=True,
eval_on_start=False,
eval_steps=5000.0,
eval_strategy=IntervalStrategy.NO,
eval_use_gather_object=False,
evaluate_during_training=True,
exclude_embeddings=False,
exclude_first_layers=-1,
exclude_head=False,
f0_scaling=1.0,
fix_layers=0,
fp16=False,
fp16_backend=auto,
fp16_full_eval=False,
fp16_opt_level=O1,
from_linearhead=False,
fsdp=[],
fsdp_config={'min_num_params': 0, 'xla': False, 'xla_fsdp_v2': False, 'xla_fsdp_grad_ckpt': False},
fsdp_min_num_params=0,
fsdp_transformer_layer_cls_to_wrap=None,
full_determinism=False,
gradient_accumulation_steps=1,
gradient_checkpointing=False,
gradient_checkpointing_kwargs=None,
greater_is_better=None,
group_by_length=False,
h_estimation_active_source=fixed,
h_trunc_alpha=1.0,
half_precision_backend=auto,
head_tuning=False,
hf_inference_model=False,
hizoo_hessian_smooth_type=constant0,
hub_always_push=False,
hub_model_id=None,
hub_private_repo=None,
hub_revision=None,
hub_strategy=HubStrategy.EVERY_SAVE,
hub_token=<HUB_TOKEN>,
ignore_data_skip=False,
include_for_metrics=[],
include_inputs_for_metrics=False,
include_num_input_tokens_seen=False,
include_tokens_per_second=False,
initial_h=0.001,
jit_mode_eval=False,
kernel_formula=sgd,
kernel_gamma=1.0,
kernel_regularization=0.0,
kernel_solver=logistic,
label_names=None,
label_smoothing_factor=0.0,
layer_wise_optim=False,
learning_rate=1e-06,
length_column_name=length,
liger_kernel_config=None,
load_best_model_at_end=False,
load_kernels=None,
local_rank=-1,
log_file=log-USE_H0-USE_C0,
log_level=passive,
log_level_replica=warning,
log_on_each_node=True,
logging_dir=/scratch/jy03364/MeZO_/experiments/speed_bench_h100/zo_method_matrix_smoke2/roberta-large/MNLI/int8/mezo/run/seed16/runs/Apr18_19-10-30_ra7-1,
logging_first_step=False,
logging_nan_inf_filter=True,
logging_steps=10,
logging_strategy=IntervalStrategy.STEPS,
lozo_beta1=0.9,
lozo_rank=2,
lozo_step_interval=50,
lp_early_stopping=False,
lr_scheduler_kwargs={},
lr_scheduler_type=SchedulerType.CONSTANT,
max_grad_norm=1.0,
max_steps=5,
max_zo_forward_steps=0,
mc_tol=0.1,
measure_perf_tail=True,
measure_perf_tail_window_steps=3,
metric_for_best_model=None,
model_id=-1,
mp_parameters=,
neftune_noise_alpha=None,
no_cuda=False,
no_predict=False,
no_reparam=False,
no_train=False,
norm_running_update=False,
nu3_retry=3,
num_hvp_vecs=128,
num_prefix=10,
num_train_epochs=3.0,
only_biases=False,
optim=OptimizerNames.ADAMW_TORCH,
optim_args=None,
optim_target_modules=None,
optimize_acc=False,
optimizer=sgd,
optimizer_variant=,
output_dir=/scratch/jy03364/MeZO_/experiments/speed_bench_h100/zo_method_matrix_smoke2/roberta-large/MNLI/int8/mezo/run/seed16,
overwrite_kernels=False,
overwrite_output_dir=True,
parallelism_config=None,
past_index=-1,
per_device_eval_batch_size=4,
per_device_train_batch_size=32,
prediction_loss_only=False,
prefix_init_by_real_act=False,
prefix_tuning=False,
prob_as_feature=False,
push_to_hub=False,
push_to_hub_model_id=None,
push_to_hub_organization=None,
push_to_hub_token=<PUSH_TO_HUB_TOKEN>,
random_model_init=False,
ray_scope=last,
recompute_norms=False,
remove_unused_columns=True,
report_to=[],
restore_callback_states_from_checkpoint=False,
resume_from_checkpoint=None,
run_name=None,
save_at_last=False,
save_logit=False,
save_logit_dir=None,
save_on_each_node=False,
save_only_model=False,
save_safetensors=True,
save_steps=500,
save_strategy=SaveStrategy.STEPS,
save_total_limit=None,
scale_lr_with_samples=False,
scale_norm_by_num_params=False,
seed=16,
skip_memory_metrics=True,
sparse_log_active_fraction=True,
sparse_mask_refresh_steps=100,
sparse_mask_strategy=percentile_per_layer,
sparse_ratio=1.0,
sparse_scope=trainable_only,
sweep=False,
sync_embedding_layers=False,
tf32=None,
tie_emb=False,
torch_compile=False,
torch_compile_backend=None,
torch_compile_mode=None,
torch_empty_cache_steps=None,
torchdynamo=None,
tpu_metrics_debug=False,
tpu_num_cores=None,
trainer=standard,
two_point_h_beta=0.5,
two_point_h_c2=1.0,
two_point_h_delta_sample_size=4096,
two_point_h_eps_num=1e-12,
two_point_h_fixed_probe_batch=True,
two_point_h_log_csv=True,
two_point_h_max=0.5,
two_point_h_min=1e-05,
two_point_h_num_directions_g=4,
two_point_h_num_directions_l=4,
two_point_h_q_l=0.5,
two_point_h_refresh_every=100,
two_point_h_window_delta=3,
two_point_h_window_g=5,
two_point_h_window_l=5,
untie_emb=False,
update_noise_every=1000,
use_adaptive_h=False,
use_c_scale=False,
use_cpu=False,
use_ipex=False,
use_legacy_prediction_loop=False,
use_liger_kernel=False,
use_mps_device=False,
use_torchao_float8=False,
use_zo_grad_est=False,
warmup_ratio=0.0,
warmup_steps=0,
weight_decay=0.0,
zero_order_clip_grad=False,
zero_order_eps=0.0001,
zero_order_optim=True,
zero_order_sample=1,
zero_order_sample_scheduler=None,
zero_order_use_trainer_optim=False,
zo_by_layer=False,
zo_method=mezo,
zo_probe_every=0,
zo_probe_log_csv=True,
zo_probe_num_seeds=16,
zo_quantization=int8,
zo_quantization_bits=8,
zo_two_point_precision=fp16,
zo_use_true_directional_derivative=False,
zo_variant=None,
)
INFO:__main__:[zo-config] zo_two_point_precision=fp16 | zero_order_eps=0.0001 | zo_use_true_directional_derivative=False
INFO:__main__:[quzo-config] zo_quantization_bits=8 | quzo_enabled=True
INFO:__main__:[sparse-mezo-config] enabled=False | sparse_ratio=1.0 | sparse_mask_strategy=percentile_per_layer | sparse_scope=trainable_only | sparse_log_active_fraction=True | sparse_mask_refresh_steps=100
INFO:__main__:[sparse-mezo-config] ratio semantics: sparse_ratio targets the active fraction per trainable tensor; ratio=1.0 disables masking. Order: refresh thresholds+mask on the configured cadence -> sample sparse-aware direction -> apply QuZO snapping after the sparse perturb/update path when low-bit QuZO is active.
INFO:__main__:Task name: mnli, number of labels: 3, output mode: classification
INFO:__main__:[data] dataset_mode requested=full resolved=full
INFO:__main__:[data] task_dir=MNLI data_seed=16
INFO:__main__:[data] auto_download=0 original_data_root=/scratch/jy03364/MeZO_/medium_models/data/original
INFO:__main__:[data] auto_generate=0 target=/scratch/jy03364/MeZO_/medium_models/data/k-shot-1k-test/MNLI/full-16
INFO:__main__:[data] resolved_data_dir=/scratch/jy03364/MeZO_/medium_models/data/k-shot-1k-test/MNLI/full-16
WARNING:src.models:By default for RoBERTa models the input embeddings and the output embeddings are NOT tied!!!!
Some weights of RobertaModelForPromptFinetuning were not initialized from the model checkpoint at roberta-large and are newly initialized: ['classifier.bias', 'classifier.weight', 'lm_head.decoder.weight', 'roberta.pooler.dense.bias', 'roberta.pooler.dense.weight']
You should probably TRAIN this model on a down-stream task to be able to use it for predictions and inference.
INFO:src.dataset:Label contradiction to word ĠNo (440)
INFO:src.dataset:Label entailment to word ĠYes (3216)
INFO:src.dataset:Label neutral to word ĠMaybe (5359)
INFO:src.dataset:Total num_sample for mode train: 1
INFO:src.dataset:Creating/loading examples from dataset file at /scratch/jy03364/MeZO_/medium_models/data/k-shot-1k-test/MNLI/full-16
INFO:src.dataset:[FewShotDataset] Skip cache in TRAIN mode to avoid OOM on large datasets (e.g., MNLI).
INFO:src.dataset:Creating features from dataset file at /scratch/jy03364/MeZO_/medium_models/data/k-shot-1k-test/MNLI/full-16
INFO:src.dataset:Label contradiction to word ĠNo (440)
INFO:src.dataset:Label entailment to word ĠYes (3216)
INFO:src.dataset:Label neutral to word ĠMaybe (5359)
INFO:src.dataset:Total num_sample for mode dev: 1
INFO:src.dataset:Creating/loading examples from dataset file at /scratch/jy03364/MeZO_/medium_models/data/k-shot-1k-test/MNLI/full-16
/scratch/jy03364/MeZO_/medium_models/src/dataset.py:363: FutureWarning: You are using `torch.load` with `weights_only=False` (the current default value), which uses the default pickle module implicitly. It is possible to construct malicious pickle data which will execute arbitrary code during unpickling (See https://github.com/pytorch/pytorch/blob/main/SECURITY.md#untrusted-models for more details). In a future release, the default value for `weights_only` will be flipped to `True`. This limits the functions that could be executed during unpickling. Arbitrary objects will no longer be allowed to be loaded via this mode unless they are explicitly allowlisted by the user via `torch.serialization.add_safe_globals`. We recommend you start setting `weights_only=True` for any use case where you don't have full control of the loaded file. Please open an issue on GitHub for any issues related to this experimental feature.
  self.support_examples, self.query_examples = torch.load(cached_features_file)
INFO:src.dataset:Loading features from cached file /scratch/jy03364/MeZO_/medium_models/data/k-shot-1k-test/MNLI/full-16/cached_dev_RobertaTokenizerFast-roberta_256_mnli [took 0.638 s]
INFO:src.dataset:*** Example ***
INFO:src.dataset:guid: dev_matched-263856
INFO:src.dataset:features: OurInputFeatures(input_ids=[0, 487, 4132, 298, 1180, 18, 82, 32, 481, 7, 989, 5, 2946, 6, 53, 683, 51, 517, 5140, 6, 51, 189, 28, 3179, 5537, 7, 671, 116, 50264, 6, 71, 1375, 8, 1618, 5, 2946, 6, 234, 4132, 298, 1180, 18, 82, 189, 45, 28, 576, 5537, 7, 671, 4, 2], attention_mask=[1, 1, 1, 1, 1, 1, 1, 1, 1, 1, 1, 1, 1, 1, 1, 1, 1, 1, 1, 1, 1, 1, 1, 1, 1, 1, 1, 1, 1, 1, 1, 1, 1, 1, 1, 1, 1, 1, 1, 1, 1, 1, 1, 1, 1, 1, 1, 1, 1, 1, 1, 1], token_type_ids=None, label=1, mask_pos=[28], label_word_list=None, sfc_input_ids=None, sfc_attention_mask=None, sfc_mask_pos=None)
INFO:src.dataset:text: <s>Niihau's people are free to leave the island, but once they move elsewhere, they may be refused permission to return?<mask>, after moving and leaving the island, Niihau's people may not be given permission to return.</s>
WARNING:src.dataset:Input exceeds max_length limit: <s>uh-huh oh i feel that is certainly if you're going to carry one you need to be uh very comfortable with the piece and have enough uh knowledge and insight for your own self on whether or not you're going to use it in that situation and not pull it unless you intend to because i i feel like that's you know i mean i'm i'm i'm all for uh people having having firearms or having whatever form of protection they prefer because you know even though the odds is you know the criminal ends up getting the gun and shooting the people to begin with you know the people that had it in the beginning but if the if if you're talking about uh two people if you're talking about a criminal an assailant that is coming at you with a gun and you don't have a gun at all well the chances are a hundred percent they're going to get you if you if you both of you have a firearm you've at least got that fifty percent chance that you may get them first and so i believe in that but i i've not ever felt comfortable in it i guess it's  i'm glad i  i'm glad i um i'm that i'm married to someone?<mask>, i think you need to know a lot about guns if you're goign to carry one.</s>
WARNING:src.dataset:Input exceeds max_length limit: <s>we went uh and did a a thing through IBS which is a like a financial consultant  type thing here in Dallas and uh one of the things that we talked about with the counselor there was you know they work up this whole big you know proposal profile for you that every all the things that you need to work on and you need to do and then one of the things that we talked about with her was you know the need to save for our son's education we have a two year old you know and and you know we can't start saving for college when he's sixteen you know we have to do that now and and uh they have a way that they can figure you know what you know and he's two now in sixteen years when he's ready to go to college this is how much it'll cost you know and it's just really scary the thought of how much it's going to it's what it costs now is ridiculous what it's going to cost sixteen years from now is just really scary and they sat down and figured up that we needed to save like fifteen between fifteen and seventeen hundred dollars a year at a oh you know six percent interest rate to be able to have you know?<mask>, we worked with a financial consultant through IBS in Dallas.</s>
WARNING:src.dataset:Input exceeds max_length limit: <s>yes i'm i'm i have some great concerns about uh my my parents and my relatives reaching that age um around here where i live in Maryland in the Washington area there's there's and uh i used to live down in Dallas there was just so many stories about uh rest homes where the people are being abused where the people are being kept in filthy conditions in fact here in Baltimore they've actually shut a couple of them down and taken all the people out of them because they were so uh bug infested and rat infested and it i you know really concerns me that um first of all that anyone could let someone live like that but if you have to you know how do you make sure i mean i'm sure when you make your appointment and go by everybody puts on a happy face um you know how are you sure that the home is really as good as it is because once you put someone into there you know they may not like the fact that they've been put in there and they might complain about the place all the time even though it's the best place in the whole world they could be just because they want to make you feel guilty for putting them in there and you kno?<mask>, i am worried about how landlords could let people live in such poor conditions.</s>
INFO:src.dataset:Label contradiction to word ĠNo (440)
INFO:src.dataset:Label entailment to word ĠYes (3216)
INFO:src.dataset:Label neutral to word ĠMaybe (5359)
INFO:src.dataset:Total num_sample for mode test: 1
INFO:src.dataset:Creating/loading examples from dataset file at /scratch/jy03364/MeZO_/medium_models/data/k-shot-1k-test/MNLI/full-16
INFO:src.dataset:Loading features from cached file /scratch/jy03364/MeZO_/medium_models/data/k-shot-1k-test/MNLI/full-16/cached_test_RobertaTokenizerFast-roberta_256_mnli [took 0.650 s]
INFO:src.dataset:*** Example ***
INFO:src.dataset:guid: test_matched-0
INFO:src.dataset:features: OurInputFeatures(input_ids=[0, 133, 92, 659, 32, 2579, 1177, 13098, 116, 50264, 6, 961, 269, 3829, 5, 8946, 1795, 1437, 2], attention_mask=[1, 1, 1, 1, 1, 1, 1, 1, 1, 1, 1, 1, 1, 1, 1, 1, 1, 1, 1], token_type_ids=None, label=2, mask_pos=[9], label_word_list=None, sfc_input_ids=None, sfc_attention_mask=None, sfc_mask_pos=None)
INFO:src.dataset:text: <s>The new rights are nice enoug?<mask>, everyone really likes the newest benefits </s>
INFO:__main__:[quzo-config] quantized model parameters in-place at 8 bits before ZO training
huggingface/tokenizers: The current process just got forked, after parallelism has already been used. Disabling parallelism to avoid deadlocks...
To disable this warning, you can either:
	- Avoid using `tokenizers` before the fork if possible
	- Explicitly set the environment variable TOKENIZERS_PARALLELISM=(true | false)
INFO:src.trainer:[dataloader][debug] self class=Trainer, get_train_dataloader=<bound method Trainer.get_train_dataloader of <src.trainer.Trainer object at 0x14a69a34aa50>>
INFO:src.trainer:[dataloader][override] Trainer.get_train_dataloader active. shuffle_raw=False type=bool -> shuffle=False; data_seed=16 seed=16 local_rank=-1
INFO:src.trainer:[dataloader][override] selected sampler=SequentialSampler
INFO:src.trainer:[dataloader] sampler=SequentialSampler, batch_sampler=BatchSampler
INFO:src.trainer:[dataloader] training uses SequentialSampler (no shuffle).
INFO:src.trainer:[dataloader] args.dataloader_shuffle=False
INFO:src.trainer:[dataloader] args.data_seed=16 args.seed=16
INFO:src.trainer:***** Running training *****
INFO:src.trainer:  Num examples = 353432
INFO:src.trainer:  Num Epochs = 1
INFO:src.trainer:  Instantaneous batch size per device = 32
INFO:src.trainer:  Total train batch size (w. parallel, distributed & accumulation) = 32
INFO:src.trainer:  Gradient Accumulation steps = 1
INFO:src.trainer:  Total optimization steps = 5
INFO:src.trainer:[zo-config] zo_two_point_precision=fp16 | zero_order_eps=0.0001 | zo_use_true_directional_derivative=False
INFO:src.trainer:[h_estimation][init] h0=1.000e-03 active_source=fixed additive=False two_point=False
You're using a RobertaTokenizerFast tokenizer. Please note that with a fast tokenizer, using the `__call__` method is faster than using a method to encode the text followed by a call to the `pad` method to get a padded encoding.
/scratch/jy03364/MeZO_/medium_models/src/trainer.py:2281: FutureWarning: `torch.cuda.amp.autocast(args...)` is deprecated. Please use `torch.amp.autocast('cuda', args...)` instead.
  return autocast(dtype=torch.float16)
INFO:src.trainer:{'loss': 1.2092742919921875, 'learning_rate': 1e-06, 'global_step': 0, 'zo_forward_step': 2, 'max_steps': 5, 'max_zo_forward_steps': 0, 'time': 0, 'eps': 0.0001}
INFO:src.trainer:[perf-tail] measurement enabled: start_step=3 window_steps=3 total_train_batch_size=32
INFO:src.trainer:

Training completed. Do not forget to share your model on huggingface.co/models =)


INFO:src.trainer:[perf-tail] measured_steps=4 wallclock_per_step=0.579157 samples_per_second=55.252750 max_gpu_memory_gb=3.8519
INFO:__main__:evaluate_during_training=True but no in-memory best checkpoint was recorded; keeping the current model weights.
INFO:__main__:*** Validate ***
/home/jy03364/.conda/envs/ciao/lib/python3.12/site-packages/transformers/trainer_pt_utils.py:476: FutureWarning: DistributedTensorGatherer is deprecated and will be removed in v5 of Transformers.
  warnings.warn(

  0%|          | 0/9818 [00:00<?, ?it/s]
  0%|          | 10/9818 [00:00<01:40, 97.99it/s]
  0%|          | 20/9818 [00:00<01:40, 97.47it/s]
  0%|          | 30/9818 [00:00<01:44, 93.95it/s]
  0%|          | 40/9818 [00:00<01:44, 93.61it/s]
  1%|          | 50/9818 [00:00<01:44, 93.18it/s]
  1%|          | 60/9818 [00:00<01:42, 95.22it/s]
  1%|          | 70/9818 [00:00<01:40, 96.60it/s]
  1%|          | 80/9818 [00:00<01:39, 97.64it/s]
  1%|          | 90/9818 [00:00<01:40, 96.45it/s]
  1%|          | 100/9818 [00:01<01:41, 95.31it/s]
  1%|          | 110/9818 [00:01<01:42, 94.64it/s]
  1%|          | 120/9818 [00:01<01:41, 95.54it/s]
  1%|▏         | 130/9818 [00:01<01:45, 91.93it/s]
  1%|▏         | 140/9818 [00:01<01:43, 93.55it/s]
  2%|▏         | 150/9818 [00:01<01:43, 93.47it/s]
  2%|▏         | 160/9818 [00:01<01:43, 93.34it/s]
  2%|▏         | 170/9818 [00:01<01:44, 92.69it/s]
  2%|▏         | 180/9818 [00:01<01:43, 92.92it/s]
  2%|▏         | 191/9818 [00:02<01:40, 95.84it/s]
  2%|▏         | 201/9818 [00:02<01:42, 94.27it/s]
  2%|▏         | 211/9818 [00:02<01:41, 94.90it/s]
  2%|▏         | 221/9818 [00:02<01:40, 95.27it/s]
  2%|▏         | 231/9818 [00:02<01:41, 94.46it/s]
  2%|▏         | 241/9818 [00:02<01:40, 95.17it/s]
  3%|▎         | 251/9818 [00:02<01:39, 96.33it/s]
  3%|▎         | 261/9818 [00:02<01:40, 95.51it/s]
  3%|▎         | 271/9818 [00:02<01:40, 95.27it/s]
  3%|▎         | 282/9818 [00:02<01:38, 96.85it/s]
  3%|▎         | 292/9818 [00:03<01:38, 96.80it/s]
  3%|▎         | 302/9818 [00:03<01:39, 96.10it/s]
  3%|▎         | 312/9818 [00:03<01:40, 94.92it/s]
  3%|▎         | 322/9818 [00:03<01:41, 93.26it/s]
  3%|▎         | 332/9818 [00:03<01:41, 93.85it/s]
  3%|▎         | 342/9818 [00:03<01:40, 94.27it/s]
  4%|▎         | 352/9818 [00:03<01:39, 95.34it/s]
  4%|▎         | 362/9818 [00:03<01:38, 95.63it/s]
  4%|▍         | 372/9818 [00:03<01:37, 96.85it/s]
  4%|▍         | 382/9818 [00:04<01:40, 93.73it/s]
  4%|▍         | 392/9818 [00:04<01:40, 94.23it/s]
  4%|▍         | 402/9818 [00:04<01:39, 94.98it/s]
  4%|▍         | 412/9818 [00:04<01:37, 96.20it/s]
  4%|▍         | 422/9818 [00:04<01:38, 95.43it/s]
  4%|▍         | 432/9818 [00:04<01:40, 93.54it/s]
  5%|▍         | 442/9818 [00:04<01:39, 93.98it/s]
  5%|▍         | 452/9818 [00:04<01:40, 93.37it/s]
  5%|▍         | 462/9818 [00:04<01:39, 94.21it/s]
  5%|▍         | 472/9818 [00:04<01:38, 94.67it/s]
  5%|▍         | 482/9818 [00:05<01:38, 95.04it/s]
  5%|▌         | 492/9818 [00:05<01:37, 95.93it/s]
  5%|▌         | 502/9818 [00:05<01:36, 96.83it/s]
  5%|▌         | 512/9818 [00:05<01:38, 94.63it/s]
  5%|▌         | 522/9818 [00:05<01:38, 94.58it/s]
  5%|▌         | 532/9818 [00:05<01:37, 95.07it/s]
  6%|▌         | 543/9818 [00:05<01:35, 97.45it/s]
  6%|▌         | 553/9818 [00:05<01:34, 98.12it/s]
  6%|▌         | 563/9818 [00:05<01:34, 97.94it/s]
  6%|▌         | 573/9818 [00:06<01:36, 96.17it/s]
  6%|▌         | 583/9818 [00:06<01:37, 94.31it/s]
  6%|▌         | 593/9818 [00:06<01:36, 95.91it/s]
  6%|▌         | 603/9818 [00:06<01:35, 96.10it/s]
  6%|▋         | 614/9818 [00:06<01:34, 97.22it/s]
  6%|▋         | 625/9818 [00:06<01:33, 98.70it/s]
  6%|▋         | 635/9818 [00:06<01:34, 97.27it/s]
  7%|▋         | 646/9818 [00:06<01:33, 97.60it/s]
  7%|▋         | 656/9818 [00:06<01:33, 98.27it/s]
  7%|▋         | 666/9818 [00:06<01:32, 98.49it/s]
  7%|▋         | 676/9818 [00:07<01:32, 98.47it/s]
  7%|▋         | 686/9818 [00:07<01:32, 98.35it/s]
  7%|▋         | 696/9818 [00:07<01:34, 96.76it/s]
  7%|▋         | 707/9818 [00:07<01:32, 98.04it/s]
  7%|▋         | 717/9818 [00:07<01:33, 97.52it/s]
  7%|▋         | 727/9818 [00:07<01:37, 93.16it/s]
  8%|▊         | 737/9818 [00:07<01:37, 93.24it/s]
  8%|▊         | 747/9818 [00:07<01:37, 92.79it/s]
  8%|▊         | 757/9818 [00:07<01:38, 92.44it/s]
  8%|▊         | 767/9818 [00:08<01:39, 90.65it/s]
  8%|▊         | 777/9818 [00:08<01:37, 92.78it/s]
  8%|▊         | 787/9818 [00:08<01:37, 92.81it/s]
  8%|▊         | 797/9818 [00:08<01:35, 94.52it/s]
  8%|▊         | 808/9818 [00:08<01:33, 96.60it/s]
  8%|▊         | 819/9818 [00:08<01:31, 98.30it/s]
  8%|▊         | 829/9818 [00:08<01:31, 98.54it/s]
  9%|▊         | 839/9818 [00:08<01:31, 97.65it/s]
  9%|▊         | 849/9818 [00:08<01:31, 98.17it/s]
  9%|▉         | 860/9818 [00:09<01:30, 99.26it/s]
  9%|▉         | 870/9818 [00:09<01:30, 99.06it/s]
  9%|▉         | 880/9818 [00:09<01:31, 97.24it/s]
  9%|▉         | 890/9818 [00:09<01:33, 95.31it/s]
  9%|▉         | 900/9818 [00:09<01:35, 93.12it/s]
  9%|▉         | 910/9818 [00:09<01:35, 93.58it/s]
  9%|▉         | 920/9818 [00:09<01:35, 93.13it/s]
  9%|▉         | 930/9818 [00:09<01:33, 94.75it/s]
 10%|▉         | 940/9818 [00:09<01:33, 95.37it/s]
 10%|▉         | 951/9818 [00:09<01:32, 96.25it/s]
 10%|▉         | 961/9818 [00:10<01:33, 95.22it/s]
 10%|▉         | 971/9818 [00:10<01:32, 96.15it/s]
 10%|▉         | 981/9818 [00:10<01:31, 96.73it/s]
 10%|█         | 991/9818 [00:10<01:30, 97.04it/s]
 10%|█         | 1001/9818 [00:10<01:32, 95.66it/s]
 10%|█         | 1011/9818 [00:10<01:32, 95.38it/s]
 10%|█         | 1021/9818 [00:10<01:33, 94.48it/s]
 11%|█         | 1031/9818 [00:10<01:35, 92.31it/s]
 11%|█         | 1041/9818 [00:10<01:34, 92.91it/s]
 11%|█         | 1051/9818 [00:11<01:32, 94.46it/s]
 11%|█         | 1062/9818 [00:11<01:30, 96.85it/s]
 11%|█         | 1072/9818 [00:11<01:29, 97.43it/s]
 11%|█         | 1082/9818 [00:11<01:29, 97.14it/s]
 11%|█         | 1092/9818 [00:11<01:30, 96.51it/s]
 11%|█         | 1102/9818 [00:11<01:29, 97.06it/s]
 11%|█▏        | 1112/9818 [00:11<01:29, 96.92it/s]
 11%|█▏        | 1123/9818 [00:11<01:28, 98.58it/s]
 12%|█▏        | 1133/9818 [00:11<01:29, 97.58it/s]
 12%|█▏        | 1143/9818 [00:11<01:30, 95.51it/s]
 12%|█▏        | 1153/9818 [00:12<01:30, 95.64it/s]
 12%|█▏        | 1163/9818 [00:12<01:30, 95.67it/s]
 12%|█▏        | 1173/9818 [00:12<01:29, 96.60it/s]
 12%|█▏        | 1183/9818 [00:12<01:30, 95.53it/s]
 12%|█▏        | 1193/9818 [00:12<01:29, 96.21it/s]
 12%|█▏        | 1203/9818 [00:12<01:31, 94.46it/s]
 12%|█▏        | 1213/9818 [00:12<01:30, 94.71it/s]
 12%|█▏        | 1223/9818 [00:12<01:29, 96.04it/s]
 13%|█▎        | 1234/9818 [00:12<01:27, 97.76it/s]
 13%|█▎        | 1244/9818 [00:13<01:28, 97.26it/s]
 13%|█▎        | 1254/9818 [00:13<01:28, 97.06it/s]
 13%|█▎        | 1264/9818 [00:13<01:31, 93.02it/s]
 13%|█▎        | 1274/9818 [00:13<01:35, 89.65it/s]
 13%|█▎        | 1284/9818 [00:13<01:33, 91.27it/s]
 13%|█▎        | 1294/9818 [00:13<01:31, 93.04it/s]
 13%|█▎        | 1305/9818 [00:13<01:28, 95.67it/s]
 13%|█▎        | 1315/9818 [00:13<01:29, 95.10it/s]
 13%|█▎        | 1325/9818 [00:13<01:29, 94.70it/s]
 14%|█▎        | 1335/9818 [00:13<01:30, 94.04it/s]
 14%|█▎        | 1345/9818 [00:14<01:29, 94.74it/s]
 14%|█▍        | 1355/9818 [00:14<01:29, 94.58it/s]
 14%|█▍        | 1365/9818 [00:14<01:31, 92.52it/s]
 14%|█▍        | 1375/9818 [00:14<01:30, 93.18it/s]
 14%|█▍        | 1386/9818 [00:14<01:28, 95.43it/s]
 14%|█▍        | 1396/9818 [00:14<01:28, 95.13it/s]
 14%|█▍        | 1406/9818 [00:14<01:27, 95.69it/s]
 14%|█▍        | 1416/9818 [00:14<01:28, 94.57it/s]
 15%|█▍        | 1426/9818 [00:14<01:28, 95.00it/s]
 15%|█▍        | 1436/9818 [00:15<01:29, 93.62it/s]
 15%|█▍        | 1446/9818 [00:15<01:31, 91.62it/s]
 15%|█▍        | 1456/9818 [00:15<01:29, 93.33it/s]
 15%|█▍        | 1466/9818 [00:15<01:28, 94.22it/s]
 15%|█▌        | 1476/9818 [00:15<01:27, 95.76it/s]
 15%|█▌        | 1486/9818 [00:15<01:26, 96.28it/s]
 15%|█▌        | 1496/9818 [00:15<01:27, 95.09it/s]
 15%|█▌        | 1507/9818 [00:15<01:26, 96.49it/s]
 15%|█▌        | 1517/9818 [00:15<01:29, 93.02it/s]
 16%|█▌        | 1528/9818 [00:16<01:26, 95.54it/s]
 16%|█▌        | 1538/9818 [00:16<01:26, 95.33it/s]
 16%|█▌        | 1548/9818 [00:16<01:26, 95.35it/s]
 16%|█▌        | 1558/9818 [00:16<01:27, 94.48it/s]
 16%|█▌        | 1568/9818 [00:16<01:27, 93.92it/s]
 16%|█▌        | 1579/9818 [00:16<01:25, 96.05it/s]
 16%|█▌        | 1589/9818 [00:16<01:25, 96.54it/s]
 16%|█▋        | 1599/9818 [00:16<01:25, 96.49it/s]
 16%|█▋        | 1609/9818 [00:16<01:24, 96.89it/s]
 16%|█▋        | 1619/9818 [00:16<01:26, 94.89it/s]
 17%|█▋        | 1629/9818 [00:17<01:29, 91.26it/s]
 17%|█▋        | 1639/9818 [00:17<01:35, 85.67it/s]
 17%|█▋        | 1648/9818 [00:17<01:43, 79.23it/s]
 17%|█▋        | 1657/9818 [00:17<01:45, 77.38it/s]
 17%|█▋        | 1666/9818 [00:17<01:46, 76.66it/s]
 17%|█▋        | 1675/9818 [00:17<01:43, 78.68it/s]
 17%|█▋        | 1685/9818 [00:17<01:41, 80.35it/s]
 17%|█▋        | 1695/9818 [00:17<01:41, 80.08it/s]
 17%|█▋        | 1704/9818 [00:18<01:53, 71.55it/s]
 17%|█▋        | 1712/9818 [00:18<02:04, 65.05it/s]
 18%|█▊        | 1719/9818 [00:18<02:33, 52.82it/s]
 18%|█▊        | 1725/9818 [00:18<02:49, 47.78it/s]
 18%|█▊        | 1732/9818 [00:18<02:35, 52.06it/s]
 18%|█▊        | 1738/9818 [00:18<02:37, 51.21it/s]
 18%|█▊        | 1744/9818 [00:18<02:38, 50.93it/s]
 18%|█▊        | 1750/9818 [00:19<02:38, 51.03it/s]
 18%|█▊        | 1756/9818 [00:19<02:36, 51.58it/s]
 18%|█▊        | 1762/9818 [00:19<02:50, 47.15it/s]
 18%|█▊        | 1770/9818 [00:19<02:28, 54.04it/s]
 18%|█▊        | 1779/9818 [00:19<02:07, 63.00it/s]
 18%|█▊        | 1788/9818 [00:19<01:56, 68.76it/s]
 18%|█▊        | 1797/9818 [00:19<01:49, 73.03it/s]
 18%|█▊        | 1806/9818 [00:19<01:44, 76.33it/s]
 18%|█▊        | 1816/9818 [00:20<01:37, 82.17it/s]
 19%|█▊        | 1826/9818 [00:20<01:33, 85.70it/s]
 19%|█▊        | 1835/9818 [00:20<01:32, 85.94it/s]
 19%|█▉        | 1844/9818 [00:20<01:34, 84.79it/s]
 19%|█▉        | 1854/9818 [00:20<01:31, 87.40it/s]
 19%|█▉        | 1864/9818 [00:20<01:29, 88.75it/s]
 19%|█▉        | 1874/9818 [00:20<01:26, 91.87it/s]
 19%|█▉        | 1884/9818 [00:20<01:25, 92.68it/s]
 19%|█▉        | 1894/9818 [00:20<01:26, 92.09it/s]
 19%|█▉        | 1904/9818 [00:20<01:27, 90.48it/s]
 19%|█▉        | 1914/9818 [00:21<01:25, 92.33it/s]
 20%|█▉        | 1924/9818 [00:21<01:25, 92.15it/s]
 20%|█▉        | 1934/9818 [00:21<01:26, 90.93it/s]
 20%|█▉        | 1944/9818 [00:21<01:25, 92.35it/s]
 20%|█▉        | 1954/9818 [00:21<01:24, 93.50it/s]
 20%|██        | 1964/9818 [00:21<01:23, 94.58it/s]
 20%|██        | 1975/9818 [00:21<01:21, 96.75it/s]
 20%|██        | 1985/9818 [00:21<01:24, 93.25it/s]
 20%|██        | 1995/9818 [00:21<01:22, 94.68it/s]
 20%|██        | 2005/9818 [00:22<01:22, 94.30it/s]
 21%|██        | 2015/9818 [00:22<01:23, 93.55it/s]
 21%|██        | 2025/9818 [00:22<01:22, 94.79it/s]
 21%|██        | 2035/9818 [00:22<01:23, 93.47it/s]
 21%|██        | 2045/9818 [00:22<01:26, 90.37it/s]
 21%|██        | 2055/9818 [00:22<01:27, 88.69it/s]
 21%|██        | 2065/9818 [00:22<01:27, 88.98it/s]
 21%|██        | 2074/9818 [00:22<01:28, 87.61it/s]
 21%|██        | 2083/9818 [00:22<01:27, 88.15it/s]
 21%|██▏       | 2093/9818 [00:23<01:26, 89.07it/s]
 21%|██▏       | 2102/9818 [00:23<01:28, 87.44it/s]
 22%|██▏       | 2111/9818 [00:23<01:28, 87.48it/s]
 22%|██▏       | 2120/9818 [00:23<01:28, 86.97it/s]
 22%|██▏       | 2129/9818 [00:23<01:30, 84.76it/s]
 22%|██▏       | 2139/9818 [00:23<01:30, 85.02it/s]
 22%|██▏       | 2149/9818 [00:23<01:26, 88.84it/s]
 22%|██▏       | 2159/9818 [00:23<01:24, 90.35it/s]
 22%|██▏       | 2169/9818 [00:23<01:24, 90.97it/s]
 22%|██▏       | 2179/9818 [00:24<01:21, 93.45it/s]
 22%|██▏       | 2189/9818 [00:24<01:21, 93.47it/s]
 22%|██▏       | 2199/9818 [00:24<01:20, 94.95it/s]
 22%|██▏       | 2209/9818 [00:24<01:19, 95.50it/s]
 23%|██▎       | 2219/9818 [00:24<01:19, 95.31it/s]
 23%|██▎       | 2229/9818 [00:24<01:19, 96.00it/s]
 23%|██▎       | 2240/9818 [00:24<01:17, 97.77it/s]
 23%|██▎       | 2250/9818 [00:24<01:18, 96.09it/s]
 23%|██▎       | 2261/9818 [00:24<01:17, 98.11it/s]
 23%|██▎       | 2271/9818 [00:24<01:18, 95.99it/s]
 23%|██▎       | 2281/9818 [00:25<01:20, 93.61it/s]
 23%|██▎       | 2291/9818 [00:25<01:20, 94.01it/s]
 23%|██▎       | 2301/9818 [00:25<01:18, 95.67it/s]
 24%|██▎       | 2311/9818 [00:25<01:20, 93.18it/s]
 24%|██▎       | 2321/9818 [00:25<01:23, 90.32it/s]
 24%|██▎       | 2331/9818 [00:25<01:21, 91.61it/s]
 24%|██▍       | 2341/9818 [00:25<01:26, 86.32it/s]
 24%|██▍       | 2352/9818 [00:25<01:22, 90.36it/s]
 24%|██▍       | 2363/9818 [00:25<01:19, 93.88it/s]
 24%|██▍       | 2373/9818 [00:26<01:19, 94.05it/s]
 24%|██▍       | 2384/9818 [00:26<01:17, 96.05it/s]
 24%|██▍       | 2394/9818 [00:26<01:18, 94.87it/s]
 24%|██▍       | 2404/9818 [00:26<01:19, 93.56it/s]
 25%|██▍       | 2414/9818 [00:26<01:21, 91.00it/s]
 25%|██▍       | 2424/9818 [00:26<01:20, 92.06it/s]
 25%|██▍       | 2434/9818 [00:26<01:19, 93.03it/s]
 25%|██▍       | 2444/9818 [00:26<01:18, 94.24it/s]
 25%|██▍       | 2454/9818 [00:26<01:17, 94.78it/s]
 25%|██▌       | 2464/9818 [00:27<01:17, 94.85it/s]
 25%|██▌       | 2474/9818 [00:27<01:17, 95.26it/s]
 25%|██▌       | 2484/9818 [00:27<01:18, 93.54it/s]
 25%|██▌       | 2494/9818 [00:27<01:18, 93.03it/s]
 26%|██▌       | 2504/9818 [00:27<01:17, 93.92it/s]
 26%|██▌       | 2514/9818 [00:27<01:17, 94.71it/s]
 26%|██▌       | 2524/9818 [00:27<01:18, 93.48it/s]
 26%|██▌       | 2534/9818 [00:27<01:18, 92.69it/s]
 26%|██▌       | 2544/9818 [00:27<01:17, 94.15it/s]
 26%|██▌       | 2554/9818 [00:27<01:17, 93.32it/s]
 26%|██▌       | 2564/9818 [00:28<01:18, 92.86it/s]
 26%|██▌       | 2574/9818 [00:28<01:16, 94.24it/s]
 26%|██▋       | 2585/9818 [00:28<01:14, 96.99it/s]
 26%|██▋       | 2596/9818 [00:28<01:13, 97.69it/s]
 27%|██▋       | 2606/9818 [00:28<01:15, 96.07it/s]
 27%|██▋       | 2616/9818 [00:28<01:14, 96.56it/s]
 27%|██▋       | 2626/9818 [00:28<01:16, 93.80it/s]
 27%|██▋       | 2636/9818 [00:28<01:16, 93.91it/s]
 27%|██▋       | 2646/9818 [00:28<01:16, 93.69it/s]
 27%|██▋       | 2656/9818 [00:29<01:15, 95.00it/s]
 27%|██▋       | 2666/9818 [00:29<01:15, 94.89it/s]
 27%|██▋       | 2676/9818 [00:29<01:17, 92.12it/s]
 27%|██▋       | 2686/9818 [00:29<01:17, 92.20it/s]
 27%|██▋       | 2696/9818 [00:29<01:16, 93.46it/s]
 28%|██▊       | 2706/9818 [00:29<01:16, 93.45it/s]
 28%|██▊       | 2717/9818 [00:29<01:13, 96.42it/s]
 28%|██▊       | 2727/9818 [00:29<01:13, 95.98it/s]
 28%|██▊       | 2737/9818 [00:29<01:13, 96.12it/s]
 28%|██▊       | 2747/9818 [00:30<01:14, 94.47it/s]
 28%|██▊       | 2757/9818 [00:30<01:14, 95.08it/s]
 28%|██▊       | 2767/9818 [00:30<01:14, 94.40it/s]
 28%|██▊       | 2777/9818 [00:30<01:16, 92.42it/s]
 28%|██▊       | 2787/9818 [00:30<01:16, 91.90it/s]
 28%|██▊       | 2797/9818 [00:30<01:16, 91.86it/s]
 29%|██▊       | 2808/9818 [00:30<01:13, 94.83it/s]
 29%|██▊       | 2818/9818 [00:30<01:13, 95.79it/s]
 29%|██▉       | 2828/9818 [00:30<01:12, 95.94it/s]
 29%|██▉       | 2838/9818 [00:30<01:12, 96.51it/s]
 29%|██▉       | 2849/9818 [00:31<01:11, 98.10it/s]
 29%|██▉       | 2859/9818 [00:31<01:11, 97.44it/s]
 29%|██▉       | 2869/9818 [00:31<01:11, 97.19it/s]
 29%|██▉       | 2879/9818 [00:31<01:11, 97.40it/s]
 29%|██▉       | 2889/9818 [00:31<01:11, 97.53it/s]
 30%|██▉       | 2899/9818 [00:31<01:13, 94.42it/s]
 30%|██▉       | 2909/9818 [00:31<01:12, 95.46it/s]
 30%|██▉       | 2919/9818 [00:31<01:12, 95.77it/s]
 30%|██▉       | 2929/9818 [00:31<01:12, 95.38it/s]
 30%|██▉       | 2939/9818 [00:32<01:12, 95.38it/s]
 30%|███       | 2949/9818 [00:32<01:11, 96.28it/s]
 30%|███       | 2959/9818 [00:32<01:11, 95.87it/s]
 30%|███       | 2969/9818 [00:32<01:11, 95.99it/s]
 30%|███       | 2979/9818 [00:32<01:11, 96.14it/s]
 30%|███       | 2989/9818 [00:32<01:11, 95.27it/s]
 31%|███       | 2999/9818 [00:32<01:11, 95.10it/s]
 31%|███       | 3009/9818 [00:32<01:11, 95.35it/s]
 31%|███       | 3020/9818 [00:32<01:10, 96.83it/s]
 31%|███       | 3030/9818 [00:32<01:10, 96.11it/s]
 31%|███       | 3040/9818 [00:33<01:11, 94.75it/s]
 31%|███       | 3050/9818 [00:33<01:11, 95.21it/s]
 31%|███       | 3060/9818 [00:33<01:11, 94.26it/s]
 31%|███▏      | 3070/9818 [00:33<01:12, 93.71it/s]
 31%|███▏      | 3080/9818 [00:33<01:11, 94.52it/s]
 31%|███▏      | 3090/9818 [00:33<01:10, 95.84it/s]
 32%|███▏      | 3100/9818 [00:33<01:10, 95.70it/s]
 32%|███▏      | 3110/9818 [00:33<01:09, 96.12it/s]
 32%|███▏      | 3120/9818 [00:33<01:09, 95.72it/s]
 32%|███▏      | 3130/9818 [00:34<01:09, 95.59it/s]
 32%|███▏      | 3140/9818 [00:34<01:11, 94.02it/s]
 32%|███▏      | 3150/9818 [00:34<01:11, 93.87it/s]
 32%|███▏      | 3160/9818 [00:34<01:11, 93.65it/s]
 32%|███▏      | 3170/9818 [00:34<01:12, 91.99it/s]
 32%|███▏      | 3180/9818 [00:34<01:12, 91.83it/s]
 32%|███▏      | 3190/9818 [00:34<01:11, 92.21it/s]
 33%|███▎      | 3200/9818 [00:34<01:10, 93.40it/s]
 33%|███▎      | 3210/9818 [00:34<01:09, 94.75it/s]
 33%|███▎      | 3220/9818 [00:35<01:10, 93.42it/s]
 33%|███▎      | 3230/9818 [00:35<01:09, 94.12it/s]
 33%|███▎      | 3241/9818 [00:35<01:08, 96.56it/s]
 33%|███▎      | 3251/9818 [00:35<01:07, 97.04it/s]
 33%|███▎      | 3261/9818 [00:35<01:07, 96.47it/s]
 33%|███▎      | 3271/9818 [00:35<01:08, 95.94it/s]
 33%|███▎      | 3281/9818 [00:35<01:09, 93.69it/s]
 34%|███▎      | 3292/9818 [00:35<01:08, 95.27it/s]
 34%|███▎      | 3303/9818 [00:35<01:07, 96.79it/s]
 34%|███▎      | 3313/9818 [00:35<01:06, 97.67it/s]
 34%|███▍      | 3323/9818 [00:36<01:07, 96.51it/s]
 34%|███▍      | 3333/9818 [00:36<01:06, 97.42it/s]
 34%|███▍      | 3344/9818 [00:36<01:05, 98.98it/s]
 34%|███▍      | 3354/9818 [00:36<01:07, 95.87it/s]
 34%|███▍      | 3365/9818 [00:36<01:06, 97.35it/s]
 34%|███▍      | 3375/9818 [00:36<01:05, 97.65it/s]
 34%|███▍      | 3385/9818 [00:36<01:06, 96.84it/s]
 35%|███▍      | 3395/9818 [00:36<01:08, 94.15it/s]
 35%|███▍      | 3405/9818 [00:36<01:07, 94.74it/s]
 35%|███▍      | 3416/9818 [00:37<01:06, 96.10it/s]
 35%|███▍      | 3426/9818 [00:37<01:05, 97.19it/s]
 35%|███▍      | 3436/9818 [00:37<01:06, 96.16it/s]
 35%|███▌      | 3446/9818 [00:37<01:07, 94.46it/s]
 35%|███▌      | 3456/9818 [00:37<01:07, 94.45it/s]
 35%|███▌      | 3466/9818 [00:37<01:07, 93.72it/s]
 35%|███▌      | 3476/9818 [00:37<01:11, 88.42it/s]
 36%|███▌      | 3486/9818 [00:37<01:10, 90.09it/s]
 36%|███▌      | 3496/9818 [00:37<01:09, 91.37it/s]
 36%|███▌      | 3506/9818 [00:38<01:07, 93.37it/s]
 36%|███▌      | 3516/9818 [00:38<01:08, 92.56it/s]
 36%|███▌      | 3526/9818 [00:38<01:07, 93.50it/s]
 36%|███▌      | 3536/9818 [00:38<01:07, 92.66it/s]
 36%|███▌      | 3546/9818 [00:38<01:08, 91.64it/s]
 36%|███▌      | 3556/9818 [00:38<01:06, 93.63it/s]
 36%|███▋      | 3566/9818 [00:38<01:06, 93.32it/s]
 36%|███▋      | 3576/9818 [00:38<01:05, 94.59it/s]
 37%|███▋      | 3586/9818 [00:38<01:05, 94.51it/s]
 37%|███▋      | 3596/9818 [00:38<01:07, 92.61it/s]
 37%|███▋      | 3606/9818 [00:39<01:07, 92.59it/s]
 37%|███▋      | 3616/9818 [00:39<01:05, 94.61it/s]
 37%|███▋      | 3626/9818 [00:39<01:07, 92.21it/s]
 37%|███▋      | 3636/9818 [00:39<01:06, 93.15it/s]
 37%|███▋      | 3646/9818 [00:39<01:07, 91.81it/s]
 37%|███▋      | 3656/9818 [00:39<01:06, 92.56it/s]
 37%|███▋      | 3666/9818 [00:39<01:05, 94.59it/s]
 37%|███▋      | 3676/9818 [00:39<01:05, 93.41it/s]
 38%|███▊      | 3686/9818 [00:39<01:05, 93.63it/s]
 38%|███▊      | 3696/9818 [00:40<01:06, 91.39it/s]
 38%|███▊      | 3706/9818 [00:40<01:05, 93.23it/s]
 38%|███▊      | 3716/9818 [00:40<01:04, 94.69it/s]
 38%|███▊      | 3726/9818 [00:40<01:05, 93.15it/s]
 38%|███▊      | 3737/9818 [00:40<01:03, 95.73it/s]
 38%|███▊      | 3747/9818 [00:40<01:03, 95.32it/s]
 38%|███▊      | 3757/9818 [00:40<01:02, 96.49it/s]
 38%|███▊      | 3768/9818 [00:40<01:01, 97.76it/s]
 38%|███▊      | 3778/9818 [00:40<01:03, 95.28it/s]
 39%|███▊      | 3788/9818 [00:41<01:04, 94.06it/s]
 39%|███▊      | 3798/9818 [00:41<01:03, 95.28it/s]
 39%|███▉      | 3808/9818 [00:41<01:04, 93.79it/s]
 39%|███▉      | 3818/9818 [00:41<01:03, 94.93it/s]
 39%|███▉      | 3828/9818 [00:41<01:03, 94.25it/s]
 39%|███▉      | 3839/9818 [00:41<01:02, 96.09it/s]
 39%|███▉      | 3849/9818 [00:41<01:01, 96.67it/s]
 39%|███▉      | 3859/9818 [00:41<01:01, 96.87it/s]
 39%|███▉      | 3869/9818 [00:41<01:01, 96.02it/s]
 40%|███▉      | 3879/9818 [00:41<01:02, 95.03it/s]
 40%|███▉      | 3890/9818 [00:42<01:01, 96.58it/s]
 40%|███▉      | 3900/9818 [00:42<01:03, 93.32it/s]
 40%|███▉      | 3910/9818 [00:42<01:02, 94.25it/s]
 40%|███▉      | 3920/9818 [00:42<01:02, 94.06it/s]
 40%|████      | 3931/9818 [00:42<01:01, 96.17it/s]
 40%|████      | 3941/9818 [00:42<01:00, 96.61it/s]
 40%|████      | 3951/9818 [00:42<01:00, 97.57it/s]
 40%|████      | 3961/9818 [00:42<01:01, 95.08it/s]
 40%|████      | 3971/9818 [00:42<01:02, 92.94it/s]
 41%|████      | 3981/9818 [00:43<01:01, 94.37it/s]
 41%|████      | 3992/9818 [00:43<01:00, 96.45it/s]
 41%|████      | 4002/9818 [00:43<01:00, 96.47it/s]
 41%|████      | 4012/9818 [00:43<00:59, 96.89it/s]
 41%|████      | 4022/9818 [00:43<01:02, 93.29it/s]
 41%|████      | 4032/9818 [00:43<01:02, 92.85it/s]
 41%|████      | 4042/9818 [00:43<01:00, 94.81it/s]
 41%|████▏     | 4052/9818 [00:43<01:00, 95.09it/s]
 41%|████▏     | 4062/9818 [00:43<01:00, 94.71it/s]
 41%|████▏     | 4072/9818 [00:44<01:00, 95.21it/s]
 42%|████▏     | 4082/9818 [00:44<01:00, 95.08it/s]
 42%|████▏     | 4092/9818 [00:44<01:00, 94.92it/s]
 42%|████▏     | 4102/9818 [00:44<00:59, 96.14it/s]
 42%|████▏     | 4112/9818 [00:44<01:00, 95.08it/s]
 42%|████▏     | 4122/9818 [00:44<00:59, 96.35it/s]
 42%|████▏     | 4132/9818 [00:44<00:58, 96.96it/s]
 42%|████▏     | 4142/9818 [00:44<00:58, 96.80it/s]
 42%|████▏     | 4152/9818 [00:44<01:01, 92.72it/s]
 42%|████▏     | 4162/9818 [00:44<01:01, 92.07it/s]
 42%|████▏     | 4172/9818 [00:45<00:59, 94.25it/s]
 43%|████▎     | 4182/9818 [00:45<01:00, 93.77it/s]
 43%|████▎     | 4192/9818 [00:45<01:00, 92.31it/s]
 43%|████▎     | 4202/9818 [00:45<01:01, 91.07it/s]
 43%|████▎     | 4212/9818 [00:45<01:00, 93.03it/s]
 43%|████▎     | 4222/9818 [00:45<00:59, 94.35it/s]
 43%|████▎     | 4232/9818 [00:45<00:58, 95.43it/s]
 43%|████▎     | 4242/9818 [00:45<00:59, 93.67it/s]
 43%|████▎     | 4252/9818 [00:45<00:59, 93.81it/s]
 43%|████▎     | 4262/9818 [00:46<00:58, 94.88it/s]
 44%|████▎     | 4272/9818 [00:46<00:58, 95.58it/s]
 44%|████▎     | 4282/9818 [00:46<00:58, 94.61it/s]
 44%|████▎     | 4292/9818 [00:46<00:58, 94.26it/s]
 44%|████▍     | 4303/9818 [00:46<00:57, 96.24it/s]
 44%|████▍     | 4313/9818 [00:46<00:56, 96.86it/s]
 44%|████▍     | 4323/9818 [00:46<00:57, 95.81it/s]
 44%|████▍     | 4333/9818 [00:46<00:58, 93.75it/s]
 44%|████▍     | 4343/9818 [00:46<00:57, 95.12it/s]
 44%|████▍     | 4353/9818 [00:46<00:56, 96.46it/s]
 44%|████▍     | 4364/9818 [00:47<00:55, 97.89it/s]
 45%|████▍     | 4374/9818 [00:47<00:57, 94.83it/s]
 45%|████▍     | 4384/9818 [00:47<00:57, 94.16it/s]
 45%|████▍     | 4394/9818 [00:47<00:57, 94.43it/s]
 45%|████▍     | 4404/9818 [00:47<00:57, 93.59it/s]
 45%|████▍     | 4414/9818 [00:47<00:56, 94.95it/s]
 45%|████▌     | 4424/9818 [00:47<00:57, 93.40it/s]
 45%|████▌     | 4434/9818 [00:47<00:57, 93.75it/s]
 45%|████▌     | 4444/9818 [00:47<00:56, 95.20it/s]
 45%|████▌     | 4454/9818 [00:48<00:56, 94.61it/s]
 45%|████▌     | 4464/9818 [00:48<00:56, 94.72it/s]
 46%|████▌     | 4474/9818 [00:48<00:57, 92.28it/s]
 46%|████▌     | 4484/9818 [00:48<00:58, 90.85it/s]
 46%|████▌     | 4494/9818 [00:48<00:58, 91.55it/s]
 46%|████▌     | 4505/9818 [00:48<00:56, 94.76it/s]
 46%|████▌     | 4515/9818 [00:48<00:55, 96.15it/s]
 46%|████▌     | 4525/9818 [00:48<00:56, 93.12it/s]
 46%|████▌     | 4535/9818 [00:48<00:56, 94.06it/s]
 46%|████▋     | 4545/9818 [00:49<00:55, 94.35it/s]
 46%|████▋     | 4555/9818 [00:49<00:56, 93.83it/s]
 46%|████▋     | 4565/9818 [00:49<00:55, 95.28it/s]
 47%|████▋     | 4575/9818 [00:49<00:55, 95.01it/s]
 47%|████▋     | 4585/9818 [00:49<00:54, 95.56it/s]
 47%|████▋     | 4595/9818 [00:49<00:54, 95.41it/s]
 47%|████▋     | 4605/9818 [00:49<00:54, 95.33it/s]
 47%|████▋     | 4616/9818 [00:49<00:53, 97.73it/s]
 47%|████▋     | 4627/9818 [00:49<00:52, 99.11it/s]
 47%|████▋     | 4637/9818 [00:49<00:53, 96.63it/s]
 47%|████▋     | 4647/9818 [00:50<00:54, 94.31it/s]
 47%|████▋     | 4657/9818 [00:50<00:55, 92.47it/s]
 48%|████▊     | 4667/9818 [00:50<00:55, 92.10it/s]
 48%|████▊     | 4677/9818 [00:50<00:55, 93.45it/s]
 48%|████▊     | 4687/9818 [00:50<00:55, 93.03it/s]
 48%|████▊     | 4697/9818 [00:50<00:54, 93.11it/s]
 48%|████▊     | 4707/9818 [00:50<00:55, 91.43it/s]
 48%|████▊     | 4717/9818 [00:50<00:55, 91.96it/s]
 48%|████▊     | 4727/9818 [00:50<00:55, 92.35it/s]
 48%|████▊     | 4737/9818 [00:51<00:54, 93.89it/s]
 48%|████▊     | 4747/9818 [00:51<00:54, 92.89it/s]
 48%|████▊     | 4757/9818 [00:51<00:54, 92.07it/s]
 49%|████▊     | 4767/9818 [00:51<00:54, 93.04it/s]
 49%|████▊     | 4777/9818 [00:51<00:54, 92.32it/s]
 49%|████▉     | 4787/9818 [00:51<00:53, 93.61it/s]
 49%|████▉     | 4797/9818 [00:51<00:53, 93.19it/s]
 49%|████▉     | 4807/9818 [00:51<00:55, 90.71it/s]
 49%|████▉     | 4817/9818 [00:51<00:54, 91.53it/s]
 49%|████▉     | 4827/9818 [00:52<00:53, 93.45it/s]
 49%|████▉     | 4837/9818 [00:52<00:52, 95.23it/s]
 49%|████▉     | 4847/9818 [00:52<00:51, 96.50it/s]
 49%|████▉     | 4858/9818 [00:52<00:50, 97.74it/s]
 50%|████▉     | 4868/9818 [00:52<00:52, 94.48it/s]
 50%|████▉     | 4878/9818 [00:52<00:52, 93.79it/s]
 50%|████▉     | 4888/9818 [00:52<00:53, 91.97it/s]
 50%|████▉     | 4898/9818 [00:52<00:53, 92.26it/s]
 50%|████▉     | 4908/9818 [00:52<00:53, 91.69it/s]
 50%|█████     | 4918/9818 [00:52<00:52, 93.68it/s]
 50%|█████     | 4928/9818 [00:53<00:51, 94.55it/s]
 50%|█████     | 4938/9818 [00:53<00:51, 95.29it/s]
 50%|█████     | 4948/9818 [00:53<00:51, 94.80it/s]
 50%|█████     | 4958/9818 [00:53<00:51, 94.65it/s]
 51%|█████     | 4969/9818 [00:53<00:50, 96.53it/s]
 51%|█████     | 4979/9818 [00:53<00:49, 96.86it/s]
 51%|█████     | 4989/9818 [00:53<00:51, 94.22it/s]
 51%|█████     | 4999/9818 [00:53<00:51, 93.83it/s]
 51%|█████     | 5009/9818 [00:53<00:51, 94.09it/s]
 51%|█████     | 5019/9818 [00:54<00:50, 95.13it/s]
 51%|█████     | 5029/9818 [00:54<00:50, 94.10it/s]
 51%|█████▏    | 5039/9818 [00:54<00:51, 93.61it/s]
 51%|█████▏    | 5049/9818 [00:54<00:51, 92.73it/s]
 52%|█████▏    | 5059/9818 [00:54<00:50, 94.76it/s]
 52%|█████▏    | 5069/9818 [00:54<00:49, 95.55it/s]
 52%|█████▏    | 5080/9818 [00:54<00:48, 96.95it/s]
 52%|█████▏    | 5090/9818 [00:54<00:48, 96.52it/s]
 52%|█████▏    | 5101/9818 [00:54<00:48, 97.67it/s]
 52%|█████▏    | 5111/9818 [00:55<00:49, 95.96it/s]
 52%|█████▏    | 5121/9818 [00:55<00:49, 95.23it/s]
 52%|█████▏    | 5131/9818 [00:55<00:49, 94.42it/s]
 52%|█████▏    | 5141/9818 [00:55<00:48, 95.81it/s]
 52%|█████▏    | 5151/9818 [00:55<00:49, 95.11it/s]
 53%|█████▎    | 5161/9818 [00:55<00:49, 93.34it/s]
 53%|█████▎    | 5171/9818 [00:55<00:49, 94.03it/s]
 53%|█████▎    | 5181/9818 [00:55<00:49, 94.30it/s]
 53%|█████▎    | 5191/9818 [00:55<00:48, 95.58it/s]
 53%|█████▎    | 5202/9818 [00:55<00:47, 97.49it/s]
 53%|█████▎    | 5212/9818 [00:56<00:47, 96.41it/s]
 53%|█████▎    | 5222/9818 [00:56<00:48, 95.49it/s]
 53%|█████▎    | 5232/9818 [00:56<00:47, 96.27it/s]
 53%|█████▎    | 5242/9818 [00:56<00:47, 95.49it/s]
 53%|█████▎    | 5252/9818 [00:56<00:47, 96.35it/s]
 54%|█████▎    | 5263/9818 [00:56<00:46, 97.70it/s]
 54%|█████▎    | 5273/9818 [00:56<00:46, 97.32it/s]
 54%|█████▍    | 5284/9818 [00:56<00:46, 97.92it/s]
 54%|█████▍    | 5294/9818 [00:56<00:46, 98.08it/s]
 54%|█████▍    | 5304/9818 [00:57<00:47, 95.11it/s]
 54%|█████▍    | 5314/9818 [00:57<00:46, 96.05it/s]
 54%|█████▍    | 5324/9818 [00:57<00:46, 96.31it/s]
 54%|█████▍    | 5334/9818 [00:57<00:46, 97.10it/s]
 54%|█████▍    | 5344/9818 [00:57<00:45, 97.85it/s]
 55%|█████▍    | 5354/9818 [00:57<00:47, 93.61it/s]
 55%|█████▍    | 5364/9818 [00:57<00:47, 94.39it/s]
 55%|█████▍    | 5374/9818 [00:57<00:46, 94.58it/s]
 55%|█████▍    | 5384/9818 [00:57<00:47, 94.29it/s]
 55%|█████▍    | 5394/9818 [00:57<00:48, 91.80it/s]
 55%|█████▌    | 5404/9818 [00:58<00:47, 93.58it/s]
 55%|█████▌    | 5414/9818 [00:58<00:46, 94.25it/s]
 55%|█████▌    | 5424/9818 [00:58<00:46, 94.44it/s]
 55%|█████▌    | 5434/9818 [00:58<00:45, 96.03it/s]
 55%|█████▌    | 5445/9818 [00:58<00:44, 97.41it/s]
 56%|█████▌    | 5455/9818 [00:58<00:45, 96.64it/s]
 56%|█████▌    | 5465/9818 [00:58<00:45, 96.24it/s]
 56%|█████▌    | 5475/9818 [00:58<00:45, 96.44it/s]
 56%|█████▌    | 5486/9818 [00:58<00:44, 98.32it/s]
 56%|█████▌    | 5496/9818 [00:59<00:44, 98.06it/s]
 56%|█████▌    | 5506/9818 [00:59<00:44, 97.60it/s]
 56%|█████▌    | 5516/9818 [00:59<00:44, 97.18it/s]
 56%|█████▋    | 5526/9818 [00:59<00:44, 95.92it/s]
 56%|█████▋    | 5536/9818 [00:59<00:45, 93.70it/s]
 56%|█████▋    | 5546/9818 [00:59<00:46, 91.42it/s]
 57%|█████▋    | 5556/9818 [00:59<00:46, 91.46it/s]
 57%|█████▋    | 5566/9818 [00:59<00:46, 92.43it/s]
 57%|█████▋    | 5576/9818 [00:59<00:45, 93.09it/s]
 57%|█████▋    | 5587/9818 [01:00<00:44, 95.44it/s]
 57%|█████▋    | 5597/9818 [01:00<00:43, 96.39it/s]
 57%|█████▋    | 5607/9818 [01:00<00:44, 95.17it/s]
 57%|█████▋    | 5617/9818 [01:00<00:43, 96.36it/s]
 57%|█████▋    | 5627/9818 [01:00<00:43, 95.64it/s]
 57%|█████▋    | 5637/9818 [01:00<00:43, 95.02it/s]
 58%|█████▊    | 5647/9818 [01:00<00:44, 92.90it/s]
 58%|█████▊    | 5657/9818 [01:00<00:44, 93.90it/s]
 58%|█████▊    | 5667/9818 [01:00<00:44, 93.71it/s]
 58%|█████▊    | 5677/9818 [01:00<00:43, 95.42it/s]
 58%|█████▊    | 5687/9818 [01:01<00:43, 95.64it/s]
 58%|█████▊    | 5697/9818 [01:01<00:43, 95.02it/s]
 58%|█████▊    | 5707/9818 [01:01<00:44, 92.51it/s]
 58%|█████▊    | 5717/9818 [01:01<00:45, 90.60it/s]
 58%|█████▊    | 5727/9818 [01:01<00:44, 91.88it/s]
 58%|█████▊    | 5737/9818 [01:01<00:44, 92.73it/s]
 59%|█████▊    | 5747/9818 [01:01<00:43, 94.05it/s]
 59%|█████▊    | 5758/9818 [01:01<00:42, 96.03it/s]
 59%|█████▊    | 5768/9818 [01:01<00:43, 92.93it/s]
 59%|█████▉    | 5778/9818 [01:02<00:43, 93.51it/s]
 59%|█████▉    | 5788/9818 [01:02<00:43, 92.66it/s]
 59%|█████▉    | 5798/9818 [01:02<00:43, 92.55it/s]
 59%|█████▉    | 5808/9818 [01:02<00:42, 93.47it/s]
 59%|█████▉    | 5818/9818 [01:02<00:42, 93.44it/s]
 59%|█████▉    | 5828/9818 [01:02<00:42, 94.69it/s]
 59%|█████▉    | 5838/9818 [01:02<00:42, 94.51it/s]
 60%|█████▉    | 5848/9818 [01:02<00:41, 95.13it/s]
 60%|█████▉    | 5858/9818 [01:02<00:41, 95.76it/s]
 60%|█████▉    | 5868/9818 [01:02<00:41, 95.54it/s]
 60%|█████▉    | 5878/9818 [01:03<00:41, 94.32it/s]
 60%|█████▉    | 5888/9818 [01:03<00:41, 94.81it/s]
 60%|██████    | 5898/9818 [01:03<00:42, 92.69it/s]
 60%|██████    | 5908/9818 [01:03<00:41, 93.26it/s]
 60%|██████    | 5919/9818 [01:03<00:40, 95.75it/s]
 60%|██████    | 5929/9818 [01:03<00:41, 94.45it/s]
 60%|██████    | 5939/9818 [01:03<00:41, 93.64it/s]
 61%|██████    | 5949/9818 [01:03<00:40, 94.90it/s]
 61%|██████    | 5959/9818 [01:03<00:40, 95.22it/s]
 61%|██████    | 5969/9818 [01:04<00:40, 95.59it/s]
 61%|██████    | 5980/9818 [01:04<00:39, 97.76it/s]
 61%|██████    | 5990/9818 [01:04<00:39, 96.29it/s]
 61%|██████    | 6001/9818 [01:04<00:38, 98.41it/s]
 61%|██████    | 6011/9818 [01:04<00:39, 97.60it/s]
 61%|██████▏   | 6021/9818 [01:04<00:39, 95.54it/s]
 61%|██████▏   | 6031/9818 [01:04<00:39, 96.14it/s]
 62%|██████▏   | 6042/9818 [01:04<00:38, 97.95it/s]
 62%|██████▏   | 6052/9818 [01:04<00:38, 97.02it/s]
 62%|██████▏   | 6063/9818 [01:05<00:38, 97.60it/s]
 62%|██████▏   | 6074/9818 [01:05<00:38, 97.99it/s]
 62%|██████▏   | 6084/9818 [01:05<00:39, 95.74it/s]
 62%|██████▏   | 6094/9818 [01:05<00:39, 94.84it/s]
 62%|██████▏   | 6104/9818 [01:05<00:39, 93.78it/s]
 62%|██████▏   | 6114/9818 [01:05<00:39, 94.52it/s]
 62%|██████▏   | 6124/9818 [01:05<00:38, 95.85it/s]
 62%|██████▏   | 6134/9818 [01:05<00:38, 96.11it/s]
 63%|██████▎   | 6144/9818 [01:05<00:38, 95.44it/s]
 63%|██████▎   | 6155/9818 [01:05<00:37, 97.61it/s]
 63%|██████▎   | 6165/9818 [01:06<00:38, 94.93it/s]
 63%|██████▎   | 6175/9818 [01:06<00:38, 95.65it/s]
 63%|██████▎   | 6185/9818 [01:06<00:37, 96.49it/s]
 63%|██████▎   | 6195/9818 [01:06<00:38, 94.63it/s]
 63%|██████▎   | 6205/9818 [01:06<00:38, 94.15it/s]
 63%|██████▎   | 6215/9818 [01:06<00:38, 94.81it/s]
 63%|██████▎   | 6225/9818 [01:06<00:37, 95.76it/s]
 64%|██████▎   | 6235/9818 [01:06<00:37, 94.34it/s]
 64%|██████▎   | 6245/9818 [01:06<00:37, 95.52it/s]
 64%|██████▎   | 6256/9818 [01:07<00:36, 97.17it/s]
 64%|██████▍   | 6266/9818 [01:07<00:36, 96.52it/s]
 64%|██████▍   | 6276/9818 [01:07<00:37, 93.66it/s]
 64%|██████▍   | 6286/9818 [01:07<00:37, 93.37it/s]
 64%|██████▍   | 6296/9818 [01:07<00:38, 91.44it/s]
 64%|██████▍   | 6306/9818 [01:07<00:38, 92.04it/s]
 64%|██████▍   | 6316/9818 [01:07<00:37, 93.42it/s]
 64%|██████▍   | 6326/9818 [01:07<00:36, 94.58it/s]
 65%|██████▍   | 6337/9818 [01:07<00:35, 97.53it/s]
 65%|██████▍   | 6347/9818 [01:08<00:36, 95.73it/s]
 65%|██████▍   | 6357/9818 [01:08<00:36, 95.33it/s]
 65%|██████▍   | 6367/9818 [01:08<00:36, 95.63it/s]
 65%|██████▍   | 6377/9818 [01:08<00:36, 95.01it/s]
 65%|██████▌   | 6387/9818 [01:08<00:35, 95.50it/s]
 65%|██████▌   | 6397/9818 [01:08<00:36, 94.45it/s]
 65%|██████▌   | 6407/9818 [01:08<00:36, 93.65it/s]
 65%|██████▌   | 6417/9818 [01:08<00:36, 93.53it/s]
 65%|██████▌   | 6428/9818 [01:08<00:35, 95.63it/s]
 66%|██████▌   | 6438/9818 [01:08<00:34, 96.71it/s]
 66%|██████▌   | 6448/9818 [01:09<00:34, 97.07it/s]
 66%|██████▌   | 6459/9818 [01:09<00:33, 99.18it/s]
 66%|██████▌   | 6470/9818 [01:09<00:33, 99.81it/s]
 66%|██████▌   | 6480/9818 [01:09<00:35, 95.30it/s]
 66%|██████▌   | 6490/9818 [01:09<00:34, 95.55it/s]
 66%|██████▌   | 6500/9818 [01:09<00:34, 95.57it/s]
 66%|██████▋   | 6511/9818 [01:09<00:33, 97.39it/s]
 66%|██████▋   | 6521/9818 [01:09<00:33, 97.41it/s]
 67%|██████▋   | 6531/9818 [01:09<00:33, 96.79it/s]
 67%|██████▋   | 6541/9818 [01:10<00:34, 96.02it/s]
 67%|██████▋   | 6551/9818 [01:10<00:34, 95.60it/s]
 67%|██████▋   | 6561/9818 [01:10<00:34, 94.82it/s]
 67%|██████▋   | 6571/9818 [01:10<00:34, 93.60it/s]
 67%|██████▋   | 6581/9818 [01:10<00:35, 92.48it/s]
 67%|██████▋   | 6591/9818 [01:10<00:34, 94.07it/s]
 67%|██████▋   | 6601/9818 [01:10<00:34, 93.91it/s]
 67%|██████▋   | 6611/9818 [01:10<00:34, 93.66it/s]
 67%|██████▋   | 6621/9818 [01:10<00:33, 94.37it/s]
 68%|██████▊   | 6631/9818 [01:10<00:33, 93.90it/s]
 68%|██████▊   | 6641/9818 [01:11<00:33, 93.77it/s]
 68%|██████▊   | 6652/9818 [01:11<00:32, 96.08it/s]
 68%|██████▊   | 6662/9818 [01:11<00:34, 92.81it/s]
 68%|██████▊   | 6672/9818 [01:11<00:33, 94.75it/s]
 68%|██████▊   | 6682/9818 [01:11<00:32, 95.27it/s]
 68%|██████▊   | 6692/9818 [01:11<00:33, 94.51it/s]
 68%|██████▊   | 6703/9818 [01:11<00:32, 96.35it/s]
 68%|██████▊   | 6713/9818 [01:11<00:32, 95.62it/s]
 68%|██████▊   | 6723/9818 [01:11<00:32, 94.80it/s]
 69%|██████▊   | 6733/9818 [01:12<00:32, 95.61it/s]
 69%|██████▊   | 6743/9818 [01:12<00:32, 96.05it/s]
 69%|██████▉   | 6753/9818 [01:12<00:32, 95.26it/s]
 69%|██████▉   | 6763/9818 [01:12<00:33, 91.95it/s]
 69%|██████▉   | 6773/9818 [01:12<00:32, 92.36it/s]
 69%|██████▉   | 6783/9818 [01:12<00:32, 92.47it/s]
 69%|██████▉   | 6793/9818 [01:12<00:34, 88.58it/s]
 69%|██████▉   | 6803/9818 [01:12<00:33, 91.17it/s]
 69%|██████▉   | 6813/9818 [01:12<00:32, 93.55it/s]
 70%|██████▉   | 6824/9818 [01:13<00:31, 95.83it/s]
 70%|██████▉   | 6834/9818 [01:13<00:30, 96.83it/s]
 70%|██████▉   | 6844/9818 [01:13<00:30, 96.63it/s]
 70%|██████▉   | 6854/9818 [01:13<00:31, 95.10it/s]
 70%|██████▉   | 6865/9818 [01:13<00:30, 96.66it/s]
 70%|███████   | 6875/9818 [01:13<00:30, 95.77it/s]
 70%|███████   | 6885/9818 [01:13<00:32, 91.30it/s]
 70%|███████   | 6895/9818 [01:13<00:32, 91.09it/s]
 70%|███████   | 6905/9818 [01:13<00:31, 92.42it/s]
 70%|███████   | 6915/9818 [01:14<00:31, 92.51it/s]
 71%|███████   | 6925/9818 [01:14<00:31, 93.13it/s]
 71%|███████   | 6935/9818 [01:14<00:30, 93.71it/s]
 71%|███████   | 6945/9818 [01:14<00:30, 93.70it/s]
 71%|███████   | 6955/9818 [01:14<00:30, 92.73it/s]
 71%|███████   | 6965/9818 [01:14<00:30, 93.05it/s]
 71%|███████   | 6975/9818 [01:14<00:30, 94.38it/s]
 71%|███████   | 6985/9818 [01:14<00:29, 95.36it/s]
 71%|███████   | 6995/9818 [01:14<00:29, 96.58it/s]
 71%|███████▏  | 7005/9818 [01:14<00:29, 94.10it/s]
 71%|███████▏  | 7015/9818 [01:15<00:29, 94.78it/s]
 72%|███████▏  | 7025/9818 [01:15<00:29, 93.70it/s]
 72%|███████▏  | 7035/9818 [01:15<00:29, 94.38it/s]
 72%|███████▏  | 7045/9818 [01:15<00:29, 93.26it/s]
 72%|███████▏  | 7055/9818 [01:15<00:29, 93.01it/s]
 72%|███████▏  | 7065/9818 [01:15<00:29, 92.59it/s]
 72%|███████▏  | 7075/9818 [01:15<00:30, 91.20it/s]
 72%|███████▏  | 7085/9818 [01:15<00:30, 89.57it/s]
 72%|███████▏  | 7095/9818 [01:15<00:29, 91.09it/s]
 72%|███████▏  | 7105/9818 [01:16<00:29, 91.82it/s]
 72%|███████▏  | 7115/9818 [01:16<00:29, 93.14it/s]
 73%|███████▎  | 7125/9818 [01:16<00:28, 93.02it/s]
 73%|███████▎  | 7135/9818 [01:16<00:28, 93.61it/s]
 73%|███████▎  | 7145/9818 [01:16<00:28, 93.34it/s]
 73%|███████▎  | 7156/9818 [01:16<00:28, 94.41it/s]
 73%|███████▎  | 7166/9818 [01:16<00:27, 94.94it/s]
 73%|███████▎  | 7176/9818 [01:16<00:27, 95.50it/s]
 73%|███████▎  | 7187/9818 [01:16<00:27, 97.33it/s]
 73%|███████▎  | 7198/9818 [01:17<00:26, 98.17it/s]
 73%|███████▎  | 7208/9818 [01:17<00:26, 97.51it/s]
 74%|███████▎  | 7218/9818 [01:17<00:26, 98.11it/s]
 74%|███████▎  | 7228/9818 [01:17<00:26, 97.04it/s]
 74%|███████▎  | 7239/9818 [01:17<00:26, 98.45it/s]
 74%|███████▍  | 7249/9818 [01:17<00:27, 94.46it/s]
 74%|███████▍  | 7259/9818 [01:17<00:27, 93.08it/s]
 74%|███████▍  | 7269/9818 [01:17<00:27, 93.87it/s]
 74%|███████▍  | 7279/9818 [01:17<00:27, 93.54it/s]
 74%|███████▍  | 7289/9818 [01:17<00:26, 94.43it/s]
 74%|███████▍  | 7299/9818 [01:18<00:26, 94.15it/s]
 74%|███████▍  | 7309/9818 [01:18<00:26, 95.09it/s]
 75%|███████▍  | 7319/9818 [01:18<00:26, 94.08it/s]
 75%|███████▍  | 7329/9818 [01:18<00:26, 94.18it/s]
 75%|███████▍  | 7339/9818 [01:18<00:25, 95.61it/s]
 75%|███████▍  | 7349/9818 [01:18<00:25, 95.81it/s]
 75%|███████▍  | 7359/9818 [01:18<00:25, 96.02it/s]
 75%|███████▌  | 7369/9818 [01:18<00:25, 96.59it/s]
 75%|███████▌  | 7379/9818 [01:18<00:26, 92.95it/s]
 75%|███████▌  | 7389/9818 [01:19<00:25, 94.27it/s]
 75%|███████▌  | 7399/9818 [01:19<00:25, 95.30it/s]
 75%|███████▌  | 7409/9818 [01:19<00:25, 95.92it/s]
 76%|███████▌  | 7419/9818 [01:19<00:25, 95.42it/s]
 76%|███████▌  | 7429/9818 [01:19<00:25, 94.47it/s]
 76%|███████▌  | 7440/9818 [01:19<00:24, 96.25it/s]
 76%|███████▌  | 7450/9818 [01:19<00:25, 91.15it/s]
 76%|███████▌  | 7460/9818 [01:19<00:25, 92.41it/s]
 76%|███████▌  | 7470/9818 [01:19<00:25, 92.20it/s]
 76%|███████▌  | 7480/9818 [01:20<00:24, 93.63it/s]
 76%|███████▋  | 7490/9818 [01:20<00:24, 93.61it/s]
 76%|███████▋  | 7500/9818 [01:20<00:24, 93.86it/s]
 76%|███████▋  | 7510/9818 [01:20<00:24, 93.48it/s]
 77%|███████▋  | 7520/9818 [01:20<00:24, 93.85it/s]
 77%|███████▋  | 7530/9818 [01:20<00:24, 94.54it/s]
 77%|███████▋  | 7540/9818 [01:20<00:23, 95.37it/s]
 77%|███████▋  | 7550/9818 [01:20<00:23, 95.31it/s]
 77%|███████▋  | 7561/9818 [01:20<00:23, 97.10it/s]
 77%|███████▋  | 7571/9818 [01:20<00:22, 97.89it/s]
 77%|███████▋  | 7581/9818 [01:21<00:23, 96.02it/s]
 77%|███████▋  | 7591/9818 [01:21<00:23, 96.78it/s]
 77%|███████▋  | 7601/9818 [01:21<00:23, 95.76it/s]
 78%|███████▊  | 7611/9818 [01:21<00:23, 95.24it/s]
 78%|███████▊  | 7621/9818 [01:21<00:23, 94.88it/s]
 78%|███████▊  | 7631/9818 [01:21<00:23, 94.80it/s]
 78%|███████▊  | 7641/9818 [01:21<00:23, 94.25it/s]
 78%|███████▊  | 7651/9818 [01:21<00:23, 91.93it/s]
 78%|███████▊  | 7661/9818 [01:21<00:23, 92.08it/s]
 78%|███████▊  | 7671/9818 [01:22<00:23, 91.79it/s]
 78%|███████▊  | 7681/9818 [01:22<00:22, 94.07it/s]
 78%|███████▊  | 7691/9818 [01:22<00:22, 95.73it/s]
 78%|███████▊  | 7701/9818 [01:22<00:21, 96.31it/s]
 79%|███████▊  | 7712/9818 [01:22<00:21, 97.92it/s]
 79%|███████▊  | 7722/9818 [01:22<00:21, 97.62it/s]
 79%|███████▉  | 7732/9818 [01:22<00:21, 95.83it/s]
 79%|███████▉  | 7742/9818 [01:22<00:21, 96.45it/s]
 79%|███████▉  | 7752/9818 [01:22<00:21, 94.70it/s]
 79%|███████▉  | 7763/9818 [01:22<00:21, 96.73it/s]
 79%|███████▉  | 7773/9818 [01:23<00:21, 96.07it/s]
 79%|███████▉  | 7783/9818 [01:23<00:21, 95.32it/s]
 79%|███████▉  | 7793/9818 [01:23<00:21, 96.34it/s]
 79%|███████▉  | 7803/9818 [01:23<00:21, 93.79it/s]
 80%|███████▉  | 7813/9818 [01:23<00:21, 93.45it/s]
 80%|███████▉  | 7823/9818 [01:23<00:21, 94.42it/s]
 80%|███████▉  | 7833/9818 [01:23<00:21, 92.78it/s]
 80%|███████▉  | 7843/9818 [01:23<00:21, 93.91it/s]
 80%|███████▉  | 7853/9818 [01:23<00:20, 95.12it/s]
 80%|████████  | 7863/9818 [01:24<00:20, 96.35it/s]
 80%|████████  | 7873/9818 [01:24<00:20, 94.31it/s]
 80%|████████  | 7883/9818 [01:24<00:20, 94.24it/s]
 80%|████████  | 7893/9818 [01:24<00:20, 95.85it/s]
 80%|████████  | 7903/9818 [01:24<00:20, 95.15it/s]
 81%|████████  | 7913/9818 [01:24<00:19, 95.73it/s]
 81%|████████  | 7924/9818 [01:24<00:19, 96.76it/s]
 81%|████████  | 7934/9818 [01:24<00:19, 96.07it/s]
 81%|████████  | 7944/9818 [01:24<00:19, 95.34it/s]
 81%|████████  | 7954/9818 [01:24<00:19, 96.59it/s]
 81%|████████  | 7964/9818 [01:25<00:19, 96.73it/s]
 81%|████████  | 7974/9818 [01:25<00:19, 95.40it/s]
 81%|████████▏ | 7984/9818 [01:25<00:19, 93.95it/s]
 81%|████████▏ | 7994/9818 [01:25<00:20, 89.71it/s]
 82%|████████▏ | 8005/9818 [01:25<00:19, 93.54it/s]
 82%|████████▏ | 8015/9818 [01:25<00:19, 93.32it/s]
 82%|████████▏ | 8025/9818 [01:25<00:19, 94.28it/s]
 82%|████████▏ | 8035/9818 [01:25<00:19, 90.94it/s]
 82%|████████▏ | 8045/9818 [01:25<00:19, 91.81it/s]
 82%|████████▏ | 8055/9818 [01:26<00:18, 93.69it/s]
 82%|████████▏ | 8065/9818 [01:26<00:18, 93.02it/s]
 82%|████████▏ | 8075/9818 [01:26<00:18, 94.45it/s]
 82%|████████▏ | 8085/9818 [01:26<00:18, 94.11it/s]
 82%|████████▏ | 8095/9818 [01:26<00:18, 92.42it/s]
 83%|████████▎ | 8105/9818 [01:26<00:18, 93.97it/s]
 83%|████████▎ | 8115/9818 [01:26<00:18, 94.08it/s]
 83%|████████▎ | 8125/9818 [01:26<00:18, 92.40it/s]
 83%|████████▎ | 8135/9818 [01:26<00:18, 93.19it/s]
 83%|████████▎ | 8145/9818 [01:27<00:17, 94.15it/s]
 83%|████████▎ | 8155/9818 [01:27<00:17, 94.54it/s]
 83%|████████▎ | 8165/9818 [01:27<00:17, 93.71it/s]
 83%|████████▎ | 8175/9818 [01:27<00:17, 91.77it/s]
 83%|████████▎ | 8186/9818 [01:27<00:17, 94.28it/s]
 83%|████████▎ | 8196/9818 [01:27<00:17, 94.45it/s]
 84%|████████▎ | 8206/9818 [01:27<00:17, 93.83it/s]
 84%|████████▎ | 8216/9818 [01:27<00:17, 93.92it/s]
 84%|████████▍ | 8226/9818 [01:27<00:16, 94.94it/s]
 84%|████████▍ | 8236/9818 [01:27<00:16, 93.75it/s]
 84%|████████▍ | 8246/9818 [01:28<00:16, 94.88it/s]
 84%|████████▍ | 8256/9818 [01:28<00:17, 90.72it/s]
 84%|████████▍ | 8266/9818 [01:28<00:17, 90.64it/s]
 84%|████████▍ | 8276/9818 [01:28<00:16, 91.55it/s]
 84%|████████▍ | 8286/9818 [01:28<00:16, 92.28it/s]
 84%|████████▍ | 8296/9818 [01:28<00:16, 89.85it/s]
 85%|████████▍ | 8306/9818 [01:28<00:16, 91.51it/s]
 85%|████████▍ | 8317/9818 [01:28<00:16, 92.73it/s]
 85%|████████▍ | 8327/9818 [01:28<00:15, 94.06it/s]
 85%|████████▍ | 8338/9818 [01:29<00:15, 95.93it/s]
 85%|████████▌ | 8348/9818 [01:29<00:15, 94.87it/s]
 85%|████████▌ | 8358/9818 [01:29<00:15, 94.16it/s]
 85%|████████▌ | 8368/9818 [01:29<00:15, 93.14it/s]
 85%|████████▌ | 8378/9818 [01:29<00:15, 93.53it/s]
 85%|████████▌ | 8388/9818 [01:29<00:15, 94.40it/s]
 86%|████████▌ | 8398/9818 [01:29<00:14, 95.79it/s]
 86%|████████▌ | 8408/9818 [01:29<00:14, 95.50it/s]
 86%|████████▌ | 8418/9818 [01:29<00:15, 93.02it/s]
 86%|████████▌ | 8428/9818 [01:30<00:14, 93.53it/s]
 86%|████████▌ | 8439/9818 [01:30<00:14, 95.21it/s]
 86%|████████▌ | 8449/9818 [01:30<00:14, 95.55it/s]
 86%|████████▌ | 8459/9818 [01:30<00:14, 96.30it/s]
 86%|████████▋ | 8469/9818 [01:30<00:13, 96.87it/s]
 86%|████████▋ | 8479/9818 [01:30<00:14, 95.64it/s]
 86%|████████▋ | 8489/9818 [01:30<00:13, 95.10it/s]
 87%|████████▋ | 8499/9818 [01:30<00:13, 96.04it/s]
 87%|████████▋ | 8509/9818 [01:30<00:13, 95.93it/s]
 87%|████████▋ | 8519/9818 [01:31<00:13, 95.47it/s]
 87%|████████▋ | 8530/9818 [01:31<00:13, 96.58it/s]
 87%|████████▋ | 8540/9818 [01:31<00:13, 96.83it/s]
 87%|████████▋ | 8550/9818 [01:31<00:13, 94.25it/s]
 87%|████████▋ | 8560/9818 [01:31<00:13, 95.16it/s]
 87%|████████▋ | 8570/9818 [01:31<00:13, 92.41it/s]
 87%|████████▋ | 8580/9818 [01:31<00:13, 93.20it/s]
 87%|████████▋ | 8590/9818 [01:31<00:13, 94.12it/s]
 88%|████████▊ | 8600/9818 [01:31<00:12, 94.73it/s]
 88%|████████▊ | 8610/9818 [01:31<00:12, 94.09it/s]
 88%|████████▊ | 8620/9818 [01:32<00:12, 94.65it/s]
 88%|████████▊ | 8630/9818 [01:32<00:12, 95.38it/s]
 88%|████████▊ | 8640/9818 [01:32<00:12, 94.32it/s]
 88%|████████▊ | 8650/9818 [01:32<00:12, 94.51it/s]
 88%|████████▊ | 8660/9818 [01:32<00:12, 92.17it/s]
 88%|████████▊ | 8671/9818 [01:32<00:12, 94.33it/s]
 88%|████████▊ | 8681/9818 [01:32<00:12, 94.11it/s]
 89%|████████▊ | 8691/9818 [01:32<00:11, 95.35it/s]
 89%|████████▊ | 8701/9818 [01:32<00:11, 95.41it/s]
 89%|████████▊ | 8712/9818 [01:33<00:11, 97.51it/s]
 89%|████████▉ | 8722/9818 [01:33<00:11, 97.92it/s]
 89%|████████▉ | 8732/9818 [01:33<00:11, 97.15it/s]
 89%|████████▉ | 8742/9818 [01:33<00:11, 96.24it/s]
 89%|████████▉ | 8752/9818 [01:33<00:11, 95.94it/s]
 89%|████████▉ | 8762/9818 [01:33<00:11, 94.10it/s]
 89%|████████▉ | 8773/9818 [01:33<00:10, 96.08it/s]
 89%|████████▉ | 8783/9818 [01:33<00:10, 96.57it/s]
 90%|████████▉ | 8793/9818 [01:33<00:10, 96.24it/s]
 90%|████████▉ | 8803/9818 [01:33<00:10, 92.62it/s]
 90%|████████▉ | 8813/9818 [01:34<00:10, 93.05it/s]
 90%|████████▉ | 8823/9818 [01:34<00:10, 93.04it/s]
 90%|████████▉ | 8833/9818 [01:34<00:10, 90.83it/s]
 90%|█████████ | 8843/9818 [01:34<00:10, 93.34it/s]
 90%|█████████ | 8853/9818 [01:34<00:10, 94.67it/s]
 90%|█████████ | 8863/9818 [01:34<00:10, 92.79it/s]
 90%|█████████ | 8873/9818 [01:34<00:10, 94.01it/s]
 90%|█████████ | 8883/9818 [01:34<00:09, 94.83it/s]
 91%|█████████ | 8893/9818 [01:34<00:09, 95.24it/s]
 91%|█████████ | 8903/9818 [01:35<00:09, 95.30it/s]
 91%|█████████ | 8913/9818 [01:35<00:09, 92.80it/s]
 91%|█████████ | 8923/9818 [01:35<00:09, 93.53it/s]
 91%|█████████ | 8933/9818 [01:35<00:09, 94.70it/s]
 91%|█████████ | 8943/9818 [01:35<00:09, 95.20it/s]
 91%|█████████ | 8953/9818 [01:35<00:09, 94.49it/s]
 91%|█████████▏| 8963/9818 [01:35<00:09, 93.26it/s]
 91%|█████████▏| 8973/9818 [01:35<00:08, 94.87it/s]
 91%|█████████▏| 8983/9818 [01:35<00:09, 89.19it/s]
 92%|█████████▏| 8993/9818 [01:36<00:09, 90.66it/s]
 92%|█████████▏| 9003/9818 [01:36<00:09, 88.76it/s]
 92%|█████████▏| 9013/9818 [01:36<00:08, 91.22it/s]
 92%|█████████▏| 9023/9818 [01:36<00:08, 92.21it/s]
 92%|█████████▏| 9034/9818 [01:36<00:08, 94.68it/s]
 92%|█████████▏| 9044/9818 [01:36<00:08, 95.96it/s]
 92%|█████████▏| 9054/9818 [01:36<00:08, 94.42it/s]
 92%|█████████▏| 9064/9818 [01:36<00:07, 94.99it/s]
 92%|█████████▏| 9074/9818 [01:36<00:07, 94.68it/s]
 93%|█████████▎| 9084/9818 [01:36<00:07, 95.54it/s]
 93%|█████████▎| 9094/9818 [01:37<00:07, 94.04it/s]
 93%|█████████▎| 9104/9818 [01:37<00:07, 95.06it/s]
 93%|█████████▎| 9114/9818 [01:37<00:07, 94.75it/s]
 93%|█████████▎| 9124/9818 [01:37<00:07, 96.14it/s]
 93%|█████████▎| 9134/9818 [01:37<00:07, 96.45it/s]
 93%|█████████▎| 9144/9818 [01:37<00:07, 95.80it/s]
 93%|█████████▎| 9154/9818 [01:37<00:06, 95.06it/s]
 93%|█████████▎| 9164/9818 [01:37<00:06, 96.11it/s]
 93%|█████████▎| 9174/9818 [01:37<00:06, 97.14it/s]
 94%|█████████▎| 9184/9818 [01:38<00:06, 97.04it/s]
 94%|█████████▎| 9194/9818 [01:38<00:06, 97.34it/s]
 94%|█████████▎| 9204/9818 [01:38<00:06, 98.00it/s]
 94%|█████████▍| 9214/9818 [01:38<00:06, 98.08it/s]
 94%|█████████▍| 9224/9818 [01:38<00:06, 97.29it/s]
 94%|█████████▍| 9234/9818 [01:38<00:06, 95.40it/s]
 94%|█████████▍| 9244/9818 [01:38<00:06, 95.06it/s]
 94%|█████████▍| 9254/9818 [01:38<00:05, 95.83it/s]
 94%|█████████▍| 9264/9818 [01:38<00:05, 93.96it/s]
 94%|█████████▍| 9274/9818 [01:38<00:05, 94.05it/s]
 95%|█████████▍| 9284/9818 [01:39<00:05, 93.14it/s]
 95%|█████████▍| 9294/9818 [01:39<00:05, 91.64it/s]
 95%|█████████▍| 9304/9818 [01:39<00:05, 93.41it/s]
 95%|█████████▍| 9314/9818 [01:39<00:05, 94.26it/s]
 95%|█████████▍| 9324/9818 [01:39<00:05, 95.36it/s]
 95%|█████████▌| 9334/9818 [01:39<00:05, 94.58it/s]
 95%|█████████▌| 9344/9818 [01:39<00:04, 96.01it/s]
 95%|█████████▌| 9354/9818 [01:39<00:04, 94.45it/s]
 95%|█████████▌| 9364/9818 [01:39<00:04, 93.70it/s]
 95%|█████████▌| 9374/9818 [01:40<00:04, 92.80it/s]
 96%|█████████▌| 9384/9818 [01:40<00:04, 93.33it/s]
 96%|█████████▌| 9394/9818 [01:40<00:04, 94.76it/s]
 96%|█████████▌| 9404/9818 [01:40<00:04, 95.80it/s]
 96%|█████████▌| 9414/9818 [01:40<00:04, 96.34it/s]
 96%|█████████▌| 9424/9818 [01:40<00:04, 93.75it/s]
 96%|█████████▌| 9434/9818 [01:40<00:04, 94.67it/s]
 96%|█████████▌| 9444/9818 [01:40<00:03, 95.19it/s]
 96%|█████████▋| 9454/9818 [01:40<00:03, 93.45it/s]
 96%|█████████▋| 9464/9818 [01:40<00:03, 93.95it/s]
 96%|█████████▋| 9474/9818 [01:41<00:03, 93.20it/s]
 97%|█████████▋| 9484/9818 [01:41<00:03, 92.30it/s]
 97%|█████████▋| 9494/9818 [01:41<00:03, 92.22it/s]
 97%|█████████▋| 9504/9818 [01:41<00:03, 92.46it/s]
 97%|█████████▋| 9515/9818 [01:41<00:03, 95.28it/s]
 97%|█████████▋| 9525/9818 [01:41<00:03, 96.14it/s]
 97%|█████████▋| 9535/9818 [01:41<00:02, 95.50it/s]
 97%|█████████▋| 9545/9818 [01:41<00:02, 94.30it/s]
 97%|█████████▋| 9555/9818 [01:41<00:02, 95.31it/s]
 97%|█████████▋| 9565/9818 [01:42<00:02, 95.79it/s]
 98%|█████████▊| 9575/9818 [01:42<00:02, 96.64it/s]
 98%|█████████▊| 9585/9818 [01:42<00:02, 92.44it/s]
 98%|█████████▊| 9595/9818 [01:42<00:02, 90.73it/s]
 98%|█████████▊| 9605/9818 [01:42<00:02, 91.46it/s]
 98%|█████████▊| 9616/9818 [01:42<00:02, 94.65it/s]
 98%|█████████▊| 9626/9818 [01:42<00:02, 93.94it/s]
 98%|█████████▊| 9637/9818 [01:42<00:01, 95.90it/s]
 98%|█████████▊| 9647/9818 [01:42<00:01, 94.43it/s]
 98%|█████████▊| 9657/9818 [01:43<00:01, 92.46it/s]
 98%|█████████▊| 9668/9818 [01:43<00:01, 94.94it/s]
 99%|█████████▊| 9678/9818 [01:43<00:01, 95.12it/s]
 99%|█████████▊| 9688/9818 [01:43<00:01, 95.52it/s]
 99%|█████████▉| 9698/9818 [01:43<00:01, 94.73it/s]
 99%|█████████▉| 9708/9818 [01:43<00:01, 93.73it/s]
 99%|█████████▉| 9718/9818 [01:43<00:01, 91.45it/s]
 99%|█████████▉| 9728/9818 [01:43<00:00, 93.72it/s]
 99%|█████████▉| 9738/9818 [01:43<00:00, 93.74it/s]
 99%|█████████▉| 9748/9818 [01:44<00:00, 92.90it/s]
 99%|█████████▉| 9758/9818 [01:44<00:00, 91.87it/s]
 99%|█████████▉| 9768/9818 [01:44<00:00, 92.52it/s]
100%|█████████▉| 9778/9818 [01:44<00:00, 93.42it/s]
100%|█████████▉| 9788/9818 [01:44<00:00, 93.76it/s]
100%|█████████▉| 9798/9818 [01:44<00:00, 94.27it/s]
100%|█████████▉| 9808/9818 [01:44<00:00, 93.96it/s]
100%|██████████| 9818/9818 [01:44<00:00, 94.66it/s]/home/jy03364/.conda/envs/ciao/lib/python3.12/site-packages/transformers/data/metrics/__init__.py:61: FutureWarning: This metric will be removed from the library soon, metrics should be handled with the 🤗 Evaluate library. You can have a look at this example script for pointers: https://github.com/huggingface/transformers/blob/main/examples/pytorch/text-classification/run_glue.py
  warnings.warn(DEPRECATION_WARNING, FutureWarning)
/home/jy03364/.conda/envs/ciao/lib/python3.12/site-packages/transformers/data/metrics/__init__.py:31: FutureWarning: This metric will be removed from the library soon, metrics should be handled with the 🤗 Evaluate library. You can have a look at this example script for pointers: https://github.com/huggingface/transformers/blob/main/examples/pytorch/text-classification/run_glue.py
  warnings.warn(DEPRECATION_WARNING, FutureWarning)
INFO:src.trainer:{'eval_loss': 1.1921855211257935, 'eval_mnli/acc': 0.3370511841100076}
INFO:__main__:***** Eval results mnli *****
INFO:__main__:  eval_loss = 1.1921855211257935
INFO:__main__:  eval_mnli/acc = 0.3370511841100076

9828it [01:44, 92.56it/s]                          
9838it [01:44, 91.90it/s]
9849it [01:45, 94.88it/s]
9860it [01:45, 96.94it/s]
9870it [01:45, 95.08it/s]
9881it [01:45, 96.32it/s]
9891it [01:45, 97.30it/s]
9901it [01:45, 97.46it/s]
9911it [01:45, 96.51it/s]
9921it [01:45, 95.13it/s]
9931it [01:45, 93.94it/s]
9941it [01:46, 94.26it/s]
9952it [01:46, 96.46it/s]
9962it [01:46, 95.45it/s]
9972it [01:46, 95.92it/s]
9982it [01:46, 94.78it/s]
9992it [01:46, 95.34it/s]
10002it [01:46, 96.11it/s]
10013it [01:46, 97.42it/s]
10023it [01:46, 97.32it/s]
10033it [01:47, 97.50it/s]
10043it [01:47, 97.88it/s]
10053it [01:47, 96.92it/s]
10063it [01:47, 96.92it/s]
10074it [01:47, 98.63it/s]
10084it [01:47, 98.15it/s]
10094it [01:47, 95.70it/s]
10104it [01:47, 95.49it/s]
10114it [01:47, 95.59it/s]
10124it [01:47, 96.75it/s]
10134it [01:48, 96.35it/s]
10144it [01:48, 95.55it/s]
10154it [01:48, 94.28it/s]
10164it [01:48, 95.09it/s]
10174it [01:48, 96.14it/s]
10184it [01:48, 96.14it/s]
10194it [01:48, 94.28it/s]
10204it [01:48, 93.98it/s]
10214it [01:48, 95.35it/s]
10225it [01:49, 97.35it/s]
10235it [01:49, 94.72it/s]
10245it [01:49, 94.59it/s]
10255it [01:49, 92.95it/s]
10265it [01:49, 93.53it/s]
10275it [01:49, 94.74it/s]
10285it [01:49, 94.87it/s]
10295it [01:49, 95.38it/s]
10305it [01:49, 96.14it/s]
10315it [01:49, 94.62it/s]
10325it [01:50, 93.89it/s]
10335it [01:50, 93.65it/s]
10345it [01:50, 94.01it/s]
10356it [01:50, 96.03it/s]
10366it [01:50, 95.76it/s]
10377it [01:50, 97.56it/s]
10387it [01:50, 96.89it/s]
10397it [01:50, 97.69it/s]
10407it [01:50, 96.86it/s]
10417it [01:51, 95.86it/s]
10428it [01:51, 97.23it/s]
10438it [01:51, 97.02it/s]
10448it [01:51, 95.69it/s]
10458it [01:51, 95.19it/s]
10468it [01:51, 96.00it/s]
10478it [01:51, 93.83it/s]
10488it [01:51, 92.78it/s]
10498it [01:51, 94.30it/s]
10508it [01:51, 95.83it/s]
10518it [01:52, 94.39it/s]
10528it [01:52, 95.61it/s]
10538it [01:52, 94.83it/s]
10548it [01:52, 95.92it/s]
10559it [01:52, 97.74it/s]
10569it [01:52, 96.82it/s]
10579it [01:52, 94.78it/s]
10589it [01:52, 96.12it/s]
10599it [01:52, 96.64it/s]
10609it [01:53, 95.85it/s]
10619it [01:53, 95.28it/s]
10629it [01:53, 96.50it/s]
10639it [01:53, 95.66it/s]
10649it [01:53, 95.02it/s]
10659it [01:53, 94.99it/s]
10669it [01:53, 94.46it/s]
10679it [01:53, 94.19it/s]
10689it [01:53, 92.06it/s]
10699it [01:53, 92.93it/s]
10710it [01:54, 94.76it/s]
10720it [01:54, 94.21it/s]
10730it [01:54, 95.47it/s]
10740it [01:54, 96.35it/s]
10750it [01:54, 96.36it/s]
10760it [01:54, 96.35it/s]
10770it [01:54, 97.04it/s]
10780it [01:54, 95.74it/s]
10790it [01:54, 95.22it/s]
10800it [01:55, 94.71it/s]
10811it [01:55, 96.77it/s]
10821it [01:55, 96.17it/s]
10831it [01:55, 94.70it/s]
10841it [01:55, 95.10it/s]
10851it [01:55, 94.44it/s]
10862it [01:55, 96.23it/s]
10872it [01:55, 95.77it/s]
10882it [01:55, 95.54it/s]
10892it [01:56, 94.36it/s]
10902it [01:56, 94.65it/s]
10912it [01:56, 95.57it/s]
10922it [01:56, 93.81it/s]
10932it [01:56, 95.05it/s]
10942it [01:56, 95.13it/s]
10952it [01:56, 95.67it/s]
10962it [01:56, 96.37it/s]
10972it [01:56, 93.46it/s]
10982it [01:56, 90.82it/s]
10993it [01:57, 93.65it/s]
11003it [01:57, 92.95it/s]
11013it [01:57, 94.60it/s]
11023it [01:57, 93.34it/s]
11033it [01:57, 93.89it/s]
11043it [01:57, 94.17it/s]
11053it [01:57, 93.48it/s]
11064it [01:57, 95.62it/s]
11075it [01:57, 96.97it/s]
11085it [01:58, 95.47it/s]
11095it [01:58, 94.06it/s]
11105it [01:58, 94.35it/s]
11115it [01:58, 95.59it/s]
11126it [01:58, 97.21it/s]
11136it [01:58, 97.63it/s]
11146it [01:58, 94.59it/s]
11156it [01:58, 95.14it/s]
11167it [01:58, 96.84it/s]
11177it [01:59, 96.34it/s]
11188it [01:59, 97.28it/s]
11199it [01:59, 97.82it/s]
11209it [01:59, 94.66it/s]
11219it [01:59, 93.17it/s]
11229it [01:59, 94.49it/s]
11239it [01:59, 95.32it/s]
11249it [01:59, 92.51it/s]
11259it [01:59, 92.64it/s]
11269it [01:59, 94.18it/s]
11279it [02:00, 95.27it/s]
11289it [02:00, 96.49it/s]
11299it [02:00, 96.89it/s]
11309it [02:00, 97.55it/s]
11319it [02:00, 95.21it/s]
11330it [02:00, 96.87it/s]
11340it [02:00, 96.80it/s]
11350it [02:00, 96.91it/s]
11360it [02:00, 96.59it/s]
11370it [02:01, 95.80it/s]
11380it [02:01, 94.50it/s]
11391it [02:01, 96.33it/s]
11401it [02:01, 95.77it/s]
11411it [02:01, 94.15it/s]
11421it [02:01, 95.72it/s]
11431it [02:01, 96.13it/s]
11441it [02:01, 95.41it/s]
11451it [02:01, 94.36it/s]
11461it [02:01, 95.49it/s]
11471it [02:02, 93.92it/s]
11481it [02:02, 95.07it/s]
11491it [02:02, 95.16it/s]
11501it [02:02, 94.28it/s]
11511it [02:02, 90.84it/s]
11521it [02:02, 91.87it/s]
11531it [02:02, 93.75it/s]
11541it [02:02, 92.09it/s]
11551it [02:02, 93.36it/s]
11561it [02:03, 92.09it/s]
11571it [02:03, 93.47it/s]
11581it [02:03, 92.84it/s]
11591it [02:03, 94.80it/s]
11601it [02:03, 92.20it/s]
11611it [02:03, 93.51it/s]
11621it [02:03, 93.91it/s]
11631it [02:03, 93.28it/s]
11641it [02:03, 93.90it/s]
11651it [02:04, 93.76it/s]
11661it [02:04, 93.56it/s]
11671it [02:04, 93.97it/s]
11681it [02:04, 94.14it/s]
11691it [02:04, 92.14it/s]
11701it [02:04, 90.59it/s]
11711it [02:04, 92.98it/s]
11721it [02:04, 94.13it/s]
11731it [02:04, 93.91it/s]
11741it [02:04, 95.31it/s]
11751it [02:05, 94.35it/s]
11761it [02:05, 94.63it/s]
11771it [02:05, 95.83it/s]
11781it [02:05, 95.32it/s]
11791it [02:05, 96.07it/s]
11801it [02:05, 96.23it/s]
11811it [02:05, 95.27it/s]
11821it [02:05, 93.29it/s]
11831it [02:05, 90.93it/s]
11841it [02:06, 90.86it/s]
11851it [02:06, 92.21it/s]
11861it [02:06, 90.96it/s]
11872it [02:06, 92.15it/s]
11882it [02:06, 90.85it/s]
11892it [02:06, 91.45it/s]
11902it [02:06, 92.08it/s]
11912it [02:06, 93.89it/s]
11922it [02:06, 94.65it/s]
11932it [02:07, 94.03it/s]
11942it [02:07, 95.42it/s]
11952it [02:07, 94.50it/s]
11962it [02:07, 95.72it/s]
11972it [02:07, 96.78it/s]
11982it [02:07, 95.86it/s]
11993it [02:07, 97.82it/s]
12003it [02:07, 97.76it/s]
12013it [02:07, 95.71it/s]
12023it [02:07, 95.99it/s]
12033it [02:08, 94.81it/s]
12043it [02:08, 93.89it/s]
12053it [02:08, 93.45it/s]
12063it [02:08, 92.92it/s]
12073it [02:08, 92.13it/s]
12083it [02:08, 92.58it/s]
12093it [02:08, 94.66it/s]
12104it [02:08, 96.07it/s]
12114it [02:08, 97.18it/s]
12124it [02:09, 97.61it/s]
12134it [02:09, 95.74it/s]
12144it [02:09, 95.14it/s]
12155it [02:09, 96.73it/s]
12165it [02:09, 96.79it/s]
12175it [02:09, 94.87it/s]
12186it [02:09, 97.00it/s]
12196it [02:09, 95.77it/s]
12206it [02:09, 95.30it/s]
12216it [02:10, 95.78it/s]
12226it [02:10, 96.27it/s]
12236it [02:10, 94.90it/s]
12246it [02:10, 95.12it/s]
12256it [02:10, 96.07it/s]
12266it [02:10, 96.81it/s]INFO:src.trainer:{'eval_loss': 1.1981029510498047, 'eval_mnli/acc': 0.32358634742740705}
INFO:__main__:***** Test results mnli *****
INFO:__main__:  eval_loss = 1.1981029510498047
INFO:__main__:  eval_mnli/acc = 0.32358634742740705
INFO:__main__:****** Output Dir *******
INFO:__main__:/scratch/jy03364/MeZO_/experiments/speed_bench_h100/zo_method_matrix_smoke2/roberta-large/MNLI/int8/mezo/run/seed16

12272it [02:10, 93.81it/s]

TASK: MNLI
K: 16
Seed: 16
Data seed: 16
Dataset mode: full
Full dev ratio: 0.1
BS: 32
LR: 1e-6
EPS: 1e-4
Step: 5; Eval step: 5000
Optimizer: sgd
Use trainer optimizer for ZO: False
Efficient zero order: True
Using adaptive h: False
Dataloader shuffle: False
Grid search tag: seed16-bs32-lr1e-6-eps1e-4-wd0-step5-evalstep5000
Tag: k16-roberta-large-mezo-zo-matrix-mezo-int8-mnli
Result root: /scratch/jy03364/MeZO_/experiments/speed_bench_h100/zo_method_matrix_smoke2/roberta-large/MNLI/int8/mezo
Job name: run
Output dir: /scratch/jy03364/MeZO_/experiments/speed_bench_h100/zo_method_matrix_smoke2/roberta-large/MNLI/int8/mezo/run/seed16
Dataset mode: full
Data root: data/k-shot-1k-test
Full dev ratio: 0.1
GPU数量: 1
RobertaConfig {
  "architectures": [
    "RobertaForMaskedLM"
  ],
  "attention_probs_dropout_prob": 0.1,
  "bos_token_id": 0,
  "classifier_dropout": null,
  "dtype": "float32",
  "eos_token_id": 2,
  "finetuning_task": "mnli",
  "hidden_act": "gelu",
  "hidden_dropout_prob": 0.1,
  "hidden_size": 1024,
  "id2label": {
    "0": "LABEL_0",
    "1": "LABEL_1",
    "2": "LABEL_2"
  },
  "initializer_range": 0.02,
  "intermediate_size": 4096,
  "label2id": {
    "LABEL_0": 0,
    "LABEL_1": 1,
    "LABEL_2": 2
  },
  "layer_norm_eps": 1e-05,
  "max_position_embeddings": 514,
  "model_type": "roberta",
  "num_attention_heads": 16,
  "num_hidden_layers": 24,
  "pad_token_id": 1,
  "position_embedding_type": "absolute",
  "transformers_version": "4.56.0",
  "type_vocab_size": 1,
  "use_cache": true,
  "vocab_size": 50265
}


