[2026-05-21T03:32:30] starting int4_g128_rtnclip_k1_h1e-3_seed16_bs64_ckpt1k
[2026-05-21T03:32:37] step=1/20000 loss=1.92773 d_h=-32.2266 eval_acc=None active=0.11810829468669902
[2026-05-21T03:34:58] step=100/20000 loss=1.7627 d_h=-28.3203 eval_acc=None active=0.11810829468669902
[2026-05-21T03:37:21] step=200/20000 loss=1.73633 d_h=-60.5469 eval_acc=None active=0.11806136636289347
[2026-05-21T03:39:44] step=300/20000 loss=1.59521 d_h=1.46484 eval_acc=None active=0.11806750591286755
[2026-05-21T03:42:07] step=400/20000 loss=1.64453 d_h=7.8125 eval_acc=None active=0.11806203853533681
[2026-05-21T03:44:31] step=500/20000 loss=1.59961 d_h=0.976562 eval_acc=None active=0.11806950274313856
[2026-05-21T03:46:54] step=600/20000 loss=1.52539 d_h=14.6484 eval_acc=None active=0.11805157908212856
[2026-05-21T03:49:17] step=700/20000 loss=1.53906 d_h=-1.95312 eval_acc=None active=0.1180522512545719
[2026-05-21T03:51:40] step=800/20000 loss=1.65869 d_h=20.0195 eval_acc=None active=0.1180582276831999
[2026-05-21T03:54:03] step=900/20000 loss=1.61279 d_h=-14.1602 eval_acc=None active=0.11804477017214815
[2026-05-21T03:56:33] step=1000/20000 loss=1.57812 d_h=7.8125 eval_acc=0.24355971896955503 active=0.11802216942840481
[2026-05-21T03:58:56] step=1100/20000 loss=1.61084 d_h=12.207 eval_acc=None active=0.11802028790805086
[2026-05-21T04:01:19] step=1200/20000 loss=1.60938 d_h=-6.83594 eval_acc=None active=0.11803523882315037
[2026-05-21T04:03:42] step=1300/20000 loss=1.63623 d_h=-33.6914 eval_acc=None active=0.11799210447685972
[2026-05-21T04:06:06] step=1400/20000 loss=1.55273 d_h=-0.976562 eval_acc=None active=0.11801369836815655
[2026-05-21T04:08:29] step=1500/20000 loss=1.61426 d_h=-12.6953 eval_acc=None active=0.11800453826084295
[2026-05-21T04:10:52] step=1600/20000 loss=1.56348 d_h=-8.78906 eval_acc=None active=0.11798539400217435
[2026-05-21T04:13:15] step=1700/20000 loss=1.65039 d_h=-15.625 eval_acc=None active=0.11799619657269678
[2026-05-21T04:15:39] step=1800/20000 loss=1.60986 d_h=-11.2305 eval_acc=None active=0.11797028559060277
[2026-05-21T04:18:02] step=1900/20000 loss=1.62402 d_h=8.78906 eval_acc=None active=0.1179450467809521
[2026-05-21T04:20:32] step=2000/20000 loss=1.59229 d_h=-7.32422 eval_acc=0.2716627634660422 active=0.1179769454414221
[2026-05-21T04:22:55] step=2100/20000 loss=1.65918 d_h=-36.1328 eval_acc=None active=0.1179571740093022
[2026-05-21T04:25:18] step=2200/20000 loss=1.63037 d_h=6.34766 eval_acc=None active=0.11799204541568269
[2026-05-21T04:27:41] step=2300/20000 loss=1.62988 d_h=-4.88281 eval_acc=None active=0.11796939404807333
[2026-05-21T04:30:04] step=2400/20000 loss=1.57861 d_h=-19.043 eval_acc=None active=0.11796083298984103
[2026-05-21T04:32:28] step=2500/20000 loss=1.55957 d_h=3.90625 eval_acc=None active=0.11796071205504997
[2026-05-21T04:34:51] step=2600/20000 loss=1.63623 d_h=-20.0195 eval_acc=None active=0.11796829719764278
[2026-05-21T04:37:14] step=2700/20000 loss=1.55322 d_h=19.043 eval_acc=None active=0.11797226273381477
[2026-05-21T04:39:37] step=2800/20000 loss=1.58691 d_h=-2.92969 eval_acc=None active=0.11794439429556777
[2026-05-21T04:42:00] step=2900/20000 loss=1.59473 d_h=39.0625 eval_acc=None active=0.11794477678699997
[2026-05-21T04:44:30] step=3000/20000 loss=1.64111 d_h=-31.7383 eval_acc=0.28688524590163933 active=0.11794963949057541
[2026-05-21T04:46:53] step=3100/20000 loss=1.58643 d_h=-3.41797 eval_acc=None active=0.11792361882343835
[2026-05-21T04:49:17] step=3200/20000 loss=1.62158 d_h=6.34766 eval_acc=None active=0.1179235119508323
[2026-05-21T04:51:40] step=3300/20000 loss=1.6123 d_h=5.85938 eval_acc=None active=0.11794367431169542
[2026-05-21T04:54:03] step=3400/20000 loss=1.56494 d_h=-21.9727 eval_acc=None active=0.1179438514952265
[2026-05-21T04:56:26] step=3500/20000 loss=1.62354 d_h=-15.1367 eval_acc=None active=0.11791611524151858
[2026-05-21T04:58:49] step=3600/20000 loss=1.63965 d_h=9.76562 eval_acc=None active=0.117918930490957
[2026-05-21T05:01:12] step=3700/20000 loss=1.57666 d_h=0.488281 eval_acc=None active=0.1178844612630677
[2026-05-21T05:03:35] step=3800/20000 loss=1.60303 d_h=8.30078 eval_acc=None active=0.11791594087042451
[2026-05-21T05:05:59] step=3900/20000 loss=1.58936 d_h=18.0664 eval_acc=None active=0.11790265491802984
[2026-05-21T05:08:29] step=4000/20000 loss=1.60986 d_h=-24.9023 eval_acc=0.319672131147541 active=0.11791766489430637
[2026-05-21T05:10:52] step=4100/20000 loss=1.51904 d_h=6.34766 eval_acc=None active=0.11792089919685798
[2026-05-21T05:13:15] step=4200/20000 loss=1.55371 d_h=2.92969 eval_acc=None active=0.11791869424624889
[2026-05-21T05:15:38] step=4300/20000 loss=1.59082 d_h=-6.83594 eval_acc=None active=0.1178971819156251
[2026-05-21T05:18:01] step=4400/20000 loss=1.52246 d_h=-0.976562 eval_acc=None active=0.11791210189391757
[2026-05-21T05:20:25] step=4500/20000 loss=1.5708 d_h=19.043 eval_acc=None active=0.1179236975716744
[2026-05-21T05:22:48] step=4600/20000 loss=1.48486 d_h=9.27734 eval_acc=None active=0.11789637755864268
[2026-05-21T05:25:11] step=4700/20000 loss=1.54443 d_h=35.6445 eval_acc=None active=0.11788049010202171
[2026-05-21T05:27:34] step=4800/20000 loss=1.52051 d_h=7.8125 eval_acc=None active=0.11789888906488495
[2026-05-21T05:29:58] step=4900/20000 loss=1.521 d_h=-8.30078 eval_acc=None active=0.11786843880947066
[2026-05-21T05:32:23] step=5000/20000 loss=1.58984 d_h=-23.4375 eval_acc=0.27985948477751754 active=0.11788690245838493
[2026-05-21T05:34:46] step=5100/20000 loss=1.521 d_h=-1.46484 eval_acc=None active=0.11786386297446937
[2026-05-21T05:37:09] step=5200/20000 loss=1.60742 d_h=-10.7422 eval_acc=None active=0.11784545276185814
[2026-05-21T05:39:33] step=5300/20000 loss=1.58057 d_h=10.2539 eval_acc=None active=0.1178643185892636
[2026-05-21T05:41:56] step=5400/20000 loss=1.48682 d_h=11.2305 eval_acc=None active=0.1178579371697074
[2026-05-21T05:44:19] step=5500/20000 loss=1.59229 d_h=11.2305 eval_acc=None active=0.11785980462787633
[2026-05-21T05:46:42] step=5600/20000 loss=1.59912 d_h=-2.44141 eval_acc=None active=0.11784218752249949
[2026-05-21T05:49:05] step=5700/20000 loss=1.57617 d_h=-22.4609 eval_acc=None active=0.11785290571991187
[2026-05-21T05:51:29] step=5800/20000 loss=1.4624 d_h=29.7852 eval_acc=None active=0.11783724325825101
[2026-05-21T05:53:52] step=5900/20000 loss=1.56543 d_h=-17.5781 eval_acc=None active=0.11784230001997956
[2026-05-21T05:56:22] step=6000/20000 loss=1.55615 d_h=6.34766 eval_acc=0.3524590163934426 active=0.11783419457654148
[2026-05-21T05:58:45] step=6100/20000 loss=1.55859 d_h=2.92969 eval_acc=None active=0.11781737620327305
[2026-05-21T06:01:08] step=6200/20000 loss=1.54346 d_h=-12.207 eval_acc=None active=0.11783534486327506
[2026-05-21T06:03:32] step=6300/20000 loss=1.60498 d_h=13.1836 eval_acc=None active=0.11781823680899547
[2026-05-21T06:05:55] step=6400/20000 loss=1.60059 d_h=22.4609 eval_acc=None active=0.1178274503526121
[2026-05-21T06:08:18] step=6500/20000 loss=1.61914 d_h=-4.88281 eval_acc=None active=0.11780601114535035
[2026-05-21T06:10:41] step=6600/20000 loss=1.5835 d_h=-4.39453 eval_acc=None active=0.11779040211999252
[2026-05-21T06:13:04] step=6700/20000 loss=1.5542 d_h=4.39453 eval_acc=None active=0.11781915366345794
[2026-05-21T06:15:27] step=6800/20000 loss=1.54883 d_h=-10.7422 eval_acc=None active=0.11781252756188261
[2026-05-21T06:17:51] step=6900/20000 loss=1.56396 d_h=-33.6914 eval_acc=None active=0.11778710031895286
[2026-05-21T06:20:18] step=7000/20000 loss=1.53809 d_h=-27.3438 eval_acc=0.2786885245901639 active=0.11779403860103534
[2026-05-21T06:22:41] step=7100/20000 loss=1.55859 d_h=-22.4609 eval_acc=None active=0.11778452412665956
[2026-05-21T06:25:05] step=7200/20000 loss=1.56396 d_h=-1.46484 eval_acc=None active=0.1177712578613239
[2026-05-21T06:27:28] step=7300/20000 loss=1.5791 d_h=0 eval_acc=None active=0.11780096563336981
[2026-05-21T06:29:51] step=7400/20000 loss=1.59131 d_h=19.043 eval_acc=None active=0.11779179708874521
[2026-05-21T06:32:14] step=7500/20000 loss=1.51904 d_h=-6.34766 eval_acc=None active=0.11778038984426749
[2026-05-21T06:34:38] step=7600/20000 loss=1.54688 d_h=-2.92969 eval_acc=None active=0.11780234372750051
[2026-05-21T06:37:00] step=7700/20000 loss=1.58789 d_h=-2.92969 eval_acc=None active=0.11775137111928692
[2026-05-21T06:39:24] step=7800/20000 loss=1.51953 d_h=40.0391 eval_acc=None active=0.11777187659746421
[2026-05-21T06:41:47] step=7900/20000 loss=1.55127 d_h=-57.1289 eval_acc=None active=0.1177770317944878
[2026-05-21T06:44:15] step=8000/20000 loss=1.60645 d_h=11.7188 eval_acc=0.27985948477751754 active=0.1177557050847061
[2026-05-21T06:46:38] step=8100/20000 loss=1.57178 d_h=-12.207 eval_acc=None active=0.11777859269702359
[2026-05-21T06:49:01] step=8200/20000 loss=1.60791 d_h=-3.41797 eval_acc=None active=0.11776440676478847
[2026-05-21T06:51:24] step=8300/20000 loss=1.59375 d_h=36.1328 eval_acc=None active=0.1177479174466492
[2026-05-21T06:53:48] step=8400/20000 loss=1.60645 d_h=25.3906 eval_acc=None active=0.11774859524396654
[2026-05-21T06:56:11] step=8500/20000 loss=1.7041 d_h=-17.5781 eval_acc=None active=0.11773066314564554
[2026-05-21T06:58:34] step=8600/20000 loss=1.6001 d_h=2.44141 eval_acc=None active=0.11774641841772744
[2026-05-21T07:00:57] step=8700/20000 loss=1.59277 d_h=-29.2969 eval_acc=None active=0.11774046167615845
[2026-05-21T07:03:21] step=8800/20000 loss=1.5415 d_h=6.34766 eval_acc=None active=0.11774501782410074
[2026-05-21T07:05:44] step=8900/20000 loss=1.59814 d_h=2.44141 eval_acc=None active=0.11772895318394867
[2026-05-21T07:08:09] step=9000/20000 loss=1.47119 d_h=-9.27734 eval_acc=0.27400468384074944 active=0.11770183847881807
[2026-05-21T07:10:32] step=9100/20000 loss=1.5459 d_h=14.6484 eval_acc=None active=0.11770824521030729
[2026-05-21T07:12:55] step=9200/20000 loss=1.59375 d_h=-62.5 eval_acc=None active=0.11774590092931918
[2026-05-21T07:15:19] step=9300/20000 loss=1.6084 d_h=9.76562 eval_acc=None active=0.11772366580238602
[2026-05-21T07:17:42] step=9400/20000 loss=1.56934 d_h=-32.2266 eval_acc=None active=0.11769892479408461
[2026-05-21T07:20:05] step=9500/20000 loss=1.54248 d_h=-20.9961 eval_acc=None active=0.11768871283533248
[2026-05-21T07:22:28] step=9600/20000 loss=1.65088 d_h=-14.1602 eval_acc=None active=0.11773904139547274
[2026-05-21T07:24:51] step=9700/20000 loss=1.59961 d_h=27.3438 eval_acc=None active=0.11773130438128186
[2026-05-21T07:27:14] step=9800/20000 loss=1.55664 d_h=7.8125 eval_acc=None active=0.11770416155178123
[2026-05-21T07:29:37] step=9900/20000 loss=1.55225 d_h=-7.32422 eval_acc=None active=0.11772872256411457
[2026-05-21T07:32:05] step=10000/20000 loss=1.54053 d_h=1.46484 eval_acc=0.2857142857142857 active=0.11771753187728595
[2026-05-21T07:34:28] step=10100/20000 loss=1.50879 d_h=-13.6719 eval_acc=None active=0.11770053632048642
[2026-05-21T07:36:51] step=10200/20000 loss=1.57666 d_h=3.41797 eval_acc=None active=0.1176753846963828
[2026-05-21T07:39:15] step=10300/20000 loss=1.53369 d_h=-7.32422 eval_acc=None active=0.11770992423519713
[2026-05-21T07:41:38] step=10400/20000 loss=1.54395 d_h=-10.7422 eval_acc=None active=0.11768744161380786
[2026-05-21T07:44:01] step=10500/20000 loss=1.61279 d_h=-24.9023 eval_acc=None active=0.11769474270026352
[2026-05-21T07:46:24] step=10600/20000 loss=1.52344 d_h=23.4375 eval_acc=None active=0.11770772209702503
[2026-05-21T07:48:47] step=10700/20000 loss=1.57031 d_h=15.625 eval_acc=None active=0.11769031592442329
[2026-05-21T07:51:11] step=10800/20000 loss=1.52393 d_h=-0.488281 eval_acc=None active=0.11768043020836333
[2026-05-21T07:53:34] step=10900/20000 loss=1.58301 d_h=-43.9453 eval_acc=None active=0.11769828355844829
[2026-05-21T07:56:04] step=11000/20000 loss=1.54248 d_h=-7.32422 eval_acc=0.36065573770491804 active=0.11768942156945685
[2026-05-21T07:58:27] step=11100/20000 loss=1.56738 d_h=-9.76562 eval_acc=None active=0.11766506586502462
[2026-05-21T08:00:50] step=11200/20000 loss=1.56104 d_h=-8.30078 eval_acc=None active=0.11765402423735709
[2026-05-21T08:03:13] step=11300/20000 loss=1.59863 d_h=10.7422 eval_acc=None active=0.11765671011469343
[2026-05-21T08:05:36] step=11400/20000 loss=1.58252 d_h=-23.9258 eval_acc=None active=0.11766747049866083
[2026-05-21T08:07:59] step=11500/20000 loss=1.5415 d_h=30.7617 eval_acc=None active=0.11767884118145754
[2026-05-21T08:10:23] step=11600/20000 loss=1.52441 d_h=15.625 eval_acc=None active=0.11766648895814734
[2026-05-21T08:12:46] step=11700/20000 loss=1.57031 d_h=41.9922 eval_acc=None active=0.11766649739545834
[2026-05-21T08:15:09] step=11800/20000 loss=1.55908 d_h=9.27734 eval_acc=None active=0.11767709465807966
[2026-05-21T08:17:32] step=11900/20000 loss=1.52051 d_h=6.83594 eval_acc=None active=0.11766334746601675
[2026-05-21T08:20:02] step=12000/20000 loss=1.44482 d_h=-5.37109 eval_acc=0.40749414519906324 active=0.1176472800134277
[2026-05-21T08:22:25] step=12100/20000 loss=1.62109 d_h=-109.375 eval_acc=None active=0.1176321519147971
[2026-05-21T08:24:48] step=12200/20000 loss=1.49414 d_h=20.5078 eval_acc=None active=0.1176130160934395
[2026-05-21T08:27:12] step=12300/20000 loss=1.52002 d_h=-12.207 eval_acc=None active=0.11763207316656107
[2026-05-21T08:29:35] step=12400/20000 loss=1.52734 d_h=11.7188 eval_acc=None active=0.11763973705738992
[2026-05-21T08:31:58] step=12500/20000 loss=1.54297 d_h=31.25 eval_acc=None active=0.11761711662658757
[2026-05-21T08:34:21] step=12600/20000 loss=1.58057 d_h=1.46484 eval_acc=None active=0.11760864556633932
[2026-05-21T08:36:44] step=12700/20000 loss=1.46924 d_h=-12.207 eval_acc=None active=0.11761592696573597
[2026-05-21T08:39:07] step=12800/20000 loss=1.46973 d_h=12.6953 eval_acc=None active=0.11762611923742908
[2026-05-21T08:41:31] step=12900/20000 loss=1.56396 d_h=-6.34766 eval_acc=None active=0.11760212914980704
[2026-05-21T08:43:58] step=13000/20000 loss=1.55273 d_h=10.7422 eval_acc=0.3770491803278688 active=0.11762063779771333
[2026-05-21T08:46:22] step=13100/20000 loss=1.59814 d_h=-4.39453 eval_acc=None active=0.11761668069885235
[2026-05-21T08:48:45] step=13200/20000 loss=1.54248 d_h=-9.27734 eval_acc=None active=0.11761206548973303
[2026-05-21T08:51:08] step=13300/20000 loss=1.49023 d_h=15.625 eval_acc=None active=0.11760225570947211
[2026-05-21T08:53:31] step=13400/20000 loss=1.4502 d_h=-6.83594 eval_acc=None active=0.1176297332189759
[2026-05-21T08:55:54] step=13500/20000 loss=1.55762 d_h=-15.625 eval_acc=None active=0.11758495640947643
[2026-05-21T08:58:17] step=13600/20000 loss=1.47412 d_h=15.1367 eval_acc=None active=0.11757571474148978
[2026-05-21T09:00:41] step=13700/20000 loss=1.55859 d_h=-12.6953 eval_acc=None active=0.11758772947235982
[2026-05-21T09:03:04] step=13800/20000 loss=1.47949 d_h=16.6016 eval_acc=None active=0.11759393933325893
[2026-05-21T09:05:27] step=13900/20000 loss=1.51074 d_h=7.8125 eval_acc=None active=0.11757266324734326
[2026-05-21T09:07:57] step=14000/20000 loss=1.5166 d_h=5.85938 eval_acc=0.4180327868852459 active=0.117596043036136
[2026-05-21T09:10:21] step=14100/20000 loss=1.47949 d_h=-8.78906 eval_acc=None active=0.11758023432775105
[2026-05-21T09:12:43] step=14200/20000 loss=1.53857 d_h=13.1836 eval_acc=None active=0.11760032919012614
[2026-05-21T09:15:06] step=14300/20000 loss=1.521 d_h=-20.9961 eval_acc=None active=0.11761006303458803
[2026-05-21T09:17:30] step=14400/20000 loss=1.46387 d_h=-5.85938 eval_acc=None active=0.11757320323524753
[2026-05-21T09:19:53] step=14500/20000 loss=1.47705 d_h=-8.30078 eval_acc=None active=0.11758631762898511
[2026-05-21T09:22:16] step=14600/20000 loss=1.47168 d_h=8.78906 eval_acc=None active=0.11756899020461942
[2026-05-21T09:24:39] step=14700/20000 loss=1.43652 d_h=-8.78906 eval_acc=None active=0.11757264356028425
[2026-05-21T09:27:02] step=14800/20000 loss=1.64062 d_h=-34.1797 eval_acc=None active=0.11755708515879244
[2026-05-21T09:29:25] step=14900/20000 loss=1.5332 d_h=1.95312 eval_acc=None active=0.11755516426432049
[2026-05-21T09:31:55] step=15000/20000 loss=1.55859 d_h=-1.95312 eval_acc=0.44028103044496486 active=0.11754807692307692
[2026-05-21T09:34:18] step=15100/20000 loss=1.54785 d_h=-27.3438 eval_acc=None active=0.11755206495874493
[2026-05-21T09:36:41] step=15200/20000 loss=1.46387 d_h=6.83594 eval_acc=None active=0.11753820245676497
[2026-05-21T09:39:04] step=15300/20000 loss=1.49512 d_h=15.625 eval_acc=None active=0.1175269077097673
[2026-05-21T09:41:28] step=15400/20000 loss=1.46631 d_h=-20.9961 eval_acc=None active=0.1175496153261167
[2026-05-21T09:43:51] step=15500/20000 loss=1.46338 d_h=8.30078 eval_acc=None active=0.11754372327059874
[2026-05-21T09:46:14] step=15600/20000 loss=1.50439 d_h=-14.1602 eval_acc=None active=0.11754175456469775
[2026-05-21T09:48:37] step=15700/20000 loss=1.45654 d_h=-2.44141 eval_acc=None active=0.11753454628866314
[2026-05-21T09:51:00] step=15800/20000 loss=1.46094 d_h=-6.83594 eval_acc=None active=0.1175571976562725
[2026-05-21T09:53:23] step=15900/20000 loss=1.40088 d_h=6.34766 eval_acc=None active=0.11753135136022953
[2026-05-21T09:55:51] step=16000/20000 loss=1.5332 d_h=-30.2734 eval_acc=0.4180327868852459 active=0.11750841874892003
[2026-05-21T09:58:14] step=16100/20000 loss=1.47021 d_h=11.2305 eval_acc=None active=0.11753013357500793
[2026-05-21T10:00:37] step=16200/20000 loss=1.4585 d_h=25.8789 eval_acc=None active=0.11750531663090746
[2026-05-21T10:03:01] step=16300/20000 loss=1.44971 d_h=-26.8555 eval_acc=None active=0.11752973702139072
[2026-05-21T10:05:24] step=16400/20000 loss=1.43945 d_h=-10.7422 eval_acc=None active=0.11750568224771765
[2026-05-21T10:07:47] step=16500/20000 loss=1.46582 d_h=-1.95312 eval_acc=None active=0.11748695985459925
[2026-05-21T10:10:10] step=16600/20000 loss=1.54785 d_h=14.6484 eval_acc=None active=0.1174994077007675
[2026-05-21T10:12:33] step=16700/20000 loss=1.46631 d_h=-14.1602 eval_acc=None active=0.11749643214242
[2026-05-21T10:14:56] step=16800/20000 loss=1.46387 d_h=33.2031 eval_acc=None active=0.11749831366277395
[2026-05-21T10:17:19] step=16900/20000 loss=1.44287 d_h=20.9961 eval_acc=None active=0.11748458334533307
[2026-05-21T10:19:47] step=17000/20000 loss=1.41797 d_h=25.3906 eval_acc=0.43911007025761123 active=0.11745912235315929
[2026-05-21T10:22:10] step=17100/20000 loss=1.46826 d_h=-1.46484 eval_acc=None active=0.1174912403837154
[2026-05-21T10:24:33] step=17200/20000 loss=1.48975 d_h=-24.9023 eval_acc=None active=0.11745601742270974
[2026-05-21T10:26:56] step=17300/20000 loss=1.52002 d_h=-21.9727 eval_acc=None active=0.11745128690367336
[2026-05-21T10:29:19] step=17400/20000 loss=1.44141 d_h=14.6484 eval_acc=None active=0.11750448977442905
[2026-05-21T10:31:42] step=17500/20000 loss=1.44775 d_h=-31.7383 eval_acc=None active=0.11745412184017077
[2026-05-21T10:34:05] step=17600/20000 loss=1.47363 d_h=7.8125 eval_acc=None active=0.11747682383164618
[2026-05-21T10:36:29] step=17700/20000 loss=1.41699 d_h=13.6719 eval_acc=None active=0.11746864807728306
[2026-05-21T10:38:52] step=17800/20000 loss=1.45752 d_h=0.488281 eval_acc=None active=0.11745661084691703
[2026-05-21T10:41:15] step=17900/20000 loss=1.46777 d_h=9.76562 eval_acc=None active=0.11747473700339113
[2026-05-21T10:43:45] step=18000/20000 loss=1.43311 d_h=-20.0195 eval_acc=0.45081967213114754 active=0.11745959203013852
[2026-05-21T10:46:08] step=18100/20000 loss=1.45947 d_h=18.0664 eval_acc=None active=0.11747622478256486
[2026-05-21T10:48:31] step=18200/20000 loss=1.50977 d_h=-19.5312 eval_acc=None active=0.1174595301565245
[2026-05-21T10:50:54] step=18300/20000 loss=1.43213 d_h=7.32422 eval_acc=None active=0.11749559403619358
[2026-05-21T10:53:17] step=18400/20000 loss=1.40723 d_h=-39.0625 eval_acc=None active=0.11748196777892175
[2026-05-21T10:55:41] step=18500/20000 loss=1.42529 d_h=27.832 eval_acc=None active=0.11747504637146128
[2026-05-21T10:58:03] step=18600/20000 loss=1.43018 d_h=-2.44141 eval_acc=None active=0.11744913257693028
[2026-05-21T11:00:27] step=18700/20000 loss=1.38379 d_h=30.2734 eval_acc=None active=0.11745203501191573
[2026-05-21T11:02:50] step=18800/20000 loss=1.48291 d_h=18.0664 eval_acc=None active=0.11747078834184115
[2026-05-21T11:05:13] step=18900/20000 loss=1.46338 d_h=-3.41797 eval_acc=None active=0.11744630326530686
[2026-05-21T11:07:43] step=19000/20000 loss=1.47168 d_h=11.7188 eval_acc=0.46252927400468385 active=0.11746048638510498
[2026-05-21T11:10:06] step=19100/20000 loss=1.38623 d_h=-4.39453 eval_acc=None active=0.11744611201959076
[2026-05-21T11:12:29] step=19200/20000 loss=1.51807 d_h=-26.8555 eval_acc=None active=0.11745096628585519
[2026-05-21T11:14:52] step=19300/20000 loss=1.46924 d_h=-33.6914 eval_acc=None active=0.11741502052854016
[2026-05-21T11:17:15] step=19400/20000 loss=1.46484 d_h=-13.6719 eval_acc=None active=0.11740526699701927
[2026-05-21T11:19:38] step=19500/20000 loss=1.44873 d_h=-15.1367 eval_acc=None active=0.11744062776743801
[2026-05-21T11:22:01] step=19600/20000 loss=1.35596 d_h=-16.1133 eval_acc=None active=0.11741995635547764
[2026-05-21T11:24:25] step=19700/20000 loss=1.41846 d_h=21.9727 eval_acc=None active=0.1174372331559773
[2026-05-21T11:26:48] step=19800/20000 loss=1.43848 d_h=-10.7422 eval_acc=None active=0.11742191381163061
[2026-05-21T11:29:11] step=19900/20000 loss=1.43262 d_h=-24.4141 eval_acc=None active=0.11741905075076318
[2026-05-21T11:31:41] step=20000/20000 loss=1.4209 d_h=12.6953 eval_acc=0.47892271662763464 active=0.1174089006656251
[2026-05-21T11:31:42] finished int4_g128_rtnclip_k1_h1e-3_seed16_bs64_ckpt1k status=complete steps=20000
