./mezo.sh: line 33: jq: command not found
WARNING:__main__:Process rank: -1, device: cuda:0, n_gpu: 1, distributed training: False, 16-bits training: False
INFO:__main__:Training/evaluation parameters DynamicTrainingArguments(
_n_gpu=1,
accelerator_config={'split_batches': False, 'dispatch_batches': None, 'even_batches': True, 'use_seedable_sampler': True, 'non_blocking': False, 'gradient_accumulation_kwargs': None, 'use_configured_state': False},
adafactor=False,
adam_beta1=0.9,
adam_beta2=0.999,
adam_epsilon=1e-08,
adaptive_h_ema_beta=0.1,
adaptive_h_estimate_num_batches=4,
adaptive_h_estimate_num_directions=3,
adaptive_h_estimate_reduce=mean,
adaptive_h_max=0.5,
adaptive_h_min=1e-05,
adaptive_h_probe_buffer_size=64,
adjust_for_init=False,
array_id=-1,
auto_find_batch_size=False,
average_tokens_across_devices=False,
batch_eval_metrics=False,
bf16=False,
bf16_full_eval=False,
binary_classification=False,
change_grad_estimate=False,
data_seed=16,
dataloader_drop_last=False,
dataloader_num_workers=0,
dataloader_persistent_workers=False,
dataloader_pin_memory=True,
dataloader_prefetch_factor=None,
dataloader_shuffle=False,
ddp_backend=None,
ddp_broadcast_buffers=None,
ddp_bucket_cap_mb=None,
ddp_find_unused_parameters=None,
ddp_timeout=1800,
debug=[],
deepspeed=None,
dh_h_growth=2.0,
dh_max_trials=10,
dh_test_h=0.01,
disable_tqdm=False,
do_eval=True,
do_predict=True,
do_train=True,
efficient_zero_order=False,
efficient_zero_order_fp16=False,
enable_additive_h_estimation=False,
enable_two_point_h_estimation=False,
eval_accumulation_steps=None,
eval_delay=0,
eval_do_concat_batches=True,
eval_on_start=False,
eval_steps=5000.0,
eval_strategy=IntervalStrategy.NO,
eval_use_gather_object=False,
evaluate_during_training=True,
exclude_embeddings=False,
exclude_first_layers=-1,
exclude_head=False,
f0_scaling=1.0,
fix_layers=0,
fp16=False,
fp16_backend=auto,
fp16_full_eval=False,
fp16_opt_level=O1,
from_linearhead=False,
fsdp=[],
fsdp_config={'min_num_params': 0, 'xla': False, 'xla_fsdp_v2': False, 'xla_fsdp_grad_ckpt': False},
fsdp_min_num_params=0,
fsdp_transformer_layer_cls_to_wrap=None,
full_determinism=False,
gradient_accumulation_steps=1,
gradient_checkpointing=False,
gradient_checkpointing_kwargs=None,
greater_is_better=None,
group_by_length=False,
h_estimation_active_source=fixed,
h_trunc_alpha=1.0,
half_precision_backend=auto,
head_tuning=False,
hf_inference_model=False,
hizoo_hessian_smooth_type=constant0,
hub_always_push=False,
hub_model_id=None,
hub_private_repo=None,
hub_revision=None,
hub_strategy=HubStrategy.EVERY_SAVE,
hub_token=<HUB_TOKEN>,
ignore_data_skip=False,
include_for_metrics=[],
include_inputs_for_metrics=False,
include_num_input_tokens_seen=False,
include_tokens_per_second=False,
initial_h=0.001,
jit_mode_eval=False,
kernel_formula=sgd,
kernel_gamma=1.0,
kernel_regularization=0.0,
kernel_solver=logistic,
label_names=None,
label_smoothing_factor=0.0,
layer_wise_optim=False,
learning_rate=1e-06,
length_column_name=length,
liger_kernel_config=None,
load_best_model_at_end=False,
load_kernels=None,
local_rank=-1,
log_file=log-USE_H0-USE_C0,
log_level=passive,
log_level_replica=warning,
log_on_each_node=True,
logging_dir=/scratch/jy03364/MeZO_/experiments/speed_bench_h100/zo_method_matrix_smoke4/roberta-large/MNLI/fp16/hizoo/run/seed16/runs/Apr18_19-18-17_ra7-1,
logging_first_step=False,
logging_nan_inf_filter=True,
logging_steps=10,
logging_strategy=IntervalStrategy.STEPS,
lozo_beta1=0.9,
lozo_rank=2,
lozo_step_interval=50,
lp_early_stopping=False,
lr_scheduler_kwargs={},
lr_scheduler_type=SchedulerType.CONSTANT,
max_grad_norm=1.0,
max_steps=5,
max_zo_forward_steps=0,
mc_tol=0.1,
measure_perf_tail=True,
measure_perf_tail_window_steps=3,
metric_for_best_model=None,
model_id=-1,
mp_parameters=,
neftune_noise_alpha=None,
no_cuda=False,
no_predict=False,
no_reparam=False,
no_train=False,
norm_running_update=False,
nu3_retry=3,
num_hvp_vecs=128,
num_prefix=10,
num_train_epochs=3.0,
only_biases=False,
optim=OptimizerNames.ADAMW_TORCH,
optim_args=None,
optim_target_modules=None,
optimize_acc=False,
optimizer=sgd,
optimizer_variant=,
output_dir=/scratch/jy03364/MeZO_/experiments/speed_bench_h100/zo_method_matrix_smoke4/roberta-large/MNLI/fp16/hizoo/run/seed16,
overwrite_kernels=False,
overwrite_output_dir=True,
parallelism_config=None,
past_index=-1,
per_device_eval_batch_size=4,
per_device_train_batch_size=32,
prediction_loss_only=False,
prefix_init_by_real_act=False,
prefix_tuning=False,
prob_as_feature=False,
push_to_hub=False,
push_to_hub_model_id=None,
push_to_hub_organization=None,
push_to_hub_token=<PUSH_TO_HUB_TOKEN>,
random_model_init=False,
ray_scope=last,
recompute_norms=False,
remove_unused_columns=True,
report_to=[],
restore_callback_states_from_checkpoint=False,
resume_from_checkpoint=None,
run_name=None,
save_at_last=False,
save_logit=False,
save_logit_dir=None,
save_on_each_node=False,
save_only_model=False,
save_safetensors=True,
save_steps=500,
save_strategy=SaveStrategy.STEPS,
save_total_limit=None,
scale_lr_with_samples=False,
scale_norm_by_num_params=False,
seed=16,
skip_memory_metrics=True,
sparse_log_active_fraction=True,
sparse_mask_refresh_steps=100,
sparse_mask_strategy=percentile_per_layer,
sparse_ratio=1.0,
sparse_scope=trainable_only,
sweep=False,
sync_embedding_layers=False,
tf32=None,
tie_emb=False,
torch_compile=False,
torch_compile_backend=None,
torch_compile_mode=None,
torch_empty_cache_steps=None,
torchdynamo=None,
tpu_metrics_debug=False,
tpu_num_cores=None,
trainer=standard,
two_point_h_beta=0.5,
two_point_h_c2=1.0,
two_point_h_delta_sample_size=4096,
two_point_h_eps_num=1e-12,
two_point_h_fixed_probe_batch=True,
two_point_h_log_csv=True,
two_point_h_max=0.5,
two_point_h_min=1e-05,
two_point_h_num_directions_g=4,
two_point_h_num_directions_l=4,
two_point_h_q_l=0.5,
two_point_h_refresh_every=100,
two_point_h_window_delta=3,
two_point_h_window_g=5,
two_point_h_window_l=5,
untie_emb=False,
update_noise_every=1000,
use_adaptive_h=False,
use_c_scale=False,
use_cpu=False,
use_ipex=False,
use_legacy_prediction_loop=False,
use_liger_kernel=False,
use_mps_device=False,
use_torchao_float8=False,
use_zo_grad_est=False,
warmup_ratio=0.0,
warmup_steps=0,
weight_decay=0.0,
zero_order_clip_grad=False,
zero_order_eps=0.0001,
zero_order_optim=True,
zero_order_sample=1,
zero_order_sample_scheduler=None,
zero_order_use_trainer_optim=False,
zo_by_layer=False,
zo_method=hizoo,
zo_probe_every=0,
zo_probe_log_csv=True,
zo_probe_num_seeds=16,
zo_quantization=None,
zo_quantization_bits=32,
zo_two_point_precision=fp16,
zo_use_true_directional_derivative=False,
zo_variant=None,
)
INFO:__main__:[zo-config] zo_two_point_precision=fp16 | zero_order_eps=0.0001 | zo_use_true_directional_derivative=False
INFO:__main__:[quzo-config] zo_quantization_bits=32 | quzo_enabled=False
INFO:__main__:[sparse-mezo-config] enabled=False | sparse_ratio=1.0 | sparse_mask_strategy=percentile_per_layer | sparse_scope=trainable_only | sparse_log_active_fraction=True | sparse_mask_refresh_steps=100
INFO:__main__:[sparse-mezo-config] ratio semantics: sparse_ratio targets the active fraction per trainable tensor; ratio=1.0 disables masking. Order: refresh thresholds+mask on the configured cadence -> sample sparse-aware direction -> apply QuZO snapping after the sparse perturb/update path when low-bit QuZO is active.
INFO:__main__:Task name: mnli, number of labels: 3, output mode: classification
INFO:__main__:[data] dataset_mode requested=full resolved=full
INFO:__main__:[data] task_dir=MNLI data_seed=16
INFO:__main__:[data] auto_download=0 original_data_root=/scratch/jy03364/MeZO_/medium_models/data/original
INFO:__main__:[data] auto_generate=0 target=/scratch/jy03364/MeZO_/medium_models/data/k-shot-1k-test/MNLI/full-16
INFO:__main__:[data] resolved_data_dir=/scratch/jy03364/MeZO_/medium_models/data/k-shot-1k-test/MNLI/full-16
WARNING:src.models:By default for RoBERTa models the input embeddings and the output embeddings are NOT tied!!!!
Some weights of RobertaModelForPromptFinetuning were not initialized from the model checkpoint at roberta-large and are newly initialized: ['classifier.bias', 'classifier.weight', 'lm_head.decoder.weight', 'roberta.pooler.dense.bias', 'roberta.pooler.dense.weight']
You should probably TRAIN this model on a down-stream task to be able to use it for predictions and inference.
INFO:src.dataset:Label contradiction to word ĠNo (440)
INFO:src.dataset:Label entailment to word ĠYes (3216)
INFO:src.dataset:Label neutral to word ĠMaybe (5359)
INFO:src.dataset:Total num_sample for mode train: 1
INFO:src.dataset:Creating/loading examples from dataset file at /scratch/jy03364/MeZO_/medium_models/data/k-shot-1k-test/MNLI/full-16
INFO:src.dataset:[FewShotDataset] Skip cache in TRAIN mode to avoid OOM on large datasets (e.g., MNLI).
INFO:src.dataset:Creating features from dataset file at /scratch/jy03364/MeZO_/medium_models/data/k-shot-1k-test/MNLI/full-16
INFO:src.dataset:Label contradiction to word ĠNo (440)
INFO:src.dataset:Label entailment to word ĠYes (3216)
INFO:src.dataset:Label neutral to word ĠMaybe (5359)
INFO:src.dataset:Total num_sample for mode dev: 1
INFO:src.dataset:Creating/loading examples from dataset file at /scratch/jy03364/MeZO_/medium_models/data/k-shot-1k-test/MNLI/full-16
/scratch/jy03364/MeZO_/medium_models/src/dataset.py:363: FutureWarning: You are using `torch.load` with `weights_only=False` (the current default value), which uses the default pickle module implicitly. It is possible to construct malicious pickle data which will execute arbitrary code during unpickling (See https://github.com/pytorch/pytorch/blob/main/SECURITY.md#untrusted-models for more details). In a future release, the default value for `weights_only` will be flipped to `True`. This limits the functions that could be executed during unpickling. Arbitrary objects will no longer be allowed to be loaded via this mode unless they are explicitly allowlisted by the user via `torch.serialization.add_safe_globals`. We recommend you start setting `weights_only=True` for any use case where you don't have full control of the loaded file. Please open an issue on GitHub for any issues related to this experimental feature.
  self.support_examples, self.query_examples = torch.load(cached_features_file)
INFO:src.dataset:Loading features from cached file /scratch/jy03364/MeZO_/medium_models/data/k-shot-1k-test/MNLI/full-16/cached_dev_RobertaTokenizerFast-roberta_256_mnli [took 0.654 s]
INFO:src.dataset:*** Example ***
INFO:src.dataset:guid: dev_matched-263856
INFO:src.dataset:features: OurInputFeatures(input_ids=[0, 487, 4132, 298, 1180, 18, 82, 32, 481, 7, 989, 5, 2946, 6, 53, 683, 51, 517, 5140, 6, 51, 189, 28, 3179, 5537, 7, 671, 116, 50264, 6, 71, 1375, 8, 1618, 5, 2946, 6, 234, 4132, 298, 1180, 18, 82, 189, 45, 28, 576, 5537, 7, 671, 4, 2], attention_mask=[1, 1, 1, 1, 1, 1, 1, 1, 1, 1, 1, 1, 1, 1, 1, 1, 1, 1, 1, 1, 1, 1, 1, 1, 1, 1, 1, 1, 1, 1, 1, 1, 1, 1, 1, 1, 1, 1, 1, 1, 1, 1, 1, 1, 1, 1, 1, 1, 1, 1, 1, 1], token_type_ids=None, label=1, mask_pos=[28], label_word_list=None, sfc_input_ids=None, sfc_attention_mask=None, sfc_mask_pos=None)
INFO:src.dataset:text: <s>Niihau's people are free to leave the island, but once they move elsewhere, they may be refused permission to return?<mask>, after moving and leaving the island, Niihau's people may not be given permission to return.</s>
WARNING:src.dataset:Input exceeds max_length limit: <s>uh-huh oh i feel that is certainly if you're going to carry one you need to be uh very comfortable with the piece and have enough uh knowledge and insight for your own self on whether or not you're going to use it in that situation and not pull it unless you intend to because i i feel like that's you know i mean i'm i'm i'm all for uh people having having firearms or having whatever form of protection they prefer because you know even though the odds is you know the criminal ends up getting the gun and shooting the people to begin with you know the people that had it in the beginning but if the if if you're talking about uh two people if you're talking about a criminal an assailant that is coming at you with a gun and you don't have a gun at all well the chances are a hundred percent they're going to get you if you if you both of you have a firearm you've at least got that fifty percent chance that you may get them first and so i believe in that but i i've not ever felt comfortable in it i guess it's  i'm glad i  i'm glad i um i'm that i'm married to someone?<mask>, i think you need to know a lot about guns if you're goign to carry one.</s>
WARNING:src.dataset:Input exceeds max_length limit: <s>we went uh and did a a thing through IBS which is a like a financial consultant  type thing here in Dallas and uh one of the things that we talked about with the counselor there was you know they work up this whole big you know proposal profile for you that every all the things that you need to work on and you need to do and then one of the things that we talked about with her was you know the need to save for our son's education we have a two year old you know and and you know we can't start saving for college when he's sixteen you know we have to do that now and and uh they have a way that they can figure you know what you know and he's two now in sixteen years when he's ready to go to college this is how much it'll cost you know and it's just really scary the thought of how much it's going to it's what it costs now is ridiculous what it's going to cost sixteen years from now is just really scary and they sat down and figured up that we needed to save like fifteen between fifteen and seventeen hundred dollars a year at a oh you know six percent interest rate to be able to have you know?<mask>, we worked with a financial consultant through IBS in Dallas.</s>
WARNING:src.dataset:Input exceeds max_length limit: <s>yes i'm i'm i have some great concerns about uh my my parents and my relatives reaching that age um around here where i live in Maryland in the Washington area there's there's and uh i used to live down in Dallas there was just so many stories about uh rest homes where the people are being abused where the people are being kept in filthy conditions in fact here in Baltimore they've actually shut a couple of them down and taken all the people out of them because they were so uh bug infested and rat infested and it i you know really concerns me that um first of all that anyone could let someone live like that but if you have to you know how do you make sure i mean i'm sure when you make your appointment and go by everybody puts on a happy face um you know how are you sure that the home is really as good as it is because once you put someone into there you know they may not like the fact that they've been put in there and they might complain about the place all the time even though it's the best place in the whole world they could be just because they want to make you feel guilty for putting them in there and you kno?<mask>, i am worried about how landlords could let people live in such poor conditions.</s>
INFO:src.dataset:Label contradiction to word ĠNo (440)
INFO:src.dataset:Label entailment to word ĠYes (3216)
INFO:src.dataset:Label neutral to word ĠMaybe (5359)
INFO:src.dataset:Total num_sample for mode test: 1
INFO:src.dataset:Creating/loading examples from dataset file at /scratch/jy03364/MeZO_/medium_models/data/k-shot-1k-test/MNLI/full-16
INFO:src.dataset:Loading features from cached file /scratch/jy03364/MeZO_/medium_models/data/k-shot-1k-test/MNLI/full-16/cached_test_RobertaTokenizerFast-roberta_256_mnli [took 0.656 s]
INFO:src.dataset:*** Example ***
INFO:src.dataset:guid: test_matched-0
INFO:src.dataset:features: OurInputFeatures(input_ids=[0, 133, 92, 659, 32, 2579, 1177, 13098, 116, 50264, 6, 961, 269, 3829, 5, 8946, 1795, 1437, 2], attention_mask=[1, 1, 1, 1, 1, 1, 1, 1, 1, 1, 1, 1, 1, 1, 1, 1, 1, 1, 1], token_type_ids=None, label=2, mask_pos=[9], label_word_list=None, sfc_input_ids=None, sfc_attention_mask=None, sfc_mask_pos=None)
INFO:src.dataset:text: <s>The new rights are nice enoug?<mask>, everyone really likes the newest benefits </s>
huggingface/tokenizers: The current process just got forked, after parallelism has already been used. Disabling parallelism to avoid deadlocks...
To disable this warning, you can either:
	- Avoid using `tokenizers` before the fork if possible
	- Explicitly set the environment variable TOKENIZERS_PARALLELISM=(true | false)
INFO:src.trainer:[dataloader][debug] self class=Trainer, get_train_dataloader=<bound method Trainer.get_train_dataloader of <src.trainer.Trainer object at 0x15189c247b90>>
INFO:src.trainer:[dataloader][override] Trainer.get_train_dataloader active. shuffle_raw=False type=bool -> shuffle=False; data_seed=16 seed=16 local_rank=-1
INFO:src.trainer:[dataloader][override] selected sampler=SequentialSampler
INFO:src.trainer:[dataloader] sampler=SequentialSampler, batch_sampler=BatchSampler
INFO:src.trainer:[dataloader] training uses SequentialSampler (no shuffle).
INFO:src.trainer:[dataloader] args.dataloader_shuffle=False
INFO:src.trainer:[dataloader] args.data_seed=16 args.seed=16
INFO:src.trainer:***** Running training *****
INFO:src.trainer:  Num examples = 353432
INFO:src.trainer:  Num Epochs = 1
INFO:src.trainer:  Instantaneous batch size per device = 32
INFO:src.trainer:  Total train batch size (w. parallel, distributed & accumulation) = 32
INFO:src.trainer:  Gradient Accumulation steps = 1
INFO:src.trainer:  Total optimization steps = 5
INFO:src.trainer:[zo-config] zo_two_point_precision=fp16 | zero_order_eps=0.0001 | zo_use_true_directional_derivative=False
INFO:src.trainer:[h_estimation][init] h0=1.000e-03 active_source=fixed additive=False two_point=False
You're using a RobertaTokenizerFast tokenizer. Please note that with a fast tokenizer, using the `__call__` method is faster than using a method to encode the text followed by a call to the `pad` method to get a padded encoding.
/scratch/jy03364/MeZO_/medium_models/src/trainer.py:2281: FutureWarning: `torch.cuda.amp.autocast(args...)` is deprecated. Please use `torch.amp.autocast('cuda', args...)` instead.
  return autocast(dtype=torch.float16)
INFO:src.trainer:[zo-direct] method=hizoo {'loss': 1.2230910062789917, 'learning_rate': 1e-06, 'global_step': 0, 'zo_forward_step': 3, 'max_steps': 5, 'max_zo_forward_steps': 0, 'time': 0, 'eps': 0.0001, 'hizoo_hessian_smooth': 0.0}
INFO:src.trainer:[perf-tail] measurement enabled: start_step=3 window_steps=3 total_train_batch_size=32
INFO:src.trainer:

Training completed. Do not forget to share your model on huggingface.co/models =)


INFO:src.trainer:[perf-tail] measured_steps=4 wallclock_per_step=0.180755 samples_per_second=177.035311 max_gpu_memory_gb=3.8376
INFO:__main__:evaluate_during_training=True but no in-memory best checkpoint was recorded; keeping the current model weights.
INFO:__main__:*** Validate ***
/home/jy03364/.conda/envs/ciao/lib/python3.12/site-packages/transformers/trainer_pt_utils.py:476: FutureWarning: DistributedTensorGatherer is deprecated and will be removed in v5 of Transformers.
  warnings.warn(

  0%|          | 0/9818 [00:00<?, ?it/s]
  0%|          | 11/9818 [00:00<01:36, 101.11it/s]
  0%|          | 22/9818 [00:00<01:39, 98.72it/s] 
  0%|          | 32/9818 [00:00<01:43, 94.48it/s]
  0%|          | 42/9818 [00:00<01:45, 92.98it/s]
  1%|          | 52/9818 [00:00<01:45, 92.61it/s]
  1%|          | 63/9818 [00:00<01:42, 94.88it/s]
  1%|          | 74/9818 [00:00<01:40, 96.82it/s]
  1%|          | 84/9818 [00:00<01:40, 96.73it/s]
  1%|          | 94/9818 [00:00<01:43, 93.99it/s]
  1%|          | 104/9818 [00:01<01:43, 93.77it/s]
  1%|          | 114/9818 [00:01<01:44, 93.07it/s]
  1%|▏         | 124/9818 [00:01<01:45, 92.08it/s]
  1%|▏         | 134/9818 [00:01<01:42, 94.07it/s]
  1%|▏         | 144/9818 [00:01<01:41, 95.04it/s]
  2%|▏         | 154/9818 [00:01<01:43, 93.62it/s]
  2%|▏         | 164/9818 [00:01<01:45, 91.18it/s]
  2%|▏         | 175/9818 [00:01<01:42, 93.95it/s]
  2%|▏         | 185/9818 [00:01<01:42, 94.32it/s]
  2%|▏         | 195/9818 [00:02<01:41, 94.63it/s]
  2%|▏         | 205/9818 [00:02<01:41, 94.43it/s]
  2%|▏         | 215/9818 [00:02<01:41, 94.58it/s]
  2%|▏         | 225/9818 [00:02<01:41, 94.47it/s]
  2%|▏         | 235/9818 [00:02<01:43, 92.62it/s]
  2%|▏         | 245/9818 [00:02<01:43, 92.47it/s]
  3%|▎         | 255/9818 [00:02<01:41, 94.22it/s]
  3%|▎         | 265/9818 [00:02<01:41, 94.56it/s]
  3%|▎         | 275/9818 [00:02<01:40, 95.07it/s]
  3%|▎         | 285/9818 [00:03<01:38, 96.38it/s]
  3%|▎         | 295/9818 [00:03<01:39, 95.56it/s]
  3%|▎         | 305/9818 [00:03<01:40, 94.52it/s]
  3%|▎         | 315/9818 [00:03<01:41, 93.36it/s]
  3%|▎         | 325/9818 [00:03<01:42, 92.66it/s]
  3%|▎         | 335/9818 [00:03<01:42, 92.50it/s]
  4%|▎         | 345/9818 [00:03<01:40, 94.01it/s]
  4%|▎         | 355/9818 [00:03<01:40, 94.28it/s]
  4%|▎         | 365/9818 [00:03<01:41, 93.20it/s]
  4%|▍         | 375/9818 [00:03<01:41, 92.73it/s]
  4%|▍         | 385/9818 [00:04<01:42, 91.61it/s]
  4%|▍         | 396/9818 [00:04<01:40, 94.06it/s]
  4%|▍         | 406/9818 [00:04<01:38, 95.52it/s]
  4%|▍         | 416/9818 [00:04<01:38, 95.51it/s]
  4%|▍         | 426/9818 [00:04<01:39, 94.16it/s]
  4%|▍         | 436/9818 [00:04<01:40, 93.29it/s]
  5%|▍         | 446/9818 [00:04<01:41, 92.46it/s]
  5%|▍         | 456/9818 [00:04<01:40, 93.15it/s]
  5%|▍         | 466/9818 [00:04<01:40, 93.41it/s]
  5%|▍         | 476/9818 [00:05<01:39, 93.86it/s]
  5%|▍         | 486/9818 [00:05<01:43, 90.08it/s]
  5%|▌         | 496/9818 [00:05<01:41, 92.11it/s]
  5%|▌         | 506/9818 [00:05<01:41, 91.78it/s]
  5%|▌         | 516/9818 [00:05<01:39, 93.73it/s]
  5%|▌         | 526/9818 [00:05<01:39, 93.42it/s]
  5%|▌         | 536/9818 [00:05<01:38, 94.33it/s]
  6%|▌         | 546/9818 [00:05<01:37, 95.45it/s]
  6%|▌         | 557/9818 [00:05<01:34, 97.53it/s]
  6%|▌         | 567/9818 [00:06<01:36, 96.26it/s]
  6%|▌         | 577/9818 [00:06<01:37, 94.81it/s]
  6%|▌         | 587/9818 [00:06<01:38, 93.69it/s]
  6%|▌         | 597/9818 [00:06<01:37, 94.88it/s]
  6%|▌         | 607/9818 [00:06<01:37, 94.56it/s]
  6%|▋         | 617/9818 [00:06<01:38, 93.59it/s]
  6%|▋         | 628/9818 [00:06<01:35, 96.04it/s]
  7%|▋         | 639/9818 [00:06<01:34, 97.59it/s]
  7%|▋         | 649/9818 [00:06<01:34, 97.48it/s]
  7%|▋         | 659/9818 [00:06<01:33, 97.83it/s]
  7%|▋         | 670/9818 [00:07<01:33, 98.11it/s]
  7%|▋         | 680/9818 [00:07<01:33, 97.99it/s]
  7%|▋         | 690/9818 [00:07<01:33, 97.42it/s]
  7%|▋         | 700/9818 [00:07<01:34, 96.88it/s]
  7%|▋         | 710/9818 [00:07<01:33, 97.65it/s]
  7%|▋         | 720/9818 [00:07<01:34, 95.96it/s]
  7%|▋         | 730/9818 [00:07<01:39, 90.95it/s]
  8%|▊         | 740/9818 [00:07<01:40, 90.51it/s]
  8%|▊         | 750/9818 [00:07<01:40, 90.15it/s]
  8%|▊         | 760/9818 [00:08<01:39, 91.31it/s]
  8%|▊         | 770/9818 [00:08<01:38, 91.95it/s]
  8%|▊         | 780/9818 [00:08<01:37, 92.51it/s]
  8%|▊         | 790/9818 [00:08<01:37, 92.98it/s]
  8%|▊         | 801/9818 [00:08<01:34, 95.19it/s]
  8%|▊         | 811/9818 [00:08<01:33, 96.07it/s]
  8%|▊         | 822/9818 [00:08<01:31, 98.17it/s]
  8%|▊         | 832/9818 [00:08<01:31, 98.42it/s]
  9%|▊         | 842/9818 [00:08<01:32, 96.72it/s]
  9%|▊         | 852/9818 [00:09<01:33, 95.90it/s]
  9%|▉         | 862/9818 [00:09<01:33, 95.76it/s]
  9%|▉         | 872/9818 [00:09<01:33, 95.75it/s]
  9%|▉         | 882/9818 [00:09<01:34, 94.64it/s]
  9%|▉         | 892/9818 [00:09<01:34, 94.26it/s]
  9%|▉         | 902/9818 [00:09<01:35, 93.81it/s]
  9%|▉         | 912/9818 [00:09<01:35, 92.91it/s]
  9%|▉         | 922/9818 [00:09<01:35, 93.33it/s]
  9%|▉         | 932/9818 [00:09<01:34, 93.64it/s]
 10%|▉         | 942/9818 [00:09<01:33, 95.08it/s]
 10%|▉         | 952/9818 [00:10<01:32, 95.45it/s]
 10%|▉         | 962/9818 [00:10<01:33, 94.34it/s]
 10%|▉         | 972/9818 [00:10<01:33, 94.69it/s]
 10%|█         | 982/9818 [00:10<01:34, 93.81it/s]
 10%|█         | 992/9818 [00:10<01:32, 95.16it/s]
 10%|█         | 1002/9818 [00:10<01:33, 94.17it/s]
 10%|█         | 1012/9818 [00:10<01:33, 94.09it/s]
 10%|█         | 1022/9818 [00:10<01:33, 93.85it/s]
 11%|█         | 1032/9818 [00:10<01:35, 92.23it/s]
 11%|█         | 1042/9818 [00:11<01:35, 92.32it/s]
 11%|█         | 1052/9818 [00:11<01:34, 93.02it/s]
 11%|█         | 1062/9818 [00:11<01:32, 94.36it/s]
 11%|█         | 1072/9818 [00:11<01:40, 86.99it/s]
 11%|█         | 1081/9818 [00:11<01:58, 73.58it/s]
 11%|█         | 1091/9818 [00:11<01:51, 78.11it/s]
 11%|█         | 1101/9818 [00:11<01:46, 82.12it/s]
 11%|█▏        | 1111/9818 [00:11<01:41, 85.91it/s]
 11%|█▏        | 1122/9818 [00:11<01:36, 90.17it/s]
 12%|█▏        | 1132/9818 [00:12<01:35, 91.30it/s]
 12%|█▏        | 1142/9818 [00:12<01:34, 92.15it/s]
 12%|█▏        | 1152/9818 [00:12<01:40, 85.96it/s]
 12%|█▏        | 1162/9818 [00:12<01:38, 87.54it/s]
 12%|█▏        | 1172/9818 [00:12<01:35, 90.35it/s]
 12%|█▏        | 1182/9818 [00:12<01:34, 91.70it/s]
 12%|█▏        | 1192/9818 [00:12<01:33, 92.41it/s]
 12%|█▏        | 1202/9818 [00:12<01:33, 92.20it/s]
 12%|█▏        | 1212/9818 [00:12<01:34, 90.88it/s]
 12%|█▏        | 1222/9818 [00:13<01:32, 92.67it/s]
 13%|█▎        | 1233/9818 [00:13<01:30, 94.58it/s]
 13%|█▎        | 1243/9818 [00:13<01:37, 88.10it/s]
 13%|█▎        | 1252/9818 [00:13<01:37, 88.24it/s]
 13%|█▎        | 1261/9818 [00:13<01:41, 84.18it/s]
 13%|█▎        | 1270/9818 [00:13<01:45, 81.11it/s]
 13%|█▎        | 1279/9818 [00:13<01:42, 83.44it/s]
 13%|█▎        | 1288/9818 [00:13<01:42, 83.02it/s]
 13%|█▎        | 1298/9818 [00:13<01:38, 86.23it/s]
 13%|█▎        | 1308/9818 [00:14<01:38, 86.68it/s]
 13%|█▎        | 1318/9818 [00:14<01:36, 87.97it/s]
 14%|█▎        | 1327/9818 [00:14<01:36, 88.22it/s]
 14%|█▎        | 1337/9818 [00:14<01:34, 89.97it/s]
 14%|█▎        | 1347/9818 [00:14<01:36, 87.96it/s]
 14%|█▍        | 1356/9818 [00:14<01:36, 88.09it/s]
 14%|█▍        | 1365/9818 [00:14<01:38, 86.03it/s]
 14%|█▍        | 1374/9818 [00:14<01:37, 86.41it/s]
 14%|█▍        | 1385/9818 [00:14<01:33, 90.50it/s]
 14%|█▍        | 1395/9818 [00:15<01:30, 92.94it/s]
 14%|█▍        | 1405/9818 [00:15<01:29, 93.83it/s]
 14%|█▍        | 1415/9818 [00:15<01:32, 90.39it/s]
 15%|█▍        | 1425/9818 [00:15<01:35, 87.80it/s]
 15%|█▍        | 1435/9818 [00:15<01:34, 88.81it/s]
 15%|█▍        | 1444/9818 [00:15<01:37, 86.27it/s]
 15%|█▍        | 1454/9818 [00:15<01:34, 88.87it/s]
 15%|█▍        | 1463/9818 [00:15<01:33, 89.08it/s]
 15%|█▌        | 1473/9818 [00:15<01:30, 91.85it/s]
 15%|█▌        | 1483/9818 [00:16<01:28, 93.75it/s]
 15%|█▌        | 1493/9818 [00:16<01:29, 93.44it/s]
 15%|█▌        | 1503/9818 [00:16<01:27, 95.12it/s]
 15%|█▌        | 1513/9818 [00:16<01:29, 93.06it/s]
 16%|█▌        | 1523/9818 [00:16<01:27, 94.30it/s]
 16%|█▌        | 1533/9818 [00:16<01:26, 95.55it/s]
 16%|█▌        | 1543/9818 [00:16<01:27, 94.82it/s]
 16%|█▌        | 1553/9818 [00:16<01:28, 93.83it/s]
 16%|█▌        | 1563/9818 [00:16<01:27, 94.05it/s]
 16%|█▌        | 1573/9818 [00:17<01:29, 92.58it/s]
 16%|█▌        | 1583/9818 [00:17<01:27, 94.57it/s]
 16%|█▌        | 1593/9818 [00:17<01:26, 94.89it/s]
 16%|█▋        | 1603/9818 [00:17<01:27, 93.83it/s]
 16%|█▋        | 1613/9818 [00:17<01:28, 92.82it/s]
 17%|█▋        | 1623/9818 [00:17<01:28, 92.77it/s]
 17%|█▋        | 1633/9818 [00:17<01:29, 91.92it/s]
 17%|█▋        | 1643/9818 [00:17<01:28, 91.96it/s]
 17%|█▋        | 1653/9818 [00:17<01:26, 93.86it/s]
 17%|█▋        | 1663/9818 [00:17<01:26, 94.34it/s]
 17%|█▋        | 1673/9818 [00:18<01:26, 93.64it/s]
 17%|█▋        | 1683/9818 [00:18<01:25, 95.03it/s]
 17%|█▋        | 1693/9818 [00:18<01:29, 91.09it/s]
 17%|█▋        | 1703/9818 [00:18<01:30, 89.52it/s]
 17%|█▋        | 1713/9818 [00:18<01:27, 92.10it/s]
 18%|█▊        | 1723/9818 [00:18<01:26, 93.78it/s]
 18%|█▊        | 1733/9818 [00:18<01:27, 92.69it/s]
 18%|█▊        | 1743/9818 [00:18<01:28, 91.27it/s]
 18%|█▊        | 1753/9818 [00:18<01:27, 91.93it/s]
 18%|█▊        | 1763/9818 [00:19<01:26, 93.37it/s]
 18%|█▊        | 1773/9818 [00:19<01:25, 94.16it/s]
 18%|█▊        | 1783/9818 [00:19<01:27, 91.96it/s]
 18%|█▊        | 1793/9818 [00:19<01:27, 92.12it/s]
 18%|█▊        | 1803/9818 [00:19<01:26, 92.22it/s]
 18%|█▊        | 1813/9818 [00:19<01:27, 91.95it/s]
 19%|█▊        | 1823/9818 [00:19<01:25, 93.44it/s]
 19%|█▊        | 1833/9818 [00:19<01:26, 92.40it/s]
 19%|█▉        | 1843/9818 [00:19<01:29, 89.31it/s]
 19%|█▉        | 1854/9818 [00:20<01:26, 92.43it/s]
 19%|█▉        | 1864/9818 [00:20<01:24, 93.72it/s]
 19%|█▉        | 1874/9818 [00:20<01:23, 95.23it/s]
 19%|█▉        | 1884/9818 [00:20<01:23, 94.88it/s]
 19%|█▉        | 1894/9818 [00:20<01:24, 93.51it/s]
 19%|█▉        | 1904/9818 [00:20<01:26, 91.25it/s]
 19%|█▉        | 1914/9818 [00:20<01:25, 92.61it/s]
 20%|█▉        | 1924/9818 [00:20<01:24, 93.53it/s]
 20%|█▉        | 1934/9818 [00:20<01:24, 93.75it/s]
 20%|█▉        | 1944/9818 [00:21<01:24, 92.90it/s]
 20%|█▉        | 1954/9818 [00:21<01:23, 93.67it/s]
 20%|██        | 1964/9818 [00:21<01:23, 94.63it/s]
 20%|██        | 1975/9818 [00:21<01:21, 96.50it/s]
 20%|██        | 1985/9818 [00:21<01:24, 92.89it/s]
 20%|██        | 1995/9818 [00:21<01:23, 94.18it/s]
 20%|██        | 2005/9818 [00:21<01:23, 93.60it/s]
 21%|██        | 2015/9818 [00:21<01:23, 93.00it/s]
 21%|██        | 2025/9818 [00:21<01:22, 94.25it/s]
 21%|██        | 2035/9818 [00:21<01:23, 92.76it/s]
 21%|██        | 2045/9818 [00:22<01:22, 94.61it/s]
 21%|██        | 2055/9818 [00:22<01:21, 94.70it/s]
 21%|██        | 2065/9818 [00:22<01:22, 93.86it/s]
 21%|██        | 2075/9818 [00:22<01:23, 93.24it/s]
 21%|██        | 2085/9818 [00:22<01:21, 94.56it/s]
 21%|██▏       | 2095/9818 [00:22<01:20, 95.69it/s]
 21%|██▏       | 2105/9818 [00:22<01:20, 95.57it/s]
 22%|██▏       | 2115/9818 [00:22<01:20, 95.56it/s]
 22%|██▏       | 2125/9818 [00:22<01:22, 93.09it/s]
 22%|██▏       | 2135/9818 [00:23<01:22, 92.93it/s]
 22%|██▏       | 2145/9818 [00:23<01:21, 93.67it/s]
 22%|██▏       | 2155/9818 [00:23<01:21, 94.50it/s]
 22%|██▏       | 2165/9818 [00:23<01:20, 95.38it/s]
 22%|██▏       | 2175/9818 [00:23<01:19, 95.89it/s]
 22%|██▏       | 2185/9818 [00:23<01:21, 93.45it/s]
 22%|██▏       | 2195/9818 [00:23<01:20, 94.56it/s]
 22%|██▏       | 2206/9818 [00:23<01:19, 95.48it/s]
 23%|██▎       | 2216/9818 [00:23<01:20, 94.96it/s]
 23%|██▎       | 2226/9818 [00:23<01:20, 94.45it/s]
 23%|██▎       | 2237/9818 [00:24<01:18, 96.24it/s]
 23%|██▎       | 2247/9818 [00:24<01:19, 94.68it/s]
 23%|██▎       | 2258/9818 [00:24<01:18, 96.62it/s]
 23%|██▎       | 2268/9818 [00:24<01:19, 94.48it/s]
 23%|██▎       | 2278/9818 [00:24<01:20, 94.06it/s]
 23%|██▎       | 2288/9818 [00:24<01:19, 94.30it/s]
 23%|██▎       | 2298/9818 [00:24<01:19, 94.45it/s]
 24%|██▎       | 2308/9818 [00:24<01:20, 92.79it/s]
 24%|██▎       | 2318/9818 [00:24<01:19, 94.04it/s]
 24%|██▎       | 2328/9818 [00:25<01:19, 94.48it/s]
 24%|██▍       | 2338/9818 [00:25<01:20, 92.76it/s]
 24%|██▍       | 2348/9818 [00:25<01:20, 93.02it/s]
 24%|██▍       | 2359/9818 [00:25<01:18, 95.41it/s]
 24%|██▍       | 2369/9818 [00:25<01:17, 96.41it/s]
 24%|██▍       | 2379/9818 [00:25<01:17, 95.58it/s]
 24%|██▍       | 2389/9818 [00:25<01:16, 96.58it/s]
 24%|██▍       | 2399/9818 [00:25<01:19, 93.71it/s]
 25%|██▍       | 2409/9818 [00:25<01:18, 94.17it/s]
 25%|██▍       | 2419/9818 [00:26<01:20, 92.13it/s]
 25%|██▍       | 2429/9818 [00:26<01:20, 91.81it/s]
 25%|██▍       | 2439/9818 [00:26<01:19, 92.88it/s]
 25%|██▍       | 2449/9818 [00:26<01:19, 92.73it/s]
 25%|██▌       | 2459/9818 [00:26<01:18, 94.00it/s]
 25%|██▌       | 2469/9818 [00:26<01:18, 93.99it/s]
 25%|██▌       | 2479/9818 [00:26<01:18, 93.22it/s]
 25%|██▌       | 2489/9818 [00:26<01:17, 94.36it/s]
 25%|██▌       | 2499/9818 [00:26<01:17, 93.89it/s]
 26%|██▌       | 2509/9818 [00:26<01:17, 94.15it/s]
 26%|██▌       | 2519/9818 [00:27<01:17, 93.93it/s]
 26%|██▌       | 2529/9818 [00:27<01:18, 92.93it/s]
 26%|██▌       | 2539/9818 [00:27<01:17, 94.02it/s]
 26%|██▌       | 2549/9818 [00:27<01:18, 92.78it/s]
 26%|██▌       | 2559/9818 [00:27<01:19, 91.47it/s]
 26%|██▌       | 2569/9818 [00:27<01:17, 93.08it/s]
 26%|██▋       | 2580/9818 [00:27<01:15, 95.28it/s]
 26%|██▋       | 2591/9818 [00:27<01:14, 97.37it/s]
 26%|██▋       | 2601/9818 [00:27<01:15, 95.10it/s]
 27%|██▋       | 2611/9818 [00:28<01:15, 95.56it/s]
 27%|██▋       | 2621/9818 [00:28<01:18, 92.22it/s]
 27%|██▋       | 2631/9818 [00:28<01:17, 92.59it/s]
 27%|██▋       | 2641/9818 [00:28<01:16, 93.25it/s]
 27%|██▋       | 2652/9818 [00:28<01:14, 95.55it/s]
 27%|██▋       | 2662/9818 [00:28<01:14, 95.51it/s]
 27%|██▋       | 2672/9818 [00:28<01:16, 93.73it/s]
 27%|██▋       | 2682/9818 [00:28<01:18, 90.96it/s]
 27%|██▋       | 2692/9818 [00:28<01:18, 91.21it/s]
 28%|██▊       | 2702/9818 [00:29<01:17, 91.58it/s]
 28%|██▊       | 2712/9818 [00:29<01:15, 93.60it/s]
 28%|██▊       | 2722/9818 [00:29<01:15, 93.65it/s]
 28%|██▊       | 2733/9818 [00:29<01:14, 95.38it/s]
 28%|██▊       | 2743/9818 [00:29<01:13, 95.62it/s]
 28%|██▊       | 2753/9818 [00:29<01:15, 93.15it/s]
 28%|██▊       | 2763/9818 [00:29<01:14, 94.24it/s]
 28%|██▊       | 2773/9818 [00:29<01:14, 93.95it/s]
 28%|██▊       | 2783/9818 [00:29<01:16, 92.32it/s]
 28%|██▊       | 2793/9818 [00:30<01:15, 93.07it/s]
 29%|██▊       | 2803/9818 [00:30<01:16, 91.66it/s]
 29%|██▊       | 2813/9818 [00:30<01:14, 93.67it/s]
 29%|██▉       | 2823/9818 [00:30<01:13, 94.79it/s]
 29%|██▉       | 2833/9818 [00:30<01:13, 95.32it/s]
 29%|██▉       | 2843/9818 [00:30<01:13, 95.44it/s]
 29%|██▉       | 2853/9818 [00:30<01:12, 95.69it/s]
 29%|██▉       | 2863/9818 [00:30<01:13, 95.15it/s]
 29%|██▉       | 2874/9818 [00:30<01:11, 96.88it/s]
 29%|██▉       | 2884/9818 [00:30<01:11, 97.37it/s]
 29%|██▉       | 2894/9818 [00:31<01:11, 96.18it/s]
 30%|██▉       | 2904/9818 [00:31<01:13, 94.70it/s]
 30%|██▉       | 2914/9818 [00:31<01:12, 95.29it/s]
 30%|██▉       | 2924/9818 [00:31<01:13, 93.88it/s]
 30%|██▉       | 2934/9818 [00:31<01:13, 93.79it/s]
 30%|██▉       | 2944/9818 [00:31<01:12, 94.30it/s]
 30%|███       | 2954/9818 [00:31<01:12, 94.71it/s]
 30%|███       | 2964/9818 [00:31<01:12, 94.92it/s]
 30%|███       | 2974/9818 [00:31<01:12, 93.82it/s]
 30%|███       | 2984/9818 [00:32<01:12, 94.44it/s]
 30%|███       | 2994/9818 [00:32<01:12, 93.85it/s]
 31%|███       | 3004/9818 [00:32<01:13, 93.13it/s]
 31%|███       | 3014/9818 [00:32<01:11, 94.74it/s]
 31%|███       | 3025/9818 [00:32<01:10, 96.83it/s]
 31%|███       | 3035/9818 [00:32<01:11, 95.21it/s]
 31%|███       | 3045/9818 [00:32<01:11, 94.14it/s]
 31%|███       | 3055/9818 [00:32<01:12, 92.88it/s]
 31%|███       | 3065/9818 [00:32<01:13, 92.44it/s]
 31%|███▏      | 3075/9818 [00:33<01:12, 92.48it/s]
 31%|███▏      | 3085/9818 [00:33<01:12, 93.22it/s]
 32%|███▏      | 3095/9818 [00:33<01:11, 94.67it/s]
 32%|███▏      | 3105/9818 [00:33<01:11, 94.26it/s]
 32%|███▏      | 3115/9818 [00:33<01:10, 95.01it/s]
 32%|███▏      | 3125/9818 [00:33<01:10, 94.61it/s]
 32%|███▏      | 3135/9818 [00:33<01:10, 94.53it/s]
 32%|███▏      | 3145/9818 [00:33<01:11, 92.94it/s]
 32%|███▏      | 3155/9818 [00:33<01:10, 94.08it/s]
 32%|███▏      | 3165/9818 [00:33<01:11, 92.49it/s]
 32%|███▏      | 3175/9818 [00:34<01:14, 88.60it/s]
 32%|███▏      | 3185/9818 [00:34<01:13, 90.30it/s]
 33%|███▎      | 3195/9818 [00:34<01:12, 91.79it/s]
 33%|███▎      | 3205/9818 [00:34<01:11, 92.68it/s]
 33%|███▎      | 3215/9818 [00:34<01:10, 93.70it/s]
 33%|███▎      | 3225/9818 [00:34<01:11, 91.94it/s]
 33%|███▎      | 3235/9818 [00:34<01:10, 93.49it/s]
 33%|███▎      | 3246/9818 [00:34<01:08, 95.66it/s]
 33%|███▎      | 3256/9818 [00:34<01:08, 95.21it/s]
 33%|███▎      | 3266/9818 [00:35<01:08, 95.66it/s]
 33%|███▎      | 3276/9818 [00:35<01:09, 94.26it/s]
 33%|███▎      | 3286/9818 [00:35<01:08, 95.29it/s]
 34%|███▎      | 3296/9818 [00:35<01:09, 94.29it/s]
 34%|███▎      | 3307/9818 [00:35<01:07, 96.27it/s]
 34%|███▍      | 3317/9818 [00:35<01:07, 95.94it/s]
 34%|███▍      | 3327/9818 [00:35<01:07, 96.11it/s]
 34%|███▍      | 3337/9818 [00:35<01:07, 96.69it/s]
 34%|███▍      | 3347/9818 [00:35<01:08, 94.95it/s]
 34%|███▍      | 3357/9818 [00:36<01:07, 95.04it/s]
 34%|███▍      | 3367/9818 [00:36<01:06, 96.38it/s]
 34%|███▍      | 3377/9818 [00:36<01:06, 96.55it/s]
 34%|███▍      | 3387/9818 [00:36<01:07, 94.65it/s]
 35%|███▍      | 3397/9818 [00:36<01:08, 93.40it/s]
 35%|███▍      | 3408/9818 [00:36<01:07, 95.17it/s]
 35%|███▍      | 3418/9818 [00:36<01:07, 94.61it/s]
 35%|███▍      | 3428/9818 [00:36<01:06, 95.82it/s]
 35%|███▌      | 3438/9818 [00:36<01:07, 93.91it/s]
 35%|███▌      | 3448/9818 [00:36<01:08, 92.70it/s]
 35%|███▌      | 3458/9818 [00:37<01:09, 92.08it/s]
 35%|███▌      | 3468/9818 [00:37<01:08, 92.28it/s]
 35%|███▌      | 3478/9818 [00:37<01:11, 88.33it/s]
 36%|███▌      | 3488/9818 [00:37<01:11, 88.52it/s]
 36%|███▌      | 3498/9818 [00:37<01:09, 91.35it/s]
 36%|███▌      | 3508/9818 [00:37<01:09, 91.26it/s]
 36%|███▌      | 3518/9818 [00:37<01:08, 91.67it/s]
 36%|███▌      | 3529/9818 [00:37<01:06, 93.97it/s]
 36%|███▌      | 3539/9818 [00:37<01:08, 92.30it/s]
 36%|███▌      | 3549/9818 [00:38<01:08, 91.85it/s]
 36%|███▌      | 3559/9818 [00:38<01:06, 93.62it/s]
 36%|███▋      | 3569/9818 [00:38<01:06, 93.35it/s]
 36%|███▋      | 3579/9818 [00:38<01:06, 94.32it/s]
 37%|███▋      | 3589/9818 [00:38<01:08, 90.67it/s]
 37%|███▋      | 3599/9818 [00:38<01:07, 92.13it/s]
 37%|███▋      | 3609/9818 [00:38<01:07, 92.01it/s]
 37%|███▋      | 3619/9818 [00:38<01:06, 93.70it/s]
 37%|███▋      | 3629/9818 [00:38<01:07, 91.78it/s]
 37%|███▋      | 3639/9818 [00:39<01:06, 92.73it/s]
 37%|███▋      | 3649/9818 [00:39<01:07, 91.63it/s]
 37%|███▋      | 3659/9818 [00:39<01:07, 91.55it/s]
 37%|███▋      | 3669/9818 [00:39<01:06, 92.51it/s]
 37%|███▋      | 3679/9818 [00:39<01:06, 91.75it/s]
 38%|███▊      | 3689/9818 [00:39<01:07, 90.78it/s]
 38%|███▊      | 3699/9818 [00:39<01:07, 90.72it/s]
 38%|███▊      | 3709/9818 [00:39<01:06, 92.04it/s]
 38%|███▊      | 3719/9818 [00:39<01:06, 91.67it/s]
 38%|███▊      | 3729/9818 [00:40<01:05, 93.22it/s]
 38%|███▊      | 3739/9818 [00:40<01:04, 94.79it/s]
 38%|███▊      | 3749/9818 [00:40<01:04, 93.74it/s]
 38%|███▊      | 3760/9818 [00:40<01:03, 96.14it/s]
 38%|███▊      | 3770/9818 [00:40<01:02, 96.61it/s]
 39%|███▊      | 3780/9818 [00:40<01:02, 96.41it/s]
 39%|███▊      | 3790/9818 [00:40<01:04, 93.00it/s]
 39%|███▊      | 3800/9818 [00:40<01:04, 93.37it/s]
 39%|███▉      | 3810/9818 [00:40<01:05, 92.09it/s]
 39%|███▉      | 3820/9818 [00:40<01:03, 93.87it/s]
 39%|███▉      | 3830/9818 [00:41<01:04, 92.84it/s]
 39%|███▉      | 3840/9818 [00:41<01:03, 94.54it/s]
 39%|███▉      | 3850/9818 [00:41<01:02, 95.66it/s]
 39%|███▉      | 3860/9818 [00:41<01:02, 95.91it/s]
 39%|███▉      | 3870/9818 [00:41<01:02, 95.02it/s]
 40%|███▉      | 3880/9818 [00:41<01:03, 93.97it/s]
 40%|███▉      | 3890/9818 [00:41<01:02, 95.28it/s]
 40%|███▉      | 3900/9818 [00:41<01:03, 93.17it/s]
 40%|███▉      | 3910/9818 [00:41<01:03, 92.75it/s]
 40%|███▉      | 3920/9818 [00:42<01:03, 92.75it/s]
 40%|████      | 3930/9818 [00:42<01:02, 94.81it/s]
 40%|████      | 3940/9818 [00:42<01:01, 95.19it/s]
 40%|████      | 3950/9818 [00:42<01:00, 96.22it/s]
 40%|████      | 3960/9818 [00:42<01:02, 93.89it/s]
 40%|████      | 3970/9818 [00:42<01:03, 91.78it/s]
 41%|████      | 3980/9818 [00:42<01:02, 93.28it/s]
 41%|████      | 3990/9818 [00:42<01:01, 95.01it/s]
 41%|████      | 4000/9818 [00:42<01:00, 95.97it/s]
 41%|████      | 4010/9818 [00:42<01:00, 95.76it/s]
 41%|████      | 4020/9818 [00:43<01:02, 93.26it/s]
 41%|████      | 4030/9818 [00:43<01:02, 92.56it/s]
 41%|████      | 4040/9818 [00:43<01:01, 94.27it/s]
 41%|████▏     | 4050/9818 [00:43<01:00, 94.91it/s]
 41%|████▏     | 4060/9818 [00:43<01:01, 93.79it/s]
 41%|████▏     | 4070/9818 [00:43<01:01, 94.15it/s]
 42%|████▏     | 4080/9818 [00:43<01:01, 93.99it/s]
 42%|████▏     | 4090/9818 [00:43<01:01, 93.82it/s]
 42%|████▏     | 4100/9818 [00:43<01:00, 95.08it/s]
 42%|████▏     | 4110/9818 [00:44<01:00, 93.86it/s]
 42%|████▏     | 4120/9818 [00:44<01:00, 94.96it/s]
 42%|████▏     | 4130/9818 [00:44<00:59, 96.06it/s]
 42%|████▏     | 4140/9818 [00:44<00:59, 95.38it/s]
 42%|████▏     | 4150/9818 [00:44<01:01, 92.35it/s]
 42%|████▏     | 4160/9818 [00:44<01:01, 91.52it/s]
 42%|████▏     | 4170/9818 [00:44<01:00, 93.36it/s]
 43%|████▎     | 4180/9818 [00:44<01:00, 93.71it/s]
 43%|████▎     | 4190/9818 [00:44<01:00, 93.27it/s]
 43%|████▎     | 4200/9818 [00:45<01:01, 90.93it/s]
 43%|████▎     | 4210/9818 [00:45<01:01, 91.82it/s]
 43%|████▎     | 4220/9818 [00:45<01:01, 91.60it/s]
 43%|████▎     | 4230/9818 [00:45<00:59, 93.46it/s]
 43%|████▎     | 4240/9818 [00:45<01:00, 91.87it/s]
 43%|████▎     | 4250/9818 [00:45<01:00, 92.70it/s]
 43%|████▎     | 4260/9818 [00:45<00:59, 93.32it/s]
 43%|████▎     | 4270/9818 [00:45<00:59, 92.95it/s]
 44%|████▎     | 4280/9818 [00:45<00:59, 92.93it/s]
 44%|████▎     | 4290/9818 [00:46<00:59, 92.61it/s]
 44%|████▍     | 4300/9818 [00:46<00:58, 93.98it/s]
 44%|████▍     | 4310/9818 [00:46<00:58, 94.87it/s]
 44%|████▍     | 4320/9818 [00:46<00:58, 94.22it/s]
 44%|████▍     | 4330/9818 [00:46<00:59, 92.69it/s]
 44%|████▍     | 4340/9818 [00:46<00:57, 94.55it/s]
 44%|████▍     | 4350/9818 [00:46<00:57, 94.72it/s]
 44%|████▍     | 4360/9818 [00:46<00:56, 96.06it/s]
 45%|████▍     | 4370/9818 [00:46<00:56, 95.85it/s]
 45%|████▍     | 4380/9818 [00:46<00:57, 94.16it/s]
 45%|████▍     | 4390/9818 [00:47<00:58, 92.28it/s]
 45%|████▍     | 4401/9818 [00:47<00:57, 94.72it/s]
 45%|████▍     | 4411/9818 [00:47<00:57, 93.78it/s]
 45%|████▌     | 4421/9818 [00:47<00:58, 92.06it/s]
 45%|████▌     | 4431/9818 [00:47<00:58, 91.98it/s]
 45%|████▌     | 4441/9818 [00:47<00:57, 93.60it/s]
 45%|████▌     | 4451/9818 [00:47<00:56, 94.78it/s]
 45%|████▌     | 4461/9818 [00:47<00:57, 93.74it/s]
 46%|████▌     | 4471/9818 [00:47<00:58, 91.42it/s]
 46%|████▌     | 4481/9818 [00:48<00:58, 90.68it/s]
 46%|████▌     | 4491/9818 [00:48<00:58, 90.72it/s]
 46%|████▌     | 4501/9818 [00:48<00:57, 92.54it/s]
 46%|████▌     | 4512/9818 [00:48<00:56, 94.48it/s]
 46%|████▌     | 4522/9818 [00:48<00:57, 92.74it/s]
 46%|████▌     | 4532/9818 [00:48<00:56, 93.11it/s]
 46%|████▋     | 4542/9818 [00:48<00:56, 93.75it/s]
 46%|████▋     | 4552/9818 [00:48<00:56, 92.42it/s]
 46%|████▋     | 4562/9818 [00:48<00:55, 94.12it/s]
 47%|████▋     | 4572/9818 [00:49<00:55, 94.50it/s]
 47%|████▋     | 4582/9818 [00:49<00:55, 94.77it/s]
 47%|████▋     | 4592/9818 [00:49<00:54, 95.11it/s]
 47%|████▋     | 4602/9818 [00:49<00:55, 93.88it/s]
 47%|████▋     | 4613/9818 [00:49<00:54, 95.87it/s]
 47%|████▋     | 4624/9818 [00:49<00:53, 97.40it/s]
 47%|████▋     | 4634/9818 [00:49<00:53, 97.61it/s]
 47%|████▋     | 4644/9818 [00:49<00:54, 94.64it/s]
 47%|████▋     | 4654/9818 [00:49<00:55, 92.40it/s]
 48%|████▊     | 4664/9818 [00:49<00:55, 92.06it/s]
 48%|████▊     | 4674/9818 [00:50<00:55, 93.40it/s]
 48%|████▊     | 4684/9818 [00:50<00:56, 91.48it/s]
 48%|████▊     | 4694/9818 [00:50<00:55, 92.55it/s]
 48%|████▊     | 4704/9818 [00:50<00:56, 90.67it/s]
 48%|████▊     | 4714/9818 [00:50<00:56, 90.44it/s]
 48%|████▊     | 4724/9818 [00:50<00:55, 91.55it/s]
 48%|████▊     | 4734/9818 [00:50<00:54, 92.58it/s]
 48%|████▊     | 4744/9818 [00:50<00:54, 92.65it/s]
 48%|████▊     | 4754/9818 [00:50<00:54, 92.33it/s]
 49%|████▊     | 4764/9818 [00:51<00:55, 90.40it/s]
 49%|████▊     | 4774/9818 [00:51<00:56, 90.00it/s]
 49%|████▊     | 4784/9818 [00:51<00:55, 91.51it/s]
 49%|████▉     | 4794/9818 [00:51<00:54, 92.01it/s]
 49%|████▉     | 4804/9818 [00:51<00:55, 89.64it/s]
 49%|████▉     | 4814/9818 [00:51<00:55, 90.90it/s]
 49%|████▉     | 4824/9818 [00:51<00:54, 92.23it/s]
 49%|████▉     | 4834/9818 [00:51<00:53, 93.65it/s]
 49%|████▉     | 4844/9818 [00:51<00:52, 95.15it/s]
 49%|████▉     | 4854/9818 [00:52<00:51, 96.52it/s]
 50%|████▉     | 4864/9818 [00:52<00:51, 96.26it/s]
 50%|████▉     | 4874/9818 [00:52<00:53, 92.23it/s]
 50%|████▉     | 4884/9818 [00:52<00:53, 91.77it/s]
 50%|████▉     | 4894/9818 [00:52<00:54, 90.38it/s]
 50%|████▉     | 4904/9818 [00:52<00:53, 92.07it/s]
 50%|█████     | 4914/9818 [00:52<00:53, 92.52it/s]
 50%|█████     | 4924/9818 [00:52<00:52, 93.13it/s]
 50%|█████     | 4934/9818 [00:52<00:51, 94.03it/s]
 50%|█████     | 4944/9818 [00:53<00:51, 94.50it/s]
 50%|█████     | 4954/9818 [00:53<00:52, 93.39it/s]
 51%|█████     | 4964/9818 [00:53<00:51, 95.06it/s]
 51%|█████     | 4974/9818 [00:53<00:50, 95.63it/s]
 51%|█████     | 4984/9818 [00:53<00:51, 93.68it/s]
 51%|█████     | 4994/9818 [00:53<00:52, 92.71it/s]
 51%|█████     | 5004/9818 [00:53<00:51, 93.16it/s]
 51%|█████     | 5014/9818 [00:53<00:52, 91.45it/s]
 51%|█████     | 5025/9818 [00:53<00:50, 94.42it/s]
 51%|█████▏    | 5035/9818 [00:53<00:50, 95.13it/s]
 51%|█████▏    | 5045/9818 [00:54<00:52, 91.44it/s]
 51%|█████▏    | 5055/9818 [00:54<00:51, 92.48it/s]
 52%|█████▏    | 5066/9818 [00:54<00:50, 94.83it/s]
 52%|█████▏    | 5076/9818 [00:54<00:49, 95.38it/s]
 52%|█████▏    | 5086/9818 [00:54<00:49, 95.70it/s]
 52%|█████▏    | 5096/9818 [00:54<00:49, 96.03it/s]
 52%|█████▏    | 5106/9818 [00:54<00:49, 95.02it/s]
 52%|█████▏    | 5116/9818 [00:54<00:49, 94.29it/s]
 52%|█████▏    | 5126/9818 [00:54<00:50, 93.20it/s]
 52%|█████▏    | 5136/9818 [00:55<00:49, 93.92it/s]
 52%|█████▏    | 5146/9818 [00:55<00:49, 94.25it/s]
 53%|█████▎    | 5156/9818 [00:55<00:49, 94.74it/s]
 53%|█████▎    | 5166/9818 [00:55<00:50, 92.94it/s]
 53%|█████▎    | 5176/9818 [00:55<00:49, 94.05it/s]
 53%|█████▎    | 5186/9818 [00:55<00:49, 93.54it/s]
 53%|█████▎    | 5197/9818 [00:55<00:48, 95.71it/s]
 53%|█████▎    | 5207/9818 [00:55<00:48, 95.82it/s]
 53%|█████▎    | 5217/9818 [00:55<00:48, 95.32it/s]
 53%|█████▎    | 5227/9818 [00:56<00:48, 94.87it/s]
 53%|█████▎    | 5237/9818 [00:56<00:48, 94.61it/s]
 53%|█████▎    | 5247/9818 [00:56<00:48, 94.63it/s]
 54%|█████▎    | 5257/9818 [00:56<00:48, 93.69it/s]
 54%|█████▎    | 5268/9818 [00:56<00:47, 96.38it/s]
 54%|█████▍    | 5279/9818 [00:56<00:46, 97.63it/s]
 54%|█████▍    | 5289/9818 [00:56<00:47, 96.35it/s]
 54%|█████▍    | 5299/9818 [00:56<00:47, 95.29it/s]
 54%|█████▍    | 5309/9818 [00:56<00:47, 95.08it/s]
 54%|█████▍    | 5319/9818 [00:56<00:47, 94.79it/s]
 54%|█████▍    | 5330/9818 [00:57<00:46, 96.49it/s]
 54%|█████▍    | 5340/9818 [00:57<00:46, 96.10it/s]
 54%|█████▍    | 5350/9818 [00:57<00:47, 94.64it/s]
 55%|█████▍    | 5360/9818 [00:57<00:47, 93.37it/s]
 55%|█████▍    | 5370/9818 [00:57<00:47, 93.71it/s]
 55%|█████▍    | 5380/9818 [00:57<00:47, 93.13it/s]
 55%|█████▍    | 5390/9818 [00:57<00:49, 89.80it/s]
 55%|█████▌    | 5400/9818 [00:57<00:47, 92.54it/s]
 55%|█████▌    | 5410/9818 [00:57<00:47, 93.73it/s]
 55%|█████▌    | 5420/9818 [00:58<00:46, 94.06it/s]
 55%|█████▌    | 5430/9818 [00:58<00:46, 94.04it/s]
 55%|█████▌    | 5440/9818 [00:58<00:45, 95.50it/s]
 56%|█████▌    | 5450/9818 [00:58<00:45, 95.90it/s]
 56%|█████▌    | 5460/9818 [00:58<00:46, 94.25it/s]
 56%|█████▌    | 5470/9818 [00:58<00:46, 94.19it/s]
 56%|█████▌    | 5481/9818 [00:58<00:44, 96.51it/s]
 56%|█████▌    | 5492/9818 [00:58<00:44, 97.27it/s]
 56%|█████▌    | 5502/9818 [00:58<00:44, 96.67it/s]
 56%|█████▌    | 5512/9818 [00:59<00:45, 94.86it/s]
 56%|█████▌    | 5522/9818 [00:59<00:44, 96.03it/s]
 56%|█████▋    | 5532/9818 [00:59<00:45, 94.45it/s]
 56%|█████▋    | 5542/9818 [00:59<00:45, 93.96it/s]
 57%|█████▋    | 5552/9818 [00:59<00:46, 92.10it/s]
 57%|█████▋    | 5562/9818 [00:59<00:46, 90.76it/s]
 57%|█████▋    | 5572/9818 [00:59<00:46, 91.98it/s]
 57%|█████▋    | 5582/9818 [00:59<00:45, 93.18it/s]
 57%|█████▋    | 5592/9818 [00:59<00:44, 94.34it/s]
 57%|█████▋    | 5602/9818 [00:59<00:44, 93.92it/s]
 57%|█████▋    | 5612/9818 [01:00<00:44, 94.29it/s]
 57%|█████▋    | 5622/9818 [01:00<00:44, 94.64it/s]
 57%|█████▋    | 5632/9818 [01:00<00:44, 94.40it/s]
 57%|█████▋    | 5642/9818 [01:00<00:45, 92.57it/s]
 58%|█████▊    | 5652/9818 [01:00<00:45, 92.28it/s]
 58%|█████▊    | 5662/9818 [01:00<00:44, 92.71it/s]
 58%|█████▊    | 5672/9818 [01:00<00:43, 94.39it/s]
 58%|█████▊    | 5682/9818 [01:00<00:43, 95.71it/s]
 58%|█████▊    | 5692/9818 [01:00<00:44, 93.63it/s]
 58%|█████▊    | 5702/9818 [01:01<00:43, 94.12it/s]
 58%|█████▊    | 5712/9818 [01:01<00:45, 90.00it/s]
 58%|█████▊    | 5722/9818 [01:01<00:44, 91.46it/s]
 58%|█████▊    | 5732/9818 [01:01<00:44, 91.76it/s]
 58%|█████▊    | 5742/9818 [01:01<00:43, 92.82it/s]
 59%|█████▊    | 5752/9818 [01:01<00:43, 92.44it/s]
 59%|█████▊    | 5762/9818 [01:01<00:44, 91.51it/s]
 59%|█████▉    | 5772/9818 [01:01<00:43, 93.39it/s]
 59%|█████▉    | 5782/9818 [01:01<00:43, 92.52it/s]
 59%|█████▉    | 5792/9818 [01:02<00:43, 92.98it/s]
 59%|█████▉    | 5802/9818 [01:02<00:43, 92.54it/s]
 59%|█████▉    | 5812/9818 [01:02<00:43, 93.14it/s]
 59%|█████▉    | 5822/9818 [01:02<00:42, 93.61it/s]
 59%|█████▉    | 5832/9818 [01:02<00:41, 94.96it/s]
 60%|█████▉    | 5842/9818 [01:02<00:42, 93.89it/s]
 60%|█████▉    | 5852/9818 [01:02<00:42, 94.27it/s]
 60%|█████▉    | 5862/9818 [01:02<00:41, 94.36it/s]
 60%|█████▉    | 5872/9818 [01:02<00:41, 93.98it/s]
 60%|█████▉    | 5882/9818 [01:02<00:42, 92.27it/s]
 60%|██████    | 5892/9818 [01:03<00:42, 93.27it/s]
 60%|██████    | 5902/9818 [01:03<00:42, 92.50it/s]
 60%|██████    | 5912/9818 [01:03<00:41, 93.36it/s]
 60%|██████    | 5922/9818 [01:03<00:41, 94.97it/s]
 60%|██████    | 5932/9818 [01:03<00:42, 91.70it/s]
 61%|██████    | 5942/9818 [01:03<00:41, 93.10it/s]
 61%|██████    | 5952/9818 [01:03<00:41, 94.29it/s]
 61%|██████    | 5962/9818 [01:03<00:40, 94.21it/s]
 61%|██████    | 5972/9818 [01:03<00:40, 95.09it/s]
 61%|██████    | 5982/9818 [01:04<00:39, 96.34it/s]
 61%|██████    | 5992/9818 [01:04<00:40, 95.56it/s]
 61%|██████    | 6003/9818 [01:04<00:39, 96.36it/s]
 61%|██████    | 6013/9818 [01:04<00:39, 95.60it/s]
 61%|██████▏   | 6023/9818 [01:04<00:39, 95.19it/s]
 61%|██████▏   | 6033/9818 [01:04<00:39, 96.17it/s]
 62%|██████▏   | 6044/9818 [01:04<00:38, 97.60it/s]
 62%|██████▏   | 6054/9818 [01:04<00:39, 96.45it/s]
 62%|██████▏   | 6064/9818 [01:04<00:38, 96.26it/s]
 62%|██████▏   | 6074/9818 [01:05<00:38, 96.97it/s]
 62%|██████▏   | 6084/9818 [01:05<00:39, 94.65it/s]
 62%|██████▏   | 6094/9818 [01:05<00:39, 93.78it/s]
 62%|██████▏   | 6104/9818 [01:05<00:40, 92.67it/s]
 62%|██████▏   | 6114/9818 [01:05<00:39, 93.39it/s]
 62%|██████▏   | 6124/9818 [01:05<00:39, 92.66it/s]
 62%|██████▏   | 6134/9818 [01:05<00:39, 93.64it/s]
 63%|██████▎   | 6144/9818 [01:05<00:38, 95.03it/s]
 63%|██████▎   | 6155/9818 [01:05<00:37, 97.05it/s]
 63%|██████▎   | 6165/9818 [01:05<00:38, 94.19it/s]
 63%|██████▎   | 6175/9818 [01:06<00:38, 94.85it/s]
 63%|██████▎   | 6185/9818 [01:06<00:38, 95.57it/s]
 63%|██████▎   | 6195/9818 [01:06<00:38, 93.71it/s]
 63%|██████▎   | 6205/9818 [01:06<00:38, 93.17it/s]
 63%|██████▎   | 6215/9818 [01:06<00:38, 93.88it/s]
 63%|██████▎   | 6225/9818 [01:06<00:37, 94.83it/s]
 64%|██████▎   | 6235/9818 [01:06<00:38, 93.23it/s]
 64%|██████▎   | 6245/9818 [01:06<00:38, 93.52it/s]
 64%|██████▎   | 6255/9818 [01:06<00:37, 95.20it/s]
 64%|██████▍   | 6265/9818 [01:07<00:37, 94.71it/s]
 64%|██████▍   | 6275/9818 [01:07<00:37, 93.82it/s]
 64%|██████▍   | 6285/9818 [01:07<00:38, 91.40it/s]
 64%|██████▍   | 6295/9818 [01:07<00:38, 91.68it/s]
 64%|██████▍   | 6305/9818 [01:07<00:38, 90.30it/s]
 64%|██████▍   | 6315/9818 [01:07<00:38, 91.80it/s]
 64%|██████▍   | 6325/9818 [01:07<00:37, 92.78it/s]
 65%|██████▍   | 6336/9818 [01:07<00:36, 95.87it/s]
 65%|██████▍   | 6346/9818 [01:07<00:36, 94.77it/s]
 65%|██████▍   | 6356/9818 [01:08<00:36, 93.98it/s]
 65%|██████▍   | 6366/9818 [01:08<00:36, 93.54it/s]
 65%|██████▍   | 6376/9818 [01:08<00:36, 93.23it/s]
 65%|██████▌   | 6386/9818 [01:08<00:36, 93.83it/s]
 65%|██████▌   | 6396/9818 [01:08<00:36, 94.02it/s]
 65%|██████▌   | 6406/9818 [01:08<00:35, 95.40it/s]
 65%|██████▌   | 6416/9818 [01:08<00:35, 94.51it/s]
 65%|██████▌   | 6427/9818 [01:08<00:35, 96.40it/s]
 66%|██████▌   | 6437/9818 [01:08<00:35, 96.37it/s]
 66%|██████▌   | 6447/9818 [01:08<00:34, 96.35it/s]
 66%|██████▌   | 6458/9818 [01:09<00:34, 98.15it/s]
 66%|██████▌   | 6469/9818 [01:09<00:33, 98.80it/s]
 66%|██████▌   | 6479/9818 [01:09<00:34, 95.59it/s]
 66%|██████▌   | 6489/9818 [01:09<00:35, 93.51it/s]
 66%|██████▌   | 6499/9818 [01:09<00:35, 92.68it/s]
 66%|██████▋   | 6510/9818 [01:09<00:34, 95.18it/s]
 66%|██████▋   | 6521/9818 [01:09<00:33, 97.11it/s]
 67%|██████▋   | 6531/9818 [01:09<00:34, 96.19it/s]
 67%|██████▋   | 6541/9818 [01:09<00:34, 95.23it/s]
 67%|██████▋   | 6551/9818 [01:10<00:34, 94.74it/s]
 67%|██████▋   | 6561/9818 [01:10<00:34, 94.14it/s]
 67%|██████▋   | 6571/9818 [01:10<00:34, 92.97it/s]
 67%|██████▋   | 6581/9818 [01:10<00:35, 91.86it/s]
 67%|██████▋   | 6591/9818 [01:10<00:34, 93.27it/s]
 67%|██████▋   | 6601/9818 [01:10<00:34, 92.89it/s]
 67%|██████▋   | 6611/9818 [01:10<00:35, 91.11it/s]
 67%|██████▋   | 6621/9818 [01:10<00:34, 92.15it/s]
 68%|██████▊   | 6631/9818 [01:10<00:34, 92.15it/s]
 68%|██████▊   | 6641/9818 [01:11<00:33, 93.61it/s]
 68%|██████▊   | 6651/9818 [01:11<00:33, 95.43it/s]
 68%|██████▊   | 6661/9818 [01:11<00:34, 92.00it/s]
 68%|██████▊   | 6671/9818 [01:11<00:33, 94.00it/s]
 68%|██████▊   | 6681/9818 [01:11<00:33, 94.37it/s]
 68%|██████▊   | 6691/9818 [01:11<00:33, 94.70it/s]
 68%|██████▊   | 6701/9818 [01:11<00:32, 96.15it/s]
 68%|██████▊   | 6711/9818 [01:11<00:32, 94.74it/s]
 68%|██████▊   | 6721/9818 [01:11<00:32, 93.93it/s]
 69%|██████▊   | 6731/9818 [01:11<00:33, 93.53it/s]
 69%|██████▊   | 6741/9818 [01:12<00:32, 94.10it/s]
 69%|██████▉   | 6751/9818 [01:12<00:32, 94.70it/s]
 69%|██████▉   | 6761/9818 [01:12<00:33, 91.40it/s]
 69%|██████▉   | 6771/9818 [01:12<00:32, 92.76it/s]
 69%|██████▉   | 6781/9818 [01:12<00:32, 93.03it/s]
 69%|██████▉   | 6791/9818 [01:12<00:33, 90.96it/s]
 69%|██████▉   | 6801/9818 [01:12<00:33, 89.87it/s]
 69%|██████▉   | 6812/9818 [01:12<00:32, 92.92it/s]
 69%|██████▉   | 6823/9818 [01:12<00:31, 95.35it/s]
 70%|██████▉   | 6833/9818 [01:13<00:31, 95.22it/s]
 70%|██████▉   | 6843/9818 [01:13<00:31, 95.07it/s]
 70%|██████▉   | 6853/9818 [01:13<00:31, 92.68it/s]
 70%|██████▉   | 6863/9818 [01:13<00:31, 93.88it/s]
 70%|███████   | 6873/9818 [01:13<00:30, 95.14it/s]
 70%|███████   | 6883/9818 [01:13<00:32, 91.14it/s]
 70%|███████   | 6893/9818 [01:13<00:31, 92.46it/s]
 70%|███████   | 6903/9818 [01:13<00:31, 92.74it/s]
 70%|███████   | 6913/9818 [01:13<00:31, 92.71it/s]
 71%|███████   | 6923/9818 [01:14<00:31, 92.65it/s]
 71%|███████   | 6933/9818 [01:14<00:31, 92.56it/s]
 71%|███████   | 6943/9818 [01:14<00:30, 93.34it/s]
 71%|███████   | 6953/9818 [01:14<00:30, 93.20it/s]
 71%|███████   | 6963/9818 [01:14<00:31, 91.17it/s]
 71%|███████   | 6973/9818 [01:14<00:31, 91.47it/s]
 71%|███████   | 6983/9818 [01:14<00:30, 91.94it/s]
 71%|███████   | 6993/9818 [01:14<00:30, 93.60it/s]
 71%|███████▏  | 7003/9818 [01:14<00:30, 93.27it/s]
 71%|███████▏  | 7014/9818 [01:15<00:29, 95.51it/s]
 72%|███████▏  | 7024/9818 [01:15<00:29, 94.53it/s]
 72%|███████▏  | 7034/9818 [01:15<00:29, 93.85it/s]
 72%|███████▏  | 7044/9818 [01:15<00:29, 93.21it/s]
 72%|███████▏  | 7054/9818 [01:15<00:29, 92.62it/s]
 72%|███████▏  | 7064/9818 [01:15<00:29, 92.54it/s]
 72%|███████▏  | 7074/9818 [01:15<00:30, 91.21it/s]
 72%|███████▏  | 7084/9818 [01:15<00:30, 88.22it/s]
 72%|███████▏  | 7094/9818 [01:15<00:30, 88.98it/s]
 72%|███████▏  | 7104/9818 [01:16<00:29, 90.49it/s]
 72%|███████▏  | 7114/9818 [01:16<00:29, 90.97it/s]
 73%|███████▎  | 7124/9818 [01:16<00:29, 92.10it/s]
 73%|███████▎  | 7134/9818 [01:16<00:28, 93.06it/s]
 73%|███████▎  | 7144/9818 [01:16<00:28, 93.62it/s]
 73%|███████▎  | 7154/9818 [01:16<00:28, 94.31it/s]
 73%|███████▎  | 7164/9818 [01:16<00:27, 94.88it/s]
 73%|███████▎  | 7174/9818 [01:16<00:27, 94.72it/s]
 73%|███████▎  | 7184/9818 [01:16<00:27, 95.39it/s]
 73%|███████▎  | 7195/9818 [01:16<00:26, 97.50it/s]
 73%|███████▎  | 7205/9818 [01:17<00:27, 96.69it/s]
 73%|███████▎  | 7215/9818 [01:17<00:27, 96.24it/s]
 74%|███████▎  | 7225/9818 [01:17<00:26, 96.46it/s]
 74%|███████▎  | 7235/9818 [01:17<00:27, 95.25it/s]
 74%|███████▍  | 7245/9818 [01:17<00:27, 94.15it/s]
 74%|███████▍  | 7255/9818 [01:17<00:27, 93.77it/s]
 74%|███████▍  | 7265/9818 [01:17<00:27, 93.44it/s]
 74%|███████▍  | 7275/9818 [01:17<00:27, 92.92it/s]
 74%|███████▍  | 7285/9818 [01:17<00:27, 93.67it/s]
 74%|███████▍  | 7295/9818 [01:18<00:27, 93.41it/s]
 74%|███████▍  | 7305/9818 [01:18<00:26, 93.22it/s]
 75%|███████▍  | 7315/9818 [01:18<00:26, 94.76it/s]
 75%|███████▍  | 7325/9818 [01:18<00:26, 92.60it/s]
 75%|███████▍  | 7335/9818 [01:18<00:26, 93.97it/s]
 75%|███████▍  | 7345/9818 [01:18<00:26, 94.50it/s]
 75%|███████▍  | 7355/9818 [01:18<00:25, 95.10it/s]
 75%|███████▌  | 7365/9818 [01:18<00:25, 95.32it/s]
 75%|███████▌  | 7375/9818 [01:18<00:26, 92.09it/s]
 75%|███████▌  | 7385/9818 [01:19<00:26, 92.44it/s]
 75%|███████▌  | 7395/9818 [01:19<00:25, 94.19it/s]
 75%|███████▌  | 7405/9818 [01:19<00:25, 94.44it/s]
 76%|███████▌  | 7415/9818 [01:19<00:25, 94.04it/s]
 76%|███████▌  | 7425/9818 [01:19<00:25, 94.46it/s]
 76%|███████▌  | 7435/9818 [01:19<00:25, 94.47it/s]
 76%|███████▌  | 7445/9818 [01:19<00:25, 91.35it/s]
 76%|███████▌  | 7455/9818 [01:19<00:25, 90.99it/s]
 76%|███████▌  | 7465/9818 [01:19<00:25, 91.32it/s]
 76%|███████▌  | 7475/9818 [01:19<00:25, 92.26it/s]
 76%|███████▌  | 7485/9818 [01:20<00:25, 91.21it/s]
 76%|███████▋  | 7495/9818 [01:20<00:25, 92.48it/s]
 76%|███████▋  | 7506/9818 [01:20<00:24, 94.41it/s]
 77%|███████▋  | 7516/9818 [01:20<00:24, 94.11it/s]
 77%|███████▋  | 7526/9818 [01:20<00:24, 95.09it/s]
 77%|███████▋  | 7536/9818 [01:20<00:23, 95.74it/s]
 77%|███████▋  | 7546/9818 [01:20<00:23, 95.58it/s]
 77%|███████▋  | 7556/9818 [01:20<00:23, 95.08it/s]
 77%|███████▋  | 7566/9818 [01:20<00:23, 95.86it/s]
 77%|███████▋  | 7576/9818 [01:21<00:23, 95.07it/s]
 77%|███████▋  | 7586/9818 [01:21<00:23, 94.84it/s]
 77%|███████▋  | 7596/9818 [01:21<00:23, 95.54it/s]
 77%|███████▋  | 7606/9818 [01:21<00:23, 95.21it/s]
 78%|███████▊  | 7616/9818 [01:21<00:23, 94.80it/s]
 78%|███████▊  | 7626/9818 [01:21<00:23, 93.94it/s]
 78%|███████▊  | 7636/9818 [01:21<00:23, 93.37it/s]
 78%|███████▊  | 7646/9818 [01:21<00:23, 90.93it/s]
 78%|███████▊  | 7656/9818 [01:21<00:23, 90.89it/s]
 78%|███████▊  | 7666/9818 [01:22<00:23, 91.74it/s]
 78%|███████▊  | 7676/9818 [01:22<00:23, 90.97it/s]
 78%|███████▊  | 7686/9818 [01:22<00:22, 93.27it/s]
 78%|███████▊  | 7697/9818 [01:22<00:22, 95.07it/s]
 78%|███████▊  | 7707/9818 [01:22<00:21, 96.40it/s]
 79%|███████▊  | 7717/9818 [01:22<00:21, 96.50it/s]
 79%|███████▊  | 7727/9818 [01:22<00:22, 94.67it/s]
 79%|███████▉  | 7737/9818 [01:22<00:21, 95.20it/s]
 79%|███████▉  | 7747/9818 [01:22<00:21, 94.45it/s]
 79%|███████▉  | 7757/9818 [01:22<00:21, 94.85it/s]
 79%|███████▉  | 7767/9818 [01:23<00:21, 96.31it/s]
 79%|███████▉  | 7777/9818 [01:23<00:21, 94.49it/s]
 79%|███████▉  | 7787/9818 [01:23<00:21, 93.93it/s]
 79%|███████▉  | 7797/9818 [01:23<00:21, 95.22it/s]
 80%|███████▉  | 7807/9818 [01:23<00:21, 92.09it/s]
 80%|███████▉  | 7817/9818 [01:23<00:21, 92.53it/s]
 80%|███████▉  | 7827/9818 [01:23<00:21, 93.26it/s]
 80%|███████▉  | 7837/9818 [01:23<00:21, 91.70it/s]
 80%|███████▉  | 7847/9818 [01:23<00:21, 91.61it/s]
 80%|████████  | 7857/9818 [01:24<00:20, 93.45it/s]
 80%|████████  | 7867/9818 [01:24<00:20, 93.98it/s]
 80%|████████  | 7877/9818 [01:24<00:20, 93.87it/s]
 80%|████████  | 7887/9818 [01:24<00:20, 95.20it/s]
 80%|████████  | 7897/9818 [01:24<00:20, 95.28it/s]
 81%|████████  | 7907/9818 [01:24<00:20, 94.74it/s]
 81%|████████  | 7917/9818 [01:24<00:19, 95.52it/s]
 81%|████████  | 7927/9818 [01:24<00:19, 95.48it/s]
 81%|████████  | 7937/9818 [01:24<00:19, 94.55it/s]
 81%|████████  | 7947/9818 [01:24<00:19, 94.39it/s]
 81%|████████  | 7958/9818 [01:25<00:19, 96.16it/s]
 81%|████████  | 7968/9818 [01:25<00:19, 93.76it/s]
 81%|████████▏ | 7978/9818 [01:25<00:19, 93.45it/s]
 81%|████████▏ | 7988/9818 [01:25<00:20, 88.83it/s]
 81%|████████▏ | 7998/9818 [01:25<00:20, 90.87it/s]
 82%|████████▏ | 8009/9818 [01:25<00:19, 93.84it/s]
 82%|████████▏ | 8019/9818 [01:25<00:19, 92.99it/s]
 82%|████████▏ | 8029/9818 [01:25<00:19, 91.31it/s]
 82%|████████▏ | 8039/9818 [01:25<00:19, 90.76it/s]
 82%|████████▏ | 8049/9818 [01:26<00:19, 92.19it/s]
 82%|████████▏ | 8059/9818 [01:26<00:19, 91.31it/s]
 82%|████████▏ | 8069/9818 [01:26<00:18, 93.29it/s]
 82%|████████▏ | 8079/9818 [01:26<00:18, 93.90it/s]
 82%|████████▏ | 8089/9818 [01:26<00:19, 90.83it/s]
 82%|████████▏ | 8099/9818 [01:26<00:18, 92.12it/s]
 83%|████████▎ | 8110/9818 [01:26<00:18, 94.64it/s]
 83%|████████▎ | 8120/9818 [01:26<00:18, 93.95it/s]
 83%|████████▎ | 8130/9818 [01:26<00:18, 91.94it/s]
 83%|████████▎ | 8140/9818 [01:27<00:18, 92.50it/s]
 83%|████████▎ | 8150/9818 [01:27<00:17, 92.89it/s]
 83%|████████▎ | 8160/9818 [01:27<00:17, 92.58it/s]
 83%|████████▎ | 8170/9818 [01:27<00:17, 93.07it/s]
 83%|████████▎ | 8180/9818 [01:27<00:17, 91.74it/s]
 83%|████████▎ | 8190/9818 [01:27<00:17, 92.74it/s]
 84%|████████▎ | 8200/9818 [01:27<00:17, 91.99it/s]
 84%|████████▎ | 8210/9818 [01:27<00:17, 92.23it/s]
 84%|████████▎ | 8220/9818 [01:27<00:17, 93.49it/s]
 84%|████████▍ | 8230/9818 [01:28<00:17, 92.33it/s]
 84%|████████▍ | 8240/9818 [01:28<00:16, 93.76it/s]
 84%|████████▍ | 8250/9818 [01:28<00:17, 91.82it/s]
 84%|████████▍ | 8260/9818 [01:28<00:17, 88.94it/s]
 84%|████████▍ | 8270/9818 [01:28<00:17, 90.04it/s]
 84%|████████▍ | 8280/9818 [01:28<00:16, 91.52it/s]
 84%|████████▍ | 8290/9818 [01:28<00:16, 90.20it/s]
 85%|████████▍ | 8300/9818 [01:28<00:16, 89.46it/s]
 85%|████████▍ | 8310/9818 [01:28<00:16, 91.23it/s]
 85%|████████▍ | 8320/9818 [01:29<00:16, 91.19it/s]
 85%|████████▍ | 8330/9818 [01:29<00:15, 93.49it/s]
 85%|████████▍ | 8340/9818 [01:29<00:15, 93.33it/s]
 85%|████████▌ | 8350/9818 [01:29<00:15, 93.26it/s]
 85%|████████▌ | 8360/9818 [01:29<00:15, 93.51it/s]
 85%|████████▌ | 8370/9818 [01:29<00:15, 93.53it/s]
 85%|████████▌ | 8380/9818 [01:29<00:15, 93.67it/s]
 85%|████████▌ | 8390/9818 [01:29<00:15, 94.13it/s]
 86%|████████▌ | 8400/9818 [01:29<00:14, 95.33it/s]
 86%|████████▌ | 8410/9818 [01:29<00:15, 92.82it/s]
 86%|████████▌ | 8420/9818 [01:30<00:15, 92.67it/s]
 86%|████████▌ | 8430/9818 [01:30<00:14, 92.98it/s]
 86%|████████▌ | 8440/9818 [01:30<00:14, 94.21it/s]
 86%|████████▌ | 8450/9818 [01:30<00:14, 95.16it/s]
 86%|████████▌ | 8460/9818 [01:30<00:14, 94.29it/s]
 86%|████████▋ | 8470/9818 [01:30<00:14, 94.96it/s]
 86%|████████▋ | 8480/9818 [01:30<00:14, 94.50it/s]
 86%|████████▋ | 8490/9818 [01:30<00:14, 94.37it/s]
 87%|████████▋ | 8500/9818 [01:30<00:13, 95.17it/s]
 87%|████████▋ | 8510/9818 [01:31<00:13, 95.51it/s]
 87%|████████▋ | 8520/9818 [01:31<00:13, 94.82it/s]
 87%|████████▋ | 8530/9818 [01:31<00:13, 94.89it/s]
 87%|████████▋ | 8540/9818 [01:31<00:13, 95.55it/s]
 87%|████████▋ | 8550/9818 [01:31<00:13, 92.98it/s]
 87%|████████▋ | 8560/9818 [01:31<00:13, 93.96it/s]
 87%|████████▋ | 8570/9818 [01:31<00:13, 91.35it/s]
 87%|████████▋ | 8580/9818 [01:31<00:13, 90.44it/s]
 87%|████████▋ | 8590/9818 [01:31<00:13, 91.62it/s]
 88%|████████▊ | 8600/9818 [01:32<00:13, 92.81it/s]
 88%|████████▊ | 8610/9818 [01:32<00:12, 93.73it/s]
 88%|████████▊ | 8621/9818 [01:32<00:12, 95.83it/s]
 88%|████████▊ | 8631/9818 [01:32<00:12, 95.21it/s]
 88%|████████▊ | 8641/9818 [01:32<00:12, 93.91it/s]
 88%|████████▊ | 8651/9818 [01:32<00:12, 94.31it/s]
 88%|████████▊ | 8661/9818 [01:32<00:12, 91.73it/s]
 88%|████████▊ | 8671/9818 [01:32<00:12, 93.96it/s]
 88%|████████▊ | 8681/9818 [01:32<00:12, 93.48it/s]
 89%|████████▊ | 8691/9818 [01:32<00:11, 94.65it/s]
 89%|████████▊ | 8701/9818 [01:33<00:11, 94.67it/s]
 89%|████████▊ | 8711/9818 [01:33<00:11, 94.88it/s]
 89%|████████▉ | 8722/9818 [01:33<00:11, 96.10it/s]
 89%|████████▉ | 8732/9818 [01:33<00:11, 95.56it/s]
 89%|████████▉ | 8742/9818 [01:33<00:11, 95.97it/s]
 89%|████████▉ | 8752/9818 [01:33<00:11, 95.46it/s]
 89%|████████▉ | 8762/9818 [01:33<00:11, 93.44it/s]
 89%|████████▉ | 8773/9818 [01:33<00:10, 95.28it/s]
 89%|████████▉ | 8783/9818 [01:33<00:10, 95.73it/s]
 90%|████████▉ | 8793/9818 [01:34<00:10, 95.28it/s]
 90%|████████▉ | 8803/9818 [01:34<00:11, 91.80it/s]
 90%|████████▉ | 8813/9818 [01:34<00:10, 92.17it/s]
 90%|████████▉ | 8823/9818 [01:34<00:10, 92.02it/s]
 90%|████████▉ | 8833/9818 [01:34<00:11, 88.17it/s]
 90%|█████████ | 8843/9818 [01:34<00:10, 91.03it/s]
 90%|█████████ | 8853/9818 [01:34<00:10, 92.58it/s]
 90%|█████████ | 8863/9818 [01:34<00:10, 91.27it/s]
 90%|█████████ | 8873/9818 [01:34<00:10, 92.57it/s]
 90%|█████████ | 8883/9818 [01:35<00:10, 93.32it/s]
 91%|█████████ | 8893/9818 [01:35<00:09, 93.72it/s]
 91%|█████████ | 8903/9818 [01:35<00:09, 93.84it/s]
 91%|█████████ | 8913/9818 [01:35<00:09, 91.63it/s]
 91%|█████████ | 8923/9818 [01:35<00:09, 92.33it/s]
 91%|█████████ | 8933/9818 [01:35<00:09, 93.47it/s]
 91%|█████████ | 8943/9818 [01:35<00:09, 94.04it/s]
 91%|█████████ | 8953/9818 [01:35<00:09, 92.60it/s]
 91%|█████████▏| 8963/9818 [01:35<00:09, 91.58it/s]
 91%|█████████▏| 8973/9818 [01:36<00:09, 93.37it/s]
 91%|█████████▏| 8983/9818 [01:36<00:09, 88.73it/s]
 92%|█████████▏| 8993/9818 [01:36<00:09, 90.11it/s]
 92%|█████████▏| 9003/9818 [01:36<00:09, 88.12it/s]
 92%|█████████▏| 9013/9818 [01:36<00:08, 90.39it/s]
 92%|█████████▏| 9023/9818 [01:36<00:08, 91.33it/s]
 92%|█████████▏| 9033/9818 [01:36<00:08, 93.52it/s]
 92%|█████████▏| 9043/9818 [01:36<00:08, 94.77it/s]
 92%|█████████▏| 9053/9818 [01:36<00:08, 93.14it/s]
 92%|█████████▏| 9063/9818 [01:36<00:08, 93.73it/s]
 92%|█████████▏| 9073/9818 [01:37<00:08, 92.21it/s]
 93%|█████████▎| 9083/9818 [01:37<00:07, 93.10it/s]
 93%|█████████▎| 9093/9818 [01:37<00:07, 92.36it/s]
 93%|█████████▎| 9104/9818 [01:37<00:07, 94.80it/s]
 93%|█████████▎| 9114/9818 [01:37<00:07, 95.70it/s]
 93%|█████████▎| 9124/9818 [01:37<00:07, 96.44it/s]
 93%|█████████▎| 9134/9818 [01:37<00:07, 96.36it/s]
 93%|█████████▎| 9144/9818 [01:37<00:07, 95.40it/s]
 93%|█████████▎| 9154/9818 [01:37<00:07, 94.43it/s]
 93%|█████████▎| 9164/9818 [01:38<00:06, 95.35it/s]
 93%|█████████▎| 9174/9818 [01:38<00:06, 96.30it/s]
 94%|█████████▎| 9184/9818 [01:38<00:06, 95.89it/s]
 94%|█████████▎| 9194/9818 [01:38<00:06, 94.78it/s]
 94%|█████████▎| 9204/9818 [01:38<00:06, 96.04it/s]
 94%|█████████▍| 9214/9818 [01:38<00:06, 96.42it/s]
 94%|█████████▍| 9224/9818 [01:38<00:06, 95.69it/s]
 94%|█████████▍| 9234/9818 [01:38<00:06, 95.22it/s]
 94%|█████████▍| 9244/9818 [01:38<00:05, 96.32it/s]
 94%|█████████▍| 9254/9818 [01:38<00:05, 96.39it/s]
 94%|█████████▍| 9264/9818 [01:39<00:05, 94.12it/s]
 94%|█████████▍| 9274/9818 [01:39<00:05, 94.01it/s]
 95%|█████████▍| 9284/9818 [01:39<00:05, 92.85it/s]
 95%|█████████▍| 9294/9818 [01:39<00:05, 91.17it/s]
 95%|█████████▍| 9304/9818 [01:39<00:05, 92.79it/s]
 95%|█████████▍| 9314/9818 [01:39<00:05, 92.14it/s]
 95%|█████████▍| 9324/9818 [01:39<00:05, 93.65it/s]
 95%|█████████▌| 9334/9818 [01:39<00:05, 93.18it/s]
 95%|█████████▌| 9344/9818 [01:39<00:05, 94.75it/s]
 95%|█████████▌| 9354/9818 [01:40<00:04, 94.04it/s]
 95%|█████████▌| 9364/9818 [01:40<00:04, 94.65it/s]
 95%|█████████▌| 9374/9818 [01:40<00:04, 92.99it/s]
 96%|█████████▌| 9384/9818 [01:40<00:04, 93.13it/s]
 96%|█████████▌| 9394/9818 [01:40<00:04, 94.35it/s]
 96%|█████████▌| 9404/9818 [01:40<00:04, 95.26it/s]
 96%|█████████▌| 9414/9818 [01:40<00:04, 95.57it/s]
 96%|█████████▌| 9424/9818 [01:40<00:04, 93.10it/s]
 96%|█████████▌| 9434/9818 [01:40<00:04, 93.79it/s]
 96%|█████████▌| 9444/9818 [01:41<00:04, 92.58it/s]
 96%|█████████▋| 9454/9818 [01:41<00:03, 91.37it/s]
 96%|█████████▋| 9464/9818 [01:41<00:03, 92.14it/s]
 96%|█████████▋| 9474/9818 [01:41<00:03, 92.74it/s]
 97%|█████████▋| 9484/9818 [01:41<00:03, 92.90it/s]
 97%|█████████▋| 9494/9818 [01:41<00:03, 92.73it/s]
 97%|█████████▋| 9504/9818 [01:41<00:03, 92.56it/s]
 97%|█████████▋| 9515/9818 [01:41<00:03, 94.87it/s]
 97%|█████████▋| 9525/9818 [01:41<00:03, 95.53it/s]
 97%|█████████▋| 9535/9818 [01:42<00:02, 94.79it/s]
 97%|█████████▋| 9545/9818 [01:42<00:02, 93.49it/s]
 97%|█████████▋| 9555/9818 [01:42<00:02, 94.47it/s]
 97%|█████████▋| 9565/9818 [01:42<00:02, 94.92it/s]
 98%|█████████▊| 9575/9818 [01:42<00:02, 95.76it/s]
 98%|█████████▊| 9585/9818 [01:42<00:02, 91.74it/s]
 98%|█████████▊| 9595/9818 [01:42<00:02, 91.33it/s]
 98%|█████████▊| 9605/9818 [01:42<00:02, 91.60it/s]
 98%|█████████▊| 9616/9818 [01:42<00:02, 94.39it/s]
 98%|█████████▊| 9626/9818 [01:42<00:02, 93.34it/s]
 98%|█████████▊| 9637/9818 [01:43<00:01, 95.12it/s]
 98%|█████████▊| 9647/9818 [01:43<00:01, 93.56it/s]
 98%|█████████▊| 9657/9818 [01:43<00:01, 91.49it/s]
 98%|█████████▊| 9668/9818 [01:43<00:01, 93.79it/s]
 99%|█████████▊| 9678/9818 [01:43<00:01, 93.97it/s]
 99%|█████████▊| 9688/9818 [01:43<00:01, 92.95it/s]
 99%|█████████▉| 9698/9818 [01:43<00:01, 92.57it/s]
 99%|█████████▉| 9708/9818 [01:43<00:01, 91.91it/s]
 99%|█████████▉| 9718/9818 [01:43<00:01, 90.58it/s]
 99%|█████████▉| 9728/9818 [01:44<00:00, 92.94it/s]
 99%|█████████▉| 9738/9818 [01:44<00:00, 92.83it/s]
 99%|█████████▉| 9748/9818 [01:44<00:00, 91.85it/s]
 99%|█████████▉| 9758/9818 [01:44<00:00, 90.65it/s]
 99%|█████████▉| 9768/9818 [01:44<00:00, 91.51it/s]
100%|█████████▉| 9778/9818 [01:44<00:00, 92.34it/s]
100%|█████████▉| 9788/9818 [01:44<00:00, 92.63it/s]
100%|█████████▉| 9798/9818 [01:44<00:00, 93.17it/s]
100%|█████████▉| 9808/9818 [01:44<00:00, 91.30it/s]
100%|██████████| 9818/9818 [01:45<00:00, 92.43it/s]/home/jy03364/.conda/envs/ciao/lib/python3.12/site-packages/transformers/data/metrics/__init__.py:61: FutureWarning: This metric will be removed from the library soon, metrics should be handled with the 🤗 Evaluate library. You can have a look at this example script for pointers: https://github.com/huggingface/transformers/blob/main/examples/pytorch/text-classification/run_glue.py
  warnings.warn(DEPRECATION_WARNING, FutureWarning)
/home/jy03364/.conda/envs/ciao/lib/python3.12/site-packages/transformers/data/metrics/__init__.py:31: FutureWarning: This metric will be removed from the library soon, metrics should be handled with the 🤗 Evaluate library. You can have a look at this example script for pointers: https://github.com/huggingface/transformers/blob/main/examples/pytorch/text-classification/run_glue.py
  warnings.warn(DEPRECATION_WARNING, FutureWarning)
INFO:src.trainer:{'eval_loss': 1.1811587810516357, 'eval_mnli/acc': 0.36009676597911894}
INFO:__main__:***** Eval results mnli *****
INFO:__main__:  eval_loss = 1.1811587810516357
INFO:__main__:  eval_mnli/acc = 0.36009676597911894

9828it [01:45, 90.63it/s]                          
9838it [01:45, 90.51it/s]
9849it [01:45, 93.59it/s]
9860it [01:45, 95.67it/s]
9870it [01:45, 93.92it/s]
9880it [01:45, 95.46it/s]
9890it [01:45, 95.87it/s]
9900it [01:45, 96.09it/s]
9910it [01:46, 95.70it/s]
9920it [01:46, 94.70it/s]
9930it [01:46, 92.93it/s]
9940it [01:46, 90.89it/s]
9951it [01:46, 93.83it/s]
9961it [01:46, 94.74it/s]
9971it [01:46, 95.22it/s]
9981it [01:46, 94.83it/s]
9991it [01:46, 94.18it/s]
10001it [01:46, 94.90it/s]
10011it [01:47, 95.95it/s]
10021it [01:47, 96.15it/s]
10031it [01:47, 95.93it/s]
10041it [01:47, 96.85it/s]
10051it [01:47, 96.14it/s]
10061it [01:47, 93.46it/s]
10071it [01:47, 94.30it/s]
10081it [01:47, 94.97it/s]
10091it [01:47, 94.65it/s]
10101it [01:48, 94.30it/s]
10111it [01:48, 93.84it/s]
10122it [01:48, 95.87it/s]
10132it [01:48, 94.74it/s]
10142it [01:48, 94.63it/s]
10152it [01:48, 92.98it/s]
10162it [01:48, 94.22it/s]
10172it [01:48, 94.72it/s]
10182it [01:48, 95.40it/s]
10192it [01:49, 93.03it/s]
10202it [01:49, 91.44it/s]
10212it [01:49, 93.61it/s]
10223it [01:49, 95.79it/s]
10233it [01:49, 93.00it/s]
10243it [01:49, 93.39it/s]
10253it [01:49, 91.83it/s]
10263it [01:49, 92.43it/s]
10273it [01:49, 93.08it/s]
10283it [01:49, 94.77it/s]
10293it [01:50, 93.43it/s]
10304it [01:50, 95.11it/s]
10314it [01:50, 91.32it/s]
10324it [01:50, 91.21it/s]
10334it [01:50, 92.40it/s]
10344it [01:50, 92.73it/s]
10354it [01:50, 94.46it/s]
10364it [01:50, 94.31it/s]
10374it [01:50, 95.82it/s]
10384it [01:51, 95.83it/s]
10395it [01:51, 97.04it/s]
10405it [01:51, 96.40it/s]
10415it [01:51, 95.69it/s]
10425it [01:51, 95.14it/s]
10435it [01:51, 94.69it/s]
10445it [01:51, 92.45it/s]
10455it [01:51, 92.83it/s]
10465it [01:51, 93.59it/s]
10475it [01:52, 93.57it/s]
10485it [01:52, 93.17it/s]
10495it [01:52, 94.27it/s]
10505it [01:52, 95.46it/s]
10515it [01:52, 95.94it/s]
10525it [01:52, 94.26it/s]
10535it [01:52, 93.75it/s]
10545it [01:52, 94.91it/s]
10555it [01:52, 96.09it/s]
10565it [01:52, 94.59it/s]
10575it [01:53, 93.92it/s]
10585it [01:53, 93.45it/s]
10595it [01:53, 95.32it/s]
10605it [01:53, 95.80it/s]
10615it [01:53, 94.51it/s]
10625it [01:53, 95.59it/s]
10635it [01:53, 95.81it/s]
10645it [01:53, 93.92it/s]
10655it [01:53, 93.76it/s]
10665it [01:54, 94.23it/s]
10675it [01:54, 94.39it/s]
10685it [01:54, 90.56it/s]
10695it [01:54, 90.79it/s]
10705it [01:54, 92.23it/s]
10715it [01:54, 94.20it/s]
10725it [01:54, 94.67it/s]
10735it [01:54, 95.58it/s]
10745it [01:54, 96.59it/s]
10755it [01:54, 95.22it/s]
10765it [01:55, 95.75it/s]
10775it [01:55, 96.16it/s]
10785it [01:55, 95.56it/s]
10795it [01:55, 93.94it/s]
10805it [01:55, 93.53it/s]
10815it [01:55, 94.32it/s]
10825it [01:55, 93.13it/s]
10835it [01:55, 93.35it/s]
10845it [01:55, 92.86it/s]
10855it [01:56, 94.63it/s]
10865it [01:56, 95.29it/s]
10875it [01:56, 95.40it/s]
10885it [01:56, 94.31it/s]
10895it [01:56, 92.84it/s]
10905it [01:56, 93.50it/s]
10916it [01:56, 95.55it/s]
10926it [01:56, 92.56it/s]
10936it [01:56, 93.48it/s]
10946it [01:57, 93.28it/s]
10956it [01:57, 94.39it/s]
10966it [01:57, 95.12it/s]
10976it [01:57, 91.43it/s]
10986it [01:57, 93.50it/s]
10996it [01:57, 95.17it/s]
11006it [01:57, 93.61it/s]
11016it [01:57, 94.26it/s]
11026it [01:57, 91.97it/s]
11036it [01:57, 93.19it/s]
11046it [01:58, 93.70it/s]
11056it [01:58, 92.13it/s]
11066it [01:58, 92.85it/s]
11076it [01:58, 94.57it/s]
11086it [01:58, 92.81it/s]
11096it [01:58, 94.38it/s]
11106it [01:58, 94.31it/s]
11116it [01:58, 95.12it/s]
11126it [01:58, 96.49it/s]
11136it [01:59, 96.63it/s]
11146it [01:59, 93.56it/s]
11156it [01:59, 94.07it/s]
11166it [01:59, 95.67it/s]
11176it [01:59, 94.03it/s]
11186it [01:59, 95.55it/s]
11196it [01:59, 96.58it/s]
11206it [01:59, 93.92it/s]
11216it [01:59, 92.96it/s]
11226it [02:00, 94.52it/s]
11236it [02:00, 94.79it/s]
11246it [02:00, 91.51it/s]
11256it [02:00, 91.75it/s]
11266it [02:00, 93.04it/s]
11276it [02:00, 93.73it/s]
11287it [02:00, 96.17it/s]
11297it [02:00, 94.94it/s]
11307it [02:00, 95.92it/s]
11317it [02:00, 94.81it/s]
11327it [02:01, 95.43it/s]
11337it [02:01, 96.60it/s]
11347it [02:01, 94.87it/s]
11357it [02:01, 94.88it/s]
11367it [02:01, 95.07it/s]
11377it [02:01, 92.54it/s]
11388it [02:01, 95.46it/s]
11398it [02:01, 95.24it/s]
11408it [02:01, 92.28it/s]
11418it [02:02, 92.10it/s]
11428it [02:02, 93.65it/s]
11438it [02:02, 93.02it/s]
11448it [02:02, 93.08it/s]
11458it [02:02, 93.76it/s]
11468it [02:02, 95.35it/s]
11478it [02:02, 94.75it/s]
11488it [02:02, 93.67it/s]
11499it [02:02, 94.06it/s]
11509it [02:03, 89.59it/s]
11519it [02:03, 90.59it/s]
11529it [02:03, 91.43it/s]
11539it [02:03, 90.70it/s]
11549it [02:03, 92.46it/s]
11559it [02:03, 91.17it/s]
11569it [02:03, 91.77it/s]
11579it [02:03, 92.17it/s]
11590it [02:03, 94.36it/s]
11600it [02:04, 91.56it/s]
11610it [02:04, 92.81it/s]
11620it [02:04, 93.56it/s]
11630it [02:04, 94.22it/s]
11640it [02:04, 92.65it/s]
11650it [02:04, 91.32it/s]
11660it [02:04, 91.65it/s]
11670it [02:04, 92.20it/s]
11680it [02:04, 92.64it/s]
11690it [02:04, 90.55it/s]
11700it [02:05, 90.74it/s]
11710it [02:05, 92.43it/s]
11720it [02:05, 93.39it/s]
11730it [02:05, 93.64it/s]
11740it [02:05, 94.39it/s]
11750it [02:05, 93.25it/s]
11760it [02:05, 93.69it/s]
11770it [02:05, 93.94it/s]
11780it [02:05, 94.30it/s]
11790it [02:06, 94.56it/s]
11800it [02:06, 94.77it/s]
11810it [02:06, 94.51it/s]
11820it [02:06, 92.45it/s]
11830it [02:06, 90.05it/s]
11840it [02:06, 90.41it/s]
11850it [02:06, 91.23it/s]
11860it [02:06, 90.05it/s]
11871it [02:06, 93.15it/s]
11881it [02:07, 89.53it/s]
11890it [02:07, 88.98it/s]
11900it [02:07, 89.20it/s]
11910it [02:07, 91.18it/s]
11920it [02:07, 92.88it/s]
11930it [02:07, 92.03it/s]
11940it [02:07, 93.60it/s]
11951it [02:07, 95.45it/s]
11961it [02:07, 95.60it/s]
11971it [02:08, 96.30it/s]
11981it [02:08, 96.05it/s]
11991it [02:08, 96.34it/s]
12001it [02:08, 96.49it/s]
12011it [02:08, 94.14it/s]
12021it [02:08, 94.96it/s]
12031it [02:08, 93.36it/s]
12041it [02:08, 93.51it/s]
12051it [02:08, 93.71it/s]
12061it [02:08, 92.04it/s]
12071it [02:09, 92.66it/s]
12081it [02:09, 94.53it/s]
12091it [02:09, 95.80it/s]
12101it [02:09, 96.25it/s]
12111it [02:09, 97.01it/s]
12121it [02:09, 96.53it/s]
12131it [02:09, 95.78it/s]
12141it [02:09, 93.60it/s]
12151it [02:09, 93.92it/s]
12162it [02:10, 95.61it/s]
12172it [02:10, 92.91it/s]
12183it [02:10, 95.19it/s]
12193it [02:10, 96.30it/s]
12203it [02:10, 95.24it/s]
12213it [02:10, 94.97it/s]
12223it [02:10, 95.63it/s]
12233it [02:10, 94.59it/s]
12243it [02:10, 94.54it/s]
12253it [02:10, 94.92it/s]
12263it [02:11, 94.29it/s]INFO:src.trainer:{'eval_loss': 1.1796271800994873, 'eval_mnli/acc': 0.35455934793683136}
INFO:__main__:***** Test results mnli *****
INFO:__main__:  eval_loss = 1.1796271800994873
INFO:__main__:  eval_mnli/acc = 0.35455934793683136
INFO:__main__:****** Output Dir *******
INFO:__main__:/scratch/jy03364/MeZO_/experiments/speed_bench_h100/zo_method_matrix_smoke4/roberta-large/MNLI/fp16/hizoo/run/seed16

12272it [02:11, 93.38it/s]

TASK: MNLI
K: 16
Seed: 16
Data seed: 16
Dataset mode: full
Full dev ratio: 0.1
BS: 32
LR: 1e-6
EPS: 1e-4
Step: 5; Eval step: 5000
Optimizer: sgd
Use trainer optimizer for ZO: False
Efficient zero order: False
Using adaptive h: False
Dataloader shuffle: False
Grid search tag: seed16-bs32-lr1e-6-eps1e-4-wd0-step5-evalstep5000
Tag: k16-roberta-large-mezo-zo-matrix-hizoo-fp16-mnli
Result root: /scratch/jy03364/MeZO_/experiments/speed_bench_h100/zo_method_matrix_smoke4/roberta-large/MNLI/fp16/hizoo
Job name: run
Output dir: /scratch/jy03364/MeZO_/experiments/speed_bench_h100/zo_method_matrix_smoke4/roberta-large/MNLI/fp16/hizoo/run/seed16
Dataset mode: full
Data root: data/k-shot-1k-test
Full dev ratio: 0.1
GPU数量: 1
RobertaConfig {
  "architectures": [
    "RobertaForMaskedLM"
  ],
  "attention_probs_dropout_prob": 0.1,
  "bos_token_id": 0,
  "classifier_dropout": null,
  "dtype": "float32",
  "eos_token_id": 2,
  "finetuning_task": "mnli",
  "hidden_act": "gelu",
  "hidden_dropout_prob": 0.1,
  "hidden_size": 1024,
  "id2label": {
    "0": "LABEL_0",
    "1": "LABEL_1",
    "2": "LABEL_2"
  },
  "initializer_range": 0.02,
  "intermediate_size": 4096,
  "label2id": {
    "LABEL_0": 0,
    "LABEL_1": 1,
    "LABEL_2": 2
  },
  "layer_norm_eps": 1e-05,
  "max_position_embeddings": 514,
  "model_type": "roberta",
  "num_attention_heads": 16,
  "num_hidden_layers": 24,
  "pad_token_id": 1,
  "position_embedding_type": "absolute",
  "transformers_version": "4.56.0",
  "type_vocab_size": 1,
  "use_cache": true,
  "vocab_size": 50265
}


