WARNING:__main__:Process rank: -1, device: cuda:0, n_gpu: 1, distributed training: False, 16-bits training: False
INFO:__main__:Training/evaluation parameters DynamicTrainingArguments(
_n_gpu=1,
accelerator_config={'split_batches': False, 'dispatch_batches': None, 'even_batches': True, 'use_seedable_sampler': True, 'non_blocking': False, 'gradient_accumulation_kwargs': None, 'use_configured_state': False},
adafactor=False,
adam_beta1=0.9,
adam_beta2=0.999,
adam_epsilon=1e-08,
adaptive_h_ema_beta=0.1,
adaptive_h_estimate_num_batches=4,
adaptive_h_estimate_num_directions=3,
adaptive_h_estimate_reduce=mean,
adaptive_h_max=0.5,
adaptive_h_min=1e-05,
adaptive_h_probe_buffer_size=64,
adjust_for_init=False,
array_id=-1,
auto_find_batch_size=False,
average_tokens_across_devices=False,
batch_eval_metrics=False,
bf16=False,
bf16_full_eval=False,
binary_classification=False,
change_grad_estimate=False,
data_seed=16,
dataloader_drop_last=False,
dataloader_num_workers=0,
dataloader_persistent_workers=False,
dataloader_pin_memory=True,
dataloader_prefetch_factor=None,
dataloader_shuffle=False,
ddp_backend=None,
ddp_broadcast_buffers=None,
ddp_bucket_cap_mb=None,
ddp_find_unused_parameters=None,
ddp_timeout=1800,
debug=[],
deepspeed=None,
dh_h_growth=2.0,
dh_max_trials=10,
dh_test_h=0.01,
disable_tqdm=False,
do_eval=True,
do_predict=True,
do_train=True,
efficient_zero_order=False,
efficient_zero_order_fp16=False,
enable_additive_h_estimation=False,
enable_two_point_h_estimation=False,
eval_accumulation_steps=None,
eval_delay=0,
eval_do_concat_batches=True,
eval_on_start=False,
eval_steps=5000.0,
eval_strategy=IntervalStrategy.NO,
eval_use_gather_object=False,
evaluate_during_training=True,
exclude_embeddings=False,
exclude_first_layers=-1,
exclude_head=False,
f0_scaling=1.0,
fix_layers=0,
fp16=False,
fp16_backend=auto,
fp16_full_eval=False,
fp16_opt_level=O1,
from_linearhead=False,
fsdp=[],
fsdp_config={'min_num_params': 0, 'xla': False, 'xla_fsdp_v2': False, 'xla_fsdp_grad_ckpt': False},
fsdp_min_num_params=0,
fsdp_transformer_layer_cls_to_wrap=None,
full_determinism=False,
gradient_accumulation_steps=1,
gradient_checkpointing=False,
gradient_checkpointing_kwargs=None,
greater_is_better=None,
group_by_length=False,
h_estimation_active_source=fixed,
h_trunc_alpha=1.0,
half_precision_backend=auto,
head_tuning=False,
hf_inference_model=False,
hizoo_hessian_smooth_type=constant0,
hub_always_push=False,
hub_model_id=None,
hub_private_repo=None,
hub_revision=None,
hub_strategy=HubStrategy.EVERY_SAVE,
hub_token=<HUB_TOKEN>,
ignore_data_skip=False,
include_for_metrics=[],
include_inputs_for_metrics=False,
include_num_input_tokens_seen=False,
include_tokens_per_second=False,
initial_h=0.001,
jit_mode_eval=False,
kernel_formula=sgd,
kernel_gamma=1.0,
kernel_regularization=0.0,
kernel_solver=logistic,
label_names=None,
label_smoothing_factor=0.0,
layer_wise_optim=False,
learning_rate=1e-06,
length_column_name=length,
liger_kernel_config=None,
load_best_model_at_end=False,
load_kernels=None,
local_rank=-1,
log_file=log-USE_H0-USE_C0,
log_level=passive,
log_level_replica=warning,
log_on_each_node=True,
logging_dir=/scratch/jy03364/MeZO_/experiments/speed_bench_h100/zo_method_matrix_20260418/roberta-large/MNLI/fp16/lozo/run/seed16/runs/Apr18_19-31-44_ra7-1,
logging_first_step=False,
logging_nan_inf_filter=True,
logging_steps=10,
logging_strategy=IntervalStrategy.STEPS,
lozo_beta1=0.9,
lozo_rank=2,
lozo_step_interval=50,
lp_early_stopping=False,
lr_scheduler_kwargs={},
lr_scheduler_type=SchedulerType.CONSTANT,
max_grad_norm=1.0,
max_steps=5,
max_zo_forward_steps=0,
mc_tol=0.1,
measure_perf_tail=True,
measure_perf_tail_window_steps=3,
metric_for_best_model=None,
model_id=-1,
mp_parameters=,
neftune_noise_alpha=None,
no_cuda=False,
no_predict=False,
no_reparam=False,
no_train=False,
norm_running_update=False,
nu3_retry=3,
num_hvp_vecs=128,
num_prefix=10,
num_train_epochs=3.0,
only_biases=False,
optim=OptimizerNames.ADAMW_TORCH,
optim_args=None,
optim_target_modules=None,
optimize_acc=False,
optimizer=sgd,
optimizer_variant=,
output_dir=/scratch/jy03364/MeZO_/experiments/speed_bench_h100/zo_method_matrix_20260418/roberta-large/MNLI/fp16/lozo/run/seed16,
overwrite_kernels=False,
overwrite_output_dir=True,
parallelism_config=None,
past_index=-1,
per_device_eval_batch_size=4,
per_device_train_batch_size=32,
prediction_loss_only=False,
prefix_init_by_real_act=False,
prefix_tuning=False,
prob_as_feature=False,
push_to_hub=False,
push_to_hub_model_id=None,
push_to_hub_organization=None,
push_to_hub_token=<PUSH_TO_HUB_TOKEN>,
random_model_init=False,
ray_scope=last,
recompute_norms=False,
remove_unused_columns=True,
report_to=[],
restore_callback_states_from_checkpoint=False,
resume_from_checkpoint=None,
run_name=None,
save_at_last=False,
save_logit=False,
save_logit_dir=None,
save_on_each_node=False,
save_only_model=False,
save_safetensors=True,
save_steps=500,
save_strategy=SaveStrategy.STEPS,
save_total_limit=None,
scale_lr_with_samples=False,
scale_norm_by_num_params=False,
seed=16,
skip_memory_metrics=True,
sparse_log_active_fraction=True,
sparse_mask_refresh_steps=100,
sparse_mask_strategy=percentile_per_layer,
sparse_ratio=1.0,
sparse_scope=trainable_only,
sweep=False,
sync_embedding_layers=False,
tf32=None,
tie_emb=False,
torch_compile=False,
torch_compile_backend=None,
torch_compile_mode=None,
torch_empty_cache_steps=None,
torchdynamo=None,
tpu_metrics_debug=False,
tpu_num_cores=None,
trainer=standard,
two_point_h_beta=0.5,
two_point_h_c2=1.0,
two_point_h_delta_sample_size=4096,
two_point_h_eps_num=1e-12,
two_point_h_fixed_probe_batch=True,
two_point_h_log_csv=True,
two_point_h_max=0.5,
two_point_h_min=1e-05,
two_point_h_num_directions_g=4,
two_point_h_num_directions_l=4,
two_point_h_q_l=0.5,
two_point_h_refresh_every=100,
two_point_h_window_delta=3,
two_point_h_window_g=5,
two_point_h_window_l=5,
untie_emb=False,
update_noise_every=1000,
use_adaptive_h=False,
use_c_scale=False,
use_cpu=False,
use_ipex=False,
use_legacy_prediction_loop=False,
use_liger_kernel=False,
use_mps_device=False,
use_torchao_float8=False,
use_zo_grad_est=False,
warmup_ratio=0.0,
warmup_steps=0,
weight_decay=0.0,
zero_order_clip_grad=False,
zero_order_eps=0.0001,
zero_order_optim=True,
zero_order_sample=1,
zero_order_sample_scheduler=None,
zero_order_use_trainer_optim=False,
zo_by_layer=False,
zo_method=lozo,
zo_probe_every=0,
zo_probe_log_csv=True,
zo_probe_num_seeds=16,
zo_quantization=None,
zo_quantization_bits=32,
zo_two_point_precision=fp16,
zo_use_true_directional_derivative=False,
zo_variant=None,
)
INFO:__main__:[zo-config] zo_two_point_precision=fp16 | zero_order_eps=0.0001 | zo_use_true_directional_derivative=False
INFO:__main__:[quzo-config] zo_quantization_bits=32 | quzo_enabled=False
INFO:__main__:[sparse-mezo-config] enabled=False | sparse_ratio=1.0 | sparse_mask_strategy=percentile_per_layer | sparse_scope=trainable_only | sparse_log_active_fraction=True | sparse_mask_refresh_steps=100
INFO:__main__:[sparse-mezo-config] ratio semantics: sparse_ratio targets the active fraction per trainable tensor; ratio=1.0 disables masking. Order: refresh thresholds+mask on the configured cadence -> sample sparse-aware direction -> apply QuZO snapping after the sparse perturb/update path when low-bit QuZO is active.
INFO:__main__:Task name: mnli, number of labels: 3, output mode: classification
INFO:__main__:[data] dataset_mode requested=full resolved=full
INFO:__main__:[data] task_dir=MNLI data_seed=16
INFO:__main__:[data] auto_download=0 original_data_root=/scratch/jy03364/MeZO_/medium_models/data/original
INFO:__main__:[data] auto_generate=0 target=/scratch/jy03364/MeZO_/medium_models/data/k-shot-1k-test/MNLI/full-16
INFO:__main__:[data] resolved_data_dir=/scratch/jy03364/MeZO_/medium_models/data/k-shot-1k-test/MNLI/full-16
WARNING:src.models:By default for RoBERTa models the input embeddings and the output embeddings are NOT tied!!!!
Some weights of RobertaModelForPromptFinetuning were not initialized from the model checkpoint at roberta-large and are newly initialized: ['classifier.bias', 'classifier.weight', 'lm_head.decoder.weight', 'roberta.pooler.dense.bias', 'roberta.pooler.dense.weight']
You should probably TRAIN this model on a down-stream task to be able to use it for predictions and inference.
INFO:src.dataset:Label contradiction to word ĠNo (440)
INFO:src.dataset:Label entailment to word ĠYes (3216)
INFO:src.dataset:Label neutral to word ĠMaybe (5359)
INFO:src.dataset:Total num_sample for mode train: 1
INFO:src.dataset:Creating/loading examples from dataset file at /scratch/jy03364/MeZO_/medium_models/data/k-shot-1k-test/MNLI/full-16
INFO:src.dataset:[FewShotDataset] Skip cache in TRAIN mode to avoid OOM on large datasets (e.g., MNLI).
INFO:src.dataset:Creating features from dataset file at /scratch/jy03364/MeZO_/medium_models/data/k-shot-1k-test/MNLI/full-16
INFO:src.dataset:Label contradiction to word ĠNo (440)
INFO:src.dataset:Label entailment to word ĠYes (3216)
INFO:src.dataset:Label neutral to word ĠMaybe (5359)
INFO:src.dataset:Total num_sample for mode dev: 1
INFO:src.dataset:Creating/loading examples from dataset file at /scratch/jy03364/MeZO_/medium_models/data/k-shot-1k-test/MNLI/full-16
/scratch/jy03364/MeZO_/medium_models/src/dataset.py:363: FutureWarning: You are using `torch.load` with `weights_only=False` (the current default value), which uses the default pickle module implicitly. It is possible to construct malicious pickle data which will execute arbitrary code during unpickling (See https://github.com/pytorch/pytorch/blob/main/SECURITY.md#untrusted-models for more details). In a future release, the default value for `weights_only` will be flipped to `True`. This limits the functions that could be executed during unpickling. Arbitrary objects will no longer be allowed to be loaded via this mode unless they are explicitly allowlisted by the user via `torch.serialization.add_safe_globals`. We recommend you start setting `weights_only=True` for any use case where you don't have full control of the loaded file. Please open an issue on GitHub for any issues related to this experimental feature.
  self.support_examples, self.query_examples = torch.load(cached_features_file)
INFO:src.dataset:Loading features from cached file /scratch/jy03364/MeZO_/medium_models/data/k-shot-1k-test/MNLI/full-16/cached_dev_RobertaTokenizerFast-roberta_256_mnli [took 0.624 s]
INFO:src.dataset:*** Example ***
INFO:src.dataset:guid: dev_matched-263856
INFO:src.dataset:features: OurInputFeatures(input_ids=[0, 487, 4132, 298, 1180, 18, 82, 32, 481, 7, 989, 5, 2946, 6, 53, 683, 51, 517, 5140, 6, 51, 189, 28, 3179, 5537, 7, 671, 116, 50264, 6, 71, 1375, 8, 1618, 5, 2946, 6, 234, 4132, 298, 1180, 18, 82, 189, 45, 28, 576, 5537, 7, 671, 4, 2], attention_mask=[1, 1, 1, 1, 1, 1, 1, 1, 1, 1, 1, 1, 1, 1, 1, 1, 1, 1, 1, 1, 1, 1, 1, 1, 1, 1, 1, 1, 1, 1, 1, 1, 1, 1, 1, 1, 1, 1, 1, 1, 1, 1, 1, 1, 1, 1, 1, 1, 1, 1, 1, 1], token_type_ids=None, label=1, mask_pos=[28], label_word_list=None, sfc_input_ids=None, sfc_attention_mask=None, sfc_mask_pos=None)
INFO:src.dataset:text: <s>Niihau's people are free to leave the island, but once they move elsewhere, they may be refused permission to return?<mask>, after moving and leaving the island, Niihau's people may not be given permission to return.</s>
WARNING:src.dataset:Input exceeds max_length limit: <s>uh-huh oh i feel that is certainly if you're going to carry one you need to be uh very comfortable with the piece and have enough uh knowledge and insight for your own self on whether or not you're going to use it in that situation and not pull it unless you intend to because i i feel like that's you know i mean i'm i'm i'm all for uh people having having firearms or having whatever form of protection they prefer because you know even though the odds is you know the criminal ends up getting the gun and shooting the people to begin with you know the people that had it in the beginning but if the if if you're talking about uh two people if you're talking about a criminal an assailant that is coming at you with a gun and you don't have a gun at all well the chances are a hundred percent they're going to get you if you if you both of you have a firearm you've at least got that fifty percent chance that you may get them first and so i believe in that but i i've not ever felt comfortable in it i guess it's  i'm glad i  i'm glad i um i'm that i'm married to someone?<mask>, i think you need to know a lot about guns if you're goign to carry one.</s>
WARNING:src.dataset:Input exceeds max_length limit: <s>we went uh and did a a thing through IBS which is a like a financial consultant  type thing here in Dallas and uh one of the things that we talked about with the counselor there was you know they work up this whole big you know proposal profile for you that every all the things that you need to work on and you need to do and then one of the things that we talked about with her was you know the need to save for our son's education we have a two year old you know and and you know we can't start saving for college when he's sixteen you know we have to do that now and and uh they have a way that they can figure you know what you know and he's two now in sixteen years when he's ready to go to college this is how much it'll cost you know and it's just really scary the thought of how much it's going to it's what it costs now is ridiculous what it's going to cost sixteen years from now is just really scary and they sat down and figured up that we needed to save like fifteen between fifteen and seventeen hundred dollars a year at a oh you know six percent interest rate to be able to have you know?<mask>, we worked with a financial consultant through IBS in Dallas.</s>
WARNING:src.dataset:Input exceeds max_length limit: <s>yes i'm i'm i have some great concerns about uh my my parents and my relatives reaching that age um around here where i live in Maryland in the Washington area there's there's and uh i used to live down in Dallas there was just so many stories about uh rest homes where the people are being abused where the people are being kept in filthy conditions in fact here in Baltimore they've actually shut a couple of them down and taken all the people out of them because they were so uh bug infested and rat infested and it i you know really concerns me that um first of all that anyone could let someone live like that but if you have to you know how do you make sure i mean i'm sure when you make your appointment and go by everybody puts on a happy face um you know how are you sure that the home is really as good as it is because once you put someone into there you know they may not like the fact that they've been put in there and they might complain about the place all the time even though it's the best place in the whole world they could be just because they want to make you feel guilty for putting them in there and you kno?<mask>, i am worried about how landlords could let people live in such poor conditions.</s>
INFO:src.dataset:Label contradiction to word ĠNo (440)
INFO:src.dataset:Label entailment to word ĠYes (3216)
INFO:src.dataset:Label neutral to word ĠMaybe (5359)
INFO:src.dataset:Total num_sample for mode test: 1
INFO:src.dataset:Creating/loading examples from dataset file at /scratch/jy03364/MeZO_/medium_models/data/k-shot-1k-test/MNLI/full-16
INFO:src.dataset:Loading features from cached file /scratch/jy03364/MeZO_/medium_models/data/k-shot-1k-test/MNLI/full-16/cached_test_RobertaTokenizerFast-roberta_256_mnli [took 0.645 s]
INFO:src.dataset:*** Example ***
INFO:src.dataset:guid: test_matched-0
INFO:src.dataset:features: OurInputFeatures(input_ids=[0, 133, 92, 659, 32, 2579, 1177, 13098, 116, 50264, 6, 961, 269, 3829, 5, 8946, 1795, 1437, 2], attention_mask=[1, 1, 1, 1, 1, 1, 1, 1, 1, 1, 1, 1, 1, 1, 1, 1, 1, 1, 1], token_type_ids=None, label=2, mask_pos=[9], label_word_list=None, sfc_input_ids=None, sfc_attention_mask=None, sfc_mask_pos=None)
INFO:src.dataset:text: <s>The new rights are nice enoug?<mask>, everyone really likes the newest benefits </s>
huggingface/tokenizers: The current process just got forked, after parallelism has already been used. Disabling parallelism to avoid deadlocks...
To disable this warning, you can either:
	- Avoid using `tokenizers` before the fork if possible
	- Explicitly set the environment variable TOKENIZERS_PARALLELISM=(true | false)
INFO:src.trainer:[dataloader][debug] self class=Trainer, get_train_dataloader=<bound method Trainer.get_train_dataloader of <src.trainer.Trainer object at 0x147b04f0cb90>>
INFO:src.trainer:[dataloader][override] Trainer.get_train_dataloader active. shuffle_raw=False type=bool -> shuffle=False; data_seed=16 seed=16 local_rank=-1
INFO:src.trainer:[dataloader][override] selected sampler=SequentialSampler
INFO:src.trainer:[dataloader] sampler=SequentialSampler, batch_sampler=BatchSampler
INFO:src.trainer:[dataloader] training uses SequentialSampler (no shuffle).
INFO:src.trainer:[dataloader] args.dataloader_shuffle=False
INFO:src.trainer:[dataloader] args.data_seed=16 args.seed=16
INFO:src.trainer:***** Running training *****
INFO:src.trainer:  Num examples = 353432
INFO:src.trainer:  Num Epochs = 1
INFO:src.trainer:  Instantaneous batch size per device = 32
INFO:src.trainer:  Total train batch size (w. parallel, distributed & accumulation) = 32
INFO:src.trainer:  Gradient Accumulation steps = 1
INFO:src.trainer:  Total optimization steps = 5
INFO:src.trainer:[zo-config] zo_two_point_precision=fp16 | zero_order_eps=0.0001 | zo_use_true_directional_derivative=False
INFO:src.trainer:[h_estimation][init] h0=1.000e-03 active_source=fixed additive=False two_point=False
You're using a RobertaTokenizerFast tokenizer. Please note that with a fast tokenizer, using the `__call__` method is faster than using a method to encode the text followed by a call to the `pad` method to get a padded encoding.
/scratch/jy03364/MeZO_/medium_models/src/trainer.py:2281: FutureWarning: `torch.cuda.amp.autocast(args...)` is deprecated. Please use `torch.amp.autocast('cuda', args...)` instead.
  return autocast(dtype=torch.float16)
INFO:src.trainer:[zo-direct] method=lozo {'loss': 1.22198486328125, 'learning_rate': 1e-06, 'global_step': 0, 'zo_forward_step': 2, 'max_steps': 5, 'max_zo_forward_steps': 0, 'time': 0, 'eps': 0.0001}
INFO:src.trainer:[perf-tail] measurement enabled: start_step=3 window_steps=3 total_train_batch_size=32
INFO:src.trainer:

Training completed. Do not forget to share your model on huggingface.co/models =)


INFO:src.trainer:[perf-tail] measured_steps=4 wallclock_per_step=0.113255 samples_per_second=282.549064 max_gpu_memory_gb=5.5031
INFO:__main__:evaluate_during_training=True but no in-memory best checkpoint was recorded; keeping the current model weights.
INFO:__main__:*** Validate ***
/home/jy03364/.conda/envs/ciao/lib/python3.12/site-packages/transformers/trainer_pt_utils.py:476: FutureWarning: DistributedTensorGatherer is deprecated and will be removed in v5 of Transformers.
  warnings.warn(

  0%|          | 0/9818 [00:00<?, ?it/s]
  0%|          | 11/9818 [00:00<01:35, 102.21it/s]
  0%|          | 22/9818 [00:00<01:39, 98.80it/s] 
  0%|          | 32/9818 [00:00<01:43, 94.26it/s]
  0%|          | 42/9818 [00:00<01:45, 92.58it/s]
  1%|          | 52/9818 [00:00<01:47, 91.17it/s]
  1%|          | 62/9818 [00:00<01:43, 93.93it/s]
  1%|          | 72/9818 [00:00<01:42, 95.24it/s]
  1%|          | 82/9818 [00:00<01:41, 96.17it/s]
  1%|          | 92/9818 [00:00<01:44, 93.40it/s]
  1%|          | 102/9818 [00:01<01:43, 93.59it/s]
  1%|          | 112/9818 [00:01<01:44, 93.11it/s]
  1%|          | 122/9818 [00:01<01:43, 93.66it/s]
  1%|▏         | 132/9818 [00:01<01:42, 94.09it/s]
  1%|▏         | 143/9818 [00:01<01:40, 95.95it/s]
  2%|▏         | 153/9818 [00:01<01:43, 93.37it/s]
  2%|▏         | 163/9818 [00:01<01:46, 90.26it/s]
  2%|▏         | 173/9818 [00:01<01:44, 91.88it/s]
  2%|▏         | 183/9818 [00:01<01:44, 92.32it/s]
  2%|▏         | 193/9818 [00:02<01:44, 92.06it/s]
  2%|▏         | 203/9818 [00:02<01:44, 91.63it/s]
  2%|▏         | 213/9818 [00:02<01:43, 92.70it/s]
  2%|▏         | 223/9818 [00:02<01:42, 93.76it/s]
  2%|▏         | 233/9818 [00:02<01:43, 92.96it/s]
  2%|▏         | 243/9818 [00:02<01:42, 93.68it/s]
  3%|▎         | 253/9818 [00:02<01:40, 94.97it/s]
  3%|▎         | 263/9818 [00:02<01:40, 95.25it/s]
  3%|▎         | 273/9818 [00:02<01:39, 95.45it/s]
  3%|▎         | 283/9818 [00:03<01:39, 96.04it/s]
  3%|▎         | 293/9818 [00:03<01:39, 96.11it/s]
  3%|▎         | 303/9818 [00:03<01:41, 93.64it/s]
  3%|▎         | 313/9818 [00:03<01:42, 92.83it/s]
  3%|▎         | 323/9818 [00:03<01:43, 91.43it/s]
  3%|▎         | 333/9818 [00:03<01:43, 91.90it/s]
  3%|▎         | 343/9818 [00:03<01:41, 93.06it/s]
  4%|▎         | 353/9818 [00:03<01:41, 93.55it/s]
  4%|▎         | 363/9818 [00:03<01:39, 94.66it/s]
  4%|▍         | 373/9818 [00:03<01:39, 95.40it/s]
  4%|▍         | 383/9818 [00:04<01:42, 91.92it/s]
  4%|▍         | 394/9818 [00:04<01:39, 94.68it/s]
  4%|▍         | 404/9818 [00:04<01:39, 94.86it/s]
  4%|▍         | 414/9818 [00:04<01:38, 95.19it/s]
  4%|▍         | 424/9818 [00:04<01:41, 92.44it/s]
  4%|▍         | 434/9818 [00:04<01:41, 92.43it/s]
  5%|▍         | 444/9818 [00:04<01:41, 92.36it/s]
  5%|▍         | 454/9818 [00:04<01:41, 92.17it/s]
  5%|▍         | 464/9818 [00:04<01:40, 92.87it/s]
  5%|▍         | 474/9818 [00:05<01:41, 92.06it/s]
  5%|▍         | 484/9818 [00:05<01:40, 92.49it/s]
  5%|▌         | 495/9818 [00:05<01:38, 94.89it/s]
  5%|▌         | 505/9818 [00:05<01:39, 93.93it/s]
  5%|▌         | 515/9818 [00:05<01:38, 94.86it/s]
  5%|▌         | 525/9818 [00:05<01:38, 94.19it/s]
  5%|▌         | 535/9818 [00:05<01:37, 94.97it/s]
  6%|▌         | 545/9818 [00:05<01:37, 95.22it/s]
  6%|▌         | 556/9818 [00:05<01:35, 96.73it/s]
  6%|▌         | 566/9818 [00:06<01:36, 96.09it/s]
  6%|▌         | 576/9818 [00:06<01:38, 94.19it/s]
  6%|▌         | 586/9818 [00:06<01:38, 93.37it/s]
  6%|▌         | 596/9818 [00:06<01:37, 94.98it/s]
  6%|▌         | 606/9818 [00:06<01:36, 94.99it/s]
  6%|▋         | 616/9818 [00:06<01:36, 95.35it/s]
  6%|▋         | 627/9818 [00:06<01:34, 97.55it/s]
  6%|▋         | 637/9818 [00:06<01:33, 97.98it/s]
  7%|▋         | 647/9818 [00:06<01:34, 97.50it/s]
  7%|▋         | 657/9818 [00:06<01:33, 98.14it/s]
  7%|▋         | 667/9818 [00:07<01:33, 98.02it/s]
  7%|▋         | 677/9818 [00:07<01:34, 96.67it/s]
  7%|▋         | 687/9818 [00:07<01:34, 96.23it/s]
  7%|▋         | 697/9818 [00:07<01:35, 95.26it/s]
  7%|▋         | 707/9818 [00:07<01:34, 96.62it/s]
  7%|▋         | 717/9818 [00:07<01:34, 96.01it/s]
  7%|▋         | 727/9818 [00:07<01:39, 91.64it/s]
  8%|▊         | 737/9818 [00:07<01:38, 91.84it/s]
  8%|▊         | 747/9818 [00:07<01:39, 91.25it/s]
  8%|▊         | 757/9818 [00:08<01:39, 91.01it/s]
  8%|▊         | 767/9818 [00:08<01:38, 91.71it/s]
  8%|▊         | 777/9818 [00:08<01:36, 93.31it/s]
  8%|▊         | 787/9818 [00:08<01:37, 92.71it/s]
  8%|▊         | 797/9818 [00:08<01:36, 93.00it/s]
  8%|▊         | 807/9818 [00:08<01:36, 93.50it/s]
  8%|▊         | 817/9818 [00:08<01:34, 95.35it/s]
  8%|▊         | 827/9818 [00:08<01:33, 96.65it/s]
  9%|▊         | 837/9818 [00:08<01:33, 96.52it/s]
  9%|▊         | 847/9818 [00:08<01:32, 96.49it/s]
  9%|▊         | 857/9818 [00:09<01:32, 97.40it/s]
  9%|▉         | 867/9818 [00:09<01:32, 97.25it/s]
  9%|▉         | 877/9818 [00:09<01:32, 96.61it/s]
  9%|▉         | 887/9818 [00:09<01:34, 94.38it/s]
  9%|▉         | 897/9818 [00:09<01:34, 94.43it/s]
  9%|▉         | 907/9818 [00:09<01:35, 93.42it/s]
  9%|▉         | 917/9818 [00:09<01:34, 94.08it/s]
  9%|▉         | 927/9818 [00:09<01:36, 92.06it/s]
 10%|▉         | 937/9818 [00:09<01:35, 93.21it/s]
 10%|▉         | 947/9818 [00:10<01:33, 94.76it/s]
 10%|▉         | 957/9818 [00:10<01:35, 93.09it/s]
 10%|▉         | 967/9818 [00:10<01:34, 93.61it/s]
 10%|▉         | 977/9818 [00:10<01:33, 94.87it/s]
 10%|█         | 987/9818 [00:10<01:32, 95.76it/s]
 10%|█         | 997/9818 [00:10<01:32, 95.44it/s]
 10%|█         | 1007/9818 [00:10<01:33, 93.81it/s]
 10%|█         | 1017/9818 [00:10<01:34, 93.53it/s]
 10%|█         | 1027/9818 [00:10<01:36, 90.74it/s]
 11%|█         | 1037/9818 [00:11<01:35, 92.34it/s]
 11%|█         | 1047/9818 [00:11<01:34, 92.44it/s]
 11%|█         | 1057/9818 [00:11<01:33, 93.62it/s]
 11%|█         | 1068/9818 [00:11<01:31, 95.48it/s]
 11%|█         | 1078/9818 [00:11<01:31, 95.30it/s]
 11%|█         | 1088/9818 [00:11<01:32, 94.82it/s]
 11%|█         | 1098/9818 [00:11<01:31, 94.79it/s]
 11%|█▏        | 1108/9818 [00:11<01:32, 94.48it/s]
 11%|█▏        | 1119/9818 [00:11<01:30, 96.45it/s]
 11%|█▏        | 1129/9818 [00:11<01:31, 95.36it/s]
 12%|█▏        | 1139/9818 [00:12<01:30, 95.84it/s]
 12%|█▏        | 1149/9818 [00:12<01:29, 96.54it/s]
 12%|█▏        | 1159/9818 [00:12<01:31, 94.78it/s]
 12%|█▏        | 1169/9818 [00:12<01:32, 93.70it/s]
 12%|█▏        | 1179/9818 [00:12<01:32, 93.44it/s]
 12%|█▏        | 1189/9818 [00:12<01:32, 93.44it/s]
 12%|█▏        | 1199/9818 [00:12<01:31, 93.97it/s]
 12%|█▏        | 1209/9818 [00:12<01:32, 93.19it/s]
 12%|█▏        | 1219/9818 [00:12<01:31, 94.42it/s]
 13%|█▎        | 1229/9818 [00:13<01:30, 95.01it/s]
 13%|█▎        | 1239/9818 [00:13<01:29, 96.31it/s]
 13%|█▎        | 1249/9818 [00:13<01:30, 95.08it/s]
 13%|█▎        | 1259/9818 [00:13<01:30, 94.26it/s]
 13%|█▎        | 1269/9818 [00:13<01:36, 88.34it/s]
 13%|█▎        | 1279/9818 [00:13<01:35, 89.29it/s]
 13%|█▎        | 1289/9818 [00:13<01:33, 91.22it/s]
 13%|█▎        | 1299/9818 [00:13<01:32, 92.45it/s]
 13%|█▎        | 1309/9818 [00:13<01:30, 94.14it/s]
 13%|█▎        | 1319/9818 [00:14<01:31, 92.76it/s]
 14%|█▎        | 1329/9818 [00:14<01:30, 93.42it/s]
 14%|█▎        | 1339/9818 [00:14<01:30, 93.54it/s]
 14%|█▎        | 1349/9818 [00:14<01:30, 93.63it/s]
 14%|█▍        | 1359/9818 [00:14<01:31, 92.44it/s]
 14%|█▍        | 1369/9818 [00:14<01:33, 89.93it/s]
 14%|█▍        | 1380/9818 [00:14<01:30, 93.31it/s]
 14%|█▍        | 1390/9818 [00:14<01:29, 94.54it/s]
 14%|█▍        | 1400/9818 [00:14<01:28, 94.88it/s]
 14%|█▍        | 1410/9818 [00:14<01:27, 95.89it/s]
 14%|█▍        | 1420/9818 [00:15<01:30, 92.39it/s]
 15%|█▍        | 1430/9818 [00:15<01:29, 93.32it/s]
 15%|█▍        | 1440/9818 [00:15<01:31, 91.86it/s]
 15%|█▍        | 1450/9818 [00:15<01:32, 90.06it/s]
 15%|█▍        | 1460/9818 [00:15<01:30, 92.29it/s]
 15%|█▍        | 1470/9818 [00:15<01:29, 93.41it/s]
 15%|█▌        | 1480/9818 [00:15<01:28, 94.74it/s]
 15%|█▌        | 1490/9818 [00:15<01:28, 94.38it/s]
 15%|█▌        | 1500/9818 [00:15<01:28, 94.17it/s]
 15%|█▌        | 1510/9818 [00:16<01:28, 93.77it/s]
 15%|█▌        | 1520/9818 [00:16<01:28, 93.76it/s]
 16%|█▌        | 1530/9818 [00:16<01:26, 95.30it/s]
 16%|█▌        | 1540/9818 [00:16<01:28, 93.96it/s]
 16%|█▌        | 1550/9818 [00:16<01:28, 93.22it/s]
 16%|█▌        | 1560/9818 [00:16<01:28, 93.07it/s]
 16%|█▌        | 1570/9818 [00:16<01:28, 92.92it/s]
 16%|█▌        | 1580/9818 [00:16<01:27, 94.52it/s]
 16%|█▌        | 1590/9818 [00:16<01:26, 95.06it/s]
 16%|█▋        | 1600/9818 [00:17<01:26, 95.00it/s]
 16%|█▋        | 1610/9818 [00:17<01:26, 94.94it/s]
 17%|█▋        | 1620/9818 [00:17<01:27, 93.62it/s]
 17%|█▋        | 1630/9818 [00:17<01:28, 92.33it/s]
 17%|█▋        | 1640/9818 [00:17<01:28, 91.96it/s]
 17%|█▋        | 1650/9818 [00:17<01:27, 93.00it/s]
 17%|█▋        | 1660/9818 [00:17<01:27, 92.88it/s]
 17%|█▋        | 1670/9818 [00:17<01:27, 93.05it/s]
 17%|█▋        | 1680/9818 [00:17<01:27, 93.23it/s]
 17%|█▋        | 1690/9818 [00:17<01:28, 91.54it/s]
 17%|█▋        | 1700/9818 [00:18<01:28, 91.37it/s]
 17%|█▋        | 1710/9818 [00:18<01:28, 91.66it/s]
 18%|█▊        | 1721/9818 [00:18<01:25, 94.41it/s]
 18%|█▊        | 1731/9818 [00:18<01:26, 93.22it/s]
 18%|█▊        | 1741/9818 [00:18<01:28, 91.33it/s]
 18%|█▊        | 1751/9818 [00:18<01:28, 91.18it/s]
 18%|█▊        | 1762/9818 [00:18<01:26, 92.85it/s]
 18%|█▊        | 1772/9818 [00:18<01:25, 94.07it/s]
 18%|█▊        | 1782/9818 [00:18<01:28, 90.63it/s]
 18%|█▊        | 1792/9818 [00:19<01:28, 91.06it/s]
 18%|█▊        | 1802/9818 [00:19<01:27, 91.52it/s]
 18%|█▊        | 1812/9818 [00:19<01:26, 92.58it/s]
 19%|█▊        | 1822/9818 [00:19<01:25, 93.85it/s]
 19%|█▊        | 1832/9818 [00:19<01:26, 92.64it/s]
 19%|█▉        | 1842/9818 [00:19<01:28, 89.81it/s]
 19%|█▉        | 1853/9818 [00:19<01:25, 93.17it/s]
 19%|█▉        | 1863/9818 [00:19<01:24, 93.68it/s]
 19%|█▉        | 1873/9818 [00:19<01:23, 94.98it/s]
 19%|█▉        | 1883/9818 [00:20<01:24, 93.90it/s]
 19%|█▉        | 1893/9818 [00:20<01:24, 93.47it/s]
 19%|█▉        | 1903/9818 [00:20<01:30, 87.83it/s]
 19%|█▉        | 1913/9818 [00:20<01:28, 89.51it/s]
 20%|█▉        | 1923/9818 [00:20<01:26, 91.06it/s]
 20%|█▉        | 1933/9818 [00:20<01:24, 93.37it/s]
 20%|█▉        | 1943/9818 [00:20<01:23, 94.79it/s]
 20%|█▉        | 1953/9818 [00:20<01:23, 94.35it/s]
 20%|█▉        | 1963/9818 [00:20<01:22, 94.96it/s]
 20%|██        | 1974/9818 [00:21<01:21, 96.54it/s]
 20%|██        | 1984/9818 [00:21<01:23, 93.97it/s]
 20%|██        | 1994/9818 [00:21<01:22, 94.66it/s]
 20%|██        | 2004/9818 [00:21<01:23, 93.32it/s]
 21%|██        | 2014/9818 [00:21<01:23, 93.22it/s]
 21%|██        | 2024/9818 [00:21<01:23, 93.33it/s]
 21%|██        | 2034/9818 [00:21<01:25, 91.02it/s]
 21%|██        | 2044/9818 [00:21<01:23, 93.16it/s]
 21%|██        | 2054/9818 [00:21<01:22, 94.60it/s]
 21%|██        | 2064/9818 [00:22<01:21, 94.68it/s]
 21%|██        | 2074/9818 [00:22<01:22, 93.30it/s]
 21%|██        | 2084/9818 [00:22<01:21, 94.51it/s]
 21%|██▏       | 2094/9818 [00:22<01:20, 95.54it/s]
 21%|██▏       | 2104/9818 [00:22<01:21, 95.19it/s]
 22%|██▏       | 2114/9818 [00:22<01:21, 95.09it/s]
 22%|██▏       | 2124/9818 [00:22<01:22, 93.22it/s]
 22%|██▏       | 2134/9818 [00:22<01:23, 92.43it/s]
 22%|██▏       | 2144/9818 [00:22<01:22, 93.34it/s]
 22%|██▏       | 2154/9818 [00:22<01:22, 93.35it/s]
 22%|██▏       | 2164/9818 [00:23<01:21, 94.40it/s]
 22%|██▏       | 2174/9818 [00:23<01:20, 94.85it/s]
 22%|██▏       | 2184/9818 [00:23<01:20, 94.90it/s]
 22%|██▏       | 2194/9818 [00:23<01:20, 94.94it/s]
 22%|██▏       | 2204/9818 [00:23<01:19, 96.36it/s]
 23%|██▎       | 2214/9818 [00:23<01:20, 94.43it/s]
 23%|██▎       | 2224/9818 [00:23<01:20, 94.57it/s]
 23%|██▎       | 2234/9818 [00:23<01:19, 95.42it/s]
 23%|██▎       | 2245/9818 [00:23<01:18, 96.36it/s]
 23%|██▎       | 2255/9818 [00:24<01:19, 95.38it/s]
 23%|██▎       | 2265/9818 [00:24<01:20, 93.89it/s]
 23%|██▎       | 2275/9818 [00:24<01:21, 92.85it/s]
 23%|██▎       | 2285/9818 [00:24<01:20, 94.06it/s]
 23%|██▎       | 2295/9818 [00:24<01:21, 92.86it/s]
 23%|██▎       | 2305/9818 [00:24<01:20, 93.15it/s]
 24%|██▎       | 2315/9818 [00:24<01:19, 94.08it/s]
 24%|██▎       | 2325/9818 [00:24<01:20, 93.52it/s]
 24%|██▍       | 2335/9818 [00:24<01:19, 93.56it/s]
 24%|██▍       | 2345/9818 [00:25<01:21, 91.45it/s]
 24%|██▍       | 2355/9818 [00:25<01:19, 93.42it/s]
 24%|██▍       | 2366/9818 [00:25<01:17, 96.10it/s]
 24%|██▍       | 2376/9818 [00:25<01:18, 94.65it/s]
 24%|██▍       | 2386/9818 [00:25<01:17, 95.80it/s]
 24%|██▍       | 2396/9818 [00:25<01:19, 93.68it/s]
 25%|██▍       | 2406/9818 [00:25<01:19, 93.09it/s]
 25%|██▍       | 2416/9818 [00:25<01:20, 92.50it/s]
 25%|██▍       | 2426/9818 [00:25<01:20, 91.80it/s]
 25%|██▍       | 2436/9818 [00:25<01:19, 92.46it/s]
 25%|██▍       | 2446/9818 [00:26<01:19, 93.16it/s]
 25%|██▌       | 2456/9818 [00:26<01:18, 93.70it/s]
 25%|██▌       | 2466/9818 [00:26<01:17, 94.65it/s]
 25%|██▌       | 2476/9818 [00:26<01:17, 94.84it/s]
 25%|██▌       | 2486/9818 [00:26<01:18, 92.83it/s]
 25%|██▌       | 2496/9818 [00:26<01:18, 93.06it/s]
 26%|██▌       | 2506/9818 [00:26<01:18, 93.50it/s]
 26%|██▌       | 2516/9818 [00:26<01:18, 93.23it/s]
 26%|██▌       | 2526/9818 [00:26<01:19, 91.39it/s]
 26%|██▌       | 2536/9818 [00:27<01:19, 92.09it/s]
 26%|██▌       | 2546/9818 [00:27<01:19, 92.02it/s]
 26%|██▌       | 2556/9818 [00:27<01:18, 92.19it/s]
 26%|██▌       | 2566/9818 [00:27<01:19, 91.60it/s]
 26%|██▌       | 2576/9818 [00:27<01:17, 93.42it/s]
 26%|██▋       | 2587/9818 [00:27<01:15, 95.74it/s]
 26%|██▋       | 2597/9818 [00:27<01:15, 96.27it/s]
 27%|██▋       | 2607/9818 [00:27<01:16, 94.07it/s]
 27%|██▋       | 2617/9818 [00:27<01:16, 94.72it/s]
 27%|██▋       | 2627/9818 [00:28<01:18, 92.15it/s]
 27%|██▋       | 2637/9818 [00:28<01:17, 92.63it/s]
 27%|██▋       | 2647/9818 [00:28<01:17, 92.44it/s]
 27%|██▋       | 2658/9818 [00:28<01:15, 94.81it/s]
 27%|██▋       | 2668/9818 [00:28<01:15, 94.15it/s]
 27%|██▋       | 2678/9818 [00:28<01:17, 91.90it/s]
 27%|██▋       | 2688/9818 [00:28<01:18, 90.99it/s]
 27%|██▋       | 2698/9818 [00:28<01:17, 91.65it/s]
 28%|██▊       | 2708/9818 [00:28<01:17, 92.22it/s]
 28%|██▊       | 2719/9818 [00:29<01:15, 94.61it/s]
 28%|██▊       | 2729/9818 [00:29<01:15, 94.42it/s]
 28%|██▊       | 2739/9818 [00:29<01:14, 94.89it/s]
 28%|██▊       | 2749/9818 [00:29<01:16, 92.89it/s]
 28%|██▊       | 2759/9818 [00:29<01:15, 93.86it/s]
 28%|██▊       | 2769/9818 [00:29<01:16, 92.10it/s]
 28%|██▊       | 2779/9818 [00:29<01:17, 90.43it/s]
 28%|██▊       | 2789/9818 [00:29<01:16, 91.30it/s]
 29%|██▊       | 2799/9818 [00:29<01:17, 91.15it/s]
 29%|██▊       | 2809/9818 [00:29<01:14, 93.57it/s]
 29%|██▊       | 2819/9818 [00:30<01:14, 94.45it/s]
 29%|██▉       | 2829/9818 [00:30<01:13, 94.55it/s]
 29%|██▉       | 2839/9818 [00:30<01:13, 95.07it/s]
 29%|██▉       | 2849/9818 [00:30<01:12, 96.43it/s]
 29%|██▉       | 2859/9818 [00:30<01:12, 95.86it/s]
 29%|██▉       | 2869/9818 [00:30<01:12, 95.61it/s]
 29%|██▉       | 2879/9818 [00:30<01:12, 95.72it/s]
 29%|██▉       | 2889/9818 [00:30<01:12, 95.14it/s]
 30%|██▉       | 2899/9818 [00:30<01:13, 93.59it/s]
 30%|██▉       | 2909/9818 [00:31<01:12, 95.07it/s]
 30%|██▉       | 2919/9818 [00:31<01:12, 94.97it/s]
 30%|██▉       | 2929/9818 [00:31<01:12, 94.43it/s]
 30%|██▉       | 2939/9818 [00:31<01:13, 94.21it/s]
 30%|███       | 2949/9818 [00:31<01:12, 94.96it/s]
 30%|███       | 2959/9818 [00:31<01:12, 94.49it/s]
 30%|███       | 2969/9818 [00:31<01:12, 94.47it/s]
 30%|███       | 2979/9818 [00:31<01:12, 94.66it/s]
 30%|███       | 2989/9818 [00:31<01:13, 93.38it/s]
 31%|███       | 2999/9818 [00:31<01:13, 93.27it/s]
 31%|███       | 3009/9818 [00:32<01:12, 93.53it/s]
 31%|███       | 3019/9818 [00:32<01:12, 93.60it/s]
 31%|███       | 3029/9818 [00:32<01:12, 93.21it/s]
 31%|███       | 3039/9818 [00:32<01:13, 92.46it/s]
 31%|███       | 3049/9818 [00:32<01:12, 93.55it/s]
 31%|███       | 3059/9818 [00:32<01:13, 92.56it/s]
 31%|███▏      | 3069/9818 [00:32<01:13, 91.64it/s]
 31%|███▏      | 3079/9818 [00:32<01:12, 93.14it/s]
 31%|███▏      | 3089/9818 [00:32<01:11, 93.98it/s]
 32%|███▏      | 3099/9818 [00:33<01:10, 94.75it/s]
 32%|███▏      | 3109/9818 [00:33<01:11, 94.13it/s]
 32%|███▏      | 3119/9818 [00:33<01:11, 93.88it/s]
 32%|███▏      | 3129/9818 [00:33<01:11, 94.18it/s]
 32%|███▏      | 3139/9818 [00:33<01:12, 92.59it/s]
 32%|███▏      | 3149/9818 [00:33<01:12, 91.61it/s]
 32%|███▏      | 3159/9818 [00:33<01:11, 93.41it/s]
 32%|███▏      | 3169/9818 [00:33<01:13, 91.08it/s]
 32%|███▏      | 3179/9818 [00:33<01:13, 90.29it/s]
 32%|███▏      | 3189/9818 [00:34<01:12, 90.89it/s]
 33%|███▎      | 3199/9818 [00:34<01:11, 92.47it/s]
 33%|███▎      | 3209/9818 [00:34<01:10, 93.70it/s]
 33%|███▎      | 3219/9818 [00:34<01:11, 92.24it/s]
 33%|███▎      | 3229/9818 [00:34<01:11, 92.36it/s]
 33%|███▎      | 3240/9818 [00:34<01:09, 94.96it/s]
 33%|███▎      | 3250/9818 [00:34<01:08, 96.21it/s]
 33%|███▎      | 3260/9818 [00:34<01:10, 93.66it/s]
 33%|███▎      | 3270/9818 [00:34<01:10, 92.26it/s]
 33%|███▎      | 3280/9818 [00:35<01:11, 91.13it/s]
 34%|███▎      | 3290/9818 [00:35<01:10, 92.58it/s]
 34%|███▎      | 3300/9818 [00:35<01:09, 94.07it/s]
 34%|███▎      | 3310/9818 [00:35<01:08, 95.52it/s]
 34%|███▍      | 3320/9818 [00:35<01:07, 95.71it/s]
 34%|███▍      | 3330/9818 [00:35<01:08, 94.70it/s]
 34%|███▍      | 3341/9818 [00:35<01:06, 97.12it/s]
 34%|███▍      | 3351/9818 [00:35<01:08, 94.72it/s]
 34%|███▍      | 3361/9818 [00:35<01:07, 95.00it/s]
 34%|███▍      | 3372/9818 [00:35<01:06, 96.24it/s]
 34%|███▍      | 3382/9818 [00:36<01:07, 96.00it/s]
 35%|███▍      | 3392/9818 [00:36<01:08, 94.04it/s]
 35%|███▍      | 3402/9818 [00:36<01:09, 92.33it/s]
 35%|███▍      | 3412/9818 [00:36<01:07, 94.48it/s]
 35%|███▍      | 3422/9818 [00:36<01:07, 94.64it/s]
 35%|███▍      | 3432/9818 [00:36<01:07, 94.96it/s]
 35%|███▌      | 3442/9818 [00:36<01:08, 93.08it/s]
 35%|███▌      | 3452/9818 [00:36<01:08, 92.65it/s]
 35%|███▌      | 3462/9818 [00:36<01:08, 93.10it/s]
 35%|███▌      | 3472/9818 [00:37<01:10, 89.81it/s]
 35%|███▌      | 3482/9818 [00:37<01:12, 87.60it/s]
 36%|███▌      | 3492/9818 [00:37<01:10, 89.17it/s]
 36%|███▌      | 3502/9818 [00:37<01:08, 91.67it/s]
 36%|███▌      | 3512/9818 [00:37<01:10, 89.25it/s]
 36%|███▌      | 3522/9818 [00:37<01:08, 91.82it/s]
 36%|███▌      | 3532/9818 [00:37<01:07, 93.77it/s]
 36%|███▌      | 3542/9818 [00:37<01:08, 91.67it/s]
 36%|███▌      | 3552/9818 [00:37<01:07, 92.72it/s]
 36%|███▋      | 3562/9818 [00:38<01:07, 93.34it/s]
 36%|███▋      | 3572/9818 [00:38<01:06, 93.25it/s]
 36%|███▋      | 3582/9818 [00:38<01:06, 94.10it/s]
 37%|███▋      | 3592/9818 [00:38<01:08, 91.31it/s]
 37%|███▋      | 3602/9818 [00:38<01:07, 92.11it/s]
 37%|███▋      | 3612/9818 [00:38<01:07, 92.06it/s]
 37%|███▋      | 3622/9818 [00:38<01:07, 91.57it/s]
 37%|███▋      | 3632/9818 [00:38<01:08, 90.74it/s]
 37%|███▋      | 3642/9818 [00:38<01:08, 90.24it/s]
 37%|███▋      | 3652/9818 [00:39<01:08, 90.30it/s]
 37%|███▋      | 3662/9818 [00:39<01:07, 91.56it/s]
 37%|███▋      | 3672/9818 [00:39<01:06, 92.61it/s]
 38%|███▊      | 3682/9818 [00:39<01:06, 92.08it/s]
 38%|███▊      | 3692/9818 [00:39<01:08, 89.26it/s]
 38%|███▊      | 3702/9818 [00:39<01:07, 91.21it/s]
 38%|███▊      | 3712/9818 [00:39<01:05, 93.40it/s]
 38%|███▊      | 3722/9818 [00:39<01:06, 91.55it/s]
 38%|███▊      | 3732/9818 [00:39<01:05, 93.43it/s]
 38%|███▊      | 3742/9818 [00:39<01:04, 94.46it/s]
 38%|███▊      | 3752/9818 [00:40<01:04, 94.21it/s]
 38%|███▊      | 3762/9818 [00:40<01:04, 94.59it/s]
 38%|███▊      | 3772/9818 [00:40<01:03, 95.47it/s]
 39%|███▊      | 3782/9818 [00:40<01:03, 94.95it/s]
 39%|███▊      | 3792/9818 [00:40<01:04, 93.36it/s]
 39%|███▊      | 3802/9818 [00:40<01:03, 94.97it/s]
 39%|███▉      | 3812/9818 [00:40<01:04, 93.12it/s]
 39%|███▉      | 3822/9818 [00:40<01:04, 93.39it/s]
 39%|███▉      | 3832/9818 [00:40<01:04, 93.41it/s]
 39%|███▉      | 3842/9818 [00:41<01:03, 94.75it/s]
 39%|███▉      | 3852/9818 [00:41<01:02, 95.37it/s]
 39%|███▉      | 3862/9818 [00:41<01:02, 94.94it/s]
 39%|███▉      | 3872/9818 [00:41<01:02, 94.44it/s]
 40%|███▉      | 3882/9818 [00:41<01:03, 92.88it/s]
 40%|███▉      | 3892/9818 [00:41<01:04, 92.30it/s]
 40%|███▉      | 3902/9818 [00:41<01:04, 91.43it/s]
 40%|███▉      | 3912/9818 [00:41<01:03, 93.34it/s]
 40%|███▉      | 3922/9818 [00:41<01:03, 92.63it/s]
 40%|████      | 3932/9818 [00:42<01:02, 94.54it/s]
 40%|████      | 3942/9818 [00:42<01:01, 95.40it/s]
 40%|████      | 3952/9818 [00:42<01:01, 95.26it/s]
 40%|████      | 3962/9818 [00:42<01:02, 93.60it/s]
 40%|████      | 3972/9818 [00:42<01:03, 91.94it/s]
 41%|████      | 3982/9818 [00:42<01:02, 93.21it/s]
 41%|████      | 3992/9818 [00:42<01:01, 94.88it/s]
 41%|████      | 4002/9818 [00:42<01:02, 93.27it/s]
 41%|████      | 4012/9818 [00:42<01:02, 92.78it/s]
 41%|████      | 4022/9818 [00:42<01:03, 91.25it/s]
 41%|████      | 4032/9818 [00:43<01:02, 92.39it/s]
 41%|████      | 4042/9818 [00:43<01:01, 93.88it/s]
 41%|████▏     | 4052/9818 [00:43<01:01, 94.22it/s]
 41%|████▏     | 4062/9818 [00:43<01:01, 93.77it/s]
 41%|████▏     | 4072/9818 [00:43<01:01, 94.04it/s]
 42%|████▏     | 4082/9818 [00:43<01:01, 93.57it/s]
 42%|████▏     | 4092/9818 [00:43<01:01, 93.49it/s]
 42%|████▏     | 4102/9818 [00:43<01:00, 94.77it/s]
 42%|████▏     | 4112/9818 [00:43<01:00, 93.66it/s]
 42%|████▏     | 4122/9818 [00:44<01:00, 93.47it/s]
 42%|████▏     | 4132/9818 [00:44<01:00, 94.57it/s]
 42%|████▏     | 4142/9818 [00:44<00:59, 94.70it/s]
 42%|████▏     | 4152/9818 [00:44<01:02, 91.09it/s]
 42%|████▏     | 4162/9818 [00:44<01:01, 91.46it/s]
 42%|████▏     | 4172/9818 [00:44<01:00, 93.31it/s]
 43%|████▎     | 4182/9818 [00:44<01:00, 92.68it/s]
 43%|████▎     | 4192/9818 [00:44<01:01, 91.08it/s]
 43%|████▎     | 4202/9818 [00:44<01:02, 89.85it/s]
 43%|████▎     | 4212/9818 [00:45<01:01, 90.82it/s]
 43%|████▎     | 4222/9818 [00:45<01:00, 92.43it/s]
 43%|████▎     | 4232/9818 [00:45<00:59, 93.61it/s]
 43%|████▎     | 4242/9818 [00:45<01:00, 91.42it/s]
 43%|████▎     | 4252/9818 [00:45<01:00, 91.87it/s]
 43%|████▎     | 4262/9818 [00:45<00:59, 93.07it/s]
 44%|████▎     | 4272/9818 [00:45<00:59, 93.85it/s]
 44%|████▎     | 4282/9818 [00:45<00:58, 94.45it/s]
 44%|████▎     | 4292/9818 [00:45<00:58, 93.80it/s]
 44%|████▍     | 4302/9818 [00:45<00:57, 95.24it/s]
 44%|████▍     | 4312/9818 [00:46<00:57, 95.68it/s]
 44%|████▍     | 4322/9818 [00:46<00:58, 94.50it/s]
 44%|████▍     | 4332/9818 [00:46<00:59, 92.81it/s]
 44%|████▍     | 4342/9818 [00:46<00:58, 94.02it/s]
 44%|████▍     | 4352/9818 [00:46<00:57, 94.79it/s]
 44%|████▍     | 4362/9818 [00:46<00:57, 94.61it/s]
 45%|████▍     | 4372/9818 [00:46<00:58, 93.62it/s]
 45%|████▍     | 4382/9818 [00:46<00:59, 91.93it/s]
 45%|████▍     | 4392/9818 [00:46<00:59, 91.92it/s]
 45%|████▍     | 4402/9818 [00:47<00:58, 93.28it/s]
 45%|████▍     | 4412/9818 [00:47<00:57, 94.42it/s]
 45%|████▌     | 4422/9818 [00:47<00:58, 92.30it/s]
 45%|████▌     | 4432/9818 [00:47<00:58, 91.96it/s]
 45%|████▌     | 4442/9818 [00:47<00:57, 93.54it/s]
 45%|████▌     | 4452/9818 [00:47<00:57, 94.06it/s]
 45%|████▌     | 4462/9818 [00:47<00:57, 93.18it/s]
 46%|████▌     | 4472/9818 [00:47<00:58, 90.96it/s]
 46%|████▌     | 4482/9818 [00:47<00:59, 89.63it/s]
 46%|████▌     | 4491/9818 [00:48<00:59, 88.91it/s]
 46%|████▌     | 4501/9818 [00:48<00:58, 91.13it/s]
 46%|████▌     | 4511/9818 [00:48<00:56, 93.62it/s]
 46%|████▌     | 4521/9818 [00:48<00:57, 92.61it/s]
 46%|████▌     | 4531/9818 [00:48<00:56, 93.47it/s]
 46%|████▋     | 4541/9818 [00:48<00:55, 94.26it/s]
 46%|████▋     | 4551/9818 [00:48<00:56, 92.66it/s]
 46%|████▋     | 4561/9818 [00:48<00:56, 93.85it/s]
 47%|████▋     | 4571/9818 [00:48<00:55, 94.16it/s]
 47%|████▋     | 4581/9818 [00:48<00:55, 94.51it/s]
 47%|████▋     | 4591/9818 [00:49<00:55, 94.80it/s]
 47%|████▋     | 4601/9818 [00:49<00:55, 93.59it/s]
 47%|████▋     | 4611/9818 [00:49<00:55, 94.17it/s]
 47%|████▋     | 4622/9818 [00:49<00:53, 96.53it/s]
 47%|████▋     | 4632/9818 [00:49<00:53, 96.47it/s]
 47%|████▋     | 4642/9818 [00:49<00:54, 94.54it/s]
 47%|████▋     | 4652/9818 [00:49<00:55, 92.53it/s]
 47%|████▋     | 4662/9818 [00:49<00:55, 92.56it/s]
 48%|████▊     | 4672/9818 [00:49<00:55, 93.31it/s]
 48%|████▊     | 4682/9818 [00:50<00:55, 92.20it/s]
 48%|████▊     | 4692/9818 [00:50<00:55, 92.15it/s]
 48%|████▊     | 4702/9818 [00:50<00:55, 92.87it/s]
 48%|████▊     | 4712/9818 [00:50<00:56, 90.96it/s]
 48%|████▊     | 4722/9818 [00:50<00:56, 90.80it/s]
 48%|████▊     | 4732/9818 [00:50<00:56, 90.57it/s]
 48%|████▊     | 4742/9818 [00:50<00:55, 91.07it/s]
 48%|████▊     | 4752/9818 [00:50<00:55, 90.83it/s]
 49%|████▊     | 4762/9818 [00:50<00:55, 90.49it/s]
 49%|████▊     | 4772/9818 [00:51<00:55, 91.26it/s]
 49%|████▊     | 4782/9818 [00:51<00:55, 90.81it/s]
 49%|████▉     | 4792/9818 [00:51<00:54, 91.86it/s]
 49%|████▉     | 4802/9818 [00:51<00:55, 90.59it/s]
 49%|████▉     | 4812/9818 [00:51<00:55, 90.53it/s]
 49%|████▉     | 4822/9818 [00:51<00:54, 91.35it/s]
 49%|████▉     | 4832/9818 [00:51<00:53, 92.52it/s]
 49%|████▉     | 4842/9818 [00:51<00:52, 94.58it/s]
 49%|████▉     | 4852/9818 [00:51<00:52, 95.27it/s]
 50%|████▉     | 4862/9818 [00:52<00:52, 94.14it/s]
 50%|████▉     | 4872/9818 [00:52<00:54, 90.79it/s]
 50%|████▉     | 4882/9818 [00:52<00:53, 91.60it/s]
 50%|████▉     | 4892/9818 [00:52<00:54, 89.87it/s]
 50%|████▉     | 4902/9818 [00:52<00:53, 92.57it/s]
 50%|█████     | 4912/9818 [00:52<00:53, 91.65it/s]
 50%|█████     | 4922/9818 [00:52<00:52, 92.55it/s]
 50%|█████     | 4932/9818 [00:52<00:51, 94.51it/s]
 50%|█████     | 4942/9818 [00:52<00:51, 93.82it/s]
 50%|█████     | 4952/9818 [00:52<00:52, 93.12it/s]
 51%|█████     | 4962/9818 [00:53<00:51, 94.40it/s]
 51%|█████     | 4972/9818 [00:53<00:51, 94.97it/s]
 51%|█████     | 4982/9818 [00:53<00:53, 91.18it/s]
 51%|█████     | 4992/9818 [00:53<00:53, 90.48it/s]
 51%|█████     | 5002/9818 [00:53<00:52, 91.62it/s]
 51%|█████     | 5012/9818 [00:53<00:52, 91.75it/s]
 51%|█████     | 5022/9818 [00:53<00:50, 94.05it/s]
 51%|█████▏    | 5032/9818 [00:53<00:50, 94.77it/s]
 51%|█████▏    | 5042/9818 [00:53<00:51, 92.95it/s]
 51%|█████▏    | 5052/9818 [00:54<00:51, 92.46it/s]
 52%|█████▏    | 5062/9818 [00:54<00:50, 93.74it/s]
 52%|█████▏    | 5072/9818 [00:54<00:49, 94.94it/s]
 52%|█████▏    | 5082/9818 [00:54<00:49, 95.92it/s]
 52%|█████▏    | 5092/9818 [00:54<00:49, 95.44it/s]
 52%|█████▏    | 5102/9818 [00:54<00:50, 94.27it/s]
 52%|█████▏    | 5112/9818 [00:54<00:50, 92.96it/s]
 52%|█████▏    | 5122/9818 [00:54<00:50, 93.23it/s]
 52%|█████▏    | 5132/9818 [00:54<00:50, 93.18it/s]
 52%|█████▏    | 5142/9818 [00:55<00:49, 94.12it/s]
 52%|█████▏    | 5152/9818 [00:55<00:48, 95.24it/s]
 53%|█████▎    | 5162/9818 [00:55<00:50, 93.09it/s]
 53%|█████▎    | 5172/9818 [00:55<00:49, 93.58it/s]
 53%|█████▎    | 5182/9818 [00:55<00:49, 93.42it/s]
 53%|█████▎    | 5192/9818 [00:55<00:48, 94.65it/s]
 53%|█████▎    | 5203/9818 [00:55<00:48, 95.93it/s]
 53%|█████▎    | 5213/9818 [00:55<00:48, 95.22it/s]
 53%|█████▎    | 5223/9818 [00:55<00:49, 92.40it/s]
 53%|█████▎    | 5233/9818 [00:55<00:49, 92.68it/s]
 53%|█████▎    | 5243/9818 [00:56<00:48, 93.57it/s]
 54%|█████▎    | 5253/9818 [00:56<00:48, 93.58it/s]
 54%|█████▎    | 5264/9818 [00:56<00:47, 96.14it/s]
 54%|█████▎    | 5274/9818 [00:56<00:46, 97.23it/s]
 54%|█████▍    | 5284/9818 [00:56<00:46, 97.37it/s]
 54%|█████▍    | 5294/9818 [00:56<00:46, 97.16it/s]
 54%|█████▍    | 5304/9818 [00:56<00:48, 93.99it/s]
 54%|█████▍    | 5314/9818 [00:56<00:47, 94.71it/s]
 54%|█████▍    | 5324/9818 [00:56<00:47, 94.89it/s]
 54%|█████▍    | 5334/9818 [00:57<00:46, 95.81it/s]
 54%|█████▍    | 5344/9818 [00:57<00:47, 94.49it/s]
 55%|█████▍    | 5354/9818 [00:57<00:49, 90.44it/s]
 55%|█████▍    | 5364/9818 [00:57<00:48, 91.77it/s]
 55%|█████▍    | 5374/9818 [00:57<00:48, 92.35it/s]
 55%|█████▍    | 5384/9818 [00:57<00:48, 92.17it/s]
 55%|█████▍    | 5394/9818 [00:57<00:48, 91.94it/s]
 55%|█████▌    | 5404/9818 [00:57<00:47, 93.15it/s]
 55%|█████▌    | 5414/9818 [00:57<00:47, 93.58it/s]
 55%|█████▌    | 5424/9818 [00:58<00:46, 93.59it/s]
 55%|█████▌    | 5434/9818 [00:58<00:46, 95.02it/s]
 55%|█████▌    | 5444/9818 [00:58<00:45, 96.12it/s]
 56%|█████▌    | 5454/9818 [00:58<00:45, 95.19it/s]
 56%|█████▌    | 5464/9818 [00:58<00:46, 93.45it/s]
 56%|█████▌    | 5474/9818 [00:58<00:46, 93.31it/s]
 56%|█████▌    | 5485/9818 [00:58<00:45, 95.91it/s]
 56%|█████▌    | 5495/9818 [00:58<00:44, 96.47it/s]
 56%|█████▌    | 5505/9818 [00:58<00:45, 95.66it/s]
 56%|█████▌    | 5515/9818 [00:58<00:45, 95.44it/s]
 56%|█████▋    | 5525/9818 [00:59<00:44, 95.90it/s]
 56%|█████▋    | 5535/9818 [00:59<00:45, 93.89it/s]
 56%|█████▋    | 5545/9818 [00:59<00:46, 91.56it/s]
 57%|█████▋    | 5555/9818 [00:59<00:47, 90.68it/s]
 57%|█████▋    | 5565/9818 [00:59<00:46, 91.09it/s]
 57%|█████▋    | 5575/9818 [00:59<00:46, 92.23it/s]
 57%|█████▋    | 5585/9818 [00:59<00:45, 92.32it/s]
 57%|█████▋    | 5595/9818 [00:59<00:45, 93.56it/s]
 57%|█████▋    | 5605/9818 [00:59<00:44, 93.81it/s]
 57%|█████▋    | 5615/9818 [01:00<00:44, 94.15it/s]
 57%|█████▋    | 5625/9818 [01:00<00:44, 93.74it/s]
 57%|█████▋    | 5635/9818 [01:00<00:44, 94.57it/s]
 57%|█████▋    | 5645/9818 [01:00<00:45, 92.64it/s]
 58%|█████▊    | 5655/9818 [01:00<00:44, 93.45it/s]
 58%|█████▊    | 5665/9818 [01:00<00:44, 93.57it/s]
 58%|█████▊    | 5675/9818 [01:00<00:43, 94.36it/s]
 58%|█████▊    | 5685/9818 [01:00<00:43, 95.45it/s]
 58%|█████▊    | 5695/9818 [01:00<00:44, 93.39it/s]
 58%|█████▊    | 5705/9818 [01:01<00:44, 91.94it/s]
 58%|█████▊    | 5715/9818 [01:01<00:46, 88.65it/s]
 58%|█████▊    | 5725/9818 [01:01<00:45, 90.09it/s]
 58%|█████▊    | 5735/9818 [01:01<00:45, 90.53it/s]
 59%|█████▊    | 5745/9818 [01:01<00:44, 92.15it/s]
 59%|█████▊    | 5755/9818 [01:01<00:43, 93.90it/s]
 59%|█████▊    | 5765/9818 [01:01<00:43, 92.30it/s]
 59%|█████▉    | 5775/9818 [01:01<00:43, 92.99it/s]
 59%|█████▉    | 5785/9818 [01:01<00:43, 93.14it/s]
 59%|█████▉    | 5795/9818 [01:02<00:43, 92.71it/s]
 59%|█████▉    | 5805/9818 [01:02<00:43, 91.81it/s]
 59%|█████▉    | 5815/9818 [01:02<00:43, 92.33it/s]
 59%|█████▉    | 5825/9818 [01:02<00:43, 91.98it/s]
 59%|█████▉    | 5835/9818 [01:02<00:43, 92.03it/s]
 60%|█████▉    | 5845/9818 [01:02<00:42, 92.48it/s]
 60%|█████▉    | 5855/9818 [01:02<00:42, 94.09it/s]
 60%|█████▉    | 5865/9818 [01:02<00:42, 93.91it/s]
 60%|█████▉    | 5875/9818 [01:02<00:41, 94.51it/s]
 60%|█████▉    | 5885/9818 [01:02<00:42, 92.87it/s]
 60%|██████    | 5895/9818 [01:03<00:41, 93.76it/s]
 60%|██████    | 5905/9818 [01:03<00:42, 92.59it/s]
 60%|██████    | 5915/9818 [01:03<00:41, 93.68it/s]
 60%|██████    | 5925/9818 [01:03<00:41, 93.63it/s]
 60%|██████    | 5935/9818 [01:03<00:42, 91.66it/s]
 61%|██████    | 5945/9818 [01:03<00:41, 93.00it/s]
 61%|██████    | 5955/9818 [01:03<00:41, 92.62it/s]
 61%|██████    | 5965/9818 [01:03<00:41, 91.89it/s]
 61%|██████    | 5975/9818 [01:03<00:41, 93.45it/s]
 61%|██████    | 5985/9818 [01:04<00:40, 94.02it/s]
 61%|██████    | 5995/9818 [01:04<00:40, 94.70it/s]
 61%|██████    | 6005/9818 [01:04<00:40, 95.04it/s]
 61%|██████▏   | 6015/9818 [01:04<00:39, 95.59it/s]
 61%|██████▏   | 6025/9818 [01:04<00:39, 95.53it/s]
 61%|██████▏   | 6035/9818 [01:04<00:39, 96.20it/s]
 62%|██████▏   | 6046/9818 [01:04<00:38, 97.19it/s]
 62%|██████▏   | 6056/9818 [01:04<00:38, 96.53it/s]
 62%|██████▏   | 6066/9818 [01:04<00:38, 96.31it/s]
 62%|██████▏   | 6076/9818 [01:04<00:39, 94.38it/s]
 62%|██████▏   | 6086/9818 [01:05<00:40, 91.95it/s]
 62%|██████▏   | 6096/9818 [01:05<00:40, 91.64it/s]
 62%|██████▏   | 6106/9818 [01:05<00:40, 91.64it/s]
 62%|██████▏   | 6116/9818 [01:05<00:39, 93.02it/s]
 62%|██████▏   | 6126/9818 [01:05<00:39, 94.31it/s]
 62%|██████▏   | 6136/9818 [01:05<00:38, 94.61it/s]
 63%|██████▎   | 6146/9818 [01:05<00:38, 95.72it/s]
 63%|██████▎   | 6156/9818 [01:05<00:38, 94.49it/s]
 63%|██████▎   | 6166/9818 [01:05<00:38, 95.00it/s]
 63%|██████▎   | 6176/9818 [01:06<00:38, 95.45it/s]
 63%|██████▎   | 6186/9818 [01:06<00:37, 95.98it/s]
 63%|██████▎   | 6196/9818 [01:06<00:38, 93.33it/s]
 63%|██████▎   | 6206/9818 [01:06<00:39, 91.61it/s]
 63%|██████▎   | 6216/9818 [01:06<00:38, 93.14it/s]
 63%|██████▎   | 6226/9818 [01:06<00:38, 94.21it/s]
 64%|██████▎   | 6236/9818 [01:06<00:38, 92.76it/s]
 64%|██████▎   | 6246/9818 [01:06<00:38, 93.95it/s]
 64%|██████▎   | 6256/9818 [01:06<00:37, 95.47it/s]
 64%|██████▍   | 6266/9818 [01:07<00:37, 94.81it/s]
 64%|██████▍   | 6276/9818 [01:07<00:38, 92.90it/s]
 64%|██████▍   | 6286/9818 [01:07<00:38, 92.50it/s]
 64%|██████▍   | 6296/9818 [01:07<00:38, 90.45it/s]
 64%|██████▍   | 6306/9818 [01:07<00:38, 90.79it/s]
 64%|██████▍   | 6316/9818 [01:07<00:38, 92.08it/s]
 64%|██████▍   | 6326/9818 [01:07<00:38, 91.86it/s]
 65%|██████▍   | 6337/9818 [01:07<00:36, 95.12it/s]
 65%|██████▍   | 6347/9818 [01:07<00:37, 93.71it/s]
 65%|██████▍   | 6357/9818 [01:08<00:36, 93.60it/s]
 65%|██████▍   | 6367/9818 [01:08<00:36, 94.07it/s]
 65%|██████▍   | 6377/9818 [01:08<00:36, 93.49it/s]
 65%|██████▌   | 6387/9818 [01:08<00:36, 94.09it/s]
 65%|██████▌   | 6397/9818 [01:08<00:36, 93.96it/s]
 65%|██████▌   | 6407/9818 [01:08<00:35, 95.25it/s]
 65%|██████▌   | 6417/9818 [01:08<00:36, 94.31it/s]
 65%|██████▌   | 6428/9818 [01:08<00:35, 95.63it/s]
 66%|██████▌   | 6438/9818 [01:08<00:35, 96.32it/s]
 66%|██████▌   | 6448/9818 [01:08<00:35, 95.10it/s]
 66%|██████▌   | 6458/9818 [01:09<00:35, 95.14it/s]
 66%|██████▌   | 6468/9818 [01:09<00:34, 96.49it/s]
 66%|██████▌   | 6478/9818 [01:09<00:35, 94.21it/s]
 66%|██████▌   | 6488/9818 [01:09<00:35, 93.26it/s]
 66%|██████▌   | 6498/9818 [01:09<00:35, 93.81it/s]
 66%|██████▋   | 6509/9818 [01:09<00:34, 95.83it/s]
 66%|██████▋   | 6520/9818 [01:09<00:33, 97.50it/s]
 67%|██████▋   | 6530/9818 [01:09<00:34, 96.20it/s]
 67%|██████▋   | 6540/9818 [01:09<00:34, 95.19it/s]
 67%|██████▋   | 6550/9818 [01:10<00:34, 95.14it/s]
 67%|██████▋   | 6560/9818 [01:10<00:34, 93.76it/s]
 67%|██████▋   | 6570/9818 [01:10<00:34, 93.08it/s]
 67%|██████▋   | 6580/9818 [01:10<00:35, 91.08it/s]
 67%|██████▋   | 6590/9818 [01:10<00:34, 92.61it/s]
 67%|██████▋   | 6600/9818 [01:10<00:34, 92.27it/s]
 67%|██████▋   | 6610/9818 [01:10<00:34, 92.61it/s]
 67%|██████▋   | 6620/9818 [01:10<00:34, 92.82it/s]
 68%|██████▊   | 6630/9818 [01:10<00:34, 92.38it/s]
 68%|██████▊   | 6640/9818 [01:11<00:33, 93.49it/s]
 68%|██████▊   | 6651/9818 [01:11<00:33, 95.54it/s]
 68%|██████▊   | 6661/9818 [01:11<00:34, 92.05it/s]
 68%|██████▊   | 6671/9818 [01:11<00:33, 93.87it/s]
 68%|██████▊   | 6681/9818 [01:11<00:33, 94.21it/s]
 68%|██████▊   | 6691/9818 [01:11<00:33, 94.38it/s]
 68%|██████▊   | 6701/9818 [01:11<00:33, 94.04it/s]
 68%|██████▊   | 6711/9818 [01:11<00:33, 93.26it/s]
 68%|██████▊   | 6721/9818 [01:11<00:33, 92.81it/s]
 69%|██████▊   | 6731/9818 [01:11<00:33, 93.36it/s]
 69%|██████▊   | 6741/9818 [01:12<00:32, 94.21it/s]
 69%|██████▉   | 6751/9818 [01:12<00:32, 94.75it/s]
 69%|██████▉   | 6761/9818 [01:12<00:33, 91.36it/s]
 69%|██████▉   | 6771/9818 [01:12<00:32, 92.64it/s]
 69%|██████▉   | 6781/9818 [01:12<00:32, 92.88it/s]
 69%|██████▉   | 6791/9818 [01:12<00:33, 90.87it/s]
 69%|██████▉   | 6801/9818 [01:12<00:33, 89.67it/s]
 69%|██████▉   | 6811/9818 [01:12<00:32, 92.45it/s]
 69%|██████▉   | 6821/9818 [01:12<00:32, 93.20it/s]
 70%|██████▉   | 6831/9818 [01:13<00:31, 93.70it/s]
 70%|██████▉   | 6841/9818 [01:13<00:31, 93.98it/s]
 70%|██████▉   | 6851/9818 [01:13<00:31, 93.79it/s]
 70%|██████▉   | 6861/9818 [01:13<00:31, 94.38it/s]
 70%|██████▉   | 6871/9818 [01:13<00:30, 95.35it/s]
 70%|███████   | 6881/9818 [01:13<00:31, 91.91it/s]
 70%|███████   | 6891/9818 [01:13<00:31, 92.05it/s]
 70%|███████   | 6901/9818 [01:13<00:31, 93.11it/s]
 70%|███████   | 6911/9818 [01:13<00:31, 92.92it/s]
 70%|███████   | 6921/9818 [01:14<00:31, 92.38it/s]
 71%|███████   | 6931/9818 [01:14<00:31, 92.69it/s]
 71%|███████   | 6941/9818 [01:14<00:31, 91.44it/s]
 71%|███████   | 6951/9818 [01:14<00:31, 91.77it/s]
 71%|███████   | 6961/9818 [01:14<00:31, 91.43it/s]
 71%|███████   | 6971/9818 [01:14<00:31, 91.51it/s]
 71%|███████   | 6981/9818 [01:14<00:30, 92.52it/s]
 71%|███████   | 6991/9818 [01:14<00:30, 94.04it/s]
 71%|███████▏  | 7001/9818 [01:14<00:29, 94.80it/s]
 71%|███████▏  | 7011/9818 [01:14<00:29, 95.34it/s]
 72%|███████▏  | 7021/9818 [01:15<00:29, 94.78it/s]
 72%|███████▏  | 7031/9818 [01:15<00:29, 93.36it/s]
 72%|███████▏  | 7042/9818 [01:15<00:29, 93.08it/s]
 72%|███████▏  | 7052/9818 [01:15<00:30, 91.12it/s]
 72%|███████▏  | 7062/9818 [01:15<00:30, 91.65it/s]
 72%|███████▏  | 7072/9818 [01:15<00:30, 89.25it/s]
 72%|███████▏  | 7081/9818 [01:15<00:31, 87.28it/s]
 72%|███████▏  | 7091/9818 [01:15<00:30, 89.57it/s]
 72%|███████▏  | 7100/9818 [01:15<00:30, 89.39it/s]
 72%|███████▏  | 7110/9818 [01:16<00:29, 91.59it/s]
 73%|███████▎  | 7120/9818 [01:16<00:29, 92.08it/s]
 73%|███████▎  | 7130/9818 [01:16<00:28, 93.79it/s]
 73%|███████▎  | 7140/9818 [01:16<00:28, 94.12it/s]
 73%|███████▎  | 7150/9818 [01:16<00:28, 93.48it/s]
 73%|███████▎  | 7160/9818 [01:16<00:28, 94.61it/s]
 73%|███████▎  | 7170/9818 [01:16<00:28, 94.33it/s]
 73%|███████▎  | 7180/9818 [01:16<00:28, 93.32it/s]
 73%|███████▎  | 7191/9818 [01:16<00:27, 95.95it/s]
 73%|███████▎  | 7201/9818 [01:17<00:27, 96.79it/s]
 73%|███████▎  | 7211/9818 [01:17<00:27, 96.04it/s]
 74%|███████▎  | 7221/9818 [01:17<00:26, 96.40it/s]
 74%|███████▎  | 7231/9818 [01:17<00:27, 95.22it/s]
 74%|███████▍  | 7241/9818 [01:17<00:26, 96.10it/s]
 74%|███████▍  | 7251/9818 [01:17<00:27, 93.50it/s]
 74%|███████▍  | 7261/9818 [01:17<00:27, 93.28it/s]
 74%|███████▍  | 7271/9818 [01:17<00:27, 94.15it/s]
 74%|███████▍  | 7281/9818 [01:17<00:27, 93.54it/s]
 74%|███████▍  | 7291/9818 [01:17<00:27, 92.67it/s]
 74%|███████▍  | 7301/9818 [01:18<00:27, 91.66it/s]
 74%|███████▍  | 7311/9818 [01:18<00:26, 93.37it/s]
 75%|███████▍  | 7321/9818 [01:18<00:27, 90.97it/s]
 75%|███████▍  | 7331/9818 [01:18<00:26, 93.08it/s]
 75%|███████▍  | 7341/9818 [01:18<00:26, 94.34it/s]
 75%|███████▍  | 7351/9818 [01:18<00:26, 94.47it/s]
 75%|███████▍  | 7361/9818 [01:18<00:26, 94.11it/s]
 75%|███████▌  | 7371/9818 [01:18<00:25, 94.81it/s]
 75%|███████▌  | 7381/9818 [01:18<00:26, 92.27it/s]
 75%|███████▌  | 7391/9818 [01:19<00:26, 92.96it/s]
 75%|███████▌  | 7401/9818 [01:19<00:25, 94.46it/s]
 75%|███████▌  | 7411/9818 [01:19<00:25, 94.36it/s]
 76%|███████▌  | 7421/9818 [01:19<00:25, 93.32it/s]
 76%|███████▌  | 7431/9818 [01:19<00:25, 92.63it/s]
 76%|███████▌  | 7441/9818 [01:19<00:25, 93.74it/s]
 76%|███████▌  | 7451/9818 [01:19<00:26, 89.79it/s]
 76%|███████▌  | 7461/9818 [01:19<00:26, 89.99it/s]
 76%|███████▌  | 7471/9818 [01:19<00:26, 90.25it/s]
 76%|███████▌  | 7481/9818 [01:20<00:25, 92.60it/s]
 76%|███████▋  | 7491/9818 [01:20<00:25, 92.29it/s]
 76%|███████▋  | 7502/9818 [01:20<00:24, 94.73it/s]
 77%|███████▋  | 7512/9818 [01:20<00:24, 94.77it/s]
 77%|███████▋  | 7522/9818 [01:20<00:24, 94.04it/s]
 77%|███████▋  | 7532/9818 [01:20<00:24, 95.02it/s]
 77%|███████▋  | 7542/9818 [01:20<00:24, 93.71it/s]
 77%|███████▋  | 7552/9818 [01:20<00:24, 93.83it/s]
 77%|███████▋  | 7562/9818 [01:20<00:23, 94.40it/s]
 77%|███████▋  | 7572/9818 [01:21<00:23, 94.91it/s]
 77%|███████▋  | 7582/9818 [01:21<00:23, 93.99it/s]
 77%|███████▋  | 7592/9818 [01:21<00:23, 94.86it/s]
 77%|███████▋  | 7602/9818 [01:21<00:23, 94.03it/s]
 78%|███████▊  | 7612/9818 [01:21<00:23, 93.72it/s]
 78%|███████▊  | 7622/9818 [01:21<00:23, 93.62it/s]
 78%|███████▊  | 7632/9818 [01:21<00:23, 93.64it/s]
 78%|███████▊  | 7642/9818 [01:21<00:23, 91.60it/s]
 78%|███████▊  | 7652/9818 [01:21<00:23, 91.44it/s]
 78%|███████▊  | 7662/9818 [01:21<00:23, 91.15it/s]
 78%|███████▊  | 7672/9818 [01:22<00:23, 90.71it/s]
 78%|███████▊  | 7682/9818 [01:22<00:23, 91.75it/s]
 78%|███████▊  | 7692/9818 [01:22<00:23, 92.15it/s]
 78%|███████▊  | 7702/9818 [01:22<00:22, 93.25it/s]
 79%|███████▊  | 7712/9818 [01:22<00:22, 95.02it/s]
 79%|███████▊  | 7722/9818 [01:22<00:22, 95.11it/s]
 79%|███████▉  | 7732/9818 [01:22<00:22, 93.65it/s]
 79%|███████▉  | 7742/9818 [01:22<00:21, 94.53it/s]
 79%|███████▉  | 7752/9818 [01:22<00:22, 93.81it/s]
 79%|███████▉  | 7762/9818 [01:23<00:21, 95.50it/s]
 79%|███████▉  | 7772/9818 [01:23<00:21, 95.13it/s]
 79%|███████▉  | 7782/9818 [01:23<00:21, 93.73it/s]
 79%|███████▉  | 7792/9818 [01:23<00:21, 94.70it/s]
 79%|███████▉  | 7802/9818 [01:23<00:21, 92.60it/s]
 80%|███████▉  | 7812/9818 [01:23<00:22, 90.69it/s]
 80%|███████▉  | 7822/9818 [01:23<00:21, 91.68it/s]
 80%|███████▉  | 7832/9818 [01:23<00:21, 90.82it/s]
 80%|███████▉  | 7842/9818 [01:23<00:21, 91.17it/s]
 80%|███████▉  | 7852/9818 [01:24<00:21, 92.73it/s]
 80%|████████  | 7862/9818 [01:24<00:20, 94.26it/s]
 80%|████████  | 7872/9818 [01:24<00:20, 94.10it/s]
 80%|████████  | 7882/9818 [01:24<00:20, 94.80it/s]
 80%|████████  | 7892/9818 [01:24<00:20, 95.75it/s]
 80%|████████  | 7902/9818 [01:24<00:20, 95.00it/s]
 81%|████████  | 7912/9818 [01:24<00:20, 94.68it/s]
 81%|████████  | 7922/9818 [01:24<00:20, 94.41it/s]
 81%|████████  | 7932/9818 [01:24<00:20, 92.15it/s]
 81%|████████  | 7942/9818 [01:24<00:20, 92.07it/s]
 81%|████████  | 7952/9818 [01:25<00:20, 93.00it/s]
 81%|████████  | 7962/9818 [01:25<00:19, 94.97it/s]
 81%|████████  | 7972/9818 [01:25<00:19, 93.03it/s]
 81%|████████▏ | 7982/9818 [01:25<00:19, 92.25it/s]
 81%|████████▏ | 7992/9818 [01:25<00:20, 89.41it/s]
 82%|████████▏ | 8002/9818 [01:25<00:19, 91.61it/s]
 82%|████████▏ | 8012/9818 [01:25<00:19, 91.75it/s]
 82%|████████▏ | 8022/9818 [01:25<00:19, 93.33it/s]
 82%|████████▏ | 8032/9818 [01:25<00:19, 89.96it/s]
 82%|████████▏ | 8042/9818 [01:26<00:19, 90.13it/s]
 82%|████████▏ | 8052/9818 [01:26<00:19, 90.98it/s]
 82%|████████▏ | 8062/9818 [01:26<00:19, 91.17it/s]
 82%|████████▏ | 8072/9818 [01:26<00:18, 92.66it/s]
 82%|████████▏ | 8082/9818 [01:26<00:18, 92.91it/s]
 82%|████████▏ | 8092/9818 [01:26<00:19, 90.60it/s]
 83%|████████▎ | 8102/9818 [01:26<00:18, 91.89it/s]
 83%|████████▎ | 8112/9818 [01:26<00:18, 93.56it/s]
 83%|████████▎ | 8122/9818 [01:26<00:18, 92.61it/s]
 83%|████████▎ | 8132/9818 [01:27<00:18, 92.26it/s]
 83%|████████▎ | 8142/9818 [01:27<00:18, 92.65it/s]
 83%|████████▎ | 8152/9818 [01:27<00:17, 92.88it/s]
 83%|████████▎ | 8162/9818 [01:27<00:17, 92.34it/s]
 83%|████████▎ | 8172/9818 [01:27<00:17, 93.63it/s]
 83%|████████▎ | 8182/9818 [01:27<00:18, 90.21it/s]
 83%|████████▎ | 8192/9818 [01:27<00:17, 91.22it/s]
 84%|████████▎ | 8202/9818 [01:27<00:17, 91.54it/s]
 84%|████████▎ | 8212/9818 [01:27<00:17, 91.37it/s]
 84%|████████▎ | 8222/9818 [01:28<00:17, 92.32it/s]
 84%|████████▍ | 8232/9818 [01:28<00:16, 93.86it/s]
 84%|████████▍ | 8242/9818 [01:28<00:16, 94.28it/s]
 84%|████████▍ | 8252/9818 [01:28<00:16, 92.76it/s]
 84%|████████▍ | 8262/9818 [01:28<00:17, 89.06it/s]
 84%|████████▍ | 8272/9818 [01:28<00:17, 90.54it/s]
 84%|████████▍ | 8282/9818 [01:28<00:16, 90.85it/s]
 84%|████████▍ | 8292/9818 [01:28<00:17, 88.97it/s]
 85%|████████▍ | 8301/9818 [01:28<00:17, 87.97it/s]
 85%|████████▍ | 8311/9818 [01:29<00:16, 90.87it/s]
 85%|████████▍ | 8321/9818 [01:29<00:16, 90.76it/s]
 85%|████████▍ | 8331/9818 [01:29<00:15, 93.08it/s]
 85%|████████▍ | 8341/9818 [01:29<00:15, 94.77it/s]
 85%|████████▌ | 8351/9818 [01:29<00:15, 94.02it/s]
 85%|████████▌ | 8361/9818 [01:29<00:15, 93.97it/s]
 85%|████████▌ | 8371/9818 [01:29<00:15, 93.67it/s]
 85%|████████▌ | 8381/9818 [01:29<00:15, 93.28it/s]
 85%|████████▌ | 8391/9818 [01:29<00:15, 94.34it/s]
 86%|████████▌ | 8401/9818 [01:29<00:14, 94.79it/s]
 86%|████████▌ | 8411/9818 [01:30<00:15, 91.31it/s]
 86%|████████▌ | 8421/9818 [01:30<00:15, 90.90it/s]
 86%|████████▌ | 8431/9818 [01:30<00:15, 91.68it/s]
 86%|████████▌ | 8441/9818 [01:30<00:14, 93.23it/s]
 86%|████████▌ | 8451/9818 [01:30<00:14, 93.84it/s]
 86%|████████▌ | 8461/9818 [01:30<00:14, 95.21it/s]
 86%|████████▋ | 8471/9818 [01:30<00:14, 95.67it/s]
 86%|████████▋ | 8481/9818 [01:30<00:14, 94.89it/s]
 86%|████████▋ | 8491/9818 [01:30<00:14, 94.74it/s]
 87%|████████▋ | 8501/9818 [01:31<00:13, 95.33it/s]
 87%|████████▋ | 8511/9818 [01:31<00:13, 95.55it/s]
 87%|████████▋ | 8521/9818 [01:31<00:13, 94.56it/s]
 87%|████████▋ | 8531/9818 [01:31<00:13, 93.51it/s]
 87%|████████▋ | 8541/9818 [01:31<00:13, 93.97it/s]
 87%|████████▋ | 8551/9818 [01:31<00:13, 92.74it/s]
 87%|████████▋ | 8561/9818 [01:31<00:13, 92.88it/s]
 87%|████████▋ | 8571/9818 [01:31<00:13, 91.30it/s]
 87%|████████▋ | 8581/9818 [01:31<00:13, 91.92it/s]
 88%|████████▊ | 8591/9818 [01:31<00:13, 92.34it/s]
 88%|████████▊ | 8601/9818 [01:32<00:12, 93.66it/s]
 88%|████████▊ | 8611/9818 [01:32<00:12, 94.07it/s]
 88%|████████▊ | 8622/9818 [01:32<00:12, 95.99it/s]
 88%|████████▊ | 8632/9818 [01:32<00:12, 95.14it/s]
 88%|████████▊ | 8642/9818 [01:32<00:12, 93.41it/s]
 88%|████████▊ | 8652/9818 [01:32<00:12, 93.06it/s]
 88%|████████▊ | 8662/9818 [01:32<00:12, 89.63it/s]
 88%|████████▊ | 8672/9818 [01:32<00:12, 91.77it/s]
 88%|████████▊ | 8682/9818 [01:32<00:12, 92.19it/s]
 89%|████████▊ | 8692/9818 [01:33<00:12, 93.43it/s]
 89%|████████▊ | 8702/9818 [01:33<00:11, 93.61it/s]
 89%|████████▊ | 8713/9818 [01:33<00:11, 95.75it/s]
 89%|████████▉ | 8723/9818 [01:33<00:11, 96.39it/s]
 89%|████████▉ | 8733/9818 [01:33<00:11, 95.06it/s]
 89%|████████▉ | 8743/9818 [01:33<00:11, 96.00it/s]
 89%|████████▉ | 8753/9818 [01:33<00:11, 94.55it/s]
 89%|████████▉ | 8763/9818 [01:33<00:11, 93.40it/s]
 89%|████████▉ | 8773/9818 [01:33<00:11, 94.00it/s]
 89%|████████▉ | 8783/9818 [01:34<00:10, 94.34it/s]
 90%|████████▉ | 8793/9818 [01:34<00:10, 94.15it/s]
 90%|████████▉ | 8803/9818 [01:34<00:11, 90.81it/s]
 90%|████████▉ | 8813/9818 [01:34<00:10, 91.36it/s]
 90%|████████▉ | 8823/9818 [01:34<00:10, 91.49it/s]
 90%|████████▉ | 8833/9818 [01:34<00:11, 89.42it/s]
 90%|█████████ | 8843/9818 [01:34<00:10, 91.88it/s]
 90%|█████████ | 8853/9818 [01:34<00:10, 93.04it/s]
 90%|█████████ | 8863/9818 [01:34<00:10, 91.49it/s]
 90%|█████████ | 8873/9818 [01:35<00:10, 92.65it/s]
 90%|█████████ | 8883/9818 [01:35<00:10, 93.43it/s]
 91%|█████████ | 8893/9818 [01:35<00:10, 92.06it/s]
 91%|█████████ | 8903/9818 [01:35<00:09, 91.51it/s]
 91%|█████████ | 8913/9818 [01:35<00:10, 89.82it/s]
 91%|█████████ | 8923/9818 [01:35<00:09, 91.04it/s]
 91%|█████████ | 8933/9818 [01:35<00:09, 92.61it/s]
 91%|█████████ | 8943/9818 [01:35<00:09, 93.30it/s]
 91%|█████████ | 8953/9818 [01:35<00:09, 92.74it/s]
 91%|█████████▏| 8963/9818 [01:35<00:09, 91.60it/s]
 91%|█████████▏| 8973/9818 [01:36<00:09, 93.37it/s]
 91%|█████████▏| 8983/9818 [01:36<00:09, 88.57it/s]
 92%|█████████▏| 8993/9818 [01:36<00:09, 89.91it/s]
 92%|█████████▏| 9003/9818 [01:36<00:09, 87.92it/s]
 92%|█████████▏| 9013/9818 [01:36<00:09, 88.71it/s]
 92%|█████████▏| 9022/9818 [01:36<00:08, 88.88it/s]
 92%|█████████▏| 9032/9818 [01:36<00:08, 91.31it/s]
 92%|█████████▏| 9042/9818 [01:36<00:08, 93.64it/s]
 92%|█████████▏| 9052/9818 [01:36<00:08, 92.68it/s]
 92%|█████████▏| 9062/9818 [01:37<00:08, 93.10it/s]
 92%|█████████▏| 9072/9818 [01:37<00:08, 92.79it/s]
 93%|█████████▎| 9082/9818 [01:37<00:07, 93.56it/s]
 93%|█████████▎| 9092/9818 [01:37<00:07, 92.74it/s]
 93%|█████████▎| 9103/9818 [01:37<00:07, 94.99it/s]
 93%|█████████▎| 9113/9818 [01:37<00:07, 95.84it/s]
 93%|█████████▎| 9123/9818 [01:37<00:07, 96.85it/s]
 93%|█████████▎| 9133/9818 [01:37<00:07, 95.03it/s]
 93%|█████████▎| 9143/9818 [01:37<00:07, 92.77it/s]
 93%|█████████▎| 9153/9818 [01:38<00:07, 92.57it/s]
 93%|█████████▎| 9163/9818 [01:38<00:06, 93.77it/s]
 93%|█████████▎| 9173/9818 [01:38<00:06, 95.16it/s]
 94%|█████████▎| 9183/9818 [01:38<00:06, 95.03it/s]
 94%|█████████▎| 9193/9818 [01:38<00:06, 95.90it/s]
 94%|█████████▎| 9203/9818 [01:38<00:06, 96.20it/s]
 94%|█████████▍| 9213/9818 [01:38<00:06, 96.44it/s]
 94%|█████████▍| 9223/9818 [01:38<00:06, 96.18it/s]
 94%|█████████▍| 9233/9818 [01:38<00:06, 94.92it/s]
 94%|█████████▍| 9244/9818 [01:38<00:05, 96.22it/s]
 94%|█████████▍| 9254/9818 [01:39<00:05, 96.02it/s]
 94%|█████████▍| 9264/9818 [01:39<00:05, 93.73it/s]
 94%|█████████▍| 9274/9818 [01:39<00:05, 93.09it/s]
 95%|█████████▍| 9284/9818 [01:39<00:05, 91.19it/s]
 95%|█████████▍| 9294/9818 [01:39<00:05, 89.91it/s]
 95%|█████████▍| 9304/9818 [01:39<00:05, 91.82it/s]
 95%|█████████▍| 9314/9818 [01:39<00:05, 92.80it/s]
 95%|█████████▍| 9324/9818 [01:39<00:05, 93.99it/s]
 95%|█████████▌| 9334/9818 [01:39<00:05, 93.28it/s]
 95%|█████████▌| 9344/9818 [01:40<00:05, 94.72it/s]
 95%|█████████▌| 9354/9818 [01:40<00:04, 93.90it/s]
 95%|█████████▌| 9364/9818 [01:40<00:04, 94.50it/s]
 95%|█████████▌| 9374/9818 [01:40<00:04, 92.90it/s]
 96%|█████████▌| 9384/9818 [01:40<00:04, 92.98it/s]
 96%|█████████▌| 9394/9818 [01:40<00:04, 94.14it/s]
 96%|█████████▌| 9404/9818 [01:40<00:04, 93.21it/s]
 96%|█████████▌| 9414/9818 [01:40<00:04, 94.01it/s]
 96%|█████████▌| 9424/9818 [01:40<00:04, 91.97it/s]
 96%|█████████▌| 9434/9818 [01:41<00:04, 92.97it/s]
 96%|█████████▌| 9444/9818 [01:41<00:03, 93.64it/s]
 96%|█████████▋| 9454/9818 [01:41<00:03, 91.91it/s]
 96%|█████████▋| 9464/9818 [01:41<00:03, 92.23it/s]
 96%|█████████▋| 9474/9818 [01:41<00:03, 92.77it/s]
 97%|█████████▋| 9484/9818 [01:41<00:03, 93.03it/s]
 97%|█████████▋| 9494/9818 [01:41<00:03, 92.80it/s]
 97%|█████████▋| 9504/9818 [01:41<00:03, 92.52it/s]
 97%|█████████▋| 9515/9818 [01:41<00:03, 94.86it/s]
 97%|█████████▋| 9525/9818 [01:42<00:03, 94.35it/s]
 97%|█████████▋| 9535/9818 [01:42<00:03, 93.88it/s]
 97%|█████████▋| 9545/9818 [01:42<00:02, 92.79it/s]
 97%|█████████▋| 9555/9818 [01:42<00:02, 93.89it/s]
 97%|█████████▋| 9565/9818 [01:42<00:02, 94.43it/s]
 98%|█████████▊| 9575/9818 [01:42<00:02, 95.25it/s]
 98%|█████████▊| 9585/9818 [01:42<00:02, 91.28it/s]
 98%|█████████▊| 9595/9818 [01:42<00:02, 90.87it/s]
 98%|█████████▊| 9605/9818 [01:42<00:02, 91.18it/s]
 98%|█████████▊| 9616/9818 [01:42<00:02, 94.01it/s]
 98%|█████████▊| 9626/9818 [01:43<00:02, 93.05it/s]
 98%|█████████▊| 9637/9818 [01:43<00:01, 94.68it/s]
 98%|█████████▊| 9647/9818 [01:43<00:01, 92.65it/s]
 98%|█████████▊| 9657/9818 [01:43<00:01, 90.75it/s]
 98%|█████████▊| 9668/9818 [01:43<00:01, 93.20it/s]
 99%|█████████▊| 9678/9818 [01:43<00:01, 93.48it/s]
 99%|█████████▊| 9688/9818 [01:43<00:01, 93.78it/s]
 99%|█████████▉| 9698/9818 [01:43<00:01, 93.08it/s]
 99%|█████████▉| 9708/9818 [01:43<00:01, 92.20it/s]
 99%|█████████▉| 9718/9818 [01:44<00:01, 90.65it/s]
 99%|█████████▉| 9728/9818 [01:44<00:00, 92.66it/s]
 99%|█████████▉| 9738/9818 [01:44<00:00, 92.45it/s]
 99%|█████████▉| 9748/9818 [01:44<00:00, 91.53it/s]
 99%|█████████▉| 9758/9818 [01:44<00:00, 89.66it/s]
 99%|█████████▉| 9768/9818 [01:44<00:00, 90.61it/s]
100%|█████████▉| 9778/9818 [01:44<00:00, 91.63it/s]
100%|█████████▉| 9788/9818 [01:44<00:00, 92.10it/s]
100%|█████████▉| 9798/9818 [01:44<00:00, 92.62it/s]
100%|█████████▉| 9808/9818 [01:45<00:00, 91.40it/s]
100%|██████████| 9818/9818 [01:45<00:00, 92.47it/s]/home/jy03364/.conda/envs/ciao/lib/python3.12/site-packages/transformers/data/metrics/__init__.py:61: FutureWarning: This metric will be removed from the library soon, metrics should be handled with the 🤗 Evaluate library. You can have a look at this example script for pointers: https://github.com/huggingface/transformers/blob/main/examples/pytorch/text-classification/run_glue.py
  warnings.warn(DEPRECATION_WARNING, FutureWarning)
/home/jy03364/.conda/envs/ciao/lib/python3.12/site-packages/transformers/data/metrics/__init__.py:31: FutureWarning: This metric will be removed from the library soon, metrics should be handled with the 🤗 Evaluate library. You can have a look at this example script for pointers: https://github.com/huggingface/transformers/blob/main/examples/pytorch/text-classification/run_glue.py
  warnings.warn(DEPRECATION_WARNING, FutureWarning)
INFO:src.trainer:{'eval_loss': 1.1807868480682373, 'eval_mnli/acc': 0.3600203717850777}
INFO:__main__:***** Eval results mnli *****
INFO:__main__:  eval_loss = 1.1807868480682373
INFO:__main__:  eval_mnli/acc = 0.3600203717850777

9828it [01:45, 90.35it/s]                          
9838it [01:45, 90.04it/s]
9849it [01:45, 92.95it/s]
9859it [01:45, 94.91it/s]
9869it [01:45, 93.53it/s]
9879it [01:45, 93.39it/s]
9889it [01:45, 94.36it/s]
9899it [01:46, 94.85it/s]
9909it [01:46, 95.25it/s]
9919it [01:46, 93.78it/s]
9929it [01:46, 92.73it/s]
9939it [01:46, 92.13it/s]
9950it [01:46, 94.62it/s]
9960it [01:46, 95.39it/s]
9970it [01:46, 95.53it/s]
9980it [01:46, 95.53it/s]
9990it [01:47, 95.12it/s]
10000it [01:47, 94.51it/s]
10010it [01:47, 95.13it/s]
10020it [01:47, 95.49it/s]
10030it [01:47, 96.32it/s]
10040it [01:47, 96.99it/s]
10050it [01:47, 96.65it/s]
10060it [01:47, 94.89it/s]
10071it [01:47, 97.12it/s]
10081it [01:47, 96.92it/s]
10091it [01:48, 95.98it/s]
10101it [01:48, 95.10it/s]
10111it [01:48, 94.53it/s]
10121it [01:48, 96.05it/s]
10131it [01:48, 93.50it/s]
10141it [01:48, 92.92it/s]
10151it [01:48, 92.04it/s]
10161it [01:48, 92.98it/s]
10171it [01:48, 93.34it/s]
10181it [01:49, 94.32it/s]
10191it [01:49, 93.43it/s]
10201it [01:49, 93.37it/s]
10211it [01:49, 93.03it/s]
10222it [01:49, 95.30it/s]
10232it [01:49, 93.00it/s]
10242it [01:49, 93.38it/s]
10252it [01:49, 90.79it/s]
10262it [01:49, 91.58it/s]
10272it [01:50, 92.08it/s]
10283it [01:50, 94.17it/s]
10293it [01:50, 93.07it/s]
10304it [01:50, 94.88it/s]
10314it [01:50, 93.04it/s]
10324it [01:50, 92.41it/s]
10334it [01:50, 93.23it/s]
10344it [01:50, 93.38it/s]
10354it [01:50, 94.93it/s]
10364it [01:50, 94.45it/s]
10374it [01:51, 94.58it/s]
10384it [01:51, 93.32it/s]
10395it [01:51, 95.08it/s]
10405it [01:51, 94.84it/s]
10415it [01:51, 94.55it/s]
10425it [01:51, 94.25it/s]
10435it [01:51, 95.31it/s]
10445it [01:51, 93.67it/s]
10455it [01:51, 93.70it/s]
10465it [01:52, 94.08it/s]
10475it [01:52, 93.94it/s]
10485it [01:52, 93.39it/s]
10495it [01:52, 94.30it/s]
10505it [01:52, 93.66it/s]
10515it [01:52, 94.51it/s]
10525it [01:52, 93.17it/s]
10535it [01:52, 92.72it/s]
10545it [01:52, 94.06it/s]
10555it [01:53, 95.30it/s]
10565it [01:53, 95.44it/s]
10575it [01:53, 94.31it/s]
10585it [01:53, 93.47it/s]
10596it [01:53, 95.50it/s]
10606it [01:53, 95.98it/s]
10616it [01:53, 94.08it/s]
10626it [01:53, 94.05it/s]
10636it [01:53, 94.48it/s]
10646it [01:53, 92.98it/s]
10656it [01:54, 93.08it/s]
10666it [01:54, 93.16it/s]
10676it [01:54, 94.14it/s]
10686it [01:54, 90.66it/s]
10696it [01:54, 91.01it/s]
10706it [01:54, 92.27it/s]
10716it [01:54, 94.02it/s]
10726it [01:54, 94.45it/s]
10736it [01:54, 95.34it/s]
10746it [01:55, 94.34it/s]
10756it [01:55, 93.92it/s]
10766it [01:55, 94.68it/s]
10776it [01:55, 94.30it/s]
10786it [01:55, 95.00it/s]
10796it [01:55, 93.03it/s]
10806it [01:55, 94.57it/s]
10816it [01:55, 95.22it/s]
10826it [01:55, 93.07it/s]
10836it [01:56, 93.48it/s]
10846it [01:56, 92.90it/s]
10856it [01:56, 94.62it/s]
10866it [01:56, 93.91it/s]
10876it [01:56, 93.70it/s]
10886it [01:56, 93.75it/s]
10896it [01:56, 92.47it/s]
10906it [01:56, 92.35it/s]
10917it [01:56, 94.43it/s]
10927it [01:56, 92.75it/s]
10937it [01:57, 94.35it/s]
10947it [01:57, 92.92it/s]
10958it [01:57, 94.63it/s]
10968it [01:57, 95.08it/s]
10978it [01:57, 90.93it/s]
10988it [01:57, 92.33it/s]
10998it [01:57, 94.11it/s]
11008it [01:57, 93.30it/s]
11018it [01:57, 93.49it/s]
11028it [01:58, 91.44it/s]
11038it [01:58, 92.57it/s]
11048it [01:58, 92.73it/s]
11058it [01:58, 92.96it/s]
11068it [01:58, 94.74it/s]
11078it [01:58, 95.35it/s]
11088it [01:58, 93.82it/s]
11098it [01:58, 93.50it/s]
11108it [01:58, 94.52it/s]
11118it [01:59, 95.00it/s]
11128it [01:59, 96.32it/s]
11138it [01:59, 95.58it/s]
11148it [01:59, 93.21it/s]
11158it [01:59, 94.43it/s]
11168it [01:59, 95.16it/s]
11178it [01:59, 95.33it/s]
11188it [01:59, 95.82it/s]
11199it [01:59, 96.36it/s]
11209it [01:59, 93.22it/s]
11219it [02:00, 93.01it/s]
11229it [02:00, 94.05it/s]
11239it [02:00, 93.43it/s]
11249it [02:00, 90.83it/s]
11259it [02:00, 91.16it/s]
11269it [02:00, 92.66it/s]
11279it [02:00, 93.79it/s]
11289it [02:00, 95.16it/s]
11299it [02:00, 95.57it/s]
11309it [02:01, 96.27it/s]
11319it [02:01, 93.91it/s]
11329it [02:01, 95.23it/s]
11339it [02:01, 95.80it/s]
11349it [02:01, 95.37it/s]
11359it [02:01, 93.32it/s]
11369it [02:01, 93.98it/s]
11379it [02:01, 91.93it/s]
11390it [02:01, 95.01it/s]
11400it [02:02, 94.31it/s]
11410it [02:02, 93.62it/s]
11420it [02:02, 94.44it/s]
11430it [02:02, 94.34it/s]
11440it [02:02, 93.89it/s]
11450it [02:02, 93.06it/s]
11460it [02:02, 94.20it/s]
11471it [02:02, 94.17it/s]
11481it [02:02, 93.29it/s]
11491it [02:02, 91.84it/s]
11501it [02:03, 91.53it/s]
11511it [02:03, 88.68it/s]
11521it [02:03, 89.98it/s]
11531it [02:03, 91.74it/s]
11541it [02:03, 90.37it/s]
11551it [02:03, 91.68it/s]
11561it [02:03, 90.61it/s]
11571it [02:03, 92.13it/s]
11581it [02:03, 92.68it/s]
11591it [02:04, 94.32it/s]
11601it [02:04, 91.35it/s]
11611it [02:04, 90.96it/s]
11621it [02:04, 91.69it/s]
11631it [02:04, 91.26it/s]
11641it [02:04, 91.99it/s]
11651it [02:04, 92.13it/s]
11661it [02:04, 92.01it/s]
11671it [02:04, 92.29it/s]
11681it [02:05, 91.70it/s]
11691it [02:05, 90.23it/s]
11701it [02:05, 90.01it/s]
11711it [02:05, 92.25it/s]
11721it [02:05, 93.33it/s]
11731it [02:05, 92.34it/s]
11741it [02:05, 93.75it/s]
11751it [02:05, 92.83it/s]
11761it [02:05, 93.17it/s]
11771it [02:06, 94.31it/s]
11781it [02:06, 93.92it/s]
11791it [02:06, 94.62it/s]
11801it [02:06, 94.86it/s]
11811it [02:06, 93.88it/s]
11821it [02:06, 91.89it/s]
11831it [02:06, 89.82it/s]
11841it [02:06, 89.87it/s]
11851it [02:06, 90.16it/s]
11861it [02:07, 89.15it/s]
11871it [02:07, 92.04it/s]
11881it [02:07, 88.55it/s]
11891it [02:07, 89.40it/s]
11901it [02:07, 90.68it/s]
11911it [02:07, 91.95it/s]
11921it [02:07, 93.37it/s]
11931it [02:07, 92.18it/s]
11941it [02:07, 93.59it/s]
11951it [02:07, 95.09it/s]
11961it [02:08, 95.24it/s]
11971it [02:08, 94.86it/s]
11981it [02:08, 93.36it/s]
11991it [02:08, 94.49it/s]
12001it [02:08, 95.15it/s]
12011it [02:08, 93.29it/s]
12021it [02:08, 94.15it/s]
12031it [02:08, 92.74it/s]
12041it [02:08, 92.96it/s]
12051it [02:09, 93.25it/s]
12061it [02:09, 91.55it/s]
12071it [02:09, 92.25it/s]
12081it [02:09, 94.04it/s]
12091it [02:09, 93.51it/s]
12101it [02:09, 93.03it/s]
12111it [02:09, 94.51it/s]
12121it [02:09, 94.66it/s]
12131it [02:09, 94.26it/s]
12141it [02:10, 93.65it/s]
12151it [02:10, 94.71it/s]
12162it [02:10, 95.97it/s]
12172it [02:10, 93.07it/s]
12182it [02:10, 95.00it/s]
12192it [02:10, 96.21it/s]
12202it [02:10, 95.55it/s]
12212it [02:10, 94.68it/s]
12222it [02:10, 94.33it/s]
12232it [02:10, 94.60it/s]
12242it [02:11, 93.95it/s]
12252it [02:11, 93.79it/s]
12262it [02:11, 94.80it/s]
12272it [02:11, 94.54it/s]INFO:src.trainer:{'eval_loss': 1.179229497909546, 'eval_mnli/acc': 0.3554763117677025}
INFO:__main__:***** Test results mnli *****
INFO:__main__:  eval_loss = 1.179229497909546
INFO:__main__:  eval_mnli/acc = 0.3554763117677025
INFO:__main__:****** Output Dir *******
INFO:__main__:/scratch/jy03364/MeZO_/experiments/speed_bench_h100/zo_method_matrix_20260418/roberta-large/MNLI/fp16/lozo/run/seed16

12272it [02:11, 93.22it/s]

TASK: MNLI
K: 16
Seed: 16
Data seed: 16
Dataset mode: full
Full dev ratio: 0.1
BS: 32
LR: 1e-6
EPS: 1e-4
Step: 5; Eval step: 5000
Optimizer: sgd
Use trainer optimizer for ZO: False
Efficient zero order: False
Using adaptive h: False
Dataloader shuffle: False
Grid search tag: seed16-bs32-lr1e-6-eps1e-4-wd0-step5-evalstep5000
Tag: k16-roberta-large-mezo-zo-matrix-lozo-fp16-mnli
Result root: /scratch/jy03364/MeZO_/experiments/speed_bench_h100/zo_method_matrix_20260418/roberta-large/MNLI/fp16/lozo
Job name: run
Output dir: /scratch/jy03364/MeZO_/experiments/speed_bench_h100/zo_method_matrix_20260418/roberta-large/MNLI/fp16/lozo/run/seed16
Dataset mode: full
Data root: data/k-shot-1k-test
Full dev ratio: 0.1
GPU数量: 1
RobertaConfig {
  "architectures": [
    "RobertaForMaskedLM"
  ],
  "attention_probs_dropout_prob": 0.1,
  "bos_token_id": 0,
  "classifier_dropout": null,
  "dtype": "float32",
  "eos_token_id": 2,
  "finetuning_task": "mnli",
  "hidden_act": "gelu",
  "hidden_dropout_prob": 0.1,
  "hidden_size": 1024,
  "id2label": {
    "0": "LABEL_0",
    "1": "LABEL_1",
    "2": "LABEL_2"
  },
  "initializer_range": 0.02,
  "intermediate_size": 4096,
  "label2id": {
    "LABEL_0": 0,
    "LABEL_1": 1,
    "LABEL_2": 2
  },
  "layer_norm_eps": 1e-05,
  "max_position_embeddings": 514,
  "model_type": "roberta",
  "num_attention_heads": 16,
  "num_hidden_layers": 24,
  "pad_token_id": 1,
  "position_embedding_type": "absolute",
  "transformers_version": "4.56.0",
  "type_vocab_size": 1,
  "use_cache": true,
  "vocab_size": 50265
}


