[2026-05-21T09:18:54] starting int4_g128_rtnclip_k1_h5e-3_seed16_bs64_ckpt1k
[2026-05-21T09:18:58] step=1/20000 loss=1.69092 d_h=-10.4492 eval_acc=None active=0.5206961614059845
[2026-05-21T09:21:19] step=100/20000 loss=1.62012 d_h=-0.585938 eval_acc=None active=0.5206961614059845
[2026-05-21T09:23:42] step=200/20000 loss=1.68262 d_h=-22.0703 eval_acc=None active=0.5205960864601633
[2026-05-21T09:26:05] step=300/20000 loss=1.67334 d_h=0.292969 eval_acc=None active=0.5206797508360813
[2026-05-21T09:28:27] step=400/20000 loss=1.58594 d_h=2.92969 eval_acc=None active=0.5206854207090761
[2026-05-21T09:30:51] step=500/20000 loss=1.64795 d_h=11.0352 eval_acc=None active=0.5206975170006192
[2026-05-21T09:33:14] step=600/20000 loss=1.58789 d_h=8.39844 eval_acc=None active=0.5206766009066397
[2026-05-21T09:35:37] step=700/20000 loss=1.60693 d_h=2.44141 eval_acc=None active=0.5206598725313553
[2026-05-21T09:38:00] step=800/20000 loss=1.64062 d_h=-2.53906 eval_acc=None active=0.5206843604203266
[2026-05-21T09:40:22] step=900/20000 loss=1.57715 d_h=1.36719 eval_acc=None active=0.5206456050384471
[2026-05-21T09:42:51] step=1000/20000 loss=1.66992 d_h=-19.7266 eval_acc=0.23536299765807964 active=0.5206606740759007
[2026-05-21T09:45:14] step=1100/20000 loss=1.64746 d_h=-2.73438 eval_acc=None active=0.5206323275233635
[2026-05-21T09:47:37] step=1200/20000 loss=1.61377 d_h=-2.63672 eval_acc=None active=0.5206184734586945
[2026-05-21T09:50:00] step=1300/20000 loss=1.65967 d_h=-3.61328 eval_acc=None active=0.5206743903311566
[2026-05-21T09:52:23] step=1400/20000 loss=1.66895 d_h=17.5781 eval_acc=None active=0.5206782433698485
[2026-05-21T09:54:46] step=1500/20000 loss=1.60938 d_h=-0.195312 eval_acc=None active=0.5206600215905164
[2026-05-21T09:57:09] step=1600/20000 loss=1.55957 d_h=4.88281 eval_acc=None active=0.5206603843948896
[2026-05-21T09:59:32] step=1700/20000 loss=1.6543 d_h=-7.61719 eval_acc=None active=0.5206522339524595
[2026-05-21T10:01:55] step=1800/20000 loss=1.59912 d_h=-0.683594 eval_acc=None active=0.5206228974220978
[2026-05-21T10:04:18] step=1900/20000 loss=1.72461 d_h=-10.9375 eval_acc=None active=0.5206324990820206
[2026-05-21T10:06:46] step=2000/20000 loss=1.64844 d_h=8.00781 eval_acc=0.26229508196721313 active=0.5206396651715002
[2026-05-21T10:09:09] step=2100/20000 loss=1.65674 d_h=-0.683594 eval_acc=None active=0.520685181651931
[2026-05-21T10:11:32] step=2200/20000 loss=1.62695 d_h=1.36719 eval_acc=None active=0.5206339559243873
[2026-05-21T10:13:55] step=2300/20000 loss=1.66992 d_h=16.9922 eval_acc=None active=0.5206286572930766
[2026-05-21T10:16:19] step=2400/20000 loss=1.55859 d_h=9.17969 eval_acc=None active=0.5206381408306454
[2026-05-21T10:18:42] step=2500/20000 loss=1.5752 d_h=5.46875 eval_acc=None active=0.5206583763148706
[2026-05-21T10:21:05] step=2600/20000 loss=1.66895 d_h=-0.585938 eval_acc=None active=0.5206347574689327
[2026-05-21T10:23:28] step=2700/20000 loss=1.56787 d_h=-0.683594 eval_acc=None active=0.520639350178556
[2026-05-21T10:25:51] step=2800/20000 loss=1.6665 d_h=7.12891 eval_acc=None active=0.5206139426226852
[2026-05-21T10:28:14] step=2900/20000 loss=1.63379 d_h=-4.29688 eval_acc=None active=0.5206670104964649
[2026-05-21T10:30:39] step=3000/20000 loss=1.64844 d_h=-4.88281 eval_acc=0.2611241217798595 active=0.5206448063063387
[2026-05-21T10:33:02] step=3100/20000 loss=1.74854 d_h=-56.9336 eval_acc=None active=0.5206604800177476
[2026-05-21T10:35:25] step=3200/20000 loss=1.70166 d_h=6.93359 eval_acc=None active=0.5206666505045286
[2026-05-21T10:37:48] step=3300/20000 loss=1.64648 d_h=-3.125 eval_acc=None active=0.5206031203651038
[2026-05-21T10:40:12] step=3400/20000 loss=1.61768 d_h=-3.02734 eval_acc=None active=0.5206217696348602
[2026-05-21T10:42:35] step=3500/20000 loss=1.61914 d_h=5.07812 eval_acc=None active=0.5206461928377805
[2026-05-21T10:44:57] step=3600/20000 loss=1.625 d_h=-3.125 eval_acc=None active=0.5206308566188117
[2026-05-21T10:47:21] step=3700/20000 loss=1.65186 d_h=-0.683594 eval_acc=None active=0.5205854807602309
[2026-05-21T10:49:44] step=3800/20000 loss=1.72607 d_h=5.17578 eval_acc=None active=0.5206664845707456
[2026-05-21T10:52:07] step=3900/20000 loss=1.69385 d_h=20.8008 eval_acc=None active=0.5206406804612577
[2026-05-21T10:54:35] step=4000/20000 loss=1.646 d_h=6.54297 eval_acc=0.27049180327868855 active=0.5206208387182127
[2026-05-21T10:56:58] step=4100/20000 loss=1.65137 d_h=9.76562 eval_acc=None active=0.5206106576962676
[2026-05-21T10:59:21] step=4200/20000 loss=1.63574 d_h=12.1094 eval_acc=None active=0.5206444547517136
[2026-05-21T11:01:44] step=4300/20000 loss=1.61865 d_h=2.63672 eval_acc=None active=0.520609366787684
[2026-05-21T11:04:07] step=4400/20000 loss=1.55762 d_h=-1.75781 eval_acc=None active=0.5206021360121533
[2026-05-21T11:06:30] step=4500/20000 loss=1.66113 d_h=-6.64062 eval_acc=None active=0.5206470196942589
[2026-05-21T11:08:53] step=4600/20000 loss=1.55811 d_h=1.85547 eval_acc=None active=0.5206279682460113
[2026-05-21T11:11:16] step=4700/20000 loss=1.54883 d_h=-0.78125 eval_acc=None active=0.5206100867715563
[2026-05-21T11:13:39] step=4800/20000 loss=1.6416 d_h=8.98438 eval_acc=None active=0.5205909059512067
[2026-05-21T11:16:04] step=4900/20000 loss=1.61865 d_h=10.0586 eval_acc=None active=0.5206320406547893
[2026-05-21T11:18:31] step=5000/20000 loss=1.63672 d_h=-6.83594 eval_acc=0.25995316159250587 active=0.52061345044621
[2026-05-21T11:20:56] step=5100/20000 loss=1.58105 d_h=1.5625 eval_acc=None active=0.5205793018361389
[2026-05-21T11:23:19] step=5200/20000 loss=1.58545 d_h=-2.83203 eval_acc=None active=0.5205949277361187
[2026-05-21T11:25:43] step=5300/20000 loss=1.67285 d_h=-1.95312 eval_acc=None active=0.5205752406771088
[2026-05-21T11:28:06] step=5400/20000 loss=1.54443 d_h=8.69141 eval_acc=None active=0.5205983757838825
[2026-05-21T11:30:29] step=5500/20000 loss=1.58057 d_h=-1.85547 eval_acc=None active=0.5205679002165351
[2026-05-21T11:32:52] step=5600/20000 loss=1.62842 d_h=-4.39453 eval_acc=None active=0.5206262160977594
[2026-05-21T11:35:15] step=5700/20000 loss=1.5874 d_h=-3.41797 eval_acc=None active=0.5206077665110301
[2026-05-21T11:37:40] step=5800/20000 loss=1.57178 d_h=-15.7227 eval_acc=None active=0.520605406876386
[2026-05-21T11:40:03] step=5900/20000 loss=1.64062 d_h=-2.92969 eval_acc=None active=0.5205794987067289
[2026-05-21T11:42:29] step=6000/20000 loss=1.62305 d_h=5.27344 eval_acc=0.25995316159250587 active=0.5206104270764335
[2026-05-21T11:44:53] step=6100/20000 loss=1.69043 d_h=-0.390625 eval_acc=None active=0.5206166875611986
[2026-05-21T11:47:17] step=6200/20000 loss=1.62305 d_h=-12.1094 eval_acc=None active=0.5206038825355312
[2026-05-21T11:49:41] step=6300/20000 loss=1.66992 d_h=0.585938 eval_acc=None active=0.5206219833800723
[2026-05-21T11:52:04] step=6400/20000 loss=1.70068 d_h=3.22266 eval_acc=None active=0.5206049203247847
[2026-05-21T11:54:28] step=6500/20000 loss=1.70703 d_h=14.8438 eval_acc=None active=0.5205981142272413
[2026-05-21T11:56:51] step=6600/20000 loss=1.60254 d_h=11.1328 eval_acc=None active=0.5206104298888705
[2026-05-21T11:59:14] step=6700/20000 loss=1.68994 d_h=7.32422 eval_acc=None active=0.5205890216184157
[2026-05-21T12:01:37] step=6800/20000 loss=1.60742 d_h=24.6094 eval_acc=None active=0.5206260164147323
[2026-05-21T12:04:00] step=6900/20000 loss=1.56592 d_h=0.488281 eval_acc=None active=0.5206058540538692
[2026-05-21T12:06:26] step=7000/20000 loss=1.62744 d_h=6.15234 eval_acc=0.26346604215456676 active=0.5206405032777266
[2026-05-21T12:08:50] step=7100/20000 loss=1.62549 d_h=-3.80859 eval_acc=None active=0.5206207543451027
[2026-05-21T12:11:14] step=7200/20000 loss=1.58105 d_h=2.14844 eval_acc=None active=0.5205700686054633
[2026-05-21T12:13:37] step=7300/20000 loss=1.62354 d_h=-7.91016 eval_acc=None active=0.5206296163340941
[2026-05-21T12:16:01] step=7400/20000 loss=1.61719 d_h=-8.98438 eval_acc=None active=0.5205731510364168
[2026-05-21T12:18:24] step=7500/20000 loss=1.58301 d_h=4.10156 eval_acc=None active=0.5205618956635372
[2026-05-21T12:20:47] step=7600/20000 loss=1.58691 d_h=-1.36719 eval_acc=None active=0.5205541670866572
[2026-05-21T12:23:10] step=7700/20000 loss=1.58691 d_h=-2.92969 eval_acc=None active=0.5205943568114074
[2026-05-21T12:25:33] step=7800/20000 loss=1.52441 d_h=1.17188 eval_acc=None active=0.520599303888093
[2026-05-21T12:27:56] step=7900/20000 loss=1.69775 d_h=11.0352 eval_acc=None active=0.5205602728873874
[2026-05-21T12:30:22] step=8000/20000 loss=1.65869 d_h=6.15234 eval_acc=0.2505854800936768 active=0.5205960780228522
[2026-05-21T12:32:46] step=8100/20000 loss=1.71484 d_h=-20.1172 eval_acc=None active=0.5205830283151658
[2026-05-21T12:35:09] step=8200/20000 loss=1.62158 d_h=-7.32422 eval_acc=None active=0.5205841898516473
[2026-05-21T12:37:33] step=8300/20000 loss=1.59277 d_h=-4.29688 eval_acc=None active=0.5206032412998949
[2026-05-21T12:39:56] step=8400/20000 loss=1.65918 d_h=-8.00781 eval_acc=None active=0.5205597216497351
[2026-05-21T12:42:19] step=8500/20000 loss=1.771 d_h=2.44141 eval_acc=None active=0.5205906978308686
[2026-05-21T12:44:42] step=8600/20000 loss=1.64014 d_h=3.80859 eval_acc=None active=0.5205579948134161
[2026-05-21T12:47:05] step=8700/20000 loss=1.66113 d_h=-18.1641 eval_acc=None active=0.5205816080344801
[2026-05-21T12:49:28] step=8800/20000 loss=1.55469 d_h=-2.34375 eval_acc=None active=0.5205303373079443
[2026-05-21T12:51:51] step=8900/20000 loss=1.68994 d_h=6.73828 eval_acc=None active=0.5205958952144472
[2026-05-21T12:54:17] step=9000/20000 loss=1.56152 d_h=-7.22656 eval_acc=0.25995316159250587 active=0.5205901381559053
[2026-05-21T12:56:41] step=9100/20000 loss=1.60205 d_h=4.78516 eval_acc=None active=0.5206072377728739
[2026-05-21T12:59:04] step=9200/20000 loss=1.63086 d_h=-5.85938 eval_acc=None active=0.5205704257849624
[2026-05-21T13:01:27] step=9300/20000 loss=1.65625 d_h=8.98438 eval_acc=None active=0.5205833601827319
[2026-05-21T13:03:50] step=9400/20000 loss=1.58936 d_h=-3.02734 eval_acc=None active=0.5205526596204245
[2026-05-21T13:06:13] step=9500/20000 loss=1.64258 d_h=11.1328 eval_acc=None active=0.520555795487681
[2026-05-21T13:08:37] step=9600/20000 loss=1.71143 d_h=-3.22266 eval_acc=None active=0.5205739132068442
[2026-05-21T13:11:00] step=9700/20000 loss=1.71582 d_h=-6.25 eval_acc=None active=0.5205738513332301
[2026-05-21T13:13:23] step=9800/20000 loss=1.61963 d_h=0.683594 eval_acc=None active=0.5205293501425569
[2026-05-21T13:15:46] step=9900/20000 loss=1.66016 d_h=1.75781 eval_acc=None active=0.5205482300321472
[2026-05-21T13:18:12] step=10000/20000 loss=1.66797 d_h=-5.46875 eval_acc=0.25995316159250587 active=0.5205763234653544
[2026-05-21T13:20:36] step=10100/20000 loss=1.64502 d_h=-10.4492 eval_acc=None active=0.5206096986552501
[2026-05-21T13:22:59] step=10200/20000 loss=1.65576 d_h=-9.47266 eval_acc=None active=0.5205650455929787
[2026-05-21T13:25:22] step=10300/20000 loss=1.6958 d_h=-4.39453 eval_acc=None active=0.5205603741351194
[2026-05-21T13:27:45] step=10400/20000 loss=1.62451 d_h=5.76172 eval_acc=None active=0.5205983307848904
[2026-05-21T13:30:09] step=10500/20000 loss=1.66553 d_h=-15.918 eval_acc=None active=0.5206118445446822
[2026-05-21T13:32:32] step=10600/20000 loss=1.54834 d_h=-5.95703 eval_acc=None active=0.5205402455235003
[2026-05-21T13:34:55] step=10700/20000 loss=1.59277 d_h=0.390625 eval_acc=None active=0.5205497740600611
[2026-05-21T13:37:18] step=10800/20000 loss=1.60352 d_h=-3.51562 eval_acc=None active=0.520567543037036
[2026-05-21T13:39:42] step=10900/20000 loss=1.68945 d_h=-22.6562 eval_acc=None active=0.5205600647670492
[2026-05-21T13:42:08] step=11000/20000 loss=1.61279 d_h=2.24609 eval_acc=0.25995316159250587 active=0.5205865579236025
[2026-05-21T13:44:32] step=11100/20000 loss=1.6582 d_h=-6.05469 eval_acc=None active=0.5205484212778634
[2026-05-21T13:46:56] step=11200/20000 loss=1.63916 d_h=5.17578 eval_acc=None active=0.5205610913065547
[2026-05-21T13:49:20] step=11300/20000 loss=1.70703 d_h=6.25 eval_acc=None active=0.5205528705531997
[2026-05-21T13:51:43] step=11400/20000 loss=1.6416 d_h=2.14844 eval_acc=None active=0.5205826851978516
[2026-05-21T13:54:06] step=11500/20000 loss=1.61768 d_h=-2.24609 eval_acc=None active=0.5205504040459493
[2026-05-21T13:56:30] step=11600/20000 loss=1.56494 d_h=-4.39453 eval_acc=None active=0.5206196378076131
[2026-05-21T13:58:53] step=11700/20000 loss=1.68457 d_h=-22.2656 eval_acc=None active=0.5206095552209631
[2026-05-21T14:01:16] step=11800/20000 loss=1.63867 d_h=3.125 eval_acc=None active=0.5205799261971532
[2026-05-21T14:03:39] step=11900/20000 loss=1.60938 d_h=-13.0859 eval_acc=None active=0.5205691405012528
[2026-05-21T14:06:06] step=12000/20000 loss=1.58984 d_h=-20.5078 eval_acc=0.25995316159250587 active=0.5205724732390995
[2026-05-21T14:08:29] step=12100/20000 loss=1.51904 d_h=-4.98047 eval_acc=None active=0.5205610913065547
[2026-05-21T14:10:53] step=12200/20000 loss=1.66797 d_h=6.25 eval_acc=None active=0.5206040681563733
[2026-05-21T14:13:17] step=12300/20000 loss=1.58008 d_h=0.195312 eval_acc=None active=0.5205802468149714
[2026-05-21T14:15:40] step=12400/20000 loss=1.65918 d_h=8.98438 eval_acc=None active=0.5205398911564381
[2026-05-21T14:18:03] step=12500/20000 loss=1.70947 d_h=-2.63672 eval_acc=None active=0.5205698942343692
[2026-05-21T14:20:27] step=12600/20000 loss=1.65723 d_h=8.39844 eval_acc=None active=0.5205578148174481
[2026-05-21T14:22:50] step=12700/20000 loss=1.6377 d_h=12.6953 eval_acc=None active=0.5205641709250712
[2026-05-21T14:25:13] step=12800/20000 loss=1.58545 d_h=12.5977 eval_acc=None active=0.5205760928455203
[2026-05-21T14:27:36] step=12900/20000 loss=1.60205 d_h=0.683594 eval_acc=None active=0.5205379758868401
[2026-05-21T14:30:01] step=13000/20000 loss=1.6377 d_h=-4.29688 eval_acc=0.25995316159250587 active=0.5205647699741526
[2026-05-21T14:32:25] step=13100/20000 loss=1.64404 d_h=10.2539 eval_acc=None active=0.5205733310323849
[2026-05-21T14:34:49] step=13200/20000 loss=1.55859 d_h=-3.90625 eval_acc=None active=0.5205442307467313
[2026-05-21T14:37:12] step=13300/20000 loss=1.64844 d_h=0.78125 eval_acc=None active=0.5205640387405323
[2026-05-21T14:39:35] step=13400/20000 loss=1.61719 d_h=18.1641 eval_acc=None active=0.5205637996833871
[2026-05-21T14:41:58] step=13500/20000 loss=1.5874 d_h=-0.878906 eval_acc=None active=0.5205579132527431
[2026-05-21T14:44:21] step=13600/20000 loss=1.59033 d_h=-3.02734 eval_acc=None active=0.5205791077779858
[2026-05-21T14:46:45] step=13700/20000 loss=1.58838 d_h=5.17578 eval_acc=None active=0.5205765793971215
[2026-05-21T14:49:08] step=13800/20000 loss=1.58545 d_h=-4.78516 eval_acc=None active=0.5205434292021859
[2026-05-21T14:51:32] step=13900/20000 loss=1.55322 d_h=8.49609 eval_acc=None active=0.5205598144601561
[2026-05-21T14:53:57] step=14000/20000 loss=1.58545 d_h=-11.2305 eval_acc=0.25995316159250587 active=0.5205481034724823
[2026-05-21T14:56:21] step=14100/20000 loss=1.64014 d_h=11.8164 eval_acc=None active=0.5205608325623506
[2026-05-21T14:58:44] step=14200/20000 loss=1.66504 d_h=2.34375 eval_acc=None active=0.520533706607472
[2026-05-21T15:01:06] step=14300/20000 loss=1.59229 d_h=-3.41797 eval_acc=None active=0.5205498837451041
[2026-05-21T15:03:30] step=14400/20000 loss=1.57471 d_h=-2.63672 eval_acc=None active=0.5205503871713274
[2026-05-21T15:05:53] step=14500/20000 loss=1.52148 d_h=-12.5 eval_acc=None active=0.5205652565257538
[2026-05-21T15:08:16] step=14600/20000 loss=1.61816 d_h=-15.625 eval_acc=None active=0.5205468097514616
[2026-05-21T15:10:40] step=14700/20000 loss=1.53076 d_h=-13.5742 eval_acc=None active=0.5205423548512513
[2026-05-21T15:13:03] step=14800/20000 loss=1.64014 d_h=1.26953 eval_acc=None active=0.5205140532977062
[2026-05-21T15:15:27] step=14900/20000 loss=1.64111 d_h=-3.02734 eval_acc=None active=0.5205161795000792
[2026-05-21T15:17:54] step=15000/20000 loss=1.61035 d_h=-5.46875 eval_acc=0.25995316159250587 active=0.5205386621214685
[2026-05-21T15:20:19] step=15100/20000 loss=1.61865 d_h=3.80859 eval_acc=None active=0.5205495012536719
[2026-05-21T15:22:43] step=15200/20000 loss=1.62842 d_h=-3.61328 eval_acc=None active=0.5205299632538232
[2026-05-21T15:25:06] step=15300/20000 loss=1.64697 d_h=-3.22266 eval_acc=None active=0.5205342100336953
[2026-05-21T15:27:29] step=15400/20000 loss=1.67871 d_h=-1.95312 eval_acc=None active=0.5205293360803718
[2026-05-21T15:29:52] step=15500/20000 loss=1.61035 d_h=2.92969 eval_acc=None active=0.5205164973054603
[2026-05-21T15:32:16] step=15600/20000 loss=1.65674 d_h=-12.4023 eval_acc=None active=0.5204752247924647
[2026-05-21T15:34:40] step=15700/20000 loss=1.65625 d_h=-20.1172 eval_acc=None active=0.5205183225770743
[2026-05-21T15:37:04] step=15800/20000 loss=1.54297 d_h=-6.44531 eval_acc=None active=0.5205371377806137
[2026-05-21T15:39:27] step=15900/20000 loss=1.50635 d_h=0.0976562 eval_acc=None active=0.5205087265420255
[2026-05-21T15:41:54] step=16000/20000 loss=1.65918 d_h=1.95312 eval_acc=0.25995316159250587 active=0.5205511605915027
[2026-05-21T15:44:20] step=16100/20000 loss=1.5083 d_h=-1.66016 eval_acc=None active=0.5205332256807448
[2026-05-21T15:46:43] step=16200/20000 loss=1.56494 d_h=-7.91016 eval_acc=None active=0.5205431085843677
[2026-05-21T15:49:06] step=16300/20000 loss=1.54395 d_h=2.53906 eval_acc=None active=0.5205178978990871
[2026-05-21T15:51:30] step=16400/20000 loss=1.58936 d_h=-1.85547 eval_acc=None active=0.5205023029359143
[2026-05-21T15:53:53] step=16500/20000 loss=1.60938 d_h=-2.14844 eval_acc=None active=0.5205211772006307
[2026-05-21T15:56:16] step=16600/20000 loss=1.63525 d_h=10.2539 eval_acc=None active=0.5205195094254889
[2026-05-21T15:58:39] step=16700/20000 loss=1.67139 d_h=17.6758 eval_acc=None active=0.5205101974465772
[2026-05-21T16:01:03] step=16800/20000 loss=1.61133 d_h=2.73438 eval_acc=None active=0.5205369352851497
[2026-05-21T16:03:26] step=16900/20000 loss=1.58594 d_h=1.5625 eval_acc=None active=0.5205371996542277
[2026-05-21T16:05:52] step=17000/20000 loss=1.56885 d_h=-8.69141 eval_acc=0.25995316159250587 active=0.520497909909318
[2026-05-21T16:08:16] step=17100/20000 loss=1.64014 d_h=12.4023 eval_acc=None active=0.5205159376304971
[2026-05-21T16:10:39] step=17200/20000 loss=1.57373 d_h=0.0976562 eval_acc=None active=0.5205030847934007
[2026-05-21T16:13:03] step=17300/20000 loss=1.69922 d_h=-1.17188 eval_acc=None active=0.5205086759181594
[2026-05-21T16:15:26] step=17400/20000 loss=1.61279 d_h=1.26953 eval_acc=None active=0.5205194672389338
[2026-05-21T16:17:49] step=17500/20000 loss=1.59033 d_h=8.10547 eval_acc=None active=0.5205359312451401
[2026-05-21T16:20:12] step=17600/20000 loss=1.6001 d_h=-2.24609 eval_acc=None active=0.5204670546629756
[2026-05-21T16:22:36] step=17700/20000 loss=1.59229 d_h=-2.44141 eval_acc=None active=0.520513712992829
[2026-05-21T16:24:58] step=17800/20000 loss=1.70508 d_h=-8.00781 eval_acc=None active=0.5204967202484664
[2026-05-21T16:27:22] step=17900/20000 loss=1.64551 d_h=-10.9375 eval_acc=None active=0.5205081303053811
[2026-05-21T16:29:48] step=18000/20000 loss=1.60742 d_h=0.390625 eval_acc=0.25995316159250587 active=0.5205780503016733
[2026-05-21T16:32:11] step=18100/20000 loss=1.65234 d_h=2.92969 eval_acc=None active=0.5205601069536042
[2026-05-21T16:34:35] step=18200/20000 loss=1.67822 d_h=3.61328 eval_acc=None active=0.5204870173408116
[2026-05-21T16:36:58] step=18300/20000 loss=1.58789 d_h=6.64062 eval_acc=None active=0.5204961690108142
[2026-05-21T16:39:22] step=18400/20000 loss=1.58984 d_h=13.6719 eval_acc=None active=0.5205331047459537
[2026-05-21T16:41:45] step=18500/20000 loss=1.61572 d_h=-2.24609 eval_acc=None active=0.5205225327952654
[2026-05-21T16:44:08] step=18600/20000 loss=1.62256 d_h=1.07422 eval_acc=None active=0.5205589707290557
[2026-05-21T16:46:32] step=18700/20000 loss=1.56543 d_h=-3.90625 eval_acc=None active=0.5205193884906978
[2026-05-21T16:48:55] step=18800/20000 loss=1.65283 d_h=2.83203 eval_acc=None active=0.5205226087310644
[2026-05-21T16:51:19] step=18900/20000 loss=1.604 d_h=-6.54297 eval_acc=None active=0.520525603976471
[2026-05-21T16:53:44] step=19000/20000 loss=1.62012 d_h=1.75781 eval_acc=0.25995316159250587 active=0.5204823711948853
[2026-05-21T16:56:08] step=19100/20000 loss=1.55908 d_h=-9.27734 eval_acc=None active=0.5205080009332791
[2026-05-21T16:58:31] step=19200/20000 loss=1.63135 d_h=-4.00391 eval_acc=None active=0.520505804419981
[2026-05-21T17:00:54] step=19300/20000 loss=1.66064 d_h=4.78516 eval_acc=None active=0.5205241358843562
[2026-05-21T17:03:17] step=19400/20000 loss=1.63965 d_h=6.05469 eval_acc=None active=0.5205200297263342
[2026-05-21T17:05:41] step=19500/20000 loss=1.64551 d_h=0.976562 eval_acc=None active=0.5205122336509662
[2026-05-21T17:08:04] step=19600/20000 loss=1.53027 d_h=9.76562 eval_acc=None active=0.520503925712064
[2026-05-21T17:10:27] step=19700/20000 loss=1.67969 d_h=-9.57031 eval_acc=None active=0.5205011526491806
[2026-05-21T17:12:50] step=19800/20000 loss=1.63916 d_h=0.878906 eval_acc=None active=0.5205158954439421
[2026-05-21T17:15:13] step=19900/20000 loss=1.66895 d_h=-6.05469 eval_acc=None active=0.5205199875397791
[2026-05-21T17:17:39] step=20000/20000 loss=1.61084 d_h=8.69141 eval_acc=0.25995316159250587 active=0.5205013945187628
[2026-05-21T17:17:41] finished int4_g128_rtnclip_k1_h5e-3_seed16_bs64_ckpt1k status=complete steps=20000
