[nan-guard] command=python /scratch/jy03364/MeZO_/large_models/run.py --model_name opt-1.3b --task_name MNLI --output_dir /scratch/jy03364/MeZO_/experiments/h_sweep_8h/results/mezo_int8/opt-1.3b/mnli/h_1e-4/seed_42 --overwrite_output_dir --tag hsweep8h-mezo_int8-mnli-h1e-4-seed42 --dataset_mode full --num_k 16 --data_seed 42 --train_set_seed 42 --trainer zo --load_float16 --zo_quantization int8 --train_as_classification --learning_rate 1e-6 --zo_eps 1e-4 --num_train_epochs 1 --per_device_train_batch_size 16 --gradient_accumulation_steps 1 --lr_scheduler_type constant --evaluation_strategy steps --save_strategy no --eval_steps 1000 --logging_steps 10 --zo_probe_every 200 --zo_probe_num_seeds 16 --zo_probe_log_csv --max_steps 10000 --num_dev 0
[nan-guard] cwd=/scratch/jy03364/MeZO_/experiments/h_sweep_8h max_consecutive_nan=100
OurArguments(
_n_gpu=1,
adafactor=False,
adam_beta1=0.9,
adam_beta2=0.999,
adam_epsilon=1e-08,
auto_find_batch_size=False,
bf16=False,
bf16_full_eval=False,
data_seed=42,
dataloader_drop_last=False,
dataloader_num_workers=0,
dataloader_pin_memory=True,
dataset_mode=full,
ddp_backend=None,
ddp_broadcast_buffers=None,
ddp_bucket_cap_mb=None,
ddp_find_unused_parameters=None,
ddp_timeout=1800,
debug=[],
deepspeed=None,
disable_tqdm=False,
dispatch_batches=None,
do_eval=True,
do_predict=False,
do_train=False,
eos_token=<EOS_TOKEN>,
eval_accumulation_steps=None,
eval_delay=0,
eval_steps=1000,
evaluation_strategy=steps,
fp16=False,
fp16_backend=auto,
fp16_full_eval=False,
fp16_opt_level=O1,
fsdp=[],
fsdp_config={'min_num_params': 0, 'xla': False, 'xla_fsdp_grad_ckpt': False},
fsdp_min_num_params=0,
fsdp_transformer_layer_cls_to_wrap=None,
full_determinism=False,
full_dev_ratio=0.1,
gradient_accumulation_steps=1,
gradient_checkpointing=False,
gradient_checkpointing_kwargs=None,
greater_is_better=None,
group_by_length=False,
half_precision_backend=auto,
head_tuning=False,
hub_always_push=False,
hub_model_id=None,
hub_private_repo=False,
hub_strategy=every_save,
hub_token=<HUB_TOKEN>,
icl_sfc=False,
ignore_data_skip=False,
include_inputs_for_metrics=False,
include_tokens_per_second=False,
jit_mode_eval=False,
label_names=None,
label_smoothing_factor=0.0,
learning_rate=1e-06,
length_column_name=length,
linear_probing=False,
load_best_model_at_end=False,
load_bfloat16=False,
load_float16=True,
load_int8=False,
local_rank=0,
log_level=passive,
log_level_replica=warning,
log_on_each_node=True,
logging_dir=/scratch/jy03364/MeZO_/experiments/h_sweep_8h/results/mezo_int8/opt-1.3b/mnli/h_1e-4/seed_42/runs/Apr18_10-54-53_ra8-4,
logging_first_step=False,
logging_nan_inf_filter=True,
logging_steps=10,
logging_strategy=steps,
lora=False,
lora_alpha=16,
lora_r=8,
lp_early_stopping=False,
lr_scheduler_type=constant,
max_grad_norm=1.0,
max_length=2048,
max_new_tokens=50,
max_steps=10000,
measure_perf_tail=True,
measure_perf_tail_window_steps=10,
metric_for_best_model=None,
model_name=opt-1.3b,
mp_parameters=,
neftune_noise_alpha=None,
no_auto_device=False,
no_cuda=False,
no_eval=False,
no_reparam=True,
non_diff=False,
num_beams=1,
num_dev=0,
num_eval=None,
num_k=16,
num_prefix=5,
num_train=0,
num_train_epochs=1.0,
num_train_sets=None,
only_train_option=True,
optim=adamw_torch,
optim_args=None,
output_dir=/scratch/jy03364/MeZO_/experiments/h_sweep_8h/results/mezo_int8/opt-1.3b/mnli/h_1e-4/seed_42,
overwrite_output_dir=True,
past_index=-1,
per_device_eval_batch_size=8,
per_device_train_batch_size=16,
prediction_loss_only=False,
prefix_init_by_real_act=True,
prefix_tuning=False,
push_to_hub=False,
push_to_hub_model_id=None,
push_to_hub_organization=None,
push_to_hub_token=<PUSH_TO_HUB_TOKEN>,
ray_scope=last,
remove_unused_columns=True,
report_to=[],
result_file=None,
resume_from_checkpoint=None,
run_name=/scratch/jy03364/MeZO_/experiments/h_sweep_8h/results/mezo_int8/opt-1.3b/mnli/h_1e-4/seed_42,
sampling=False,
save_model=False,
save_on_each_node=False,
save_on_interrupt=False,
save_safetensors=True,
save_steps=500,
save_strategy=no,
save_total_limit=None,
seed=42,
sfc=False,
skip_memory_metrics=True,
sparse_log_active_fraction=True,
sparse_mask_strategy=percentile_per_layer,
sparse_ratio=1.0,
sparse_scope=trainable_only,
split_batches=False,
tag=hsweep8h-mezo_int8-mnli-h1e-4-seed42,
task_name=MNLI,
temperature=1.0,
tf32=None,
top_k=None,
top_p=0.95,
torch_compile=False,
torch_compile_backend=None,
torch_compile_mode=None,
torchdynamo=None,
tpu_metrics_debug=False,
tpu_num_cores=None,
train_as_classification=True,
train_set_seed=42,
trainer=zo,
untie_emb=False,
use_cpu=False,
use_ipex=False,
use_legacy_prediction_loop=False,
use_mps_device=False,
use_torchao_float8=False,
verbose=False,
warmup_ratio=0.0,
warmup_steps=0,
weight_decay=0.0,
zo_eps=0.0001,
zo_probe_every=200,
zo_probe_log_csv=True,
zo_probe_num_seeds=16,
zo_quantization=int8,
zo_quantization_bits=8,
)
{'loss': 1.3928, 'learning_rate': 1e-06, 'epoch': 0.02}
{'eval_loss': 1.2548828125, 'eval_runtime': 35.9979, 'eval_samples_per_second': 272.655, 'eval_steps_per_second': 34.085, 'epoch': 0.02}
{'loss': 1.6026, 'learning_rate': 1e-06, 'epoch': 0.04}
{'eval_loss': 1.54296875, 'eval_runtime': 35.8079, 'eval_samples_per_second': 274.102, 'eval_steps_per_second': 34.266, 'epoch': 0.04}
{'loss': 2.0176, 'learning_rate': 1e-06, 'epoch': 0.06}
{'eval_loss': 1.7998046875, 'eval_runtime': 35.7433, 'eval_samples_per_second': 274.597, 'eval_steps_per_second': 34.328, 'epoch': 0.06}
{'loss': 1.9766, 'learning_rate': 1e-06, 'epoch': 0.08}
{'eval_loss': 2.150390625, 'eval_runtime': 35.7954, 'eval_samples_per_second': 274.197, 'eval_steps_per_second': 34.278, 'epoch': 0.08}
{'loss': 2.3131, 'learning_rate': 1e-06, 'epoch': 0.1}
{'eval_loss': 3.10546875, 'eval_runtime': 35.7468, 'eval_samples_per_second': 274.57, 'eval_steps_per_second': 34.325, 'epoch': 0.1}
{'loss': 3.197, 'learning_rate': 1e-06, 'epoch': 0.12}
{'eval_loss': 4.7109375, 'eval_runtime': 35.785, 'eval_samples_per_second': 274.277, 'eval_steps_per_second': 34.288, 'epoch': 0.12}
{'loss': 4.6913, 'learning_rate': 1e-06, 'epoch': 0.14}
{'eval_loss': 4.1484375, 'eval_runtime': 36.0468, 'eval_samples_per_second': 272.285, 'eval_steps_per_second': 34.039, 'epoch': 0.14}
{'loss': 4.8189, 'learning_rate': 1e-06, 'epoch': 0.16}
{'eval_loss': 6.26953125, 'eval_runtime': 36.1376, 'eval_samples_per_second': 271.601, 'eval_steps_per_second': 33.954, 'epoch': 0.16}
{'loss': 7.5394, 'learning_rate': 1e-06, 'epoch': 0.18}
{'eval_loss': 8.8828125, 'eval_runtime': 36.0617, 'eval_samples_per_second': 272.172, 'eval_steps_per_second': 34.025, 'epoch': 0.18}
{'loss': 11.4193, 'learning_rate': 1e-06, 'epoch': 0.2}
{'eval_loss': 10.03125, 'eval_runtime': 36.0738, 'eval_samples_per_second': 272.081, 'eval_steps_per_second': 34.014, 'epoch': 0.2}
{'loss': 11.8514, 'learning_rate': 1e-06, 'epoch': 0.22}
{'eval_loss': 11.140625, 'eval_runtime': 35.9876, 'eval_samples_per_second': 272.733, 'eval_steps_per_second': 34.095, 'epoch': 0.22}
{'loss': 22.8776, 'learning_rate': 1e-06, 'epoch': 0.24}
{'eval_loss': 40.125, 'eval_runtime': 35.8625, 'eval_samples_per_second': 273.685, 'eval_steps_per_second': 34.214, 'epoch': 0.24}
{'loss': 22.4172, 'learning_rate': 1e-06, 'epoch': 0.26}
{'eval_loss': 1.0986328125, 'eval_runtime': 35.5624, 'eval_samples_per_second': 275.994, 'eval_steps_per_second': 34.503, 'epoch': 0.26}
{'loss': 1.0986, 'learning_rate': 1e-06, 'epoch': 0.29}
{'eval_loss': 1.0986328125, 'eval_runtime': 35.5754, 'eval_samples_per_second': 275.893, 'eval_steps_per_second': 34.49, 'epoch': 0.29}
{'loss': 1.0986, 'learning_rate': 1e-06, 'epoch': 0.31}
{'eval_loss': 1.0986328125, 'eval_runtime': 35.6588, 'eval_samples_per_second': 275.248, 'eval_steps_per_second': 34.409, 'epoch': 0.31}
{'loss': 1.0986, 'learning_rate': 1e-06, 'epoch': 0.33}
{'eval_loss': 1.0986328125, 'eval_runtime': 35.5855, 'eval_samples_per_second': 275.815, 'eval_steps_per_second': 34.48, 'epoch': 0.33}
{'loss': 1.0986, 'learning_rate': 1e-06, 'epoch': 0.35}
{'eval_loss': 1.0986328125, 'eval_runtime': 35.6487, 'eval_samples_per_second': 275.326, 'eval_steps_per_second': 34.419, 'epoch': 0.35}
{'loss': 1.0986, 'learning_rate': 1e-06, 'epoch': 0.37}
{'eval_loss': 1.0986328125, 'eval_runtime': 35.6606, 'eval_samples_per_second': 275.234, 'eval_steps_per_second': 34.408, 'epoch': 0.37}
{'loss': 1.0986, 'learning_rate': 1e-06, 'epoch': 0.39}
{'eval_loss': 1.0986328125, 'eval_runtime': 35.7131, 'eval_samples_per_second': 274.829, 'eval_steps_per_second': 34.357, 'epoch': 0.39}
{'loss': 1.0986, 'learning_rate': 1e-06, 'epoch': 0.41}
{'eval_loss': 1.0986328125, 'eval_runtime': 35.7087, 'eval_samples_per_second': 274.863, 'eval_steps_per_second': 34.361, 'epoch': 0.41}
{'train_runtime': 16452.4274, 'train_samples_per_second': 9.725, 'train_steps_per_second': 0.608, 'train_loss': 5.290264404296875, 'tail_perf_window_steps': 10, 'tail_perf_measured_steps': 10, 'tail_perf_wallclock_per_step': 27.577915835380555, 'tail_perf_samples_per_second': 0.5801743719687877, 'tail_perf_max_gpu_memory_gb': 6.752043724060059, 'epoch': 0.41}
[nan-guard] child exited with code 0.
