[nan-guard] command=python /scratch/jy03364/MeZO_/large_models/run.py --model_name opt-1.3b --task_name MNLI --output_dir /scratch/jy03364/MeZO_/experiments/h_sweep_14h/results/quzo16/opt-1.3b/mnli/h_3e-5/seed_42 --overwrite_output_dir --tag hsweep14h-quzo16-mnli-h3e-5-seed42 --dataset_mode full --num_k 16 --data_seed 42 --train_set_seed 42 --num_dev 0 --trainer zo --load_float16 --zo_quantization_bits 16 --train_as_classification --learning_rate 1e-6 --zo_eps 3e-5 --num_train_epochs 1 --per_device_train_batch_size 16 --gradient_accumulation_steps 1 --lr_scheduler_type constant --evaluation_strategy steps --save_strategy no --eval_steps 5000 --logging_steps 10 --zo_probe_every 200 --zo_probe_num_seeds 16 --zo_probe_log_csv
[nan-guard] cwd=/scratch/jy03364/MeZO_/experiments/h_sweep_14h max_consecutive_nan=100
OurArguments(
_n_gpu=1,
adafactor=False,
adam_beta1=0.9,
adam_beta2=0.999,
adam_epsilon=1e-08,
auto_find_batch_size=False,
bf16=False,
bf16_full_eval=False,
data_seed=42,
dataloader_drop_last=False,
dataloader_num_workers=0,
dataloader_pin_memory=True,
dataset_mode=full,
ddp_backend=None,
ddp_broadcast_buffers=None,
ddp_bucket_cap_mb=None,
ddp_find_unused_parameters=None,
ddp_timeout=1800,
debug=[],
deepspeed=None,
disable_tqdm=False,
dispatch_batches=None,
do_eval=True,
do_predict=False,
do_train=False,
eos_token=<EOS_TOKEN>,
eval_accumulation_steps=None,
eval_delay=0,
eval_steps=5000,
evaluation_strategy=steps,
fp16=False,
fp16_backend=auto,
fp16_full_eval=False,
fp16_opt_level=O1,
fsdp=[],
fsdp_config={'min_num_params': 0, 'xla': False, 'xla_fsdp_grad_ckpt': False},
fsdp_min_num_params=0,
fsdp_transformer_layer_cls_to_wrap=None,
full_determinism=False,
full_dev_ratio=0.1,
gradient_accumulation_steps=1,
gradient_checkpointing=False,
gradient_checkpointing_kwargs=None,
greater_is_better=None,
group_by_length=False,
half_precision_backend=auto,
head_tuning=False,
hub_always_push=False,
hub_model_id=None,
hub_private_repo=False,
hub_strategy=every_save,
hub_token=<HUB_TOKEN>,
icl_sfc=False,
ignore_data_skip=False,
include_inputs_for_metrics=False,
include_tokens_per_second=False,
jit_mode_eval=False,
label_names=None,
label_smoothing_factor=0.0,
learning_rate=1e-06,
length_column_name=length,
linear_probing=False,
load_best_model_at_end=False,
load_bfloat16=False,
load_float16=True,
load_int8=False,
local_rank=0,
log_level=passive,
log_level_replica=warning,
log_on_each_node=True,
logging_dir=/scratch/jy03364/MeZO_/experiments/h_sweep_14h/results/quzo16/opt-1.3b/mnli/h_3e-5/seed_42/runs/Apr17_18-48-29_ra5-4,
logging_first_step=False,
logging_nan_inf_filter=True,
logging_steps=10,
logging_strategy=steps,
lora=False,
lora_alpha=16,
lora_r=8,
lp_early_stopping=False,
lr_scheduler_type=constant,
max_grad_norm=1.0,
max_length=2048,
max_new_tokens=50,
max_steps=-1,
measure_perf_tail=True,
measure_perf_tail_window_steps=10,
metric_for_best_model=None,
model_name=opt-1.3b,
mp_parameters=,
neftune_noise_alpha=None,
no_auto_device=False,
no_cuda=False,
no_eval=False,
no_reparam=True,
non_diff=False,
num_beams=1,
num_dev=0,
num_eval=None,
num_k=16,
num_prefix=5,
num_train=0,
num_train_epochs=1.0,
num_train_sets=None,
only_train_option=True,
optim=adamw_torch,
optim_args=None,
output_dir=/scratch/jy03364/MeZO_/experiments/h_sweep_14h/results/quzo16/opt-1.3b/mnli/h_3e-5/seed_42,
overwrite_output_dir=True,
past_index=-1,
per_device_eval_batch_size=8,
per_device_train_batch_size=16,
prediction_loss_only=False,
prefix_init_by_real_act=True,
prefix_tuning=False,
push_to_hub=False,
push_to_hub_model_id=None,
push_to_hub_organization=None,
push_to_hub_token=<PUSH_TO_HUB_TOKEN>,
ray_scope=last,
remove_unused_columns=True,
report_to=[],
result_file=None,
resume_from_checkpoint=None,
run_name=/scratch/jy03364/MeZO_/experiments/h_sweep_14h/results/quzo16/opt-1.3b/mnli/h_3e-5/seed_42,
sampling=False,
save_model=False,
save_on_each_node=False,
save_on_interrupt=False,
save_safetensors=True,
save_steps=500,
save_strategy=no,
save_total_limit=None,
seed=42,
sfc=False,
skip_memory_metrics=True,
sparse_log_active_fraction=True,
sparse_mask_strategy=percentile_per_layer,
sparse_ratio=1.0,
sparse_scope=trainable_only,
split_batches=False,
tag=hsweep14h-quzo16-mnli-h3e-5-seed42,
task_name=MNLI,
temperature=1.0,
tf32=None,
top_k=None,
top_p=0.95,
torch_compile=False,
torch_compile_backend=None,
torch_compile_mode=None,
torchdynamo=None,
tpu_metrics_debug=False,
tpu_num_cores=None,
train_as_classification=True,
train_set_seed=42,
trainer=zo,
untie_emb=False,
use_cpu=False,
use_ipex=False,
use_legacy_prediction_loop=False,
use_mps_device=False,
use_torchao_float8=False,
verbose=False,
warmup_ratio=0.0,
warmup_steps=0,
weight_decay=0.0,
zo_eps=3e-05,
zo_probe_every=200,
zo_probe_log_csv=True,
zo_probe_num_seeds=16,
zo_quantization=None,
zo_quantization_bits=16,
)
{'loss': 1.1254, 'learning_rate': 1e-06, 'epoch': 0.02}
{'eval_loss': 1.1142578125, 'eval_runtime': 36.7899, 'eval_samples_per_second': 266.785, 'eval_steps_per_second': 33.352, 'epoch': 0.02}
{'loss': 1.1101, 'learning_rate': 1e-06, 'epoch': 0.04}
{'eval_loss': 1.09765625, 'eval_runtime': 36.6426, 'eval_samples_per_second': 267.857, 'eval_steps_per_second': 33.486, 'epoch': 0.04}
{'loss': 1.0995, 'learning_rate': 1e-06, 'epoch': 0.06}
{'eval_loss': 1.09765625, 'eval_runtime': 36.6437, 'eval_samples_per_second': 267.85, 'eval_steps_per_second': 33.485, 'epoch': 0.06}
{'loss': 1.1144, 'learning_rate': 1e-06, 'epoch': 0.08}
{'eval_loss': 1.1162109375, 'eval_runtime': 36.7078, 'eval_samples_per_second': 267.382, 'eval_steps_per_second': 33.426, 'epoch': 0.08}
{'loss': 1.1176, 'learning_rate': 1e-06, 'epoch': 0.1}
{'eval_loss': 1.109375, 'eval_runtime': 36.6419, 'eval_samples_per_second': 267.863, 'eval_steps_per_second': 33.486, 'epoch': 0.1}
{'loss': 1.1124, 'learning_rate': 1e-06, 'epoch': 0.12}
{'eval_loss': 1.1025390625, 'eval_runtime': 36.1919, 'eval_samples_per_second': 271.193, 'eval_steps_per_second': 33.903, 'epoch': 0.12}
{'loss': 1.1132, 'learning_rate': 1e-06, 'epoch': 0.14}
{'eval_loss': 1.119140625, 'eval_runtime': 36.3276, 'eval_samples_per_second': 270.181, 'eval_steps_per_second': 33.776, 'epoch': 0.14}
{'loss': 1.1132, 'learning_rate': 1e-06, 'epoch': 0.16}
{'eval_loss': 1.1142578125, 'eval_runtime': 36.2994, 'eval_samples_per_second': 270.39, 'eval_steps_per_second': 33.802, 'epoch': 0.16}
{'loss': 1.1166, 'learning_rate': 1e-06, 'epoch': 0.18}
{'eval_loss': 1.126953125, 'eval_runtime': 36.1198, 'eval_samples_per_second': 271.734, 'eval_steps_per_second': 33.97, 'epoch': 0.18}
{'loss': 1.111, 'learning_rate': 1e-06, 'epoch': 0.2}
{'eval_loss': 1.1201171875, 'eval_runtime': 36.0527, 'eval_samples_per_second': 272.24, 'eval_steps_per_second': 34.033, 'epoch': 0.2}
{'loss': 1.1148, 'learning_rate': 1e-06, 'epoch': 0.22}
{'eval_loss': 1.115234375, 'eval_runtime': 36.0854, 'eval_samples_per_second': 271.993, 'eval_steps_per_second': 34.003, 'epoch': 0.22}
{'loss': 1.1136, 'learning_rate': 1e-06, 'epoch': 0.24}
{'eval_loss': 1.1162109375, 'eval_runtime': 36.1398, 'eval_samples_per_second': 271.584, 'eval_steps_per_second': 33.951, 'epoch': 0.24}
{'loss': 1.1109, 'learning_rate': 1e-06, 'epoch': 0.26}
{'eval_loss': 1.10546875, 'eval_runtime': 36.1857, 'eval_samples_per_second': 271.24, 'eval_steps_per_second': 33.908, 'epoch': 0.26}
{'loss': 1.1115, 'learning_rate': 1e-06, 'epoch': 0.29}
{'eval_loss': 1.1123046875, 'eval_runtime': 36.138, 'eval_samples_per_second': 271.598, 'eval_steps_per_second': 33.953, 'epoch': 0.29}
{'loss': 1.1072, 'learning_rate': 1e-06, 'epoch': 0.31}
{'eval_loss': 1.10546875, 'eval_runtime': 36.1027, 'eval_samples_per_second': 271.863, 'eval_steps_per_second': 33.986, 'epoch': 0.31}
{'loss': 1.108, 'learning_rate': 1e-06, 'epoch': 0.33}
{'eval_loss': 1.11328125, 'eval_runtime': 36.359, 'eval_samples_per_second': 269.947, 'eval_steps_per_second': 33.747, 'epoch': 0.33}
{'loss': 1.1091, 'learning_rate': 1e-06, 'epoch': 0.35}
{'eval_loss': 1.1064453125, 'eval_runtime': 36.0724, 'eval_samples_per_second': 272.092, 'eval_steps_per_second': 34.015, 'epoch': 0.35}
{'loss': 1.1076, 'learning_rate': 1e-06, 'epoch': 0.37}
{'eval_loss': 1.10546875, 'eval_runtime': 36.1818, 'eval_samples_per_second': 271.269, 'eval_steps_per_second': 33.912, 'epoch': 0.37}
{'loss': 1.1037, 'learning_rate': 1e-06, 'epoch': 0.39}
{'eval_loss': 1.103515625, 'eval_runtime': 36.1181, 'eval_samples_per_second': 271.747, 'eval_steps_per_second': 33.972, 'epoch': 0.39}
{'loss': 1.1019, 'learning_rate': 1e-06, 'epoch': 0.41}
{'eval_loss': 1.103515625, 'eval_runtime': 36.1887, 'eval_samples_per_second': 271.217, 'eval_steps_per_second': 33.906, 'epoch': 0.41}
{'loss': 1.1073, 'learning_rate': 1e-06, 'epoch': 0.43}
{'eval_loss': 1.1064453125, 'eval_runtime': 36.1647, 'eval_samples_per_second': 271.397, 'eval_steps_per_second': 33.928, 'epoch': 0.43}
{'loss': 1.1086, 'learning_rate': 1e-06, 'epoch': 0.45}
{'eval_loss': 1.10546875, 'eval_runtime': 36.1063, 'eval_samples_per_second': 271.836, 'eval_steps_per_second': 33.983, 'epoch': 0.45}
{'loss': 1.1038, 'learning_rate': 1e-06, 'epoch': 0.47}
{'eval_loss': 1.1025390625, 'eval_runtime': 36.1345, 'eval_samples_per_second': 271.624, 'eval_steps_per_second': 33.957, 'epoch': 0.47}
{'loss': 1.1044, 'learning_rate': 1e-06, 'epoch': 0.49}
{'eval_loss': 1.1025390625, 'eval_runtime': 36.2016, 'eval_samples_per_second': 271.121, 'eval_steps_per_second': 33.894, 'epoch': 0.49}
{'loss': 1.1082, 'learning_rate': 1e-06, 'epoch': 0.51}
{'eval_loss': 1.1015625, 'eval_runtime': 36.2202, 'eval_samples_per_second': 270.981, 'eval_steps_per_second': 33.876, 'epoch': 0.51}
{'loss': 1.1062, 'learning_rate': 1e-06, 'epoch': 0.53}
{'eval_loss': 1.1044921875, 'eval_runtime': 36.2334, 'eval_samples_per_second': 270.883, 'eval_steps_per_second': 33.864, 'epoch': 0.53}
{'loss': 1.105, 'learning_rate': 1e-06, 'epoch': 0.55}
{'eval_loss': 1.1025390625, 'eval_runtime': 36.0891, 'eval_samples_per_second': 271.966, 'eval_steps_per_second': 33.999, 'epoch': 0.55}
{'loss': 1.1031, 'learning_rate': 1e-06, 'epoch': 0.57}
{'eval_loss': 1.10546875, 'eval_runtime': 36.1012, 'eval_samples_per_second': 271.874, 'eval_steps_per_second': 33.988, 'epoch': 0.57}
{'loss': 1.107, 'learning_rate': 1e-06, 'epoch': 0.59}
{'eval_loss': 1.10546875, 'eval_runtime': 36.1314, 'eval_samples_per_second': 271.648, 'eval_steps_per_second': 33.959, 'epoch': 0.59}
{'loss': 1.1068, 'learning_rate': 1e-06, 'epoch': 0.61}
{'eval_loss': 1.1064453125, 'eval_runtime': 36.0595, 'eval_samples_per_second': 272.189, 'eval_steps_per_second': 34.027, 'epoch': 0.61}
{'loss': 1.1061, 'learning_rate': 1e-06, 'epoch': 0.63}
{'eval_loss': 1.1025390625, 'eval_runtime': 36.0037, 'eval_samples_per_second': 272.611, 'eval_steps_per_second': 34.08, 'epoch': 0.63}
{'loss': 1.1079, 'learning_rate': 1e-06, 'epoch': 0.65}
{'eval_loss': 1.111328125, 'eval_runtime': 36.1066, 'eval_samples_per_second': 271.834, 'eval_steps_per_second': 33.983, 'epoch': 0.65}
{'loss': 1.1073, 'learning_rate': 1e-06, 'epoch': 0.67}
{'eval_loss': 1.1142578125, 'eval_runtime': 36.0265, 'eval_samples_per_second': 272.438, 'eval_steps_per_second': 34.058, 'epoch': 0.67}
{'loss': 1.1119, 'learning_rate': 1e-06, 'epoch': 0.69}
{'eval_loss': 1.111328125, 'eval_runtime': 35.9602, 'eval_samples_per_second': 272.94, 'eval_steps_per_second': 34.121, 'epoch': 0.69}
{'loss': 1.1085, 'learning_rate': 1e-06, 'epoch': 0.71}
{'eval_loss': 1.1162109375, 'eval_runtime': 36.0684, 'eval_samples_per_second': 272.122, 'eval_steps_per_second': 34.019, 'epoch': 0.71}
{'loss': 1.1067, 'learning_rate': 1e-06, 'epoch': 0.73}
{'eval_loss': 1.107421875, 'eval_runtime': 36.1594, 'eval_samples_per_second': 271.437, 'eval_steps_per_second': 33.933, 'epoch': 0.73}
{'loss': 1.1099, 'learning_rate': 1e-06, 'epoch': 0.75}
{'eval_loss': 1.103515625, 'eval_runtime': 36.3067, 'eval_samples_per_second': 270.336, 'eval_steps_per_second': 33.795, 'epoch': 0.75}
{'loss': 1.1086, 'learning_rate': 1e-06, 'epoch': 0.77}
{'eval_loss': 1.107421875, 'eval_runtime': 36.3012, 'eval_samples_per_second': 270.377, 'eval_steps_per_second': 33.801, 'epoch': 0.77}
{'loss': 1.1057, 'learning_rate': 1e-06, 'epoch': 0.79}
{'eval_loss': 1.111328125, 'eval_runtime': 36.1661, 'eval_samples_per_second': 271.387, 'eval_steps_per_second': 33.927, 'epoch': 0.79}
{'loss': 1.115, 'learning_rate': 1e-06, 'epoch': 0.81}
{'eval_loss': 1.111328125, 'eval_runtime': 36.1415, 'eval_samples_per_second': 271.571, 'eval_steps_per_second': 33.95, 'epoch': 0.81}
{'loss': 1.1138, 'learning_rate': 1e-06, 'epoch': 0.84}
{'eval_loss': 1.107421875, 'eval_runtime': 36.193, 'eval_samples_per_second': 271.185, 'eval_steps_per_second': 33.902, 'epoch': 0.84}
{'loss': 1.109, 'learning_rate': 1e-06, 'epoch': 0.86}
{'eval_loss': 1.107421875, 'eval_runtime': 36.2368, 'eval_samples_per_second': 270.858, 'eval_steps_per_second': 33.861, 'epoch': 0.86}
{'loss': 1.1095, 'learning_rate': 1e-06, 'epoch': 0.88}
{'eval_loss': 1.107421875, 'eval_runtime': 36.1872, 'eval_samples_per_second': 271.229, 'eval_steps_per_second': 33.907, 'epoch': 0.88}
{'loss': 1.1076, 'learning_rate': 1e-06, 'epoch': 0.9}
{'eval_loss': 1.107421875, 'eval_runtime': 36.2065, 'eval_samples_per_second': 271.084, 'eval_steps_per_second': 33.889, 'epoch': 0.9}
{'loss': 1.1053, 'learning_rate': 1e-06, 'epoch': 0.92}
{'eval_loss': 1.109375, 'eval_runtime': 36.2638, 'eval_samples_per_second': 270.656, 'eval_steps_per_second': 33.835, 'epoch': 0.92}
{'loss': 1.1061, 'learning_rate': 1e-06, 'epoch': 0.94}
{'eval_loss': 1.1064453125, 'eval_runtime': 36.2456, 'eval_samples_per_second': 270.792, 'eval_steps_per_second': 33.852, 'epoch': 0.94}
{'loss': 1.106, 'learning_rate': 1e-06, 'epoch': 0.96}
{'eval_loss': 1.1103515625, 'eval_runtime': 36.1967, 'eval_samples_per_second': 271.157, 'eval_steps_per_second': 33.898, 'epoch': 0.96}
{'loss': 1.1084, 'learning_rate': 1e-06, 'epoch': 0.98}
{'eval_loss': 1.1142578125, 'eval_runtime': 36.3378, 'eval_samples_per_second': 270.104, 'eval_steps_per_second': 33.766, 'epoch': 0.98}
{'loss': 1.1007, 'learning_rate': 1e-06, 'epoch': 1.0}
{'eval_loss': 1.1044921875, 'eval_runtime': 36.2088, 'eval_samples_per_second': 271.067, 'eval_steps_per_second': 33.887, 'epoch': 1.0}
{'train_runtime': 17425.0595, 'train_samples_per_second': 22.537, 'train_steps_per_second': 1.409, 'train_loss': 1.108893960209216, 'tail_perf_window_steps': 10, 'tail_perf_measured_steps': 10, 'tail_perf_wallclock_per_step': 0.14613218307495118, 'tail_perf_samples_per_second': 109.48991292214941, 'tail_perf_max_gpu_memory_gb': 6.602973937988281, 'epoch': 1.0}
[nan-guard] child exited with code 0.
